Command line invocation:
    /Users/hectorgarcia/Downloads/Xcode.app/Contents/Developer/usr/bin/xcodebuild -project Lyo.xcodeproj -scheme Lyo -destination "platform=iOS Simulator,name=iPhone 17" build

Resolve Package Graph


Resolved source packages:
  AppCheck: https://github.com/google/app-check.git @ 10.19.2
  GTMAppAuth: https://github.com/google/GTMAppAuth.git @ 4.1.1
  GoogleUtilities: https://github.com/google/GoogleUtilities.git @ 7.13.3
  gRPC: https://github.com/google/grpc-binary.git @ 1.62.2
  AppAuth: https://github.com/openid/AppAuth-iOS.git @ 1.7.6
  SwiftProtobuf: https://github.com/apple/swift-protobuf.git @ 1.33.3
  nanopb: https://github.com/firebase/nanopb.git @ 2.30910.0
  GoogleDataTransport: https://github.com/google/GoogleDataTransport.git @ 9.4.0
  GoogleAppMeasurement: https://github.com/google/GoogleAppMeasurement.git @ 10.28.0
  GTMSessionFetcher: https://github.com/google/gtm-session-fetcher.git @ 3.5.0
  GoogleSignIn: https://github.com/google/GoogleSignIn-iOS @ 7.1.0
  Promises: https://github.com/google/promises.git @ 2.4.0
  InteropForGoogle: https://github.com/google/interop-ios-for-google-sdks.git @ 100.0.0
  abseil: https://github.com/google/abseil-cpp-binary.git @ 1.2024011602.0
  Firebase: https://github.com/firebase/firebase-ios-sdk.git @ 10.29.0
  leveldb: https://github.com/firebase/leveldb.git @ 1.22.5

ComputePackagePrebuildTargetDependencyGraph

Prepare packages

CreateBuildRequest

SendProjectDescription

CreateBuildOperation

ComputeTargetDependencyGraph
note: Building targets in dependency order
note: Target dependency graph (71 targets)
    Target 'LyoTests' in project 'Lyo'
        ➜ Explicit dependency on target 'Lyo' in project 'Lyo'
    Target 'Lyo' in project 'Lyo'
        ➜ Explicit dependency on target 'GoogleSignIn' in project 'GoogleSignIn'
        ➜ Explicit dependency on target 'FirebaseAuth' in project 'Firebase'
        ➜ Explicit dependency on target 'FirebaseCrashlytics' in project 'Firebase'
    Target 'FirebaseCrashlytics' in project 'Firebase'
        ➜ Explicit dependency on target 'FirebaseCrashlytics' in project 'Firebase'
        ➜ Explicit dependency on target 'Firebase_FirebaseCrashlytics' in project 'Firebase'
        ➜ Explicit dependency on target 'Firebase' in project 'Firebase'
        ➜ Explicit dependency on target 'FirebaseCoreInternal' in project 'Firebase'
        ➜ Explicit dependency on target 'FirebaseCore' in project 'Firebase'
        ➜ Explicit dependency on target 'FirebaseInstallations' in project 'Firebase'
        ➜ Explicit dependency on target 'FirebaseCoreExtension' in project 'Firebase'
        ➜ Explicit dependency on target 'FirebaseSessionsObjC' in project 'Firebase'
        ➜ Explicit dependency on target 'FirebaseSessions' in project 'Firebase'
        ➜ Explicit dependency on target 'FirebaseRemoteConfigInterop' in project 'Firebase'
        ➜ Explicit dependency on target 'FirebaseCrashlyticsSwift' in project 'Firebase'
        ➜ Explicit dependency on target 'GULNSData' in project 'GoogleUtilities'
        ➜ Explicit dependency on target 'GULEnvironment' in project 'GoogleUtilities'
        ➜ Explicit dependency on target 'GULLogger' in project 'GoogleUtilities'
        ➜ Explicit dependency on target 'FBLPromises' in project 'Promises'
        ➜ Explicit dependency on target 'GULUserDefaults' in project 'GoogleUtilities'
        ➜ Explicit dependency on target 'nanopb' in project 'nanopb'
        ➜ Explicit dependency on target 'Promises' in project 'Promises'
        ➜ Explicit dependency on target 'GoogleDataTransport' in project 'GoogleDataTransport'
    Target 'FirebaseCrashlytics' in project 'Firebase'
        ➜ Explicit dependency on target 'Firebase_FirebaseCrashlytics' in project 'Firebase'
        ➜ Explicit dependency on target 'Firebase' in project 'Firebase'
        ➜ Explicit dependency on target 'FirebaseCoreInternal' in project 'Firebase'
        ➜ Explicit dependency on target 'FirebaseCore' in project 'Firebase'
        ➜ Explicit dependency on target 'FirebaseInstallations' in project 'Firebase'
        ➜ Explicit dependency on target 'FirebaseCoreExtension' in project 'Firebase'
        ➜ Explicit dependency on target 'FirebaseSessionsObjC' in project 'Firebase'
        ➜ Explicit dependency on target 'FirebaseSessions' in project 'Firebase'
        ➜ Explicit dependency on target 'FirebaseRemoteConfigInterop' in project 'Firebase'
        ➜ Explicit dependency on target 'FirebaseCrashlyticsSwift' in project 'Firebase'
        ➜ Explicit dependency on target 'GULNSData' in project 'GoogleUtilities'
        ➜ Explicit dependency on target 'GULEnvironment' in project 'GoogleUtilities'
        ➜ Explicit dependency on target 'GULLogger' in project 'GoogleUtilities'
        ➜ Explicit dependency on target 'FBLPromises' in project 'Promises'
        ➜ Explicit dependency on target 'GULUserDefaults' in project 'GoogleUtilities'
        ➜ Explicit dependency on target 'nanopb' in project 'nanopb'
        ➜ Explicit dependency on target 'Promises' in project 'Promises'
        ➜ Explicit dependency on target 'GoogleDataTransport' in project 'GoogleDataTransport'
    Target 'FirebaseCrashlyticsSwift' in project 'Firebase'
        ➜ Explicit dependency on target 'FirebaseRemoteConfigInterop' in project 'Firebase'
    Target 'FirebaseRemoteConfigInterop' in project 'Firebase' (no dependencies)
    Target 'FirebaseSessions' in project 'Firebase'
        ➜ Explicit dependency on target 'Firebase' in project 'Firebase'
        ➜ Explicit dependency on target 'FirebaseCoreInternal' in project 'Firebase'
        ➜ Explicit dependency on target 'FirebaseCore' in project 'Firebase'
        ➜ Explicit dependency on target 'FirebaseInstallations' in project 'Firebase'
        ➜ Explicit dependency on target 'FirebaseCoreExtension' in project 'Firebase'
        ➜ Explicit dependency on target 'FirebaseSessionsObjC' in project 'Firebase'
        ➜ Explicit dependency on target 'GULNSData' in project 'GoogleUtilities'
        ➜ Explicit dependency on target 'GULEnvironment' in project 'GoogleUtilities'
        ➜ Explicit dependency on target 'GULLogger' in project 'GoogleUtilities'
        ➜ Explicit dependency on target 'FBLPromises' in project 'Promises'
        ➜ Explicit dependency on target 'GULUserDefaults' in project 'GoogleUtilities'
        ➜ Explicit dependency on target 'nanopb' in project 'nanopb'
        ➜ Explicit dependency on target 'Promises' in project 'Promises'
        ➜ Explicit dependency on target 'GoogleDataTransport' in project 'GoogleDataTransport'
    Target 'GoogleDataTransport' in project 'GoogleDataTransport'
        ➜ Explicit dependency on target 'GoogleDataTransport' in project 'GoogleDataTransport'
        ➜ Explicit dependency on target 'GoogleDataTransport_GoogleDataTransport' in project 'GoogleDataTransport'
        ➜ Explicit dependency on target 'nanopb' in project 'nanopb'
        ➜ Explicit dependency on target 'FBLPromises' in project 'Promises'
        ➜ Explicit dependency on target 'GULEnvironment' in project 'GoogleUtilities'
    Target 'GoogleDataTransport' in project 'GoogleDataTransport'
        ➜ Explicit dependency on target 'GoogleDataTransport_GoogleDataTransport' in project 'GoogleDataTransport'
        ➜ Explicit dependency on target 'nanopb' in project 'nanopb'
        ➜ Explicit dependency on target 'FBLPromises' in project 'Promises'
        ➜ Explicit dependency on target 'GULEnvironment' in project 'GoogleUtilities'
    Target 'GoogleDataTransport_GoogleDataTransport' in project 'GoogleDataTransport' (no dependencies)
    Target 'Promises' in project 'Promises'
        ➜ Explicit dependency on target 'Promises' in project 'Promises'
        ➜ Explicit dependency on target 'Promises_Promises' in project 'Promises'
        ➜ Explicit dependency on target 'FBLPromises' in project 'Promises'
    Target 'Promises' in project 'Promises'
        ➜ Explicit dependency on target 'Promises_Promises' in project 'Promises'
        ➜ Explicit dependency on target 'FBLPromises' in project 'Promises'
    Target 'Promises_Promises' in project 'Promises' (no dependencies)
    Target 'FirebaseSessionsObjC' in project 'Firebase'
        ➜ Explicit dependency on target 'Firebase' in project 'Firebase'
        ➜ Explicit dependency on target 'FirebaseCoreInternal' in project 'Firebase'
        ➜ Explicit dependency on target 'FirebaseCore' in project 'Firebase'
        ➜ Explicit dependency on target 'FirebaseCoreExtension' in project 'Firebase'
        ➜ Explicit dependency on target 'GULNSData' in project 'GoogleUtilities'
        ➜ Explicit dependency on target 'GULEnvironment' in project 'GoogleUtilities'
        ➜ Explicit dependency on target 'GULLogger' in project 'GoogleUtilities'
        ➜ Explicit dependency on target 'nanopb' in project 'nanopb'
    Target 'nanopb' in project 'nanopb'
        ➜ Explicit dependency on target 'nanopb' in project 'nanopb'
        ➜ Explicit dependency on target 'nanopb_nanopb' in project 'nanopb'
    Target 'nanopb' in project 'nanopb'
        ➜ Explicit dependency on target 'nanopb_nanopb' in project 'nanopb'
    Target 'nanopb_nanopb' in project 'nanopb' (no dependencies)
    Target 'FirebaseCoreExtension' in project 'Firebase'
        ➜ Explicit dependency on target 'Firebase_FirebaseCoreExtension' in project 'Firebase'
    Target 'Firebase_FirebaseCoreExtension' in project 'Firebase' (no dependencies)
    Target 'FirebaseInstallations' in project 'Firebase'
        ➜ Explicit dependency on target 'Firebase_FirebaseInstallations' in project 'Firebase'
        ➜ Explicit dependency on target 'Firebase' in project 'Firebase'
        ➜ Explicit dependency on target 'FirebaseCoreInternal' in project 'Firebase'
        ➜ Explicit dependency on target 'FirebaseCore' in project 'Firebase'
        ➜ Explicit dependency on target 'GULNSData' in project 'GoogleUtilities'
        ➜ Explicit dependency on target 'GULEnvironment' in project 'GoogleUtilities'
        ➜ Explicit dependency on target 'GULLogger' in project 'GoogleUtilities'
        ➜ Explicit dependency on target 'FBLPromises' in project 'Promises'
        ➜ Explicit dependency on target 'GULUserDefaults' in project 'GoogleUtilities'
    Target 'GULUserDefaults' in project 'GoogleUtilities'
        ➜ Explicit dependency on target 'GoogleUtilities-UserDefaults' in project 'GoogleUtilities'
        ➜ Explicit dependency on target 'GoogleUtilities_GoogleUtilities-UserDefaults' in project 'GoogleUtilities'
        ➜ Explicit dependency on target 'third-party-IsAppEncrypted' in project 'GoogleUtilities'
        ➜ Explicit dependency on target 'GoogleUtilities-Environment' in project 'GoogleUtilities'
        ➜ Explicit dependency on target 'GoogleUtilities-Logger' in project 'GoogleUtilities'
        ➜ Explicit dependency on target 'FBLPromises' in project 'Promises'
    Target 'GoogleUtilities-UserDefaults' in project 'GoogleUtilities'
        ➜ Explicit dependency on target 'GoogleUtilities_GoogleUtilities-UserDefaults' in project 'GoogleUtilities'
        ➜ Explicit dependency on target 'third-party-IsAppEncrypted' in project 'GoogleUtilities'
        ➜ Explicit dependency on target 'GoogleUtilities-Environment' in project 'GoogleUtilities'
        ➜ Explicit dependency on target 'GoogleUtilities-Logger' in project 'GoogleUtilities'
        ➜ Explicit dependency on target 'FBLPromises' in project 'Promises'
    Target 'GoogleUtilities_GoogleUtilities-UserDefaults' in project 'GoogleUtilities' (no dependencies)
    Target 'Firebase_FirebaseInstallations' in project 'Firebase' (no dependencies)
    Target 'Firebase_FirebaseCrashlytics' in project 'Firebase' (no dependencies)
    Target 'FirebaseAuth' in project 'Firebase'
        ➜ Explicit dependency on target 'FirebaseAuth' in project 'Firebase'
        ➜ Explicit dependency on target 'Firebase_FirebaseAuth' in project 'Firebase'
        ➜ Explicit dependency on target 'FirebaseAppCheckInterop' in project 'Firebase'
        ➜ Explicit dependency on target 'Firebase' in project 'Firebase'
        ➜ Explicit dependency on target 'FirebaseCoreInternal' in project 'Firebase'
        ➜ Explicit dependency on target 'FirebaseCore' in project 'Firebase'
        ➜ Explicit dependency on target 'GULNSData' in project 'GoogleUtilities'
        ➜ Explicit dependency on target 'GULEnvironment' in project 'GoogleUtilities'
        ➜ Explicit dependency on target 'GULLogger' in project 'GoogleUtilities'
        ➜ Explicit dependency on target 'GULAppDelegateSwizzler' in project 'GoogleUtilities'
        ➜ Explicit dependency on target 'GTMSessionFetcherCore' in project 'GTMSessionFetcher'
        ➜ Explicit dependency on target 'RecaptchaInterop' in project 'InteropForGoogle'
    Target 'FirebaseAuth' in project 'Firebase'
        ➜ Explicit dependency on target 'Firebase_FirebaseAuth' in project 'Firebase'
        ➜ Explicit dependency on target 'FirebaseAppCheckInterop' in project 'Firebase'
        ➜ Explicit dependency on target 'Firebase' in project 'Firebase'
        ➜ Explicit dependency on target 'FirebaseCoreInternal' in project 'Firebase'
        ➜ Explicit dependency on target 'FirebaseCore' in project 'Firebase'
        ➜ Explicit dependency on target 'GULNSData' in project 'GoogleUtilities'
        ➜ Explicit dependency on target 'GULEnvironment' in project 'GoogleUtilities'
        ➜ Explicit dependency on target 'GULLogger' in project 'GoogleUtilities'
        ➜ Explicit dependency on target 'GULAppDelegateSwizzler' in project 'GoogleUtilities'
        ➜ Explicit dependency on target 'GTMSessionFetcherCore' in project 'GTMSessionFetcher'
        ➜ Explicit dependency on target 'RecaptchaInterop' in project 'InteropForGoogle'
    Target 'RecaptchaInterop' in project 'InteropForGoogle'
        ➜ Explicit dependency on target 'RecaptchaInterop' in project 'InteropForGoogle'
    Target 'RecaptchaInterop' in project 'InteropForGoogle' (no dependencies)
    Target 'GULAppDelegateSwizzler' in project 'GoogleUtilities'
        ➜ Explicit dependency on target 'GoogleUtilities-AppDelegateSwizzler' in project 'GoogleUtilities'
        ➜ Explicit dependency on target 'GoogleUtilities_GoogleUtilities-AppDelegateSwizzler' in project 'GoogleUtilities'
        ➜ Explicit dependency on target 'third-party-IsAppEncrypted' in project 'GoogleUtilities'
        ➜ Explicit dependency on target 'GoogleUtilities-Environment' in project 'GoogleUtilities'
        ➜ Explicit dependency on target 'GoogleUtilities-Logger' in project 'GoogleUtilities'
        ➜ Explicit dependency on target 'GoogleUtilities-NSData' in project 'GoogleUtilities'
        ➜ Explicit dependency on target 'GoogleUtilities-Reachability' in project 'GoogleUtilities'
        ➜ Explicit dependency on target 'GoogleUtilities-Network' in project 'GoogleUtilities'
        ➜ Explicit dependency on target 'FBLPromises' in project 'Promises'
    Target 'GoogleUtilities-AppDelegateSwizzler' in project 'GoogleUtilities'
        ➜ Explicit dependency on target 'GoogleUtilities_GoogleUtilities-AppDelegateSwizzler' in project 'GoogleUtilities'
        ➜ Explicit dependency on target 'third-party-IsAppEncrypted' in project 'GoogleUtilities'
        ➜ Explicit dependency on target 'GoogleUtilities-Environment' in project 'GoogleUtilities'
        ➜ Explicit dependency on target 'GoogleUtilities-Logger' in project 'GoogleUtilities'
        ➜ Explicit dependency on target 'GoogleUtilities-NSData' in project 'GoogleUtilities'
        ➜ Explicit dependency on target 'GoogleUtilities-Reachability' in project 'GoogleUtilities'
        ➜ Explicit dependency on target 'GoogleUtilities-Network' in project 'GoogleUtilities'
        ➜ Explicit dependency on target 'FBLPromises' in project 'Promises'
    Target 'GoogleUtilities-Network' in project 'GoogleUtilities'
        ➜ Explicit dependency on target 'GoogleUtilities_GoogleUtilities-Network' in project 'GoogleUtilities'
        ➜ Explicit dependency on target 'third-party-IsAppEncrypted' in project 'GoogleUtilities'
        ➜ Explicit dependency on target 'GoogleUtilities-Environment' in project 'GoogleUtilities'
        ➜ Explicit dependency on target 'GoogleUtilities-Logger' in project 'GoogleUtilities'
        ➜ Explicit dependency on target 'GoogleUtilities-NSData' in project 'GoogleUtilities'
        ➜ Explicit dependency on target 'GoogleUtilities-Reachability' in project 'GoogleUtilities'
        ➜ Explicit dependency on target 'FBLPromises' in project 'Promises'
    Target 'GoogleUtilities_GoogleUtilities-Network' in project 'GoogleUtilities' (no dependencies)
    Target 'GoogleUtilities-Reachability' in project 'GoogleUtilities'
        ➜ Explicit dependency on target 'GoogleUtilities_GoogleUtilities-Reachability' in project 'GoogleUtilities'
        ➜ Explicit dependency on target 'third-party-IsAppEncrypted' in project 'GoogleUtilities'
        ➜ Explicit dependency on target 'GoogleUtilities-Environment' in project 'GoogleUtilities'
        ➜ Explicit dependency on target 'GoogleUtilities-Logger' in project 'GoogleUtilities'
        ➜ Explicit dependency on target 'FBLPromises' in project 'Promises'
    Target 'GoogleUtilities_GoogleUtilities-Reachability' in project 'GoogleUtilities' (no dependencies)
    Target 'GoogleUtilities_GoogleUtilities-AppDelegateSwizzler' in project 'GoogleUtilities' (no dependencies)
    Target 'FirebaseCore' in project 'Firebase'
        ➜ Explicit dependency on target 'Firebase_FirebaseCore' in project 'Firebase'
        ➜ Explicit dependency on target 'Firebase' in project 'Firebase'
        ➜ Explicit dependency on target 'FirebaseCoreInternal' in project 'Firebase'
        ➜ Explicit dependency on target 'GULNSData' in project 'GoogleUtilities'
        ➜ Explicit dependency on target 'GULEnvironment' in project 'GoogleUtilities'
        ➜ Explicit dependency on target 'GULLogger' in project 'GoogleUtilities'
    Target 'GULLogger' in project 'GoogleUtilities'
        ➜ Explicit dependency on target 'GoogleUtilities-Logger' in project 'GoogleUtilities'
        ➜ Explicit dependency on target 'GoogleUtilities_GoogleUtilities-Logger' in project 'GoogleUtilities'
        ➜ Explicit dependency on target 'third-party-IsAppEncrypted' in project 'GoogleUtilities'
        ➜ Explicit dependency on target 'GoogleUtilities-Environment' in project 'GoogleUtilities'
        ➜ Explicit dependency on target 'FBLPromises' in project 'Promises'
    Target 'GoogleUtilities-Logger' in project 'GoogleUtilities'
        ➜ Explicit dependency on target 'GoogleUtilities_GoogleUtilities-Logger' in project 'GoogleUtilities'
        ➜ Explicit dependency on target 'third-party-IsAppEncrypted' in project 'GoogleUtilities'
        ➜ Explicit dependency on target 'GoogleUtilities-Environment' in project 'GoogleUtilities'
        ➜ Explicit dependency on target 'FBLPromises' in project 'Promises'
    Target 'GoogleUtilities_GoogleUtilities-Logger' in project 'GoogleUtilities' (no dependencies)
    Target 'GULEnvironment' in project 'GoogleUtilities'
        ➜ Explicit dependency on target 'GoogleUtilities-Environment' in project 'GoogleUtilities'
        ➜ Explicit dependency on target 'GoogleUtilities_GoogleUtilities-Environment' in project 'GoogleUtilities'
        ➜ Explicit dependency on target 'third-party-IsAppEncrypted' in project 'GoogleUtilities'
        ➜ Explicit dependency on target 'FBLPromises' in project 'Promises'
    Target 'GoogleUtilities-Environment' in project 'GoogleUtilities'
        ➜ Explicit dependency on target 'GoogleUtilities_GoogleUtilities-Environment' in project 'GoogleUtilities'
        ➜ Explicit dependency on target 'third-party-IsAppEncrypted' in project 'GoogleUtilities'
        ➜ Explicit dependency on target 'FBLPromises' in project 'Promises'
    Target 'FBLPromises' in project 'Promises'
        ➜ Explicit dependency on target 'FBLPromises' in project 'Promises'
        ➜ Explicit dependency on target 'Promises_FBLPromises' in project 'Promises'
    Target 'FBLPromises' in project 'Promises'
        ➜ Explicit dependency on target 'Promises_FBLPromises' in project 'Promises'
    Target 'Promises_FBLPromises' in project 'Promises' (no dependencies)
    Target 'third-party-IsAppEncrypted' in project 'GoogleUtilities' (no dependencies)
    Target 'GoogleUtilities_GoogleUtilities-Environment' in project 'GoogleUtilities' (no dependencies)
    Target 'Firebase_FirebaseCore' in project 'Firebase' (no dependencies)
    Target 'FirebaseCoreInternal' in project 'Firebase'
        ➜ Explicit dependency on target 'Firebase_FirebaseCoreInternal' in project 'Firebase'
        ➜ Explicit dependency on target 'GULNSData' in project 'GoogleUtilities'
    Target 'GULNSData' in project 'GoogleUtilities'
        ➜ Explicit dependency on target 'GoogleUtilities-NSData' in project 'GoogleUtilities'
        ➜ Explicit dependency on target 'GoogleUtilities_GoogleUtilities-NSData' in project 'GoogleUtilities'
    Target 'GoogleUtilities-NSData' in project 'GoogleUtilities'
        ➜ Explicit dependency on target 'GoogleUtilities_GoogleUtilities-NSData' in project 'GoogleUtilities'
    Target 'GoogleUtilities_GoogleUtilities-NSData' in project 'GoogleUtilities' (no dependencies)
    Target 'Firebase_FirebaseCoreInternal' in project 'Firebase' (no dependencies)
    Target 'Firebase' in project 'Firebase' (no dependencies)
    Target 'FirebaseAppCheckInterop' in project 'Firebase' (no dependencies)
    Target 'Firebase_FirebaseAuth' in project 'Firebase' (no dependencies)
    Target 'GoogleSignIn' in project 'GoogleSignIn'
        ➜ Explicit dependency on target 'GoogleSignIn' in project 'GoogleSignIn'
        ➜ Explicit dependency on target 'GoogleSignIn_GoogleSignIn' in project 'GoogleSignIn'
        ➜ Explicit dependency on target 'AppAuth' in project 'AppAuth'
        ➜ Explicit dependency on target 'GTMAppAuth' in project 'GTMAppAuth'
        ➜ Explicit dependency on target 'GTMSessionFetcherCore' in project 'GTMSessionFetcher'
    Target 'GoogleSignIn' in project 'GoogleSignIn'
        ➜ Explicit dependency on target 'GoogleSignIn_GoogleSignIn' in project 'GoogleSignIn'
        ➜ Explicit dependency on target 'AppAuth' in project 'AppAuth'
        ➜ Explicit dependency on target 'GTMAppAuth' in project 'GTMAppAuth'
        ➜ Explicit dependency on target 'GTMSessionFetcherCore' in project 'GTMSessionFetcher'
    Target 'GTMAppAuth' in project 'GTMAppAuth'
        ➜ Explicit dependency on target 'GTMAppAuth' in project 'GTMAppAuth'
        ➜ Explicit dependency on target 'GTMAppAuth_GTMAppAuth' in project 'GTMAppAuth'
        ➜ Explicit dependency on target 'GTMSessionFetcherCore' in project 'GTMSessionFetcher'
        ➜ Explicit dependency on target 'AppAuthCore' in project 'AppAuth'
    Target 'GTMAppAuth' in project 'GTMAppAuth'
        ➜ Explicit dependency on target 'GTMAppAuth_GTMAppAuth' in project 'GTMAppAuth'
        ➜ Explicit dependency on target 'GTMSessionFetcherCore' in project 'GTMSessionFetcher'
        ➜ Explicit dependency on target 'AppAuthCore' in project 'AppAuth'
    Target 'AppAuthCore' in project 'AppAuth'
        ➜ Explicit dependency on target 'AppAuthCore' in project 'AppAuth'
        ➜ Explicit dependency on target 'AppAuth_AppAuthCore' in project 'AppAuth'
    Target 'GTMSessionFetcherCore' in project 'GTMSessionFetcher'
        ➜ Explicit dependency on target 'GTMSessionFetcherCore' in project 'GTMSessionFetcher'
        ➜ Explicit dependency on target 'GTMSessionFetcher_GTMSessionFetcherCore' in project 'GTMSessionFetcher'
    Target 'GTMSessionFetcherCore' in project 'GTMSessionFetcher'
        ➜ Explicit dependency on target 'GTMSessionFetcher_GTMSessionFetcherCore' in project 'GTMSessionFetcher'
    Target 'GTMSessionFetcher_GTMSessionFetcherCore' in project 'GTMSessionFetcher' (no dependencies)
    Target 'GTMAppAuth_GTMAppAuth' in project 'GTMAppAuth' (no dependencies)
    Target 'AppAuth' in project 'AppAuth'
        ➜ Explicit dependency on target 'AppAuth' in project 'AppAuth'
        ➜ Explicit dependency on target 'AppAuth_AppAuth' in project 'AppAuth'
        ➜ Explicit dependency on target 'AppAuthCore' in project 'AppAuth'
    Target 'AppAuth' in project 'AppAuth'
        ➜ Explicit dependency on target 'AppAuth_AppAuth' in project 'AppAuth'
        ➜ Explicit dependency on target 'AppAuthCore' in project 'AppAuth'
    Target 'AppAuthCore' in project 'AppAuth'
        ➜ Explicit dependency on target 'AppAuth_AppAuthCore' in project 'AppAuth'
    Target 'AppAuth_AppAuthCore' in project 'AppAuth' (no dependencies)
    Target 'AppAuth_AppAuth' in project 'AppAuth' (no dependencies)
    Target 'GoogleSignIn_GoogleSignIn' in project 'GoogleSignIn' (no dependencies)

GatherProvisioningInputs

CreateBuildDescription

ExecuteExternalTool /Users/hectorgarcia/Downloads/Xcode.app/Contents/Developer/Toolchains/XcodeDefault.xctoolchain/usr/bin/clang -v -E -dM -arch x86_64 -isysroot /Users/hectorgarcia/Downloads/Xcode.app/Contents/Developer/Platforms/iPhoneSimulator.platform/Developer/SDKs/iPhoneSimulator26.2.sdk -x objective-c -c /dev/null

ExecuteExternalTool /Users/hectorgarcia/Downloads/Xcode.app/Contents/Developer/Toolchains/XcodeDefault.xctoolchain/usr/bin/swiftc --version

ExecuteExternalTool /Users/hectorgarcia/Downloads/Xcode.app/Contents/Developer/Toolchains/XcodeDefault.xctoolchain/usr/bin/clang -v -E -dM -isysroot /Users/hectorgarcia/Downloads/Xcode.app/Contents/Developer/Platforms/iPhoneSimulator.platform/Developer/SDKs/iPhoneSimulator26.2.sdk -x c -c /dev/null

ExecuteExternalTool /Users/hectorgarcia/Downloads/Xcode.app/Contents/Developer/Toolchains/XcodeDefault.xctoolchain/usr/bin/clang -v -E -dM -arch x86_64 -isysroot /Users/hectorgarcia/Downloads/Xcode.app/Contents/Developer/Platforms/iPhoneSimulator.platform/Developer/SDKs/iPhoneSimulator26.2.sdk -x c -c /dev/null

ExecuteExternalTool /Users/hectorgarcia/Downloads/Xcode.app/Contents/Developer/usr/bin/actool --print-asset-tag-combinations --output-format xml1 /Users/hectorgarcia/LYO_Da_ONE/Sources/Resources/Assets.xcassets

ExecuteExternalTool /Users/hectorgarcia/Downloads/Xcode.app/Contents/Developer/Toolchains/XcodeDefault.xctoolchain/usr/bin/ld -version_details

ExecuteExternalTool /Users/hectorgarcia/Downloads/Xcode.app/Contents/Developer/Toolchains/XcodeDefault.xctoolchain/usr/bin/clang -v -E -dM -arch x86_64 -isysroot /Users/hectorgarcia/Downloads/Xcode.app/Contents/Developer/Platforms/iPhoneSimulator.platform/Developer/SDKs/iPhoneSimulator26.2.sdk -x objective-c++ -c /dev/null

ExecuteExternalTool /Users/hectorgarcia/Downloads/Xcode.app/Contents/Developer/usr/bin/actool --version --output-format xml1

Build description signature: 1d85a4e2d425f9b805fbfd5a9910011a
Build description path: /Users/hectorgarcia/Library/Developer/Xcode/DerivedData/Build/Intermediates.noindex/XCBuildData/1d85a4e2d425f9b805fbfd5a9910011a.xcbuilddata
ProcessInfoPlistFile /Users/hectorgarcia/Library/Developer/Xcode/DerivedData/Build/Products/Debug-iphonesimulator/Firebase_FirebaseCoreInternal.bundle/Info.plist /Users/hectorgarcia/Library/Developer/Xcode/DerivedData/Build/Intermediates.noindex/Firebase.build/Debug-iphonesimulator/Firebase_FirebaseCoreInternal.build/empty-Firebase_FirebaseCoreInternal.plist (in target 'Firebase_FirebaseCoreInternal' from project 'Firebase')
    cd /Users/hectorgarcia/Library/Developer/Xcode/DerivedData/Lyo-eagkiegzrakogpczynhkaholsscs/SourcePackages/checkouts/firebase-ios-sdk
    builtin-infoPlistUtility /Users/hectorgarcia/Library/Developer/Xcode/DerivedData/Build/Intermediates.noindex/Firebase.build/Debug-iphonesimulator/Firebase_FirebaseCoreInternal.build/empty-Firebase_FirebaseCoreInternal.plist -producttype com.apple.product-type.bundle -expandbuildsettings -format binary -platform iphonesimulator -o /Users/hectorgarcia/Library/Developer/Xcode/DerivedData/Build/Products/Debug-iphonesimulator/Firebase_FirebaseCoreInternal.bundle/Info.plist

ClangStatCache /Users/hectorgarcia/Downloads/Xcode.app/Contents/Developer/Toolchains/XcodeDefault.xctoolchain/usr/bin/clang-stat-cache /Users/hectorgarcia/Downloads/Xcode.app/Contents/Developer/Platforms/iPhoneSimulator.platform/Developer/SDKs/iPhoneSimulator26.2.sdk /Users/hectorgarcia/Library/Developer/Xcode/DerivedData/SDKStatCaches.noindex/iphonesimulator26.2-23C53-823d3e8b6e60bc2018c189d3ca05ba9b.sdkstatcache
    cd /Users/hectorgarcia/LYO_Da_ONE/Lyo.xcodeproj
    /Users/hectorgarcia/Downloads/Xcode.app/Contents/Developer/Toolchains/XcodeDefault.xctoolchain/usr/bin/clang-stat-cache /Users/hectorgarcia/Downloads/Xcode.app/Contents/Developer/Platforms/iPhoneSimulator.platform/Developer/SDKs/iPhoneSimulator26.2.sdk -o /Users/hectorgarcia/Library/Developer/Xcode/DerivedData/SDKStatCaches.noindex/iphonesimulator26.2-23C53-823d3e8b6e60bc2018c189d3ca05ba9b.sdkstatcache

ProcessInfoPlistFile /Users/hectorgarcia/Library/Developer/Xcode/DerivedData/Build/Products/Debug-iphonesimulator/GoogleUtilities_GoogleUtilities-NSData.bundle/Info.plist /Users/hectorgarcia/Library/Developer/Xcode/DerivedData/Build/Intermediates.noindex/GoogleUtilities.build/Debug-iphonesimulator/GoogleUtilities_GoogleUtilities-NSData.build/empty-GoogleUtilities_GoogleUtilities-NSData.plist (in target 'GoogleUtilities_GoogleUtilities-NSData' from project 'GoogleUtilities')
    cd /Users/hectorgarcia/Library/Developer/Xcode/DerivedData/Lyo-eagkiegzrakogpczynhkaholsscs/SourcePackages/checkouts/GoogleUtilities
    builtin-infoPlistUtility /Users/hectorgarcia/Library/Developer/Xcode/DerivedData/Build/Intermediates.noindex/GoogleUtilities.build/Debug-iphonesimulator/GoogleUtilities_GoogleUtilities-NSData.build/empty-GoogleUtilities_GoogleUtilities-NSData.plist -producttype com.apple.product-type.bundle -expandbuildsettings -format binary -platform iphonesimulator -o /Users/hectorgarcia/Library/Developer/Xcode/DerivedData/Build/Products/Debug-iphonesimulator/GoogleUtilities_GoogleUtilities-NSData.bundle/Info.plist

Ld /Users/hectorgarcia/Library/Developer/Xcode/DerivedData/Build/Products/Debug-iphonesimulator/GoogleUtilities-NSData.o normal (in target 'GoogleUtilities-NSData' from project 'GoogleUtilities')
    cd /Users/hectorgarcia/Library/Developer/Xcode/DerivedData/Lyo-eagkiegzrakogpczynhkaholsscs/SourcePackages/checkouts/GoogleUtilities
    /Users/hectorgarcia/Downloads/Xcode.app/Contents/Developer/Toolchains/XcodeDefault.xctoolchain/usr/bin/clang -Xlinker -reproducible -target x86_64-apple-ios12.0-simulator -r -isysroot /Users/hectorgarcia/Downloads/Xcode.app/Contents/Developer/Platforms/iPhoneSimulator.platform/Developer/SDKs/iPhoneSimulator26.2.sdk -O0 -w -L/Users/hectorgarcia/Library/Developer/Xcode/DerivedData/Build/Intermediates.noindex/EagerLinkingTBDs/Debug-iphonesimulator -L/Users/hectorgarcia/Library/Developer/Xcode/DerivedData/Build/Products/Debug-iphonesimulator -L/Users/hectorgarcia/Downloads/Xcode.app/Contents/Developer/Platforms/iPhoneSimulator.platform/Developer/usr/lib -F/Users/hectorgarcia/Library/Developer/Xcode/DerivedData/Build/Intermediates.noindex/EagerLinkingTBDs/Debug-iphonesimulator -F/Users/hectorgarcia/Library/Developer/Xcode/DerivedData/Build/Products/Debug-iphonesimulator -iframework /Users/hectorgarcia/Downloads/Xcode.app/Contents/Developer/Platforms/iPhoneSimulator.platform/Developer/Library/Frameworks -iframework /Users/hectorgarcia/Downloads/Xcode.app/Contents/Developer/Platforms/iPhoneSimulator.platform/Developer/SDKs/iPhoneSimulator26.2.sdk/Developer/Library/Frameworks -filelist /Users/hectorgarcia/Library/Developer/Xcode/DerivedData/Build/Intermediates.noindex/GoogleUtilities.build/Debug-iphonesimulator/GoogleUtilities-NSData.build/Objects-normal/x86_64/GoogleUtilities-NSData.LinkFileList -nostdlib -Xlinker -object_path_lto -Xlinker /Users/hectorgarcia/Library/Developer/Xcode/DerivedData/Build/Intermediates.noindex/GoogleUtilities.build/Debug-iphonesimulator/GoogleUtilities-NSData.build/Objects-normal/x86_64/GoogleUtilities-NSData_lto.o -rdynamic -Xlinker -no_deduplicate -Xlinker -objc_abi_version -Xlinker 2 -Xlinker -dependency_info -Xlinker /Users/hectorgarcia/Library/Developer/Xcode/DerivedData/Build/Intermediates.noindex/GoogleUtilities.build/Debug-iphonesimulator/GoogleUtilities-NSData.build/Objects-normal/x86_64/GoogleUtilities-NSData_dependency_info.dat -fobjc-arc -fobjc-link-runtime -o /Users/hectorgarcia/Library/Developer/Xcode/DerivedData/Build/Products/Debug-iphonesimulator/GoogleUtilities-NSData.o

RegisterExecutionPolicyException /Users/hectorgarcia/Library/Developer/Xcode/DerivedData/Build/Products/Debug-iphonesimulator/GoogleUtilities-NSData.o (in target 'GoogleUtilities-NSData' from project 'GoogleUtilities')
    cd /Users/hectorgarcia/Library/Developer/Xcode/DerivedData/Lyo-eagkiegzrakogpczynhkaholsscs/SourcePackages/checkouts/GoogleUtilities
    builtin-RegisterExecutionPolicyException /Users/hectorgarcia/Library/Developer/Xcode/DerivedData/Build/Products/Debug-iphonesimulator/GoogleUtilities-NSData.o

Ld /Users/hectorgarcia/Library/Developer/Xcode/DerivedData/Build/Products/Debug-iphonesimulator/FirebaseCoreInternal.o normal (in target 'FirebaseCoreInternal' from project 'Firebase')
    cd /Users/hectorgarcia/Library/Developer/Xcode/DerivedData/Lyo-eagkiegzrakogpczynhkaholsscs/SourcePackages/checkouts/firebase-ios-sdk
    /Users/hectorgarcia/Downloads/Xcode.app/Contents/Developer/Toolchains/XcodeDefault.xctoolchain/usr/bin/clang -Xlinker -reproducible -target x86_64-apple-ios12.0-simulator -r -isysroot /Users/hectorgarcia/Downloads/Xcode.app/Contents/Developer/Platforms/iPhoneSimulator.platform/Developer/SDKs/iPhoneSimulator26.2.sdk -O0 -w -L/Users/hectorgarcia/Library/Developer/Xcode/DerivedData/Build/Intermediates.noindex/EagerLinkingTBDs/Debug-iphonesimulator -L/Users/hectorgarcia/Library/Developer/Xcode/DerivedData/Build/Products/Debug-iphonesimulator -L/Users/hectorgarcia/Downloads/Xcode.app/Contents/Developer/Platforms/iPhoneSimulator.platform/Developer/usr/lib -F/Users/hectorgarcia/Library/Developer/Xcode/DerivedData/Build/Intermediates.noindex/EagerLinkingTBDs/Debug-iphonesimulator -F/Users/hectorgarcia/Library/Developer/Xcode/DerivedData/Build/Products/Debug-iphonesimulator/PackageFrameworks -F/Users/hectorgarcia/Library/Developer/Xcode/DerivedData/Build/Products/Debug-iphonesimulator -iframework /Users/hectorgarcia/Downloads/Xcode.app/Contents/Developer/Platforms/iPhoneSimulator.platform/Developer/Library/Frameworks -iframework /Users/hectorgarcia/Downloads/Xcode.app/Contents/Developer/Platforms/iPhoneSimulator.platform/Developer/SDKs/iPhoneSimulator26.2.sdk/Developer/Library/Frameworks -filelist /Users/hectorgarcia/Library/Developer/Xcode/DerivedData/Build/Intermediates.noindex/Firebase.build/Debug-iphonesimulator/FirebaseCoreInternal.build/Objects-normal/x86_64/FirebaseCoreInternal.LinkFileList -nostdlib -Xlinker -object_path_lto -Xlinker /Users/hectorgarcia/Library/Developer/Xcode/DerivedData/Build/Intermediates.noindex/Firebase.build/Debug-iphonesimulator/FirebaseCoreInternal.build/Objects-normal/x86_64/FirebaseCoreInternal_lto.o -rdynamic -Xlinker -no_deduplicate -Xlinker -objc_abi_version -Xlinker 2 -Xlinker -dependency_info -Xlinker /Users/hectorgarcia/Library/Developer/Xcode/DerivedData/Build/Intermediates.noindex/Firebase.build/Debug-iphonesimulator/FirebaseCoreInternal.build/Objects-normal/x86_64/FirebaseCoreInternal_dependency_info.dat -fobjc-link-runtime -L/Users/hectorgarcia/Downloads/Xcode.app/Contents/Developer/Toolchains/XcodeDefault.xctoolchain/usr/lib/swift/iphonesimulator -L/usr/lib/swift -Xlinker -add_ast_path -Xlinker /Users/hectorgarcia/Library/Developer/Xcode/DerivedData/Build/Intermediates.noindex/Firebase.build/Debug-iphonesimulator/FirebaseCoreInternal.build/Objects-normal/x86_64/FirebaseCoreInternal.swiftmodule @/Users/hectorgarcia/Library/Developer/Xcode/DerivedData/Build/Intermediates.noindex/Firebase.build/Debug-iphonesimulator/FirebaseCoreInternal.build/Objects-normal/x86_64/FirebaseCoreInternal-linker-args.resp -o /Users/hectorgarcia/Library/Developer/Xcode/DerivedData/Build/Products/Debug-iphonesimulator/FirebaseCoreInternal.o

ExtractAppIntentsMetadata (in target 'FirebaseCoreInternal' from project 'Firebase')
    cd /Users/hectorgarcia/Library/Developer/Xcode/DerivedData/Lyo-eagkiegzrakogpczynhkaholsscs/SourcePackages/checkouts/firebase-ios-sdk
    /Users/hectorgarcia/Downloads/Xcode.app/Contents/Developer/Toolchains/XcodeDefault.xctoolchain/usr/bin/appintentsmetadataprocessor --toolchain-dir /Users/hectorgarcia/Downloads/Xcode.app/Contents/Developer/Toolchains/XcodeDefault.xctoolchain --module-name FirebaseCoreInternal --sdk-root /Users/hectorgarcia/Downloads/Xcode.app/Contents/Developer/Platforms/iPhoneSimulator.platform/Developer/SDKs/iPhoneSimulator26.2.sdk --xcode-version 17C52 --platform-family iOS --deployment-target 12.0 --bundle-identifier firebase-ios-sdk.FirebaseCoreInternal --output /Users/hectorgarcia/Library/Developer/Xcode/DerivedData/Build/Products/Debug-iphonesimulator/FirebaseCoreInternal.appintents --target-triple x86_64-apple-ios12.0-simulator --binary-file /Users/hectorgarcia/Library/Developer/Xcode/DerivedData/Build/Products/Debug-iphonesimulator/FirebaseCoreInternal.o --dependency-file /Users/hectorgarcia/Library/Developer/Xcode/DerivedData/Build/Intermediates.noindex/Firebase.build/Debug-iphonesimulator/FirebaseCoreInternal.build/Objects-normal/x86_64/FirebaseCoreInternal_dependency_info.dat --stringsdata-file /Users/hectorgarcia/Library/Developer/Xcode/DerivedData/Build/Intermediates.noindex/Firebase.build/Debug-iphonesimulator/FirebaseCoreInternal.build/Objects-normal/x86_64/ExtractedAppShortcutsMetadata.stringsdata --source-file-list /Users/hectorgarcia/Library/Developer/Xcode/DerivedData/Build/Intermediates.noindex/Firebase.build/Debug-iphonesimulator/FirebaseCoreInternal.build/Objects-normal/x86_64/FirebaseCoreInternal.SwiftFileList --metadata-file-list /Users/hectorgarcia/Library/Developer/Xcode/DerivedData/Build/Intermediates.noindex/Firebase.build/Debug-iphonesimulator/FirebaseCoreInternal.build/FirebaseCoreInternal.DependencyMetadataFileList --static-metadata-file-list /Users/hectorgarcia/Library/Developer/Xcode/DerivedData/Build/Intermediates.noindex/Firebase.build/Debug-iphonesimulator/FirebaseCoreInternal.build/FirebaseCoreInternal.DependencyStaticMetadataFileList --swift-const-vals-list /Users/hectorgarcia/Library/Developer/Xcode/DerivedData/Build/Intermediates.noindex/Firebase.build/Debug-iphonesimulator/FirebaseCoreInternal.build/Objects-normal/x86_64/FirebaseCoreInternal.SwiftConstValuesFileList --force --compile-time-extraction --deployment-aware-processing --validate-assistant-intents --no-app-shortcuts-localization
2026-01-24 10:01:36.420 appintentsmetadataprocessor[28814:5745547] Starting appintentsmetadataprocessor export
2026-01-24 10:01:38.645 appintentsmetadataprocessor[28814:5745547] Extracted no relevant App Intents symbols, skipping writing output

ProcessProductPackaging /Users/hectorgarcia/LYO_Da_ONE/Lyo.entitlements /Users/hectorgarcia/Library/Developer/Xcode/DerivedData/Build/Intermediates.noindex/Lyo.build/Debug-iphonesimulator/Lyo.build/Lyo.app.xcent (in target 'Lyo' from project 'Lyo')
    cd /Users/hectorgarcia/LYO_Da_ONE
    
    Entitlements:
    
    {
}
    
    builtin-productPackagingUtility /Users/hectorgarcia/LYO_Da_ONE/Lyo.entitlements -entitlements -format xml -o /Users/hectorgarcia/Library/Developer/Xcode/DerivedData/Build/Intermediates.noindex/Lyo.build/Debug-iphonesimulator/Lyo.build/Lyo.app.xcent

ProcessProductPackaging /Users/hectorgarcia/LYO_Da_ONE/Lyo.entitlements /Users/hectorgarcia/Library/Developer/Xcode/DerivedData/Build/Intermediates.noindex/Lyo.build/Debug-iphonesimulator/Lyo.build/Lyo.app-Simulated.xcent (in target 'Lyo' from project 'Lyo')
    cd /Users/hectorgarcia/LYO_Da_ONE
    
    Entitlements:
    
    {
    "application-identifier" = "5QZDMJGN7B.com.lyo.app";
    "com.apple.developer.applesignin" =     (
        Default
    );
}
    
    builtin-productPackagingUtility /Users/hectorgarcia/LYO_Da_ONE/Lyo.entitlements -entitlements -format xml -o /Users/hectorgarcia/Library/Developer/Xcode/DerivedData/Build/Intermediates.noindex/Lyo.build/Debug-iphonesimulator/Lyo.build/Lyo.app-Simulated.xcent

Ld /Users/hectorgarcia/Library/Developer/Xcode/DerivedData/Build/Products/Debug-iphonesimulator/third-party-IsAppEncrypted.o normal (in target 'third-party-IsAppEncrypted' from project 'GoogleUtilities')
    cd /Users/hectorgarcia/Library/Developer/Xcode/DerivedData/Lyo-eagkiegzrakogpczynhkaholsscs/SourcePackages/checkouts/GoogleUtilities
    /Users/hectorgarcia/Downloads/Xcode.app/Contents/Developer/Toolchains/XcodeDefault.xctoolchain/usr/bin/clang -Xlinker -reproducible -target x86_64-apple-ios12.0-simulator -r -isysroot /Users/hectorgarcia/Downloads/Xcode.app/Contents/Developer/Platforms/iPhoneSimulator.platform/Developer/SDKs/iPhoneSimulator26.2.sdk -O0 -w -L/Users/hectorgarcia/Library/Developer/Xcode/DerivedData/Build/Intermediates.noindex/EagerLinkingTBDs/Debug-iphonesimulator -L/Users/hectorgarcia/Library/Developer/Xcode/DerivedData/Build/Products/Debug-iphonesimulator -L/Users/hectorgarcia/Downloads/Xcode.app/Contents/Developer/Platforms/iPhoneSimulator.platform/Developer/usr/lib -F/Users/hectorgarcia/Library/Developer/Xcode/DerivedData/Build/Intermediates.noindex/EagerLinkingTBDs/Debug-iphonesimulator -F/Users/hectorgarcia/Library/Developer/Xcode/DerivedData/Build/Products/Debug-iphonesimulator -iframework /Users/hectorgarcia/Downloads/Xcode.app/Contents/Developer/Platforms/iPhoneSimulator.platform/Developer/Library/Frameworks -iframework /Users/hectorgarcia/Downloads/Xcode.app/Contents/Developer/Platforms/iPhoneSimulator.platform/Developer/SDKs/iPhoneSimulator26.2.sdk/Developer/Library/Frameworks -filelist /Users/hectorgarcia/Library/Developer/Xcode/DerivedData/Build/Intermediates.noindex/GoogleUtilities.build/Debug-iphonesimulator/third-party-IsAppEncrypted.build/Objects-normal/x86_64/third-party-IsAppEncrypted.LinkFileList -nostdlib -Xlinker -object_path_lto -Xlinker /Users/hectorgarcia/Library/Developer/Xcode/DerivedData/Build/Intermediates.noindex/GoogleUtilities.build/Debug-iphonesimulator/third-party-IsAppEncrypted.build/Objects-normal/x86_64/third-party-IsAppEncrypted_lto.o -rdynamic -Xlinker -no_deduplicate -Xlinker -objc_abi_version -Xlinker 2 -Xlinker -dependency_info -Xlinker /Users/hectorgarcia/Library/Developer/Xcode/DerivedData/Build/Intermediates.noindex/GoogleUtilities.build/Debug-iphonesimulator/third-party-IsAppEncrypted.build/Objects-normal/x86_64/third-party-IsAppEncrypted_dependency_info.dat -fobjc-arc -fobjc-link-runtime -o /Users/hectorgarcia/Library/Developer/Xcode/DerivedData/Build/Products/Debug-iphonesimulator/third-party-IsAppEncrypted.o

Ld /Users/hectorgarcia/Library/Developer/Xcode/DerivedData/Build/Products/Debug-iphonesimulator/RecaptchaInterop.o normal (in target 'RecaptchaInterop' from project 'InteropForGoogle')
    cd /Users/hectorgarcia/Library/Developer/Xcode/DerivedData/Lyo-eagkiegzrakogpczynhkaholsscs/SourcePackages/checkouts/interop-ios-for-google-sdks
    /Users/hectorgarcia/Downloads/Xcode.app/Contents/Developer/Toolchains/XcodeDefault.xctoolchain/usr/bin/clang -Xlinker -reproducible -target x86_64-apple-ios12.0-simulator -r -isysroot /Users/hectorgarcia/Downloads/Xcode.app/Contents/Developer/Platforms/iPhoneSimulator.platform/Developer/SDKs/iPhoneSimulator26.2.sdk -O0 -w -L/Users/hectorgarcia/Library/Developer/Xcode/DerivedData/Build/Intermediates.noindex/EagerLinkingTBDs/Debug-iphonesimulator -L/Users/hectorgarcia/Library/Developer/Xcode/DerivedData/Build/Products/Debug-iphonesimulator -L/Users/hectorgarcia/Downloads/Xcode.app/Contents/Developer/Platforms/iPhoneSimulator.platform/Developer/usr/lib -F/Users/hectorgarcia/Library/Developer/Xcode/DerivedData/Build/Intermediates.noindex/EagerLinkingTBDs/Debug-iphonesimulator -F/Users/hectorgarcia/Library/Developer/Xcode/DerivedData/Build/Products/Debug-iphonesimulator -iframework /Users/hectorgarcia/Downloads/Xcode.app/Contents/Developer/Platforms/iPhoneSimulator.platform/Developer/Library/Frameworks -iframework /Users/hectorgarcia/Downloads/Xcode.app/Contents/Developer/Platforms/iPhoneSimulator.platform/Developer/SDKs/iPhoneSimulator26.2.sdk/Developer/Library/Frameworks -filelist /Users/hectorgarcia/Library/Developer/Xcode/DerivedData/Build/Intermediates.noindex/InteropForGoogle.build/Debug-iphonesimulator/RecaptchaInterop.build/Objects-normal/x86_64/RecaptchaInterop.LinkFileList -nostdlib -Xlinker -object_path_lto -Xlinker /Users/hectorgarcia/Library/Developer/Xcode/DerivedData/Build/Intermediates.noindex/InteropForGoogle.build/Debug-iphonesimulator/RecaptchaInterop.build/Objects-normal/x86_64/RecaptchaInterop_lto.o -rdynamic -Xlinker -no_deduplicate -Xlinker -objc_abi_version -Xlinker 2 -Xlinker -dependency_info -Xlinker /Users/hectorgarcia/Library/Developer/Xcode/DerivedData/Build/Intermediates.noindex/InteropForGoogle.build/Debug-iphonesimulator/RecaptchaInterop.build/Objects-normal/x86_64/RecaptchaInterop_dependency_info.dat -fobjc-arc -fobjc-link-runtime -o /Users/hectorgarcia/Library/Developer/Xcode/DerivedData/Build/Products/Debug-iphonesimulator/RecaptchaInterop.o

Ld /Users/hectorgarcia/Library/Developer/Xcode/DerivedData/Build/Products/Debug-iphonesimulator/FirebaseAppCheckInterop.o normal (in target 'FirebaseAppCheckInterop' from project 'Firebase')
    cd /Users/hectorgarcia/Library/Developer/Xcode/DerivedData/Lyo-eagkiegzrakogpczynhkaholsscs/SourcePackages/checkouts/firebase-ios-sdk
    /Users/hectorgarcia/Downloads/Xcode.app/Contents/Developer/Toolchains/XcodeDefault.xctoolchain/usr/bin/clang -Xlinker -reproducible -target x86_64-apple-ios12.0-simulator -r -isysroot /Users/hectorgarcia/Downloads/Xcode.app/Contents/Developer/Platforms/iPhoneSimulator.platform/Developer/SDKs/iPhoneSimulator26.2.sdk -O0 -w -L/Users/hectorgarcia/Library/Developer/Xcode/DerivedData/Build/Intermediates.noindex/EagerLinkingTBDs/Debug-iphonesimulator -L/Users/hectorgarcia/Library/Developer/Xcode/DerivedData/Build/Products/Debug-iphonesimulator -L/Users/hectorgarcia/Downloads/Xcode.app/Contents/Developer/Platforms/iPhoneSimulator.platform/Developer/usr/lib -F/Users/hectorgarcia/Library/Developer/Xcode/DerivedData/Build/Intermediates.noindex/EagerLinkingTBDs/Debug-iphonesimulator -F/Users/hectorgarcia/Library/Developer/Xcode/DerivedData/Build/Products/Debug-iphonesimulator -iframework /Users/hectorgarcia/Downloads/Xcode.app/Contents/Developer/Platforms/iPhoneSimulator.platform/Developer/Library/Frameworks -iframework /Users/hectorgarcia/Downloads/Xcode.app/Contents/Developer/Platforms/iPhoneSimulator.platform/Developer/SDKs/iPhoneSimulator26.2.sdk/Developer/Library/Frameworks -filelist /Users/hectorgarcia/Library/Developer/Xcode/DerivedData/Build/Intermediates.noindex/Firebase.build/Debug-iphonesimulator/FirebaseAppCheckInterop.build/Objects-normal/x86_64/FirebaseAppCheckInterop.LinkFileList -nostdlib -Xlinker -object_path_lto -Xlinker /Users/hectorgarcia/Library/Developer/Xcode/DerivedData/Build/Intermediates.noindex/Firebase.build/Debug-iphonesimulator/FirebaseAppCheckInterop.build/Objects-normal/x86_64/FirebaseAppCheckInterop_lto.o -rdynamic -Xlinker -no_deduplicate -Xlinker -objc_abi_version -Xlinker 2 -Xlinker -dependency_info -Xlinker /Users/hectorgarcia/Library/Developer/Xcode/DerivedData/Build/Intermediates.noindex/Firebase.build/Debug-iphonesimulator/FirebaseAppCheckInterop.build/Objects-normal/x86_64/FirebaseAppCheckInterop_dependency_info.dat -fobjc-arc -fobjc-link-runtime -o /Users/hectorgarcia/Library/Developer/Xcode/DerivedData/Build/Products/Debug-iphonesimulator/FirebaseAppCheckInterop.o

Ld /Users/hectorgarcia/Library/Developer/Xcode/DerivedData/Build/Products/Debug-iphonesimulator/FirebaseRemoteConfigInterop.o normal (in target 'FirebaseRemoteConfigInterop' from project 'Firebase')
    cd /Users/hectorgarcia/Library/Developer/Xcode/DerivedData/Lyo-eagkiegzrakogpczynhkaholsscs/SourcePackages/checkouts/firebase-ios-sdk
    /Users/hectorgarcia/Downloads/Xcode.app/Contents/Developer/Toolchains/XcodeDefault.xctoolchain/usr/bin/clang -Xlinker -reproducible -target x86_64-apple-ios12.0-simulator -r -isysroot /Users/hectorgarcia/Downloads/Xcode.app/Contents/Developer/Platforms/iPhoneSimulator.platform/Developer/SDKs/iPhoneSimulator26.2.sdk -O0 -w -L/Users/hectorgarcia/Library/Developer/Xcode/DerivedData/Build/Intermediates.noindex/EagerLinkingTBDs/Debug-iphonesimulator -L/Users/hectorgarcia/Library/Developer/Xcode/DerivedData/Build/Products/Debug-iphonesimulator -L/Users/hectorgarcia/Downloads/Xcode.app/Contents/Developer/Platforms/iPhoneSimulator.platform/Developer/usr/lib -F/Users/hectorgarcia/Library/Developer/Xcode/DerivedData/Build/Intermediates.noindex/EagerLinkingTBDs/Debug-iphonesimulator -F/Users/hectorgarcia/Library/Developer/Xcode/DerivedData/Build/Products/Debug-iphonesimulator -iframework /Users/hectorgarcia/Downloads/Xcode.app/Contents/Developer/Platforms/iPhoneSimulator.platform/Developer/Library/Frameworks -iframework /Users/hectorgarcia/Downloads/Xcode.app/Contents/Developer/Platforms/iPhoneSimulator.platform/Developer/SDKs/iPhoneSimulator26.2.sdk/Developer/Library/Frameworks -filelist /Users/hectorgarcia/Library/Developer/Xcode/DerivedData/Build/Intermediates.noindex/Firebase.build/Debug-iphonesimulator/FirebaseRemoteConfigInterop.build/Objects-normal/x86_64/FirebaseRemoteConfigInterop.LinkFileList -nostdlib -Xlinker -object_path_lto -Xlinker /Users/hectorgarcia/Library/Developer/Xcode/DerivedData/Build/Intermediates.noindex/Firebase.build/Debug-iphonesimulator/FirebaseRemoteConfigInterop.build/Objects-normal/x86_64/FirebaseRemoteConfigInterop_lto.o -rdynamic -Xlinker -no_deduplicate -Xlinker -objc_abi_version -Xlinker 2 -Xlinker -dependency_info -Xlinker /Users/hectorgarcia/Library/Developer/Xcode/DerivedData/Build/Intermediates.noindex/Firebase.build/Debug-iphonesimulator/FirebaseRemoteConfigInterop.build/Objects-normal/x86_64/FirebaseRemoteConfigInterop_dependency_info.dat -fobjc-link-runtime -L/Users/hectorgarcia/Downloads/Xcode.app/Contents/Developer/Toolchains/XcodeDefault.xctoolchain/usr/lib/swift/iphonesimulator -L/usr/lib/swift -Xlinker -add_ast_path -Xlinker /Users/hectorgarcia/Library/Developer/Xcode/DerivedData/Build/Intermediates.noindex/Firebase.build/Debug-iphonesimulator/FirebaseRemoteConfigInterop.build/Objects-normal/x86_64/FirebaseRemoteConfigInterop.swiftmodule @/Users/hectorgarcia/Library/Developer/Xcode/DerivedData/Build/Intermediates.noindex/Firebase.build/Debug-iphonesimulator/FirebaseRemoteConfigInterop.build/Objects-normal/x86_64/FirebaseRemoteConfigInterop-linker-args.resp -o /Users/hectorgarcia/Library/Developer/Xcode/DerivedData/Build/Products/Debug-iphonesimulator/FirebaseRemoteConfigInterop.o

Ld /Users/hectorgarcia/Library/Developer/Xcode/DerivedData/Build/Products/Debug-iphonesimulator/Firebase.o normal (in target 'Firebase' from project 'Firebase')
    cd /Users/hectorgarcia/Library/Developer/Xcode/DerivedData/Lyo-eagkiegzrakogpczynhkaholsscs/SourcePackages/checkouts/firebase-ios-sdk
    /Users/hectorgarcia/Downloads/Xcode.app/Contents/Developer/Toolchains/XcodeDefault.xctoolchain/usr/bin/clang -Xlinker -reproducible -target x86_64-apple-ios12.0-simulator -r -isysroot /Users/hectorgarcia/Downloads/Xcode.app/Contents/Developer/Platforms/iPhoneSimulator.platform/Developer/SDKs/iPhoneSimulator26.2.sdk -O0 -w -L/Users/hectorgarcia/Library/Developer/Xcode/DerivedData/Build/Intermediates.noindex/EagerLinkingTBDs/Debug-iphonesimulator -L/Users/hectorgarcia/Library/Developer/Xcode/DerivedData/Build/Products/Debug-iphonesimulator -L/Users/hectorgarcia/Downloads/Xcode.app/Contents/Developer/Platforms/iPhoneSimulator.platform/Developer/usr/lib -F/Users/hectorgarcia/Library/Developer/Xcode/DerivedData/Build/Intermediates.noindex/EagerLinkingTBDs/Debug-iphonesimulator -F/Users/hectorgarcia/Library/Developer/Xcode/DerivedData/Build/Products/Debug-iphonesimulator -iframework /Users/hectorgarcia/Downloads/Xcode.app/Contents/Developer/Platforms/iPhoneSimulator.platform/Developer/Library/Frameworks -iframework /Users/hectorgarcia/Downloads/Xcode.app/Contents/Developer/Platforms/iPhoneSimulator.platform/Developer/SDKs/iPhoneSimulator26.2.sdk/Developer/Library/Frameworks -filelist /Users/hectorgarcia/Library/Developer/Xcode/DerivedData/Build/Intermediates.noindex/Firebase.build/Debug-iphonesimulator/Firebase.build/Objects-normal/x86_64/Firebase.LinkFileList -nostdlib -Xlinker -object_path_lto -Xlinker /Users/hectorgarcia/Library/Developer/Xcode/DerivedData/Build/Intermediates.noindex/Firebase.build/Debug-iphonesimulator/Firebase.build/Objects-normal/x86_64/Firebase_lto.o -rdynamic -Xlinker -no_deduplicate -Xlinker -objc_abi_version -Xlinker 2 -Xlinker -dependency_info -Xlinker /Users/hectorgarcia/Library/Developer/Xcode/DerivedData/Build/Intermediates.noindex/Firebase.build/Debug-iphonesimulator/Firebase.build/Objects-normal/x86_64/Firebase_dependency_info.dat -fobjc-arc -fobjc-link-runtime -o /Users/hectorgarcia/Library/Developer/Xcode/DerivedData/Build/Products/Debug-iphonesimulator/Firebase.o

ProcessInfoPlistFile /Users/hectorgarcia/Library/Developer/Xcode/DerivedData/Build/Products/Debug-iphonesimulator/nanopb_nanopb.bundle/Info.plist /Users/hectorgarcia/Library/Developer/Xcode/DerivedData/Build/Intermediates.noindex/nanopb.build/Debug-iphonesimulator/nanopb_nanopb.build/empty-nanopb_nanopb.plist (in target 'nanopb_nanopb' from project 'nanopb')
    cd /Users/hectorgarcia/Library/Developer/Xcode/DerivedData/Lyo-eagkiegzrakogpczynhkaholsscs/SourcePackages/checkouts/nanopb
    builtin-infoPlistUtility /Users/hectorgarcia/Library/Developer/Xcode/DerivedData/Build/Intermediates.noindex/nanopb.build/Debug-iphonesimulator/nanopb_nanopb.build/empty-nanopb_nanopb.plist -producttype com.apple.product-type.bundle -expandbuildsettings -format binary -platform iphonesimulator -o /Users/hectorgarcia/Library/Developer/Xcode/DerivedData/Build/Products/Debug-iphonesimulator/nanopb_nanopb.bundle/Info.plist

ProcessInfoPlistFile /Users/hectorgarcia/Library/Developer/Xcode/DerivedData/Build/Products/Debug-iphonesimulator/Promises_Promises.bundle/Info.plist /Users/hectorgarcia/Library/Developer/Xcode/DerivedData/Build/Intermediates.noindex/Promises.build/Debug-iphonesimulator/Promises_Promises.build/empty-Promises_Promises.plist (in target 'Promises_Promises' from project 'Promises')
    cd /Users/hectorgarcia/Library/Developer/Xcode/DerivedData/Lyo-eagkiegzrakogpczynhkaholsscs/SourcePackages/checkouts/promises
    builtin-infoPlistUtility /Users/hectorgarcia/Library/Developer/Xcode/DerivedData/Build/Intermediates.noindex/Promises.build/Debug-iphonesimulator/Promises_Promises.build/empty-Promises_Promises.plist -producttype com.apple.product-type.bundle -expandbuildsettings -format binary -platform iphonesimulator -o /Users/hectorgarcia/Library/Developer/Xcode/DerivedData/Build/Products/Debug-iphonesimulator/Promises_Promises.bundle/Info.plist

ProcessInfoPlistFile /Users/hectorgarcia/Library/Developer/Xcode/DerivedData/Build/Products/Debug-iphonesimulator/Promises_FBLPromises.bundle/Info.plist /Users/hectorgarcia/Library/Developer/Xcode/DerivedData/Build/Intermediates.noindex/Promises.build/Debug-iphonesimulator/Promises_FBLPromises.build/empty-Promises_FBLPromises.plist (in target 'Promises_FBLPromises' from project 'Promises')
    cd /Users/hectorgarcia/Library/Developer/Xcode/DerivedData/Lyo-eagkiegzrakogpczynhkaholsscs/SourcePackages/checkouts/promises
    builtin-infoPlistUtility /Users/hectorgarcia/Library/Developer/Xcode/DerivedData/Build/Intermediates.noindex/Promises.build/Debug-iphonesimulator/Promises_FBLPromises.build/empty-Promises_FBLPromises.plist -producttype com.apple.product-type.bundle -expandbuildsettings -format binary -platform iphonesimulator -o /Users/hectorgarcia/Library/Developer/Xcode/DerivedData/Build/Products/Debug-iphonesimulator/Promises_FBLPromises.bundle/Info.plist

ProcessInfoPlistFile /Users/hectorgarcia/Library/Developer/Xcode/DerivedData/Build/Products/Debug-iphonesimulator/GoogleUtilities_GoogleUtilities-UserDefaults.bundle/Info.plist /Users/hectorgarcia/Library/Developer/Xcode/DerivedData/Build/Intermediates.noindex/GoogleUtilities.build/Debug-iphonesimulator/GoogleUtilities_GoogleUtilities-UserDefaults.build/empty-GoogleUtilities_GoogleUtilities-UserDefaults.plist (in target 'GoogleUtilities_GoogleUtilities-UserDefaults' from project 'GoogleUtilities')
    cd /Users/hectorgarcia/Library/Developer/Xcode/DerivedData/Lyo-eagkiegzrakogpczynhkaholsscs/SourcePackages/checkouts/GoogleUtilities
    builtin-infoPlistUtility /Users/hectorgarcia/Library/Developer/Xcode/DerivedData/Build/Intermediates.noindex/GoogleUtilities.build/Debug-iphonesimulator/GoogleUtilities_GoogleUtilities-UserDefaults.build/empty-GoogleUtilities_GoogleUtilities-UserDefaults.plist -producttype com.apple.product-type.bundle -expandbuildsettings -format binary -platform iphonesimulator -o /Users/hectorgarcia/Library/Developer/Xcode/DerivedData/Build/Products/Debug-iphonesimulator/GoogleUtilities_GoogleUtilities-UserDefaults.bundle/Info.plist

ProcessInfoPlistFile /Users/hectorgarcia/Library/Developer/Xcode/DerivedData/Build/Products/Debug-iphonesimulator/GoogleUtilities_GoogleUtilities-Reachability.bundle/Info.plist /Users/hectorgarcia/Library/Developer/Xcode/DerivedData/Build/Intermediates.noindex/GoogleUtilities.build/Debug-iphonesimulator/GoogleUtilities_GoogleUtilities-Reachability.build/empty-GoogleUtilities_GoogleUtilities-Reachability.plist (in target 'GoogleUtilities_GoogleUtilities-Reachability' from project 'GoogleUtilities')
    cd /Users/hectorgarcia/Library/Developer/Xcode/DerivedData/Lyo-eagkiegzrakogpczynhkaholsscs/SourcePackages/checkouts/GoogleUtilities
    builtin-infoPlistUtility /Users/hectorgarcia/Library/Developer/Xcode/DerivedData/Build/Intermediates.noindex/GoogleUtilities.build/Debug-iphonesimulator/GoogleUtilities_GoogleUtilities-Reachability.build/empty-GoogleUtilities_GoogleUtilities-Reachability.plist -producttype com.apple.product-type.bundle -expandbuildsettings -format binary -platform iphonesimulator -o /Users/hectorgarcia/Library/Developer/Xcode/DerivedData/Build/Products/Debug-iphonesimulator/GoogleUtilities_GoogleUtilities-Reachability.bundle/Info.plist

ProcessInfoPlistFile /Users/hectorgarcia/Library/Developer/Xcode/DerivedData/Build/Products/Debug-iphonesimulator/GoogleUtilities_GoogleUtilities-Network.bundle/Info.plist /Users/hectorgarcia/Library/Developer/Xcode/DerivedData/Build/Intermediates.noindex/GoogleUtilities.build/Debug-iphonesimulator/GoogleUtilities_GoogleUtilities-Network.build/empty-GoogleUtilities_GoogleUtilities-Network.plist (in target 'GoogleUtilities_GoogleUtilities-Network' from project 'GoogleUtilities')
    cd /Users/hectorgarcia/Library/Developer/Xcode/DerivedData/Lyo-eagkiegzrakogpczynhkaholsscs/SourcePackages/checkouts/GoogleUtilities
    builtin-infoPlistUtility /Users/hectorgarcia/Library/Developer/Xcode/DerivedData/Build/Intermediates.noindex/GoogleUtilities.build/Debug-iphonesimulator/GoogleUtilities_GoogleUtilities-Network.build/empty-GoogleUtilities_GoogleUtilities-Network.plist -producttype com.apple.product-type.bundle -expandbuildsettings -format binary -platform iphonesimulator -o /Users/hectorgarcia/Library/Developer/Xcode/DerivedData/Build/Products/Debug-iphonesimulator/GoogleUtilities_GoogleUtilities-Network.bundle/Info.plist

ProcessInfoPlistFile /Users/hectorgarcia/Library/Developer/Xcode/DerivedData/Build/Products/Debug-iphonesimulator/GoogleUtilities_GoogleUtilities-Logger.bundle/Info.plist /Users/hectorgarcia/Library/Developer/Xcode/DerivedData/Build/Intermediates.noindex/GoogleUtilities.build/Debug-iphonesimulator/GoogleUtilities_GoogleUtilities-Logger.build/empty-GoogleUtilities_GoogleUtilities-Logger.plist (in target 'GoogleUtilities_GoogleUtilities-Logger' from project 'GoogleUtilities')
    cd /Users/hectorgarcia/Library/Developer/Xcode/DerivedData/Lyo-eagkiegzrakogpczynhkaholsscs/SourcePackages/checkouts/GoogleUtilities
    builtin-infoPlistUtility /Users/hectorgarcia/Library/Developer/Xcode/DerivedData/Build/Intermediates.noindex/GoogleUtilities.build/Debug-iphonesimulator/GoogleUtilities_GoogleUtilities-Logger.build/empty-GoogleUtilities_GoogleUtilities-Logger.plist -producttype com.apple.product-type.bundle -expandbuildsettings -format binary -platform iphonesimulator -o /Users/hectorgarcia/Library/Developer/Xcode/DerivedData/Build/Products/Debug-iphonesimulator/GoogleUtilities_GoogleUtilities-Logger.bundle/Info.plist

ProcessInfoPlistFile /Users/hectorgarcia/Library/Developer/Xcode/DerivedData/Build/Products/Debug-iphonesimulator/GoogleUtilities_GoogleUtilities-Environment.bundle/Info.plist /Users/hectorgarcia/Library/Developer/Xcode/DerivedData/Build/Intermediates.noindex/GoogleUtilities.build/Debug-iphonesimulator/GoogleUtilities_GoogleUtilities-Environment.build/empty-GoogleUtilities_GoogleUtilities-Environment.plist (in target 'GoogleUtilities_GoogleUtilities-Environment' from project 'GoogleUtilities')
    cd /Users/hectorgarcia/Library/Developer/Xcode/DerivedData/Lyo-eagkiegzrakogpczynhkaholsscs/SourcePackages/checkouts/GoogleUtilities
    builtin-infoPlistUtility /Users/hectorgarcia/Library/Developer/Xcode/DerivedData/Build/Intermediates.noindex/GoogleUtilities.build/Debug-iphonesimulator/GoogleUtilities_GoogleUtilities-Environment.build/empty-GoogleUtilities_GoogleUtilities-Environment.plist -producttype com.apple.product-type.bundle -expandbuildsettings -format binary -platform iphonesimulator -o /Users/hectorgarcia/Library/Developer/Xcode/DerivedData/Build/Products/Debug-iphonesimulator/GoogleUtilities_GoogleUtilities-Environment.bundle/Info.plist

ProcessInfoPlistFile /Users/hectorgarcia/Library/Developer/Xcode/DerivedData/Build/Products/Debug-iphonesimulator/GoogleUtilities_GoogleUtilities-AppDelegateSwizzler.bundle/Info.plist /Users/hectorgarcia/Library/Developer/Xcode/DerivedData/Build/Intermediates.noindex/GoogleUtilities.build/Debug-iphonesimulator/GoogleUtilities_GoogleUtilities-AppDelegateSwizzler.build/empty-GoogleUtilities_GoogleUtilities-AppDelegateSwizzler.plist (in target 'GoogleUtilities_GoogleUtilities-AppDelegateSwizzler' from project 'GoogleUtilities')
    cd /Users/hectorgarcia/Library/Developer/Xcode/DerivedData/Lyo-eagkiegzrakogpczynhkaholsscs/SourcePackages/checkouts/GoogleUtilities
    builtin-infoPlistUtility /Users/hectorgarcia/Library/Developer/Xcode/DerivedData/Build/Intermediates.noindex/GoogleUtilities.build/Debug-iphonesimulator/GoogleUtilities_GoogleUtilities-AppDelegateSwizzler.build/empty-GoogleUtilities_GoogleUtilities-AppDelegateSwizzler.plist -producttype com.apple.product-type.bundle -expandbuildsettings -format binary -platform iphonesimulator -o /Users/hectorgarcia/Library/Developer/Xcode/DerivedData/Build/Products/Debug-iphonesimulator/GoogleUtilities_GoogleUtilities-AppDelegateSwizzler.bundle/Info.plist

ProcessInfoPlistFile /Users/hectorgarcia/Library/Developer/Xcode/DerivedData/Build/Products/Debug-iphonesimulator/GoogleSignIn_GoogleSignIn.bundle/Info.plist /Users/hectorgarcia/Library/Developer/Xcode/DerivedData/Build/Intermediates.noindex/GoogleSignIn.build/Debug-iphonesimulator/GoogleSignIn_GoogleSignIn.build/empty-GoogleSignIn_GoogleSignIn.plist (in target 'GoogleSignIn_GoogleSignIn' from project 'GoogleSignIn')
    cd /Users/hectorgarcia/Library/Developer/Xcode/DerivedData/Lyo-eagkiegzrakogpczynhkaholsscs/SourcePackages/checkouts/GoogleSignIn-iOS
    builtin-infoPlistUtility /Users/hectorgarcia/Library/Developer/Xcode/DerivedData/Build/Intermediates.noindex/GoogleSignIn.build/Debug-iphonesimulator/GoogleSignIn_GoogleSignIn.build/empty-GoogleSignIn_GoogleSignIn.plist -producttype com.apple.product-type.bundle -expandbuildsettings -format binary -platform iphonesimulator -o /Users/hectorgarcia/Library/Developer/Xcode/DerivedData/Build/Products/Debug-iphonesimulator/GoogleSignIn_GoogleSignIn.bundle/Info.plist

ProcessInfoPlistFile /Users/hectorgarcia/Library/Developer/Xcode/DerivedData/Build/Products/Debug-iphonesimulator/GoogleDataTransport_GoogleDataTransport.bundle/Info.plist /Users/hectorgarcia/Library/Developer/Xcode/DerivedData/Build/Intermediates.noindex/GoogleDataTransport.build/Debug-iphonesimulator/GoogleDataTransport_GoogleDataTransport.build/empty-GoogleDataTransport_GoogleDataTransport.plist (in target 'GoogleDataTransport_GoogleDataTransport' from project 'GoogleDataTransport')
    cd /Users/hectorgarcia/Library/Developer/Xcode/DerivedData/Lyo-eagkiegzrakogpczynhkaholsscs/SourcePackages/checkouts/GoogleDataTransport
    builtin-infoPlistUtility /Users/hectorgarcia/Library/Developer/Xcode/DerivedData/Build/Intermediates.noindex/GoogleDataTransport.build/Debug-iphonesimulator/GoogleDataTransport_GoogleDataTransport.build/empty-GoogleDataTransport_GoogleDataTransport.plist -producttype com.apple.product-type.bundle -expandbuildsettings -format binary -platform iphonesimulator -o /Users/hectorgarcia/Library/Developer/Xcode/DerivedData/Build/Products/Debug-iphonesimulator/GoogleDataTransport_GoogleDataTransport.bundle/Info.plist

ProcessInfoPlistFile /Users/hectorgarcia/Library/Developer/Xcode/DerivedData/Build/Products/Debug-iphonesimulator/GTMSessionFetcher_GTMSessionFetcherCore.bundle/Info.plist /Users/hectorgarcia/Library/Developer/Xcode/DerivedData/Build/Intermediates.noindex/GTMSessionFetcher.build/Debug-iphonesimulator/GTMSessionFetcher_GTMSessionFetcherCore.build/empty-GTMSessionFetcher_GTMSessionFetcherCore.plist (in target 'GTMSessionFetcher_GTMSessionFetcherCore' from project 'GTMSessionFetcher')
    cd /Users/hectorgarcia/Library/Developer/Xcode/DerivedData/Lyo-eagkiegzrakogpczynhkaholsscs/SourcePackages/checkouts/gtm-session-fetcher
    builtin-infoPlistUtility /Users/hectorgarcia/Library/Developer/Xcode/DerivedData/Build/Intermediates.noindex/GTMSessionFetcher.build/Debug-iphonesimulator/GTMSessionFetcher_GTMSessionFetcherCore.build/empty-GTMSessionFetcher_GTMSessionFetcherCore.plist -producttype com.apple.product-type.bundle -expandbuildsettings -format binary -platform iphonesimulator -o /Users/hectorgarcia/Library/Developer/Xcode/DerivedData/Build/Products/Debug-iphonesimulator/GTMSessionFetcher_GTMSessionFetcherCore.bundle/Info.plist

ProcessInfoPlistFile /Users/hectorgarcia/Library/Developer/Xcode/DerivedData/Build/Products/Debug-iphonesimulator/GTMAppAuth_GTMAppAuth.bundle/Info.plist /Users/hectorgarcia/Library/Developer/Xcode/DerivedData/Build/Intermediates.noindex/GTMAppAuth.build/Debug-iphonesimulator/GTMAppAuth_GTMAppAuth.build/empty-GTMAppAuth_GTMAppAuth.plist (in target 'GTMAppAuth_GTMAppAuth' from project 'GTMAppAuth')
    cd /Users/hectorgarcia/Library/Developer/Xcode/DerivedData/Lyo-eagkiegzrakogpczynhkaholsscs/SourcePackages/checkouts/GTMAppAuth
    builtin-infoPlistUtility /Users/hectorgarcia/Library/Developer/Xcode/DerivedData/Build/Intermediates.noindex/GTMAppAuth.build/Debug-iphonesimulator/GTMAppAuth_GTMAppAuth.build/empty-GTMAppAuth_GTMAppAuth.plist -producttype com.apple.product-type.bundle -expandbuildsettings -format binary -platform iphonesimulator -o /Users/hectorgarcia/Library/Developer/Xcode/DerivedData/Build/Products/Debug-iphonesimulator/GTMAppAuth_GTMAppAuth.bundle/Info.plist

ProcessInfoPlistFile /Users/hectorgarcia/Library/Developer/Xcode/DerivedData/Build/Products/Debug-iphonesimulator/Firebase_FirebaseInstallations.bundle/Info.plist /Users/hectorgarcia/Library/Developer/Xcode/DerivedData/Build/Intermediates.noindex/Firebase.build/Debug-iphonesimulator/Firebase_FirebaseInstallations.build/empty-Firebase_FirebaseInstallations.plist (in target 'Firebase_FirebaseInstallations' from project 'Firebase')
    cd /Users/hectorgarcia/Library/Developer/Xcode/DerivedData/Lyo-eagkiegzrakogpczynhkaholsscs/SourcePackages/checkouts/firebase-ios-sdk
    builtin-infoPlistUtility /Users/hectorgarcia/Library/Developer/Xcode/DerivedData/Build/Intermediates.noindex/Firebase.build/Debug-iphonesimulator/Firebase_FirebaseInstallations.build/empty-Firebase_FirebaseInstallations.plist -producttype com.apple.product-type.bundle -expandbuildsettings -format binary -platform iphonesimulator -o /Users/hectorgarcia/Library/Developer/Xcode/DerivedData/Build/Products/Debug-iphonesimulator/Firebase_FirebaseInstallations.bundle/Info.plist

ProcessInfoPlistFile /Users/hectorgarcia/Library/Developer/Xcode/DerivedData/Build/Products/Debug-iphonesimulator/Firebase_FirebaseCrashlytics.bundle/Info.plist /Users/hectorgarcia/Library/Developer/Xcode/DerivedData/Build/Intermediates.noindex/Firebase.build/Debug-iphonesimulator/Firebase_FirebaseCrashlytics.build/empty-Firebase_FirebaseCrashlytics.plist (in target 'Firebase_FirebaseCrashlytics' from project 'Firebase')
    cd /Users/hectorgarcia/Library/Developer/Xcode/DerivedData/Lyo-eagkiegzrakogpczynhkaholsscs/SourcePackages/checkouts/firebase-ios-sdk
    builtin-infoPlistUtility /Users/hectorgarcia/Library/Developer/Xcode/DerivedData/Build/Intermediates.noindex/Firebase.build/Debug-iphonesimulator/Firebase_FirebaseCrashlytics.build/empty-Firebase_FirebaseCrashlytics.plist -producttype com.apple.product-type.bundle -expandbuildsettings -format binary -platform iphonesimulator -o /Users/hectorgarcia/Library/Developer/Xcode/DerivedData/Build/Products/Debug-iphonesimulator/Firebase_FirebaseCrashlytics.bundle/Info.plist

ProcessInfoPlistFile /Users/hectorgarcia/Library/Developer/Xcode/DerivedData/Build/Products/Debug-iphonesimulator/Firebase_FirebaseCoreExtension.bundle/Info.plist /Users/hectorgarcia/Library/Developer/Xcode/DerivedData/Build/Intermediates.noindex/Firebase.build/Debug-iphonesimulator/Firebase_FirebaseCoreExtension.build/empty-Firebase_FirebaseCoreExtension.plist (in target 'Firebase_FirebaseCoreExtension' from project 'Firebase')
    cd /Users/hectorgarcia/Library/Developer/Xcode/DerivedData/Lyo-eagkiegzrakogpczynhkaholsscs/SourcePackages/checkouts/firebase-ios-sdk
    builtin-infoPlistUtility /Users/hectorgarcia/Library/Developer/Xcode/DerivedData/Build/Intermediates.noindex/Firebase.build/Debug-iphonesimulator/Firebase_FirebaseCoreExtension.build/empty-Firebase_FirebaseCoreExtension.plist -producttype com.apple.product-type.bundle -expandbuildsettings -format binary -platform iphonesimulator -o /Users/hectorgarcia/Library/Developer/Xcode/DerivedData/Build/Products/Debug-iphonesimulator/Firebase_FirebaseCoreExtension.bundle/Info.plist

ProcessInfoPlistFile /Users/hectorgarcia/Library/Developer/Xcode/DerivedData/Build/Products/Debug-iphonesimulator/Firebase_FirebaseCore.bundle/Info.plist /Users/hectorgarcia/Library/Developer/Xcode/DerivedData/Build/Intermediates.noindex/Firebase.build/Debug-iphonesimulator/Firebase_FirebaseCore.build/empty-Firebase_FirebaseCore.plist (in target 'Firebase_FirebaseCore' from project 'Firebase')
    cd /Users/hectorgarcia/Library/Developer/Xcode/DerivedData/Lyo-eagkiegzrakogpczynhkaholsscs/SourcePackages/checkouts/firebase-ios-sdk
    builtin-infoPlistUtility /Users/hectorgarcia/Library/Developer/Xcode/DerivedData/Build/Intermediates.noindex/Firebase.build/Debug-iphonesimulator/Firebase_FirebaseCore.build/empty-Firebase_FirebaseCore.plist -producttype com.apple.product-type.bundle -expandbuildsettings -format binary -platform iphonesimulator -o /Users/hectorgarcia/Library/Developer/Xcode/DerivedData/Build/Products/Debug-iphonesimulator/Firebase_FirebaseCore.bundle/Info.plist

ProcessInfoPlistFile /Users/hectorgarcia/Library/Developer/Xcode/DerivedData/Build/Products/Debug-iphonesimulator/Firebase_FirebaseAuth.bundle/Info.plist /Users/hectorgarcia/Library/Developer/Xcode/DerivedData/Build/Intermediates.noindex/Firebase.build/Debug-iphonesimulator/Firebase_FirebaseAuth.build/empty-Firebase_FirebaseAuth.plist (in target 'Firebase_FirebaseAuth' from project 'Firebase')
    cd /Users/hectorgarcia/Library/Developer/Xcode/DerivedData/Lyo-eagkiegzrakogpczynhkaholsscs/SourcePackages/checkouts/firebase-ios-sdk
    builtin-infoPlistUtility /Users/hectorgarcia/Library/Developer/Xcode/DerivedData/Build/Intermediates.noindex/Firebase.build/Debug-iphonesimulator/Firebase_FirebaseAuth.build/empty-Firebase_FirebaseAuth.plist -producttype com.apple.product-type.bundle -expandbuildsettings -format binary -platform iphonesimulator -o /Users/hectorgarcia/Library/Developer/Xcode/DerivedData/Build/Products/Debug-iphonesimulator/Firebase_FirebaseAuth.bundle/Info.plist

ProcessInfoPlistFile /Users/hectorgarcia/Library/Developer/Xcode/DerivedData/Build/Products/Debug-iphonesimulator/AppAuth_AppAuthCore.bundle/Info.plist /Users/hectorgarcia/Library/Developer/Xcode/DerivedData/Build/Intermediates.noindex/AppAuth.build/Debug-iphonesimulator/AppAuth_AppAuthCore.build/empty-AppAuth_AppAuthCore.plist (in target 'AppAuth_AppAuthCore' from project 'AppAuth')
    cd /Users/hectorgarcia/Library/Developer/Xcode/DerivedData/Lyo-eagkiegzrakogpczynhkaholsscs/SourcePackages/checkouts/AppAuth-iOS
    builtin-infoPlistUtility /Users/hectorgarcia/Library/Developer/Xcode/DerivedData/Build/Intermediates.noindex/AppAuth.build/Debug-iphonesimulator/AppAuth_AppAuthCore.build/empty-AppAuth_AppAuthCore.plist -producttype com.apple.product-type.bundle -expandbuildsettings -format binary -platform iphonesimulator -o /Users/hectorgarcia/Library/Developer/Xcode/DerivedData/Build/Products/Debug-iphonesimulator/AppAuth_AppAuthCore.bundle/Info.plist

ProcessInfoPlistFile /Users/hectorgarcia/Library/Developer/Xcode/DerivedData/Build/Products/Debug-iphonesimulator/AppAuth_AppAuth.bundle/Info.plist /Users/hectorgarcia/Library/Developer/Xcode/DerivedData/Build/Intermediates.noindex/AppAuth.build/Debug-iphonesimulator/AppAuth_AppAuth.build/empty-AppAuth_AppAuth.plist (in target 'AppAuth_AppAuth' from project 'AppAuth')
    cd /Users/hectorgarcia/Library/Developer/Xcode/DerivedData/Lyo-eagkiegzrakogpczynhkaholsscs/SourcePackages/checkouts/AppAuth-iOS
    builtin-infoPlistUtility /Users/hectorgarcia/Library/Developer/Xcode/DerivedData/Build/Intermediates.noindex/AppAuth.build/Debug-iphonesimulator/AppAuth_AppAuth.build/empty-AppAuth_AppAuth.plist -producttype com.apple.product-type.bundle -expandbuildsettings -format binary -platform iphonesimulator -o /Users/hectorgarcia/Library/Developer/Xcode/DerivedData/Build/Products/Debug-iphonesimulator/AppAuth_AppAuth.bundle/Info.plist

RegisterExecutionPolicyException /Users/hectorgarcia/Library/Developer/Xcode/DerivedData/Build/Products/Debug-iphonesimulator/FirebaseCoreInternal.o (in target 'FirebaseCoreInternal' from project 'Firebase')
    cd /Users/hectorgarcia/Library/Developer/Xcode/DerivedData/Lyo-eagkiegzrakogpczynhkaholsscs/SourcePackages/checkouts/firebase-ios-sdk
    builtin-RegisterExecutionPolicyException /Users/hectorgarcia/Library/Developer/Xcode/DerivedData/Build/Products/Debug-iphonesimulator/FirebaseCoreInternal.o

Ld /Users/hectorgarcia/Library/Developer/Xcode/DerivedData/Build/Products/Debug-iphonesimulator/nanopb.o normal (in target 'nanopb' from project 'nanopb')
    cd /Users/hectorgarcia/Library/Developer/Xcode/DerivedData/Lyo-eagkiegzrakogpczynhkaholsscs/SourcePackages/checkouts/nanopb
    /Users/hectorgarcia/Downloads/Xcode.app/Contents/Developer/Toolchains/XcodeDefault.xctoolchain/usr/bin/clang -Xlinker -reproducible -target x86_64-apple-ios12.0-simulator -r -isysroot /Users/hectorgarcia/Downloads/Xcode.app/Contents/Developer/Platforms/iPhoneSimulator.platform/Developer/SDKs/iPhoneSimulator26.2.sdk -O0 -w -L/Users/hectorgarcia/Library/Developer/Xcode/DerivedData/Build/Intermediates.noindex/EagerLinkingTBDs/Debug-iphonesimulator -L/Users/hectorgarcia/Library/Developer/Xcode/DerivedData/Build/Products/Debug-iphonesimulator -L/Users/hectorgarcia/Downloads/Xcode.app/Contents/Developer/Platforms/iPhoneSimulator.platform/Developer/usr/lib -F/Users/hectorgarcia/Library/Developer/Xcode/DerivedData/Build/Intermediates.noindex/EagerLinkingTBDs/Debug-iphonesimulator -F/Users/hectorgarcia/Library/Developer/Xcode/DerivedData/Build/Products/Debug-iphonesimulator -iframework /Users/hectorgarcia/Downloads/Xcode.app/Contents/Developer/Platforms/iPhoneSimulator.platform/Developer/Library/Frameworks -iframework /Users/hectorgarcia/Downloads/Xcode.app/Contents/Developer/Platforms/iPhoneSimulator.platform/Developer/SDKs/iPhoneSimulator26.2.sdk/Developer/Library/Frameworks -filelist /Users/hectorgarcia/Library/Developer/Xcode/DerivedData/Build/Intermediates.noindex/nanopb.build/Debug-iphonesimulator/nanopb.build/Objects-normal/x86_64/nanopb.LinkFileList -nostdlib -Xlinker -object_path_lto -Xlinker /Users/hectorgarcia/Library/Developer/Xcode/DerivedData/Build/Intermediates.noindex/nanopb.build/Debug-iphonesimulator/nanopb.build/Objects-normal/x86_64/nanopb_lto.o -rdynamic -Xlinker -no_deduplicate -Xlinker -objc_abi_version -Xlinker 2 -Xlinker -dependency_info -Xlinker /Users/hectorgarcia/Library/Developer/Xcode/DerivedData/Build/Intermediates.noindex/nanopb.build/Debug-iphonesimulator/nanopb.build/Objects-normal/x86_64/nanopb_dependency_info.dat -fobjc-arc -fobjc-link-runtime -o /Users/hectorgarcia/Library/Developer/Xcode/DerivedData/Build/Products/Debug-iphonesimulator/nanopb.o

Ld /Users/hectorgarcia/Library/Developer/Xcode/DerivedData/Build/Products/Debug-iphonesimulator/FBLPromises.o normal (in target 'FBLPromises' from project 'Promises')
    cd /Users/hectorgarcia/Library/Developer/Xcode/DerivedData/Lyo-eagkiegzrakogpczynhkaholsscs/SourcePackages/checkouts/promises
    /Users/hectorgarcia/Downloads/Xcode.app/Contents/Developer/Toolchains/XcodeDefault.xctoolchain/usr/bin/clang -Xlinker -reproducible -target x86_64-apple-ios12.0-simulator -r -isysroot /Users/hectorgarcia/Downloads/Xcode.app/Contents/Developer/Platforms/iPhoneSimulator.platform/Developer/SDKs/iPhoneSimulator26.2.sdk -O0 -w -L/Users/hectorgarcia/Library/Developer/Xcode/DerivedData/Build/Intermediates.noindex/EagerLinkingTBDs/Debug-iphonesimulator -L/Users/hectorgarcia/Library/Developer/Xcode/DerivedData/Build/Products/Debug-iphonesimulator -L/Users/hectorgarcia/Downloads/Xcode.app/Contents/Developer/Platforms/iPhoneSimulator.platform/Developer/usr/lib -F/Users/hectorgarcia/Library/Developer/Xcode/DerivedData/Build/Intermediates.noindex/EagerLinkingTBDs/Debug-iphonesimulator -F/Users/hectorgarcia/Library/Developer/Xcode/DerivedData/Build/Products/Debug-iphonesimulator -iframework /Users/hectorgarcia/Downloads/Xcode.app/Contents/Developer/Platforms/iPhoneSimulator.platform/Developer/Library/Frameworks -iframework /Users/hectorgarcia/Downloads/Xcode.app/Contents/Developer/Platforms/iPhoneSimulator.platform/Developer/SDKs/iPhoneSimulator26.2.sdk/Developer/Library/Frameworks -filelist /Users/hectorgarcia/Library/Developer/Xcode/DerivedData/Build/Intermediates.noindex/Promises.build/Debug-iphonesimulator/FBLPromises.build/Objects-normal/x86_64/FBLPromises.LinkFileList -nostdlib -Xlinker -object_path_lto -Xlinker /Users/hectorgarcia/Library/Developer/Xcode/DerivedData/Build/Intermediates.noindex/Promises.build/Debug-iphonesimulator/FBLPromises.build/Objects-normal/x86_64/FBLPromises_lto.o -rdynamic -Xlinker -no_deduplicate -Xlinker -objc_abi_version -Xlinker 2 -Xlinker -dependency_info -Xlinker /Users/hectorgarcia/Library/Developer/Xcode/DerivedData/Build/Intermediates.noindex/Promises.build/Debug-iphonesimulator/FBLPromises.build/Objects-normal/x86_64/FBLPromises_dependency_info.dat -fobjc-arc -fobjc-link-runtime -o /Users/hectorgarcia/Library/Developer/Xcode/DerivedData/Build/Products/Debug-iphonesimulator/FBLPromises.o

ProcessProductPackagingDER /Users/hectorgarcia/Library/Developer/Xcode/DerivedData/Build/Intermediates.noindex/Lyo.build/Debug-iphonesimulator/Lyo.build/Lyo.app.xcent /Users/hectorgarcia/Library/Developer/Xcode/DerivedData/Build/Intermediates.noindex/Lyo.build/Debug-iphonesimulator/Lyo.build/Lyo.app.xcent.der (in target 'Lyo' from project 'Lyo')
    cd /Users/hectorgarcia/LYO_Da_ONE
    /usr/bin/derq query -f xml -i /Users/hectorgarcia/Library/Developer/Xcode/DerivedData/Build/Intermediates.noindex/Lyo.build/Debug-iphonesimulator/Lyo.build/Lyo.app.xcent -o /Users/hectorgarcia/Library/Developer/Xcode/DerivedData/Build/Intermediates.noindex/Lyo.build/Debug-iphonesimulator/Lyo.build/Lyo.app.xcent.der --raw

Ld /Users/hectorgarcia/Library/Developer/Xcode/DerivedData/Build/Products/Debug-iphonesimulator/FirebaseCoreExtension.o normal (in target 'FirebaseCoreExtension' from project 'Firebase')
    cd /Users/hectorgarcia/Library/Developer/Xcode/DerivedData/Lyo-eagkiegzrakogpczynhkaholsscs/SourcePackages/checkouts/firebase-ios-sdk
    /Users/hectorgarcia/Downloads/Xcode.app/Contents/Developer/Toolchains/XcodeDefault.xctoolchain/usr/bin/clang -Xlinker -reproducible -target x86_64-apple-ios12.0-simulator -r -isysroot /Users/hectorgarcia/Downloads/Xcode.app/Contents/Developer/Platforms/iPhoneSimulator.platform/Developer/SDKs/iPhoneSimulator26.2.sdk -O0 -w -L/Users/hectorgarcia/Library/Developer/Xcode/DerivedData/Build/Intermediates.noindex/EagerLinkingTBDs/Debug-iphonesimulator -L/Users/hectorgarcia/Library/Developer/Xcode/DerivedData/Build/Products/Debug-iphonesimulator -L/Users/hectorgarcia/Downloads/Xcode.app/Contents/Developer/Platforms/iPhoneSimulator.platform/Developer/usr/lib -F/Users/hectorgarcia/Library/Developer/Xcode/DerivedData/Build/Intermediates.noindex/EagerLinkingTBDs/Debug-iphonesimulator -F/Users/hectorgarcia/Library/Developer/Xcode/DerivedData/Build/Products/Debug-iphonesimulator -iframework /Users/hectorgarcia/Downloads/Xcode.app/Contents/Developer/Platforms/iPhoneSimulator.platform/Developer/Library/Frameworks -iframework /Users/hectorgarcia/Downloads/Xcode.app/Contents/Developer/Platforms/iPhoneSimulator.platform/Developer/SDKs/iPhoneSimulator26.2.sdk/Developer/Library/Frameworks -filelist /Users/hectorgarcia/Library/Developer/Xcode/DerivedData/Build/Intermediates.noindex/Firebase.build/Debug-iphonesimulator/FirebaseCoreExtension.build/Objects-normal/x86_64/FirebaseCoreExtension.LinkFileList -nostdlib -Xlinker -object_path_lto -Xlinker /Users/hectorgarcia/Library/Developer/Xcode/DerivedData/Build/Intermediates.noindex/Firebase.build/Debug-iphonesimulator/FirebaseCoreExtension.build/Objects-normal/x86_64/FirebaseCoreExtension_lto.o -rdynamic -Xlinker -no_deduplicate -Xlinker -objc_abi_version -Xlinker 2 -Xlinker -dependency_info -Xlinker /Users/hectorgarcia/Library/Developer/Xcode/DerivedData/Build/Intermediates.noindex/Firebase.build/Debug-iphonesimulator/FirebaseCoreExtension.build/Objects-normal/x86_64/FirebaseCoreExtension_dependency_info.dat -fobjc-arc -fobjc-link-runtime -o /Users/hectorgarcia/Library/Developer/Xcode/DerivedData/Build/Products/Debug-iphonesimulator/FirebaseCoreExtension.o

Ld /Users/hectorgarcia/Library/Developer/Xcode/DerivedData/Build/Products/Debug-iphonesimulator/GTMSessionFetcherCore.o normal (in target 'GTMSessionFetcherCore' from project 'GTMSessionFetcher')
    cd /Users/hectorgarcia/Library/Developer/Xcode/DerivedData/Lyo-eagkiegzrakogpczynhkaholsscs/SourcePackages/checkouts/gtm-session-fetcher
    /Users/hectorgarcia/Downloads/Xcode.app/Contents/Developer/Toolchains/XcodeDefault.xctoolchain/usr/bin/clang -Xlinker -reproducible -target x86_64-apple-ios12.0-simulator -r -isysroot /Users/hectorgarcia/Downloads/Xcode.app/Contents/Developer/Platforms/iPhoneSimulator.platform/Developer/SDKs/iPhoneSimulator26.2.sdk -O0 -w -L/Users/hectorgarcia/Library/Developer/Xcode/DerivedData/Build/Intermediates.noindex/EagerLinkingTBDs/Debug-iphonesimulator -L/Users/hectorgarcia/Library/Developer/Xcode/DerivedData/Build/Products/Debug-iphonesimulator -L/Users/hectorgarcia/Downloads/Xcode.app/Contents/Developer/Platforms/iPhoneSimulator.platform/Developer/usr/lib -F/Users/hectorgarcia/Library/Developer/Xcode/DerivedData/Build/Intermediates.noindex/EagerLinkingTBDs/Debug-iphonesimulator -F/Users/hectorgarcia/Library/Developer/Xcode/DerivedData/Build/Products/Debug-iphonesimulator -iframework /Users/hectorgarcia/Downloads/Xcode.app/Contents/Developer/Platforms/iPhoneSimulator.platform/Developer/Library/Frameworks -iframework /Users/hectorgarcia/Downloads/Xcode.app/Contents/Developer/Platforms/iPhoneSimulator.platform/Developer/SDKs/iPhoneSimulator26.2.sdk/Developer/Library/Frameworks -filelist /Users/hectorgarcia/Library/Developer/Xcode/DerivedData/Build/Intermediates.noindex/GTMSessionFetcher.build/Debug-iphonesimulator/GTMSessionFetcherCore.build/Objects-normal/x86_64/GTMSessionFetcherCore.LinkFileList -nostdlib -Xlinker -object_path_lto -Xlinker /Users/hectorgarcia/Library/Developer/Xcode/DerivedData/Build/Intermediates.noindex/GTMSessionFetcher.build/Debug-iphonesimulator/GTMSessionFetcherCore.build/Objects-normal/x86_64/GTMSessionFetcherCore_lto.o -rdynamic -Xlinker -no_deduplicate -Xlinker -objc_abi_version -Xlinker 2 -Xlinker -dependency_info -Xlinker /Users/hectorgarcia/Library/Developer/Xcode/DerivedData/Build/Intermediates.noindex/GTMSessionFetcher.build/Debug-iphonesimulator/GTMSessionFetcherCore.build/Objects-normal/x86_64/GTMSessionFetcherCore_dependency_info.dat -fobjc-arc -fobjc-link-runtime -o /Users/hectorgarcia/Library/Developer/Xcode/DerivedData/Build/Products/Debug-iphonesimulator/GTMSessionFetcherCore.o

ProcessProductPackagingDER /Users/hectorgarcia/Library/Developer/Xcode/DerivedData/Build/Intermediates.noindex/Lyo.build/Debug-iphonesimulator/Lyo.build/Lyo.app-Simulated.xcent /Users/hectorgarcia/Library/Developer/Xcode/DerivedData/Build/Intermediates.noindex/Lyo.build/Debug-iphonesimulator/Lyo.build/Lyo.app-Simulated.xcent.der (in target 'Lyo' from project 'Lyo')
    cd /Users/hectorgarcia/LYO_Da_ONE
    /usr/bin/derq query -f xml -i /Users/hectorgarcia/Library/Developer/Xcode/DerivedData/Build/Intermediates.noindex/Lyo.build/Debug-iphonesimulator/Lyo.build/Lyo.app-Simulated.xcent -o /Users/hectorgarcia/Library/Developer/Xcode/DerivedData/Build/Intermediates.noindex/Lyo.build/Debug-iphonesimulator/Lyo.build/Lyo.app-Simulated.xcent.der --raw

Ld /Users/hectorgarcia/Library/Developer/Xcode/DerivedData/Build/Products/Debug-iphonesimulator/AppAuthCore.o normal (in target 'AppAuthCore' from project 'AppAuth')
    cd /Users/hectorgarcia/Library/Developer/Xcode/DerivedData/Lyo-eagkiegzrakogpczynhkaholsscs/SourcePackages/checkouts/AppAuth-iOS
    /Users/hectorgarcia/Downloads/Xcode.app/Contents/Developer/Toolchains/XcodeDefault.xctoolchain/usr/bin/clang -Xlinker -reproducible -target x86_64-apple-ios12.0-simulator -r -isysroot /Users/hectorgarcia/Downloads/Xcode.app/Contents/Developer/Platforms/iPhoneSimulator.platform/Developer/SDKs/iPhoneSimulator26.2.sdk -O0 -w -L/Users/hectorgarcia/Library/Developer/Xcode/DerivedData/Build/Intermediates.noindex/EagerLinkingTBDs/Debug-iphonesimulator -L/Users/hectorgarcia/Library/Developer/Xcode/DerivedData/Build/Products/Debug-iphonesimulator -L/Users/hectorgarcia/Downloads/Xcode.app/Contents/Developer/Platforms/iPhoneSimulator.platform/Developer/usr/lib -F/Users/hectorgarcia/Library/Developer/Xcode/DerivedData/Build/Intermediates.noindex/EagerLinkingTBDs/Debug-iphonesimulator -F/Users/hectorgarcia/Library/Developer/Xcode/DerivedData/Build/Products/Debug-iphonesimulator -iframework /Users/hectorgarcia/Downloads/Xcode.app/Contents/Developer/Platforms/iPhoneSimulator.platform/Developer/Library/Frameworks -iframework /Users/hectorgarcia/Downloads/Xcode.app/Contents/Developer/Platforms/iPhoneSimulator.platform/Developer/SDKs/iPhoneSimulator26.2.sdk/Developer/Library/Frameworks -filelist /Users/hectorgarcia/Library/Developer/Xcode/DerivedData/Build/Intermediates.noindex/AppAuth.build/Debug-iphonesimulator/AppAuthCore.build/Objects-normal/x86_64/AppAuthCore.LinkFileList -nostdlib -Xlinker -object_path_lto -Xlinker /Users/hectorgarcia/Library/Developer/Xcode/DerivedData/Build/Intermediates.noindex/AppAuth.build/Debug-iphonesimulator/AppAuthCore.build/Objects-normal/x86_64/AppAuthCore_lto.o -rdynamic -Xlinker -no_deduplicate -Xlinker -objc_abi_version -Xlinker 2 -Xlinker -dependency_info -Xlinker /Users/hectorgarcia/Library/Developer/Xcode/DerivedData/Build/Intermediates.noindex/AppAuth.build/Debug-iphonesimulator/AppAuthCore.build/Objects-normal/x86_64/AppAuthCore_dependency_info.dat -fobjc-arc -fobjc-link-runtime -o /Users/hectorgarcia/Library/Developer/Xcode/DerivedData/Build/Products/Debug-iphonesimulator/AppAuthCore.o

ExtractAppIntentsMetadata (in target 'FirebaseRemoteConfigInterop' from project 'Firebase')
    cd /Users/hectorgarcia/Library/Developer/Xcode/DerivedData/Lyo-eagkiegzrakogpczynhkaholsscs/SourcePackages/checkouts/firebase-ios-sdk
    /Users/hectorgarcia/Downloads/Xcode.app/Contents/Developer/Toolchains/XcodeDefault.xctoolchain/usr/bin/appintentsmetadataprocessor --toolchain-dir /Users/hectorgarcia/Downloads/Xcode.app/Contents/Developer/Toolchains/XcodeDefault.xctoolchain --module-name FirebaseRemoteConfigInterop --sdk-root /Users/hectorgarcia/Downloads/Xcode.app/Contents/Developer/Platforms/iPhoneSimulator.platform/Developer/SDKs/iPhoneSimulator26.2.sdk --xcode-version 17C52 --platform-family iOS --deployment-target 12.0 --bundle-identifier firebase-ios-sdk.FirebaseRemoteConfigInterop --output /Users/hectorgarcia/Library/Developer/Xcode/DerivedData/Build/Products/Debug-iphonesimulator/FirebaseRemoteConfigInterop.appintents --target-triple x86_64-apple-ios12.0-simulator --binary-file /Users/hectorgarcia/Library/Developer/Xcode/DerivedData/Build/Products/Debug-iphonesimulator/FirebaseRemoteConfigInterop.o --dependency-file /Users/hectorgarcia/Library/Developer/Xcode/DerivedData/Build/Intermediates.noindex/Firebase.build/Debug-iphonesimulator/FirebaseRemoteConfigInterop.build/Objects-normal/x86_64/FirebaseRemoteConfigInterop_dependency_info.dat --stringsdata-file /Users/hectorgarcia/Library/Developer/Xcode/DerivedData/Build/Intermediates.noindex/Firebase.build/Debug-iphonesimulator/FirebaseRemoteConfigInterop.build/Objects-normal/x86_64/ExtractedAppShortcutsMetadata.stringsdata --source-file-list /Users/hectorgarcia/Library/Developer/Xcode/DerivedData/Build/Intermediates.noindex/Firebase.build/Debug-iphonesimulator/FirebaseRemoteConfigInterop.build/Objects-normal/x86_64/FirebaseRemoteConfigInterop.SwiftFileList --metadata-file-list /Users/hectorgarcia/Library/Developer/Xcode/DerivedData/Build/Intermediates.noindex/Firebase.build/Debug-iphonesimulator/FirebaseRemoteConfigInterop.build/FirebaseRemoteConfigInterop.DependencyMetadataFileList --static-metadata-file-list /Users/hectorgarcia/Library/Developer/Xcode/DerivedData/Build/Intermediates.noindex/Firebase.build/Debug-iphonesimulator/FirebaseRemoteConfigInterop.build/FirebaseRemoteConfigInterop.DependencyStaticMetadataFileList --swift-const-vals-list /Users/hectorgarcia/Library/Developer/Xcode/DerivedData/Build/Intermediates.noindex/Firebase.build/Debug-iphonesimulator/FirebaseRemoteConfigInterop.build/Objects-normal/x86_64/FirebaseRemoteConfigInterop.SwiftConstValuesFileList --force --compile-time-extraction --deployment-aware-processing --validate-assistant-intents --no-app-shortcuts-localization
2026-01-24 10:01:44.592 appintentsmetadataprocessor[28887:5746069] Starting appintentsmetadataprocessor export
2026-01-24 10:01:47.369 appintentsmetadataprocessor[28887:5746069] Extracted no relevant App Intents symbols, skipping writing output

RegisterExecutionPolicyException /Users/hectorgarcia/Library/Developer/Xcode/DerivedData/Build/Products/Debug-iphonesimulator/RecaptchaInterop.o (in target 'RecaptchaInterop' from project 'InteropForGoogle')
    cd /Users/hectorgarcia/Library/Developer/Xcode/DerivedData/Lyo-eagkiegzrakogpczynhkaholsscs/SourcePackages/checkouts/interop-ios-for-google-sdks
    builtin-RegisterExecutionPolicyException /Users/hectorgarcia/Library/Developer/Xcode/DerivedData/Build/Products/Debug-iphonesimulator/RecaptchaInterop.o

RegisterExecutionPolicyException /Users/hectorgarcia/Library/Developer/Xcode/DerivedData/Build/Products/Debug-iphonesimulator/third-party-IsAppEncrypted.o (in target 'third-party-IsAppEncrypted' from project 'GoogleUtilities')
    cd /Users/hectorgarcia/Library/Developer/Xcode/DerivedData/Lyo-eagkiegzrakogpczynhkaholsscs/SourcePackages/checkouts/GoogleUtilities
    builtin-RegisterExecutionPolicyException /Users/hectorgarcia/Library/Developer/Xcode/DerivedData/Build/Products/Debug-iphonesimulator/third-party-IsAppEncrypted.o

RegisterExecutionPolicyException /Users/hectorgarcia/Library/Developer/Xcode/DerivedData/Build/Products/Debug-iphonesimulator/nanopb.o (in target 'nanopb' from project 'nanopb')
    cd /Users/hectorgarcia/Library/Developer/Xcode/DerivedData/Lyo-eagkiegzrakogpczynhkaholsscs/SourcePackages/checkouts/nanopb
    builtin-RegisterExecutionPolicyException /Users/hectorgarcia/Library/Developer/Xcode/DerivedData/Build/Products/Debug-iphonesimulator/nanopb.o

SwiftDriver Lyo normal x86_64 com.apple.xcode.tools.swift.compiler (in target 'Lyo' from project 'Lyo')
    cd /Users/hectorgarcia/LYO_Da_ONE
    builtin-SwiftDriver -- /Users/hectorgarcia/Downloads/Xcode.app/Contents/Developer/Toolchains/XcodeDefault.xctoolchain/usr/bin/swiftc -module-name Lyo -Onone -enforce-exclusivity\=checked @/Users/hectorgarcia/Library/Developer/Xcode/DerivedData/Build/Intermediates.noindex/Lyo.build/Debug-iphonesimulator/Lyo.build/Objects-normal/x86_64/Lyo.SwiftFileList -DDEBUG -Xcc -fmodule-map-file\=/Users/hectorgarcia/Library/Developer/Xcode/DerivedData/Build/Intermediates.noindex/GeneratedModuleMaps-iphonesimulator/AppAuth.modulemap -Xcc -fmodule-map-file\=/Users/hectorgarcia/Library/Developer/Xcode/DerivedData/Build/Intermediates.noindex/GeneratedModuleMaps-iphonesimulator/AppAuthCore.modulemap -Xcc -fmodule-map-file\=/Users/hectorgarcia/Library/Developer/Xcode/DerivedData/Build/Intermediates.noindex/GeneratedModuleMaps-iphonesimulator/GoogleSignIn.modulemap -Xcc -fmodule-map-file\=/Users/hectorgarcia/Library/Developer/Xcode/DerivedData/Build/Intermediates.noindex/GeneratedModuleMaps-iphonesimulator/GoogleUtilities-Network.modulemap -Xcc -fmodule-map-file\=/Users/hectorgarcia/Library/Developer/Xcode/DerivedData/Build/Intermediates.noindex/GeneratedModuleMaps-iphonesimulator/GoogleUtilities-Reachability.modulemap -Xcc -fmodule-map-file\=/Users/hectorgarcia/Library/Developer/Xcode/DerivedData/Build/Intermediates.noindex/GeneratedModuleMaps-iphonesimulator/GoogleUtilities-AppDelegateSwizzler.modulemap -Xcc -fmodule-map-file\=/Users/hectorgarcia/Library/Developer/Xcode/DerivedData/Build/Intermediates.noindex/GeneratedModuleMaps-iphonesimulator/GTMSessionFetcherCore.modulemap -Xcc -fmodule-map-file\=/Users/hectorgarcia/Library/Developer/Xcode/DerivedData/Build/Intermediates.noindex/GeneratedModuleMaps-iphonesimulator/RecaptchaInterop.modulemap -Xcc -fmodule-map-file\=/Users/hectorgarcia/Library/Developer/Xcode/DerivedData/Build/Intermediates.noindex/GeneratedModuleMaps-iphonesimulator/FirebaseAppCheckInterop.modulemap -Xcc -fmodule-map-file\=/Users/hectorgarcia/Library/Developer/Xcode/DerivedData/Build/Intermediates.noindex/GeneratedModuleMaps-iphonesimulator/FirebaseAuth.modulemap -Xcc -fmodule-map-file\=/Users/hectorgarcia/Library/Developer/Xcode/DerivedData/Build/Intermediates.noindex/GeneratedModuleMaps-iphonesimulator/GoogleUtilities-NSData.modulemap -Xcc -fmodule-map-file\=/Users/hectorgarcia/Library/Developer/Xcode/DerivedData/Build/Intermediates.noindex/GeneratedModuleMaps-iphonesimulator/GoogleUtilities-Logger.modulemap -Xcc -fmodule-map-file\=/Users/hectorgarcia/Library/Developer/Xcode/DerivedData/Build/Intermediates.noindex/GeneratedModuleMaps-iphonesimulator/GoogleUtilities-Environment.modulemap -Xcc -fmodule-map-file\=/Users/hectorgarcia/Library/Developer/Xcode/DerivedData/Build/Intermediates.noindex/GeneratedModuleMaps-iphonesimulator/third-party-IsAppEncrypted.modulemap -Xcc -fmodule-map-file\=/Users/hectorgarcia/Library/Developer/Xcode/DerivedData/Build/Intermediates.noindex/GeneratedModuleMaps-iphonesimulator/GoogleUtilities-UserDefaults.modulemap -Xcc -fmodule-map-file\=/Users/hectorgarcia/Library/Developer/Xcode/DerivedData/Build/Intermediates.noindex/GeneratedModuleMaps-iphonesimulator/nanopb.modulemap -Xcc -fmodule-map-file\=/Users/hectorgarcia/Library/Developer/Xcode/DerivedData/Build/Intermediates.noindex/GeneratedModuleMaps-iphonesimulator/GoogleDataTransport.modulemap -Xcc -fmodule-map-file\=/Users/hectorgarcia/Library/Developer/Xcode/DerivedData/Build/Intermediates.noindex/GeneratedModuleMaps-iphonesimulator/FirebaseSessionsObjC.modulemap -Xcc -fmodule-map-file\=/Users/hectorgarcia/Library/Developer/Xcode/DerivedData/Build/Intermediates.noindex/GeneratedModuleMaps-iphonesimulator/FirebaseCoreExtension.modulemap -Xcc -fmodule-map-file\=/Users/hectorgarcia/Library/Developer/Xcode/DerivedData/Build/Intermediates.noindex/GeneratedModuleMaps-iphonesimulator/FirebaseInstallations.modulemap -Xcc -fmodule-map-file\=/Users/hectorgarcia/Library/Developer/Xcode/DerivedData/Build/Intermediates.noindex/GeneratedModuleMaps-iphonesimulator/FirebaseCore.modulemap -Xcc -fmodule-map-file\=/Users/hectorgarcia/Library/Developer/Xcode/DerivedData/Build/Intermediates.noindex/GeneratedModuleMaps-iphonesimulator/FirebaseCrashlytics.modulemap -enable-bare-slash-regex -enable-experimental-feature DebugDescriptionMacro -sdk /Users/hectorgarcia/Downloads/Xcode.app/Contents/Developer/Platforms/iPhoneSimulator.platform/Developer/SDKs/iPhoneSimulator26.2.sdk -target x86_64-apple-ios17.0-simulator -g -module-cache-path /Users/hectorgarcia/Library/Developer/Xcode/DerivedData/ModuleCache.noindex -Xfrontend -serialize-debugging-options -enable-testing -index-store-path /Users/hectorgarcia/Library/Developer/Xcode/DerivedData/Lyo-eagkiegzrakogpczynhkaholsscs/Index.noindex/DataStore -Xcc -D_LIBCPP_HARDENING_MODE\=_LIBCPP_HARDENING_MODE_DEBUG -swift-version 5 -I /Users/hectorgarcia/Library/Developer/Xcode/DerivedData/Build/Products/Debug-iphonesimulator -F /Users/hectorgarcia/Library/Developer/Xcode/DerivedData/Build/Products/Debug-iphonesimulator/PackageFrameworks -F /Users/hectorgarcia/Library/Developer/Xcode/DerivedData/Build/Products/Debug-iphonesimulator/PackageFrameworks -F /Users/hectorgarcia/Library/Developer/Xcode/DerivedData/Build/Products/Debug-iphonesimulator/PackageFrameworks -F /Users/hectorgarcia/Library/Developer/Xcode/DerivedData/Build/Products/Debug-iphonesimulator/PackageFrameworks -F /Users/hectorgarcia/Library/Developer/Xcode/DerivedData/Build/Products/Debug-iphonesimulator/PackageFrameworks -F /Users/hectorgarcia/Library/Developer/Xcode/DerivedData/Build/Products/Debug-iphonesimulator/PackageFrameworks -F /Users/hectorgarcia/Library/Developer/Xcode/DerivedData/Build/Products/Debug-iphonesimulator/PackageFrameworks -F /Users/hectorgarcia/Library/Developer/Xcode/DerivedData/Build/Products/Debug-iphonesimulator/PackageFrameworks -F /Users/hectorgarcia/Library/Developer/Xcode/DerivedData/Build/Products/Debug-iphonesimulator/PackageFrameworks -F /Users/hectorgarcia/Library/Developer/Xcode/DerivedData/Build/Products/Debug-iphonesimulator/PackageFrameworks -F /Users/hectorgarcia/Library/Developer/Xcode/DerivedData/Build/Products/Debug-iphonesimulator/PackageFrameworks -F /Users/hectorgarcia/Library/Developer/Xcode/DerivedData/Build/Products/Debug-iphonesimulator/PackageFrameworks -F /Users/hectorgarcia/Library/Developer/Xcode/DerivedData/Build/Products/Debug-iphonesimulator/PackageFrameworks -F /Users/hectorgarcia/Library/Developer/Xcode/DerivedData/Build/Products/Debug-iphonesimulator/PackageFrameworks -F /Users/hectorgarcia/Library/Developer/Xcode/DerivedData/Build/Products/Debug-iphonesimulator/PackageFrameworks -F /Users/hectorgarcia/Library/Developer/Xcode/DerivedData/Build/Products/Debug-iphonesimulator/PackageFrameworks -F /Users/hectorgarcia/Library/Developer/Xcode/DerivedData/Build/Products/Debug-iphonesimulator/PackageFrameworks -F /Users/hectorgarcia/Library/Developer/Xcode/DerivedData/Build/Products/Debug-iphonesimulator/PackageFrameworks -F /Users/hectorgarcia/Library/Developer/Xcode/DerivedData/Build/Products/Debug-iphonesimulator/PackageFrameworks -F /Users/hectorgarcia/Library/Developer/Xcode/DerivedData/Build/Products/Debug-iphonesimulator/PackageFrameworks -F /Users/hectorgarcia/Library/Developer/Xcode/DerivedData/Build/Products/Debug-iphonesimulator/PackageFrameworks -F /Users/hectorgarcia/Library/Developer/Xcode/DerivedData/Build/Products/Debug-iphonesimulator/PackageFrameworks -F /Users/hectorgarcia/Library/Developer/Xcode/DerivedData/Build/Products/Debug-iphonesimulator/PackageFrameworks -F /Users/hectorgarcia/Library/Developer/Xcode/DerivedData/Build/Products/Debug-iphonesimulator/PackageFrameworks -F /Users/hectorgarcia/Library/Developer/Xcode/DerivedData/Build/Products/Debug-iphonesimulator/PackageFrameworks -F /Users/hectorgarcia/Library/Developer/Xcode/DerivedData/Build/Products/Debug-iphonesimulator/PackageFrameworks -F /Users/hectorgarcia/Library/Developer/Xcode/DerivedData/Build/Products/Debug-iphonesimulator/PackageFrameworks -F /Users/hectorgarcia/Library/Developer/Xcode/DerivedData/Build/Products/Debug-iphonesimulator/PackageFrameworks -F /Users/hectorgarcia/Library/Developer/Xcode/DerivedData/Build/Products/Debug-iphonesimulator/PackageFrameworks -F /Users/hectorgarcia/Library/Developer/Xcode/DerivedData/Build/Products/Debug-iphonesimulator/PackageFrameworks -F /Users/hectorgarcia/Library/Developer/Xcode/DerivedData/Build/Products/Debug-iphonesimulator -c -j8 -enable-batch-mode -incremental -Xcc -ivfsstatcache -Xcc /Users/hectorgarcia/Library/Developer/Xcode/DerivedData/SDKStatCaches.noindex/iphonesimulator26.2-23C53-823d3e8b6e60bc2018c189d3ca05ba9b.sdkstatcache -output-file-map /Users/hectorgarcia/Library/Developer/Xcode/DerivedData/Build/Intermediates.noindex/Lyo.build/Debug-iphonesimulator/Lyo.build/Objects-normal/x86_64/Lyo-OutputFileMap.json -use-frontend-parseable-output -save-temps -no-color-diagnostics -explicit-module-build -module-cache-path /Users/hectorgarcia/Library/Developer/Xcode/DerivedData/Build/Intermediates.noindex/SwiftExplicitPrecompiledModules -clang-scanner-module-cache-path /Users/hectorgarcia/Library/Developer/Xcode/DerivedData/ModuleCache.noindex -sdk-module-cache-path /Users/hectorgarcia/Library/Developer/Xcode/DerivedData/ModuleCache.noindex -serialize-diagnostics -emit-dependencies -emit-module -emit-module-path /Users/hectorgarcia/Library/Developer/Xcode/DerivedData/Build/Intermediates.noindex/Lyo.build/Debug-iphonesimulator/Lyo.build/Objects-normal/x86_64/Lyo.swiftmodule -validate-clang-modules-once -clang-build-session-file /Users/hectorgarcia/Library/Developer/Xcode/DerivedData/ModuleCache.noindex/Session.modulevalidation -Xcc -I/Users/hectorgarcia/Library/Developer/Xcode/DerivedData/Build/Intermediates.noindex/Lyo.build/Debug-iphonesimulator/Lyo.build/swift-overrides.hmap -emit-const-values -Xfrontend -const-gather-protocols-file -Xfrontend /Users/hectorgarcia/Library/Developer/Xcode/DerivedData/Build/Intermediates.noindex/Lyo.build/Debug-iphonesimulator/Lyo.build/Objects-normal/x86_64/Lyo_const_extract_protocols.json -Xcc -iquote -Xcc /Users/hectorgarcia/Library/Developer/Xcode/DerivedData/Build/Intermediates.noindex/Lyo.build/Debug-iphonesimulator/Lyo.build/Lyo-generated-files.hmap -Xcc -I/Users/hectorgarcia/Library/Developer/Xcode/DerivedData/Build/Intermediates.noindex/Lyo.build/Debug-iphonesimulator/Lyo.build/Lyo-own-target-headers.hmap -Xcc -I/Users/hectorgarcia/Library/Developer/Xcode/DerivedData/Build/Intermediates.noindex/Lyo.build/Debug-iphonesimulator/Lyo.build/Lyo-all-non-framework-target-headers.hmap -Xcc -ivfsoverlay -Xcc /Users/hectorgarcia/Library/Developer/Xcode/DerivedData/Build/Intermediates.noindex/Lyo.build/Debug-iphonesimulator/Lyo-bbd64440b6994385d1fe7db0e422d1b1-VFS-iphonesimulator/all-product-headers.yaml -Xcc -iquote -Xcc /Users/hectorgarcia/Library/Developer/Xcode/DerivedData/Build/Intermediates.noindex/Lyo.build/Debug-iphonesimulator/Lyo.build/Lyo-project-headers.hmap -Xcc -I/Users/hectorgarcia/Library/Developer/Xcode/DerivedData/Lyo-eagkiegzrakogpczynhkaholsscs/SourcePackages/checkouts/AppAuth-iOS/Sources/AppAuth -Xcc -I/Users/hectorgarcia/Library/Developer/Xcode/DerivedData/Lyo-eagkiegzrakogpczynhkaholsscs/SourcePackages/checkouts/AppAuth-iOS/Sources/AppAuthCore -Xcc -I/Users/hectorgarcia/Library/Developer/Xcode/DerivedData/Lyo-eagkiegzrakogpczynhkaholsscs/SourcePackages/checkouts/GoogleSignIn-iOS/GoogleSignIn/Sources/Public -Xcc -I/Users/hectorgarcia/Library/Developer/Xcode/DerivedData/Lyo-eagkiegzrakogpczynhkaholsscs/SourcePackages/checkouts/GoogleUtilities/GoogleUtilities/Network/Public -Xcc -I/Users/hectorgarcia/Library/Developer/Xcode/DerivedData/Lyo-eagkiegzrakogpczynhkaholsscs/SourcePackages/checkouts/GoogleUtilities/GoogleUtilities/Reachability/Public -Xcc -I/Users/hectorgarcia/Library/Developer/Xcode/DerivedData/Lyo-eagkiegzrakogpczynhkaholsscs/SourcePackages/checkouts/GoogleUtilities/GoogleUtilities/AppDelegateSwizzler/Public -Xcc -I/Users/hectorgarcia/Library/Developer/Xcode/DerivedData/Lyo-eagkiegzrakogpczynhkaholsscs/SourcePackages/checkouts/gtm-session-fetcher/Sources/Core/Public -Xcc -I/Users/hectorgarcia/Library/Developer/Xcode/DerivedData/Lyo-eagkiegzrakogpczynhkaholsscs/SourcePackages/checkouts/interop-ios-for-google-sdks/RecaptchaEnterprise/RecaptchaInterop/Public -Xcc -I/Users/hectorgarcia/Library/Developer/Xcode/DerivedData/Lyo-eagkiegzrakogpczynhkaholsscs/SourcePackages/checkouts/firebase-ios-sdk/FirebaseAppCheck/Interop/Public -Xcc -I/Users/hectorgarcia/Library/Developer/Xcode/DerivedData/Lyo-eagkiegzrakogpczynhkaholsscs/SourcePackages/checkouts/firebase-ios-sdk/FirebaseAuth/Sources/Public -Xcc -I/Users/hectorgarcia/Library/Developer/Xcode/DerivedData/Lyo-eagkiegzrakogpczynhkaholsscs/SourcePackages/checkouts/GoogleUtilities/GoogleUtilities/NSData+zlib/Public -Xcc -I/Users/hectorgarcia/Library/Developer/Xcode/DerivedData/Lyo-eagkiegzrakogpczynhkaholsscs/SourcePackages/checkouts/GoogleUtilities/GoogleUtilities/Logger/Public -Xcc -I/Users/hectorgarcia/Library/Developer/Xcode/DerivedData/Lyo-eagkiegzrakogpczynhkaholsscs/SourcePackages/checkouts/GoogleUtilities/GoogleUtilities/Environment/Public -Xcc -I/Users/hectorgarcia/Library/Developer/Xcode/DerivedData/Lyo-eagkiegzrakogpczynhkaholsscs/SourcePackages/checkouts/GoogleUtilities/third_party/IsAppEncrypted/Public -Xcc -I/Users/hectorgarcia/Library/Developer/Xcode/DerivedData/Lyo-eagkiegzrakogpczynhkaholsscs/SourcePackages/checkouts/GoogleUtilities/GoogleUtilities/UserDefaults/Public -Xcc -I/Users/hectorgarcia/Library/Developer/Xcode/DerivedData/Lyo-eagkiegzrakogpczynhkaholsscs/SourcePackages/checkouts/nanopb/spm_headers -Xcc -I/Users/hectorgarcia/Library/Developer/Xcode/DerivedData/Lyo-eagkiegzrakogpczynhkaholsscs/SourcePackages/checkouts/promises/Sources/FBLPromises/include -Xcc -I/Users/hectorgarcia/Library/Developer/Xcode/DerivedData/Lyo-eagkiegzrakogpczynhkaholsscs/SourcePackages/checkouts/GoogleDataTransport/GoogleDataTransport/GDTCORLibrary/Public -Xcc -I/Users/hectorgarcia/Library/Developer/Xcode/DerivedData/Lyo-eagkiegzrakogpczynhkaholsscs/SourcePackages/checkouts/firebase-ios-sdk/FirebaseSessions/SourcesObjC -Xcc -I/Users/hectorgarcia/Library/Developer/Xcode/DerivedData/Lyo-eagkiegzrakogpczynhkaholsscs/SourcePackages/checkouts/firebase-ios-sdk/FirebaseCore/Extension -Xcc -I/Users/hectorgarcia/Library/Developer/Xcode/DerivedData/Lyo-eagkiegzrakogpczynhkaholsscs/SourcePackages/checkouts/firebase-ios-sdk/FirebaseInstallations/Source/Library/Public -Xcc -I/Users/hectorgarcia/Library/Developer/Xcode/DerivedData/Lyo-eagkiegzrakogpczynhkaholsscs/SourcePackages/checkouts/firebase-ios-sdk/FirebaseCore/Sources/Public -Xcc -I/Users/hectorgarcia/Library/Developer/Xcode/DerivedData/Lyo-eagkiegzrakogpczynhkaholsscs/SourcePackages/checkouts/firebase-ios-sdk/CoreOnly/Sources -Xcc -I/Users/hectorgarcia/Library/Developer/Xcode/DerivedData/Lyo-eagkiegzrakogpczynhkaholsscs/SourcePackages/checkouts/firebase-ios-sdk/Crashlytics/Crashlytics/Public -Xcc -I/Users/hectorgarcia/Library/Developer/Xcode/DerivedData/Build/Products/Debug-iphonesimulator/include -Xcc -I/Users/hectorgarcia/Library/Developer/Xcode/DerivedData/Build/Intermediates.noindex/Lyo.build/Debug-iphonesimulator/Lyo.build/DerivedSources-normal/x86_64 -Xcc -I/Users/hectorgarcia/Library/Developer/Xcode/DerivedData/Build/Intermediates.noindex/Lyo.build/Debug-iphonesimulator/Lyo.build/DerivedSources/x86_64 -Xcc -I/Users/hectorgarcia/Library/Developer/Xcode/DerivedData/Build/Intermediates.noindex/Lyo.build/Debug-iphonesimulator/Lyo.build/DerivedSources -Xcc -DDEBUG\=1 -emit-objc-header -emit-objc-header-path /Users/hectorgarcia/Library/Developer/Xcode/DerivedData/Build/Intermediates.noindex/Lyo.build/Debug-iphonesimulator/Lyo.build/Objects-normal/x86_64/Lyo-Swift.h -working-directory /Users/hectorgarcia/LYO_Da_ONE -experimental-emit-module-separately -disable-cmo

RegisterExecutionPolicyException /Users/hectorgarcia/Library/Developer/Xcode/DerivedData/Build/Products/Debug-iphonesimulator/Firebase.o (in target 'Firebase' from project 'Firebase')
    cd /Users/hectorgarcia/Library/Developer/Xcode/DerivedData/Lyo-eagkiegzrakogpczynhkaholsscs/SourcePackages/checkouts/firebase-ios-sdk
    builtin-RegisterExecutionPolicyException /Users/hectorgarcia/Library/Developer/Xcode/DerivedData/Build/Products/Debug-iphonesimulator/Firebase.o

RegisterExecutionPolicyException /Users/hectorgarcia/Library/Developer/Xcode/DerivedData/Build/Products/Debug-iphonesimulator/FBLPromises.o (in target 'FBLPromises' from project 'Promises')
    cd /Users/hectorgarcia/Library/Developer/Xcode/DerivedData/Lyo-eagkiegzrakogpczynhkaholsscs/SourcePackages/checkouts/promises
    builtin-RegisterExecutionPolicyException /Users/hectorgarcia/Library/Developer/Xcode/DerivedData/Build/Products/Debug-iphonesimulator/FBLPromises.o

RegisterExecutionPolicyException /Users/hectorgarcia/Library/Developer/Xcode/DerivedData/Build/Products/Debug-iphonesimulator/GTMSessionFetcherCore.o (in target 'GTMSessionFetcherCore' from project 'GTMSessionFetcher')
    cd /Users/hectorgarcia/Library/Developer/Xcode/DerivedData/Lyo-eagkiegzrakogpczynhkaholsscs/SourcePackages/checkouts/gtm-session-fetcher
    builtin-RegisterExecutionPolicyException /Users/hectorgarcia/Library/Developer/Xcode/DerivedData/Build/Products/Debug-iphonesimulator/GTMSessionFetcherCore.o

RegisterExecutionPolicyException /Users/hectorgarcia/Library/Developer/Xcode/DerivedData/Build/Products/Debug-iphonesimulator/FirebaseAppCheckInterop.o (in target 'FirebaseAppCheckInterop' from project 'Firebase')
    cd /Users/hectorgarcia/Library/Developer/Xcode/DerivedData/Lyo-eagkiegzrakogpczynhkaholsscs/SourcePackages/checkouts/firebase-ios-sdk
    builtin-RegisterExecutionPolicyException /Users/hectorgarcia/Library/Developer/Xcode/DerivedData/Build/Products/Debug-iphonesimulator/FirebaseAppCheckInterop.o

RegisterExecutionPolicyException /Users/hectorgarcia/Library/Developer/Xcode/DerivedData/Build/Products/Debug-iphonesimulator/AppAuthCore.o (in target 'AppAuthCore' from project 'AppAuth')
    cd /Users/hectorgarcia/Library/Developer/Xcode/DerivedData/Lyo-eagkiegzrakogpczynhkaholsscs/SourcePackages/checkouts/AppAuth-iOS
    builtin-RegisterExecutionPolicyException /Users/hectorgarcia/Library/Developer/Xcode/DerivedData/Build/Products/Debug-iphonesimulator/AppAuthCore.o

RegisterExecutionPolicyException /Users/hectorgarcia/Library/Developer/Xcode/DerivedData/Build/Products/Debug-iphonesimulator/FirebaseCoreExtension.o (in target 'FirebaseCoreExtension' from project 'Firebase')
    cd /Users/hectorgarcia/Library/Developer/Xcode/DerivedData/Lyo-eagkiegzrakogpczynhkaholsscs/SourcePackages/checkouts/firebase-ios-sdk
    builtin-RegisterExecutionPolicyException /Users/hectorgarcia/Library/Developer/Xcode/DerivedData/Build/Products/Debug-iphonesimulator/FirebaseCoreExtension.o

Ld /Users/hectorgarcia/Library/Developer/Xcode/DerivedData/Build/Products/Debug-iphonesimulator/Promises.o normal (in target 'Promises' from project 'Promises')
    cd /Users/hectorgarcia/Library/Developer/Xcode/DerivedData/Lyo-eagkiegzrakogpczynhkaholsscs/SourcePackages/checkouts/promises
    /Users/hectorgarcia/Downloads/Xcode.app/Contents/Developer/Toolchains/XcodeDefault.xctoolchain/usr/bin/clang -Xlinker -reproducible -target x86_64-apple-ios12.0-simulator -r -isysroot /Users/hectorgarcia/Downloads/Xcode.app/Contents/Developer/Platforms/iPhoneSimulator.platform/Developer/SDKs/iPhoneSimulator26.2.sdk -O0 -w -L/Users/hectorgarcia/Library/Developer/Xcode/DerivedData/Build/Intermediates.noindex/EagerLinkingTBDs/Debug-iphonesimulator -L/Users/hectorgarcia/Library/Developer/Xcode/DerivedData/Build/Products/Debug-iphonesimulator -L/Users/hectorgarcia/Downloads/Xcode.app/Contents/Developer/Platforms/iPhoneSimulator.platform/Developer/usr/lib -F/Users/hectorgarcia/Library/Developer/Xcode/DerivedData/Build/Intermediates.noindex/EagerLinkingTBDs/Debug-iphonesimulator -F/Users/hectorgarcia/Library/Developer/Xcode/DerivedData/Build/Products/Debug-iphonesimulator/PackageFrameworks -F/Users/hectorgarcia/Library/Developer/Xcode/DerivedData/Build/Products/Debug-iphonesimulator -iframework /Users/hectorgarcia/Downloads/Xcode.app/Contents/Developer/Platforms/iPhoneSimulator.platform/Developer/Library/Frameworks -iframework /Users/hectorgarcia/Downloads/Xcode.app/Contents/Developer/Platforms/iPhoneSimulator.platform/Developer/SDKs/iPhoneSimulator26.2.sdk/Developer/Library/Frameworks -filelist /Users/hectorgarcia/Library/Developer/Xcode/DerivedData/Build/Intermediates.noindex/Promises.build/Debug-iphonesimulator/Promises.build/Objects-normal/x86_64/Promises.LinkFileList -nostdlib -Xlinker -object_path_lto -Xlinker /Users/hectorgarcia/Library/Developer/Xcode/DerivedData/Build/Intermediates.noindex/Promises.build/Debug-iphonesimulator/Promises.build/Objects-normal/x86_64/Promises_lto.o -rdynamic -Xlinker -no_deduplicate -Xlinker -objc_abi_version -Xlinker 2 -Xlinker -dependency_info -Xlinker /Users/hectorgarcia/Library/Developer/Xcode/DerivedData/Build/Intermediates.noindex/Promises.build/Debug-iphonesimulator/Promises.build/Objects-normal/x86_64/Promises_dependency_info.dat -fobjc-link-runtime -L/Users/hectorgarcia/Downloads/Xcode.app/Contents/Developer/Toolchains/XcodeDefault.xctoolchain/usr/lib/swift/iphonesimulator -L/usr/lib/swift -Xlinker -add_ast_path -Xlinker /Users/hectorgarcia/Library/Developer/Xcode/DerivedData/Build/Intermediates.noindex/Promises.build/Debug-iphonesimulator/Promises.build/Objects-normal/x86_64/Promises.swiftmodule @/Users/hectorgarcia/Library/Developer/Xcode/DerivedData/Build/Intermediates.noindex/Promises.build/Debug-iphonesimulator/Promises.build/Objects-normal/x86_64/Promises-linker-args.resp -o /Users/hectorgarcia/Library/Developer/Xcode/DerivedData/Build/Products/Debug-iphonesimulator/Promises.o

Ld /Users/hectorgarcia/Library/Developer/Xcode/DerivedData/Build/Products/Debug-iphonesimulator/GoogleUtilities-Environment.o normal (in target 'GoogleUtilities-Environment' from project 'GoogleUtilities')
    cd /Users/hectorgarcia/Library/Developer/Xcode/DerivedData/Lyo-eagkiegzrakogpczynhkaholsscs/SourcePackages/checkouts/GoogleUtilities
    /Users/hectorgarcia/Downloads/Xcode.app/Contents/Developer/Toolchains/XcodeDefault.xctoolchain/usr/bin/clang -Xlinker -reproducible -target x86_64-apple-ios12.0-simulator -r -isysroot /Users/hectorgarcia/Downloads/Xcode.app/Contents/Developer/Platforms/iPhoneSimulator.platform/Developer/SDKs/iPhoneSimulator26.2.sdk -O0 -w -L/Users/hectorgarcia/Library/Developer/Xcode/DerivedData/Build/Intermediates.noindex/EagerLinkingTBDs/Debug-iphonesimulator -L/Users/hectorgarcia/Library/Developer/Xcode/DerivedData/Build/Products/Debug-iphonesimulator -L/Users/hectorgarcia/Downloads/Xcode.app/Contents/Developer/Platforms/iPhoneSimulator.platform/Developer/usr/lib -F/Users/hectorgarcia/Library/Developer/Xcode/DerivedData/Build/Intermediates.noindex/EagerLinkingTBDs/Debug-iphonesimulator -F/Users/hectorgarcia/Library/Developer/Xcode/DerivedData/Build/Products/Debug-iphonesimulator/PackageFrameworks -F/Users/hectorgarcia/Library/Developer/Xcode/DerivedData/Build/Products/Debug-iphonesimulator/PackageFrameworks -F/Users/hectorgarcia/Library/Developer/Xcode/DerivedData/Build/Products/Debug-iphonesimulator -iframework /Users/hectorgarcia/Downloads/Xcode.app/Contents/Developer/Platforms/iPhoneSimulator.platform/Developer/Library/Frameworks -iframework /Users/hectorgarcia/Downloads/Xcode.app/Contents/Developer/Platforms/iPhoneSimulator.platform/Developer/SDKs/iPhoneSimulator26.2.sdk/Developer/Library/Frameworks -filelist /Users/hectorgarcia/Library/Developer/Xcode/DerivedData/Build/Intermediates.noindex/GoogleUtilities.build/Debug-iphonesimulator/GoogleUtilities-Environment.build/Objects-normal/x86_64/GoogleUtilities-Environment.LinkFileList -nostdlib -Xlinker -object_path_lto -Xlinker /Users/hectorgarcia/Library/Developer/Xcode/DerivedData/Build/Intermediates.noindex/GoogleUtilities.build/Debug-iphonesimulator/GoogleUtilities-Environment.build/Objects-normal/x86_64/GoogleUtilities-Environment_lto.o -rdynamic -Xlinker -no_deduplicate -Xlinker -objc_abi_version -Xlinker 2 -Xlinker -dependency_info -Xlinker /Users/hectorgarcia/Library/Developer/Xcode/DerivedData/Build/Intermediates.noindex/GoogleUtilities.build/Debug-iphonesimulator/GoogleUtilities-Environment.build/Objects-normal/x86_64/GoogleUtilities-Environment_dependency_info.dat -fobjc-arc -fobjc-link-runtime -o /Users/hectorgarcia/Library/Developer/Xcode/DerivedData/Build/Products/Debug-iphonesimulator/GoogleUtilities-Environment.o

Ld /Users/hectorgarcia/Library/Developer/Xcode/DerivedData/Build/Products/Debug-iphonesimulator/AppAuth.o normal (in target 'AppAuth' from project 'AppAuth')
    cd /Users/hectorgarcia/Library/Developer/Xcode/DerivedData/Lyo-eagkiegzrakogpczynhkaholsscs/SourcePackages/checkouts/AppAuth-iOS
    /Users/hectorgarcia/Downloads/Xcode.app/Contents/Developer/Toolchains/XcodeDefault.xctoolchain/usr/bin/clang -Xlinker -reproducible -target x86_64-apple-ios12.0-simulator -r -isysroot /Users/hectorgarcia/Downloads/Xcode.app/Contents/Developer/Platforms/iPhoneSimulator.platform/Developer/SDKs/iPhoneSimulator26.2.sdk -O0 -w -L/Users/hectorgarcia/Library/Developer/Xcode/DerivedData/Build/Intermediates.noindex/EagerLinkingTBDs/Debug-iphonesimulator -L/Users/hectorgarcia/Library/Developer/Xcode/DerivedData/Build/Products/Debug-iphonesimulator -L/Users/hectorgarcia/Downloads/Xcode.app/Contents/Developer/Platforms/iPhoneSimulator.platform/Developer/usr/lib -F/Users/hectorgarcia/Library/Developer/Xcode/DerivedData/Build/Intermediates.noindex/EagerLinkingTBDs/Debug-iphonesimulator -F/Users/hectorgarcia/Library/Developer/Xcode/DerivedData/Build/Products/Debug-iphonesimulator/PackageFrameworks -F/Users/hectorgarcia/Library/Developer/Xcode/DerivedData/Build/Products/Debug-iphonesimulator -iframework /Users/hectorgarcia/Downloads/Xcode.app/Contents/Developer/Platforms/iPhoneSimulator.platform/Developer/Library/Frameworks -iframework /Users/hectorgarcia/Downloads/Xcode.app/Contents/Developer/Platforms/iPhoneSimulator.platform/Developer/SDKs/iPhoneSimulator26.2.sdk/Developer/Library/Frameworks -filelist /Users/hectorgarcia/Library/Developer/Xcode/DerivedData/Build/Intermediates.noindex/AppAuth.build/Debug-iphonesimulator/AppAuth.build/Objects-normal/x86_64/AppAuth.LinkFileList -nostdlib -Xlinker -object_path_lto -Xlinker /Users/hectorgarcia/Library/Developer/Xcode/DerivedData/Build/Intermediates.noindex/AppAuth.build/Debug-iphonesimulator/AppAuth.build/Objects-normal/x86_64/AppAuth_lto.o -rdynamic -Xlinker -no_deduplicate -Xlinker -objc_abi_version -Xlinker 2 -Xlinker -dependency_info -Xlinker /Users/hectorgarcia/Library/Developer/Xcode/DerivedData/Build/Intermediates.noindex/AppAuth.build/Debug-iphonesimulator/AppAuth.build/Objects-normal/x86_64/AppAuth_dependency_info.dat -fobjc-arc -fobjc-link-runtime -o /Users/hectorgarcia/Library/Developer/Xcode/DerivedData/Build/Products/Debug-iphonesimulator/AppAuth.o

ExtractAppIntentsMetadata (in target 'Promises' from project 'Promises')
    cd /Users/hectorgarcia/Library/Developer/Xcode/DerivedData/Lyo-eagkiegzrakogpczynhkaholsscs/SourcePackages/checkouts/promises
    /Users/hectorgarcia/Downloads/Xcode.app/Contents/Developer/Toolchains/XcodeDefault.xctoolchain/usr/bin/appintentsmetadataprocessor --toolchain-dir /Users/hectorgarcia/Downloads/Xcode.app/Contents/Developer/Toolchains/XcodeDefault.xctoolchain --module-name Promises --sdk-root /Users/hectorgarcia/Downloads/Xcode.app/Contents/Developer/Platforms/iPhoneSimulator.platform/Developer/SDKs/iPhoneSimulator26.2.sdk --xcode-version 17C52 --platform-family iOS --deployment-target 12.0 --bundle-identifier promises.Promises --output /Users/hectorgarcia/Library/Developer/Xcode/DerivedData/Build/Products/Debug-iphonesimulator/Promises.appintents --target-triple x86_64-apple-ios12.0-simulator --binary-file /Users/hectorgarcia/Library/Developer/Xcode/DerivedData/Build/Products/Debug-iphonesimulator/Promises.o --dependency-file /Users/hectorgarcia/Library/Developer/Xcode/DerivedData/Build/Intermediates.noindex/Promises.build/Debug-iphonesimulator/Promises.build/Objects-normal/x86_64/Promises_dependency_info.dat --stringsdata-file /Users/hectorgarcia/Library/Developer/Xcode/DerivedData/Build/Intermediates.noindex/Promises.build/Debug-iphonesimulator/Promises.build/Objects-normal/x86_64/ExtractedAppShortcutsMetadata.stringsdata --source-file-list /Users/hectorgarcia/Library/Developer/Xcode/DerivedData/Build/Intermediates.noindex/Promises.build/Debug-iphonesimulator/Promises.build/Objects-normal/x86_64/Promises.SwiftFileList --metadata-file-list /Users/hectorgarcia/Library/Developer/Xcode/DerivedData/Build/Intermediates.noindex/Promises.build/Debug-iphonesimulator/Promises.build/Promises.DependencyMetadataFileList --static-metadata-file-list /Users/hectorgarcia/Library/Developer/Xcode/DerivedData/Build/Intermediates.noindex/Promises.build/Debug-iphonesimulator/Promises.build/Promises.DependencyStaticMetadataFileList --swift-const-vals-list /Users/hectorgarcia/Library/Developer/Xcode/DerivedData/Build/Intermediates.noindex/Promises.build/Debug-iphonesimulator/Promises.build/Objects-normal/x86_64/Promises.SwiftConstValuesFileList --force --compile-time-extraction --deployment-aware-processing --validate-assistant-intents --no-app-shortcuts-localization
2026-01-24 10:01:44.934 appintentsmetadataprocessor[28895:5746136] Starting appintentsmetadataprocessor export
2026-01-24 10:01:47.449 appintentsmetadataprocessor[28895:5746136] Extracted no relevant App Intents symbols, skipping writing output

RegisterExecutionPolicyException /Users/hectorgarcia/Library/Developer/Xcode/DerivedData/Build/Products/Debug-iphonesimulator/GoogleUtilities-Environment.o (in target 'GoogleUtilities-Environment' from project 'GoogleUtilities')
    cd /Users/hectorgarcia/Library/Developer/Xcode/DerivedData/Lyo-eagkiegzrakogpczynhkaholsscs/SourcePackages/checkouts/GoogleUtilities
    builtin-RegisterExecutionPolicyException /Users/hectorgarcia/Library/Developer/Xcode/DerivedData/Build/Products/Debug-iphonesimulator/GoogleUtilities-Environment.o

RegisterExecutionPolicyException /Users/hectorgarcia/Library/Developer/Xcode/DerivedData/Build/Products/Debug-iphonesimulator/AppAuth.o (in target 'AppAuth' from project 'AppAuth')
    cd /Users/hectorgarcia/Library/Developer/Xcode/DerivedData/Lyo-eagkiegzrakogpczynhkaholsscs/SourcePackages/checkouts/AppAuth-iOS
    builtin-RegisterExecutionPolicyException /Users/hectorgarcia/Library/Developer/Xcode/DerivedData/Build/Products/Debug-iphonesimulator/AppAuth.o

Ld /Users/hectorgarcia/Library/Developer/Xcode/DerivedData/Build/Products/Debug-iphonesimulator/GTMAppAuth.o normal (in target 'GTMAppAuth' from project 'GTMAppAuth')
    cd /Users/hectorgarcia/Library/Developer/Xcode/DerivedData/Lyo-eagkiegzrakogpczynhkaholsscs/SourcePackages/checkouts/GTMAppAuth
    /Users/hectorgarcia/Downloads/Xcode.app/Contents/Developer/Toolchains/XcodeDefault.xctoolchain/usr/bin/clang -Xlinker -reproducible -target x86_64-apple-ios12.0-simulator -r -isysroot /Users/hectorgarcia/Downloads/Xcode.app/Contents/Developer/Platforms/iPhoneSimulator.platform/Developer/SDKs/iPhoneSimulator26.2.sdk -O0 -w -L/Users/hectorgarcia/Library/Developer/Xcode/DerivedData/Build/Intermediates.noindex/EagerLinkingTBDs/Debug-iphonesimulator -L/Users/hectorgarcia/Library/Developer/Xcode/DerivedData/Build/Products/Debug-iphonesimulator -L/Users/hectorgarcia/Downloads/Xcode.app/Contents/Developer/Platforms/iPhoneSimulator.platform/Developer/usr/lib -F/Users/hectorgarcia/Library/Developer/Xcode/DerivedData/Build/Intermediates.noindex/EagerLinkingTBDs/Debug-iphonesimulator -F/Users/hectorgarcia/Library/Developer/Xcode/DerivedData/Build/Products/Debug-iphonesimulator/PackageFrameworks -F/Users/hectorgarcia/Library/Developer/Xcode/DerivedData/Build/Products/Debug-iphonesimulator/PackageFrameworks -F/Users/hectorgarcia/Library/Developer/Xcode/DerivedData/Build/Products/Debug-iphonesimulator -iframework /Users/hectorgarcia/Downloads/Xcode.app/Contents/Developer/Platforms/iPhoneSimulator.platform/Developer/Library/Frameworks -iframework /Users/hectorgarcia/Downloads/Xcode.app/Contents/Developer/Platforms/iPhoneSimulator.platform/Developer/SDKs/iPhoneSimulator26.2.sdk/Developer/Library/Frameworks -filelist /Users/hectorgarcia/Library/Developer/Xcode/DerivedData/Build/Intermediates.noindex/GTMAppAuth.build/Debug-iphonesimulator/GTMAppAuth.build/Objects-normal/x86_64/GTMAppAuth.LinkFileList -nostdlib -Xlinker -object_path_lto -Xlinker /Users/hectorgarcia/Library/Developer/Xcode/DerivedData/Build/Intermediates.noindex/GTMAppAuth.build/Debug-iphonesimulator/GTMAppAuth.build/Objects-normal/x86_64/GTMAppAuth_lto.o -rdynamic -Xlinker -no_deduplicate -Xlinker -objc_abi_version -Xlinker 2 -Xlinker -dependency_info -Xlinker /Users/hectorgarcia/Library/Developer/Xcode/DerivedData/Build/Intermediates.noindex/GTMAppAuth.build/Debug-iphonesimulator/GTMAppAuth.build/Objects-normal/x86_64/GTMAppAuth_dependency_info.dat -fobjc-link-runtime -L/Users/hectorgarcia/Downloads/Xcode.app/Contents/Developer/Toolchains/XcodeDefault.xctoolchain/usr/lib/swift/iphonesimulator -L/usr/lib/swift -Xlinker -add_ast_path -Xlinker /Users/hectorgarcia/Library/Developer/Xcode/DerivedData/Build/Intermediates.noindex/GTMAppAuth.build/Debug-iphonesimulator/GTMAppAuth.build/Objects-normal/x86_64/GTMAppAuth.swiftmodule @/Users/hectorgarcia/Library/Developer/Xcode/DerivedData/Build/Intermediates.noindex/GTMAppAuth.build/Debug-iphonesimulator/GTMAppAuth.build/Objects-normal/x86_64/GTMAppAuth-linker-args.resp -o /Users/hectorgarcia/Library/Developer/Xcode/DerivedData/Build/Products/Debug-iphonesimulator/GTMAppAuth.o

Ld /Users/hectorgarcia/Library/Developer/Xcode/DerivedData/Build/Products/Debug-iphonesimulator/GoogleDataTransport.o normal (in target 'GoogleDataTransport' from project 'GoogleDataTransport')
    cd /Users/hectorgarcia/Library/Developer/Xcode/DerivedData/Lyo-eagkiegzrakogpczynhkaholsscs/SourcePackages/checkouts/GoogleDataTransport
    /Users/hectorgarcia/Downloads/Xcode.app/Contents/Developer/Toolchains/XcodeDefault.xctoolchain/usr/bin/clang -Xlinker -reproducible -target x86_64-apple-ios12.0-simulator -r -isysroot /Users/hectorgarcia/Downloads/Xcode.app/Contents/Developer/Platforms/iPhoneSimulator.platform/Developer/SDKs/iPhoneSimulator26.2.sdk -O0 -w -L/Users/hectorgarcia/Library/Developer/Xcode/DerivedData/Build/Intermediates.noindex/EagerLinkingTBDs/Debug-iphonesimulator -L/Users/hectorgarcia/Library/Developer/Xcode/DerivedData/Build/Products/Debug-iphonesimulator -L/Users/hectorgarcia/Downloads/Xcode.app/Contents/Developer/Platforms/iPhoneSimulator.platform/Developer/usr/lib -F/Users/hectorgarcia/Library/Developer/Xcode/DerivedData/Build/Intermediates.noindex/EagerLinkingTBDs/Debug-iphonesimulator -F/Users/hectorgarcia/Library/Developer/Xcode/DerivedData/Build/Products/Debug-iphonesimulator/PackageFrameworks -F/Users/hectorgarcia/Library/Developer/Xcode/DerivedData/Build/Products/Debug-iphonesimulator/PackageFrameworks -F/Users/hectorgarcia/Library/Developer/Xcode/DerivedData/Build/Products/Debug-iphonesimulator/PackageFrameworks -F/Users/hectorgarcia/Library/Developer/Xcode/DerivedData/Build/Products/Debug-iphonesimulator/PackageFrameworks -F/Users/hectorgarcia/Library/Developer/Xcode/DerivedData/Build/Products/Debug-iphonesimulator -iframework /Users/hectorgarcia/Downloads/Xcode.app/Contents/Developer/Platforms/iPhoneSimulator.platform/Developer/Library/Frameworks -iframework /Users/hectorgarcia/Downloads/Xcode.app/Contents/Developer/Platforms/iPhoneSimulator.platform/Developer/SDKs/iPhoneSimulator26.2.sdk/Developer/Library/Frameworks -filelist /Users/hectorgarcia/Library/Developer/Xcode/DerivedData/Build/Intermediates.noindex/GoogleDataTransport.build/Debug-iphonesimulator/GoogleDataTransport.build/Objects-normal/x86_64/GoogleDataTransport.LinkFileList -nostdlib -Xlinker -object_path_lto -Xlinker /Users/hectorgarcia/Library/Developer/Xcode/DerivedData/Build/Intermediates.noindex/GoogleDataTransport.build/Debug-iphonesimulator/GoogleDataTransport.build/Objects-normal/x86_64/GoogleDataTransport_lto.o -rdynamic -Xlinker -no_deduplicate -Xlinker -objc_abi_version -Xlinker 2 -Xlinker -dependency_info -Xlinker /Users/hectorgarcia/Library/Developer/Xcode/DerivedData/Build/Intermediates.noindex/GoogleDataTransport.build/Debug-iphonesimulator/GoogleDataTransport.build/Objects-normal/x86_64/GoogleDataTransport_dependency_info.dat -fobjc-arc -fobjc-link-runtime -o /Users/hectorgarcia/Library/Developer/Xcode/DerivedData/Build/Products/Debug-iphonesimulator/GoogleDataTransport.o

Ld /Users/hectorgarcia/Library/Developer/Xcode/DerivedData/Build/Products/Debug-iphonesimulator/GoogleUtilities-Logger.o normal (in target 'GoogleUtilities-Logger' from project 'GoogleUtilities')
    cd /Users/hectorgarcia/Library/Developer/Xcode/DerivedData/Lyo-eagkiegzrakogpczynhkaholsscs/SourcePackages/checkouts/GoogleUtilities
    /Users/hectorgarcia/Downloads/Xcode.app/Contents/Developer/Toolchains/XcodeDefault.xctoolchain/usr/bin/clang -Xlinker -reproducible -target x86_64-apple-ios12.0-simulator -r -isysroot /Users/hectorgarcia/Downloads/Xcode.app/Contents/Developer/Platforms/iPhoneSimulator.platform/Developer/SDKs/iPhoneSimulator26.2.sdk -O0 -w -L/Users/hectorgarcia/Library/Developer/Xcode/DerivedData/Build/Intermediates.noindex/EagerLinkingTBDs/Debug-iphonesimulator -L/Users/hectorgarcia/Library/Developer/Xcode/DerivedData/Build/Products/Debug-iphonesimulator -L/Users/hectorgarcia/Downloads/Xcode.app/Contents/Developer/Platforms/iPhoneSimulator.platform/Developer/usr/lib -F/Users/hectorgarcia/Library/Developer/Xcode/DerivedData/Build/Intermediates.noindex/EagerLinkingTBDs/Debug-iphonesimulator -F/Users/hectorgarcia/Library/Developer/Xcode/DerivedData/Build/Products/Debug-iphonesimulator/PackageFrameworks -F/Users/hectorgarcia/Library/Developer/Xcode/DerivedData/Build/Products/Debug-iphonesimulator/PackageFrameworks -F/Users/hectorgarcia/Library/Developer/Xcode/DerivedData/Build/Products/Debug-iphonesimulator/PackageFrameworks -F/Users/hectorgarcia/Library/Developer/Xcode/DerivedData/Build/Products/Debug-iphonesimulator -iframework /Users/hectorgarcia/Downloads/Xcode.app/Contents/Developer/Platforms/iPhoneSimulator.platform/Developer/Library/Frameworks -iframework /Users/hectorgarcia/Downloads/Xcode.app/Contents/Developer/Platforms/iPhoneSimulator.platform/Developer/SDKs/iPhoneSimulator26.2.sdk/Developer/Library/Frameworks -filelist /Users/hectorgarcia/Library/Developer/Xcode/DerivedData/Build/Intermediates.noindex/GoogleUtilities.build/Debug-iphonesimulator/GoogleUtilities-Logger.build/Objects-normal/x86_64/GoogleUtilities-Logger.LinkFileList -nostdlib -Xlinker -object_path_lto -Xlinker /Users/hectorgarcia/Library/Developer/Xcode/DerivedData/Build/Intermediates.noindex/GoogleUtilities.build/Debug-iphonesimulator/GoogleUtilities-Logger.build/Objects-normal/x86_64/GoogleUtilities-Logger_lto.o -rdynamic -Xlinker -no_deduplicate -Xlinker -objc_abi_version -Xlinker 2 -Xlinker -dependency_info -Xlinker /Users/hectorgarcia/Library/Developer/Xcode/DerivedData/Build/Intermediates.noindex/GoogleUtilities.build/Debug-iphonesimulator/GoogleUtilities-Logger.build/Objects-normal/x86_64/GoogleUtilities-Logger_dependency_info.dat -fobjc-arc -fobjc-link-runtime -o /Users/hectorgarcia/Library/Developer/Xcode/DerivedData/Build/Products/Debug-iphonesimulator/GoogleUtilities-Logger.o

ExtractAppIntentsMetadata (in target 'GTMAppAuth' from project 'GTMAppAuth')
    cd /Users/hectorgarcia/Library/Developer/Xcode/DerivedData/Lyo-eagkiegzrakogpczynhkaholsscs/SourcePackages/checkouts/GTMAppAuth
    /Users/hectorgarcia/Downloads/Xcode.app/Contents/Developer/Toolchains/XcodeDefault.xctoolchain/usr/bin/appintentsmetadataprocessor --toolchain-dir /Users/hectorgarcia/Downloads/Xcode.app/Contents/Developer/Toolchains/XcodeDefault.xctoolchain --module-name GTMAppAuth --sdk-root /Users/hectorgarcia/Downloads/Xcode.app/Contents/Developer/Platforms/iPhoneSimulator.platform/Developer/SDKs/iPhoneSimulator26.2.sdk --xcode-version 17C52 --platform-family iOS --deployment-target 12.0 --bundle-identifier gtmappauth.GTMAppAuth --output /Users/hectorgarcia/Library/Developer/Xcode/DerivedData/Build/Products/Debug-iphonesimulator/GTMAppAuth.appintents --target-triple x86_64-apple-ios12.0-simulator --binary-file /Users/hectorgarcia/Library/Developer/Xcode/DerivedData/Build/Products/Debug-iphonesimulator/GTMAppAuth.o --dependency-file /Users/hectorgarcia/Library/Developer/Xcode/DerivedData/Build/Intermediates.noindex/GTMAppAuth.build/Debug-iphonesimulator/GTMAppAuth.build/Objects-normal/x86_64/GTMAppAuth_dependency_info.dat --stringsdata-file /Users/hectorgarcia/Library/Developer/Xcode/DerivedData/Build/Intermediates.noindex/GTMAppAuth.build/Debug-iphonesimulator/GTMAppAuth.build/Objects-normal/x86_64/ExtractedAppShortcutsMetadata.stringsdata --source-file-list /Users/hectorgarcia/Library/Developer/Xcode/DerivedData/Build/Intermediates.noindex/GTMAppAuth.build/Debug-iphonesimulator/GTMAppAuth.build/Objects-normal/x86_64/GTMAppAuth.SwiftFileList --metadata-file-list /Users/hectorgarcia/Library/Developer/Xcode/DerivedData/Build/Intermediates.noindex/GTMAppAuth.build/Debug-iphonesimulator/GTMAppAuth.build/GTMAppAuth.DependencyMetadataFileList --static-metadata-file-list /Users/hectorgarcia/Library/Developer/Xcode/DerivedData/Build/Intermediates.noindex/GTMAppAuth.build/Debug-iphonesimulator/GTMAppAuth.build/GTMAppAuth.DependencyStaticMetadataFileList --swift-const-vals-list /Users/hectorgarcia/Library/Developer/Xcode/DerivedData/Build/Intermediates.noindex/GTMAppAuth.build/Debug-iphonesimulator/GTMAppAuth.build/Objects-normal/x86_64/GTMAppAuth.SwiftConstValuesFileList --force --compile-time-extraction --deployment-aware-processing --validate-assistant-intents --no-app-shortcuts-localization
2026-01-24 10:01:45.085 appintentsmetadataprocessor[28902:5746167] Starting appintentsmetadataprocessor export
2026-01-24 10:01:47.587 appintentsmetadataprocessor[28902:5746167] Extracted no relevant App Intents symbols, skipping writing output

RegisterExecutionPolicyException /Users/hectorgarcia/Library/Developer/Xcode/DerivedData/Build/Products/Debug-iphonesimulator/GoogleUtilities-Logger.o (in target 'GoogleUtilities-Logger' from project 'GoogleUtilities')
    cd /Users/hectorgarcia/Library/Developer/Xcode/DerivedData/Lyo-eagkiegzrakogpczynhkaholsscs/SourcePackages/checkouts/GoogleUtilities
    builtin-RegisterExecutionPolicyException /Users/hectorgarcia/Library/Developer/Xcode/DerivedData/Build/Products/Debug-iphonesimulator/GoogleUtilities-Logger.o

RegisterExecutionPolicyException /Users/hectorgarcia/Library/Developer/Xcode/DerivedData/Build/Products/Debug-iphonesimulator/GoogleDataTransport.o (in target 'GoogleDataTransport' from project 'GoogleDataTransport')
    cd /Users/hectorgarcia/Library/Developer/Xcode/DerivedData/Lyo-eagkiegzrakogpczynhkaholsscs/SourcePackages/checkouts/GoogleDataTransport
    builtin-RegisterExecutionPolicyException /Users/hectorgarcia/Library/Developer/Xcode/DerivedData/Build/Products/Debug-iphonesimulator/GoogleDataTransport.o

Ld /Users/hectorgarcia/Library/Developer/Xcode/DerivedData/Build/Products/Debug-iphonesimulator/FirebaseCore.o normal (in target 'FirebaseCore' from project 'Firebase')
    cd /Users/hectorgarcia/Library/Developer/Xcode/DerivedData/Lyo-eagkiegzrakogpczynhkaholsscs/SourcePackages/checkouts/firebase-ios-sdk
    /Users/hectorgarcia/Downloads/Xcode.app/Contents/Developer/Toolchains/XcodeDefault.xctoolchain/usr/bin/clang -Xlinker -reproducible -target x86_64-apple-ios12.0-simulator -r -isysroot /Users/hectorgarcia/Downloads/Xcode.app/Contents/Developer/Platforms/iPhoneSimulator.platform/Developer/SDKs/iPhoneSimulator26.2.sdk -O0 -w -L/Users/hectorgarcia/Library/Developer/Xcode/DerivedData/Build/Intermediates.noindex/EagerLinkingTBDs/Debug-iphonesimulator -L/Users/hectorgarcia/Library/Developer/Xcode/DerivedData/Build/Products/Debug-iphonesimulator -L/Users/hectorgarcia/Downloads/Xcode.app/Contents/Developer/Platforms/iPhoneSimulator.platform/Developer/usr/lib -F/Users/hectorgarcia/Library/Developer/Xcode/DerivedData/Build/Intermediates.noindex/EagerLinkingTBDs/Debug-iphonesimulator -F/Users/hectorgarcia/Library/Developer/Xcode/DerivedData/Build/Products/Debug-iphonesimulator/PackageFrameworks -F/Users/hectorgarcia/Library/Developer/Xcode/DerivedData/Build/Products/Debug-iphonesimulator/PackageFrameworks -F/Users/hectorgarcia/Library/Developer/Xcode/DerivedData/Build/Products/Debug-iphonesimulator/PackageFrameworks -F/Users/hectorgarcia/Library/Developer/Xcode/DerivedData/Build/Products/Debug-iphonesimulator/PackageFrameworks -F/Users/hectorgarcia/Library/Developer/Xcode/DerivedData/Build/Products/Debug-iphonesimulator/PackageFrameworks -F/Users/hectorgarcia/Library/Developer/Xcode/DerivedData/Build/Products/Debug-iphonesimulator/PackageFrameworks -F/Users/hectorgarcia/Library/Developer/Xcode/DerivedData/Build/Products/Debug-iphonesimulator/PackageFrameworks -F/Users/hectorgarcia/Library/Developer/Xcode/DerivedData/Build/Products/Debug-iphonesimulator -iframework /Users/hectorgarcia/Downloads/Xcode.app/Contents/Developer/Platforms/iPhoneSimulator.platform/Developer/Library/Frameworks -iframework /Users/hectorgarcia/Downloads/Xcode.app/Contents/Developer/Platforms/iPhoneSimulator.platform/Developer/SDKs/iPhoneSimulator26.2.sdk/Developer/Library/Frameworks -filelist /Users/hectorgarcia/Library/Developer/Xcode/DerivedData/Build/Intermediates.noindex/Firebase.build/Debug-iphonesimulator/FirebaseCore.build/Objects-normal/x86_64/FirebaseCore.LinkFileList -nostdlib -Xlinker -object_path_lto -Xlinker /Users/hectorgarcia/Library/Developer/Xcode/DerivedData/Build/Intermediates.noindex/Firebase.build/Debug-iphonesimulator/FirebaseCore.build/Objects-normal/x86_64/FirebaseCore_lto.o -rdynamic -Xlinker -no_deduplicate -Xlinker -objc_abi_version -Xlinker 2 -Xlinker -dependency_info -Xlinker /Users/hectorgarcia/Library/Developer/Xcode/DerivedData/Build/Intermediates.noindex/Firebase.build/Debug-iphonesimulator/FirebaseCore.build/Objects-normal/x86_64/FirebaseCore_dependency_info.dat -fobjc-arc -fobjc-link-runtime -o /Users/hectorgarcia/Library/Developer/Xcode/DerivedData/Build/Products/Debug-iphonesimulator/FirebaseCore.o

Ld /Users/hectorgarcia/Library/Developer/Xcode/DerivedData/Build/Products/Debug-iphonesimulator/GoogleUtilities-UserDefaults.o normal (in target 'GoogleUtilities-UserDefaults' from project 'GoogleUtilities')
    cd /Users/hectorgarcia/Library/Developer/Xcode/DerivedData/Lyo-eagkiegzrakogpczynhkaholsscs/SourcePackages/checkouts/GoogleUtilities
    /Users/hectorgarcia/Downloads/Xcode.app/Contents/Developer/Toolchains/XcodeDefault.xctoolchain/usr/bin/clang -Xlinker -reproducible -target x86_64-apple-ios12.0-simulator -r -isysroot /Users/hectorgarcia/Downloads/Xcode.app/Contents/Developer/Platforms/iPhoneSimulator.platform/Developer/SDKs/iPhoneSimulator26.2.sdk -O0 -w -L/Users/hectorgarcia/Library/Developer/Xcode/DerivedData/Build/Intermediates.noindex/EagerLinkingTBDs/Debug-iphonesimulator -L/Users/hectorgarcia/Library/Developer/Xcode/DerivedData/Build/Products/Debug-iphonesimulator -L/Users/hectorgarcia/Downloads/Xcode.app/Contents/Developer/Platforms/iPhoneSimulator.platform/Developer/usr/lib -F/Users/hectorgarcia/Library/Developer/Xcode/DerivedData/Build/Intermediates.noindex/EagerLinkingTBDs/Debug-iphonesimulator -F/Users/hectorgarcia/Library/Developer/Xcode/DerivedData/Build/Products/Debug-iphonesimulator/PackageFrameworks -F/Users/hectorgarcia/Library/Developer/Xcode/DerivedData/Build/Products/Debug-iphonesimulator/PackageFrameworks -F/Users/hectorgarcia/Library/Developer/Xcode/DerivedData/Build/Products/Debug-iphonesimulator/PackageFrameworks -F/Users/hectorgarcia/Library/Developer/Xcode/DerivedData/Build/Products/Debug-iphonesimulator/PackageFrameworks -F/Users/hectorgarcia/Library/Developer/Xcode/DerivedData/Build/Products/Debug-iphonesimulator -iframework /Users/hectorgarcia/Downloads/Xcode.app/Contents/Developer/Platforms/iPhoneSimulator.platform/Developer/Library/Frameworks -iframework /Users/hectorgarcia/Downloads/Xcode.app/Contents/Developer/Platforms/iPhoneSimulator.platform/Developer/SDKs/iPhoneSimulator26.2.sdk/Developer/Library/Frameworks -filelist /Users/hectorgarcia/Library/Developer/Xcode/DerivedData/Build/Intermediates.noindex/GoogleUtilities.build/Debug-iphonesimulator/GoogleUtilities-UserDefaults.build/Objects-normal/x86_64/GoogleUtilities-UserDefaults.LinkFileList -nostdlib -Xlinker -object_path_lto -Xlinker /Users/hectorgarcia/Library/Developer/Xcode/DerivedData/Build/Intermediates.noindex/GoogleUtilities.build/Debug-iphonesimulator/GoogleUtilities-UserDefaults.build/Objects-normal/x86_64/GoogleUtilities-UserDefaults_lto.o -rdynamic -Xlinker -no_deduplicate -Xlinker -objc_abi_version -Xlinker 2 -Xlinker -dependency_info -Xlinker /Users/hectorgarcia/Library/Developer/Xcode/DerivedData/Build/Intermediates.noindex/GoogleUtilities.build/Debug-iphonesimulator/GoogleUtilities-UserDefaults.build/Objects-normal/x86_64/GoogleUtilities-UserDefaults_dependency_info.dat -fobjc-arc -fobjc-link-runtime -o /Users/hectorgarcia/Library/Developer/Xcode/DerivedData/Build/Products/Debug-iphonesimulator/GoogleUtilities-UserDefaults.o

Ld /Users/hectorgarcia/Library/Developer/Xcode/DerivedData/Build/Products/Debug-iphonesimulator/GoogleUtilities-Reachability.o normal (in target 'GoogleUtilities-Reachability' from project 'GoogleUtilities')
    cd /Users/hectorgarcia/Library/Developer/Xcode/DerivedData/Lyo-eagkiegzrakogpczynhkaholsscs/SourcePackages/checkouts/GoogleUtilities
    /Users/hectorgarcia/Downloads/Xcode.app/Contents/Developer/Toolchains/XcodeDefault.xctoolchain/usr/bin/clang -Xlinker -reproducible -target x86_64-apple-ios12.0-simulator -r -isysroot /Users/hectorgarcia/Downloads/Xcode.app/Contents/Developer/Platforms/iPhoneSimulator.platform/Developer/SDKs/iPhoneSimulator26.2.sdk -O0 -w -L/Users/hectorgarcia/Library/Developer/Xcode/DerivedData/Build/Intermediates.noindex/EagerLinkingTBDs/Debug-iphonesimulator -L/Users/hectorgarcia/Library/Developer/Xcode/DerivedData/Build/Products/Debug-iphonesimulator -L/Users/hectorgarcia/Downloads/Xcode.app/Contents/Developer/Platforms/iPhoneSimulator.platform/Developer/usr/lib -F/Users/hectorgarcia/Library/Developer/Xcode/DerivedData/Build/Intermediates.noindex/EagerLinkingTBDs/Debug-iphonesimulator -F/Users/hectorgarcia/Library/Developer/Xcode/DerivedData/Build/Products/Debug-iphonesimulator/PackageFrameworks -F/Users/hectorgarcia/Library/Developer/Xcode/DerivedData/Build/Products/Debug-iphonesimulator/PackageFrameworks -F/Users/hectorgarcia/Library/Developer/Xcode/DerivedData/Build/Products/Debug-iphonesimulator/PackageFrameworks -F/Users/hectorgarcia/Library/Developer/Xcode/DerivedData/Build/Products/Debug-iphonesimulator/PackageFrameworks -F/Users/hectorgarcia/Library/Developer/Xcode/DerivedData/Build/Products/Debug-iphonesimulator -iframework /Users/hectorgarcia/Downloads/Xcode.app/Contents/Developer/Platforms/iPhoneSimulator.platform/Developer/Library/Frameworks -iframework /Users/hectorgarcia/Downloads/Xcode.app/Contents/Developer/Platforms/iPhoneSimulator.platform/Developer/SDKs/iPhoneSimulator26.2.sdk/Developer/Library/Frameworks -filelist /Users/hectorgarcia/Library/Developer/Xcode/DerivedData/Build/Intermediates.noindex/GoogleUtilities.build/Debug-iphonesimulator/GoogleUtilities-Reachability.build/Objects-normal/x86_64/GoogleUtilities-Reachability.LinkFileList -nostdlib -Xlinker -object_path_lto -Xlinker /Users/hectorgarcia/Library/Developer/Xcode/DerivedData/Build/Intermediates.noindex/GoogleUtilities.build/Debug-iphonesimulator/GoogleUtilities-Reachability.build/Objects-normal/x86_64/GoogleUtilities-Reachability_lto.o -rdynamic -Xlinker -no_deduplicate -Xlinker -objc_abi_version -Xlinker 2 -Xlinker -dependency_info -Xlinker /Users/hectorgarcia/Library/Developer/Xcode/DerivedData/Build/Intermediates.noindex/GoogleUtilities.build/Debug-iphonesimulator/GoogleUtilities-Reachability.build/Objects-normal/x86_64/GoogleUtilities-Reachability_dependency_info.dat -fobjc-arc -fobjc-link-runtime -o /Users/hectorgarcia/Library/Developer/Xcode/DerivedData/Build/Products/Debug-iphonesimulator/GoogleUtilities-Reachability.o

RegisterExecutionPolicyException /Users/hectorgarcia/Library/Developer/Xcode/DerivedData/Build/Products/Debug-iphonesimulator/GoogleUtilities-UserDefaults.o (in target 'GoogleUtilities-UserDefaults' from project 'GoogleUtilities')
    cd /Users/hectorgarcia/Library/Developer/Xcode/DerivedData/Lyo-eagkiegzrakogpczynhkaholsscs/SourcePackages/checkouts/GoogleUtilities
    builtin-RegisterExecutionPolicyException /Users/hectorgarcia/Library/Developer/Xcode/DerivedData/Build/Products/Debug-iphonesimulator/GoogleUtilities-UserDefaults.o

RegisterExecutionPolicyException /Users/hectorgarcia/Library/Developer/Xcode/DerivedData/Build/Products/Debug-iphonesimulator/GoogleUtilities-Reachability.o (in target 'GoogleUtilities-Reachability' from project 'GoogleUtilities')
    cd /Users/hectorgarcia/Library/Developer/Xcode/DerivedData/Lyo-eagkiegzrakogpczynhkaholsscs/SourcePackages/checkouts/GoogleUtilities
    builtin-RegisterExecutionPolicyException /Users/hectorgarcia/Library/Developer/Xcode/DerivedData/Build/Products/Debug-iphonesimulator/GoogleUtilities-Reachability.o

RegisterExecutionPolicyException /Users/hectorgarcia/Library/Developer/Xcode/DerivedData/Build/Products/Debug-iphonesimulator/FirebaseCore.o (in target 'FirebaseCore' from project 'Firebase')
    cd /Users/hectorgarcia/Library/Developer/Xcode/DerivedData/Lyo-eagkiegzrakogpczynhkaholsscs/SourcePackages/checkouts/firebase-ios-sdk
    builtin-RegisterExecutionPolicyException /Users/hectorgarcia/Library/Developer/Xcode/DerivedData/Build/Products/Debug-iphonesimulator/FirebaseCore.o

Ld /Users/hectorgarcia/Library/Developer/Xcode/DerivedData/Build/Products/Debug-iphonesimulator/GoogleUtilities-Network.o normal (in target 'GoogleUtilities-Network' from project 'GoogleUtilities')
    cd /Users/hectorgarcia/Library/Developer/Xcode/DerivedData/Lyo-eagkiegzrakogpczynhkaholsscs/SourcePackages/checkouts/GoogleUtilities
    /Users/hectorgarcia/Downloads/Xcode.app/Contents/Developer/Toolchains/XcodeDefault.xctoolchain/usr/bin/clang -Xlinker -reproducible -target x86_64-apple-ios12.0-simulator -r -isysroot /Users/hectorgarcia/Downloads/Xcode.app/Contents/Developer/Platforms/iPhoneSimulator.platform/Developer/SDKs/iPhoneSimulator26.2.sdk -O0 -w -L/Users/hectorgarcia/Library/Developer/Xcode/DerivedData/Build/Intermediates.noindex/EagerLinkingTBDs/Debug-iphonesimulator -L/Users/hectorgarcia/Library/Developer/Xcode/DerivedData/Build/Products/Debug-iphonesimulator -L/Users/hectorgarcia/Downloads/Xcode.app/Contents/Developer/Platforms/iPhoneSimulator.platform/Developer/usr/lib -F/Users/hectorgarcia/Library/Developer/Xcode/DerivedData/Build/Intermediates.noindex/EagerLinkingTBDs/Debug-iphonesimulator -F/Users/hectorgarcia/Library/Developer/Xcode/DerivedData/Build/Products/Debug-iphonesimulator/PackageFrameworks -F/Users/hectorgarcia/Library/Developer/Xcode/DerivedData/Build/Products/Debug-iphonesimulator/PackageFrameworks -F/Users/hectorgarcia/Library/Developer/Xcode/DerivedData/Build/Products/Debug-iphonesimulator/PackageFrameworks -F/Users/hectorgarcia/Library/Developer/Xcode/DerivedData/Build/Products/Debug-iphonesimulator/PackageFrameworks -F/Users/hectorgarcia/Library/Developer/Xcode/DerivedData/Build/Products/Debug-iphonesimulator/PackageFrameworks -F/Users/hectorgarcia/Library/Developer/Xcode/DerivedData/Build/Products/Debug-iphonesimulator/PackageFrameworks -F/Users/hectorgarcia/Library/Developer/Xcode/DerivedData/Build/Products/Debug-iphonesimulator -iframework /Users/hectorgarcia/Downloads/Xcode.app/Contents/Developer/Platforms/iPhoneSimulator.platform/Developer/Library/Frameworks -iframework /Users/hectorgarcia/Downloads/Xcode.app/Contents/Developer/Platforms/iPhoneSimulator.platform/Developer/SDKs/iPhoneSimulator26.2.sdk/Developer/Library/Frameworks -filelist /Users/hectorgarcia/Library/Developer/Xcode/DerivedData/Build/Intermediates.noindex/GoogleUtilities.build/Debug-iphonesimulator/GoogleUtilities-Network.build/Objects-normal/x86_64/GoogleUtilities-Network.LinkFileList -nostdlib -Xlinker -object_path_lto -Xlinker /Users/hectorgarcia/Library/Developer/Xcode/DerivedData/Build/Intermediates.noindex/GoogleUtilities.build/Debug-iphonesimulator/GoogleUtilities-Network.build/Objects-normal/x86_64/GoogleUtilities-Network_lto.o -rdynamic -Xlinker -no_deduplicate -Xlinker -objc_abi_version -Xlinker 2 -Xlinker -dependency_info -Xlinker /Users/hectorgarcia/Library/Developer/Xcode/DerivedData/Build/Intermediates.noindex/GoogleUtilities.build/Debug-iphonesimulator/GoogleUtilities-Network.build/Objects-normal/x86_64/GoogleUtilities-Network_dependency_info.dat -fobjc-arc -fobjc-link-runtime -o /Users/hectorgarcia/Library/Developer/Xcode/DerivedData/Build/Products/Debug-iphonesimulator/GoogleUtilities-Network.o

Ld /Users/hectorgarcia/Library/Developer/Xcode/DerivedData/Build/Products/Debug-iphonesimulator/FirebaseSessionsObjC.o normal (in target 'FirebaseSessionsObjC' from project 'Firebase')
    cd /Users/hectorgarcia/Library/Developer/Xcode/DerivedData/Lyo-eagkiegzrakogpczynhkaholsscs/SourcePackages/checkouts/firebase-ios-sdk
    /Users/hectorgarcia/Downloads/Xcode.app/Contents/Developer/Toolchains/XcodeDefault.xctoolchain/usr/bin/clang -Xlinker -reproducible -target x86_64-apple-ios12.0-simulator -r -isysroot /Users/hectorgarcia/Downloads/Xcode.app/Contents/Developer/Platforms/iPhoneSimulator.platform/Developer/SDKs/iPhoneSimulator26.2.sdk -O0 -w -L/Users/hectorgarcia/Library/Developer/Xcode/DerivedData/Build/Intermediates.noindex/EagerLinkingTBDs/Debug-iphonesimulator -L/Users/hectorgarcia/Library/Developer/Xcode/DerivedData/Build/Products/Debug-iphonesimulator -L/Users/hectorgarcia/Downloads/Xcode.app/Contents/Developer/Platforms/iPhoneSimulator.platform/Developer/usr/lib -F/Users/hectorgarcia/Library/Developer/Xcode/DerivedData/Build/Intermediates.noindex/EagerLinkingTBDs/Debug-iphonesimulator -F/Users/hectorgarcia/Library/Developer/Xcode/DerivedData/Build/Products/Debug-iphonesimulator/PackageFrameworks -F/Users/hectorgarcia/Library/Developer/Xcode/DerivedData/Build/Products/Debug-iphonesimulator/PackageFrameworks -F/Users/hectorgarcia/Library/Developer/Xcode/DerivedData/Build/Products/Debug-iphonesimulator/PackageFrameworks -F/Users/hectorgarcia/Library/Developer/Xcode/DerivedData/Build/Products/Debug-iphonesimulator/PackageFrameworks -F/Users/hectorgarcia/Library/Developer/Xcode/DerivedData/Build/Products/Debug-iphonesimulator/PackageFrameworks -F/Users/hectorgarcia/Library/Developer/Xcode/DerivedData/Build/Products/Debug-iphonesimulator/PackageFrameworks -F/Users/hectorgarcia/Library/Developer/Xcode/DerivedData/Build/Products/Debug-iphonesimulator/PackageFrameworks -F/Users/hectorgarcia/Library/Developer/Xcode/DerivedData/Build/Products/Debug-iphonesimulator/PackageFrameworks -F/Users/hectorgarcia/Library/Developer/Xcode/DerivedData/Build/Products/Debug-iphonesimulator/PackageFrameworks -F/Users/hectorgarcia/Library/Developer/Xcode/DerivedData/Build/Products/Debug-iphonesimulator/PackageFrameworks -F/Users/hectorgarcia/Library/Developer/Xcode/DerivedData/Build/Products/Debug-iphonesimulator -iframework /Users/hectorgarcia/Downloads/Xcode.app/Contents/Developer/Platforms/iPhoneSimulator.platform/Developer/Library/Frameworks -iframework /Users/hectorgarcia/Downloads/Xcode.app/Contents/Developer/Platforms/iPhoneSimulator.platform/Developer/SDKs/iPhoneSimulator26.2.sdk/Developer/Library/Frameworks -filelist /Users/hectorgarcia/Library/Developer/Xcode/DerivedData/Build/Intermediates.noindex/Firebase.build/Debug-iphonesimulator/FirebaseSessionsObjC.build/Objects-normal/x86_64/FirebaseSessionsObjC.LinkFileList -nostdlib -Xlinker -object_path_lto -Xlinker /Users/hectorgarcia/Library/Developer/Xcode/DerivedData/Build/Intermediates.noindex/Firebase.build/Debug-iphonesimulator/FirebaseSessionsObjC.build/Objects-normal/x86_64/FirebaseSessionsObjC_lto.o -rdynamic -Xlinker -no_deduplicate -Xlinker -objc_abi_version -Xlinker 2 -Xlinker -dependency_info -Xlinker /Users/hectorgarcia/Library/Developer/Xcode/DerivedData/Build/Intermediates.noindex/Firebase.build/Debug-iphonesimulator/FirebaseSessionsObjC.build/Objects-normal/x86_64/FirebaseSessionsObjC_dependency_info.dat -fobjc-arc -fobjc-link-runtime -o /Users/hectorgarcia/Library/Developer/Xcode/DerivedData/Build/Products/Debug-iphonesimulator/FirebaseSessionsObjC.o

Ld /Users/hectorgarcia/Library/Developer/Xcode/DerivedData/Build/Products/Debug-iphonesimulator/FirebaseInstallations.o normal (in target 'FirebaseInstallations' from project 'Firebase')
    cd /Users/hectorgarcia/Library/Developer/Xcode/DerivedData/Lyo-eagkiegzrakogpczynhkaholsscs/SourcePackages/checkouts/firebase-ios-sdk
    /Users/hectorgarcia/Downloads/Xcode.app/Contents/Developer/Toolchains/XcodeDefault.xctoolchain/usr/bin/clang -Xlinker -reproducible -target x86_64-apple-ios12.0-simulator -r -isysroot /Users/hectorgarcia/Downloads/Xcode.app/Contents/Developer/Platforms/iPhoneSimulator.platform/Developer/SDKs/iPhoneSimulator26.2.sdk -O0 -w -L/Users/hectorgarcia/Library/Developer/Xcode/DerivedData/Build/Intermediates.noindex/EagerLinkingTBDs/Debug-iphonesimulator -L/Users/hectorgarcia/Library/Developer/Xcode/DerivedData/Build/Products/Debug-iphonesimulator -L/Users/hectorgarcia/Downloads/Xcode.app/Contents/Developer/Platforms/iPhoneSimulator.platform/Developer/usr/lib -F/Users/hectorgarcia/Library/Developer/Xcode/DerivedData/Build/Intermediates.noindex/EagerLinkingTBDs/Debug-iphonesimulator -F/Users/hectorgarcia/Library/Developer/Xcode/DerivedData/Build/Products/Debug-iphonesimulator/PackageFrameworks -F/Users/hectorgarcia/Library/Developer/Xcode/DerivedData/Build/Products/Debug-iphonesimulator/PackageFrameworks -F/Users/hectorgarcia/Library/Developer/Xcode/DerivedData/Build/Products/Debug-iphonesimulator/PackageFrameworks -F/Users/hectorgarcia/Library/Developer/Xcode/DerivedData/Build/Products/Debug-iphonesimulator/PackageFrameworks -F/Users/hectorgarcia/Library/Developer/Xcode/DerivedData/Build/Products/Debug-iphonesimulator/PackageFrameworks -F/Users/hectorgarcia/Library/Developer/Xcode/DerivedData/Build/Products/Debug-iphonesimulator/PackageFrameworks -F/Users/hectorgarcia/Library/Developer/Xcode/DerivedData/Build/Products/Debug-iphonesimulator/PackageFrameworks -F/Users/hectorgarcia/Library/Developer/Xcode/DerivedData/Build/Products/Debug-iphonesimulator/PackageFrameworks -F/Users/hectorgarcia/Library/Developer/Xcode/DerivedData/Build/Products/Debug-iphonesimulator/PackageFrameworks -F/Users/hectorgarcia/Library/Developer/Xcode/DerivedData/Build/Products/Debug-iphonesimulator -iframework /Users/hectorgarcia/Downloads/Xcode.app/Contents/Developer/Platforms/iPhoneSimulator.platform/Developer/Library/Frameworks -iframework /Users/hectorgarcia/Downloads/Xcode.app/Contents/Developer/Platforms/iPhoneSimulator.platform/Developer/SDKs/iPhoneSimulator26.2.sdk/Developer/Library/Frameworks -filelist /Users/hectorgarcia/Library/Developer/Xcode/DerivedData/Build/Intermediates.noindex/Firebase.build/Debug-iphonesimulator/FirebaseInstallations.build/Objects-normal/x86_64/FirebaseInstallations.LinkFileList -nostdlib -Xlinker -object_path_lto -Xlinker /Users/hectorgarcia/Library/Developer/Xcode/DerivedData/Build/Intermediates.noindex/Firebase.build/Debug-iphonesimulator/FirebaseInstallations.build/Objects-normal/x86_64/FirebaseInstallations_lto.o -rdynamic -Xlinker -no_deduplicate -Xlinker -objc_abi_version -Xlinker 2 -Xlinker -dependency_info -Xlinker /Users/hectorgarcia/Library/Developer/Xcode/DerivedData/Build/Intermediates.noindex/Firebase.build/Debug-iphonesimulator/FirebaseInstallations.build/Objects-normal/x86_64/FirebaseInstallations_dependency_info.dat -fobjc-arc -fobjc-link-runtime -o /Users/hectorgarcia/Library/Developer/Xcode/DerivedData/Build/Products/Debug-iphonesimulator/FirebaseInstallations.o

RegisterExecutionPolicyException /Users/hectorgarcia/Library/Developer/Xcode/DerivedData/Build/Products/Debug-iphonesimulator/GoogleUtilities-Network.o (in target 'GoogleUtilities-Network' from project 'GoogleUtilities')
    cd /Users/hectorgarcia/Library/Developer/Xcode/DerivedData/Lyo-eagkiegzrakogpczynhkaholsscs/SourcePackages/checkouts/GoogleUtilities
    builtin-RegisterExecutionPolicyException /Users/hectorgarcia/Library/Developer/Xcode/DerivedData/Build/Products/Debug-iphonesimulator/GoogleUtilities-Network.o

Ld /Users/hectorgarcia/Library/Developer/Xcode/DerivedData/Build/Products/Debug-iphonesimulator/GoogleUtilities-AppDelegateSwizzler.o normal (in target 'GoogleUtilities-AppDelegateSwizzler' from project 'GoogleUtilities')
    cd /Users/hectorgarcia/Library/Developer/Xcode/DerivedData/Lyo-eagkiegzrakogpczynhkaholsscs/SourcePackages/checkouts/GoogleUtilities
    /Users/hectorgarcia/Downloads/Xcode.app/Contents/Developer/Toolchains/XcodeDefault.xctoolchain/usr/bin/clang -Xlinker -reproducible -target x86_64-apple-ios12.0-simulator -r -isysroot /Users/hectorgarcia/Downloads/Xcode.app/Contents/Developer/Platforms/iPhoneSimulator.platform/Developer/SDKs/iPhoneSimulator26.2.sdk -O0 -w -L/Users/hectorgarcia/Library/Developer/Xcode/DerivedData/Build/Intermediates.noindex/EagerLinkingTBDs/Debug-iphonesimulator -L/Users/hectorgarcia/Library/Developer/Xcode/DerivedData/Build/Products/Debug-iphonesimulator -L/Users/hectorgarcia/Downloads/Xcode.app/Contents/Developer/Platforms/iPhoneSimulator.platform/Developer/usr/lib -F/Users/hectorgarcia/Library/Developer/Xcode/DerivedData/Build/Intermediates.noindex/EagerLinkingTBDs/Debug-iphonesimulator -F/Users/hectorgarcia/Library/Developer/Xcode/DerivedData/Build/Products/Debug-iphonesimulator/PackageFrameworks -F/Users/hectorgarcia/Library/Developer/Xcode/DerivedData/Build/Products/Debug-iphonesimulator/PackageFrameworks -F/Users/hectorgarcia/Library/Developer/Xcode/DerivedData/Build/Products/Debug-iphonesimulator/PackageFrameworks -F/Users/hectorgarcia/Library/Developer/Xcode/DerivedData/Build/Products/Debug-iphonesimulator/PackageFrameworks -F/Users/hectorgarcia/Library/Developer/Xcode/DerivedData/Build/Products/Debug-iphonesimulator/PackageFrameworks -F/Users/hectorgarcia/Library/Developer/Xcode/DerivedData/Build/Products/Debug-iphonesimulator/PackageFrameworks -F/Users/hectorgarcia/Library/Developer/Xcode/DerivedData/Build/Products/Debug-iphonesimulator/PackageFrameworks -F/Users/hectorgarcia/Library/Developer/Xcode/DerivedData/Build/Products/Debug-iphonesimulator -iframework /Users/hectorgarcia/Downloads/Xcode.app/Contents/Developer/Platforms/iPhoneSimulator.platform/Developer/Library/Frameworks -iframework /Users/hectorgarcia/Downloads/Xcode.app/Contents/Developer/Platforms/iPhoneSimulator.platform/Developer/SDKs/iPhoneSimulator26.2.sdk/Developer/Library/Frameworks -filelist /Users/hectorgarcia/Library/Developer/Xcode/DerivedData/Build/Intermediates.noindex/GoogleUtilities.build/Debug-iphonesimulator/GoogleUtilities-AppDelegateSwizzler.build/Objects-normal/x86_64/GoogleUtilities-AppDelegateSwizzler.LinkFileList -nostdlib -Xlinker -object_path_lto -Xlinker /Users/hectorgarcia/Library/Developer/Xcode/DerivedData/Build/Intermediates.noindex/GoogleUtilities.build/Debug-iphonesimulator/GoogleUtilities-AppDelegateSwizzler.build/Objects-normal/x86_64/GoogleUtilities-AppDelegateSwizzler_lto.o -rdynamic -Xlinker -no_deduplicate -Xlinker -objc_abi_version -Xlinker 2 -Xlinker -dependency_info -Xlinker /Users/hectorgarcia/Library/Developer/Xcode/DerivedData/Build/Intermediates.noindex/GoogleUtilities.build/Debug-iphonesimulator/GoogleUtilities-AppDelegateSwizzler.build/Objects-normal/x86_64/GoogleUtilities-AppDelegateSwizzler_dependency_info.dat -fobjc-arc -fobjc-link-runtime -o /Users/hectorgarcia/Library/Developer/Xcode/DerivedData/Build/Products/Debug-iphonesimulator/GoogleUtilities-AppDelegateSwizzler.o

RegisterExecutionPolicyException /Users/hectorgarcia/Library/Developer/Xcode/DerivedData/Build/Products/Debug-iphonesimulator/FirebaseSessionsObjC.o (in target 'FirebaseSessionsObjC' from project 'Firebase')
    cd /Users/hectorgarcia/Library/Developer/Xcode/DerivedData/Lyo-eagkiegzrakogpczynhkaholsscs/SourcePackages/checkouts/firebase-ios-sdk
    builtin-RegisterExecutionPolicyException /Users/hectorgarcia/Library/Developer/Xcode/DerivedData/Build/Products/Debug-iphonesimulator/FirebaseSessionsObjC.o

RegisterExecutionPolicyException /Users/hectorgarcia/Library/Developer/Xcode/DerivedData/Build/Products/Debug-iphonesimulator/GoogleUtilities-AppDelegateSwizzler.o (in target 'GoogleUtilities-AppDelegateSwizzler' from project 'GoogleUtilities')
    cd /Users/hectorgarcia/Library/Developer/Xcode/DerivedData/Lyo-eagkiegzrakogpczynhkaholsscs/SourcePackages/checkouts/GoogleUtilities
    builtin-RegisterExecutionPolicyException /Users/hectorgarcia/Library/Developer/Xcode/DerivedData/Build/Products/Debug-iphonesimulator/GoogleUtilities-AppDelegateSwizzler.o

RegisterExecutionPolicyException /Users/hectorgarcia/Library/Developer/Xcode/DerivedData/Build/Products/Debug-iphonesimulator/FirebaseInstallations.o (in target 'FirebaseInstallations' from project 'Firebase')
    cd /Users/hectorgarcia/Library/Developer/Xcode/DerivedData/Lyo-eagkiegzrakogpczynhkaholsscs/SourcePackages/checkouts/firebase-ios-sdk
    builtin-RegisterExecutionPolicyException /Users/hectorgarcia/Library/Developer/Xcode/DerivedData/Build/Products/Debug-iphonesimulator/FirebaseInstallations.o

Ld /Users/hectorgarcia/Library/Developer/Xcode/DerivedData/Build/Products/Debug-iphonesimulator/FirebaseAuth.o normal (in target 'FirebaseAuth' from project 'Firebase')
    cd /Users/hectorgarcia/Library/Developer/Xcode/DerivedData/Lyo-eagkiegzrakogpczynhkaholsscs/SourcePackages/checkouts/firebase-ios-sdk
    /Users/hectorgarcia/Downloads/Xcode.app/Contents/Developer/Toolchains/XcodeDefault.xctoolchain/usr/bin/clang -Xlinker -reproducible -target x86_64-apple-ios12.0-simulator -r -isysroot /Users/hectorgarcia/Downloads/Xcode.app/Contents/Developer/Platforms/iPhoneSimulator.platform/Developer/SDKs/iPhoneSimulator26.2.sdk -O0 -w -L/Users/hectorgarcia/Library/Developer/Xcode/DerivedData/Build/Intermediates.noindex/EagerLinkingTBDs/Debug-iphonesimulator -L/Users/hectorgarcia/Library/Developer/Xcode/DerivedData/Build/Products/Debug-iphonesimulator -L/Users/hectorgarcia/Downloads/Xcode.app/Contents/Developer/Platforms/iPhoneSimulator.platform/Developer/usr/lib -F/Users/hectorgarcia/Library/Developer/Xcode/DerivedData/Build/Intermediates.noindex/EagerLinkingTBDs/Debug-iphonesimulator -F/Users/hectorgarcia/Library/Developer/Xcode/DerivedData/Build/Products/Debug-iphonesimulator/PackageFrameworks -F/Users/hectorgarcia/Library/Developer/Xcode/DerivedData/Build/Products/Debug-iphonesimulator/PackageFrameworks -F/Users/hectorgarcia/Library/Developer/Xcode/DerivedData/Build/Products/Debug-iphonesimulator/PackageFrameworks -F/Users/hectorgarcia/Library/Developer/Xcode/DerivedData/Build/Products/Debug-iphonesimulator/PackageFrameworks -F/Users/hectorgarcia/Library/Developer/Xcode/DerivedData/Build/Products/Debug-iphonesimulator/PackageFrameworks -F/Users/hectorgarcia/Library/Developer/Xcode/DerivedData/Build/Products/Debug-iphonesimulator/PackageFrameworks -F/Users/hectorgarcia/Library/Developer/Xcode/DerivedData/Build/Products/Debug-iphonesimulator/PackageFrameworks -F/Users/hectorgarcia/Library/Developer/Xcode/DerivedData/Build/Products/Debug-iphonesimulator/PackageFrameworks -F/Users/hectorgarcia/Library/Developer/Xcode/DerivedData/Build/Products/Debug-iphonesimulator/PackageFrameworks -F/Users/hectorgarcia/Library/Developer/Xcode/DerivedData/Build/Products/Debug-iphonesimulator/PackageFrameworks -F/Users/hectorgarcia/Library/Developer/Xcode/DerivedData/Build/Products/Debug-iphonesimulator/PackageFrameworks -F/Users/hectorgarcia/Library/Developer/Xcode/DerivedData/Build/Products/Debug-iphonesimulator/PackageFrameworks -F/Users/hectorgarcia/Library/Developer/Xcode/DerivedData/Build/Products/Debug-iphonesimulator/PackageFrameworks -F/Users/hectorgarcia/Library/Developer/Xcode/DerivedData/Build/Products/Debug-iphonesimulator/PackageFrameworks -F/Users/hectorgarcia/Library/Developer/Xcode/DerivedData/Build/Products/Debug-iphonesimulator -iframework /Users/hectorgarcia/Downloads/Xcode.app/Contents/Developer/Platforms/iPhoneSimulator.platform/Developer/Library/Frameworks -iframework /Users/hectorgarcia/Downloads/Xcode.app/Contents/Developer/Platforms/iPhoneSimulator.platform/Developer/SDKs/iPhoneSimulator26.2.sdk/Developer/Library/Frameworks -filelist /Users/hectorgarcia/Library/Developer/Xcode/DerivedData/Build/Intermediates.noindex/Firebase.build/Debug-iphonesimulator/FirebaseAuth.build/Objects-normal/x86_64/FirebaseAuth.LinkFileList -nostdlib -Xlinker -object_path_lto -Xlinker /Users/hectorgarcia/Library/Developer/Xcode/DerivedData/Build/Intermediates.noindex/Firebase.build/Debug-iphonesimulator/FirebaseAuth.build/Objects-normal/x86_64/FirebaseAuth_lto.o -rdynamic -Xlinker -no_deduplicate -Xlinker -objc_abi_version -Xlinker 2 -Xlinker -dependency_info -Xlinker /Users/hectorgarcia/Library/Developer/Xcode/DerivedData/Build/Intermediates.noindex/Firebase.build/Debug-iphonesimulator/FirebaseAuth.build/Objects-normal/x86_64/FirebaseAuth_dependency_info.dat -fobjc-arc -fobjc-link-runtime -o /Users/hectorgarcia/Library/Developer/Xcode/DerivedData/Build/Products/Debug-iphonesimulator/FirebaseAuth.o

RegisterExecutionPolicyException /Users/hectorgarcia/Library/Developer/Xcode/DerivedData/Build/Products/Debug-iphonesimulator/FirebaseAuth.o (in target 'FirebaseAuth' from project 'Firebase')
    cd /Users/hectorgarcia/Library/Developer/Xcode/DerivedData/Lyo-eagkiegzrakogpczynhkaholsscs/SourcePackages/checkouts/firebase-ios-sdk
    builtin-RegisterExecutionPolicyException /Users/hectorgarcia/Library/Developer/Xcode/DerivedData/Build/Products/Debug-iphonesimulator/FirebaseAuth.o

RegisterExecutionPolicyException /Users/hectorgarcia/Library/Developer/Xcode/DerivedData/Build/Products/Debug-iphonesimulator/FirebaseRemoteConfigInterop.o (in target 'FirebaseRemoteConfigInterop' from project 'Firebase')
    cd /Users/hectorgarcia/Library/Developer/Xcode/DerivedData/Lyo-eagkiegzrakogpczynhkaholsscs/SourcePackages/checkouts/firebase-ios-sdk
    builtin-RegisterExecutionPolicyException /Users/hectorgarcia/Library/Developer/Xcode/DerivedData/Build/Products/Debug-iphonesimulator/FirebaseRemoteConfigInterop.o

Ld /Users/hectorgarcia/Library/Developer/Xcode/DerivedData/Build/Products/Debug-iphonesimulator/FirebaseCrashlyticsSwift.o normal (in target 'FirebaseCrashlyticsSwift' from project 'Firebase')
    cd /Users/hectorgarcia/Library/Developer/Xcode/DerivedData/Lyo-eagkiegzrakogpczynhkaholsscs/SourcePackages/checkouts/firebase-ios-sdk
    /Users/hectorgarcia/Downloads/Xcode.app/Contents/Developer/Toolchains/XcodeDefault.xctoolchain/usr/bin/clang -Xlinker -reproducible -target x86_64-apple-ios12.0-simulator -r -isysroot /Users/hectorgarcia/Downloads/Xcode.app/Contents/Developer/Platforms/iPhoneSimulator.platform/Developer/SDKs/iPhoneSimulator26.2.sdk -O0 -w -L/Users/hectorgarcia/Library/Developer/Xcode/DerivedData/Build/Intermediates.noindex/EagerLinkingTBDs/Debug-iphonesimulator -L/Users/hectorgarcia/Library/Developer/Xcode/DerivedData/Build/Products/Debug-iphonesimulator -L/Users/hectorgarcia/Downloads/Xcode.app/Contents/Developer/Platforms/iPhoneSimulator.platform/Developer/usr/lib -F/Users/hectorgarcia/Library/Developer/Xcode/DerivedData/Build/Intermediates.noindex/EagerLinkingTBDs/Debug-iphonesimulator -F/Users/hectorgarcia/Library/Developer/Xcode/DerivedData/Build/Products/Debug-iphonesimulator/PackageFrameworks -F/Users/hectorgarcia/Library/Developer/Xcode/DerivedData/Build/Products/Debug-iphonesimulator -iframework /Users/hectorgarcia/Downloads/Xcode.app/Contents/Developer/Platforms/iPhoneSimulator.platform/Developer/Library/Frameworks -iframework /Users/hectorgarcia/Downloads/Xcode.app/Contents/Developer/Platforms/iPhoneSimulator.platform/Developer/SDKs/iPhoneSimulator26.2.sdk/Developer/Library/Frameworks -filelist /Users/hectorgarcia/Library/Developer/Xcode/DerivedData/Build/Intermediates.noindex/Firebase.build/Debug-iphonesimulator/FirebaseCrashlyticsSwift.build/Objects-normal/x86_64/FirebaseCrashlyticsSwift.LinkFileList -nostdlib -Xlinker -object_path_lto -Xlinker /Users/hectorgarcia/Library/Developer/Xcode/DerivedData/Build/Intermediates.noindex/Firebase.build/Debug-iphonesimulator/FirebaseCrashlyticsSwift.build/Objects-normal/x86_64/FirebaseCrashlyticsSwift_lto.o -rdynamic -Xlinker -no_deduplicate -Xlinker -objc_abi_version -Xlinker 2 -Xlinker -dependency_info -Xlinker /Users/hectorgarcia/Library/Developer/Xcode/DerivedData/Build/Intermediates.noindex/Firebase.build/Debug-iphonesimulator/FirebaseCrashlyticsSwift.build/Objects-normal/x86_64/FirebaseCrashlyticsSwift_dependency_info.dat -fobjc-link-runtime -L/Users/hectorgarcia/Downloads/Xcode.app/Contents/Developer/Toolchains/XcodeDefault.xctoolchain/usr/lib/swift/iphonesimulator -L/usr/lib/swift -Xlinker -add_ast_path -Xlinker /Users/hectorgarcia/Library/Developer/Xcode/DerivedData/Build/Intermediates.noindex/Firebase.build/Debug-iphonesimulator/FirebaseCrashlyticsSwift.build/Objects-normal/x86_64/FirebaseCrashlyticsSwift.swiftmodule @/Users/hectorgarcia/Library/Developer/Xcode/DerivedData/Build/Intermediates.noindex/Firebase.build/Debug-iphonesimulator/FirebaseCrashlyticsSwift.build/Objects-normal/x86_64/FirebaseCrashlyticsSwift-linker-args.resp -o /Users/hectorgarcia/Library/Developer/Xcode/DerivedData/Build/Products/Debug-iphonesimulator/FirebaseCrashlyticsSwift.o

RegisterExecutionPolicyException /Users/hectorgarcia/Library/Developer/Xcode/DerivedData/Build/Products/Debug-iphonesimulator/Promises.o (in target 'Promises' from project 'Promises')
    cd /Users/hectorgarcia/Library/Developer/Xcode/DerivedData/Lyo-eagkiegzrakogpczynhkaholsscs/SourcePackages/checkouts/promises
    builtin-RegisterExecutionPolicyException /Users/hectorgarcia/Library/Developer/Xcode/DerivedData/Build/Products/Debug-iphonesimulator/Promises.o

Ld /Users/hectorgarcia/Library/Developer/Xcode/DerivedData/Build/Products/Debug-iphonesimulator/FirebaseSessions.o normal (in target 'FirebaseSessions' from project 'Firebase')
    cd /Users/hectorgarcia/Library/Developer/Xcode/DerivedData/Lyo-eagkiegzrakogpczynhkaholsscs/SourcePackages/checkouts/firebase-ios-sdk
    /Users/hectorgarcia/Downloads/Xcode.app/Contents/Developer/Toolchains/XcodeDefault.xctoolchain/usr/bin/clang -Xlinker -reproducible -target x86_64-apple-ios12.0-simulator -r -isysroot /Users/hectorgarcia/Downloads/Xcode.app/Contents/Developer/Platforms/iPhoneSimulator.platform/Developer/SDKs/iPhoneSimulator26.2.sdk -O0 -w -L/Users/hectorgarcia/Library/Developer/Xcode/DerivedData/Build/Intermediates.noindex/EagerLinkingTBDs/Debug-iphonesimulator -L/Users/hectorgarcia/Library/Developer/Xcode/DerivedData/Build/Products/Debug-iphonesimulator -L/Users/hectorgarcia/Downloads/Xcode.app/Contents/Developer/Platforms/iPhoneSimulator.platform/Developer/usr/lib -F/Users/hectorgarcia/Library/Developer/Xcode/DerivedData/Build/Intermediates.noindex/EagerLinkingTBDs/Debug-iphonesimulator -F/Users/hectorgarcia/Library/Developer/Xcode/DerivedData/Build/Products/Debug-iphonesimulator/PackageFrameworks -F/Users/hectorgarcia/Library/Developer/Xcode/DerivedData/Build/Products/Debug-iphonesimulator/PackageFrameworks -F/Users/hectorgarcia/Library/Developer/Xcode/DerivedData/Build/Products/Debug-iphonesimulator/PackageFrameworks -F/Users/hectorgarcia/Library/Developer/Xcode/DerivedData/Build/Products/Debug-iphonesimulator/PackageFrameworks -F/Users/hectorgarcia/Library/Developer/Xcode/DerivedData/Build/Products/Debug-iphonesimulator/PackageFrameworks -F/Users/hectorgarcia/Library/Developer/Xcode/DerivedData/Build/Products/Debug-iphonesimulator/PackageFrameworks -F/Users/hectorgarcia/Library/Developer/Xcode/DerivedData/Build/Products/Debug-iphonesimulator/PackageFrameworks -F/Users/hectorgarcia/Library/Developer/Xcode/DerivedData/Build/Products/Debug-iphonesimulator/PackageFrameworks -F/Users/hectorgarcia/Library/Developer/Xcode/DerivedData/Build/Products/Debug-iphonesimulator/PackageFrameworks -F/Users/hectorgarcia/Library/Developer/Xcode/DerivedData/Build/Products/Debug-iphonesimulator/PackageFrameworks -F/Users/hectorgarcia/Library/Developer/Xcode/DerivedData/Build/Products/Debug-iphonesimulator/PackageFrameworks -F/Users/hectorgarcia/Library/Developer/Xcode/DerivedData/Build/Products/Debug-iphonesimulator/PackageFrameworks -F/Users/hectorgarcia/Library/Developer/Xcode/DerivedData/Build/Products/Debug-iphonesimulator/PackageFrameworks -F/Users/hectorgarcia/Library/Developer/Xcode/DerivedData/Build/Products/Debug-iphonesimulator/PackageFrameworks -F/Users/hectorgarcia/Library/Developer/Xcode/DerivedData/Build/Products/Debug-iphonesimulator/PackageFrameworks -F/Users/hectorgarcia/Library/Developer/Xcode/DerivedData/Build/Products/Debug-iphonesimulator -iframework /Users/hectorgarcia/Downloads/Xcode.app/Contents/Developer/Platforms/iPhoneSimulator.platform/Developer/Library/Frameworks -iframework /Users/hectorgarcia/Downloads/Xcode.app/Contents/Developer/Platforms/iPhoneSimulator.platform/Developer/SDKs/iPhoneSimulator26.2.sdk/Developer/Library/Frameworks -filelist /Users/hectorgarcia/Library/Developer/Xcode/DerivedData/Build/Intermediates.noindex/Firebase.build/Debug-iphonesimulator/FirebaseSessions.build/Objects-normal/x86_64/FirebaseSessions.LinkFileList -nostdlib -Xlinker -object_path_lto -Xlinker /Users/hectorgarcia/Library/Developer/Xcode/DerivedData/Build/Intermediates.noindex/Firebase.build/Debug-iphonesimulator/FirebaseSessions.build/Objects-normal/x86_64/FirebaseSessions_lto.o -rdynamic -Xlinker -no_deduplicate -Xlinker -objc_abi_version -Xlinker 2 -Xlinker -dependency_info -Xlinker /Users/hectorgarcia/Library/Developer/Xcode/DerivedData/Build/Intermediates.noindex/Firebase.build/Debug-iphonesimulator/FirebaseSessions.build/Objects-normal/x86_64/FirebaseSessions_dependency_info.dat -fobjc-link-runtime -L/Users/hectorgarcia/Downloads/Xcode.app/Contents/Developer/Toolchains/XcodeDefault.xctoolchain/usr/lib/swift/iphonesimulator -L/usr/lib/swift -Xlinker -add_ast_path -Xlinker /Users/hectorgarcia/Library/Developer/Xcode/DerivedData/Build/Intermediates.noindex/Firebase.build/Debug-iphonesimulator/FirebaseSessions.build/Objects-normal/x86_64/FirebaseSessions.swiftmodule @/Users/hectorgarcia/Library/Developer/Xcode/DerivedData/Build/Intermediates.noindex/Firebase.build/Debug-iphonesimulator/FirebaseSessions.build/Objects-normal/x86_64/FirebaseSessions-linker-args.resp -o /Users/hectorgarcia/Library/Developer/Xcode/DerivedData/Build/Products/Debug-iphonesimulator/FirebaseSessions.o

ExtractAppIntentsMetadata (in target 'FirebaseCrashlyticsSwift' from project 'Firebase')
    cd /Users/hectorgarcia/Library/Developer/Xcode/DerivedData/Lyo-eagkiegzrakogpczynhkaholsscs/SourcePackages/checkouts/firebase-ios-sdk
    /Users/hectorgarcia/Downloads/Xcode.app/Contents/Developer/Toolchains/XcodeDefault.xctoolchain/usr/bin/appintentsmetadataprocessor --toolchain-dir /Users/hectorgarcia/Downloads/Xcode.app/Contents/Developer/Toolchains/XcodeDefault.xctoolchain --module-name FirebaseCrashlyticsSwift --sdk-root /Users/hectorgarcia/Downloads/Xcode.app/Contents/Developer/Platforms/iPhoneSimulator.platform/Developer/SDKs/iPhoneSimulator26.2.sdk --xcode-version 17C52 --platform-family iOS --deployment-target 12.0 --bundle-identifier firebase-ios-sdk.FirebaseCrashlyticsSwift --output /Users/hectorgarcia/Library/Developer/Xcode/DerivedData/Build/Products/Debug-iphonesimulator/FirebaseCrashlyticsSwift.appintents --target-triple x86_64-apple-ios12.0-simulator --binary-file /Users/hectorgarcia/Library/Developer/Xcode/DerivedData/Build/Products/Debug-iphonesimulator/FirebaseCrashlyticsSwift.o --dependency-file /Users/hectorgarcia/Library/Developer/Xcode/DerivedData/Build/Intermediates.noindex/Firebase.build/Debug-iphonesimulator/FirebaseCrashlyticsSwift.build/Objects-normal/x86_64/FirebaseCrashlyticsSwift_dependency_info.dat --stringsdata-file /Users/hectorgarcia/Library/Developer/Xcode/DerivedData/Build/Intermediates.noindex/Firebase.build/Debug-iphonesimulator/FirebaseCrashlyticsSwift.build/Objects-normal/x86_64/ExtractedAppShortcutsMetadata.stringsdata --source-file-list /Users/hectorgarcia/Library/Developer/Xcode/DerivedData/Build/Intermediates.noindex/Firebase.build/Debug-iphonesimulator/FirebaseCrashlyticsSwift.build/Objects-normal/x86_64/FirebaseCrashlyticsSwift.SwiftFileList --metadata-file-list /Users/hectorgarcia/Library/Developer/Xcode/DerivedData/Build/Intermediates.noindex/Firebase.build/Debug-iphonesimulator/FirebaseCrashlyticsSwift.build/FirebaseCrashlyticsSwift.DependencyMetadataFileList --static-metadata-file-list /Users/hectorgarcia/Library/Developer/Xcode/DerivedData/Build/Intermediates.noindex/Firebase.build/Debug-iphonesimulator/FirebaseCrashlyticsSwift.build/FirebaseCrashlyticsSwift.DependencyStaticMetadataFileList --swift-const-vals-list /Users/hectorgarcia/Library/Developer/Xcode/DerivedData/Build/Intermediates.noindex/Firebase.build/Debug-iphonesimulator/FirebaseCrashlyticsSwift.build/Objects-normal/x86_64/FirebaseCrashlyticsSwift.SwiftConstValuesFileList --force --compile-time-extraction --deployment-aware-processing --validate-assistant-intents --no-app-shortcuts-localization
2026-01-24 10:01:47.608 appintentsmetadataprocessor[28938:5746345] Starting appintentsmetadataprocessor export
2026-01-24 10:01:50.691 appintentsmetadataprocessor[28938:5746345] Extracted no relevant App Intents symbols, skipping writing output

RegisterExecutionPolicyException /Users/hectorgarcia/Library/Developer/Xcode/DerivedData/Build/Products/Debug-iphonesimulator/GTMAppAuth.o (in target 'GTMAppAuth' from project 'GTMAppAuth')
    cd /Users/hectorgarcia/Library/Developer/Xcode/DerivedData/Lyo-eagkiegzrakogpczynhkaholsscs/SourcePackages/checkouts/GTMAppAuth
    builtin-RegisterExecutionPolicyException /Users/hectorgarcia/Library/Developer/Xcode/DerivedData/Build/Products/Debug-iphonesimulator/GTMAppAuth.o

ExtractAppIntentsMetadata (in target 'FirebaseSessions' from project 'Firebase')
    cd /Users/hectorgarcia/Library/Developer/Xcode/DerivedData/Lyo-eagkiegzrakogpczynhkaholsscs/SourcePackages/checkouts/firebase-ios-sdk
    /Users/hectorgarcia/Downloads/Xcode.app/Contents/Developer/Toolchains/XcodeDefault.xctoolchain/usr/bin/appintentsmetadataprocessor --toolchain-dir /Users/hectorgarcia/Downloads/Xcode.app/Contents/Developer/Toolchains/XcodeDefault.xctoolchain --module-name FirebaseSessions --sdk-root /Users/hectorgarcia/Downloads/Xcode.app/Contents/Developer/Platforms/iPhoneSimulator.platform/Developer/SDKs/iPhoneSimulator26.2.sdk --xcode-version 17C52 --platform-family iOS --deployment-target 12.0 --bundle-identifier firebase-ios-sdk.FirebaseSessions --output /Users/hectorgarcia/Library/Developer/Xcode/DerivedData/Build/Products/Debug-iphonesimulator/FirebaseSessions.appintents --target-triple x86_64-apple-ios12.0-simulator --binary-file /Users/hectorgarcia/Library/Developer/Xcode/DerivedData/Build/Products/Debug-iphonesimulator/FirebaseSessions.o --dependency-file /Users/hectorgarcia/Library/Developer/Xcode/DerivedData/Build/Intermediates.noindex/Firebase.build/Debug-iphonesimulator/FirebaseSessions.build/Objects-normal/x86_64/FirebaseSessions_dependency_info.dat --stringsdata-file /Users/hectorgarcia/Library/Developer/Xcode/DerivedData/Build/Intermediates.noindex/Firebase.build/Debug-iphonesimulator/FirebaseSessions.build/Objects-normal/x86_64/ExtractedAppShortcutsMetadata.stringsdata --source-file-list /Users/hectorgarcia/Library/Developer/Xcode/DerivedData/Build/Intermediates.noindex/Firebase.build/Debug-iphonesimulator/FirebaseSessions.build/Objects-normal/x86_64/FirebaseSessions.SwiftFileList --metadata-file-list /Users/hectorgarcia/Library/Developer/Xcode/DerivedData/Build/Intermediates.noindex/Firebase.build/Debug-iphonesimulator/FirebaseSessions.build/FirebaseSessions.DependencyMetadataFileList --static-metadata-file-list /Users/hectorgarcia/Library/Developer/Xcode/DerivedData/Build/Intermediates.noindex/Firebase.build/Debug-iphonesimulator/FirebaseSessions.build/FirebaseSessions.DependencyStaticMetadataFileList --swift-const-vals-list /Users/hectorgarcia/Library/Developer/Xcode/DerivedData/Build/Intermediates.noindex/Firebase.build/Debug-iphonesimulator/FirebaseSessions.build/Objects-normal/x86_64/FirebaseSessions.SwiftConstValuesFileList --force --compile-time-extraction --deployment-aware-processing --validate-assistant-intents --no-app-shortcuts-localization
2026-01-24 10:01:47.694 appintentsmetadataprocessor[28940:5746357] Starting appintentsmetadataprocessor export
2026-01-24 10:01:50.790 appintentsmetadataprocessor[28940:5746357] Extracted no relevant App Intents symbols, skipping writing output

Ld /Users/hectorgarcia/Library/Developer/Xcode/DerivedData/Build/Products/Debug-iphonesimulator/GoogleSignIn.o normal (in target 'GoogleSignIn' from project 'GoogleSignIn')
    cd /Users/hectorgarcia/Library/Developer/Xcode/DerivedData/Lyo-eagkiegzrakogpczynhkaholsscs/SourcePackages/checkouts/GoogleSignIn-iOS
    /Users/hectorgarcia/Downloads/Xcode.app/Contents/Developer/Toolchains/XcodeDefault.xctoolchain/usr/bin/clang -Xlinker -reproducible -target x86_64-apple-ios12.0-simulator -r -isysroot /Users/hectorgarcia/Downloads/Xcode.app/Contents/Developer/Platforms/iPhoneSimulator.platform/Developer/SDKs/iPhoneSimulator26.2.sdk -O0 -w -L/Users/hectorgarcia/Library/Developer/Xcode/DerivedData/Build/Intermediates.noindex/EagerLinkingTBDs/Debug-iphonesimulator -L/Users/hectorgarcia/Library/Developer/Xcode/DerivedData/Build/Products/Debug-iphonesimulator -L/Users/hectorgarcia/Downloads/Xcode.app/Contents/Developer/Platforms/iPhoneSimulator.platform/Developer/usr/lib -F/Users/hectorgarcia/Library/Developer/Xcode/DerivedData/Build/Intermediates.noindex/EagerLinkingTBDs/Debug-iphonesimulator -F/Users/hectorgarcia/Library/Developer/Xcode/DerivedData/Build/Products/Debug-iphonesimulator/PackageFrameworks -F/Users/hectorgarcia/Library/Developer/Xcode/DerivedData/Build/Products/Debug-iphonesimulator/PackageFrameworks -F/Users/hectorgarcia/Library/Developer/Xcode/DerivedData/Build/Products/Debug-iphonesimulator/PackageFrameworks -F/Users/hectorgarcia/Library/Developer/Xcode/DerivedData/Build/Products/Debug-iphonesimulator/PackageFrameworks -F/Users/hectorgarcia/Library/Developer/Xcode/DerivedData/Build/Products/Debug-iphonesimulator -iframework /Users/hectorgarcia/Downloads/Xcode.app/Contents/Developer/Platforms/iPhoneSimulator.platform/Developer/Library/Frameworks -iframework /Users/hectorgarcia/Downloads/Xcode.app/Contents/Developer/Platforms/iPhoneSimulator.platform/Developer/SDKs/iPhoneSimulator26.2.sdk/Developer/Library/Frameworks -filelist /Users/hectorgarcia/Library/Developer/Xcode/DerivedData/Build/Intermediates.noindex/GoogleSignIn.build/Debug-iphonesimulator/GoogleSignIn.build/Objects-normal/x86_64/GoogleSignIn.LinkFileList -nostdlib -Xlinker -object_path_lto -Xlinker /Users/hectorgarcia/Library/Developer/Xcode/DerivedData/Build/Intermediates.noindex/GoogleSignIn.build/Debug-iphonesimulator/GoogleSignIn.build/Objects-normal/x86_64/GoogleSignIn_lto.o -rdynamic -Xlinker -no_deduplicate -Xlinker -objc_abi_version -Xlinker 2 -Xlinker -dependency_info -Xlinker /Users/hectorgarcia/Library/Developer/Xcode/DerivedData/Build/Intermediates.noindex/GoogleSignIn.build/Debug-iphonesimulator/GoogleSignIn.build/Objects-normal/x86_64/GoogleSignIn_dependency_info.dat -fobjc-arc -fobjc-link-runtime -o /Users/hectorgarcia/Library/Developer/Xcode/DerivedData/Build/Products/Debug-iphonesimulator/GoogleSignIn.o

RegisterExecutionPolicyException /Users/hectorgarcia/Library/Developer/Xcode/DerivedData/Build/Products/Debug-iphonesimulator/GoogleSignIn.o (in target 'GoogleSignIn' from project 'GoogleSignIn')
    cd /Users/hectorgarcia/Library/Developer/Xcode/DerivedData/Lyo-eagkiegzrakogpczynhkaholsscs/SourcePackages/checkouts/GoogleSignIn-iOS
    builtin-RegisterExecutionPolicyException /Users/hectorgarcia/Library/Developer/Xcode/DerivedData/Build/Products/Debug-iphonesimulator/GoogleSignIn.o

RegisterExecutionPolicyException /Users/hectorgarcia/Library/Developer/Xcode/DerivedData/Build/Products/Debug-iphonesimulator/FirebaseCrashlyticsSwift.o (in target 'FirebaseCrashlyticsSwift' from project 'Firebase')
    cd /Users/hectorgarcia/Library/Developer/Xcode/DerivedData/Lyo-eagkiegzrakogpczynhkaholsscs/SourcePackages/checkouts/firebase-ios-sdk
    builtin-RegisterExecutionPolicyException /Users/hectorgarcia/Library/Developer/Xcode/DerivedData/Build/Products/Debug-iphonesimulator/FirebaseCrashlyticsSwift.o

RegisterExecutionPolicyException /Users/hectorgarcia/Library/Developer/Xcode/DerivedData/Build/Products/Debug-iphonesimulator/FirebaseSessions.o (in target 'FirebaseSessions' from project 'Firebase')
    cd /Users/hectorgarcia/Library/Developer/Xcode/DerivedData/Lyo-eagkiegzrakogpczynhkaholsscs/SourcePackages/checkouts/firebase-ios-sdk
    builtin-RegisterExecutionPolicyException /Users/hectorgarcia/Library/Developer/Xcode/DerivedData/Build/Products/Debug-iphonesimulator/FirebaseSessions.o

Ld /Users/hectorgarcia/Library/Developer/Xcode/DerivedData/Build/Products/Debug-iphonesimulator/FirebaseCrashlytics.o normal (in target 'FirebaseCrashlytics' from project 'Firebase')
    cd /Users/hectorgarcia/Library/Developer/Xcode/DerivedData/Lyo-eagkiegzrakogpczynhkaholsscs/SourcePackages/checkouts/firebase-ios-sdk
    /Users/hectorgarcia/Downloads/Xcode.app/Contents/Developer/Toolchains/XcodeDefault.xctoolchain/usr/bin/clang++ -Xlinker -reproducible -target x86_64-apple-ios12.0-simulator -r -isysroot /Users/hectorgarcia/Downloads/Xcode.app/Contents/Developer/Platforms/iPhoneSimulator.platform/Developer/SDKs/iPhoneSimulator26.2.sdk -O0 -w -L/Users/hectorgarcia/Library/Developer/Xcode/DerivedData/Build/Intermediates.noindex/EagerLinkingTBDs/Debug-iphonesimulator -L/Users/hectorgarcia/Library/Developer/Xcode/DerivedData/Build/Products/Debug-iphonesimulator -L/Users/hectorgarcia/Downloads/Xcode.app/Contents/Developer/Platforms/iPhoneSimulator.platform/Developer/usr/lib -F/Users/hectorgarcia/Library/Developer/Xcode/DerivedData/Build/Intermediates.noindex/EagerLinkingTBDs/Debug-iphonesimulator -F/Users/hectorgarcia/Library/Developer/Xcode/DerivedData/Build/Products/Debug-iphonesimulator/PackageFrameworks -F/Users/hectorgarcia/Library/Developer/Xcode/DerivedData/Build/Products/Debug-iphonesimulator/PackageFrameworks -F/Users/hectorgarcia/Library/Developer/Xcode/DerivedData/Build/Products/Debug-iphonesimulator/PackageFrameworks -F/Users/hectorgarcia/Library/Developer/Xcode/DerivedData/Build/Products/Debug-iphonesimulator/PackageFrameworks -F/Users/hectorgarcia/Library/Developer/Xcode/DerivedData/Build/Products/Debug-iphonesimulator/PackageFrameworks -F/Users/hectorgarcia/Library/Developer/Xcode/DerivedData/Build/Products/Debug-iphonesimulator/PackageFrameworks -F/Users/hectorgarcia/Library/Developer/Xcode/DerivedData/Build/Products/Debug-iphonesimulator/PackageFrameworks -F/Users/hectorgarcia/Library/Developer/Xcode/DerivedData/Build/Products/Debug-iphonesimulator/PackageFrameworks -F/Users/hectorgarcia/Library/Developer/Xcode/DerivedData/Build/Products/Debug-iphonesimulator/PackageFrameworks -F/Users/hectorgarcia/Library/Developer/Xcode/DerivedData/Build/Products/Debug-iphonesimulator/PackageFrameworks -F/Users/hectorgarcia/Library/Developer/Xcode/DerivedData/Build/Products/Debug-iphonesimulator/PackageFrameworks -F/Users/hectorgarcia/Library/Developer/Xcode/DerivedData/Build/Products/Debug-iphonesimulator/PackageFrameworks -F/Users/hectorgarcia/Library/Developer/Xcode/DerivedData/Build/Products/Debug-iphonesimulator/PackageFrameworks -F/Users/hectorgarcia/Library/Developer/Xcode/DerivedData/Build/Products/Debug-iphonesimulator/PackageFrameworks -F/Users/hectorgarcia/Library/Developer/Xcode/DerivedData/Build/Products/Debug-iphonesimulator/PackageFrameworks -F/Users/hectorgarcia/Library/Developer/Xcode/DerivedData/Build/Products/Debug-iphonesimulator/PackageFrameworks -F/Users/hectorgarcia/Library/Developer/Xcode/DerivedData/Build/Products/Debug-iphonesimulator/PackageFrameworks -F/Users/hectorgarcia/Library/Developer/Xcode/DerivedData/Build/Products/Debug-iphonesimulator/PackageFrameworks -F/Users/hectorgarcia/Library/Developer/Xcode/DerivedData/Build/Products/Debug-iphonesimulator -iframework /Users/hectorgarcia/Downloads/Xcode.app/Contents/Developer/Platforms/iPhoneSimulator.platform/Developer/Library/Frameworks -iframework /Users/hectorgarcia/Downloads/Xcode.app/Contents/Developer/Platforms/iPhoneSimulator.platform/Developer/SDKs/iPhoneSimulator26.2.sdk/Developer/Library/Frameworks -filelist /Users/hectorgarcia/Library/Developer/Xcode/DerivedData/Build/Intermediates.noindex/Firebase.build/Debug-iphonesimulator/FirebaseCrashlytics.build/Objects-normal/x86_64/FirebaseCrashlytics.LinkFileList -nostdlib -Xlinker -object_path_lto -Xlinker /Users/hectorgarcia/Library/Developer/Xcode/DerivedData/Build/Intermediates.noindex/Firebase.build/Debug-iphonesimulator/FirebaseCrashlytics.build/Objects-normal/x86_64/FirebaseCrashlytics_lto.o -rdynamic -Xlinker -no_deduplicate -Xlinker -objc_abi_version -Xlinker 2 -Xlinker -dependency_info -Xlinker /Users/hectorgarcia/Library/Developer/Xcode/DerivedData/Build/Intermediates.noindex/Firebase.build/Debug-iphonesimulator/FirebaseCrashlytics.build/Objects-normal/x86_64/FirebaseCrashlytics_dependency_info.dat -fobjc-arc -fobjc-link-runtime -o /Users/hectorgarcia/Library/Developer/Xcode/DerivedData/Build/Products/Debug-iphonesimulator/FirebaseCrashlytics.o

RegisterExecutionPolicyException /Users/hectorgarcia/Library/Developer/Xcode/DerivedData/Build/Products/Debug-iphonesimulator/FirebaseCrashlytics.o (in target 'FirebaseCrashlytics' from project 'Firebase')
    cd /Users/hectorgarcia/Library/Developer/Xcode/DerivedData/Lyo-eagkiegzrakogpczynhkaholsscs/SourcePackages/checkouts/firebase-ios-sdk
    builtin-RegisterExecutionPolicyException /Users/hectorgarcia/Library/Developer/Xcode/DerivedData/Build/Products/Debug-iphonesimulator/FirebaseCrashlytics.o

ProcessInfoPlistFile /Users/hectorgarcia/Library/Developer/Xcode/DerivedData/Build/Products/Debug-iphonesimulator/Lyo.app/Info.plist /Users/hectorgarcia/LYO_Da_ONE/Sources/Resources/Info.plist (in target 'Lyo' from project 'Lyo')
    cd /Users/hectorgarcia/LYO_Da_ONE
    builtin-infoPlistUtility /Users/hectorgarcia/LYO_Da_ONE/Sources/Resources/Info.plist -producttype com.apple.product-type.application -genpkginfo /Users/hectorgarcia/Library/Developer/Xcode/DerivedData/Build/Products/Debug-iphonesimulator/Lyo.app/PkgInfo -expandbuildsettings -format binary -platform iphonesimulator -additionalcontentfile /Users/hectorgarcia/Library/Developer/Xcode/DerivedData/Build/Intermediates.noindex/Lyo.build/Debug-iphonesimulator/Lyo.build/assetcatalog_generated_info.plist -scanforprivacyfile /Users/hectorgarcia/Library/Developer/Xcode/DerivedData/Build/Products/Debug-iphonesimulator/Lyo.app/AppAuth_AppAuth.bundle -scanforprivacyfile /Users/hectorgarcia/Library/Developer/Xcode/DerivedData/Build/Products/Debug-iphonesimulator/Lyo.app/AppAuth_AppAuthCore.bundle -scanforprivacyfile /Users/hectorgarcia/Library/Developer/Xcode/DerivedData/Build/Products/Debug-iphonesimulator/Lyo.app/Firebase_FirebaseAuth.bundle -scanforprivacyfile /Users/hectorgarcia/Library/Developer/Xcode/DerivedData/Build/Products/Debug-iphonesimulator/Lyo.app/Firebase_FirebaseCore.bundle -scanforprivacyfile /Users/hectorgarcia/Library/Developer/Xcode/DerivedData/Build/Products/Debug-iphonesimulator/Lyo.app/Firebase_FirebaseCoreExtension.bundle -scanforprivacyfile /Users/hectorgarcia/Library/Developer/Xcode/DerivedData/Build/Products/Debug-iphonesimulator/Lyo.app/Firebase_FirebaseCoreInternal.bundle -scanforprivacyfile /Users/hectorgarcia/Library/Developer/Xcode/DerivedData/Build/Products/Debug-iphonesimulator/Lyo.app/Firebase_FirebaseCrashlytics.bundle -scanforprivacyfile /Users/hectorgarcia/Library/Developer/Xcode/DerivedData/Build/Products/Debug-iphonesimulator/Lyo.app/Firebase_FirebaseInstallations.bundle -scanforprivacyfile /Users/hectorgarcia/Library/Developer/Xcode/DerivedData/Build/Products/Debug-iphonesimulator/Lyo.app/GTMAppAuth_GTMAppAuth.bundle -scanforprivacyfile /Users/hectorgarcia/Library/Developer/Xcode/DerivedData/Build/Products/Debug-iphonesimulator/Lyo.app/GTMSessionFetcher_GTMSessionFetcherCore.bundle -scanforprivacyfile /Users/hectorgarcia/Library/Developer/Xcode/DerivedData/Build/Products/Debug-iphonesimulator/Lyo.app/GoogleDataTransport_GoogleDataTransport.bundle -scanforprivacyfile /Users/hectorgarcia/Library/Developer/Xcode/DerivedData/Build/Products/Debug-iphonesimulator/Lyo.app/GoogleSignIn_GoogleSignIn.bundle -scanforprivacyfile /Users/hectorgarcia/Library/Developer/Xcode/DerivedData/Build/Products/Debug-iphonesimulator/Lyo.app/GoogleUtilities_GoogleUtilities-AppDelegateSwizzler.bundle -scanforprivacyfile /Users/hectorgarcia/Library/Developer/Xcode/DerivedData/Build/Products/Debug-iphonesimulator/Lyo.app/GoogleUtilities_GoogleUtilities-Environment.bundle -scanforprivacyfile /Users/hectorgarcia/Library/Developer/Xcode/DerivedData/Build/Products/Debug-iphonesimulator/Lyo.app/GoogleUtilities_GoogleUtilities-Logger.bundle -scanforprivacyfile /Users/hectorgarcia/Library/Developer/Xcode/DerivedData/Build/Products/Debug-iphonesimulator/Lyo.app/GoogleUtilities_GoogleUtilities-NSData.bundle -scanforprivacyfile /Users/hectorgarcia/Library/Developer/Xcode/DerivedData/Build/Products/Debug-iphonesimulator/Lyo.app/GoogleUtilities_GoogleUtilities-Network.bundle -scanforprivacyfile /Users/hectorgarcia/Library/Developer/Xcode/DerivedData/Build/Products/Debug-iphonesimulator/Lyo.app/GoogleUtilities_GoogleUtilities-Reachability.bundle -scanforprivacyfile /Users/hectorgarcia/Library/Developer/Xcode/DerivedData/Build/Products/Debug-iphonesimulator/Lyo.app/GoogleUtilities_GoogleUtilities-UserDefaults.bundle -scanforprivacyfile /Users/hectorgarcia/Library/Developer/Xcode/DerivedData/Build/Products/Debug-iphonesimulator/Lyo.app/Promises_FBLPromises.bundle -scanforprivacyfile /Users/hectorgarcia/Library/Developer/Xcode/DerivedData/Build/Products/Debug-iphonesimulator/Lyo.app/Promises_Promises.bundle -scanforprivacyfile /Users/hectorgarcia/Library/Developer/Xcode/DerivedData/Build/Products/Debug-iphonesimulator/Lyo.app/nanopb_nanopb.bundle -o /Users/hectorgarcia/Library/Developer/Xcode/DerivedData/Build/Products/Debug-iphonesimulator/Lyo.app/Info.plist

SwiftCompile normal x86_64 Compiling\ CameraManager.swift,\ CameraPreview.swift,\ CampusItemDetailSheet.swift,\ CampusModels.swift,\ CampusView.swift,\ CampusViewModel.swift,\ Challenge.swift,\ ChallengeCardView.swift,\ ChallengesHomeView.swift,\ ChallengesViewModel.swift,\ Chat.swift,\ ChatBubbleView.swift,\ ChatCourseRead.swift,\ ChatHistoryModels.swift,\ ChatHistoryView.swift,\ ChatIntentClassifier.swift,\ ChatOverlayView.swift,\ ChatPersistenceService.swift,\ ChatView.swift,\ ChatViewModel.swift,\ Classroom.swift,\ ClassroomView.swift,\ ClassroomViewModel.swift,\ ClipMetadataSheet.swift /Users/hectorgarcia/LYO_Da_ONE/Sources/Services/CameraManager.swift /Users/hectorgarcia/LYO_Da_ONE/Sources/Views/Main/Creation/CameraPreview.swift /Users/hectorgarcia/LYO_Da_ONE/Sources/Views/Main/Campus/CampusItemDetailSheet.swift /Users/hectorgarcia/LYO_Da_ONE/Sources/Models/CampusModels.swift /Users/hectorgarcia/LYO_Da_ONE/Sources/Views/Main/CampusView.swift /Users/hectorgarcia/LYO_Da_ONE/Sources/ViewModels/CampusViewModel.swift /Users/hectorgarcia/LYO_Da_ONE/Sources/Models/Challenge.swift /Users/hectorgarcia/LYO_Da_ONE/Sources/Components/Challenges/ChallengeCardView.swift /Users/hectorgarcia/LYO_Da_ONE/Sources/Views/Main/Challenges/ChallengesHomeView.swift /Users/hectorgarcia/LYO_Da_ONE/Sources/ViewModels/ChallengesViewModel.swift /Users/hectorgarcia/LYO_Da_ONE/Sources/Models/Chat.swift /Users/hectorgarcia/LYO_Da_ONE/Sources/Views/Main/Hybrid/ChatBubbleView.swift /Users/hectorgarcia/LYO_Da_ONE/Sources/Models/ChatCourseRead.swift /Users/hectorgarcia/LYO_Da_ONE/Sources/Models/ChatHistoryModels.swift /Users/hectorgarcia/LYO_Da_ONE/Sources/Views/Chat/ChatHistoryView.swift /Users/hectorgarcia/LYO_Da_ONE/Sources/Services/ChatIntentClassifier.swift /Users/hectorgarcia/LYO_Da_ONE/Sources/Views/Main/Hybrid/ChatOverlayView.swift /Users/hectorgarcia/LYO_Da_ONE/Sources/Services/ChatPersistenceService.swift /Users/hectorgarcia/LYO_Da_ONE/Sources/Views/Social/ChatView.swift /Users/hectorgarcia/LYO_Da_ONE/Sources/ViewModels/ChatViewModel.swift /Users/hectorgarcia/LYO_Da_ONE/Sources/Models/Classroom.swift /Users/hectorgarcia/LYO_Da_ONE/Sources/Views/Main/Classroom/ClassroomView.swift /Users/hectorgarcia/LYO_Da_ONE/Sources/ViewModels/ClassroomViewModel.swift /Users/hectorgarcia/LYO_Da_ONE/Sources/Views/Main/Creation/ClipMetadataSheet.swift (in target 'Lyo' from project 'Lyo')

SwiftCompile normal x86_64 /Users/hectorgarcia/LYO_Da_ONE/Sources/Services/CameraManager.swift (in target 'Lyo' from project 'Lyo')
    cd /Users/hectorgarcia/LYO_Da_ONE
    

SwiftCompile normal x86_64 /Users/hectorgarcia/LYO_Da_ONE/Sources/Views/Main/Creation/CameraPreview.swift (in target 'Lyo' from project 'Lyo')
    cd /Users/hectorgarcia/LYO_Da_ONE
    

SwiftCompile normal x86_64 /Users/hectorgarcia/LYO_Da_ONE/Sources/Views/Main/Campus/CampusItemDetailSheet.swift (in target 'Lyo' from project 'Lyo')
    cd /Users/hectorgarcia/LYO_Da_ONE
    

SwiftCompile normal x86_64 /Users/hectorgarcia/LYO_Da_ONE/Sources/Models/CampusModels.swift (in target 'Lyo' from project 'Lyo')
    cd /Users/hectorgarcia/LYO_Da_ONE
    

SwiftCompile normal x86_64 /Users/hectorgarcia/LYO_Da_ONE/Sources/Views/Main/CampusView.swift (in target 'Lyo' from project 'Lyo')
    cd /Users/hectorgarcia/LYO_Da_ONE
    

SwiftCompile normal x86_64 /Users/hectorgarcia/LYO_Da_ONE/Sources/ViewModels/CampusViewModel.swift (in target 'Lyo' from project 'Lyo')
    cd /Users/hectorgarcia/LYO_Da_ONE
    

SwiftCompile normal x86_64 /Users/hectorgarcia/LYO_Da_ONE/Sources/Models/Challenge.swift (in target 'Lyo' from project 'Lyo')
    cd /Users/hectorgarcia/LYO_Da_ONE
    

SwiftCompile normal x86_64 /Users/hectorgarcia/LYO_Da_ONE/Sources/Components/Challenges/ChallengeCardView.swift (in target 'Lyo' from project 'Lyo')
    cd /Users/hectorgarcia/LYO_Da_ONE
    

SwiftCompile normal x86_64 /Users/hectorgarcia/LYO_Da_ONE/Sources/Views/Main/Challenges/ChallengesHomeView.swift (in target 'Lyo' from project 'Lyo')
    cd /Users/hectorgarcia/LYO_Da_ONE
    

SwiftCompile normal x86_64 /Users/hectorgarcia/LYO_Da_ONE/Sources/ViewModels/ChallengesViewModel.swift (in target 'Lyo' from project 'Lyo')
    cd /Users/hectorgarcia/LYO_Da_ONE
    

SwiftCompile normal x86_64 /Users/hectorgarcia/LYO_Da_ONE/Sources/Models/Chat.swift (in target 'Lyo' from project 'Lyo')
    cd /Users/hectorgarcia/LYO_Da_ONE
    

SwiftCompile normal x86_64 /Users/hectorgarcia/LYO_Da_ONE/Sources/Views/Main/Hybrid/ChatBubbleView.swift (in target 'Lyo' from project 'Lyo')
    cd /Users/hectorgarcia/LYO_Da_ONE
    

SwiftCompile normal x86_64 /Users/hectorgarcia/LYO_Da_ONE/Sources/Models/ChatCourseRead.swift (in target 'Lyo' from project 'Lyo')
    cd /Users/hectorgarcia/LYO_Da_ONE
    

SwiftCompile normal x86_64 /Users/hectorgarcia/LYO_Da_ONE/Sources/Models/ChatHistoryModels.swift (in target 'Lyo' from project 'Lyo')
    cd /Users/hectorgarcia/LYO_Da_ONE
    

SwiftCompile normal x86_64 /Users/hectorgarcia/LYO_Da_ONE/Sources/Views/Chat/ChatHistoryView.swift (in target 'Lyo' from project 'Lyo')
    cd /Users/hectorgarcia/LYO_Da_ONE
    

SwiftCompile normal x86_64 /Users/hectorgarcia/LYO_Da_ONE/Sources/Services/ChatIntentClassifier.swift (in target 'Lyo' from project 'Lyo')
    cd /Users/hectorgarcia/LYO_Da_ONE
    

SwiftCompile normal x86_64 /Users/hectorgarcia/LYO_Da_ONE/Sources/Views/Main/Hybrid/ChatOverlayView.swift (in target 'Lyo' from project 'Lyo')
    cd /Users/hectorgarcia/LYO_Da_ONE
    

SwiftCompile normal x86_64 /Users/hectorgarcia/LYO_Da_ONE/Sources/Services/ChatPersistenceService.swift (in target 'Lyo' from project 'Lyo')
    cd /Users/hectorgarcia/LYO_Da_ONE
    

SwiftCompile normal x86_64 /Users/hectorgarcia/LYO_Da_ONE/Sources/Views/Social/ChatView.swift (in target 'Lyo' from project 'Lyo')
    cd /Users/hectorgarcia/LYO_Da_ONE
    

SwiftCompile normal x86_64 /Users/hectorgarcia/LYO_Da_ONE/Sources/ViewModels/ChatViewModel.swift (in target 'Lyo' from project 'Lyo')
    cd /Users/hectorgarcia/LYO_Da_ONE
    

SwiftCompile normal x86_64 /Users/hectorgarcia/LYO_Da_ONE/Sources/Models/Classroom.swift (in target 'Lyo' from project 'Lyo')
    cd /Users/hectorgarcia/LYO_Da_ONE
    

SwiftCompile normal x86_64 /Users/hectorgarcia/LYO_Da_ONE/Sources/Views/Main/Classroom/ClassroomView.swift (in target 'Lyo' from project 'Lyo')
    cd /Users/hectorgarcia/LYO_Da_ONE
    

SwiftCompile normal x86_64 /Users/hectorgarcia/LYO_Da_ONE/Sources/ViewModels/ClassroomViewModel.swift (in target 'Lyo' from project 'Lyo')
    cd /Users/hectorgarcia/LYO_Da_ONE
    

SwiftCompile normal x86_64 /Users/hectorgarcia/LYO_Da_ONE/Sources/Views/Main/Creation/ClipMetadataSheet.swift (in target 'Lyo' from project 'Lyo')
    cd /Users/hectorgarcia/LYO_Da_ONE
    

SwiftCompile normal x86_64 Compiling\ ClipModels.swift,\ ClipService.swift,\ CloudStorageService.swift,\ Community.swift,\ CommunityCardView.swift,\ CommunityDTOs.swift,\ CommunityDockView.swift,\ CommunityMapView.swift,\ CommunityView.swift,\ CommunityViewModel.swift,\ ComposerBar.swift,\ ContextualGestureSystem.swift,\ ControlsOverlay.swift,\ ConversationManager.swift,\ CourseCardView.swift,\ CourseCreationCoordinator.swift,\ CourseDrawerView.swift,\ CourseGenerationCard.swift,\ CourseGenerationEvent.swift,\ CourseGenerationIntermediateView.swift,\ CourseGenerationModels.swift,\ CourseGenerationService.swift,\ CourseGenerationSettingsView.swift,\ CourseGenerationStreamingClient.swift /Users/hectorgarcia/LYO_Da_ONE/Sources/Models/ClipModels.swift /Users/hectorgarcia/LYO_Da_ONE/Sources/Services/ClipService.swift /Users/hectorgarcia/LYO_Da_ONE/Sources/Services/CloudStorageService.swift /Users/hectorgarcia/LYO_Da_ONE/Sources/Models/Community.swift /Users/hectorgarcia/LYO_Da_ONE/Sources/Views/Community/Components/CommunityCardView.swift /Users/hectorgarcia/LYO_Da_ONE/Sources/Models/CommunityDTOs.swift /Users/hectorgarcia/LYO_Da_ONE/Sources/Views/Community/Components/CommunityDockView.swift /Users/hectorgarcia/LYO_Da_ONE/Sources/Views/Community/CommunityMapView.swift /Users/hectorgarcia/LYO_Da_ONE/Sources/Views/Community/CommunityView.swift /Users/hectorgarcia/LYO_Da_ONE/Sources/ViewModels/CommunityViewModel.swift /Users/hectorgarcia/LYO_Da_ONE/Sources/Components/AITutor/ComposerBar.swift /Users/hectorgarcia/LYO_Da_ONE/Sources/Components/Gestures/ContextualGestureSystem.swift /Users/hectorgarcia/LYO_Da_ONE/Sources/Components/Classroom/ControlsOverlay.swift /Users/hectorgarcia/LYO_Da_ONE/Sources/Services/ConversationManager.swift /Users/hectorgarcia/LYO_Da_ONE/Sources/Components/AITutor/CourseCardView.swift /Users/hectorgarcia/LYO_Da_ONE/Sources/Views/AI/CourseCreationCoordinator.swift /Users/hectorgarcia/LYO_Da_ONE/Sources/Views/Main/AITutor/CourseDrawerView.swift /Users/hectorgarcia/LYO_Da_ONE/Sources/Components/AITutor/CourseGenerationCard.swift /Users/hectorgarcia/LYO_Da_ONE/Sources/Models/AI/CourseGenerationEvent.swift /Users/hectorgarcia/LYO_Da_ONE/Sources/Views/Main/AITutor/CourseGenerationIntermediateView.swift /Users/hectorgarcia/LYO_Da_ONE/Sources/Models/AI/CourseGenerationModels.swift /Users/hectorgarcia/LYO_Da_ONE/Sources/Services/CourseGenerationService.swift /Users/hectorgarcia/LYO_Da_ONE/Sources/Views/AI/CourseGenerationSettingsView.swift /Users/hectorgarcia/LYO_Da_ONE/Sources/Services/CourseGenerationStreamingClient.swift (in target 'Lyo' from project 'Lyo')
SwiftCompile normal x86_64 /Users/hectorgarcia/LYO_Da_ONE/Sources/Models/ClipModels.swift (in target 'Lyo' from project 'Lyo')
    cd /Users/hectorgarcia/LYO_Da_ONE
    

SwiftCompile normal x86_64 /Users/hectorgarcia/LYO_Da_ONE/Sources/Services/ClipService.swift (in target 'Lyo' from project 'Lyo')
    cd /Users/hectorgarcia/LYO_Da_ONE
    

SwiftCompile normal x86_64 /Users/hectorgarcia/LYO_Da_ONE/Sources/Services/CloudStorageService.swift (in target 'Lyo' from project 'Lyo')
    cd /Users/hectorgarcia/LYO_Da_ONE
    

SwiftCompile normal x86_64 /Users/hectorgarcia/LYO_Da_ONE/Sources/Models/Community.swift (in target 'Lyo' from project 'Lyo')
    cd /Users/hectorgarcia/LYO_Da_ONE
    

SwiftCompile normal x86_64 /Users/hectorgarcia/LYO_Da_ONE/Sources/Views/Community/Components/CommunityCardView.swift (in target 'Lyo' from project 'Lyo')
    cd /Users/hectorgarcia/LYO_Da_ONE
    

SwiftCompile normal x86_64 /Users/hectorgarcia/LYO_Da_ONE/Sources/Models/CommunityDTOs.swift (in target 'Lyo' from project 'Lyo')
    cd /Users/hectorgarcia/LYO_Da_ONE
    

SwiftCompile normal x86_64 /Users/hectorgarcia/LYO_Da_ONE/Sources/Views/Community/Components/CommunityDockView.swift (in target 'Lyo' from project 'Lyo')
    cd /Users/hectorgarcia/LYO_Da_ONE
    

SwiftCompile normal x86_64 /Users/hectorgarcia/LYO_Da_ONE/Sources/Views/Community/CommunityMapView.swift (in target 'Lyo' from project 'Lyo')
    cd /Users/hectorgarcia/LYO_Da_ONE
    

SwiftCompile normal x86_64 /Users/hectorgarcia/LYO_Da_ONE/Sources/Views/Community/CommunityView.swift (in target 'Lyo' from project 'Lyo')
    cd /Users/hectorgarcia/LYO_Da_ONE
    

SwiftCompile normal x86_64 /Users/hectorgarcia/LYO_Da_ONE/Sources/ViewModels/CommunityViewModel.swift (in target 'Lyo' from project 'Lyo')
    cd /Users/hectorgarcia/LYO_Da_ONE
    

SwiftCompile normal x86_64 /Users/hectorgarcia/LYO_Da_ONE/Sources/Components/AITutor/ComposerBar.swift (in target 'Lyo' from project 'Lyo')
    cd /Users/hectorgarcia/LYO_Da_ONE
    

SwiftCompile normal x86_64 /Users/hectorgarcia/LYO_Da_ONE/Sources/Components/Gestures/ContextualGestureSystem.swift (in target 'Lyo' from project 'Lyo')
    cd /Users/hectorgarcia/LYO_Da_ONE
    

SwiftCompile normal x86_64 /Users/hectorgarcia/LYO_Da_ONE/Sources/Components/Classroom/ControlsOverlay.swift (in target 'Lyo' from project 'Lyo')
    cd /Users/hectorgarcia/LYO_Da_ONE
    

SwiftCompile normal x86_64 /Users/hectorgarcia/LYO_Da_ONE/Sources/Services/ConversationManager.swift (in target 'Lyo' from project 'Lyo')
    cd /Users/hectorgarcia/LYO_Da_ONE
    

SwiftCompile normal x86_64 /Users/hectorgarcia/LYO_Da_ONE/Sources/Components/AITutor/CourseCardView.swift (in target 'Lyo' from project 'Lyo')
    cd /Users/hectorgarcia/LYO_Da_ONE
    

SwiftCompile normal x86_64 /Users/hectorgarcia/LYO_Da_ONE/Sources/Views/AI/CourseCreationCoordinator.swift (in target 'Lyo' from project 'Lyo')
    cd /Users/hectorgarcia/LYO_Da_ONE
    

SwiftCompile normal x86_64 /Users/hectorgarcia/LYO_Da_ONE/Sources/Views/Main/AITutor/CourseDrawerView.swift (in target 'Lyo' from project 'Lyo')
    cd /Users/hectorgarcia/LYO_Da_ONE
    

SwiftCompile normal x86_64 /Users/hectorgarcia/LYO_Da_ONE/Sources/Components/AITutor/CourseGenerationCard.swift (in target 'Lyo' from project 'Lyo')
    cd /Users/hectorgarcia/LYO_Da_ONE
    

SwiftCompile normal x86_64 /Users/hectorgarcia/LYO_Da_ONE/Sources/Models/AI/CourseGenerationEvent.swift (in target 'Lyo' from project 'Lyo')
    cd /Users/hectorgarcia/LYO_Da_ONE
    

SwiftCompile normal x86_64 /Users/hectorgarcia/LYO_Da_ONE/Sources/Views/Main/AITutor/CourseGenerationIntermediateView.swift (in target 'Lyo' from project 'Lyo')
    cd /Users/hectorgarcia/LYO_Da_ONE
    

SwiftCompile normal x86_64 /Users/hectorgarcia/LYO_Da_ONE/Sources/Models/AI/CourseGenerationModels.swift (in target 'Lyo' from project 'Lyo')
    cd /Users/hectorgarcia/LYO_Da_ONE
    

SwiftCompile normal x86_64 /Users/hectorgarcia/LYO_Da_ONE/Sources/Services/CourseGenerationService.swift (in target 'Lyo' from project 'Lyo')
    cd /Users/hectorgarcia/LYO_Da_ONE
    

SwiftCompile normal x86_64 /Users/hectorgarcia/LYO_Da_ONE/Sources/Views/AI/CourseGenerationSettingsView.swift (in target 'Lyo' from project 'Lyo')
    cd /Users/hectorgarcia/LYO_Da_ONE
    

SwiftCompile normal x86_64 /Users/hectorgarcia/LYO_Da_ONE/Sources/Services/CourseGenerationStreamingClient.swift (in target 'Lyo' from project 'Lyo')
    cd /Users/hectorgarcia/LYO_Da_ONE
    

SwiftCompile normal x86_64 Compiling\ DeveloperDashboardView.swift,\ DiscoverCardView.swift,\ DiscoverModels.swift,\ DiscoverReelView.swift,\ DiscoverView.swift,\ DiscoverViewModel.swift,\ DiscoveryService.swift,\ DocumentPickerView.swift,\ DrawerChatHistoryView.swift,\ EditProfileView.swift,\ Endpoint.swift,\ EnhancedAIChatView.swift,\ EnhancedChatInputBar.swift,\ EnhancedLyoHomeView.swift,\ EnhancedMainTabView.swift,\ EnhancedMainTabView_STUB.swift,\ EnhancedMessageBubble.swift,\ ErrorView.swift,\ ExerciseValidationService.swift,\ FeedModels.swift,\ FeedView.swift,\ FeedViewModel.swift,\ FirebaseAuthManager.swift,\ FlashcardCarouselBubbleView.swift /Users/hectorgarcia/LYO_Da_ONE/Sources/Views/Profile/DeveloperDashboardView.swift /Users/hectorgarcia/LYO_Da_ONE/Sources/Components/Common/DiscoverCardView.swift /Users/hectorgarcia/LYO_Da_ONE/Sources/Models/DiscoverModels.swift /Users/hectorgarcia/LYO_Da_ONE/Sources/Views/Main/DiscoverReelView.swift /Users/hectorgarcia/LYO_Da_ONE/Sources/Views/Main/DiscoverView.swift /Users/hectorgarcia/LYO_Da_ONE/Sources/ViewModels/DiscoverViewModel.swift /Users/hectorgarcia/LYO_Da_ONE/Sources/Services/DiscoveryService.swift /Users/hectorgarcia/LYO_Da_ONE/Sources/Components/Common/DocumentPickerView.swift /Users/hectorgarcia/LYO_Da_ONE/Sources/Views/Main/Drawer/DrawerChatHistoryView.swift /Users/hectorgarcia/LYO_Da_ONE/Sources/Views/Auth/EditProfileView.swift /Users/hectorgarcia/LYO_Da_ONE/Sources/Core/Networking/Endpoint.swift /Users/hectorgarcia/LYO_Da_ONE/Sources/Views/Chat/EnhancedAIChatView.swift /Users/hectorgarcia/LYO_Da_ONE/Sources/Views/Chat/EnhancedChatInputBar.swift /Users/hectorgarcia/LYO_Da_ONE/Sources/Views/Main/AITutor/EnhancedLyoHomeView.swift /Users/hectorgarcia/LYO_Da_ONE/Sources/Components/Navigation/EnhancedMainTabView.swift /Users/hectorgarcia/LYO_Da_ONE/Sources/Components/Navigation/EnhancedMainTabView_STUB.swift /Users/hectorgarcia/LYO_Da_ONE/Sources/Views/Chat/EnhancedMessageBubble.swift /Users/hectorgarcia/LYO_Da_ONE/Sources/Components/Errors/ErrorView.swift /Users/hectorgarcia/LYO_Da_ONE/Sources/Services/ExerciseValidationService.swift /Users/hectorgarcia/LYO_Da_ONE/Sources/Models/FeedModels.swift /Users/hectorgarcia/LYO_Da_ONE/Sources/Views/Social/FeedView.swift /Users/hectorgarcia/LYO_Da_ONE/Sources/ViewModels/FeedViewModel.swift /Users/hectorgarcia/LYO_Da_ONE/Sources/Core/Security/FirebaseAuthManager.swift /Users/hectorgarcia/LYO_Da_ONE/Sources/Views/Chat/FlashcardCarouselBubbleView.swift (in target 'Lyo' from project 'Lyo')
SwiftCompile normal x86_64 /Users/hectorgarcia/LYO_Da_ONE/Sources/Views/Profile/DeveloperDashboardView.swift (in target 'Lyo' from project 'Lyo')
    cd /Users/hectorgarcia/LYO_Da_ONE
    

SwiftCompile normal x86_64 /Users/hectorgarcia/LYO_Da_ONE/Sources/Components/Common/DiscoverCardView.swift (in target 'Lyo' from project 'Lyo')
    cd /Users/hectorgarcia/LYO_Da_ONE
    

SwiftCompile normal x86_64 /Users/hectorgarcia/LYO_Da_ONE/Sources/Models/DiscoverModels.swift (in target 'Lyo' from project 'Lyo')
    cd /Users/hectorgarcia/LYO_Da_ONE
    

SwiftCompile normal x86_64 /Users/hectorgarcia/LYO_Da_ONE/Sources/Views/Main/DiscoverReelView.swift (in target 'Lyo' from project 'Lyo')
    cd /Users/hectorgarcia/LYO_Da_ONE
    

SwiftCompile normal x86_64 /Users/hectorgarcia/LYO_Da_ONE/Sources/Views/Main/DiscoverView.swift (in target 'Lyo' from project 'Lyo')
    cd /Users/hectorgarcia/LYO_Da_ONE
    

SwiftCompile normal x86_64 /Users/hectorgarcia/LYO_Da_ONE/Sources/ViewModels/DiscoverViewModel.swift (in target 'Lyo' from project 'Lyo')
    cd /Users/hectorgarcia/LYO_Da_ONE
    

SwiftCompile normal x86_64 /Users/hectorgarcia/LYO_Da_ONE/Sources/Services/DiscoveryService.swift (in target 'Lyo' from project 'Lyo')
    cd /Users/hectorgarcia/LYO_Da_ONE
    

SwiftCompile normal x86_64 /Users/hectorgarcia/LYO_Da_ONE/Sources/Components/Common/DocumentPickerView.swift (in target 'Lyo' from project 'Lyo')
    cd /Users/hectorgarcia/LYO_Da_ONE
    

SwiftCompile normal x86_64 /Users/hectorgarcia/LYO_Da_ONE/Sources/Views/Main/Drawer/DrawerChatHistoryView.swift (in target 'Lyo' from project 'Lyo')
    cd /Users/hectorgarcia/LYO_Da_ONE
    

SwiftCompile normal x86_64 /Users/hectorgarcia/LYO_Da_ONE/Sources/Views/Auth/EditProfileView.swift (in target 'Lyo' from project 'Lyo')
    cd /Users/hectorgarcia/LYO_Da_ONE
    

SwiftCompile normal x86_64 /Users/hectorgarcia/LYO_Da_ONE/Sources/Core/Networking/Endpoint.swift (in target 'Lyo' from project 'Lyo')
    cd /Users/hectorgarcia/LYO_Da_ONE
    

SwiftCompile normal x86_64 /Users/hectorgarcia/LYO_Da_ONE/Sources/Views/Chat/EnhancedAIChatView.swift (in target 'Lyo' from project 'Lyo')
    cd /Users/hectorgarcia/LYO_Da_ONE
    

SwiftCompile normal x86_64 /Users/hectorgarcia/LYO_Da_ONE/Sources/Views/Chat/EnhancedChatInputBar.swift (in target 'Lyo' from project 'Lyo')
    cd /Users/hectorgarcia/LYO_Da_ONE
    

SwiftCompile normal x86_64 /Users/hectorgarcia/LYO_Da_ONE/Sources/Views/Main/AITutor/EnhancedLyoHomeView.swift (in target 'Lyo' from project 'Lyo')
    cd /Users/hectorgarcia/LYO_Da_ONE
    

SwiftCompile normal x86_64 /Users/hectorgarcia/LYO_Da_ONE/Sources/Components/Navigation/EnhancedMainTabView.swift (in target 'Lyo' from project 'Lyo')
    cd /Users/hectorgarcia/LYO_Da_ONE
    

SwiftCompile normal x86_64 /Users/hectorgarcia/LYO_Da_ONE/Sources/Components/Navigation/EnhancedMainTabView_STUB.swift (in target 'Lyo' from project 'Lyo')
    cd /Users/hectorgarcia/LYO_Da_ONE
    

SwiftCompile normal x86_64 /Users/hectorgarcia/LYO_Da_ONE/Sources/Views/Chat/EnhancedMessageBubble.swift (in target 'Lyo' from project 'Lyo')
    cd /Users/hectorgarcia/LYO_Da_ONE
    

SwiftCompile normal x86_64 /Users/hectorgarcia/LYO_Da_ONE/Sources/Components/Errors/ErrorView.swift (in target 'Lyo' from project 'Lyo')
    cd /Users/hectorgarcia/LYO_Da_ONE
    

SwiftCompile normal x86_64 /Users/hectorgarcia/LYO_Da_ONE/Sources/Services/ExerciseValidationService.swift (in target 'Lyo' from project 'Lyo')
    cd /Users/hectorgarcia/LYO_Da_ONE
    

SwiftCompile normal x86_64 /Users/hectorgarcia/LYO_Da_ONE/Sources/Models/FeedModels.swift (in target 'Lyo' from project 'Lyo')
    cd /Users/hectorgarcia/LYO_Da_ONE
    

SwiftCompile normal x86_64 /Users/hectorgarcia/LYO_Da_ONE/Sources/Views/Social/FeedView.swift (in target 'Lyo' from project 'Lyo')
    cd /Users/hectorgarcia/LYO_Da_ONE
    

SwiftCompile normal x86_64 /Users/hectorgarcia/LYO_Da_ONE/Sources/ViewModels/FeedViewModel.swift (in target 'Lyo' from project 'Lyo')
    cd /Users/hectorgarcia/LYO_Da_ONE
    

SwiftCompile normal x86_64 /Users/hectorgarcia/LYO_Da_ONE/Sources/Core/Security/FirebaseAuthManager.swift (in target 'Lyo' from project 'Lyo')
    cd /Users/hectorgarcia/LYO_Da_ONE
    

SwiftCompile normal x86_64 /Users/hectorgarcia/LYO_Da_ONE/Sources/Views/Chat/FlashcardCarouselBubbleView.swift (in target 'Lyo' from project 'Lyo')
    cd /Users/hectorgarcia/LYO_Da_ONE
    

SwiftCompile normal x86_64 Compiling\ CourseLibraryService.swift,\ CourseModels.swift,\ CourseProposalView.swift,\ CourseRoadmapBubbleView.swift,\ CourseShareService.swift,\ CourseSocialService.swift,\ CourseWizardHandler.swift,\ CrashlyticsService.swift,\ CreateCommunityItemSheet.swift,\ CreateEventView.swift,\ CreateHubView.swift,\ CreateModePicker.swift,\ CreateViewModel.swift,\ CreationSheet.swift,\ DataService.swift,\ DefaultAIRepository.swift,\ DefaultAuthRepository.swift,\ DefaultCommunityRepository.swift,\ DefaultGamificationRepository.swift,\ DefaultLearningRepository.swift,\ DefaultSocialRepository.swift,\ DefaultTTSRepository.swift,\ DesignSystem.swift,\ DesignTokens.swift /Users/hectorgarcia/LYO_Da_ONE/Sources/Core/Services/CourseLibraryService.swift /Users/hectorgarcia/LYO_Da_ONE/Sources/Models/CourseModels.swift /Users/hectorgarcia/LYO_Da_ONE/Sources/Components/AITutor/CourseProposalView.swift /Users/hectorgarcia/LYO_Da_ONE/Sources/Views/Chat/CourseRoadmapBubbleView.swift /Users/hectorgarcia/LYO_Da_ONE/Sources/Core/Services/CourseShareService.swift /Users/hectorgarcia/LYO_Da_ONE/Sources/Core/Services/CourseSocialService.swift /Users/hectorgarcia/LYO_Da_ONE/Sources/Services/CourseWizardHandler.swift /Users/hectorgarcia/LYO_Da_ONE/Sources/Services/CrashlyticsService.swift /Users/hectorgarcia/LYO_Da_ONE/Sources/Views/Community/CreateCommunityItemSheet.swift /Users/hectorgarcia/LYO_Da_ONE/Sources/Views/Main/CreateEventView.swift /Users/hectorgarcia/LYO_Da_ONE/Sources/Views/Main/Creation/CreateHubView.swift /Users/hectorgarcia/LYO_Da_ONE/Sources/Views/Main/Creation/CreateModePicker.swift /Users/hectorgarcia/LYO_Da_ONE/Sources/ViewModels/CreateViewModel.swift /Users/hectorgarcia/LYO_Da_ONE/Sources/Views/Main/Creation/CreationSheet.swift /Users/hectorgarcia/LYO_Da_ONE/Sources/Services/DataService.swift /Users/hectorgarcia/LYO_Da_ONE/Sources/Services/Repositories/DefaultAIRepository.swift /Users/hectorgarcia/LYO_Da_ONE/Sources/Services/Repositories/DefaultAuthRepository.swift /Users/hectorgarcia/LYO_Da_ONE/Sources/Services/Repositories/DefaultCommunityRepository.swift /Users/hectorgarcia/LYO_Da_ONE/Sources/Services/Repositories/DefaultGamificationRepository.swift /Users/hectorgarcia/LYO_Da_ONE/Sources/Services/Repositories/DefaultLearningRepository.swift /Users/hectorgarcia/LYO_Da_ONE/Sources/Services/Repositories/DefaultSocialRepository.swift /Users/hectorgarcia/LYO_Da_ONE/Sources/Services/Repositories/DefaultTTSRepository.swift /Users/hectorgarcia/LYO_Da_ONE/Sources/Core/DesignSystem.swift /Users/hectorgarcia/LYO_Da_ONE/Sources/Core/DesignTokens.swift (in target 'Lyo' from project 'Lyo')

SwiftCompile normal x86_64 /Users/hectorgarcia/LYO_Da_ONE/Sources/Core/Services/CourseLibraryService.swift (in target 'Lyo' from project 'Lyo')
    cd /Users/hectorgarcia/LYO_Da_ONE
    

SwiftCompile normal x86_64 /Users/hectorgarcia/LYO_Da_ONE/Sources/Models/CourseModels.swift (in target 'Lyo' from project 'Lyo')
    cd /Users/hectorgarcia/LYO_Da_ONE
    

SwiftCompile normal x86_64 /Users/hectorgarcia/LYO_Da_ONE/Sources/Components/AITutor/CourseProposalView.swift (in target 'Lyo' from project 'Lyo')
    cd /Users/hectorgarcia/LYO_Da_ONE
    

SwiftCompile normal x86_64 /Users/hectorgarcia/LYO_Da_ONE/Sources/Views/Chat/CourseRoadmapBubbleView.swift (in target 'Lyo' from project 'Lyo')
    cd /Users/hectorgarcia/LYO_Da_ONE
    

SwiftCompile normal x86_64 /Users/hectorgarcia/LYO_Da_ONE/Sources/Core/Services/CourseShareService.swift (in target 'Lyo' from project 'Lyo')
    cd /Users/hectorgarcia/LYO_Da_ONE
    

SwiftCompile normal x86_64 /Users/hectorgarcia/LYO_Da_ONE/Sources/Core/Services/CourseSocialService.swift (in target 'Lyo' from project 'Lyo')
    cd /Users/hectorgarcia/LYO_Da_ONE
    

SwiftCompile normal x86_64 /Users/hectorgarcia/LYO_Da_ONE/Sources/Services/CourseWizardHandler.swift (in target 'Lyo' from project 'Lyo')
    cd /Users/hectorgarcia/LYO_Da_ONE
    

SwiftCompile normal x86_64 /Users/hectorgarcia/LYO_Da_ONE/Sources/Services/CrashlyticsService.swift (in target 'Lyo' from project 'Lyo')
    cd /Users/hectorgarcia/LYO_Da_ONE
    

SwiftCompile normal x86_64 /Users/hectorgarcia/LYO_Da_ONE/Sources/Views/Community/CreateCommunityItemSheet.swift (in target 'Lyo' from project 'Lyo')
    cd /Users/hectorgarcia/LYO_Da_ONE
    

SwiftCompile normal x86_64 /Users/hectorgarcia/LYO_Da_ONE/Sources/Views/Main/CreateEventView.swift (in target 'Lyo' from project 'Lyo')
    cd /Users/hectorgarcia/LYO_Da_ONE
    

SwiftCompile normal x86_64 /Users/hectorgarcia/LYO_Da_ONE/Sources/Views/Main/Creation/CreateHubView.swift (in target 'Lyo' from project 'Lyo')
    cd /Users/hectorgarcia/LYO_Da_ONE
    

SwiftCompile normal x86_64 /Users/hectorgarcia/LYO_Da_ONE/Sources/Views/Main/Creation/CreateModePicker.swift (in target 'Lyo' from project 'Lyo')
    cd /Users/hectorgarcia/LYO_Da_ONE
    

SwiftCompile normal x86_64 /Users/hectorgarcia/LYO_Da_ONE/Sources/ViewModels/CreateViewModel.swift (in target 'Lyo' from project 'Lyo')
    cd /Users/hectorgarcia/LYO_Da_ONE
    

SwiftCompile normal x86_64 /Users/hectorgarcia/LYO_Da_ONE/Sources/Views/Main/Creation/CreationSheet.swift (in target 'Lyo' from project 'Lyo')
    cd /Users/hectorgarcia/LYO_Da_ONE
    

SwiftCompile normal x86_64 /Users/hectorgarcia/LYO_Da_ONE/Sources/Services/DataService.swift (in target 'Lyo' from project 'Lyo')
    cd /Users/hectorgarcia/LYO_Da_ONE
    

SwiftCompile normal x86_64 /Users/hectorgarcia/LYO_Da_ONE/Sources/Services/Repositories/DefaultAIRepository.swift (in target 'Lyo' from project 'Lyo')
    cd /Users/hectorgarcia/LYO_Da_ONE
    

SwiftCompile normal x86_64 /Users/hectorgarcia/LYO_Da_ONE/Sources/Services/Repositories/DefaultAuthRepository.swift (in target 'Lyo' from project 'Lyo')
    cd /Users/hectorgarcia/LYO_Da_ONE
    

SwiftCompile normal x86_64 /Users/hectorgarcia/LYO_Da_ONE/Sources/Services/Repositories/DefaultCommunityRepository.swift (in target 'Lyo' from project 'Lyo')
    cd /Users/hectorgarcia/LYO_Da_ONE
    

SwiftCompile normal x86_64 /Users/hectorgarcia/LYO_Da_ONE/Sources/Services/Repositories/DefaultGamificationRepository.swift (in target 'Lyo' from project 'Lyo')
    cd /Users/hectorgarcia/LYO_Da_ONE
    

SwiftCompile normal x86_64 /Users/hectorgarcia/LYO_Da_ONE/Sources/Services/Repositories/DefaultLearningRepository.swift (in target 'Lyo' from project 'Lyo')
    cd /Users/hectorgarcia/LYO_Da_ONE
    

SwiftCompile normal x86_64 /Users/hectorgarcia/LYO_Da_ONE/Sources/Services/Repositories/DefaultSocialRepository.swift (in target 'Lyo' from project 'Lyo')
    cd /Users/hectorgarcia/LYO_Da_ONE
    

SwiftCompile normal x86_64 /Users/hectorgarcia/LYO_Da_ONE/Sources/Services/Repositories/DefaultTTSRepository.swift (in target 'Lyo' from project 'Lyo')
    cd /Users/hectorgarcia/LYO_Da_ONE
    

SwiftCompile normal x86_64 /Users/hectorgarcia/LYO_Da_ONE/Sources/Core/DesignSystem.swift (in target 'Lyo' from project 'Lyo')
    cd /Users/hectorgarcia/LYO_Da_ONE
    

SwiftCompile normal x86_64 /Users/hectorgarcia/LYO_Da_ONE/Sources/Core/DesignTokens.swift (in target 'Lyo' from project 'Lyo')
    cd /Users/hectorgarcia/LYO_Da_ONE
    

SwiftEmitModule normal x86_64 Emitting\ module\ for\ Lyo (in target 'Lyo' from project 'Lyo')

EmitSwiftModule normal x86_64 (in target 'Lyo' from project 'Lyo')
    cd /Users/hectorgarcia/LYO_Da_ONE
    

SwiftCompile normal x86_64 Compiling\ SuggestionChipsBar.swift,\ SuggestionChipsView.swift,\ TTSView.swift,\ TTSViewModel.swift,\ TTSVoiceBubbleView.swift,\ TextToSpeechService.swift,\ TokenManager.swift,\ TopHeaderView.swift,\ TopicSelectionBubbleView.swift,\ TranscriptSheet.swift,\ TutorModeView.swift,\ TutorModels.swift,\ TutorService.swift,\ TutorViewModel.swift,\ UIStackModels.swift,\ UIStackStore.swift,\ UnifiedChatPersistence.swift,\ UnifiedChatService.swift,\ UsageAnalyticsView.swift,\ User.swift,\ UserContextService.swift,\ VideoContextSheet.swift,\ VideoPickerService.swift /Users/hectorgarcia/LYO_Da_ONE/Sources/Components/AITutor/SuggestionChipsBar.swift /Users/hectorgarcia/LYO_Da_ONE/Sources/Views/Chat/SuggestionChipsView.swift /Users/hectorgarcia/LYO_Da_ONE/Sources/Views/Learning/TTSView.swift /Users/hectorgarcia/LYO_Da_ONE/Sources/ViewModels/TTSViewModel.swift /Users/hectorgarcia/LYO_Da_ONE/Sources/Components/Classroom/TTSVoiceBubbleView.swift /Users/hectorgarcia/LYO_Da_ONE/Sources/Services/TextToSpeechService.swift /Users/hectorgarcia/LYO_Da_ONE/Sources/Core/Security/TokenManager.swift /Users/hectorgarcia/LYO_Da_ONE/Sources/Views/Main/TopHeaderView.swift /Users/hectorgarcia/LYO_Da_ONE/Sources/Views/Chat/TopicSelectionBubbleView.swift /Users/hectorgarcia/LYO_Da_ONE/Sources/Views/Main/Classroom/TranscriptSheet.swift /Users/hectorgarcia/LYO_Da_ONE/Sources/Views/Main/Classroom/TutorModeView.swift /Users/hectorgarcia/LYO_Da_ONE/Sources/Models/TutorModels.swift /Users/hectorgarcia/LYO_Da_ONE/Sources/Services/TutorService.swift /Users/hectorgarcia/LYO_Da_ONE/Sources/ViewModels/TutorViewModel.swift /Users/hectorgarcia/LYO_Da_ONE/Sources/Models/UIStackModels.swift /Users/hectorgarcia/LYO_Da_ONE/Sources/Services/UIStackStore.swift /Users/hectorgarcia/LYO_Da_ONE/Sources/Services/UnifiedChatPersistence.swift /Users/hectorgarcia/LYO_Da_ONE/Sources/Services/UnifiedChatService.swift /Users/hectorgarcia/LYO_Da_ONE/Sources/Views/AI/UsageAnalyticsView.swift /Users/hectorgarcia/LYO_Da_ONE/Sources/Models/User.swift /Users/hectorgarcia/LYO_Da_ONE/Sources/Services/UserContextService.swift /Users/hectorgarcia/LYO_Da_ONE/Sources/Views/Main/ReelComponents/VideoContextSheet.swift /Users/hectorgarcia/LYO_Da_ONE/Sources/Services/VideoPickerService.swift (in target 'Lyo' from project 'Lyo')
Failed frontend command:
/Users/hectorgarcia/Downloads/Xcode.app/Contents/Developer/Toolchains/XcodeDefault.xctoolchain/usr/bin/swift-frontend -frontend -c -filelist /Users/hectorgarcia/Library/Developer/Xcode/DerivedData/Build/Intermediates.noindex/Lyo.build/Debug-iphonesimulator/Lyo.build/Objects-normal/x86_64/sources-1 -primary-file /Users/hectorgarcia/LYO_Da_ONE/Sources/Components/AITutor/SuggestionChipsBar.swift -primary-file /Users/hectorgarcia/LYO_Da_ONE/Sources/Views/Chat/SuggestionChipsView.swift -primary-file /Users/hectorgarcia/LYO_Da_ONE/Sources/Views/Learning/TTSView.swift -primary-file /Users/hectorgarcia/LYO_Da_ONE/Sources/ViewModels/TTSViewModel.swift -primary-file /Users/hectorgarcia/LYO_Da_ONE/Sources/Components/Classroom/TTSVoiceBubbleView.swift -primary-file /Users/hectorgarcia/LYO_Da_ONE/Sources/Services/TextToSpeechService.swift -primary-file /Users/hectorgarcia/LYO_Da_ONE/Sources/Core/Security/TokenManager.swift -primary-file /Users/hectorgarcia/LYO_Da_ONE/Sources/Views/Main/TopHeaderView.swift -primary-file /Users/hectorgarcia/LYO_Da_ONE/Sources/Views/Chat/TopicSelectionBubbleView.swift -primary-file /Users/hectorgarcia/LYO_Da_ONE/Sources/Views/Main/Classroom/TranscriptSheet.swift -primary-file /Users/hectorgarcia/LYO_Da_ONE/Sources/Views/Main/Classroom/TutorModeView.swift -primary-file /Users/hectorgarcia/LYO_Da_ONE/Sources/Models/TutorModels.swift -primary-file /Users/hectorgarcia/LYO_Da_ONE/Sources/Services/TutorService.swift -primary-file /Users/hectorgarcia/LYO_Da_ONE/Sources/ViewModels/TutorViewModel.swift -primary-file /Users/hectorgarcia/LYO_Da_ONE/Sources/Models/UIStackModels.swift -primary-file /Users/hectorgarcia/LYO_Da_ONE/Sources/Services/UIStackStore.swift -primary-file /Users/hectorgarcia/LYO_Da_ONE/Sources/Services/UnifiedChatPersistence.swift -primary-file /Users/hectorgarcia/LYO_Da_ONE/Sources/Services/UnifiedChatService.swift -primary-file /Users/hectorgarcia/LYO_Da_ONE/Sources/Views/AI/UsageAnalyticsView.swift -primary-file /Users/hectorgarcia/LYO_Da_ONE/Sources/Models/User.swift -primary-file /Users/hectorgarcia/LYO_Da_ONE/Sources/Services/UserContextService.swift -primary-file /Users/hectorgarcia/LYO_Da_ONE/Sources/Views/Main/ReelComponents/VideoContextSheet.swift -primary-file /Users/hectorgarcia/LYO_Da_ONE/Sources/Services/VideoPickerService.swift -supplementary-output-file-map /Users/hectorgarcia/Library/Developer/Xcode/DerivedData/Build/Intermediates.noindex/Lyo.build/Debug-iphonesimulator/Lyo.build/Objects-normal/x86_64/supplementaryOutputs-11 -target x86_64-apple-ios17.0-simulator -module-can-import-version DeveloperToolsSupport 23.0.4 23.0.4 -module-can-import FirebaseAuth -module-can-import FirebaseCore -module-can-import FirebaseCrashlytics -module-can-import GoogleSignIn -disable-cross-import-overlay-search -swift-module-cross-import AVKit /Users/hectorgarcia/Downloads/Xcode.app/Contents/Developer/Platforms/iPhoneSimulator.platform/Developer/SDKs/iPhoneSimulator.sdk/System/Library/Frameworks/AVKit.framework/Modules/AVKit.swiftcrossimport/SwiftUI.swiftoverlay -swift-module-cross-import AVKit /Users/hectorgarcia/Downloads/Xcode.app/Contents/Developer/Platforms/iPhoneSimulator.platform/Developer/SDKs/iPhoneSimulator26.2.sdk/System/Library/Frameworks/AVKit.framework/Modules/AVKit.swiftcrossimport/SwiftUI.swiftoverlay -swift-module-cross-import AuthenticationServices /Users/hectorgarcia/Downloads/Xcode.app/Contents/Developer/Platforms/iPhoneSimulator.platform/Developer/SDKs/iPhoneSimulator.sdk/System/Cryptexes/OS/System/Library/Frameworks/AuthenticationServices.framework/Modules/AuthenticationServices.swiftcrossimport/SwiftUI.swiftoverlay -swift-module-cross-import AuthenticationServices /Users/hectorgarcia/Downloads/Xcode.app/Contents/Developer/Platforms/iPhoneSimulator.platform/Developer/SDKs/iPhoneSimulator26.2.sdk/System/Library/Frameworks/AuthenticationServices.framework/Modules/AuthenticationServices.swiftcrossimport/SwiftUI.swiftoverlay -swift-module-cross-import MapKit /Users/hectorgarcia/Downloads/Xcode.app/Contents/Developer/Platforms/iPhoneSimulator.platform/Developer/SDKs/iPhoneSimulator.sdk/System/Library/Frameworks/MapKit.framework/Modules/MapKit.swiftcrossimport/SwiftUI.swiftoverlay -swift-module-cross-import PhotosUI /Users/hectorgarcia/Downloads/Xcode.app/Contents/Developer/Platforms/iPhoneSimulator.platform/Developer/SDKs/iPhoneSimulator.sdk/System/Library/Frameworks/PhotosUI.framework/Modules/PhotosUI.swiftcrossimport/SwiftUI.swiftoverlay -swift-module-cross-import PhotosUI /Users/hectorgarcia/Downloads/Xcode.app/Contents/Developer/Platforms/iPhoneSimulator.platform/Developer/SDKs/iPhoneSimulator.sdk/System/Library/Frameworks/PhotosUI.framework/Modules/PhotosUI.swiftcrossimport/WidgetKit.swiftoverlay -swift-module-cross-import PhotosUI /Users/hectorgarcia/Downloads/Xcode.app/Contents/Developer/Platforms/iPhoneSimulator.platform/Developer/SDKs/iPhoneSimulator26.2.sdk/System/Library/Frameworks/PhotosUI.framework/Modules/PhotosUI.swiftcrossimport/SwiftUI.swiftoverlay -swift-module-cross-import PhotosUI /Users/hectorgarcia/Downloads/Xcode.app/Contents/Developer/Platforms/iPhoneSimulator.platform/Developer/SDKs/iPhoneSimulator26.2.sdk/System/Library/Frameworks/PhotosUI.framework/Modules/PhotosUI.swiftcrossimport/WidgetKit.swiftoverlay -swift-module-cross-import StoreKit /Users/hectorgarcia/Downloads/Xcode.app/Contents/Developer/Platforms/iPhoneSimulator.platform/Developer/SDKs/iPhoneSimulator.sdk/System/Library/Frameworks/StoreKit.framework/Modules/StoreKit.swiftcrossimport/SwiftUI.swiftoverlay -swift-module-cross-import StoreKit /Users/hectorgarcia/Downloads/Xcode.app/Contents/Developer/Platforms/iPhoneSimulator.platform/Developer/SDKs/iPhoneSimulator26.2.sdk/System/Library/Frameworks/StoreKit.framework/Modules/StoreKit.swiftcrossimport/SwiftUI.swiftoverlay -swift-module-cross-import SwiftData /Users/hectorgarcia/Downloads/Xcode.app/Contents/Developer/Platforms/iPhoneSimulator.platform/Developer/SDKs/iPhoneSimulator26.2.sdk/System/Library/Frameworks/SwiftData.framework/Modules/SwiftData.swiftcrossimport/CoreData.swiftoverlay -swift-module-cross-import SwiftData /Users/hectorgarcia/Downloads/Xcode.app/Contents/Developer/Platforms/iPhoneSimulator.platform/Developer/SDKs/iPhoneSimulator26.2.sdk/System/Library/Frameworks/SwiftData.framework/Modules/SwiftData.swiftcrossimport/SwiftUI.swiftoverlay -load-resolved-plugin /Users/hectorgarcia/Downloads/Xcode.app/Contents/Developer/Platforms/iPhoneOS.platform/Developer/usr/lib/swift/host/plugins/libFoundationMacros.dylib\#/Users/hectorgarcia/Downloads/Xcode.app/Contents/Developer/Platforms/iPhoneOS.platform/Developer/usr/bin/swift-plugin-server\#FoundationMacros -load-resolved-plugin /Users/hectorgarcia/Downloads/Xcode.app/Contents/Developer/Platforms/iPhoneOS.platform/Developer/usr/lib/swift/host/plugins/libObservationMacros.dylib\#/Users/hectorgarcia/Downloads/Xcode.app/Contents/Developer/Platforms/iPhoneOS.platform/Developer/usr/bin/swift-plugin-server\#ObservationMacros -load-resolved-plugin /Users/hectorgarcia/Downloads/Xcode.app/Contents/Developer/Platforms/iPhoneOS.platform/Developer/usr/lib/swift/host/plugins/libPreviewsMacros.dylib\#/Users/hectorgarcia/Downloads/Xcode.app/Contents/Developer/Platforms/iPhoneOS.platform/Developer/usr/bin/swift-plugin-server\#PreviewsMacros -load-resolved-plugin /Users/hectorgarcia/Downloads/Xcode.app/Contents/Developer/Platforms/iPhoneOS.platform/Developer/usr/lib/swift/host/plugins/libSwiftDataMacros.dylib\#/Users/hectorgarcia/Downloads/Xcode.app/Contents/Developer/Platforms/iPhoneOS.platform/Developer/usr/bin/swift-plugin-server\#SwiftDataMacros -load-resolved-plugin /Users/hectorgarcia/Downloads/Xcode.app/Contents/Developer/Platforms/iPhoneOS.platform/Developer/usr/lib/swift/host/plugins/libSwiftMacros.dylib\#/Users/hectorgarcia/Downloads/Xcode.app/Contents/Developer/Platforms/iPhoneOS.platform/Developer/usr/bin/swift-plugin-server\#SwiftMacros -load-resolved-plugin /Users/hectorgarcia/Downloads/Xcode.app/Contents/Developer/Platforms/iPhoneOS.platform/Developer/usr/lib/swift/host/plugins/libSwiftUIMacros.dylib\#/Users/hectorgarcia/Downloads/Xcode.app/Contents/Developer/Platforms/iPhoneOS.platform/Developer/usr/bin/swift-plugin-server\#SwiftUIMacros -load-resolved-plugin /Users/hectorgarcia/Downloads/Xcode.app/Contents/Developer/Platforms/iPhoneOS.platform/Developer/usr/lib/swift/host/plugins/libTipKitMacros.dylib\#/Users/hectorgarcia/Downloads/Xcode.app/Contents/Developer/Platforms/iPhoneOS.platform/Developer/usr/bin/swift-plugin-server\#TipKitMacros -disable-implicit-swift-modules -Xcc -fno-implicit-modules -Xcc -fno-implicit-module-maps -explicit-swift-module-map-file /Users/hectorgarcia/Library/Developer/Xcode/DerivedData/Build/Intermediates.noindex/Lyo.build/Debug-iphonesimulator/Lyo.build/Objects-normal/x86_64/Lyo-dependencies-1.json -enable-objc-interop -sdk /Users/hectorgarcia/Downloads/Xcode.app/Contents/Developer/Platforms/iPhoneSimulator.platform/Developer/SDKs/iPhoneSimulator26.2.sdk -I /Users/hectorgarcia/Library/Developer/Xcode/DerivedData/Build/Products/Debug-iphonesimulator -F /Users/hectorgarcia/Library/Developer/Xcode/DerivedData/Build/Products/Debug-iphonesimulator/PackageFrameworks -F /Users/hectorgarcia/Library/Developer/Xcode/DerivedData/Build/Products/Debug-iphonesimulator/PackageFrameworks -F /Users/hectorgarcia/Library/Developer/Xcode/DerivedData/Build/Products/Debug-iphonesimulator/PackageFrameworks -F /Users/hectorgarcia/Library/Developer/Xcode/DerivedData/Build/Products/Debug-iphonesimulator/PackageFrameworks -F /Users/hectorgarcia/Library/Developer/Xcode/DerivedData/Build/Products/Debug-iphonesimulator/PackageFrameworks -F /Users/hectorgarcia/Library/Developer/Xcode/DerivedData/Build/Products/Debug-iphonesimulator/PackageFrameworks -F /Users/hectorgarcia/Library/Developer/Xcode/DerivedData/Build/Products/Debug-iphonesimulator/PackageFrameworks -F /Users/hectorgarcia/Library/Developer/Xcode/DerivedData/Build/Products/Debug-iphonesimulator/PackageFrameworks -F /Users/hectorgarcia/Library/Developer/Xcode/DerivedData/Build/Products/Debug-iphonesimulator/PackageFrameworks -F /Users/hectorgarcia/Library/Developer/Xcode/DerivedData/Build/Products/Debug-iphonesimulator/PackageFrameworks -F /Users/hectorgarcia/Library/Developer/Xcode/DerivedData/Build/Products/Debug-iphonesimulator/PackageFrameworks -F /Users/hectorgarcia/Library/Developer/Xcode/DerivedData/Build/Products/Debug-iphonesimulator/PackageFrameworks -F /Users/hectorgarcia/Library/Developer/Xcode/DerivedData/Build/Products/Debug-iphonesimulator/PackageFrameworks -F /Users/hectorgarcia/Library/Developer/Xcode/DerivedData/Build/Products/Debug-iphonesimulator/PackageFrameworks -F /Users/hectorgarcia/Library/Developer/Xcode/DerivedData/Build/Products/Debug-iphonesimulator/PackageFrameworks -F /Users/hectorgarcia/Library/Developer/Xcode/DerivedData/Build/Products/Debug-iphonesimulator/PackageFrameworks -F /Users/hectorgarcia/Library/Developer/Xcode/DerivedData/Build/Products/Debug-iphonesimulator/PackageFrameworks -F /Users/hectorgarcia/Library/Developer/Xcode/DerivedData/Build/Products/Debug-iphonesimulator/PackageFrameworks -F /Users/hectorgarcia/Library/Developer/Xcode/DerivedData/Build/Products/Debug-iphonesimulator/PackageFrameworks -F /Users/hectorgarcia/Library/Developer/Xcode/DerivedData/Build/Products/Debug-iphonesimulator/PackageFrameworks -F /Users/hectorgarcia/Library/Developer/Xcode/DerivedData/Build/Products/Debug-iphonesimulator/PackageFrameworks -F /Users/hectorgarcia/Library/Developer/Xcode/DerivedData/Build/Products/Debug-iphonesimulator/PackageFrameworks -F /Users/hectorgarcia/Library/Developer/Xcode/DerivedData/Build/Products/Debug-iphonesimulator/PackageFrameworks -F /Users/hectorgarcia/Library/Developer/Xcode/DerivedData/Build/Products/Debug-iphonesimulator/PackageFrameworks -F /Users/hectorgarcia/Library/Developer/Xcode/DerivedData/Build/Products/Debug-iphonesimulator/PackageFrameworks -F /Users/hectorgarcia/Library/Developer/Xcode/DerivedData/Build/Products/Debug-iphonesimulator/PackageFrameworks -F /Users/hectorgarcia/Library/Developer/Xcode/DerivedData/Build/Products/Debug-iphonesimulator/PackageFrameworks -F /Users/hectorgarcia/Library/Developer/Xcode/DerivedData/Build/Products/Debug-iphonesimulator/PackageFrameworks -F /Users/hectorgarcia/Library/Developer/Xcode/DerivedData/Build/Products/Debug-iphonesimulator/PackageFrameworks -F /Users/hectorgarcia/Library/Developer/Xcode/DerivedData/Build/Products/Debug-iphonesimulator/PackageFrameworks -F /Users/hectorgarcia/Library/Developer/Xcode/DerivedData/Build/Products/Debug-iphonesimulator -no-color-diagnostics -Xcc -fno-color-diagnostics -enable-testing -g -debug-info-format\=dwarf -dwarf-version\=4 -module-cache-path /Users/hectorgarcia/Library/Developer/Xcode/DerivedData/Build/Intermediates.noindex/SwiftExplicitPrecompiledModules -swift-version 5 -enforce-exclusivity\=checked -Onone -D DEBUG -serialize-debugging-options -const-gather-protocols-file /Users/hectorgarcia/Library/Developer/Xcode/DerivedData/Build/Intermediates.noindex/Lyo.build/Debug-iphonesimulator/Lyo.build/Objects-normal/x86_64/Lyo_const_extract_protocols.json -enable-experimental-feature DebugDescriptionMacro -enable-bare-slash-regex -empty-abi-descriptor -validate-clang-modules-once -clang-build-session-file /Users/hectorgarcia/Library/Developer/Xcode/DerivedData/ModuleCache.noindex/Session.modulevalidation -Xcc -working-directory -Xcc /Users/hectorgarcia/LYO_Da_ONE -enable-anonymous-context-mangled-names -file-compilation-dir /Users/hectorgarcia/LYO_Da_ONE -Xcc -fmodule-map-file\=/Users/hectorgarcia/Library/Developer/Xcode/DerivedData/Build/Intermediates.noindex/GeneratedModuleMaps-iphonesimulator/AppAuth.modulemap -Xcc -fmodule-map-file\=/Users/hectorgarcia/Library/Developer/Xcode/DerivedData/Build/Intermediates.noindex/GeneratedModuleMaps-iphonesimulator/AppAuthCore.modulemap -Xcc -fmodule-map-file\=/Users/hectorgarcia/Library/Developer/Xcode/DerivedData/Build/Intermediates.noindex/GeneratedModuleMaps-iphonesimulator/GoogleSignIn.modulemap -Xcc -fmodule-map-file\=/Users/hectorgarcia/Library/Developer/Xcode/DerivedData/Build/Intermediates.noindex/GeneratedModuleMaps-iphonesimulator/GoogleUtilities-Network.modulemap -Xcc -fmodule-map-file\=/Users/hectorgarcia/Library/Developer/Xcode/DerivedData/Build/Intermediates.noindex/GeneratedModuleMaps-iphonesimulator/GoogleUtilities-Reachability.modulemap -Xcc -fmodule-map-file\=/Users/hectorgarcia/Library/Developer/Xcode/DerivedData/Build/Intermediates.noindex/GeneratedModuleMaps-iphonesimulator/GoogleUtilities-AppDelegateSwizzler.modulemap -Xcc -fmodule-map-file\=/Users/hectorgarcia/Library/Developer/Xcode/DerivedData/Build/Intermediates.noindex/GeneratedModuleMaps-iphonesimulator/GTMSessionFetcherCore.modulemap -Xcc -fmodule-map-file\=/Users/hectorgarcia/Library/Developer/Xcode/DerivedData/Build/Intermediates.noindex/GeneratedModuleMaps-iphonesimulator/RecaptchaInterop.modulemap -Xcc -fmodule-map-file\=/Users/hectorgarcia/Library/Developer/Xcode/DerivedData/Build/Intermediates.noindex/GeneratedModuleMaps-iphonesimulator/FirebaseAppCheckInterop.modulemap -Xcc -fmodule-map-file\=/Users/hectorgarcia/Library/Developer/Xcode/DerivedData/Build/Intermediates.noindex/GeneratedModuleMaps-iphonesimulator/FirebaseAuth.modulemap -Xcc -fmodule-map-file\=/Users/hectorgarcia/Library/Developer/Xcode/DerivedData/Build/Intermediates.noindex/GeneratedModuleMaps-iphonesimulator/GoogleUtilities-NSData.modulemap -Xcc -fmodule-map-file\=/Users/hectorgarcia/Library/Developer/Xcode/DerivedData/Build/Intermediates.noindex/GeneratedModuleMaps-iphonesimulator/GoogleUtilities-Logger.modulemap -Xcc -fmodule-map-file\=/Users/hectorgarcia/Library/Developer/Xcode/DerivedData/Build/Intermediates.noindex/GeneratedModuleMaps-iphonesimulator/GoogleUtilities-Environment.modulemap -Xcc -fmodule-map-file\=/Users/hectorgarcia/Library/Developer/Xcode/DerivedData/Build/Intermediates.noindex/GeneratedModuleMaps-iphonesimulator/third-party-IsAppEncrypted.modulemap -Xcc -fmodule-map-file\=/Users/hectorgarcia/Library/Developer/Xcode/DerivedData/Build/Intermediates.noindex/GeneratedModuleMaps-iphonesimulator/GoogleUtilities-UserDefaults.modulemap -Xcc -fmodule-map-file\=/Users/hectorgarcia/Library/Developer/Xcode/DerivedData/Build/Intermediates.noindex/GeneratedModuleMaps-iphonesimulator/nanopb.modulemap -Xcc -fmodule-map-file\=/Users/hectorgarcia/Library/Developer/Xcode/DerivedData/Build/Intermediates.noindex/GeneratedModuleMaps-iphonesimulator/GoogleDataTransport.modulemap -Xcc -fmodule-map-file\=/Users/hectorgarcia/Library/Developer/Xcode/DerivedData/Build/Intermediates.noindex/GeneratedModuleMaps-iphonesimulator/FirebaseSessionsObjC.modulemap -Xcc -fmodule-map-file\=/Users/hectorgarcia/Library/Developer/Xcode/DerivedData/Build/Intermediates.noindex/GeneratedModuleMaps-iphonesimulator/FirebaseCoreExtension.modulemap -Xcc -fmodule-map-file\=/Users/hectorgarcia/Library/Developer/Xcode/DerivedData/Build/Intermediates.noindex/GeneratedModuleMaps-iphonesimulator/FirebaseInstallations.modulemap -Xcc -fmodule-map-file\=/Users/hectorgarcia/Library/Developer/Xcode/DerivedData/Build/Intermediates.noindex/GeneratedModuleMaps-iphonesimulator/FirebaseCore.modulemap -Xcc -fmodule-map-file\=/Users/hectorgarcia/Library/Developer/Xcode/DerivedData/Build/Intermediates.noindex/GeneratedModuleMaps-iphonesimulator/FirebaseCrashlytics.modulemap -Xcc -D_LIBCPP_HARDENING_MODE\=_LIBCPP_HARDENING_MODE_DEBUG -Xcc -ivfsstatcache -Xcc /Users/hectorgarcia/Library/Developer/Xcode/DerivedData/SDKStatCaches.noindex/iphonesimulator26.2-23C53-823d3e8b6e60bc2018c189d3ca05ba9b.sdkstatcache -Xcc -I/Users/hectorgarcia/Library/Developer/Xcode/DerivedData/Build/Intermediates.noindex/Lyo.build/Debug-iphonesimulator/Lyo.build/swift-overrides.hmap -Xcc -iquote -Xcc /Users/hectorgarcia/Library/Developer/Xcode/DerivedData/Build/Intermediates.noindex/Lyo.build/Debug-iphonesimulator/Lyo.build/Lyo-generated-files.hmap -Xcc -I/Users/hectorgarcia/Library/Developer/Xcode/DerivedData/Build/Intermediates.noindex/Lyo.build/Debug-iphonesimulator/Lyo.build/Lyo-own-target-headers.hmap -Xcc -I/Users/hectorgarcia/Library/Developer/Xcode/DerivedData/Build/Intermediates.noindex/Lyo.build/Debug-iphonesimulator/Lyo.build/Lyo-all-non-framework-target-headers.hmap -Xcc -ivfsoverlay -Xcc /Users/hectorgarcia/Library/Developer/Xcode/DerivedData/Build/Intermediates.noindex/Lyo.build/Debug-iphonesimulator/Lyo-bbd64440b6994385d1fe7db0e422d1b1-VFS-iphonesimulator/all-product-headers.yaml -Xcc -iquote -Xcc /Users/hectorgarcia/Library/Developer/Xcode/DerivedData/Build/Intermediates.noindex/Lyo.build/Debug-iphonesimulator/Lyo.build/Lyo-project-headers.hmap -Xcc -I/Users/hectorgarcia/Library/Developer/Xcode/DerivedData/Lyo-eagkiegzrakogpczynhkaholsscs/SourcePackages/checkouts/AppAuth-iOS/Sources/AppAuth -Xcc -I/Users/hectorgarcia/Library/Developer/Xcode/DerivedData/Lyo-eagkiegzrakogpczynhkaholsscs/SourcePackages/checkouts/AppAuth-iOS/Sources/AppAuthCore -Xcc -I/Users/hectorgarcia/Library/Developer/Xcode/DerivedData/Lyo-eagkiegzrakogpczynhkaholsscs/SourcePackages/checkouts/GoogleSignIn-iOS/GoogleSignIn/Sources/Public -Xcc -I/Users/hectorgarcia/Library/Developer/Xcode/DerivedData/Lyo-eagkiegzrakogpczynhkaholsscs/SourcePackages/checkouts/GoogleUtilities/GoogleUtilities/Network/Public -Xcc -I/Users/hectorgarcia/Library/Developer/Xcode/DerivedData/Lyo-eagkiegzrakogpczynhkaholsscs/SourcePackages/checkouts/GoogleUtilities/GoogleUtilities/Reachability/Public -Xcc -I/Users/hectorgarcia/Library/Developer/Xcode/DerivedData/Lyo-eagkiegzrakogpczynhkaholsscs/SourcePackages/checkouts/GoogleUtilities/GoogleUtilities/AppDelegateSwizzler/Public -Xcc -I/Users/hectorgarcia/Library/Developer/Xcode/DerivedData/Lyo-eagkiegzrakogpczynhkaholsscs/SourcePackages/checkouts/gtm-session-fetcher/Sources/Core/Public -Xcc -I/Users/hectorgarcia/Library/Developer/Xcode/DerivedData/Lyo-eagkiegzrakogpczynhkaholsscs/SourcePackages/checkouts/interop-ios-for-google-sdks/RecaptchaEnterprise/RecaptchaInterop/Public -Xcc -I/Users/hectorgarcia/Library/Developer/Xcode/DerivedData/Lyo-eagkiegzrakogpczynhkaholsscs/SourcePackages/checkouts/firebase-ios-sdk/FirebaseAppCheck/Interop/Public -Xcc -I/Users/hectorgarcia/Library/Developer/Xcode/DerivedData/Lyo-eagkiegzrakogpczynhkaholsscs/SourcePackages/checkouts/firebase-ios-sdk/FirebaseAuth/Sources/Public -Xcc -I/Users/hectorgarcia/Library/Developer/Xcode/DerivedData/Lyo-eagkiegzrakogpczynhkaholsscs/SourcePackages/checkouts/GoogleUtilities/GoogleUtilities/NSData+zlib/Public -Xcc -I/Users/hectorgarcia/Library/Developer/Xcode/DerivedData/Lyo-eagkiegzrakogpczynhkaholsscs/SourcePackages/checkouts/GoogleUtilities/GoogleUtilities/Logger/Public -Xcc -I/Users/hectorgarcia/Library/Developer/Xcode/DerivedData/Lyo-eagkiegzrakogpczynhkaholsscs/SourcePackages/checkouts/GoogleUtilities/GoogleUtilities/Environment/Public -Xcc -I/Users/hectorgarcia/Library/Developer/Xcode/DerivedData/Lyo-eagkiegzrakogpczynhkaholsscs/SourcePackages/checkouts/GoogleUtilities/third_party/IsAppEncrypted/Public -Xcc -I/Users/hectorgarcia/Library/Developer/Xcode/DerivedData/Lyo-eagkiegzrakogpczynhkaholsscs/SourcePackages/checkouts/GoogleUtilities/GoogleUtilities/UserDefaults/Public -Xcc -I/Users/hectorgarcia/Library/Developer/Xcode/DerivedData/Lyo-eagkiegzrakogpczynhkaholsscs/SourcePackages/checkouts/nanopb/spm_headers -Xcc -I/Users/hectorgarcia/Library/Developer/Xcode/DerivedData/Lyo-eagkiegzrakogpczynhkaholsscs/SourcePackages/checkouts/promises/Sources/FBLPromises/include -Xcc -I/Users/hectorgarcia/Library/Developer/Xcode/DerivedData/Lyo-eagkiegzrakogpczynhkaholsscs/SourcePackages/checkouts/GoogleDataTransport/GoogleDataTransport/GDTCORLibrary/Public -Xcc -I/Users/hectorgarcia/Library/Developer/Xcode/DerivedData/Lyo-eagkiegzrakogpczynhkaholsscs/SourcePackages/checkouts/firebase-ios-sdk/FirebaseSessions/SourcesObjC -Xcc -I/Users/hectorgarcia/Library/Developer/Xcode/DerivedData/Lyo-eagkiegzrakogpczynhkaholsscs/SourcePackages/checkouts/firebase-ios-sdk/FirebaseCore/Extension -Xcc -I/Users/hectorgarcia/Library/Developer/Xcode/DerivedData/Lyo-eagkiegzrakogpczynhkaholsscs/SourcePackages/checkouts/firebase-ios-sdk/FirebaseInstallations/Source/Library/Public -Xcc -I/Users/hectorgarcia/Library/Developer/Xcode/DerivedData/Lyo-eagkiegzrakogpczynhkaholsscs/SourcePackages/checkouts/firebase-ios-sdk/FirebaseCore/Sources/Public -Xcc -I/Users/hectorgarcia/Library/Developer/Xcode/DerivedData/Lyo-eagkiegzrakogpczynhkaholsscs/SourcePackages/checkouts/firebase-ios-sdk/CoreOnly/Sources -Xcc -I/Users/hectorgarcia/Library/Developer/Xcode/DerivedData/Lyo-eagkiegzrakogpczynhkaholsscs/SourcePackages/checkouts/firebase-ios-sdk/Crashlytics/Crashlytics/Public -Xcc -I/Users/hectorgarcia/Library/Developer/Xcode/DerivedData/Build/Products/Debug-iphonesimulator/include -Xcc -I/Users/hectorgarcia/Library/Developer/Xcode/DerivedData/Build/Intermediates.noindex/Lyo.build/Debug-iphonesimulator/Lyo.build/DerivedSources-normal/x86_64 -Xcc -I/Users/hectorgarcia/Library/Developer/Xcode/DerivedData/Build/Intermediates.noindex/Lyo.build/Debug-iphonesimulator/Lyo.build/DerivedSources/x86_64 -Xcc -I/Users/hectorgarcia/Library/Developer/Xcode/DerivedData/Build/Intermediates.noindex/Lyo.build/Debug-iphonesimulator/Lyo.build/DerivedSources -Xcc -DDEBUG\=1 -no-auto-bridging-header-chaining -module-name Lyo -frontend-parseable-output -disable-clang-spi -target-sdk-version 26.2 -target-sdk-name iphonesimulator26.2 -clang-target x86_64-apple-ios26.2-simulator -in-process-plugin-server-path /Users/hectorgarcia/Downloads/Xcode.app/Contents/Developer/Toolchains/XcodeDefault.xctoolchain/usr/lib/swift/host/libSwiftInProcPluginServer.dylib -o /Users/hectorgarcia/Library/Developer/Xcode/DerivedData/Build/Intermediates.noindex/Lyo.build/Debug-iphonesimulator/Lyo.build/Objects-normal/x86_64/SuggestionChipsBar.o -o /Users/hectorgarcia/Library/Developer/Xcode/DerivedData/Build/Intermediates.noindex/Lyo.build/Debug-iphonesimulator/Lyo.build/Objects-normal/x86_64/SuggestionChipsView.o -o /Users/hectorgarcia/Library/Developer/Xcode/DerivedData/Build/Intermediates.noindex/Lyo.build/Debug-iphonesimulator/Lyo.build/Objects-normal/x86_64/TTSView.o -o /Users/hectorgarcia/Library/Developer/Xcode/DerivedData/Build/Intermediates.noindex/Lyo.build/Debug-iphonesimulator/Lyo.build/Objects-normal/x86_64/TTSViewModel.o -o /Users/hectorgarcia/Library/Developer/Xcode/DerivedData/Build/Intermediates.noindex/Lyo.build/Debug-iphonesimulator/Lyo.build/Objects-normal/x86_64/TTSVoiceBubbleView.o -o /Users/hectorgarcia/Library/Developer/Xcode/DerivedData/Build/Intermediates.noindex/Lyo.build/Debug-iphonesimulator/Lyo.build/Objects-normal/x86_64/TextToSpeechService.o -o /Users/hectorgarcia/Library/Developer/Xcode/DerivedData/Build/Intermediates.noindex/Lyo.build/Debug-iphonesimulator/Lyo.build/Objects-normal/x86_64/TokenManager.o -o /Users/hectorgarcia/Library/Developer/Xcode/DerivedData/Build/Intermediates.noindex/Lyo.build/Debug-iphonesimulator/Lyo.build/Objects-normal/x86_64/TopHeaderView.o -o /Users/hectorgarcia/Library/Developer/Xcode/DerivedData/Build/Intermediates.noindex/Lyo.build/Debug-iphonesimulator/Lyo.build/Objects-normal/x86_64/TopicSelectionBubbleView.o -o /Users/hectorgarcia/Library/Developer/Xcode/DerivedData/Build/Intermediates.noindex/Lyo.build/Debug-iphonesimulator/Lyo.build/Objects-normal/x86_64/TranscriptSheet.o -o /Users/hectorgarcia/Library/Developer/Xcode/DerivedData/Build/Intermediates.noindex/Lyo.build/Debug-iphonesimulator/Lyo.build/Objects-normal/x86_64/TutorModeView.o -o /Users/hectorgarcia/Library/Developer/Xcode/DerivedData/Build/Intermediates.noindex/Lyo.build/Debug-iphonesimulator/Lyo.build/Objects-normal/x86_64/TutorModels.o -o /Users/hectorgarcia/Library/Developer/Xcode/DerivedData/Build/Intermediates.noindex/Lyo.build/Debug-iphonesimulator/Lyo.build/Objects-normal/x86_64/TutorService.o -o /Users/hectorgarcia/Library/Developer/Xcode/DerivedData/Build/Intermediates.noindex/Lyo.build/Debug-iphonesimulator/Lyo.build/Objects-normal/x86_64/TutorViewModel.o -o /Users/hectorgarcia/Library/Developer/Xcode/DerivedData/Build/Intermediates.noindex/Lyo.build/Debug-iphonesimulator/Lyo.build/Objects-normal/x86_64/UIStackModels.o -o /Users/hectorgarcia/Library/Developer/Xcode/DerivedData/Build/Intermediates.noindex/Lyo.build/Debug-iphonesimulator/Lyo.build/Objects-normal/x86_64/UIStackStore.o -o /Users/hectorgarcia/Library/Developer/Xcode/DerivedData/Build/Intermediates.noindex/Lyo.build/Debug-iphonesimulator/Lyo.build/Objects-normal/x86_64/UnifiedChatPersistence.o -o /Users/hectorgarcia/Library/Developer/Xcode/DerivedData/Build/Intermediates.noindex/Lyo.build/Debug-iphonesimulator/Lyo.build/Objects-normal/x86_64/UnifiedChatService.o -o /Users/hectorgarcia/Library/Developer/Xcode/DerivedData/Build/Intermediates.noindex/Lyo.build/Debug-iphonesimulator/Lyo.build/Objects-normal/x86_64/UsageAnalyticsView.o -o /Users/hectorgarcia/Library/Developer/Xcode/DerivedData/Build/Intermediates.noindex/Lyo.build/Debug-iphonesimulator/Lyo.build/Objects-normal/x86_64/User.o -o /Users/hectorgarcia/Library/Developer/Xcode/DerivedData/Build/Intermediates.noindex/Lyo.build/Debug-iphonesimulator/Lyo.build/Objects-normal/x86_64/UserContextService.o -o /Users/hectorgarcia/Library/Developer/Xcode/DerivedData/Build/Intermediates.noindex/Lyo.build/Debug-iphonesimulator/Lyo.build/Objects-normal/x86_64/VideoContextSheet.o -o /Users/hectorgarcia/Library/Developer/Xcode/DerivedData/Build/Intermediates.noindex/Lyo.build/Debug-iphonesimulator/Lyo.build/Objects-normal/x86_64/VideoPickerService.o -index-unit-output-path /Lyo.build/Debug-iphonesimulator/Lyo.build/Objects-normal/x86_64/SuggestionChipsBar.o -index-unit-output-path /Lyo.build/Debug-iphonesimulator/Lyo.build/Objects-normal/x86_64/SuggestionChipsView.o -index-unit-output-path /Lyo.build/Debug-iphonesimulator/Lyo.build/Objects-normal/x86_64/TTSView.o -index-unit-output-path /Lyo.build/Debug-iphonesimulator/Lyo.build/Objects-normal/x86_64/TTSViewModel.o -index-unit-output-path /Lyo.build/Debug-iphonesimulator/Lyo.build/Objects-normal/x86_64/TTSVoiceBubbleView.o -index-unit-output-path /Lyo.build/Debug-iphonesimulator/Lyo.build/Objects-normal/x86_64/TextToSpeechService.o -index-unit-output-path /Lyo.build/Debug-iphonesimulator/Lyo.build/Objects-normal/x86_64/TokenManager.o -index-unit-output-path /Lyo.build/Debug-iphonesimulator/Lyo.build/Objects-normal/x86_64/TopHeaderView.o -index-unit-output-path /Lyo.build/Debug-iphonesimulator/Lyo.build/Objects-normal/x86_64/TopicSelectionBubbleView.o -index-unit-output-path /Lyo.build/Debug-iphonesimulator/Lyo.build/Objects-normal/x86_64/TranscriptSheet.o -index-unit-output-path /Lyo.build/Debug-iphonesimulator/Lyo.build/Objects-normal/x86_64/TutorModeView.o -index-unit-output-path /Lyo.build/Debug-iphonesimulator/Lyo.build/Objects-normal/x86_64/TutorModels.o -index-unit-output-path /Lyo.build/Debug-iphonesimulator/Lyo.build/Objects-normal/x86_64/TutorService.o -index-unit-output-path /Lyo.build/Debug-iphonesimulator/Lyo.build/Objects-normal/x86_64/TutorViewModel.o -index-unit-output-path /Lyo.build/Debug-iphonesimulator/Lyo.build/Objects-normal/x86_64/UIStackModels.o -index-unit-output-path /Lyo.build/Debug-iphonesimulator/Lyo.build/Objects-normal/x86_64/UIStackStore.o -index-unit-output-path /Lyo.build/Debug-iphonesimulator/Lyo.build/Objects-normal/x86_64/UnifiedChatPersistence.o -index-unit-output-path /Lyo.build/Debug-iphonesimulator/Lyo.build/Objects-normal/x86_64/UnifiedChatService.o -index-unit-output-path /Lyo.build/Debug-iphonesimulator/Lyo.build/Objects-normal/x86_64/UsageAnalyticsView.o -index-unit-output-path /Lyo.build/Debug-iphonesimulator/Lyo.build/Objects-normal/x86_64/User.o -index-unit-output-path /Lyo.build/Debug-iphonesimulator/Lyo.build/Objects-normal/x86_64/UserContextService.o -index-unit-output-path /Lyo.build/Debug-iphonesimulator/Lyo.build/Objects-normal/x86_64/VideoContextSheet.o -index-unit-output-path /Lyo.build/Debug-iphonesimulator/Lyo.build/Objects-normal/x86_64/VideoPickerService.o -index-store-path /Users/hectorgarcia/Library/Developer/Xcode/DerivedData/Lyo-eagkiegzrakogpczynhkaholsscs/Index.noindex/DataStore -index-system-modules

SwiftCompile normal x86_64 /Users/hectorgarcia/LYO_Da_ONE/Sources/Components/AITutor/SuggestionChipsBar.swift (in target 'Lyo' from project 'Lyo')
    cd /Users/hectorgarcia/LYO_Da_ONE
    
/Users/hectorgarcia/LYO_Da_ONE/Sources/Core/DesignTokens.swift:51:38: error: ambiguous use of 'init(hex:)'
        static let surfaceElevated = Color(hex: "2A2D3A")
                                     ^
/Users/hectorgarcia/LYO_Da_ONE/Sources/Core/DesignTokens.swift:212:5: note: found this candidate 
    init(hex: String) {
    ^
/Users/hectorgarcia/LYO_Da_ONE/Sources/Views/Chat/EnhancedMessageBubble.swift:935:5: note: found this candidate 
    init?(hex: String) {
    ^

SwiftCompile normal x86_64 /Users/hectorgarcia/LYO_Da_ONE/Sources/Views/Chat/SuggestionChipsView.swift (in target 'Lyo' from project 'Lyo')
    cd /Users/hectorgarcia/LYO_Da_ONE
    
/Users/hectorgarcia/LYO_Da_ONE/Sources/Views/Chat/SuggestionChipsView.swift:10:8: error: invalid redeclaration of 'SuggestionChipsView'
struct SuggestionChipsView: View {
       ^
/Users/hectorgarcia/LYO_Da_ONE/Sources/Views/Chat/EnhancedMessageBubble.swift:2185:8: note: 'SuggestionChipsView' previously declared here
struct SuggestionChipsView: View {
       ^
/Users/hectorgarcia/LYO_Da_ONE/Sources/Views/Chat/EnhancedMessageBubble.swift:2185:8: note: 'SuggestionChipsView' previously declared here
struct SuggestionChipsView: View {
       ^
/Users/hectorgarcia/LYO_Da_ONE/Sources/Views/Chat/SuggestionChipsView.swift:42:8: error: invalid redeclaration of 'SuggestionChipButton'
struct SuggestionChipButton: View {
       ^
/Users/hectorgarcia/LYO_Da_ONE/Sources/Views/Chat/EnhancedMessageBubble.swift:2217:8: note: 'SuggestionChipButton' previously declared here
struct SuggestionChipButton: View {
       ^
/Users/hectorgarcia/LYO_Da_ONE/Sources/Views/Chat/EnhancedMessageBubble.swift:2217:8: note: 'SuggestionChipButton' previously declared here
struct SuggestionChipButton: View {
       ^
/Users/hectorgarcia/LYO_Da_ONE/Sources/Views/Chat/SuggestionChipsView.swift:82:8: error: invalid redeclaration of 'ContextualSuggestionsView'
struct ContextualSuggestionsView: View {
       ^
/Users/hectorgarcia/LYO_Da_ONE/Sources/Views/Chat/EnhancedMessageBubble.swift:2257:8: note: 'ContextualSuggestionsView' previously declared here
struct ContextualSuggestionsView: View {
       ^
/Users/hectorgarcia/LYO_Da_ONE/Sources/Views/Chat/EnhancedMessageBubble.swift:2257:8: note: 'ContextualSuggestionsView' previously declared here
struct ContextualSuggestionsView: View {
       ^
/Users/hectorgarcia/LYO_Da_ONE/Sources/Views/Chat/SuggestionChipsView.swift:126:8: error: invalid redeclaration of 'TypingIndicatorView'
struct TypingIndicatorView: View {
       ^
/Users/hectorgarcia/LYO_Da_ONE/Sources/Views/Chat/EnhancedMessageBubble.swift:2301:8: note: 'TypingIndicatorView' previously declared here
struct TypingIndicatorView: View {
       ^
/Users/hectorgarcia/LYO_Da_ONE/Sources/Views/Chat/EnhancedMessageBubble.swift:2301:8: note: 'TypingIndicatorView' previously declared here
struct TypingIndicatorView: View {
       ^
/Users/hectorgarcia/LYO_Da_ONE/Sources/Views/Chat/SuggestionChipsView.swift:168:8: error: invalid redeclaration of 'StreamingTextView'
struct StreamingTextView: View {
       ^
/Users/hectorgarcia/LYO_Da_ONE/Sources/Views/Chat/EnhancedMessageBubble.swift:2343:8: note: 'StreamingTextView' previously declared here
struct StreamingTextView: View {
       ^
/Users/hectorgarcia/LYO_Da_ONE/Sources/Views/Chat/EnhancedMessageBubble.swift:2343:8: note: 'StreamingTextView' previously declared here
struct StreamingTextView: View {
       ^
/Users/hectorgarcia/LYO_Da_ONE/Sources/Views/Chat/SuggestionChipsView.swift:199:8: error: invalid redeclaration of 'QuickActionsBar'
struct QuickActionsBar: View {
       ^
/Users/hectorgarcia/LYO_Da_ONE/Sources/Views/Chat/EnhancedMessageBubble.swift:2374:8: note: 'QuickActionsBar' previously declared here
struct QuickActionsBar: View {
       ^
/Users/hectorgarcia/LYO_Da_ONE/Sources/Views/Chat/EnhancedMessageBubble.swift:2374:8: note: 'QuickActionsBar' previously declared here
struct QuickActionsBar: View {
       ^
/Users/hectorgarcia/LYO_Da_ONE/Sources/Views/Chat/CourseRoadmapBubbleView.swift:155:9: error: ambiguous use of 'init(title:modules:totalModules:completedModules:onModuleSelect:)'
        CourseRoadmapBubbleView(
        ^
/Users/hectorgarcia/LYO_Da_ONE/Sources/Views/Chat/CourseRoadmapBubbleView.swift:10:8: note: found this candidate 
struct CourseRoadmapBubbleView: View {
       ^
/Users/hectorgarcia/LYO_Da_ONE/Sources/Views/Chat/EnhancedMessageBubble.swift:1499:8: note: found this candidate 
struct CourseRoadmapBubbleView: View {
       ^
/Users/hectorgarcia/LYO_Da_ONE/Sources/Views/Chat/EnhancedMessageBubble.swift:1644:9: error: ambiguous use of 'init(title:modules:totalModules:completedModules:onModuleSelect:)'
        CourseRoadmapBubbleView(
        ^
/Users/hectorgarcia/LYO_Da_ONE/Sources/Views/Chat/CourseRoadmapBubbleView.swift:10:8: note: found this candidate 
struct CourseRoadmapBubbleView: View {
       ^
/Users/hectorgarcia/LYO_Da_ONE/Sources/Views/Chat/EnhancedMessageBubble.swift:1499:8: note: found this candidate 
struct CourseRoadmapBubbleView: View {
       ^
/Users/hectorgarcia/LYO_Da_ONE/Sources/Views/Chat/EnhancedMessageBubble.swift:1736:9: error: ambiguous use of 'init(title:topics:onSelect:)'
        TopicSelectionBubbleView(
        ^
/Users/hectorgarcia/LYO_Da_ONE/Sources/Views/Chat/EnhancedMessageBubble.swift:1668:8: note: found this candidate 
struct TopicSelectionBubbleView: View {
       ^
/Users/hectorgarcia/LYO_Da_ONE/Sources/Views/Chat/TopicSelectionBubbleView.swift:10:8: note: found this candidate 
struct TopicSelectionBubbleView: View {
       ^
/Users/hectorgarcia/LYO_Da_ONE/Sources/Views/Chat/EnhancedMessageBubble.swift:1814:9: error: ambiguous use of 'init(step:progress:)'
        ProcessingBubbleView(step: "Researching topic...", progress: 0.3)
        ^
/Users/hectorgarcia/LYO_Da_ONE/Sources/Views/Chat/EnhancedMessageBubble.swift:1756:8: note: found this candidate 
struct ProcessingBubbleView: View {
       ^
/Users/hectorgarcia/LYO_Da_ONE/Sources/Views/Chat/ProcessingBubbleView.swift:10:8: note: found this candidate 
struct ProcessingBubbleView: View {
       ^
/Users/hectorgarcia/LYO_Da_ONE/Sources/Views/Chat/EnhancedMessageBubble.swift:1968:9: error: ambiguous use of 'init(title:cards:)'
        FlashcardCarouselBubbleView(
        ^
/Users/hectorgarcia/LYO_Da_ONE/Sources/Views/Chat/EnhancedMessageBubble.swift:1827:8: note: found this candidate 
struct FlashcardCarouselBubbleView: View {
       ^
/Users/hectorgarcia/LYO_Da_ONE/Sources/Views/Chat/FlashcardCarouselBubbleView.swift:10:8: note: found this candidate 
struct FlashcardCarouselBubbleView: View {
       ^
/Users/hectorgarcia/LYO_Da_ONE/Sources/Views/Chat/EnhancedMessageBubble.swift:2166:9: error: ambiguous use of 'init(question:options:correctIndex:explanation:onAnswerSelected:)'
        InteractiveQuizBubbleView(
        ^
/Users/hectorgarcia/LYO_Da_ONE/Sources/Views/Chat/EnhancedMessageBubble.swift:1988:8: note: found this candidate 
struct InteractiveQuizBubbleView: View {
       ^
/Users/hectorgarcia/LYO_Da_ONE/Sources/Views/Chat/InteractiveQuizBubbleView.swift:10:8: note: found this candidate 
struct InteractiveQuizBubbleView: View {
       ^
/Users/hectorgarcia/LYO_Da_ONE/Sources/Views/Chat/FlashcardCarouselBubbleView.swift:151:9: error: ambiguous use of 'init(title:cards:)'
        FlashcardCarouselBubbleView(
        ^
/Users/hectorgarcia/LYO_Da_ONE/Sources/Views/Chat/EnhancedMessageBubble.swift:1827:8: note: found this candidate 
struct FlashcardCarouselBubbleView: View {
       ^
/Users/hectorgarcia/LYO_Da_ONE/Sources/Views/Chat/FlashcardCarouselBubbleView.swift:10:8: note: found this candidate 
struct FlashcardCarouselBubbleView: View {
       ^
/Users/hectorgarcia/LYO_Da_ONE/Sources/Views/Chat/InteractiveQuizBubbleView.swift:188:9: error: ambiguous use of 'init(question:options:correctIndex:explanation:onAnswerSelected:)'
        InteractiveQuizBubbleView(
        ^
/Users/hectorgarcia/LYO_Da_ONE/Sources/Views/Chat/EnhancedMessageBubble.swift:1988:8: note: found this candidate 
struct InteractiveQuizBubbleView: View {
       ^
/Users/hectorgarcia/LYO_Da_ONE/Sources/Views/Chat/InteractiveQuizBubbleView.swift:10:8: note: found this candidate 
struct InteractiveQuizBubbleView: View {
       ^
/Users/hectorgarcia/LYO_Da_ONE/Sources/Views/Chat/ProcessingBubbleView.swift:68:9: error: ambiguous use of 'init(step:progress:)'
        ProcessingBubbleView(step: "Researching topic...", progress: 0.3)
        ^
/Users/hectorgarcia/LYO_Da_ONE/Sources/Views/Chat/EnhancedMessageBubble.swift:1756:8: note: found this candidate 
struct ProcessingBubbleView: View {
       ^
/Users/hectorgarcia/LYO_Da_ONE/Sources/Views/Chat/ProcessingBubbleView.swift:10:8: note: found this candidate 
struct ProcessingBubbleView: View {
       ^
/Users/hectorgarcia/LYO_Da_ONE/Sources/Views/Chat/SuggestionChipsView.swift:273:8: error: invalid redeclaration of 'InlineSuggestionsView'
struct InlineSuggestionsView: View {
       ^
/Users/hectorgarcia/LYO_Da_ONE/Sources/Views/Chat/EnhancedMessageBubble.swift:2448:8: note: 'InlineSuggestionsView' previously declared here
struct InlineSuggestionsView: View {
       ^
/Users/hectorgarcia/LYO_Da_ONE/Sources/Views/Chat/EnhancedMessageBubble.swift:2448:8: note: 'InlineSuggestionsView' previously declared here
struct InlineSuggestionsView: View {
       ^

SwiftCompile normal x86_64 /Users/hectorgarcia/LYO_Da_ONE/Sources/Views/Learning/TTSView.swift (in target 'Lyo' from project 'Lyo')
    cd /Users/hectorgarcia/LYO_Da_ONE
    

SwiftCompile normal x86_64 /Users/hectorgarcia/LYO_Da_ONE/Sources/ViewModels/TTSViewModel.swift (in target 'Lyo' from project 'Lyo')
    cd /Users/hectorgarcia/LYO_Da_ONE
    

SwiftCompile normal x86_64 /Users/hectorgarcia/LYO_Da_ONE/Sources/Components/Classroom/TTSVoiceBubbleView.swift (in target 'Lyo' from project 'Lyo')
    cd /Users/hectorgarcia/LYO_Da_ONE
    

SwiftCompile normal x86_64 /Users/hectorgarcia/LYO_Da_ONE/Sources/Services/TextToSpeechService.swift (in target 'Lyo' from project 'Lyo')
    cd /Users/hectorgarcia/LYO_Da_ONE
    

SwiftCompile normal x86_64 /Users/hectorgarcia/LYO_Da_ONE/Sources/Core/Security/TokenManager.swift (in target 'Lyo' from project 'Lyo')
    cd /Users/hectorgarcia/LYO_Da_ONE
    

SwiftCompile normal x86_64 /Users/hectorgarcia/LYO_Da_ONE/Sources/Views/Main/TopHeaderView.swift (in target 'Lyo' from project 'Lyo')
    cd /Users/hectorgarcia/LYO_Da_ONE
    

SwiftCompile normal x86_64 /Users/hectorgarcia/LYO_Da_ONE/Sources/Views/Chat/TopicSelectionBubbleView.swift (in target 'Lyo' from project 'Lyo')
    cd /Users/hectorgarcia/LYO_Da_ONE
    
/Users/hectorgarcia/LYO_Da_ONE/Sources/Views/Chat/TopicSelectionBubbleView.swift:78:9: error: ambiguous use of 'init(title:topics:onSelect:)'
        TopicSelectionBubbleView(
        ^
/Users/hectorgarcia/LYO_Da_ONE/Sources/Views/Chat/EnhancedMessageBubble.swift:1668:8: note: found this candidate 
struct TopicSelectionBubbleView: View {
       ^
/Users/hectorgarcia/LYO_Da_ONE/Sources/Views/Chat/TopicSelectionBubbleView.swift:10:8: note: found this candidate 
struct TopicSelectionBubbleView: View {
       ^
/Users/hectorgarcia/LYO_Da_ONE/Sources/Views/Chat/TopicSelectionBubbleView.swift:10:8: error: invalid redeclaration of 'TopicSelectionBubbleView'
struct TopicSelectionBubbleView: View {
       ^
/Users/hectorgarcia/LYO_Da_ONE/Sources/Views/Chat/EnhancedMessageBubble.swift:1668:8: note: 'TopicSelectionBubbleView' previously declared here
struct TopicSelectionBubbleView: View {
       ^
/Users/hectorgarcia/LYO_Da_ONE/Sources/Views/Chat/EnhancedMessageBubble.swift:1668:8: note: 'TopicSelectionBubbleView' previously declared here
struct TopicSelectionBubbleView: View {
       ^
/Users/hectorgarcia/LYO_Da_ONE/Sources/Views/Chat/TopicSelectionBubbleView.swift:40:8: error: invalid redeclaration of 'TopicCard'
struct TopicCard: View {
       ^
/Users/hectorgarcia/LYO_Da_ONE/Sources/Views/Chat/EnhancedMessageBubble.swift:1698:8: note: 'TopicCard' previously declared here
struct TopicCard: View {
       ^
/Users/hectorgarcia/LYO_Da_ONE/Sources/Views/Chat/EnhancedMessageBubble.swift:1698:8: note: 'TopicCard' previously declared here
struct TopicCard: View {
       ^

SwiftCompile normal x86_64 /Users/hectorgarcia/LYO_Da_ONE/Sources/Views/Main/Classroom/TranscriptSheet.swift (in target 'Lyo' from project 'Lyo')
    cd /Users/hectorgarcia/LYO_Da_ONE
    

SwiftCompile normal x86_64 /Users/hectorgarcia/LYO_Da_ONE/Sources/Views/Main/Classroom/TutorModeView.swift (in target 'Lyo' from project 'Lyo')
    cd /Users/hectorgarcia/LYO_Da_ONE
    

SwiftCompile normal x86_64 /Users/hectorgarcia/LYO_Da_ONE/Sources/Models/TutorModels.swift (in target 'Lyo' from project 'Lyo')
    cd /Users/hectorgarcia/LYO_Da_ONE
    

SwiftCompile normal x86_64 /Users/hectorgarcia/LYO_Da_ONE/Sources/Services/TutorService.swift (in target 'Lyo' from project 'Lyo')
    cd /Users/hectorgarcia/LYO_Da_ONE
    

SwiftCompile normal x86_64 /Users/hectorgarcia/LYO_Da_ONE/Sources/ViewModels/TutorViewModel.swift (in target 'Lyo' from project 'Lyo')
    cd /Users/hectorgarcia/LYO_Da_ONE
    

SwiftCompile normal x86_64 /Users/hectorgarcia/LYO_Da_ONE/Sources/Models/UIStackModels.swift (in target 'Lyo' from project 'Lyo')
    cd /Users/hectorgarcia/LYO_Da_ONE
    

SwiftCompile normal x86_64 /Users/hectorgarcia/LYO_Da_ONE/Sources/Services/UIStackStore.swift (in target 'Lyo' from project 'Lyo')
    cd /Users/hectorgarcia/LYO_Da_ONE
    

SwiftCompile normal x86_64 /Users/hectorgarcia/LYO_Da_ONE/Sources/Services/UnifiedChatPersistence.swift (in target 'Lyo' from project 'Lyo')
    cd /Users/hectorgarcia/LYO_Da_ONE
    

SwiftCompile normal x86_64 /Users/hectorgarcia/LYO_Da_ONE/Sources/Services/UnifiedChatService.swift (in target 'Lyo' from project 'Lyo')
    cd /Users/hectorgarcia/LYO_Da_ONE
    

SwiftCompile normal x86_64 /Users/hectorgarcia/LYO_Da_ONE/Sources/Views/AI/UsageAnalyticsView.swift (in target 'Lyo' from project 'Lyo')
    cd /Users/hectorgarcia/LYO_Da_ONE
    

SwiftCompile normal x86_64 /Users/hectorgarcia/LYO_Da_ONE/Sources/Models/User.swift (in target 'Lyo' from project 'Lyo')
    cd /Users/hectorgarcia/LYO_Da_ONE
    

SwiftCompile normal x86_64 /Users/hectorgarcia/LYO_Da_ONE/Sources/Services/UserContextService.swift (in target 'Lyo' from project 'Lyo')
    cd /Users/hectorgarcia/LYO_Da_ONE
    

SwiftCompile normal x86_64 /Users/hectorgarcia/LYO_Da_ONE/Sources/Views/Main/ReelComponents/VideoContextSheet.swift (in target 'Lyo' from project 'Lyo')
    cd /Users/hectorgarcia/LYO_Da_ONE
    

SwiftCompile normal x86_64 /Users/hectorgarcia/LYO_Da_ONE/Sources/Services/VideoPickerService.swift (in target 'Lyo' from project 'Lyo')
    cd /Users/hectorgarcia/LYO_Da_ONE
    

SwiftCompile normal x86_64 Compiling\ VideoRecorderView.swift,\ VisionService.swift,\ VoiceInputService.swift,\ WebSocketManager.swift,\ A2UIElementType.swift,\ A2UIComponent.swift,\ A2UIProps.swift,\ A2UICapabilityNegotiator.swift,\ A2UIRenderer.swift,\ A2UIHomeworkViews.swift,\ A2UILayoutViews.swift,\ A2UIMistakeViews.swift,\ A2UIQuizViews.swift,\ A2UIStudyPlanViews.swift,\ A2UIMiscViews.swift,\ A2UIRendererViews.swift,\ MyActivitiesView.swift,\ PrivateLessonDetailView.swift,\ EducationalCenterDetailView.swift,\ BookingCalendarView.swift,\ ReviewInputView.swift,\ ReviewListView.swift,\ GeneratedAssetSymbols.swift /Users/hectorgarcia/LYO_Da_ONE/Sources/Views/Main/Creation/VideoRecorderView.swift /Users/hectorgarcia/LYO_Da_ONE/Sources/Services/VisionService.swift /Users/hectorgarcia/LYO_Da_ONE/Sources/Services/VoiceInputService.swift /Users/hectorgarcia/LYO_Da_ONE/Sources/Core/Networking/WebSocketManager.swift /Users/hectorgarcia/LYO_Da_ONE/Sources/Core/A2UI/A2UIElementType.swift /Users/hectorgarcia/LYO_Da_ONE/Sources/Core/A2UI/A2UIComponent.swift /Users/hectorgarcia/LYO_Da_ONE/Sources/Core/A2UI/A2UIProps.swift /Users/hectorgarcia/LYO_Da_ONE/Sources/Core/A2UI/A2UICapabilityNegotiator.swift /Users/hectorgarcia/LYO_Da_ONE/Sources/Core/A2UI/A2UIRenderer.swift /Users/hectorgarcia/LYO_Da_ONE/Sources/Core/A2UI/Views/A2UIHomeworkViews.swift /Users/hectorgarcia/LYO_Da_ONE/Sources/Core/A2UI/Views/A2UILayoutViews.swift /Users/hectorgarcia/LYO_Da_ONE/Sources/Core/A2UI/Views/A2UIMistakeViews.swift /Users/hectorgarcia/LYO_Da_ONE/Sources/Core/A2UI/Views/A2UIQuizViews.swift /Users/hectorgarcia/LYO_Da_ONE/Sources/Core/A2UI/Views/A2UIStudyPlanViews.swift /Users/hectorgarcia/LYO_Da_ONE/Sources/Core/A2UI/Views/A2UIMiscViews.swift /Users/hectorgarcia/LYO_Da_ONE/Sources/Core/A2UI/Views/A2UIRendererViews.swift /Users/hectorgarcia/LYO_Da_ONE/Sources/Views/Community/MyActivitiesView.swift /Users/hectorgarcia/LYO_Da_ONE/Sources/Views/Community/PrivateLessonDetailView.swift /Users/hectorgarcia/LYO_Da_ONE/Sources/Views/Community/EducationalCenterDetailView.swift /Users/hectorgarcia/LYO_Da_ONE/Sources/Views/Community/BookingCalendarView.swift /Users/hectorgarcia/LYO_Da_ONE/Sources/Views/Community/ReviewInputView.swift /Users/hectorgarcia/LYO_Da_ONE/Sources/Views/Community/ReviewListView.swift /Users/hectorgarcia/Library/Developer/Xcode/DerivedData/Build/Intermediates.noindex/Lyo.build/Debug-iphonesimulator/Lyo.build/DerivedSources/GeneratedAssetSymbols.swift (in target 'Lyo' from project 'Lyo')

SwiftCompile normal x86_64 /Users/hectorgarcia/LYO_Da_ONE/Sources/Views/Main/Creation/VideoRecorderView.swift (in target 'Lyo' from project 'Lyo')
    cd /Users/hectorgarcia/LYO_Da_ONE
    

SwiftCompile normal x86_64 /Users/hectorgarcia/LYO_Da_ONE/Sources/Services/VisionService.swift (in target 'Lyo' from project 'Lyo')
    cd /Users/hectorgarcia/LYO_Da_ONE
    

SwiftCompile normal x86_64 /Users/hectorgarcia/LYO_Da_ONE/Sources/Services/VoiceInputService.swift (in target 'Lyo' from project 'Lyo')
    cd /Users/hectorgarcia/LYO_Da_ONE
    

SwiftCompile normal x86_64 /Users/hectorgarcia/LYO_Da_ONE/Sources/Core/Networking/WebSocketManager.swift (in target 'Lyo' from project 'Lyo')
    cd /Users/hectorgarcia/LYO_Da_ONE
    

SwiftCompile normal x86_64 /Users/hectorgarcia/LYO_Da_ONE/Sources/Core/A2UI/A2UIElementType.swift (in target 'Lyo' from project 'Lyo')
    cd /Users/hectorgarcia/LYO_Da_ONE
    

SwiftCompile normal x86_64 /Users/hectorgarcia/LYO_Da_ONE/Sources/Core/A2UI/A2UIComponent.swift (in target 'Lyo' from project 'Lyo')
    cd /Users/hectorgarcia/LYO_Da_ONE
    

SwiftCompile normal x86_64 /Users/hectorgarcia/LYO_Da_ONE/Sources/Core/A2UI/A2UIProps.swift (in target 'Lyo' from project 'Lyo')
    cd /Users/hectorgarcia/LYO_Da_ONE
    

SwiftCompile normal x86_64 /Users/hectorgarcia/LYO_Da_ONE/Sources/Core/A2UI/A2UICapabilityNegotiator.swift (in target 'Lyo' from project 'Lyo')
    cd /Users/hectorgarcia/LYO_Da_ONE
    

SwiftCompile normal x86_64 /Users/hectorgarcia/LYO_Da_ONE/Sources/Core/A2UI/A2UIRenderer.swift (in target 'Lyo' from project 'Lyo')
    cd /Users/hectorgarcia/LYO_Da_ONE
    

SwiftCompile normal x86_64 /Users/hectorgarcia/LYO_Da_ONE/Sources/Core/A2UI/Views/A2UIHomeworkViews.swift (in target 'Lyo' from project 'Lyo')
    cd /Users/hectorgarcia/LYO_Da_ONE
    

SwiftCompile normal x86_64 /Users/hectorgarcia/LYO_Da_ONE/Sources/Core/A2UI/Views/A2UILayoutViews.swift (in target 'Lyo' from project 'Lyo')
    cd /Users/hectorgarcia/LYO_Da_ONE
    

SwiftCompile normal x86_64 /Users/hectorgarcia/LYO_Da_ONE/Sources/Core/A2UI/Views/A2UIMistakeViews.swift (in target 'Lyo' from project 'Lyo')
    cd /Users/hectorgarcia/LYO_Da_ONE
    

SwiftCompile normal x86_64 /Users/hectorgarcia/LYO_Da_ONE/Sources/Core/A2UI/Views/A2UIQuizViews.swift (in target 'Lyo' from project 'Lyo')
    cd /Users/hectorgarcia/LYO_Da_ONE
    

SwiftCompile normal x86_64 /Users/hectorgarcia/LYO_Da_ONE/Sources/Core/A2UI/Views/A2UIStudyPlanViews.swift (in target 'Lyo' from project 'Lyo')
    cd /Users/hectorgarcia/LYO_Da_ONE
    

SwiftCompile normal x86_64 /Users/hectorgarcia/LYO_Da_ONE/Sources/Core/A2UI/Views/A2UIMiscViews.swift (in target 'Lyo' from project 'Lyo')
    cd /Users/hectorgarcia/LYO_Da_ONE
    

SwiftCompile normal x86_64 /Users/hectorgarcia/LYO_Da_ONE/Sources/Core/A2UI/Views/A2UIRendererViews.swift (in target 'Lyo' from project 'Lyo')
    cd /Users/hectorgarcia/LYO_Da_ONE
    

SwiftCompile normal x86_64 /Users/hectorgarcia/LYO_Da_ONE/Sources/Views/Community/MyActivitiesView.swift (in target 'Lyo' from project 'Lyo')
    cd /Users/hectorgarcia/LYO_Da_ONE
    

SwiftCompile normal x86_64 /Users/hectorgarcia/LYO_Da_ONE/Sources/Views/Community/PrivateLessonDetailView.swift (in target 'Lyo' from project 'Lyo')
    cd /Users/hectorgarcia/LYO_Da_ONE
    

SwiftCompile normal x86_64 /Users/hectorgarcia/LYO_Da_ONE/Sources/Views/Community/EducationalCenterDetailView.swift (in target 'Lyo' from project 'Lyo')
    cd /Users/hectorgarcia/LYO_Da_ONE
    

SwiftCompile normal x86_64 /Users/hectorgarcia/LYO_Da_ONE/Sources/Views/Community/BookingCalendarView.swift (in target 'Lyo' from project 'Lyo')
    cd /Users/hectorgarcia/LYO_Da_ONE
    

SwiftCompile normal x86_64 /Users/hectorgarcia/LYO_Da_ONE/Sources/Views/Community/ReviewInputView.swift (in target 'Lyo' from project 'Lyo')
    cd /Users/hectorgarcia/LYO_Da_ONE
    

SwiftCompile normal x86_64 /Users/hectorgarcia/LYO_Da_ONE/Sources/Views/Community/ReviewListView.swift (in target 'Lyo' from project 'Lyo')
    cd /Users/hectorgarcia/LYO_Da_ONE
    

SwiftCompile normal x86_64 /Users/hectorgarcia/Library/Developer/Xcode/DerivedData/Build/Intermediates.noindex/Lyo.build/Debug-iphonesimulator/Lyo.build/DerivedSources/GeneratedAssetSymbols.swift (in target 'Lyo' from project 'Lyo')
    cd /Users/hectorgarcia/LYO_Da_ONE
    

SwiftCompile normal x86_64 Compiling\ PersonalizationService.swift,\ PostEditorView.swift,\ PostService.swift,\ PremiumButton.swift,\ PremiumHomeView.swift,\ ProactiveHintBanner.swift,\ ProcessingBubbleView.swift,\ ProfileHomeView.swift,\ ProfileView.swift,\ PushNotificationService.swift,\ QuickCheckOverlay.swift,\ QuickExplainerView.swift,\ QuizOverlayView.swift,\ QuizView.swift,\ QuizViewModel.swift,\ ReelActionStrip.swift,\ ReelHeaderView.swift,\ ReelInfoOverlay.swift,\ RegisterView.swift,\ RepositoryProtocols.swift,\ ReteachOverlay.swift,\ RootViewModel.swift,\ SaaSHeaders.swift /Users/hectorgarcia/LYO_Da_ONE/Sources/Services/PersonalizationService.swift /Users/hectorgarcia/LYO_Da_ONE/Sources/Views/Main/Creation/PostEditorView.swift /Users/hectorgarcia/LYO_Da_ONE/Sources/Services/PostService.swift /Users/hectorgarcia/LYO_Da_ONE/Sources/Components/Premium/PremiumButton.swift /Users/hectorgarcia/LYO_Da_ONE/Sources/Views/Main/Home/PremiumHomeView.swift /Users/hectorgarcia/LYO_Da_ONE/Sources/Views/Components/ProactiveHintBanner.swift /Users/hectorgarcia/LYO_Da_ONE/Sources/Views/Chat/ProcessingBubbleView.swift /Users/hectorgarcia/LYO_Da_ONE/Sources/Views/Main/Profile/ProfileHomeView.swift /Users/hectorgarcia/LYO_Da_ONE/Sources/Views/ProfileView.swift /Users/hectorgarcia/LYO_Da_ONE/Sources/Services/PushNotificationService.swift /Users/hectorgarcia/LYO_Da_ONE/Sources/Components/Classroom/QuickCheckOverlay.swift /Users/hectorgarcia/LYO_Da_ONE/Sources/Components/AITutor/QuickExplainerView.swift /Users/hectorgarcia/LYO_Da_ONE/Sources/Views/Main/ReelComponents/QuizOverlayView.swift /Users/hectorgarcia/LYO_Da_ONE/Sources/Views/Learning/QuizView.swift /Users/hectorgarcia/LYO_Da_ONE/Sources/ViewModels/QuizViewModel.swift /Users/hectorgarcia/LYO_Da_ONE/Sources/Views/Main/ReelComponents/ReelActionStrip.swift /Users/hectorgarcia/LYO_Da_ONE/Sources/Views/Main/ReelComponents/ReelHeaderView.swift /Users/hectorgarcia/LYO_Da_ONE/Sources/Views/Main/ReelComponents/ReelInfoOverlay.swift /Users/hectorgarcia/LYO_Da_ONE/Sources/Views/Auth/RegisterView.swift /Users/hectorgarcia/LYO_Da_ONE/Sources/Services/Repositories/RepositoryProtocols.swift /Users/hectorgarcia/LYO_Da_ONE/Sources/Components/Classroom/ReteachOverlay.swift /Users/hectorgarcia/LYO_Da_ONE/Sources/ViewModels/RootViewModel.swift /Users/hectorgarcia/LYO_Da_ONE/Sources/Core/Networking/SaaSHeaders.swift (in target 'Lyo' from project 'Lyo')

SwiftCompile normal x86_64 /Users/hectorgarcia/LYO_Da_ONE/Sources/Services/PersonalizationService.swift (in target 'Lyo' from project 'Lyo')
    cd /Users/hectorgarcia/LYO_Da_ONE
    

SwiftCompile normal x86_64 /Users/hectorgarcia/LYO_Da_ONE/Sources/Views/Main/Creation/PostEditorView.swift (in target 'Lyo' from project 'Lyo')
    cd /Users/hectorgarcia/LYO_Da_ONE
    

SwiftCompile normal x86_64 /Users/hectorgarcia/LYO_Da_ONE/Sources/Services/PostService.swift (in target 'Lyo' from project 'Lyo')
    cd /Users/hectorgarcia/LYO_Da_ONE
    

SwiftCompile normal x86_64 /Users/hectorgarcia/LYO_Da_ONE/Sources/Components/Premium/PremiumButton.swift (in target 'Lyo' from project 'Lyo')
    cd /Users/hectorgarcia/LYO_Da_ONE
    

SwiftCompile normal x86_64 /Users/hectorgarcia/LYO_Da_ONE/Sources/Views/Main/Home/PremiumHomeView.swift (in target 'Lyo' from project 'Lyo')
    cd /Users/hectorgarcia/LYO_Da_ONE
    

SwiftCompile normal x86_64 /Users/hectorgarcia/LYO_Da_ONE/Sources/Views/Components/ProactiveHintBanner.swift (in target 'Lyo' from project 'Lyo')
    cd /Users/hectorgarcia/LYO_Da_ONE
    

SwiftCompile normal x86_64 /Users/hectorgarcia/LYO_Da_ONE/Sources/Views/Chat/ProcessingBubbleView.swift (in target 'Lyo' from project 'Lyo')
    cd /Users/hectorgarcia/LYO_Da_ONE
    

SwiftCompile normal x86_64 /Users/hectorgarcia/LYO_Da_ONE/Sources/Views/Main/Profile/ProfileHomeView.swift (in target 'Lyo' from project 'Lyo')
    cd /Users/hectorgarcia/LYO_Da_ONE
    

SwiftCompile normal x86_64 /Users/hectorgarcia/LYO_Da_ONE/Sources/Views/ProfileView.swift (in target 'Lyo' from project 'Lyo')
    cd /Users/hectorgarcia/LYO_Da_ONE
    

SwiftCompile normal x86_64 /Users/hectorgarcia/LYO_Da_ONE/Sources/Services/PushNotificationService.swift (in target 'Lyo' from project 'Lyo')
    cd /Users/hectorgarcia/LYO_Da_ONE
    

SwiftCompile normal x86_64 /Users/hectorgarcia/LYO_Da_ONE/Sources/Components/Classroom/QuickCheckOverlay.swift (in target 'Lyo' from project 'Lyo')
    cd /Users/hectorgarcia/LYO_Da_ONE
    

SwiftCompile normal x86_64 /Users/hectorgarcia/LYO_Da_ONE/Sources/Components/AITutor/QuickExplainerView.swift (in target 'Lyo' from project 'Lyo')
    cd /Users/hectorgarcia/LYO_Da_ONE
    

SwiftCompile normal x86_64 /Users/hectorgarcia/LYO_Da_ONE/Sources/Views/Main/ReelComponents/QuizOverlayView.swift (in target 'Lyo' from project 'Lyo')
    cd /Users/hectorgarcia/LYO_Da_ONE
    

SwiftCompile normal x86_64 /Users/hectorgarcia/LYO_Da_ONE/Sources/Views/Learning/QuizView.swift (in target 'Lyo' from project 'Lyo')
    cd /Users/hectorgarcia/LYO_Da_ONE
    

SwiftCompile normal x86_64 /Users/hectorgarcia/LYO_Da_ONE/Sources/ViewModels/QuizViewModel.swift (in target 'Lyo' from project 'Lyo')
    cd /Users/hectorgarcia/LYO_Da_ONE
    

SwiftCompile normal x86_64 /Users/hectorgarcia/LYO_Da_ONE/Sources/Views/Main/ReelComponents/ReelActionStrip.swift (in target 'Lyo' from project 'Lyo')
    cd /Users/hectorgarcia/LYO_Da_ONE
    

SwiftCompile normal x86_64 /Users/hectorgarcia/LYO_Da_ONE/Sources/Views/Main/ReelComponents/ReelHeaderView.swift (in target 'Lyo' from project 'Lyo')
    cd /Users/hectorgarcia/LYO_Da_ONE
    

SwiftCompile normal x86_64 /Users/hectorgarcia/LYO_Da_ONE/Sources/Views/Main/ReelComponents/ReelInfoOverlay.swift (in target 'Lyo' from project 'Lyo')
    cd /Users/hectorgarcia/LYO_Da_ONE
    

SwiftCompile normal x86_64 /Users/hectorgarcia/LYO_Da_ONE/Sources/Views/Auth/RegisterView.swift (in target 'Lyo' from project 'Lyo')
    cd /Users/hectorgarcia/LYO_Da_ONE
    

SwiftCompile normal x86_64 /Users/hectorgarcia/LYO_Da_ONE/Sources/Services/Repositories/RepositoryProtocols.swift (in target 'Lyo' from project 'Lyo')
    cd /Users/hectorgarcia/LYO_Da_ONE
    

SwiftCompile normal x86_64 /Users/hectorgarcia/LYO_Da_ONE/Sources/Components/Classroom/ReteachOverlay.swift (in target 'Lyo' from project 'Lyo')
    cd /Users/hectorgarcia/LYO_Da_ONE
    

SwiftCompile normal x86_64 /Users/hectorgarcia/LYO_Da_ONE/Sources/ViewModels/RootViewModel.swift (in target 'Lyo' from project 'Lyo')
    cd /Users/hectorgarcia/LYO_Da_ONE
    

SwiftCompile normal x86_64 /Users/hectorgarcia/LYO_Da_ONE/Sources/Core/Networking/SaaSHeaders.swift (in target 'Lyo' from project 'Lyo')
    cd /Users/hectorgarcia/LYO_Da_ONE
    

SwiftCompile normal x86_64 Compiling\ SaaSService.swift,\ Secrets.swift,\ SettingsView.swift,\ ShapeExtensions.swift,\ ShimmerEffect.swift,\ ShimmerModifier.swift,\ SimpleVideoContextSheet.swift,\ SmartMemoryService.swift,\ SocialFeedSection.swift,\ SocialModels.swift,\ SoftSkillsService.swift,\ StackCardView.swift,\ StackDrawerView.swift,\ StackModels.swift,\ StackPanelView.swift,\ StackService.swift,\ StoriesRailView.swift,\ StoryCircleView.swift,\ StoryService.swift,\ StoryViewer.swift,\ StreakCalendarView.swift,\ StreamingResponseManager.swift,\ SubscriptionView.swift /Users/hectorgarcia/LYO_Da_ONE/Sources/Services/SaaSService.swift /Users/hectorgarcia/LYO_Da_ONE/Sources/Core/Configuration/Secrets.swift /Users/hectorgarcia/LYO_Da_ONE/Sources/Views/SettingsView.swift /Users/hectorgarcia/LYO_Da_ONE/Sources/Utils/ShapeExtensions.swift /Users/hectorgarcia/LYO_Da_ONE/Sources/Components/Premium/ShimmerEffect.swift /Users/hectorgarcia/LYO_Da_ONE/Sources/Utils/ShimmerModifier.swift /Users/hectorgarcia/LYO_Da_ONE/Sources/Views/Main/SimpleVideoContextSheet.swift /Users/hectorgarcia/LYO_Da_ONE/Sources/Services/SmartMemoryService.swift /Users/hectorgarcia/LYO_Da_ONE/Sources/Views/Main/Hybrid/SocialFeedSection.swift /Users/hectorgarcia/LYO_Da_ONE/Sources/Models/SocialModels.swift /Users/hectorgarcia/LYO_Da_ONE/Sources/Services/SoftSkillsService.swift /Users/hectorgarcia/LYO_Da_ONE/Sources/Components/Common/StackCardView.swift /Users/hectorgarcia/LYO_Da_ONE/Sources/Views/Main/StackDrawerView.swift /Users/hectorgarcia/LYO_Da_ONE/Sources/Models/StackModels.swift /Users/hectorgarcia/LYO_Da_ONE/Sources/Views/Main/Stack/StackPanelView.swift /Users/hectorgarcia/LYO_Da_ONE/Sources/Services/StackService.swift /Users/hectorgarcia/LYO_Da_ONE/Sources/Views/Components/Stories/StoriesRailView.swift /Users/hectorgarcia/LYO_Da_ONE/Sources/Views/Components/Stories/StoryCircleView.swift /Users/hectorgarcia/LYO_Da_ONE/Sources/Services/StoryService.swift /Users/hectorgarcia/LYO_Da_ONE/Sources/Views/Components/Stories/StoryViewer.swift /Users/hectorgarcia/LYO_Da_ONE/Sources/Components/Challenges/StreakCalendarView.swift /Users/hectorgarcia/LYO_Da_ONE/Sources/Core/Networking/StreamingResponseManager.swift /Users/hectorgarcia/LYO_Da_ONE/Sources/Views/SubscriptionView.swift (in target 'Lyo' from project 'Lyo')

** BUILD FAILED **


The following build commands failed:
	SwiftCompile normal x86_64 Compiling\ SuggestionChipsBar.swift,\ SuggestionChipsView.swift,\ TTSView.swift,\ TTSViewModel.swift,\ TTSVoiceBubbleView.swift,\ TextToSpeechService.swift,\ TokenManager.swift,\ TopHeaderView.swift,\ TopicSelectionBubbleView.swift,\ TranscriptSheet.swift,\ TutorModeView.swift,\ TutorModels.swift,\ TutorService.swift,\ TutorViewModel.swift,\ UIStackModels.swift,\ UIStackStore.swift,\ UnifiedChatPersistence.swift,\ UnifiedChatService.swift,\ UsageAnalyticsView.swift,\ User.swift,\ UserContextService.swift,\ VideoContextSheet.swift,\ VideoPickerService.swift /Users/hectorgarcia/LYO_Da_ONE/Sources/Components/AITutor/SuggestionChipsBar.swift /Users/hectorgarcia/LYO_Da_ONE/Sources/Views/Chat/SuggestionChipsView.swift /Users/hectorgarcia/LYO_Da_ONE/Sources/Views/Learning/TTSView.swift /Users/hectorgarcia/LYO_Da_ONE/Sources/ViewModels/TTSViewModel.swift /Users/hectorgarcia/LYO_Da_ONE/Sources/Components/Classroom/TTSVoiceBubbleView.swift /Users/hectorgarcia/LYO_Da_ONE/Sources/Services/TextToSpeechService.swift /Users/hectorgarcia/LYO_Da_ONE/Sources/Core/Security/TokenManager.swift /Users/hectorgarcia/LYO_Da_ONE/Sources/Views/Main/TopHeaderView.swift /Users/hectorgarcia/LYO_Da_ONE/Sources/Views/Chat/TopicSelectionBubbleView.swift /Users/hectorgarcia/LYO_Da_ONE/Sources/Views/Main/Classroom/TranscriptSheet.swift /Users/hectorgarcia/LYO_Da_ONE/Sources/Views/Main/Classroom/TutorModeView.swift /Users/hectorgarcia/LYO_Da_ONE/Sources/Models/TutorModels.swift /Users/hectorgarcia/LYO_Da_ONE/Sources/Services/TutorService.swift /Users/hectorgarcia/LYO_Da_ONE/Sources/ViewModels/TutorViewModel.swift /Users/hectorgarcia/LYO_Da_ONE/Sources/Models/UIStackModels.swift /Users/hectorgarcia/LYO_Da_ONE/Sources/Services/UIStackStore.swift /Users/hectorgarcia/LYO_Da_ONE/Sources/Services/UnifiedChatPersistence.swift /Users/hectorgarcia/LYO_Da_ONE/Sources/Services/UnifiedChatService.swift /Users/hectorgarcia/LYO_Da_ONE/Sources/Views/AI/UsageAnalyticsView.swift /Users/hectorgarcia/LYO_Da_ONE/Sources/Models/User.swift /Users/hectorgarcia/LYO_Da_ONE/Sources/Services/UserContextService.swift /Users/hectorgarcia/LYO_Da_ONE/Sources/Views/Main/ReelComponents/VideoContextSheet.swift /Users/hectorgarcia/LYO_Da_ONE/Sources/Services/VideoPickerService.swift (in target 'Lyo' from project 'Lyo')
	SwiftCompile normal x86_64 /Users/hectorgarcia/LYO_Da_ONE/Sources/Components/AITutor/SuggestionChipsBar.swift (in target 'Lyo' from project 'Lyo')
	SwiftCompile normal x86_64 /Users/hectorgarcia/LYO_Da_ONE/Sources/Views/Chat/SuggestionChipsView.swift (in target 'Lyo' from project 'Lyo')
	SwiftCompile normal x86_64 /Users/hectorgarcia/LYO_Da_ONE/Sources/Views/Chat/TopicSelectionBubbleView.swift (in target 'Lyo' from project 'Lyo')
	Building project Lyo with scheme Lyo
(5 failures)
