Command line invocation:
    /Users/hectorgarcia/Downloads/Xcode.app/Contents/Developer/usr/bin/xcodebuild -scheme Lyo -destination "platform=iOS Simulator,name=iPhone 17 Pro" clean build

Resolve Package Graph


Resolved source packages:
  GoogleUtilities: https://github.com/google/GoogleUtilities.git @ 7.13.3
  abseil: https://github.com/google/abseil-cpp-binary.git @ 1.2024011602.0
  InteropForGoogle: https://github.com/google/interop-ios-for-google-sdks.git @ 100.0.0
  leveldb: https://github.com/firebase/leveldb.git @ 1.22.5
  Promises: https://github.com/google/promises.git @ 2.4.0
  nanopb: https://github.com/firebase/nanopb.git @ 2.30910.0
  AppAuth: https://github.com/openid/AppAuth-iOS.git @ 1.7.6
  GTMAppAuth: https://github.com/google/GTMAppAuth.git @ 4.1.1
  gRPC: https://github.com/google/grpc-binary.git @ 1.62.2
  GoogleDataTransport: https://github.com/google/GoogleDataTransport.git @ 9.4.0
  GTMSessionFetcher: https://github.com/google/gtm-session-fetcher.git @ 3.5.0
  Firebase: https://github.com/firebase/firebase-ios-sdk @ 10.29.0
  SwiftProtobuf: https://github.com/apple/swift-protobuf.git @ 1.33.3
  GoogleSignIn: https://github.com/google/GoogleSignIn-iOS @ 7.1.0
  AppCheck: https://github.com/google/app-check.git @ 10.19.2
  GoogleAppMeasurement: https://github.com/google/GoogleAppMeasurement.git @ 10.28.0

CreateBuildRequest

SendProjectDescription

CreateBuildOperation

** CLEAN SUCCEEDED **

ComputePackagePrebuildTargetDependencyGraph

Prepare packages

CreateBuildRequest

SendProjectDescription

CreateBuildOperation

ComputeTargetDependencyGraph
note: Building targets in dependency order
note: Target dependency graph (71 targets)
    Target 'LyoTests' in project 'Lyo'
        ➜ Explicit dependency on target 'Lyo' in project 'Lyo'
    Target 'Lyo' in project 'Lyo'
        ➜ Explicit dependency on target 'GoogleSignIn' in project 'GoogleSignIn'
        ➜ Explicit dependency on target 'FirebaseAuth' in project 'Firebase'
        ➜ Explicit dependency on target 'FirebaseCrashlytics' in project 'Firebase'
    Target 'FirebaseCrashlytics' in project 'Firebase'
        ➜ Explicit dependency on target 'FirebaseCrashlytics' in project 'Firebase'
        ➜ Explicit dependency on target 'Firebase_FirebaseCrashlytics' in project 'Firebase'
        ➜ Explicit dependency on target 'Firebase' in project 'Firebase'
        ➜ Explicit dependency on target 'FirebaseCoreInternal' in project 'Firebase'
        ➜ Explicit dependency on target 'FirebaseCore' in project 'Firebase'
        ➜ Explicit dependency on target 'FirebaseInstallations' in project 'Firebase'
        ➜ Explicit dependency on target 'FirebaseCoreExtension' in project 'Firebase'
        ➜ Explicit dependency on target 'FirebaseSessionsObjC' in project 'Firebase'
        ➜ Explicit dependency on target 'FirebaseSessions' in project 'Firebase'
        ➜ Explicit dependency on target 'FirebaseRemoteConfigInterop' in project 'Firebase'
        ➜ Explicit dependency on target 'FirebaseCrashlyticsSwift' in project 'Firebase'
        ➜ Explicit dependency on target 'GULNSData' in project 'GoogleUtilities'
        ➜ Explicit dependency on target 'GULEnvironment' in project 'GoogleUtilities'
        ➜ Explicit dependency on target 'GULLogger' in project 'GoogleUtilities'
        ➜ Explicit dependency on target 'FBLPromises' in project 'Promises'
        ➜ Explicit dependency on target 'GULUserDefaults' in project 'GoogleUtilities'
        ➜ Explicit dependency on target 'nanopb' in project 'nanopb'
        ➜ Explicit dependency on target 'Promises' in project 'Promises'
        ➜ Explicit dependency on target 'GoogleDataTransport' in project 'GoogleDataTransport'
    Target 'FirebaseCrashlytics' in project 'Firebase'
        ➜ Explicit dependency on target 'Firebase_FirebaseCrashlytics' in project 'Firebase'
        ➜ Explicit dependency on target 'Firebase' in project 'Firebase'
        ➜ Explicit dependency on target 'FirebaseCoreInternal' in project 'Firebase'
        ➜ Explicit dependency on target 'FirebaseCore' in project 'Firebase'
        ➜ Explicit dependency on target 'FirebaseInstallations' in project 'Firebase'
        ➜ Explicit dependency on target 'FirebaseCoreExtension' in project 'Firebase'
        ➜ Explicit dependency on target 'FirebaseSessionsObjC' in project 'Firebase'
        ➜ Explicit dependency on target 'FirebaseSessions' in project 'Firebase'
        ➜ Explicit dependency on target 'FirebaseRemoteConfigInterop' in project 'Firebase'
        ➜ Explicit dependency on target 'FirebaseCrashlyticsSwift' in project 'Firebase'
        ➜ Explicit dependency on target 'GULNSData' in project 'GoogleUtilities'
        ➜ Explicit dependency on target 'GULEnvironment' in project 'GoogleUtilities'
        ➜ Explicit dependency on target 'GULLogger' in project 'GoogleUtilities'
        ➜ Explicit dependency on target 'FBLPromises' in project 'Promises'
        ➜ Explicit dependency on target 'GULUserDefaults' in project 'GoogleUtilities'
        ➜ Explicit dependency on target 'nanopb' in project 'nanopb'
        ➜ Explicit dependency on target 'Promises' in project 'Promises'
        ➜ Explicit dependency on target 'GoogleDataTransport' in project 'GoogleDataTransport'
    Target 'FirebaseCrashlyticsSwift' in project 'Firebase'
        ➜ Explicit dependency on target 'FirebaseRemoteConfigInterop' in project 'Firebase'
    Target 'FirebaseRemoteConfigInterop' in project 'Firebase' (no dependencies)
    Target 'FirebaseSessions' in project 'Firebase'
        ➜ Explicit dependency on target 'Firebase' in project 'Firebase'
        ➜ Explicit dependency on target 'FirebaseCoreInternal' in project 'Firebase'
        ➜ Explicit dependency on target 'FirebaseCore' in project 'Firebase'
        ➜ Explicit dependency on target 'FirebaseInstallations' in project 'Firebase'
        ➜ Explicit dependency on target 'FirebaseCoreExtension' in project 'Firebase'
        ➜ Explicit dependency on target 'FirebaseSessionsObjC' in project 'Firebase'
        ➜ Explicit dependency on target 'GULNSData' in project 'GoogleUtilities'
        ➜ Explicit dependency on target 'GULEnvironment' in project 'GoogleUtilities'
        ➜ Explicit dependency on target 'GULLogger' in project 'GoogleUtilities'
        ➜ Explicit dependency on target 'FBLPromises' in project 'Promises'
        ➜ Explicit dependency on target 'GULUserDefaults' in project 'GoogleUtilities'
        ➜ Explicit dependency on target 'nanopb' in project 'nanopb'
        ➜ Explicit dependency on target 'Promises' in project 'Promises'
        ➜ Explicit dependency on target 'GoogleDataTransport' in project 'GoogleDataTransport'
    Target 'GoogleDataTransport' in project 'GoogleDataTransport'
        ➜ Explicit dependency on target 'GoogleDataTransport' in project 'GoogleDataTransport'
        ➜ Explicit dependency on target 'GoogleDataTransport_GoogleDataTransport' in project 'GoogleDataTransport'
        ➜ Explicit dependency on target 'nanopb' in project 'nanopb'
        ➜ Explicit dependency on target 'FBLPromises' in project 'Promises'
        ➜ Explicit dependency on target 'GULEnvironment' in project 'GoogleUtilities'
    Target 'GoogleDataTransport' in project 'GoogleDataTransport'
        ➜ Explicit dependency on target 'GoogleDataTransport_GoogleDataTransport' in project 'GoogleDataTransport'
        ➜ Explicit dependency on target 'nanopb' in project 'nanopb'
        ➜ Explicit dependency on target 'FBLPromises' in project 'Promises'
        ➜ Explicit dependency on target 'GULEnvironment' in project 'GoogleUtilities'
    Target 'GoogleDataTransport_GoogleDataTransport' in project 'GoogleDataTransport' (no dependencies)
    Target 'Promises' in project 'Promises'
        ➜ Explicit dependency on target 'Promises' in project 'Promises'
        ➜ Explicit dependency on target 'Promises_Promises' in project 'Promises'
        ➜ Explicit dependency on target 'FBLPromises' in project 'Promises'
    Target 'Promises' in project 'Promises'
        ➜ Explicit dependency on target 'Promises_Promises' in project 'Promises'
        ➜ Explicit dependency on target 'FBLPromises' in project 'Promises'
    Target 'Promises_Promises' in project 'Promises' (no dependencies)
    Target 'FirebaseSessionsObjC' in project 'Firebase'
        ➜ Explicit dependency on target 'Firebase' in project 'Firebase'
        ➜ Explicit dependency on target 'FirebaseCoreInternal' in project 'Firebase'
        ➜ Explicit dependency on target 'FirebaseCore' in project 'Firebase'
        ➜ Explicit dependency on target 'FirebaseCoreExtension' in project 'Firebase'
        ➜ Explicit dependency on target 'GULNSData' in project 'GoogleUtilities'
        ➜ Explicit dependency on target 'GULEnvironment' in project 'GoogleUtilities'
        ➜ Explicit dependency on target 'GULLogger' in project 'GoogleUtilities'
        ➜ Explicit dependency on target 'nanopb' in project 'nanopb'
    Target 'nanopb' in project 'nanopb'
        ➜ Explicit dependency on target 'nanopb' in project 'nanopb'
        ➜ Explicit dependency on target 'nanopb_nanopb' in project 'nanopb'
    Target 'nanopb' in project 'nanopb'
        ➜ Explicit dependency on target 'nanopb_nanopb' in project 'nanopb'
    Target 'nanopb_nanopb' in project 'nanopb' (no dependencies)
    Target 'FirebaseCoreExtension' in project 'Firebase'
        ➜ Explicit dependency on target 'Firebase_FirebaseCoreExtension' in project 'Firebase'
    Target 'Firebase_FirebaseCoreExtension' in project 'Firebase' (no dependencies)
    Target 'FirebaseInstallations' in project 'Firebase'
        ➜ Explicit dependency on target 'Firebase_FirebaseInstallations' in project 'Firebase'
        ➜ Explicit dependency on target 'Firebase' in project 'Firebase'
        ➜ Explicit dependency on target 'FirebaseCoreInternal' in project 'Firebase'
        ➜ Explicit dependency on target 'FirebaseCore' in project 'Firebase'
        ➜ Explicit dependency on target 'GULNSData' in project 'GoogleUtilities'
        ➜ Explicit dependency on target 'GULEnvironment' in project 'GoogleUtilities'
        ➜ Explicit dependency on target 'GULLogger' in project 'GoogleUtilities'
        ➜ Explicit dependency on target 'FBLPromises' in project 'Promises'
        ➜ Explicit dependency on target 'GULUserDefaults' in project 'GoogleUtilities'
    Target 'GULUserDefaults' in project 'GoogleUtilities'
        ➜ Explicit dependency on target 'GoogleUtilities-UserDefaults' in project 'GoogleUtilities'
        ➜ Explicit dependency on target 'GoogleUtilities_GoogleUtilities-UserDefaults' in project 'GoogleUtilities'
        ➜ Explicit dependency on target 'third-party-IsAppEncrypted' in project 'GoogleUtilities'
        ➜ Explicit dependency on target 'GoogleUtilities-Environment' in project 'GoogleUtilities'
        ➜ Explicit dependency on target 'GoogleUtilities-Logger' in project 'GoogleUtilities'
        ➜ Explicit dependency on target 'FBLPromises' in project 'Promises'
    Target 'GoogleUtilities-UserDefaults' in project 'GoogleUtilities'
        ➜ Explicit dependency on target 'GoogleUtilities_GoogleUtilities-UserDefaults' in project 'GoogleUtilities'
        ➜ Explicit dependency on target 'third-party-IsAppEncrypted' in project 'GoogleUtilities'
        ➜ Explicit dependency on target 'GoogleUtilities-Environment' in project 'GoogleUtilities'
        ➜ Explicit dependency on target 'GoogleUtilities-Logger' in project 'GoogleUtilities'
        ➜ Explicit dependency on target 'FBLPromises' in project 'Promises'
    Target 'GoogleUtilities_GoogleUtilities-UserDefaults' in project 'GoogleUtilities' (no dependencies)
    Target 'Firebase_FirebaseInstallations' in project 'Firebase' (no dependencies)
    Target 'Firebase_FirebaseCrashlytics' in project 'Firebase' (no dependencies)
    Target 'FirebaseAuth' in project 'Firebase'
        ➜ Explicit dependency on target 'FirebaseAuth' in project 'Firebase'
        ➜ Explicit dependency on target 'Firebase_FirebaseAuth' in project 'Firebase'
        ➜ Explicit dependency on target 'FirebaseAppCheckInterop' in project 'Firebase'
        ➜ Explicit dependency on target 'Firebase' in project 'Firebase'
        ➜ Explicit dependency on target 'FirebaseCoreInternal' in project 'Firebase'
        ➜ Explicit dependency on target 'FirebaseCore' in project 'Firebase'
        ➜ Explicit dependency on target 'GULNSData' in project 'GoogleUtilities'
        ➜ Explicit dependency on target 'GULEnvironment' in project 'GoogleUtilities'
        ➜ Explicit dependency on target 'GULLogger' in project 'GoogleUtilities'
        ➜ Explicit dependency on target 'GULAppDelegateSwizzler' in project 'GoogleUtilities'
        ➜ Explicit dependency on target 'GTMSessionFetcherCore' in project 'GTMSessionFetcher'
        ➜ Explicit dependency on target 'RecaptchaInterop' in project 'InteropForGoogle'
    Target 'FirebaseAuth' in project 'Firebase'
        ➜ Explicit dependency on target 'Firebase_FirebaseAuth' in project 'Firebase'
        ➜ Explicit dependency on target 'FirebaseAppCheckInterop' in project 'Firebase'
        ➜ Explicit dependency on target 'Firebase' in project 'Firebase'
        ➜ Explicit dependency on target 'FirebaseCoreInternal' in project 'Firebase'
        ➜ Explicit dependency on target 'FirebaseCore' in project 'Firebase'
        ➜ Explicit dependency on target 'GULNSData' in project 'GoogleUtilities'
        ➜ Explicit dependency on target 'GULEnvironment' in project 'GoogleUtilities'
        ➜ Explicit dependency on target 'GULLogger' in project 'GoogleUtilities'
        ➜ Explicit dependency on target 'GULAppDelegateSwizzler' in project 'GoogleUtilities'
        ➜ Explicit dependency on target 'GTMSessionFetcherCore' in project 'GTMSessionFetcher'
        ➜ Explicit dependency on target 'RecaptchaInterop' in project 'InteropForGoogle'
    Target 'RecaptchaInterop' in project 'InteropForGoogle'
        ➜ Explicit dependency on target 'RecaptchaInterop' in project 'InteropForGoogle'
    Target 'RecaptchaInterop' in project 'InteropForGoogle' (no dependencies)
    Target 'GULAppDelegateSwizzler' in project 'GoogleUtilities'
        ➜ Explicit dependency on target 'GoogleUtilities-AppDelegateSwizzler' in project 'GoogleUtilities'
        ➜ Explicit dependency on target 'GoogleUtilities_GoogleUtilities-AppDelegateSwizzler' in project 'GoogleUtilities'
        ➜ Explicit dependency on target 'third-party-IsAppEncrypted' in project 'GoogleUtilities'
        ➜ Explicit dependency on target 'GoogleUtilities-Environment' in project 'GoogleUtilities'
        ➜ Explicit dependency on target 'GoogleUtilities-Logger' in project 'GoogleUtilities'
        ➜ Explicit dependency on target 'GoogleUtilities-NSData' in project 'GoogleUtilities'
        ➜ Explicit dependency on target 'GoogleUtilities-Reachability' in project 'GoogleUtilities'
        ➜ Explicit dependency on target 'GoogleUtilities-Network' in project 'GoogleUtilities'
        ➜ Explicit dependency on target 'FBLPromises' in project 'Promises'
    Target 'GoogleUtilities-AppDelegateSwizzler' in project 'GoogleUtilities'
        ➜ Explicit dependency on target 'GoogleUtilities_GoogleUtilities-AppDelegateSwizzler' in project 'GoogleUtilities'
        ➜ Explicit dependency on target 'third-party-IsAppEncrypted' in project 'GoogleUtilities'
        ➜ Explicit dependency on target 'GoogleUtilities-Environment' in project 'GoogleUtilities'
        ➜ Explicit dependency on target 'GoogleUtilities-Logger' in project 'GoogleUtilities'
        ➜ Explicit dependency on target 'GoogleUtilities-NSData' in project 'GoogleUtilities'
        ➜ Explicit dependency on target 'GoogleUtilities-Reachability' in project 'GoogleUtilities'
        ➜ Explicit dependency on target 'GoogleUtilities-Network' in project 'GoogleUtilities'
        ➜ Explicit dependency on target 'FBLPromises' in project 'Promises'
    Target 'GoogleUtilities-Network' in project 'GoogleUtilities'
        ➜ Explicit dependency on target 'GoogleUtilities_GoogleUtilities-Network' in project 'GoogleUtilities'
        ➜ Explicit dependency on target 'third-party-IsAppEncrypted' in project 'GoogleUtilities'
        ➜ Explicit dependency on target 'GoogleUtilities-Environment' in project 'GoogleUtilities'
        ➜ Explicit dependency on target 'GoogleUtilities-Logger' in project 'GoogleUtilities'
        ➜ Explicit dependency on target 'GoogleUtilities-NSData' in project 'GoogleUtilities'
        ➜ Explicit dependency on target 'GoogleUtilities-Reachability' in project 'GoogleUtilities'
        ➜ Explicit dependency on target 'FBLPromises' in project 'Promises'
    Target 'GoogleUtilities_GoogleUtilities-Network' in project 'GoogleUtilities' (no dependencies)
    Target 'GoogleUtilities-Reachability' in project 'GoogleUtilities'
        ➜ Explicit dependency on target 'GoogleUtilities_GoogleUtilities-Reachability' in project 'GoogleUtilities'
        ➜ Explicit dependency on target 'third-party-IsAppEncrypted' in project 'GoogleUtilities'
        ➜ Explicit dependency on target 'GoogleUtilities-Environment' in project 'GoogleUtilities'
        ➜ Explicit dependency on target 'GoogleUtilities-Logger' in project 'GoogleUtilities'
        ➜ Explicit dependency on target 'FBLPromises' in project 'Promises'
    Target 'GoogleUtilities_GoogleUtilities-Reachability' in project 'GoogleUtilities' (no dependencies)
    Target 'GoogleUtilities_GoogleUtilities-AppDelegateSwizzler' in project 'GoogleUtilities' (no dependencies)
    Target 'FirebaseCore' in project 'Firebase'
        ➜ Explicit dependency on target 'Firebase_FirebaseCore' in project 'Firebase'
        ➜ Explicit dependency on target 'Firebase' in project 'Firebase'
        ➜ Explicit dependency on target 'FirebaseCoreInternal' in project 'Firebase'
        ➜ Explicit dependency on target 'GULNSData' in project 'GoogleUtilities'
        ➜ Explicit dependency on target 'GULEnvironment' in project 'GoogleUtilities'
        ➜ Explicit dependency on target 'GULLogger' in project 'GoogleUtilities'
    Target 'GULLogger' in project 'GoogleUtilities'
        ➜ Explicit dependency on target 'GoogleUtilities-Logger' in project 'GoogleUtilities'
        ➜ Explicit dependency on target 'GoogleUtilities_GoogleUtilities-Logger' in project 'GoogleUtilities'
        ➜ Explicit dependency on target 'third-party-IsAppEncrypted' in project 'GoogleUtilities'
        ➜ Explicit dependency on target 'GoogleUtilities-Environment' in project 'GoogleUtilities'
        ➜ Explicit dependency on target 'FBLPromises' in project 'Promises'
    Target 'GoogleUtilities-Logger' in project 'GoogleUtilities'
        ➜ Explicit dependency on target 'GoogleUtilities_GoogleUtilities-Logger' in project 'GoogleUtilities'
        ➜ Explicit dependency on target 'third-party-IsAppEncrypted' in project 'GoogleUtilities'
        ➜ Explicit dependency on target 'GoogleUtilities-Environment' in project 'GoogleUtilities'
        ➜ Explicit dependency on target 'FBLPromises' in project 'Promises'
    Target 'GoogleUtilities_GoogleUtilities-Logger' in project 'GoogleUtilities' (no dependencies)
    Target 'GULEnvironment' in project 'GoogleUtilities'
        ➜ Explicit dependency on target 'GoogleUtilities-Environment' in project 'GoogleUtilities'
        ➜ Explicit dependency on target 'GoogleUtilities_GoogleUtilities-Environment' in project 'GoogleUtilities'
        ➜ Explicit dependency on target 'third-party-IsAppEncrypted' in project 'GoogleUtilities'
        ➜ Explicit dependency on target 'FBLPromises' in project 'Promises'
    Target 'GoogleUtilities-Environment' in project 'GoogleUtilities'
        ➜ Explicit dependency on target 'GoogleUtilities_GoogleUtilities-Environment' in project 'GoogleUtilities'
        ➜ Explicit dependency on target 'third-party-IsAppEncrypted' in project 'GoogleUtilities'
        ➜ Explicit dependency on target 'FBLPromises' in project 'Promises'
    Target 'FBLPromises' in project 'Promises'
        ➜ Explicit dependency on target 'FBLPromises' in project 'Promises'
        ➜ Explicit dependency on target 'Promises_FBLPromises' in project 'Promises'
    Target 'FBLPromises' in project 'Promises'
        ➜ Explicit dependency on target 'Promises_FBLPromises' in project 'Promises'
    Target 'Promises_FBLPromises' in project 'Promises' (no dependencies)
    Target 'third-party-IsAppEncrypted' in project 'GoogleUtilities' (no dependencies)
    Target 'GoogleUtilities_GoogleUtilities-Environment' in project 'GoogleUtilities' (no dependencies)
    Target 'Firebase_FirebaseCore' in project 'Firebase' (no dependencies)
    Target 'FirebaseCoreInternal' in project 'Firebase'
        ➜ Explicit dependency on target 'Firebase_FirebaseCoreInternal' in project 'Firebase'
        ➜ Explicit dependency on target 'GULNSData' in project 'GoogleUtilities'
    Target 'GULNSData' in project 'GoogleUtilities'
        ➜ Explicit dependency on target 'GoogleUtilities-NSData' in project 'GoogleUtilities'
        ➜ Explicit dependency on target 'GoogleUtilities_GoogleUtilities-NSData' in project 'GoogleUtilities'
    Target 'GoogleUtilities-NSData' in project 'GoogleUtilities'
        ➜ Explicit dependency on target 'GoogleUtilities_GoogleUtilities-NSData' in project 'GoogleUtilities'
    Target 'GoogleUtilities_GoogleUtilities-NSData' in project 'GoogleUtilities' (no dependencies)
    Target 'Firebase_FirebaseCoreInternal' in project 'Firebase' (no dependencies)
    Target 'Firebase' in project 'Firebase' (no dependencies)
    Target 'FirebaseAppCheckInterop' in project 'Firebase' (no dependencies)
    Target 'Firebase_FirebaseAuth' in project 'Firebase' (no dependencies)
    Target 'GoogleSignIn' in project 'GoogleSignIn'
        ➜ Explicit dependency on target 'GoogleSignIn' in project 'GoogleSignIn'
        ➜ Explicit dependency on target 'GoogleSignIn_GoogleSignIn' in project 'GoogleSignIn'
        ➜ Explicit dependency on target 'AppAuth' in project 'AppAuth'
        ➜ Explicit dependency on target 'GTMAppAuth' in project 'GTMAppAuth'
        ➜ Explicit dependency on target 'GTMSessionFetcherCore' in project 'GTMSessionFetcher'
    Target 'GoogleSignIn' in project 'GoogleSignIn'
        ➜ Explicit dependency on target 'GoogleSignIn_GoogleSignIn' in project 'GoogleSignIn'
        ➜ Explicit dependency on target 'AppAuth' in project 'AppAuth'
        ➜ Explicit dependency on target 'GTMAppAuth' in project 'GTMAppAuth'
        ➜ Explicit dependency on target 'GTMSessionFetcherCore' in project 'GTMSessionFetcher'
    Target 'GTMAppAuth' in project 'GTMAppAuth'
        ➜ Explicit dependency on target 'GTMAppAuth' in project 'GTMAppAuth'
        ➜ Explicit dependency on target 'GTMAppAuth_GTMAppAuth' in project 'GTMAppAuth'
        ➜ Explicit dependency on target 'GTMSessionFetcherCore' in project 'GTMSessionFetcher'
        ➜ Explicit dependency on target 'AppAuthCore' in project 'AppAuth'
    Target 'GTMAppAuth' in project 'GTMAppAuth'
        ➜ Explicit dependency on target 'GTMAppAuth_GTMAppAuth' in project 'GTMAppAuth'
        ➜ Explicit dependency on target 'GTMSessionFetcherCore' in project 'GTMSessionFetcher'
        ➜ Explicit dependency on target 'AppAuthCore' in project 'AppAuth'
    Target 'AppAuthCore' in project 'AppAuth'
        ➜ Explicit dependency on target 'AppAuthCore' in project 'AppAuth'
        ➜ Explicit dependency on target 'AppAuth_AppAuthCore' in project 'AppAuth'
    Target 'GTMSessionFetcherCore' in project 'GTMSessionFetcher'
        ➜ Explicit dependency on target 'GTMSessionFetcherCore' in project 'GTMSessionFetcher'
        ➜ Explicit dependency on target 'GTMSessionFetcher_GTMSessionFetcherCore' in project 'GTMSessionFetcher'
    Target 'GTMSessionFetcherCore' in project 'GTMSessionFetcher'
        ➜ Explicit dependency on target 'GTMSessionFetcher_GTMSessionFetcherCore' in project 'GTMSessionFetcher'
    Target 'GTMSessionFetcher_GTMSessionFetcherCore' in project 'GTMSessionFetcher' (no dependencies)
    Target 'GTMAppAuth_GTMAppAuth' in project 'GTMAppAuth' (no dependencies)
    Target 'AppAuth' in project 'AppAuth'
        ➜ Explicit dependency on target 'AppAuth' in project 'AppAuth'
        ➜ Explicit dependency on target 'AppAuth_AppAuth' in project 'AppAuth'
        ➜ Explicit dependency on target 'AppAuthCore' in project 'AppAuth'
    Target 'AppAuth' in project 'AppAuth'
        ➜ Explicit dependency on target 'AppAuth_AppAuth' in project 'AppAuth'
        ➜ Explicit dependency on target 'AppAuthCore' in project 'AppAuth'
    Target 'AppAuthCore' in project 'AppAuth'
        ➜ Explicit dependency on target 'AppAuth_AppAuthCore' in project 'AppAuth'
    Target 'AppAuth_AppAuthCore' in project 'AppAuth' (no dependencies)
    Target 'AppAuth_AppAuth' in project 'AppAuth' (no dependencies)
    Target 'GoogleSignIn_GoogleSignIn' in project 'GoogleSignIn' (no dependencies)

GatherProvisioningInputs

CreateBuildDescription

ExecuteExternalTool /Users/hectorgarcia/Downloads/Xcode.app/Contents/Developer/Toolchains/XcodeDefault.xctoolchain/usr/bin/clang -v -E -dM -arch x86_64 -isysroot /Users/hectorgarcia/Downloads/Xcode.app/Contents/Developer/Platforms/iPhoneSimulator.platform/Developer/SDKs/iPhoneSimulator26.2.sdk -x objective-c -c /dev/null

ExecuteExternalTool /Users/hectorgarcia/Downloads/Xcode.app/Contents/Developer/Toolchains/XcodeDefault.xctoolchain/usr/bin/swiftc --version

ExecuteExternalTool /Users/hectorgarcia/Downloads/Xcode.app/Contents/Developer/Toolchains/XcodeDefault.xctoolchain/usr/bin/clang -v -E -dM -isysroot /Users/hectorgarcia/Downloads/Xcode.app/Contents/Developer/Platforms/iPhoneSimulator.platform/Developer/SDKs/iPhoneSimulator26.2.sdk -x c -c /dev/null

ExecuteExternalTool /Users/hectorgarcia/Downloads/Xcode.app/Contents/Developer/usr/bin/actool --print-asset-tag-combinations --output-format xml1 /Users/hectorgarcia/LYO_Da_ONE/Sources/Resources/Assets.xcassets

ExecuteExternalTool /Users/hectorgarcia/Downloads/Xcode.app/Contents/Developer/usr/bin/actool --version --output-format xml1

ExecuteExternalTool /Users/hectorgarcia/Downloads/Xcode.app/Contents/Developer/Toolchains/XcodeDefault.xctoolchain/usr/bin/clang -v -E -dM -arch x86_64 -isysroot /Users/hectorgarcia/Downloads/Xcode.app/Contents/Developer/Platforms/iPhoneSimulator.platform/Developer/SDKs/iPhoneSimulator26.2.sdk -x c -c /dev/null

ExecuteExternalTool /Users/hectorgarcia/Downloads/Xcode.app/Contents/Developer/Toolchains/XcodeDefault.xctoolchain/usr/bin/ld -version_details

ExecuteExternalTool /Users/hectorgarcia/Downloads/Xcode.app/Contents/Developer/Toolchains/XcodeDefault.xctoolchain/usr/bin/clang -v -E -dM -arch x86_64 -isysroot /Users/hectorgarcia/Downloads/Xcode.app/Contents/Developer/Platforms/iPhoneSimulator.platform/Developer/SDKs/iPhoneSimulator26.2.sdk -x objective-c++ -c /dev/null

Build description signature: dd8e65d17aec50cbe37f992fce8689e1
Build description path: /Users/hectorgarcia/Library/Developer/Xcode/DerivedData/Build/Intermediates.noindex/XCBuildData/dd8e65d17aec50cbe37f992fce8689e1.xcbuilddata
ClangStatCache /Users/hectorgarcia/Downloads/Xcode.app/Contents/Developer/Toolchains/XcodeDefault.xctoolchain/usr/bin/clang-stat-cache /Users/hectorgarcia/Downloads/Xcode.app/Contents/Developer/Platforms/iPhoneSimulator.platform/Developer/SDKs/iPhoneSimulator26.2.sdk /Users/hectorgarcia/Library/Developer/Xcode/DerivedData/SDKStatCaches.noindex/iphonesimulator26.2-23C53-823d3e8b6e60bc2018c189d3ca05ba9b.sdkstatcache
    cd /Users/hectorgarcia/LYO_Da_ONE/Lyo.xcodeproj
    /Users/hectorgarcia/Downloads/Xcode.app/Contents/Developer/Toolchains/XcodeDefault.xctoolchain/usr/bin/clang-stat-cache /Users/hectorgarcia/Downloads/Xcode.app/Contents/Developer/Platforms/iPhoneSimulator.platform/Developer/SDKs/iPhoneSimulator26.2.sdk -o /Users/hectorgarcia/Library/Developer/Xcode/DerivedData/SDKStatCaches.noindex/iphonesimulator26.2-23C53-823d3e8b6e60bc2018c189d3ca05ba9b.sdkstatcache

CreateBuildDirectory /Users/hectorgarcia/Library/Developer/Xcode/DerivedData/Build/Products
    cd /Users/hectorgarcia/LYO_Da_ONE/Lyo.xcodeproj
    builtin-create-build-directory /Users/hectorgarcia/Library/Developer/Xcode/DerivedData/Build/Products

CreateBuildDirectory /Users/hectorgarcia/Library/Developer/Xcode/DerivedData/Build/Intermediates.noindex
    cd /Users/hectorgarcia/LYO_Da_ONE/Lyo.xcodeproj
    builtin-create-build-directory /Users/hectorgarcia/Library/Developer/Xcode/DerivedData/Build/Intermediates.noindex

CreateBuildDirectory /Users/hectorgarcia/Library/Developer/Xcode/DerivedData/Build/Intermediates.noindex/ExplicitPrecompiledModules
    cd /Users/hectorgarcia/LYO_Da_ONE/Lyo.xcodeproj
    builtin-create-build-directory /Users/hectorgarcia/Library/Developer/Xcode/DerivedData/Build/Intermediates.noindex/ExplicitPrecompiledModules

CreateBuildDirectory /Users/hectorgarcia/Library/Developer/Xcode/DerivedData/Build/Intermediates.noindex/SwiftExplicitPrecompiledModules
    cd /Users/hectorgarcia/LYO_Da_ONE/Lyo.xcodeproj
    builtin-create-build-directory /Users/hectorgarcia/Library/Developer/Xcode/DerivedData/Build/Intermediates.noindex/SwiftExplicitPrecompiledModules

CreateBuildDirectory /Users/hectorgarcia/Library/Developer/Xcode/DerivedData/Build/Products/Debug-iphonesimulator
    cd /Users/hectorgarcia/LYO_Da_ONE/Lyo.xcodeproj
    builtin-create-build-directory /Users/hectorgarcia/Library/Developer/Xcode/DerivedData/Build/Products/Debug-iphonesimulator

CreateBuildDirectory /Users/hectorgarcia/Library/Developer/Xcode/DerivedData/Build/Intermediates.noindex/EagerLinkingTBDs/Debug-iphonesimulator
    cd /Users/hectorgarcia/LYO_Da_ONE/Lyo.xcodeproj
    builtin-create-build-directory /Users/hectorgarcia/Library/Developer/Xcode/DerivedData/Build/Intermediates.noindex/EagerLinkingTBDs/Debug-iphonesimulator

WriteAuxiliaryFile /Users/hectorgarcia/Library/Developer/Xcode/DerivedData/Build/Intermediates.noindex/Lyo.build/Debug-iphonesimulator/Lyo-bbd64440b6994385d1fe7db0e422d1b1-VFS-iphonesimulator/all-product-headers.yaml
    cd /Users/hectorgarcia/LYO_Da_ONE/Lyo.xcodeproj
    write-file /Users/hectorgarcia/Library/Developer/Xcode/DerivedData/Build/Intermediates.noindex/Lyo.build/Debug-iphonesimulator/Lyo-bbd64440b6994385d1fe7db0e422d1b1-VFS-iphonesimulator/all-product-headers.yaml

CreateBuildDirectory /Users/hectorgarcia/Library/Developer/Xcode/DerivedData/Build/Products/Debug-iphonesimulator/PackageFrameworks
    cd /Users/hectorgarcia/LYO_Da_ONE/Lyo.xcodeproj
    builtin-create-build-directory /Users/hectorgarcia/Library/Developer/Xcode/DerivedData/Build/Products/Debug-iphonesimulator/PackageFrameworks

MkDir /Users/hectorgarcia/Library/Developer/Xcode/DerivedData/Build/Products/Debug-iphonesimulator/Firebase_FirebaseCoreInternal.bundle (in target 'Firebase_FirebaseCoreInternal' from project 'Firebase')
    cd /Users/hectorgarcia/Library/Developer/Xcode/DerivedData/Lyo-eagkiegzrakogpczynhkaholsscs/SourcePackages/checkouts/firebase-ios-sdk
    /bin/mkdir -p /Users/hectorgarcia/Library/Developer/Xcode/DerivedData/Build/Products/Debug-iphonesimulator/Firebase_FirebaseCoreInternal.bundle

MkDir /Users/hectorgarcia/Library/Developer/Xcode/DerivedData/Build/Products/Debug-iphonesimulator/Firebase_FirebaseInstallations.bundle (in target 'Firebase_FirebaseInstallations' from project 'Firebase')
    cd /Users/hectorgarcia/Library/Developer/Xcode/DerivedData/Lyo-eagkiegzrakogpczynhkaholsscs/SourcePackages/checkouts/firebase-ios-sdk
    /bin/mkdir -p /Users/hectorgarcia/Library/Developer/Xcode/DerivedData/Build/Products/Debug-iphonesimulator/Firebase_FirebaseInstallations.bundle

WriteAuxiliaryFile /Users/hectorgarcia/Library/Developer/Xcode/DerivedData/Build/Intermediates.noindex/Firebase.build/Debug-iphonesimulator/Firebase_FirebaseCoreInternal.build/Firebase_FirebaseCoreInternal.DependencyMetadataFileList (in target 'Firebase_FirebaseCoreInternal' from project 'Firebase')
    cd /Users/hectorgarcia/Library/Developer/Xcode/DerivedData/Lyo-eagkiegzrakogpczynhkaholsscs/SourcePackages/checkouts/firebase-ios-sdk
    write-file /Users/hectorgarcia/Library/Developer/Xcode/DerivedData/Build/Intermediates.noindex/Firebase.build/Debug-iphonesimulator/Firebase_FirebaseCoreInternal.build/Firebase_FirebaseCoreInternal.DependencyMetadataFileList

WriteAuxiliaryFile /Users/hectorgarcia/Library/Developer/Xcode/DerivedData/Build/Intermediates.noindex/Firebase.build/Debug-iphonesimulator/Firebase_FirebaseInstallations.build/empty-Firebase_FirebaseInstallations.plist (in target 'Firebase_FirebaseInstallations' from project 'Firebase')
    cd /Users/hectorgarcia/Library/Developer/Xcode/DerivedData/Lyo-eagkiegzrakogpczynhkaholsscs/SourcePackages/checkouts/firebase-ios-sdk
    write-file /Users/hectorgarcia/Library/Developer/Xcode/DerivedData/Build/Intermediates.noindex/Firebase.build/Debug-iphonesimulator/Firebase_FirebaseInstallations.build/empty-Firebase_FirebaseInstallations.plist

WriteAuxiliaryFile /Users/hectorgarcia/Library/Developer/Xcode/DerivedData/Build/Intermediates.noindex/Firebase.build/Debug-iphonesimulator/Firebase_FirebaseInstallations.build/Firebase_FirebaseInstallations.DependencyStaticMetadataFileList (in target 'Firebase_FirebaseInstallations' from project 'Firebase')
    cd /Users/hectorgarcia/Library/Developer/Xcode/DerivedData/Lyo-eagkiegzrakogpczynhkaholsscs/SourcePackages/checkouts/firebase-ios-sdk
    write-file /Users/hectorgarcia/Library/Developer/Xcode/DerivedData/Build/Intermediates.noindex/Firebase.build/Debug-iphonesimulator/Firebase_FirebaseInstallations.build/Firebase_FirebaseInstallations.DependencyStaticMetadataFileList

WriteAuxiliaryFile /Users/hectorgarcia/Library/Developer/Xcode/DerivedData/Build/Intermediates.noindex/Firebase.build/Debug-iphonesimulator/Firebase_FirebaseInstallations.build/Firebase_FirebaseInstallations.DependencyMetadataFileList (in target 'Firebase_FirebaseInstallations' from project 'Firebase')
    cd /Users/hectorgarcia/Library/Developer/Xcode/DerivedData/Lyo-eagkiegzrakogpczynhkaholsscs/SourcePackages/checkouts/firebase-ios-sdk
    write-file /Users/hectorgarcia/Library/Developer/Xcode/DerivedData/Build/Intermediates.noindex/Firebase.build/Debug-iphonesimulator/Firebase_FirebaseInstallations.build/Firebase_FirebaseInstallations.DependencyMetadataFileList

WriteAuxiliaryFile /Users/hectorgarcia/Library/Developer/Xcode/DerivedData/Build/Intermediates.noindex/Firebase.build/Debug-iphonesimulator/Firebase_FirebaseCoreInternal.build/Firebase_FirebaseCoreInternal.DependencyStaticMetadataFileList (in target 'Firebase_FirebaseCoreInternal' from project 'Firebase')
    cd /Users/hectorgarcia/Library/Developer/Xcode/DerivedData/Lyo-eagkiegzrakogpczynhkaholsscs/SourcePackages/checkouts/firebase-ios-sdk
    write-file /Users/hectorgarcia/Library/Developer/Xcode/DerivedData/Build/Intermediates.noindex/Firebase.build/Debug-iphonesimulator/Firebase_FirebaseCoreInternal.build/Firebase_FirebaseCoreInternal.DependencyStaticMetadataFileList

WriteAuxiliaryFile /Users/hectorgarcia/Library/Developer/Xcode/DerivedData/Build/Intermediates.noindex/Firebase.build/Debug-iphonesimulator/Firebase_FirebaseCoreInternal.build/empty-Firebase_FirebaseCoreInternal.plist (in target 'Firebase_FirebaseCoreInternal' from project 'Firebase')
    cd /Users/hectorgarcia/Library/Developer/Xcode/DerivedData/Lyo-eagkiegzrakogpczynhkaholsscs/SourcePackages/checkouts/firebase-ios-sdk
    write-file /Users/hectorgarcia/Library/Developer/Xcode/DerivedData/Build/Intermediates.noindex/Firebase.build/Debug-iphonesimulator/Firebase_FirebaseCoreInternal.build/empty-Firebase_FirebaseCoreInternal.plist

WriteAuxiliaryFile /Users/hectorgarcia/Library/Developer/Xcode/DerivedData/Build/Intermediates.noindex/GoogleUtilities.build/Debug-iphonesimulator/third-party-IsAppEncrypted.build/third-party-IsAppEncrypted.modulemap (in target 'third-party-IsAppEncrypted' from project 'GoogleUtilities')
    cd /Users/hectorgarcia/Library/Developer/Xcode/DerivedData/Lyo-eagkiegzrakogpczynhkaholsscs/SourcePackages/checkouts/GoogleUtilities
    write-file /Users/hectorgarcia/Library/Developer/Xcode/DerivedData/Build/Intermediates.noindex/GoogleUtilities.build/Debug-iphonesimulator/third-party-IsAppEncrypted.build/third-party-IsAppEncrypted.modulemap

WriteAuxiliaryFile /Users/hectorgarcia/Library/Developer/Xcode/DerivedData/Build/Intermediates.noindex/GoogleUtilities.build/Debug-iphonesimulator/third-party-IsAppEncrypted.build/third-party-IsAppEncrypted.DependencyStaticMetadataFileList (in target 'third-party-IsAppEncrypted' from project 'GoogleUtilities')
    cd /Users/hectorgarcia/Library/Developer/Xcode/DerivedData/Lyo-eagkiegzrakogpczynhkaholsscs/SourcePackages/checkouts/GoogleUtilities
    write-file /Users/hectorgarcia/Library/Developer/Xcode/DerivedData/Build/Intermediates.noindex/GoogleUtilities.build/Debug-iphonesimulator/third-party-IsAppEncrypted.build/third-party-IsAppEncrypted.DependencyStaticMetadataFileList

WriteAuxiliaryFile /Users/hectorgarcia/Library/Developer/Xcode/DerivedData/Build/Intermediates.noindex/GoogleUtilities.build/Debug-iphonesimulator/third-party-IsAppEncrypted.build/third-party-IsAppEncrypted.DependencyMetadataFileList (in target 'third-party-IsAppEncrypted' from project 'GoogleUtilities')
    cd /Users/hectorgarcia/Library/Developer/Xcode/DerivedData/Lyo-eagkiegzrakogpczynhkaholsscs/SourcePackages/checkouts/GoogleUtilities
    write-file /Users/hectorgarcia/Library/Developer/Xcode/DerivedData/Build/Intermediates.noindex/GoogleUtilities.build/Debug-iphonesimulator/third-party-IsAppEncrypted.build/third-party-IsAppEncrypted.DependencyMetadataFileList

WriteAuxiliaryFile /Users/hectorgarcia/Library/Developer/Xcode/DerivedData/Build/Intermediates.noindex/GoogleUtilities.build/Debug-iphonesimulator/third-party-IsAppEncrypted.build/Objects-normal/x86_64/e6072d4f65d7061329687fe24e3d63a7-common-args.resp (in target 'third-party-IsAppEncrypted' from project 'GoogleUtilities')
    cd /Users/hectorgarcia/Library/Developer/Xcode/DerivedData/Lyo-eagkiegzrakogpczynhkaholsscs/SourcePackages/checkouts/GoogleUtilities
    write-file /Users/hectorgarcia/Library/Developer/Xcode/DerivedData/Build/Intermediates.noindex/GoogleUtilities.build/Debug-iphonesimulator/third-party-IsAppEncrypted.build/Objects-normal/x86_64/e6072d4f65d7061329687fe24e3d63a7-common-args.resp
-target x86_64-apple-ios12.0-simulator '-std=c99' -fobjc-arc -fmodules -gmodules '-fmodules-cache-path=/Users/hectorgarcia/Library/Developer/Xcode/DerivedData/ModuleCache.noindex' '-fmodule-name=third_party_IsAppEncrypted' -fpascal-strings -O0 -DSWIFT_PACKAGE '-DDEBUG=1' '-DOBJC_OLD_DISPATCH_PROTOTYPES=1' -isysroot /Users/hectorgarcia/Downloads/Xcode.app/Contents/Developer/Platforms/iPhoneSimulator.platform/Developer/SDKs/iPhoneSimulator26.2.sdk -fasm-blocks -g '-fobjc-abi-version=2' -fobjc-legacy-dispatch -I/Users/hectorgarcia/Library/Developer/Xcode/DerivedData/Build/Products/Debug-iphonesimulator/include -I/Users/hectorgarcia/Library/Developer/Xcode/DerivedData/Lyo-eagkiegzrakogpczynhkaholsscs/SourcePackages/checkouts/GoogleUtilities/third_party/IsAppEncrypted/Public -I/Users/hectorgarcia/Library/Developer/Xcode/DerivedData/Lyo-eagkiegzrakogpczynhkaholsscs/SourcePackages/checkouts/GoogleUtilities -I/Users/hectorgarcia/Library/Developer/Xcode/DerivedData/Build/Intermediates.noindex/GoogleUtilities.build/Debug-iphonesimulator/third-party-IsAppEncrypted.build/DerivedSources-normal/x86_64 -I/Users/hectorgarcia/Library/Developer/Xcode/DerivedData/Build/Intermediates.noindex/GoogleUtilities.build/Debug-iphonesimulator/third-party-IsAppEncrypted.build/DerivedSources/x86_64 -I/Users/hectorgarcia/Library/Developer/Xcode/DerivedData/Build/Intermediates.noindex/GoogleUtilities.build/Debug-iphonesimulator/third-party-IsAppEncrypted.build/DerivedSources -F/Users/hectorgarcia/Library/Developer/Xcode/DerivedData/Build/Products/Debug-iphonesimulator -iframework /Users/hectorgarcia/Downloads/Xcode.app/Contents/Developer/Platforms/iPhoneSimulator.platform/Developer/Library/Frameworks -iframework /Users/hectorgarcia/Downloads/Xcode.app/Contents/Developer/Platforms/iPhoneSimulator.platform/Developer/SDKs/iPhoneSimulator26.2.sdk/Developer/Library/Frameworks -DXcode
WriteAuxiliaryFile /Users/hectorgarcia/Library/Developer/Xcode/DerivedData/Build/Intermediates.noindex/GoogleUtilities.build/Debug-iphonesimulator/third-party-IsAppEncrypted.build/Objects-normal/x86_64/third-party-IsAppEncrypted.LinkFileList (in target 'third-party-IsAppEncrypted' from project 'GoogleUtilities')
    cd /Users/hectorgarcia/Library/Developer/Xcode/DerivedData/Lyo-eagkiegzrakogpczynhkaholsscs/SourcePackages/checkouts/GoogleUtilities
    write-file /Users/hectorgarcia/Library/Developer/Xcode/DerivedData/Build/Intermediates.noindex/GoogleUtilities.build/Debug-iphonesimulator/third-party-IsAppEncrypted.build/Objects-normal/x86_64/third-party-IsAppEncrypted.LinkFileList

WriteAuxiliaryFile /Users/hectorgarcia/Library/Developer/Xcode/DerivedData/Build/Intermediates.noindex/nanopb.build/Debug-iphonesimulator/nanopb_nanopb.build/nanopb_nanopb.DependencyMetadataFileList (in target 'nanopb_nanopb' from project 'nanopb')
    cd /Users/hectorgarcia/Library/Developer/Xcode/DerivedData/Lyo-eagkiegzrakogpczynhkaholsscs/SourcePackages/checkouts/nanopb
    write-file /Users/hectorgarcia/Library/Developer/Xcode/DerivedData/Build/Intermediates.noindex/nanopb.build/Debug-iphonesimulator/nanopb_nanopb.build/nanopb_nanopb.DependencyMetadataFileList

WriteAuxiliaryFile /Users/hectorgarcia/Library/Developer/Xcode/DerivedData/Build/Intermediates.noindex/nanopb.build/Debug-iphonesimulator/nanopb.build/nanopb.modulemap (in target 'nanopb' from project 'nanopb')
    cd /Users/hectorgarcia/Library/Developer/Xcode/DerivedData/Lyo-eagkiegzrakogpczynhkaholsscs/SourcePackages/checkouts/nanopb
    write-file /Users/hectorgarcia/Library/Developer/Xcode/DerivedData/Build/Intermediates.noindex/nanopb.build/Debug-iphonesimulator/nanopb.build/nanopb.modulemap

WriteAuxiliaryFile /Users/hectorgarcia/Library/Developer/Xcode/DerivedData/Build/Intermediates.noindex/nanopb.build/Debug-iphonesimulator/nanopb_nanopb.build/nanopb_nanopb.DependencyStaticMetadataFileList (in target 'nanopb_nanopb' from project 'nanopb')
    cd /Users/hectorgarcia/Library/Developer/Xcode/DerivedData/Lyo-eagkiegzrakogpczynhkaholsscs/SourcePackages/checkouts/nanopb
    write-file /Users/hectorgarcia/Library/Developer/Xcode/DerivedData/Build/Intermediates.noindex/nanopb.build/Debug-iphonesimulator/nanopb_nanopb.build/nanopb_nanopb.DependencyStaticMetadataFileList

WriteAuxiliaryFile /Users/hectorgarcia/Library/Developer/Xcode/DerivedData/Build/Intermediates.noindex/nanopb.build/Debug-iphonesimulator/nanopb_nanopb.build/empty-nanopb_nanopb.plist (in target 'nanopb_nanopb' from project 'nanopb')
    cd /Users/hectorgarcia/Library/Developer/Xcode/DerivedData/Lyo-eagkiegzrakogpczynhkaholsscs/SourcePackages/checkouts/nanopb
    write-file /Users/hectorgarcia/Library/Developer/Xcode/DerivedData/Build/Intermediates.noindex/nanopb.build/Debug-iphonesimulator/nanopb_nanopb.build/empty-nanopb_nanopb.plist

WriteAuxiliaryFile /Users/hectorgarcia/Library/Developer/Xcode/DerivedData/Build/Intermediates.noindex/nanopb.build/Debug-iphonesimulator/nanopb.build/nanopb.DependencyStaticMetadataFileList (in target 'nanopb' from project 'nanopb')
    cd /Users/hectorgarcia/Library/Developer/Xcode/DerivedData/Lyo-eagkiegzrakogpczynhkaholsscs/SourcePackages/checkouts/nanopb
    write-file /Users/hectorgarcia/Library/Developer/Xcode/DerivedData/Build/Intermediates.noindex/nanopb.build/Debug-iphonesimulator/nanopb.build/nanopb.DependencyStaticMetadataFileList

Copy /Users/hectorgarcia/Library/Developer/Xcode/DerivedData/Build/Intermediates.noindex/GeneratedModuleMaps-iphonesimulator/third-party-IsAppEncrypted.modulemap /Users/hectorgarcia/Library/Developer/Xcode/DerivedData/Build/Intermediates.noindex/GoogleUtilities.build/Debug-iphonesimulator/third-party-IsAppEncrypted.build/third-party-IsAppEncrypted.modulemap (in target 'third-party-IsAppEncrypted' from project 'GoogleUtilities')
    cd /Users/hectorgarcia/Library/Developer/Xcode/DerivedData/Lyo-eagkiegzrakogpczynhkaholsscs/SourcePackages/checkouts/GoogleUtilities
    builtin-copy -exclude .DS_Store -exclude CVS -exclude .svn -exclude .git -exclude .hg -resolve-src-symlinks /Users/hectorgarcia/Library/Developer/Xcode/DerivedData/Build/Intermediates.noindex/GoogleUtilities.build/Debug-iphonesimulator/third-party-IsAppEncrypted.build/third-party-IsAppEncrypted.modulemap /Users/hectorgarcia/Library/Developer/Xcode/DerivedData/Build/Intermediates.noindex/GeneratedModuleMaps-iphonesimulator

WriteAuxiliaryFile /Users/hectorgarcia/Library/Developer/Xcode/DerivedData/Build/Intermediates.noindex/nanopb.build/Debug-iphonesimulator/nanopb.build/nanopb.DependencyMetadataFileList (in target 'nanopb' from project 'nanopb')
    cd /Users/hectorgarcia/Library/Developer/Xcode/DerivedData/Lyo-eagkiegzrakogpczynhkaholsscs/SourcePackages/checkouts/nanopb
    write-file /Users/hectorgarcia/Library/Developer/Xcode/DerivedData/Build/Intermediates.noindex/nanopb.build/Debug-iphonesimulator/nanopb.build/nanopb.DependencyMetadataFileList

WriteAuxiliaryFile /Users/hectorgarcia/Library/Developer/Xcode/DerivedData/Build/Intermediates.noindex/nanopb.build/Debug-iphonesimulator/nanopb.build/Objects-normal/x86_64/nanopb.LinkFileList (in target 'nanopb' from project 'nanopb')
    cd /Users/hectorgarcia/Library/Developer/Xcode/DerivedData/Lyo-eagkiegzrakogpczynhkaholsscs/SourcePackages/checkouts/nanopb
    write-file /Users/hectorgarcia/Library/Developer/Xcode/DerivedData/Build/Intermediates.noindex/nanopb.build/Debug-iphonesimulator/nanopb.build/Objects-normal/x86_64/nanopb.LinkFileList

WriteAuxiliaryFile /Users/hectorgarcia/Library/Developer/Xcode/DerivedData/Build/Intermediates.noindex/nanopb.build/Debug-iphonesimulator/nanopb.build/Objects-normal/x86_64/e6072d4f65d7061329687fe24e3d63a7-common-args.resp (in target 'nanopb' from project 'nanopb')
    cd /Users/hectorgarcia/Library/Developer/Xcode/DerivedData/Lyo-eagkiegzrakogpczynhkaholsscs/SourcePackages/checkouts/nanopb
    write-file /Users/hectorgarcia/Library/Developer/Xcode/DerivedData/Build/Intermediates.noindex/nanopb.build/Debug-iphonesimulator/nanopb.build/Objects-normal/x86_64/e6072d4f65d7061329687fe24e3d63a7-common-args.resp
-target x86_64-apple-ios12.0-simulator -fobjc-arc -fmodules -gmodules '-fmodules-cache-path=/Users/hectorgarcia/Library/Developer/Xcode/DerivedData/ModuleCache.noindex' '-fmodule-name=nanopb' -fpascal-strings -O0 -DSWIFT_PACKAGE '-DDEBUG=1' '-DPB_FIELD_32BIT=1' '-DPB_NO_PACKED_STRUCTS=1' '-DPB_ENABLE_MALLOC=1' '-DOBJC_OLD_DISPATCH_PROTOTYPES=1' -isysroot /Users/hectorgarcia/Downloads/Xcode.app/Contents/Developer/Platforms/iPhoneSimulator.platform/Developer/SDKs/iPhoneSimulator26.2.sdk -fasm-blocks -g '-fobjc-abi-version=2' -fobjc-legacy-dispatch -I/Users/hectorgarcia/Library/Developer/Xcode/DerivedData/Build/Products/Debug-iphonesimulator/include -I/Users/hectorgarcia/Library/Developer/Xcode/DerivedData/Lyo-eagkiegzrakogpczynhkaholsscs/SourcePackages/checkouts/nanopb/spm_headers -I/Users/hectorgarcia/Library/Developer/Xcode/DerivedData/Build/Intermediates.noindex/nanopb.build/Debug-iphonesimulator/nanopb.build/DerivedSources-normal/x86_64 -I/Users/hectorgarcia/Library/Developer/Xcode/DerivedData/Build/Intermediates.noindex/nanopb.build/Debug-iphonesimulator/nanopb.build/DerivedSources/x86_64 -I/Users/hectorgarcia/Library/Developer/Xcode/DerivedData/Build/Intermediates.noindex/nanopb.build/Debug-iphonesimulator/nanopb.build/DerivedSources -F/Users/hectorgarcia/Library/Developer/Xcode/DerivedData/Build/Products/Debug-iphonesimulator -iframework /Users/hectorgarcia/Downloads/Xcode.app/Contents/Developer/Platforms/iPhoneSimulator.platform/Developer/Library/Frameworks -iframework /Users/hectorgarcia/Downloads/Xcode.app/Contents/Developer/Platforms/iPhoneSimulator.platform/Developer/SDKs/iPhoneSimulator26.2.sdk/Developer/Library/Frameworks -DXcode

WriteAuxiliaryFile /Users/hectorgarcia/Library/Developer/Xcode/DerivedData/Build/Intermediates.noindex/nanopb.build/Debug-iphonesimulator/nanopb.build/Objects-normal/x86_64/7187679823f38a2a940e0043cdf9d637-common-args.resp (in target 'nanopb' from project 'nanopb')
    cd /Users/hectorgarcia/Library/Developer/Xcode/DerivedData/Lyo-eagkiegzrakogpczynhkaholsscs/SourcePackages/checkouts/nanopb
    write-file /Users/hectorgarcia/Library/Developer/Xcode/DerivedData/Build/Intermediates.noindex/nanopb.build/Debug-iphonesimulator/nanopb.build/Objects-normal/x86_64/7187679823f38a2a940e0043cdf9d637-common-args.resp
-target x86_64-apple-ios12.0-simulator -fmodules -gmodules '-fmodules-cache-path=/Users/hectorgarcia/Library/Developer/Xcode/DerivedData/ModuleCache.noindex' '-fmodule-name=nanopb' -fpascal-strings -O0 -DSWIFT_PACKAGE '-DDEBUG=1' '-DPB_FIELD_32BIT=1' '-DPB_NO_PACKED_STRUCTS=1' '-DPB_ENABLE_MALLOC=1' -isysroot /Users/hectorgarcia/Downloads/Xcode.app/Contents/Developer/Platforms/iPhoneSimulator.platform/Developer/SDKs/iPhoneSimulator26.2.sdk -fasm-blocks -g -I/Users/hectorgarcia/Library/Developer/Xcode/DerivedData/Build/Products/Debug-iphonesimulator/include -I/Users/hectorgarcia/Library/Developer/Xcode/DerivedData/Lyo-eagkiegzrakogpczynhkaholsscs/SourcePackages/checkouts/nanopb/spm_headers -I/Users/hectorgarcia/Library/Developer/Xcode/DerivedData/Build/Intermediates.noindex/nanopb.build/Debug-iphonesimulator/nanopb.build/DerivedSources-normal/x86_64 -I/Users/hectorgarcia/Library/Developer/Xcode/DerivedData/Build/Intermediates.noindex/nanopb.build/Debug-iphonesimulator/nanopb.build/DerivedSources/x86_64 -I/Users/hectorgarcia/Library/Developer/Xcode/DerivedData/Build/Intermediates.noindex/nanopb.build/Debug-iphonesimulator/nanopb.build/DerivedSources -F/Users/hectorgarcia/Library/Developer/Xcode/DerivedData/Build/Products/Debug-iphonesimulator -iframework /Users/hectorgarcia/Downloads/Xcode.app/Contents/Developer/Platforms/iPhoneSimulator.platform/Developer/Library/Frameworks -iframework /Users/hectorgarcia/Downloads/Xcode.app/Contents/Developer/Platforms/iPhoneSimulator.platform/Developer/SDKs/iPhoneSimulator26.2.sdk/Developer/Library/Frameworks -DXcode

WriteAuxiliaryFile /Users/hectorgarcia/Library/Developer/Xcode/DerivedData/Build/Intermediates.noindex/nanopb.build/Debug-iphonesimulator/nanopb.build/DerivedSources/resource_bundle_accessor.h (in target 'nanopb' from project 'nanopb')
    cd /Users/hectorgarcia/Library/Developer/Xcode/DerivedData/Lyo-eagkiegzrakogpczynhkaholsscs/SourcePackages/checkouts/nanopb
    write-file /Users/hectorgarcia/Library/Developer/Xcode/DerivedData/Build/Intermediates.noindex/nanopb.build/Debug-iphonesimulator/nanopb.build/DerivedSources/resource_bundle_accessor.h

WriteAuxiliaryFile /Users/hectorgarcia/Library/Developer/Xcode/DerivedData/Build/Intermediates.noindex/nanopb.build/Debug-iphonesimulator/nanopb.build/DerivedSources/resource_bundle_accessor.m (in target 'nanopb' from project 'nanopb')
    cd /Users/hectorgarcia/Library/Developer/Xcode/DerivedData/Lyo-eagkiegzrakogpczynhkaholsscs/SourcePackages/checkouts/nanopb
    write-file /Users/hectorgarcia/Library/Developer/Xcode/DerivedData/Build/Intermediates.noindex/nanopb.build/Debug-iphonesimulator/nanopb.build/DerivedSources/resource_bundle_accessor.m

Copy /Users/hectorgarcia/Library/Developer/Xcode/DerivedData/Build/Intermediates.noindex/GeneratedModuleMaps-iphonesimulator/nanopb.modulemap /Users/hectorgarcia/Library/Developer/Xcode/DerivedData/Build/Intermediates.noindex/nanopb.build/Debug-iphonesimulator/nanopb.build/nanopb.modulemap (in target 'nanopb' from project 'nanopb')
    cd /Users/hectorgarcia/Library/Developer/Xcode/DerivedData/Lyo-eagkiegzrakogpczynhkaholsscs/SourcePackages/checkouts/nanopb
    builtin-copy -exclude .DS_Store -exclude CVS -exclude .svn -exclude .git -exclude .hg -resolve-src-symlinks /Users/hectorgarcia/Library/Developer/Xcode/DerivedData/Build/Intermediates.noindex/nanopb.build/Debug-iphonesimulator/nanopb.build/nanopb.modulemap /Users/hectorgarcia/Library/Developer/Xcode/DerivedData/Build/Intermediates.noindex/GeneratedModuleMaps-iphonesimulator

WriteAuxiliaryFile /Users/hectorgarcia/Library/Developer/Xcode/DerivedData/Build/Intermediates.noindex/InteropForGoogle.build/Debug-iphonesimulator/RecaptchaInterop.build/RecaptchaInterop.modulemap (in target 'RecaptchaInterop' from project 'InteropForGoogle')
    cd /Users/hectorgarcia/Library/Developer/Xcode/DerivedData/Lyo-eagkiegzrakogpczynhkaholsscs/SourcePackages/checkouts/interop-ios-for-google-sdks
    write-file /Users/hectorgarcia/Library/Developer/Xcode/DerivedData/Build/Intermediates.noindex/InteropForGoogle.build/Debug-iphonesimulator/RecaptchaInterop.build/RecaptchaInterop.modulemap

WriteAuxiliaryFile /Users/hectorgarcia/Library/Developer/Xcode/DerivedData/Build/Intermediates.noindex/InteropForGoogle.build/Debug-iphonesimulator/RecaptchaInterop.build/RecaptchaInterop.DependencyStaticMetadataFileList (in target 'RecaptchaInterop' from project 'InteropForGoogle')
    cd /Users/hectorgarcia/Library/Developer/Xcode/DerivedData/Lyo-eagkiegzrakogpczynhkaholsscs/SourcePackages/checkouts/interop-ios-for-google-sdks
    write-file /Users/hectorgarcia/Library/Developer/Xcode/DerivedData/Build/Intermediates.noindex/InteropForGoogle.build/Debug-iphonesimulator/RecaptchaInterop.build/RecaptchaInterop.DependencyStaticMetadataFileList

WriteAuxiliaryFile /Users/hectorgarcia/Library/Developer/Xcode/DerivedData/Build/Intermediates.noindex/InteropForGoogle.build/Debug-iphonesimulator/RecaptchaInterop.build/RecaptchaInterop.DependencyMetadataFileList (in target 'RecaptchaInterop' from project 'InteropForGoogle')
    cd /Users/hectorgarcia/Library/Developer/Xcode/DerivedData/Lyo-eagkiegzrakogpczynhkaholsscs/SourcePackages/checkouts/interop-ios-for-google-sdks
    write-file /Users/hectorgarcia/Library/Developer/Xcode/DerivedData/Build/Intermediates.noindex/InteropForGoogle.build/Debug-iphonesimulator/RecaptchaInterop.build/RecaptchaInterop.DependencyMetadataFileList

WriteAuxiliaryFile /Users/hectorgarcia/Library/Developer/Xcode/DerivedData/Build/Intermediates.noindex/InteropForGoogle.build/Debug-iphonesimulator/RecaptchaInterop.build/Objects-normal/x86_64/RecaptchaInterop.LinkFileList (in target 'RecaptchaInterop' from project 'InteropForGoogle')
    cd /Users/hectorgarcia/Library/Developer/Xcode/DerivedData/Lyo-eagkiegzrakogpczynhkaholsscs/SourcePackages/checkouts/interop-ios-for-google-sdks
    write-file /Users/hectorgarcia/Library/Developer/Xcode/DerivedData/Build/Intermediates.noindex/InteropForGoogle.build/Debug-iphonesimulator/RecaptchaInterop.build/Objects-normal/x86_64/RecaptchaInterop.LinkFileList

WriteAuxiliaryFile /Users/hectorgarcia/Library/Developer/Xcode/DerivedData/Build/Intermediates.noindex/InteropForGoogle.build/Debug-iphonesimulator/RecaptchaInterop.build/Objects-normal/x86_64/e6072d4f65d7061329687fe24e3d63a7-common-args.resp (in target 'RecaptchaInterop' from project 'InteropForGoogle')
    cd /Users/hectorgarcia/Library/Developer/Xcode/DerivedData/Lyo-eagkiegzrakogpczynhkaholsscs/SourcePackages/checkouts/interop-ios-for-google-sdks
    write-file /Users/hectorgarcia/Library/Developer/Xcode/DerivedData/Build/Intermediates.noindex/InteropForGoogle.build/Debug-iphonesimulator/RecaptchaInterop.build/Objects-normal/x86_64/e6072d4f65d7061329687fe24e3d63a7-common-args.resp
-target x86_64-apple-ios12.0-simulator -fobjc-arc -fmodules -gmodules '-fmodules-cache-path=/Users/hectorgarcia/Library/Developer/Xcode/DerivedData/ModuleCache.noindex' '-fmodule-name=RecaptchaInterop' -fpascal-strings -O0 -DSWIFT_PACKAGE '-DDEBUG=1' '-DOBJC_OLD_DISPATCH_PROTOTYPES=1' -isysroot /Users/hectorgarcia/Downloads/Xcode.app/Contents/Developer/Platforms/iPhoneSimulator.platform/Developer/SDKs/iPhoneSimulator26.2.sdk -fasm-blocks -g '-fobjc-abi-version=2' -fobjc-legacy-dispatch -I/Users/hectorgarcia/Library/Developer/Xcode/DerivedData/Build/Products/Debug-iphonesimulator/include -I/Users/hectorgarcia/Library/Developer/Xcode/DerivedData/Lyo-eagkiegzrakogpczynhkaholsscs/SourcePackages/checkouts/interop-ios-for-google-sdks/RecaptchaEnterprise/RecaptchaInterop/Public -I/Users/hectorgarcia/Library/Developer/Xcode/DerivedData/Build/Intermediates.noindex/InteropForGoogle.build/Debug-iphonesimulator/RecaptchaInterop.build/DerivedSources-normal/x86_64 -I/Users/hectorgarcia/Library/Developer/Xcode/DerivedData/Build/Intermediates.noindex/InteropForGoogle.build/Debug-iphonesimulator/RecaptchaInterop.build/DerivedSources/x86_64 -I/Users/hectorgarcia/Library/Developer/Xcode/DerivedData/Build/Intermediates.noindex/InteropForGoogle.build/Debug-iphonesimulator/RecaptchaInterop.build/DerivedSources -F/Users/hectorgarcia/Library/Developer/Xcode/DerivedData/Build/Products/Debug-iphonesimulator -iframework /Users/hectorgarcia/Downloads/Xcode.app/Contents/Developer/Platforms/iPhoneSimulator.platform/Developer/Library/Frameworks -iframework /Users/hectorgarcia/Downloads/Xcode.app/Contents/Developer/Platforms/iPhoneSimulator.platform/Developer/SDKs/iPhoneSimulator26.2.sdk/Developer/Library/Frameworks -DXcode

WriteAuxiliaryFile /Users/hectorgarcia/Library/Developer/Xcode/DerivedData/Build/Intermediates.noindex/Promises.build/Debug-iphonesimulator/Promises_Promises.build/empty-Promises_Promises.plist (in target 'Promises_Promises' from project 'Promises')
    cd /Users/hectorgarcia/Library/Developer/Xcode/DerivedData/Lyo-eagkiegzrakogpczynhkaholsscs/SourcePackages/checkouts/promises
    write-file /Users/hectorgarcia/Library/Developer/Xcode/DerivedData/Build/Intermediates.noindex/Promises.build/Debug-iphonesimulator/Promises_Promises.build/empty-Promises_Promises.plist

WriteAuxiliaryFile /Users/hectorgarcia/Library/Developer/Xcode/DerivedData/Build/Intermediates.noindex/Promises.build/Debug-iphonesimulator/Promises_Promises.build/Promises_Promises.DependencyStaticMetadataFileList (in target 'Promises_Promises' from project 'Promises')
    cd /Users/hectorgarcia/Library/Developer/Xcode/DerivedData/Lyo-eagkiegzrakogpczynhkaholsscs/SourcePackages/checkouts/promises
    write-file /Users/hectorgarcia/Library/Developer/Xcode/DerivedData/Build/Intermediates.noindex/Promises.build/Debug-iphonesimulator/Promises_Promises.build/Promises_Promises.DependencyStaticMetadataFileList

WriteAuxiliaryFile /Users/hectorgarcia/Library/Developer/Xcode/DerivedData/Build/Intermediates.noindex/Promises.build/Debug-iphonesimulator/Promises_Promises.build/Promises_Promises.DependencyMetadataFileList (in target 'Promises_Promises' from project 'Promises')
    cd /Users/hectorgarcia/Library/Developer/Xcode/DerivedData/Lyo-eagkiegzrakogpczynhkaholsscs/SourcePackages/checkouts/promises
    write-file /Users/hectorgarcia/Library/Developer/Xcode/DerivedData/Build/Intermediates.noindex/Promises.build/Debug-iphonesimulator/Promises_Promises.build/Promises_Promises.DependencyMetadataFileList

Copy /Users/hectorgarcia/Library/Developer/Xcode/DerivedData/Build/Intermediates.noindex/GeneratedModuleMaps-iphonesimulator/RecaptchaInterop.modulemap /Users/hectorgarcia/Library/Developer/Xcode/DerivedData/Build/Intermediates.noindex/InteropForGoogle.build/Debug-iphonesimulator/RecaptchaInterop.build/RecaptchaInterop.modulemap (in target 'RecaptchaInterop' from project 'InteropForGoogle')
    cd /Users/hectorgarcia/Library/Developer/Xcode/DerivedData/Lyo-eagkiegzrakogpczynhkaholsscs/SourcePackages/checkouts/interop-ios-for-google-sdks
    builtin-copy -exclude .DS_Store -exclude CVS -exclude .svn -exclude .git -exclude .hg -resolve-src-symlinks /Users/hectorgarcia/Library/Developer/Xcode/DerivedData/Build/Intermediates.noindex/InteropForGoogle.build/Debug-iphonesimulator/RecaptchaInterop.build/RecaptchaInterop.modulemap /Users/hectorgarcia/Library/Developer/Xcode/DerivedData/Build/Intermediates.noindex/GeneratedModuleMaps-iphonesimulator

WriteAuxiliaryFile /Users/hectorgarcia/Library/Developer/Xcode/DerivedData/Build/Intermediates.noindex/Promises.build/Debug-iphonesimulator/Promises_FBLPromises.build/empty-Promises_FBLPromises.plist (in target 'Promises_FBLPromises' from project 'Promises')
    cd /Users/hectorgarcia/Library/Developer/Xcode/DerivedData/Lyo-eagkiegzrakogpczynhkaholsscs/SourcePackages/checkouts/promises
    write-file /Users/hectorgarcia/Library/Developer/Xcode/DerivedData/Build/Intermediates.noindex/Promises.build/Debug-iphonesimulator/Promises_FBLPromises.build/empty-Promises_FBLPromises.plist

WriteAuxiliaryFile /Users/hectorgarcia/Library/Developer/Xcode/DerivedData/Build/Intermediates.noindex/Promises.build/Debug-iphonesimulator/Promises_FBLPromises.build/Promises_FBLPromises.DependencyStaticMetadataFileList (in target 'Promises_FBLPromises' from project 'Promises')
    cd /Users/hectorgarcia/Library/Developer/Xcode/DerivedData/Lyo-eagkiegzrakogpczynhkaholsscs/SourcePackages/checkouts/promises
    write-file /Users/hectorgarcia/Library/Developer/Xcode/DerivedData/Build/Intermediates.noindex/Promises.build/Debug-iphonesimulator/Promises_FBLPromises.build/Promises_FBLPromises.DependencyStaticMetadataFileList

WriteAuxiliaryFile /Users/hectorgarcia/Library/Developer/Xcode/DerivedData/Build/Intermediates.noindex/Promises.build/Debug-iphonesimulator/Promises_FBLPromises.build/Promises_FBLPromises.DependencyMetadataFileList (in target 'Promises_FBLPromises' from project 'Promises')
    cd /Users/hectorgarcia/Library/Developer/Xcode/DerivedData/Lyo-eagkiegzrakogpczynhkaholsscs/SourcePackages/checkouts/promises
    write-file /Users/hectorgarcia/Library/Developer/Xcode/DerivedData/Build/Intermediates.noindex/Promises.build/Debug-iphonesimulator/Promises_FBLPromises.build/Promises_FBLPromises.DependencyMetadataFileList

WriteAuxiliaryFile /Users/hectorgarcia/Library/Developer/Xcode/DerivedData/Build/Intermediates.noindex/Promises.build/Debug-iphonesimulator/Promises.build/Promises.modulemap (in target 'Promises' from project 'Promises')
    cd /Users/hectorgarcia/Library/Developer/Xcode/DerivedData/Lyo-eagkiegzrakogpczynhkaholsscs/SourcePackages/checkouts/promises
    write-file /Users/hectorgarcia/Library/Developer/Xcode/DerivedData/Build/Intermediates.noindex/Promises.build/Debug-iphonesimulator/Promises.build/Promises.modulemap

WriteAuxiliaryFile /Users/hectorgarcia/Library/Developer/Xcode/DerivedData/Build/Intermediates.noindex/Promises.build/Debug-iphonesimulator/Promises.build/Promises.DependencyStaticMetadataFileList (in target 'Promises' from project 'Promises')
    cd /Users/hectorgarcia/Library/Developer/Xcode/DerivedData/Lyo-eagkiegzrakogpczynhkaholsscs/SourcePackages/checkouts/promises
    write-file /Users/hectorgarcia/Library/Developer/Xcode/DerivedData/Build/Intermediates.noindex/Promises.build/Debug-iphonesimulator/Promises.build/Promises.DependencyStaticMetadataFileList

WriteAuxiliaryFile /Users/hectorgarcia/Library/Developer/Xcode/DerivedData/Build/Intermediates.noindex/Promises.build/Debug-iphonesimulator/Promises.build/Promises.DependencyMetadataFileList (in target 'Promises' from project 'Promises')
    cd /Users/hectorgarcia/Library/Developer/Xcode/DerivedData/Lyo-eagkiegzrakogpczynhkaholsscs/SourcePackages/checkouts/promises
    write-file /Users/hectorgarcia/Library/Developer/Xcode/DerivedData/Build/Intermediates.noindex/Promises.build/Debug-iphonesimulator/Promises.build/Promises.DependencyMetadataFileList

WriteAuxiliaryFile /Users/hectorgarcia/Library/Developer/Xcode/DerivedData/Build/Intermediates.noindex/Promises.build/Debug-iphonesimulator/Promises.build/Objects-normal/x86_64/Promises_const_extract_protocols.json (in target 'Promises' from project 'Promises')
    cd /Users/hectorgarcia/Library/Developer/Xcode/DerivedData/Lyo-eagkiegzrakogpczynhkaholsscs/SourcePackages/checkouts/promises
    write-file /Users/hectorgarcia/Library/Developer/Xcode/DerivedData/Build/Intermediates.noindex/Promises.build/Debug-iphonesimulator/Promises.build/Objects-normal/x86_64/Promises_const_extract_protocols.json

WriteAuxiliaryFile /Users/hectorgarcia/Library/Developer/Xcode/DerivedData/Build/Intermediates.noindex/Promises.build/Debug-iphonesimulator/Promises.build/Objects-normal/x86_64/Promises.SwiftFileList (in target 'Promises' from project 'Promises')
    cd /Users/hectorgarcia/Library/Developer/Xcode/DerivedData/Lyo-eagkiegzrakogpczynhkaholsscs/SourcePackages/checkouts/promises
    write-file /Users/hectorgarcia/Library/Developer/Xcode/DerivedData/Build/Intermediates.noindex/Promises.build/Debug-iphonesimulator/Promises.build/Objects-normal/x86_64/Promises.SwiftFileList

WriteAuxiliaryFile /Users/hectorgarcia/Library/Developer/Xcode/DerivedData/Build/Intermediates.noindex/Promises.build/Debug-iphonesimulator/Promises.build/Objects-normal/x86_64/Promises.SwiftConstValuesFileList (in target 'Promises' from project 'Promises')
    cd /Users/hectorgarcia/Library/Developer/Xcode/DerivedData/Lyo-eagkiegzrakogpczynhkaholsscs/SourcePackages/checkouts/promises
    write-file /Users/hectorgarcia/Library/Developer/Xcode/DerivedData/Build/Intermediates.noindex/Promises.build/Debug-iphonesimulator/Promises.build/Objects-normal/x86_64/Promises.SwiftConstValuesFileList

WriteAuxiliaryFile /Users/hectorgarcia/Library/Developer/Xcode/DerivedData/Build/Intermediates.noindex/Promises.build/Debug-iphonesimulator/Promises.build/Objects-normal/x86_64/Promises.LinkFileList (in target 'Promises' from project 'Promises')
    cd /Users/hectorgarcia/Library/Developer/Xcode/DerivedData/Lyo-eagkiegzrakogpczynhkaholsscs/SourcePackages/checkouts/promises
    write-file /Users/hectorgarcia/Library/Developer/Xcode/DerivedData/Build/Intermediates.noindex/Promises.build/Debug-iphonesimulator/Promises.build/Objects-normal/x86_64/Promises.LinkFileList

WriteAuxiliaryFile /Users/hectorgarcia/Library/Developer/Xcode/DerivedData/Build/Intermediates.noindex/Promises.build/Debug-iphonesimulator/Promises.build/Objects-normal/x86_64/Promises-OutputFileMap.json (in target 'Promises' from project 'Promises')
    cd /Users/hectorgarcia/Library/Developer/Xcode/DerivedData/Lyo-eagkiegzrakogpczynhkaholsscs/SourcePackages/checkouts/promises
    write-file /Users/hectorgarcia/Library/Developer/Xcode/DerivedData/Build/Intermediates.noindex/Promises.build/Debug-iphonesimulator/Promises.build/Objects-normal/x86_64/Promises-OutputFileMap.json

WriteAuxiliaryFile /Users/hectorgarcia/Library/Developer/Xcode/DerivedData/Build/Intermediates.noindex/Promises.build/Debug-iphonesimulator/Promises.build/DerivedSources/resource_bundle_accessor.swift (in target 'Promises' from project 'Promises')
    cd /Users/hectorgarcia/Library/Developer/Xcode/DerivedData/Lyo-eagkiegzrakogpczynhkaholsscs/SourcePackages/checkouts/promises
    write-file /Users/hectorgarcia/Library/Developer/Xcode/DerivedData/Build/Intermediates.noindex/Promises.build/Debug-iphonesimulator/Promises.build/DerivedSources/resource_bundle_accessor.swift

WriteAuxiliaryFile /Users/hectorgarcia/Library/Developer/Xcode/DerivedData/Build/Intermediates.noindex/Lyo.build/Debug-iphonesimulator/LyoTests.build/empty-LyoTests.plist (in target 'LyoTests' from project 'Lyo')
    cd /Users/hectorgarcia/LYO_Da_ONE
    write-file /Users/hectorgarcia/Library/Developer/Xcode/DerivedData/Build/Intermediates.noindex/Lyo.build/Debug-iphonesimulator/LyoTests.build/empty-LyoTests.plist

Copy /Users/hectorgarcia/Library/Developer/Xcode/DerivedData/Build/Intermediates.noindex/GeneratedModuleMaps-iphonesimulator/Promises.modulemap /Users/hectorgarcia/Library/Developer/Xcode/DerivedData/Build/Intermediates.noindex/Promises.build/Debug-iphonesimulator/Promises.build/Promises.modulemap (in target 'Promises' from project 'Promises')
    cd /Users/hectorgarcia/Library/Developer/Xcode/DerivedData/Lyo-eagkiegzrakogpczynhkaholsscs/SourcePackages/checkouts/promises
    builtin-copy -exclude .DS_Store -exclude CVS -exclude .svn -exclude .git -exclude .hg -resolve-src-symlinks /Users/hectorgarcia/Library/Developer/Xcode/DerivedData/Build/Intermediates.noindex/Promises.build/Debug-iphonesimulator/Promises.build/Promises.modulemap /Users/hectorgarcia/Library/Developer/Xcode/DerivedData/Build/Intermediates.noindex/GeneratedModuleMaps-iphonesimulator

WriteAuxiliaryFile /Users/hectorgarcia/Library/Developer/Xcode/DerivedData/Build/Intermediates.noindex/Lyo.build/Debug-iphonesimulator/LyoTests.build/Objects-normal/x86_64/LyoTests.SwiftFileList (in target 'LyoTests' from project 'Lyo')
    cd /Users/hectorgarcia/LYO_Da_ONE
    write-file /Users/hectorgarcia/Library/Developer/Xcode/DerivedData/Build/Intermediates.noindex/Lyo.build/Debug-iphonesimulator/LyoTests.build/Objects-normal/x86_64/LyoTests.SwiftFileList

WriteAuxiliaryFile /Users/hectorgarcia/Library/Developer/Xcode/DerivedData/Build/Intermediates.noindex/Lyo.build/Debug-iphonesimulator/LyoTests.build/Objects-normal/x86_64/LyoTests_const_extract_protocols.json (in target 'LyoTests' from project 'Lyo')
    cd /Users/hectorgarcia/LYO_Da_ONE
    write-file /Users/hectorgarcia/Library/Developer/Xcode/DerivedData/Build/Intermediates.noindex/Lyo.build/Debug-iphonesimulator/LyoTests.build/Objects-normal/x86_64/LyoTests_const_extract_protocols.json

WriteAuxiliaryFile /Users/hectorgarcia/Library/Developer/Xcode/DerivedData/Build/Intermediates.noindex/Lyo.build/Debug-iphonesimulator/LyoTests.build/Objects-normal/x86_64/LyoTests.SwiftConstValuesFileList (in target 'LyoTests' from project 'Lyo')
    cd /Users/hectorgarcia/LYO_Da_ONE
    write-file /Users/hectorgarcia/Library/Developer/Xcode/DerivedData/Build/Intermediates.noindex/Lyo.build/Debug-iphonesimulator/LyoTests.build/Objects-normal/x86_64/LyoTests.SwiftConstValuesFileList

WriteAuxiliaryFile /Users/hectorgarcia/Library/Developer/Xcode/DerivedData/Build/Intermediates.noindex/Lyo.build/Debug-iphonesimulator/LyoTests.build/Objects-normal/x86_64/LyoTests.LinkFileList (in target 'LyoTests' from project 'Lyo')
    cd /Users/hectorgarcia/LYO_Da_ONE
    write-file /Users/hectorgarcia/Library/Developer/Xcode/DerivedData/Build/Intermediates.noindex/Lyo.build/Debug-iphonesimulator/LyoTests.build/Objects-normal/x86_64/LyoTests.LinkFileList

WriteAuxiliaryFile /Users/hectorgarcia/Library/Developer/Xcode/DerivedData/Build/Intermediates.noindex/Lyo.build/Debug-iphonesimulator/LyoTests.build/Objects-normal/x86_64/LyoTests-OutputFileMap.json (in target 'LyoTests' from project 'Lyo')
    cd /Users/hectorgarcia/LYO_Da_ONE
    write-file /Users/hectorgarcia/Library/Developer/Xcode/DerivedData/Build/Intermediates.noindex/Lyo.build/Debug-iphonesimulator/LyoTests.build/Objects-normal/x86_64/LyoTests-OutputFileMap.json

WriteAuxiliaryFile /Users/hectorgarcia/Library/Developer/Xcode/DerivedData/Build/Intermediates.noindex/Lyo.build/Debug-iphonesimulator/LyoTests.build/LyoTests.hmap (in target 'LyoTests' from project 'Lyo')
    cd /Users/hectorgarcia/LYO_Da_ONE
    write-file /Users/hectorgarcia/Library/Developer/Xcode/DerivedData/Build/Intermediates.noindex/Lyo.build/Debug-iphonesimulator/LyoTests.build/LyoTests.hmap

WriteAuxiliaryFile /Users/hectorgarcia/Library/Developer/Xcode/DerivedData/Build/Intermediates.noindex/Lyo.build/Debug-iphonesimulator/LyoTests.build/LyoTests.DependencyStaticMetadataFileList (in target 'LyoTests' from project 'Lyo')
    cd /Users/hectorgarcia/LYO_Da_ONE
    write-file /Users/hectorgarcia/Library/Developer/Xcode/DerivedData/Build/Intermediates.noindex/Lyo.build/Debug-iphonesimulator/LyoTests.build/LyoTests.DependencyStaticMetadataFileList

WriteAuxiliaryFile /Users/hectorgarcia/Library/Developer/Xcode/DerivedData/Build/Intermediates.noindex/Lyo.build/Debug-iphonesimulator/LyoTests.build/LyoTests.DependencyMetadataFileList (in target 'LyoTests' from project 'Lyo')
    cd /Users/hectorgarcia/LYO_Da_ONE
    write-file /Users/hectorgarcia/Library/Developer/Xcode/DerivedData/Build/Intermediates.noindex/Lyo.build/Debug-iphonesimulator/LyoTests.build/LyoTests.DependencyMetadataFileList

WriteAuxiliaryFile /Users/hectorgarcia/Library/Developer/Xcode/DerivedData/Build/Intermediates.noindex/Lyo.build/Debug-iphonesimulator/LyoTests.build/LyoTests-project-headers.hmap (in target 'LyoTests' from project 'Lyo')
    cd /Users/hectorgarcia/LYO_Da_ONE
    write-file /Users/hectorgarcia/Library/Developer/Xcode/DerivedData/Build/Intermediates.noindex/Lyo.build/Debug-iphonesimulator/LyoTests.build/LyoTests-project-headers.hmap

WriteAuxiliaryFile /Users/hectorgarcia/Library/Developer/Xcode/DerivedData/Build/Intermediates.noindex/Lyo.build/Debug-iphonesimulator/LyoTests.build/LyoTests-generated-files.hmap (in target 'LyoTests' from project 'Lyo')
    cd /Users/hectorgarcia/LYO_Da_ONE
    write-file /Users/hectorgarcia/Library/Developer/Xcode/DerivedData/Build/Intermediates.noindex/Lyo.build/Debug-iphonesimulator/LyoTests.build/LyoTests-generated-files.hmap

WriteAuxiliaryFile /Users/hectorgarcia/Library/Developer/Xcode/DerivedData/Build/Intermediates.noindex/Lyo.build/Debug-iphonesimulator/LyoTests.build/LyoTests-own-target-headers.hmap (in target 'LyoTests' from project 'Lyo')
    cd /Users/hectorgarcia/LYO_Da_ONE
    write-file /Users/hectorgarcia/Library/Developer/Xcode/DerivedData/Build/Intermediates.noindex/Lyo.build/Debug-iphonesimulator/LyoTests.build/LyoTests-own-target-headers.hmap

WriteAuxiliaryFile /Users/hectorgarcia/Library/Developer/Xcode/DerivedData/Build/Intermediates.noindex/Lyo.build/Debug-iphonesimulator/LyoTests.build/LyoTests-all-target-headers.hmap (in target 'LyoTests' from project 'Lyo')
    cd /Users/hectorgarcia/LYO_Da_ONE
    write-file /Users/hectorgarcia/Library/Developer/Xcode/DerivedData/Build/Intermediates.noindex/Lyo.build/Debug-iphonesimulator/LyoTests.build/LyoTests-all-target-headers.hmap

WriteAuxiliaryFile /Users/hectorgarcia/Library/Developer/Xcode/DerivedData/Build/Intermediates.noindex/Lyo.build/Debug-iphonesimulator/LyoTests.build/LyoTests-all-non-framework-target-headers.hmap (in target 'LyoTests' from project 'Lyo')
    cd /Users/hectorgarcia/LYO_Da_ONE
    write-file /Users/hectorgarcia/Library/Developer/Xcode/DerivedData/Build/Intermediates.noindex/Lyo.build/Debug-iphonesimulator/LyoTests.build/LyoTests-all-non-framework-target-headers.hmap

WriteAuxiliaryFile /Users/hectorgarcia/Library/Developer/Xcode/DerivedData/Build/Intermediates.noindex/Lyo.build/Debug-iphonesimulator/Lyo.build/Objects-normal/x86_64/Lyo_const_extract_protocols.json (in target 'Lyo' from project 'Lyo')
    cd /Users/hectorgarcia/LYO_Da_ONE
    write-file /Users/hectorgarcia/Library/Developer/Xcode/DerivedData/Build/Intermediates.noindex/Lyo.build/Debug-iphonesimulator/Lyo.build/Objects-normal/x86_64/Lyo_const_extract_protocols.json

WriteAuxiliaryFile /Users/hectorgarcia/Library/Developer/Xcode/DerivedData/Build/Intermediates.noindex/Lyo.build/Debug-iphonesimulator/Lyo.build/Objects-normal/x86_64/Lyo.SwiftFileList (in target 'Lyo' from project 'Lyo')
    cd /Users/hectorgarcia/LYO_Da_ONE
    write-file /Users/hectorgarcia/Library/Developer/Xcode/DerivedData/Build/Intermediates.noindex/Lyo.build/Debug-iphonesimulator/Lyo.build/Objects-normal/x86_64/Lyo.SwiftFileList

WriteAuxiliaryFile /Users/hectorgarcia/Library/Developer/Xcode/DerivedData/Build/Intermediates.noindex/Lyo.build/Debug-iphonesimulator/Lyo.build/Objects-normal/x86_64/Lyo.SwiftConstValuesFileList (in target 'Lyo' from project 'Lyo')
    cd /Users/hectorgarcia/LYO_Da_ONE
    write-file /Users/hectorgarcia/Library/Developer/Xcode/DerivedData/Build/Intermediates.noindex/Lyo.build/Debug-iphonesimulator/Lyo.build/Objects-normal/x86_64/Lyo.SwiftConstValuesFileList

WriteAuxiliaryFile /Users/hectorgarcia/Library/Developer/Xcode/DerivedData/Build/Intermediates.noindex/Lyo.build/Debug-iphonesimulator/Lyo.build/Objects-normal/x86_64/Lyo.LinkFileList (in target 'Lyo' from project 'Lyo')
    cd /Users/hectorgarcia/LYO_Da_ONE
    write-file /Users/hectorgarcia/Library/Developer/Xcode/DerivedData/Build/Intermediates.noindex/Lyo.build/Debug-iphonesimulator/Lyo.build/Objects-normal/x86_64/Lyo.LinkFileList

WriteAuxiliaryFile /Users/hectorgarcia/Library/Developer/Xcode/DerivedData/Build/Intermediates.noindex/Lyo.build/Debug-iphonesimulator/Lyo.build/Objects-normal/x86_64/Lyo-OutputFileMap.json (in target 'Lyo' from project 'Lyo')
    cd /Users/hectorgarcia/LYO_Da_ONE
    write-file /Users/hectorgarcia/Library/Developer/Xcode/DerivedData/Build/Intermediates.noindex/Lyo.build/Debug-iphonesimulator/Lyo.build/Objects-normal/x86_64/Lyo-OutputFileMap.json

WriteAuxiliaryFile /Users/hectorgarcia/Library/Developer/Xcode/DerivedData/Build/Intermediates.noindex/Lyo.build/Debug-iphonesimulator/Lyo.build/Lyo.hmap (in target 'Lyo' from project 'Lyo')
    cd /Users/hectorgarcia/LYO_Da_ONE
    write-file /Users/hectorgarcia/Library/Developer/Xcode/DerivedData/Build/Intermediates.noindex/Lyo.build/Debug-iphonesimulator/Lyo.build/Lyo.hmap

WriteAuxiliaryFile /Users/hectorgarcia/Library/Developer/Xcode/DerivedData/Build/Intermediates.noindex/Lyo.build/Debug-iphonesimulator/Lyo.build/Lyo.DependencyStaticMetadataFileList (in target 'Lyo' from project 'Lyo')
    cd /Users/hectorgarcia/LYO_Da_ONE
    write-file /Users/hectorgarcia/Library/Developer/Xcode/DerivedData/Build/Intermediates.noindex/Lyo.build/Debug-iphonesimulator/Lyo.build/Lyo.DependencyStaticMetadataFileList

WriteAuxiliaryFile /Users/hectorgarcia/Library/Developer/Xcode/DerivedData/Build/Intermediates.noindex/Lyo.build/Debug-iphonesimulator/Lyo.build/Lyo.DependencyMetadataFileList (in target 'Lyo' from project 'Lyo')
    cd /Users/hectorgarcia/LYO_Da_ONE
    write-file /Users/hectorgarcia/Library/Developer/Xcode/DerivedData/Build/Intermediates.noindex/Lyo.build/Debug-iphonesimulator/Lyo.build/Lyo.DependencyMetadataFileList

WriteAuxiliaryFile /Users/hectorgarcia/Library/Developer/Xcode/DerivedData/Build/Intermediates.noindex/Lyo.build/Debug-iphonesimulator/Lyo.build/Lyo-project-headers.hmap (in target 'Lyo' from project 'Lyo')
    cd /Users/hectorgarcia/LYO_Da_ONE
    write-file /Users/hectorgarcia/Library/Developer/Xcode/DerivedData/Build/Intermediates.noindex/Lyo.build/Debug-iphonesimulator/Lyo.build/Lyo-project-headers.hmap

WriteAuxiliaryFile /Users/hectorgarcia/Library/Developer/Xcode/DerivedData/Build/Intermediates.noindex/Lyo.build/Debug-iphonesimulator/Lyo.build/Lyo-own-target-headers.hmap (in target 'Lyo' from project 'Lyo')
    cd /Users/hectorgarcia/LYO_Da_ONE
    write-file /Users/hectorgarcia/Library/Developer/Xcode/DerivedData/Build/Intermediates.noindex/Lyo.build/Debug-iphonesimulator/Lyo.build/Lyo-own-target-headers.hmap

WriteAuxiliaryFile /Users/hectorgarcia/Library/Developer/Xcode/DerivedData/Build/Intermediates.noindex/Lyo.build/Debug-iphonesimulator/Lyo.build/Lyo-generated-files.hmap (in target 'Lyo' from project 'Lyo')
    cd /Users/hectorgarcia/LYO_Da_ONE
    write-file /Users/hectorgarcia/Library/Developer/Xcode/DerivedData/Build/Intermediates.noindex/Lyo.build/Debug-iphonesimulator/Lyo.build/Lyo-generated-files.hmap

WriteAuxiliaryFile /Users/hectorgarcia/Library/Developer/Xcode/DerivedData/Build/Intermediates.noindex/Lyo.build/Debug-iphonesimulator/Lyo.build/Lyo-all-target-headers.hmap (in target 'Lyo' from project 'Lyo')
    cd /Users/hectorgarcia/LYO_Da_ONE
    write-file /Users/hectorgarcia/Library/Developer/Xcode/DerivedData/Build/Intermediates.noindex/Lyo.build/Debug-iphonesimulator/Lyo.build/Lyo-all-target-headers.hmap

WriteAuxiliaryFile /Users/hectorgarcia/Library/Developer/Xcode/DerivedData/Build/Intermediates.noindex/Lyo.build/Debug-iphonesimulator/Lyo.build/Lyo-all-non-framework-target-headers.hmap (in target 'Lyo' from project 'Lyo')
    cd /Users/hectorgarcia/LYO_Da_ONE
    write-file /Users/hectorgarcia/Library/Developer/Xcode/DerivedData/Build/Intermediates.noindex/Lyo.build/Debug-iphonesimulator/Lyo.build/Lyo-all-non-framework-target-headers.hmap

WriteAuxiliaryFile /Users/hectorgarcia/Library/Developer/Xcode/DerivedData/Build/Intermediates.noindex/GoogleUtilities.build/Debug-iphonesimulator/GoogleUtilities_GoogleUtilities-UserDefaults.build/GoogleUtilities_GoogleUtilities-UserDefaults.DependencyStaticMetadataFileList (in target 'GoogleUtilities_GoogleUtilities-UserDefaults' from project 'GoogleUtilities')
    cd /Users/hectorgarcia/Library/Developer/Xcode/DerivedData/Lyo-eagkiegzrakogpczynhkaholsscs/SourcePackages/checkouts/GoogleUtilities
    write-file /Users/hectorgarcia/Library/Developer/Xcode/DerivedData/Build/Intermediates.noindex/GoogleUtilities.build/Debug-iphonesimulator/GoogleUtilities_GoogleUtilities-UserDefaults.build/GoogleUtilities_GoogleUtilities-UserDefaults.DependencyStaticMetadataFileList

WriteAuxiliaryFile /Users/hectorgarcia/Library/Developer/Xcode/DerivedData/Build/Intermediates.noindex/Lyo.build/Debug-iphonesimulator/Lyo.build/DerivedSources/Entitlements-Simulated.plist (in target 'Lyo' from project 'Lyo')
    cd /Users/hectorgarcia/LYO_Da_ONE
    write-file /Users/hectorgarcia/Library/Developer/Xcode/DerivedData/Build/Intermediates.noindex/Lyo.build/Debug-iphonesimulator/Lyo.build/DerivedSources/Entitlements-Simulated.plist

WriteAuxiliaryFile /Users/hectorgarcia/Library/Developer/Xcode/DerivedData/Build/Intermediates.noindex/GoogleUtilities.build/Debug-iphonesimulator/GoogleUtilities_GoogleUtilities-UserDefaults.build/empty-GoogleUtilities_GoogleUtilities-UserDefaults.plist (in target 'GoogleUtilities_GoogleUtilities-UserDefaults' from project 'GoogleUtilities')
    cd /Users/hectorgarcia/Library/Developer/Xcode/DerivedData/Lyo-eagkiegzrakogpczynhkaholsscs/SourcePackages/checkouts/GoogleUtilities
    write-file /Users/hectorgarcia/Library/Developer/Xcode/DerivedData/Build/Intermediates.noindex/GoogleUtilities.build/Debug-iphonesimulator/GoogleUtilities_GoogleUtilities-UserDefaults.build/empty-GoogleUtilities_GoogleUtilities-UserDefaults.plist

WriteAuxiliaryFile /Users/hectorgarcia/Library/Developer/Xcode/DerivedData/Build/Intermediates.noindex/GoogleUtilities.build/Debug-iphonesimulator/GoogleUtilities_GoogleUtilities-UserDefaults.build/GoogleUtilities_GoogleUtilities-UserDefaults.DependencyMetadataFileList (in target 'GoogleUtilities_GoogleUtilities-UserDefaults' from project 'GoogleUtilities')
    cd /Users/hectorgarcia/Library/Developer/Xcode/DerivedData/Lyo-eagkiegzrakogpczynhkaholsscs/SourcePackages/checkouts/GoogleUtilities
    write-file /Users/hectorgarcia/Library/Developer/Xcode/DerivedData/Build/Intermediates.noindex/GoogleUtilities.build/Debug-iphonesimulator/GoogleUtilities_GoogleUtilities-UserDefaults.build/GoogleUtilities_GoogleUtilities-UserDefaults.DependencyMetadataFileList

WriteAuxiliaryFile /Users/hectorgarcia/Library/Developer/Xcode/DerivedData/Build/Intermediates.noindex/GoogleUtilities.build/Debug-iphonesimulator/GoogleUtilities_GoogleUtilities-Reachability.build/empty-GoogleUtilities_GoogleUtilities-Reachability.plist (in target 'GoogleUtilities_GoogleUtilities-Reachability' from project 'GoogleUtilities')
    cd /Users/hectorgarcia/Library/Developer/Xcode/DerivedData/Lyo-eagkiegzrakogpczynhkaholsscs/SourcePackages/checkouts/GoogleUtilities
    write-file /Users/hectorgarcia/Library/Developer/Xcode/DerivedData/Build/Intermediates.noindex/GoogleUtilities.build/Debug-iphonesimulator/GoogleUtilities_GoogleUtilities-Reachability.build/empty-GoogleUtilities_GoogleUtilities-Reachability.plist

WriteAuxiliaryFile /Users/hectorgarcia/Library/Developer/Xcode/DerivedData/Build/Intermediates.noindex/GoogleUtilities.build/Debug-iphonesimulator/GoogleUtilities_GoogleUtilities-Reachability.build/GoogleUtilities_GoogleUtilities-Reachability.DependencyStaticMetadataFileList (in target 'GoogleUtilities_GoogleUtilities-Reachability' from project 'GoogleUtilities')
    cd /Users/hectorgarcia/Library/Developer/Xcode/DerivedData/Lyo-eagkiegzrakogpczynhkaholsscs/SourcePackages/checkouts/GoogleUtilities
    write-file /Users/hectorgarcia/Library/Developer/Xcode/DerivedData/Build/Intermediates.noindex/GoogleUtilities.build/Debug-iphonesimulator/GoogleUtilities_GoogleUtilities-Reachability.build/GoogleUtilities_GoogleUtilities-Reachability.DependencyStaticMetadataFileList

WriteAuxiliaryFile /Users/hectorgarcia/Library/Developer/Xcode/DerivedData/Build/Intermediates.noindex/GoogleUtilities.build/Debug-iphonesimulator/GoogleUtilities_GoogleUtilities-Reachability.build/GoogleUtilities_GoogleUtilities-Reachability.DependencyMetadataFileList (in target 'GoogleUtilities_GoogleUtilities-Reachability' from project 'GoogleUtilities')
    cd /Users/hectorgarcia/Library/Developer/Xcode/DerivedData/Lyo-eagkiegzrakogpczynhkaholsscs/SourcePackages/checkouts/GoogleUtilities
    write-file /Users/hectorgarcia/Library/Developer/Xcode/DerivedData/Build/Intermediates.noindex/GoogleUtilities.build/Debug-iphonesimulator/GoogleUtilities_GoogleUtilities-Reachability.build/GoogleUtilities_GoogleUtilities-Reachability.DependencyMetadataFileList

WriteAuxiliaryFile /Users/hectorgarcia/Library/Developer/Xcode/DerivedData/Build/Intermediates.noindex/GoogleUtilities.build/Debug-iphonesimulator/GoogleUtilities_GoogleUtilities-Network.build/empty-GoogleUtilities_GoogleUtilities-Network.plist (in target 'GoogleUtilities_GoogleUtilities-Network' from project 'GoogleUtilities')
    cd /Users/hectorgarcia/Library/Developer/Xcode/DerivedData/Lyo-eagkiegzrakogpczynhkaholsscs/SourcePackages/checkouts/GoogleUtilities
    write-file /Users/hectorgarcia/Library/Developer/Xcode/DerivedData/Build/Intermediates.noindex/GoogleUtilities.build/Debug-iphonesimulator/GoogleUtilities_GoogleUtilities-Network.build/empty-GoogleUtilities_GoogleUtilities-Network.plist

WriteAuxiliaryFile /Users/hectorgarcia/Library/Developer/Xcode/DerivedData/Build/Intermediates.noindex/GoogleUtilities.build/Debug-iphonesimulator/GoogleUtilities_GoogleUtilities-Network.build/GoogleUtilities_GoogleUtilities-Network.DependencyStaticMetadataFileList (in target 'GoogleUtilities_GoogleUtilities-Network' from project 'GoogleUtilities')
    cd /Users/hectorgarcia/Library/Developer/Xcode/DerivedData/Lyo-eagkiegzrakogpczynhkaholsscs/SourcePackages/checkouts/GoogleUtilities
    write-file /Users/hectorgarcia/Library/Developer/Xcode/DerivedData/Build/Intermediates.noindex/GoogleUtilities.build/Debug-iphonesimulator/GoogleUtilities_GoogleUtilities-Network.build/GoogleUtilities_GoogleUtilities-Network.DependencyStaticMetadataFileList

WriteAuxiliaryFile /Users/hectorgarcia/Library/Developer/Xcode/DerivedData/Build/Intermediates.noindex/GoogleUtilities.build/Debug-iphonesimulator/GoogleUtilities_GoogleUtilities-Network.build/GoogleUtilities_GoogleUtilities-Network.DependencyMetadataFileList (in target 'GoogleUtilities_GoogleUtilities-Network' from project 'GoogleUtilities')
    cd /Users/hectorgarcia/Library/Developer/Xcode/DerivedData/Lyo-eagkiegzrakogpczynhkaholsscs/SourcePackages/checkouts/GoogleUtilities
    write-file /Users/hectorgarcia/Library/Developer/Xcode/DerivedData/Build/Intermediates.noindex/GoogleUtilities.build/Debug-iphonesimulator/GoogleUtilities_GoogleUtilities-Network.build/GoogleUtilities_GoogleUtilities-Network.DependencyMetadataFileList

WriteAuxiliaryFile /Users/hectorgarcia/Library/Developer/Xcode/DerivedData/Build/Intermediates.noindex/GoogleUtilities.build/Debug-iphonesimulator/GoogleUtilities_GoogleUtilities-NSData.build/empty-GoogleUtilities_GoogleUtilities-NSData.plist (in target 'GoogleUtilities_GoogleUtilities-NSData' from project 'GoogleUtilities')
    cd /Users/hectorgarcia/Library/Developer/Xcode/DerivedData/Lyo-eagkiegzrakogpczynhkaholsscs/SourcePackages/checkouts/GoogleUtilities
    write-file /Users/hectorgarcia/Library/Developer/Xcode/DerivedData/Build/Intermediates.noindex/GoogleUtilities.build/Debug-iphonesimulator/GoogleUtilities_GoogleUtilities-NSData.build/empty-GoogleUtilities_GoogleUtilities-NSData.plist

WriteAuxiliaryFile /Users/hectorgarcia/Library/Developer/Xcode/DerivedData/Build/Intermediates.noindex/GoogleUtilities.build/Debug-iphonesimulator/GoogleUtilities_GoogleUtilities-NSData.build/GoogleUtilities_GoogleUtilities-NSData.DependencyStaticMetadataFileList (in target 'GoogleUtilities_GoogleUtilities-NSData' from project 'GoogleUtilities')
    cd /Users/hectorgarcia/Library/Developer/Xcode/DerivedData/Lyo-eagkiegzrakogpczynhkaholsscs/SourcePackages/checkouts/GoogleUtilities
    write-file /Users/hectorgarcia/Library/Developer/Xcode/DerivedData/Build/Intermediates.noindex/GoogleUtilities.build/Debug-iphonesimulator/GoogleUtilities_GoogleUtilities-NSData.build/GoogleUtilities_GoogleUtilities-NSData.DependencyStaticMetadataFileList

WriteAuxiliaryFile /Users/hectorgarcia/Library/Developer/Xcode/DerivedData/Build/Intermediates.noindex/GoogleUtilities.build/Debug-iphonesimulator/GoogleUtilities_GoogleUtilities-NSData.build/GoogleUtilities_GoogleUtilities-NSData.DependencyMetadataFileList (in target 'GoogleUtilities_GoogleUtilities-NSData' from project 'GoogleUtilities')
    cd /Users/hectorgarcia/Library/Developer/Xcode/DerivedData/Lyo-eagkiegzrakogpczynhkaholsscs/SourcePackages/checkouts/GoogleUtilities
    write-file /Users/hectorgarcia/Library/Developer/Xcode/DerivedData/Build/Intermediates.noindex/GoogleUtilities.build/Debug-iphonesimulator/GoogleUtilities_GoogleUtilities-NSData.build/GoogleUtilities_GoogleUtilities-NSData.DependencyMetadataFileList

WriteAuxiliaryFile /Users/hectorgarcia/Library/Developer/Xcode/DerivedData/Build/Intermediates.noindex/GoogleUtilities.build/Debug-iphonesimulator/GoogleUtilities_GoogleUtilities-Logger.build/empty-GoogleUtilities_GoogleUtilities-Logger.plist (in target 'GoogleUtilities_GoogleUtilities-Logger' from project 'GoogleUtilities')
    cd /Users/hectorgarcia/Library/Developer/Xcode/DerivedData/Lyo-eagkiegzrakogpczynhkaholsscs/SourcePackages/checkouts/GoogleUtilities
    write-file /Users/hectorgarcia/Library/Developer/Xcode/DerivedData/Build/Intermediates.noindex/GoogleUtilities.build/Debug-iphonesimulator/GoogleUtilities_GoogleUtilities-Logger.build/empty-GoogleUtilities_GoogleUtilities-Logger.plist

WriteAuxiliaryFile /Users/hectorgarcia/Library/Developer/Xcode/DerivedData/Build/Intermediates.noindex/GoogleUtilities.build/Debug-iphonesimulator/GoogleUtilities_GoogleUtilities-Logger.build/GoogleUtilities_GoogleUtilities-Logger.DependencyMetadataFileList (in target 'GoogleUtilities_GoogleUtilities-Logger' from project 'GoogleUtilities')
    cd /Users/hectorgarcia/Library/Developer/Xcode/DerivedData/Lyo-eagkiegzrakogpczynhkaholsscs/SourcePackages/checkouts/GoogleUtilities
    write-file /Users/hectorgarcia/Library/Developer/Xcode/DerivedData/Build/Intermediates.noindex/GoogleUtilities.build/Debug-iphonesimulator/GoogleUtilities_GoogleUtilities-Logger.build/GoogleUtilities_GoogleUtilities-Logger.DependencyMetadataFileList

WriteAuxiliaryFile /Users/hectorgarcia/Library/Developer/Xcode/DerivedData/Build/Intermediates.noindex/GoogleUtilities.build/Debug-iphonesimulator/GoogleUtilities_GoogleUtilities-Logger.build/GoogleUtilities_GoogleUtilities-Logger.DependencyStaticMetadataFileList (in target 'GoogleUtilities_GoogleUtilities-Logger' from project 'GoogleUtilities')
    cd /Users/hectorgarcia/Library/Developer/Xcode/DerivedData/Lyo-eagkiegzrakogpczynhkaholsscs/SourcePackages/checkouts/GoogleUtilities
    write-file /Users/hectorgarcia/Library/Developer/Xcode/DerivedData/Build/Intermediates.noindex/GoogleUtilities.build/Debug-iphonesimulator/GoogleUtilities_GoogleUtilities-Logger.build/GoogleUtilities_GoogleUtilities-Logger.DependencyStaticMetadataFileList

WriteAuxiliaryFile /Users/hectorgarcia/Library/Developer/Xcode/DerivedData/Build/Intermediates.noindex/GoogleUtilities.build/Debug-iphonesimulator/GoogleUtilities_GoogleUtilities-Environment.build/GoogleUtilities_GoogleUtilities-Environment.DependencyStaticMetadataFileList (in target 'GoogleUtilities_GoogleUtilities-Environment' from project 'GoogleUtilities')
    cd /Users/hectorgarcia/Library/Developer/Xcode/DerivedData/Lyo-eagkiegzrakogpczynhkaholsscs/SourcePackages/checkouts/GoogleUtilities
    write-file /Users/hectorgarcia/Library/Developer/Xcode/DerivedData/Build/Intermediates.noindex/GoogleUtilities.build/Debug-iphonesimulator/GoogleUtilities_GoogleUtilities-Environment.build/GoogleUtilities_GoogleUtilities-Environment.DependencyStaticMetadataFileList

WriteAuxiliaryFile /Users/hectorgarcia/Library/Developer/Xcode/DerivedData/Build/Intermediates.noindex/GoogleUtilities.build/Debug-iphonesimulator/GoogleUtilities_GoogleUtilities-Environment.build/empty-GoogleUtilities_GoogleUtilities-Environment.plist (in target 'GoogleUtilities_GoogleUtilities-Environment' from project 'GoogleUtilities')
    cd /Users/hectorgarcia/Library/Developer/Xcode/DerivedData/Lyo-eagkiegzrakogpczynhkaholsscs/SourcePackages/checkouts/GoogleUtilities
    write-file /Users/hectorgarcia/Library/Developer/Xcode/DerivedData/Build/Intermediates.noindex/GoogleUtilities.build/Debug-iphonesimulator/GoogleUtilities_GoogleUtilities-Environment.build/empty-GoogleUtilities_GoogleUtilities-Environment.plist

WriteAuxiliaryFile /Users/hectorgarcia/Library/Developer/Xcode/DerivedData/Build/Intermediates.noindex/GoogleUtilities.build/Debug-iphonesimulator/GoogleUtilities_GoogleUtilities-Environment.build/GoogleUtilities_GoogleUtilities-Environment.DependencyMetadataFileList (in target 'GoogleUtilities_GoogleUtilities-Environment' from project 'GoogleUtilities')
    cd /Users/hectorgarcia/Library/Developer/Xcode/DerivedData/Lyo-eagkiegzrakogpczynhkaholsscs/SourcePackages/checkouts/GoogleUtilities
    write-file /Users/hectorgarcia/Library/Developer/Xcode/DerivedData/Build/Intermediates.noindex/GoogleUtilities.build/Debug-iphonesimulator/GoogleUtilities_GoogleUtilities-Environment.build/GoogleUtilities_GoogleUtilities-Environment.DependencyMetadataFileList

WriteAuxiliaryFile /Users/hectorgarcia/Library/Developer/Xcode/DerivedData/Build/Intermediates.noindex/GoogleUtilities.build/Debug-iphonesimulator/GoogleUtilities_GoogleUtilities-AppDelegateSwizzler.build/empty-GoogleUtilities_GoogleUtilities-AppDelegateSwizzler.plist (in target 'GoogleUtilities_GoogleUtilities-AppDelegateSwizzler' from project 'GoogleUtilities')
    cd /Users/hectorgarcia/Library/Developer/Xcode/DerivedData/Lyo-eagkiegzrakogpczynhkaholsscs/SourcePackages/checkouts/GoogleUtilities
    write-file /Users/hectorgarcia/Library/Developer/Xcode/DerivedData/Build/Intermediates.noindex/GoogleUtilities.build/Debug-iphonesimulator/GoogleUtilities_GoogleUtilities-AppDelegateSwizzler.build/empty-GoogleUtilities_GoogleUtilities-AppDelegateSwizzler.plist

WriteAuxiliaryFile /Users/hectorgarcia/Library/Developer/Xcode/DerivedData/Build/Intermediates.noindex/GoogleUtilities.build/Debug-iphonesimulator/GoogleUtilities_GoogleUtilities-AppDelegateSwizzler.build/GoogleUtilities_GoogleUtilities-AppDelegateSwizzler.DependencyStaticMetadataFileList (in target 'GoogleUtilities_GoogleUtilities-AppDelegateSwizzler' from project 'GoogleUtilities')
    cd /Users/hectorgarcia/Library/Developer/Xcode/DerivedData/Lyo-eagkiegzrakogpczynhkaholsscs/SourcePackages/checkouts/GoogleUtilities
    write-file /Users/hectorgarcia/Library/Developer/Xcode/DerivedData/Build/Intermediates.noindex/GoogleUtilities.build/Debug-iphonesimulator/GoogleUtilities_GoogleUtilities-AppDelegateSwizzler.build/GoogleUtilities_GoogleUtilities-AppDelegateSwizzler.DependencyStaticMetadataFileList

WriteAuxiliaryFile /Users/hectorgarcia/Library/Developer/Xcode/DerivedData/Build/Intermediates.noindex/GoogleUtilities.build/Debug-iphonesimulator/GoogleUtilities_GoogleUtilities-AppDelegateSwizzler.build/GoogleUtilities_GoogleUtilities-AppDelegateSwizzler.DependencyMetadataFileList (in target 'GoogleUtilities_GoogleUtilities-AppDelegateSwizzler' from project 'GoogleUtilities')
    cd /Users/hectorgarcia/Library/Developer/Xcode/DerivedData/Lyo-eagkiegzrakogpczynhkaholsscs/SourcePackages/checkouts/GoogleUtilities
    write-file /Users/hectorgarcia/Library/Developer/Xcode/DerivedData/Build/Intermediates.noindex/GoogleUtilities.build/Debug-iphonesimulator/GoogleUtilities_GoogleUtilities-AppDelegateSwizzler.build/GoogleUtilities_GoogleUtilities-AppDelegateSwizzler.DependencyMetadataFileList

WriteAuxiliaryFile /Users/hectorgarcia/Library/Developer/Xcode/DerivedData/Build/Intermediates.noindex/GoogleUtilities.build/Debug-iphonesimulator/GoogleUtilities-UserDefaults.build/Objects-normal/x86_64/e6072d4f65d7061329687fe24e3d63a7-common-args.resp (in target 'GoogleUtilities-UserDefaults' from project 'GoogleUtilities')
    cd /Users/hectorgarcia/Library/Developer/Xcode/DerivedData/Lyo-eagkiegzrakogpczynhkaholsscs/SourcePackages/checkouts/GoogleUtilities
    write-file /Users/hectorgarcia/Library/Developer/Xcode/DerivedData/Build/Intermediates.noindex/GoogleUtilities.build/Debug-iphonesimulator/GoogleUtilities-UserDefaults.build/Objects-normal/x86_64/e6072d4f65d7061329687fe24e3d63a7-common-args.resp
-target x86_64-apple-ios12.0-simulator '-std=c99' -fobjc-arc -fmodules -gmodules '-fmodules-cache-path=/Users/hectorgarcia/Library/Developer/Xcode/DerivedData/ModuleCache.noindex' '-fmodule-name=GoogleUtilities_UserDefaults' -fpascal-strings -O0 -DSWIFT_PACKAGE '-DDEBUG=1' '-DOBJC_OLD_DISPATCH_PROTOTYPES=1' -isysroot /Users/hectorgarcia/Downloads/Xcode.app/Contents/Developer/Platforms/iPhoneSimulator.platform/Developer/SDKs/iPhoneSimulator26.2.sdk -fasm-blocks -g '-fobjc-abi-version=2' -fobjc-legacy-dispatch -I/Users/hectorgarcia/Library/Developer/Xcode/DerivedData/Lyo-eagkiegzrakogpczynhkaholsscs/SourcePackages/checkouts/promises/Sources/FBLPromises/include -I/Users/hectorgarcia/Library/Developer/Xcode/DerivedData/Lyo-eagkiegzrakogpczynhkaholsscs/SourcePackages/checkouts/GoogleUtilities/GoogleUtilities/Logger/Public -I/Users/hectorgarcia/Library/Developer/Xcode/DerivedData/Lyo-eagkiegzrakogpczynhkaholsscs/SourcePackages/checkouts/GoogleUtilities/GoogleUtilities/Environment/Public -I/Users/hectorgarcia/Library/Developer/Xcode/DerivedData/Lyo-eagkiegzrakogpczynhkaholsscs/SourcePackages/checkouts/GoogleUtilities/third_party/IsAppEncrypted/Public -I/Users/hectorgarcia/Library/Developer/Xcode/DerivedData/Build/Products/Debug-iphonesimulator/include -I/Users/hectorgarcia/Library/Developer/Xcode/DerivedData/Lyo-eagkiegzrakogpczynhkaholsscs/SourcePackages/checkouts/GoogleUtilities/GoogleUtilities/UserDefaults/Public -I/Users/hectorgarcia/Library/Developer/Xcode/DerivedData/Lyo-eagkiegzrakogpczynhkaholsscs/SourcePackages/checkouts/GoogleUtilities -I/Users/hectorgarcia/Library/Developer/Xcode/DerivedData/Build/Intermediates.noindex/GoogleUtilities.build/Debug-iphonesimulator/GoogleUtilities-UserDefaults.build/DerivedSources-normal/x86_64 -I/Users/hectorgarcia/Library/Developer/Xcode/DerivedData/Build/Intermediates.noindex/GoogleUtilities.build/Debug-iphonesimulator/GoogleUtilities-UserDefaults.build/DerivedSources/x86_64 -I/Users/hectorgarcia/Library/Developer/Xcode/DerivedData/Build/Intermediates.noindex/GoogleUtilities.build/Debug-iphonesimulator/GoogleUtilities-UserDefaults.build/DerivedSources -F/Users/hectorgarcia/Library/Developer/Xcode/DerivedData/Build/Products/Debug-iphonesimulator/PackageFrameworks -F/Users/hectorgarcia/Library/Developer/Xcode/DerivedData/Build/Products/Debug-iphonesimulator/PackageFrameworks -F/Users/hectorgarcia/Library/Developer/Xcode/DerivedData/Build/Products/Debug-iphonesimulator/PackageFrameworks -F/Users/hectorgarcia/Library/Developer/Xcode/DerivedData/Build/Products/Debug-iphonesimulator/PackageFrameworks -F/Users/hectorgarcia/Library/Developer/Xcode/DerivedData/Build/Products/Debug-iphonesimulator -iframework /Users/hectorgarcia/Downloads/Xcode.app/Contents/Developer/Platforms/iPhoneSimulator.platform/Developer/Library/Frameworks -iframework /Users/hectorgarcia/Downloads/Xcode.app/Contents/Developer/Platforms/iPhoneSimulator.platform/Developer/SDKs/iPhoneSimulator26.2.sdk/Developer/Library/Frameworks '-fmodule-map-file=/Users/hectorgarcia/Library/Developer/Xcode/DerivedData/Build/Intermediates.noindex/GeneratedModuleMaps-iphonesimulator/GoogleUtilities-Logger.modulemap' '-fmodule-map-file=/Users/hectorgarcia/Library/Developer/Xcode/DerivedData/Build/Intermediates.noindex/GeneratedModuleMaps-iphonesimulator/GoogleUtilities-Environment.modulemap' '-fmodule-map-file=/Users/hectorgarcia/Library/Developer/Xcode/DerivedData/Build/Intermediates.noindex/GeneratedModuleMaps-iphonesimulator/third-party-IsAppEncrypted.modulemap' -DXcode
WriteAuxiliaryFile /Users/hectorgarcia/Library/Developer/Xcode/DerivedData/Build/Intermediates.noindex/GoogleUtilities.build/Debug-iphonesimulator/GoogleUtilities-UserDefaults.build/Objects-normal/x86_64/GoogleUtilities-UserDefaults.LinkFileList (in target 'GoogleUtilities-UserDefaults' from project 'GoogleUtilities')
    cd /Users/hectorgarcia/Library/Developer/Xcode/DerivedData/Lyo-eagkiegzrakogpczynhkaholsscs/SourcePackages/checkouts/GoogleUtilities
    write-file /Users/hectorgarcia/Library/Developer/Xcode/DerivedData/Build/Intermediates.noindex/GoogleUtilities.build/Debug-iphonesimulator/GoogleUtilities-UserDefaults.build/Objects-normal/x86_64/GoogleUtilities-UserDefaults.LinkFileList

WriteAuxiliaryFile /Users/hectorgarcia/Library/Developer/Xcode/DerivedData/Build/Intermediates.noindex/GoogleUtilities.build/Debug-iphonesimulator/GoogleUtilities-UserDefaults.build/GoogleUtilities-UserDefaults.modulemap (in target 'GoogleUtilities-UserDefaults' from project 'GoogleUtilities')
    cd /Users/hectorgarcia/Library/Developer/Xcode/DerivedData/Lyo-eagkiegzrakogpczynhkaholsscs/SourcePackages/checkouts/GoogleUtilities
    write-file /Users/hectorgarcia/Library/Developer/Xcode/DerivedData/Build/Intermediates.noindex/GoogleUtilities.build/Debug-iphonesimulator/GoogleUtilities-UserDefaults.build/GoogleUtilities-UserDefaults.modulemap

WriteAuxiliaryFile /Users/hectorgarcia/Library/Developer/Xcode/DerivedData/Build/Intermediates.noindex/GoogleUtilities.build/Debug-iphonesimulator/GoogleUtilities-UserDefaults.build/GoogleUtilities-UserDefaults.DependencyStaticMetadataFileList (in target 'GoogleUtilities-UserDefaults' from project 'GoogleUtilities')
    cd /Users/hectorgarcia/Library/Developer/Xcode/DerivedData/Lyo-eagkiegzrakogpczynhkaholsscs/SourcePackages/checkouts/GoogleUtilities
    write-file /Users/hectorgarcia/Library/Developer/Xcode/DerivedData/Build/Intermediates.noindex/GoogleUtilities.build/Debug-iphonesimulator/GoogleUtilities-UserDefaults.build/GoogleUtilities-UserDefaults.DependencyStaticMetadataFileList

WriteAuxiliaryFile /Users/hectorgarcia/Library/Developer/Xcode/DerivedData/Build/Intermediates.noindex/GoogleUtilities.build/Debug-iphonesimulator/GoogleUtilities-UserDefaults.build/GoogleUtilities-UserDefaults.DependencyMetadataFileList (in target 'GoogleUtilities-UserDefaults' from project 'GoogleUtilities')
    cd /Users/hectorgarcia/Library/Developer/Xcode/DerivedData/Lyo-eagkiegzrakogpczynhkaholsscs/SourcePackages/checkouts/GoogleUtilities
    write-file /Users/hectorgarcia/Library/Developer/Xcode/DerivedData/Build/Intermediates.noindex/GoogleUtilities.build/Debug-iphonesimulator/GoogleUtilities-UserDefaults.build/GoogleUtilities-UserDefaults.DependencyMetadataFileList

WriteAuxiliaryFile /Users/hectorgarcia/Library/Developer/Xcode/DerivedData/Build/Intermediates.noindex/GoogleUtilities.build/Debug-iphonesimulator/GoogleUtilities-UserDefaults.build/DerivedSources/resource_bundle_accessor.m (in target 'GoogleUtilities-UserDefaults' from project 'GoogleUtilities')
    cd /Users/hectorgarcia/Library/Developer/Xcode/DerivedData/Lyo-eagkiegzrakogpczynhkaholsscs/SourcePackages/checkouts/GoogleUtilities
    write-file /Users/hectorgarcia/Library/Developer/Xcode/DerivedData/Build/Intermediates.noindex/GoogleUtilities.build/Debug-iphonesimulator/GoogleUtilities-UserDefaults.build/DerivedSources/resource_bundle_accessor.m

WriteAuxiliaryFile /Users/hectorgarcia/Library/Developer/Xcode/DerivedData/Build/Intermediates.noindex/GoogleUtilities.build/Debug-iphonesimulator/GoogleUtilities-UserDefaults.build/DerivedSources/resource_bundle_accessor.h (in target 'GoogleUtilities-UserDefaults' from project 'GoogleUtilities')
    cd /Users/hectorgarcia/Library/Developer/Xcode/DerivedData/Lyo-eagkiegzrakogpczynhkaholsscs/SourcePackages/checkouts/GoogleUtilities
    write-file /Users/hectorgarcia/Library/Developer/Xcode/DerivedData/Build/Intermediates.noindex/GoogleUtilities.build/Debug-iphonesimulator/GoogleUtilities-UserDefaults.build/DerivedSources/resource_bundle_accessor.h

WriteAuxiliaryFile /Users/hectorgarcia/Library/Developer/Xcode/DerivedData/Build/Intermediates.noindex/GoogleUtilities.build/Debug-iphonesimulator/GoogleUtilities-Reachability.build/Objects-normal/x86_64/e6072d4f65d7061329687fe24e3d63a7-common-args.resp (in target 'GoogleUtilities-Reachability' from project 'GoogleUtilities')
    cd /Users/hectorgarcia/Library/Developer/Xcode/DerivedData/Lyo-eagkiegzrakogpczynhkaholsscs/SourcePackages/checkouts/GoogleUtilities
    write-file /Users/hectorgarcia/Library/Developer/Xcode/DerivedData/Build/Intermediates.noindex/GoogleUtilities.build/Debug-iphonesimulator/GoogleUtilities-Reachability.build/Objects-normal/x86_64/e6072d4f65d7061329687fe24e3d63a7-common-args.resp
-target x86_64-apple-ios12.0-simulator '-std=c99' -fobjc-arc -fmodules -gmodules '-fmodules-cache-path=/Users/hectorgarcia/Library/Developer/Xcode/DerivedData/ModuleCache.noindex' '-fmodule-name=GoogleUtilities_Reachability' -fpascal-strings -O0 -DSWIFT_PACKAGE '-DDEBUG=1' '-DOBJC_OLD_DISPATCH_PROTOTYPES=1' -isysroot /Users/hectorgarcia/Downloads/Xcode.app/Contents/Developer/Platforms/iPhoneSimulator.platform/Developer/SDKs/iPhoneSimulator26.2.sdk -fasm-blocks -g '-fobjc-abi-version=2' -fobjc-legacy-dispatch -I/Users/hectorgarcia/Library/Developer/Xcode/DerivedData/Lyo-eagkiegzrakogpczynhkaholsscs/SourcePackages/checkouts/promises/Sources/FBLPromises/include -I/Users/hectorgarcia/Library/Developer/Xcode/DerivedData/Lyo-eagkiegzrakogpczynhkaholsscs/SourcePackages/checkouts/GoogleUtilities/GoogleUtilities/Logger/Public -I/Users/hectorgarcia/Library/Developer/Xcode/DerivedData/Lyo-eagkiegzrakogpczynhkaholsscs/SourcePackages/checkouts/GoogleUtilities/GoogleUtilities/Environment/Public -I/Users/hectorgarcia/Library/Developer/Xcode/DerivedData/Lyo-eagkiegzrakogpczynhkaholsscs/SourcePackages/checkouts/GoogleUtilities/third_party/IsAppEncrypted/Public -I/Users/hectorgarcia/Library/Developer/Xcode/DerivedData/Build/Products/Debug-iphonesimulator/include -I/Users/hectorgarcia/Library/Developer/Xcode/DerivedData/Lyo-eagkiegzrakogpczynhkaholsscs/SourcePackages/checkouts/GoogleUtilities/GoogleUtilities/Reachability/Public -I/Users/hectorgarcia/Library/Developer/Xcode/DerivedData/Lyo-eagkiegzrakogpczynhkaholsscs/SourcePackages/checkouts/GoogleUtilities -I/Users/hectorgarcia/Library/Developer/Xcode/DerivedData/Build/Intermediates.noindex/GoogleUtilities.build/Debug-iphonesimulator/GoogleUtilities-Reachability.build/DerivedSources-normal/x86_64 -I/Users/hectorgarcia/Library/Developer/Xcode/DerivedData/Build/Intermediates.noindex/GoogleUtilities.build/Debug-iphonesimulator/GoogleUtilities-Reachability.build/DerivedSources/x86_64 -I/Users/hectorgarcia/Library/Developer/Xcode/DerivedData/Build/Intermediates.noindex/GoogleUtilities.build/Debug-iphonesimulator/GoogleUtilities-Reachability.build/DerivedSources -F/Users/hectorgarcia/Library/Developer/Xcode/DerivedData/Build/Products/Debug-iphonesimulator/PackageFrameworks -F/Users/hectorgarcia/Library/Developer/Xcode/DerivedData/Build/Products/Debug-iphonesimulator/PackageFrameworks -F/Users/hectorgarcia/Library/Developer/Xcode/DerivedData/Build/Products/Debug-iphonesimulator/PackageFrameworks -F/Users/hectorgarcia/Library/Developer/Xcode/DerivedData/Build/Products/Debug-iphonesimulator/PackageFrameworks -F/Users/hectorgarcia/Library/Developer/Xcode/DerivedData/Build/Products/Debug-iphonesimulator -iframework /Users/hectorgarcia/Downloads/Xcode.app/Contents/Developer/Platforms/iPhoneSimulator.platform/Developer/Library/Frameworks -iframework /Users/hectorgarcia/Downloads/Xcode.app/Contents/Developer/Platforms/iPhoneSimulator.platform/Developer/SDKs/iPhoneSimulator26.2.sdk/Developer/Library/Frameworks '-fmodule-map-file=/Users/hectorgarcia/Library/Developer/Xcode/DerivedData/Build/Intermediates.noindex/GeneratedModuleMaps-iphonesimulator/GoogleUtilities-Logger.modulemap' '-fmodule-map-file=/Users/hectorgarcia/Library/Developer/Xcode/DerivedData/Build/Intermediates.noindex/GeneratedModuleMaps-iphonesimulator/GoogleUtilities-Environment.modulemap' '-fmodule-map-file=/Users/hectorgarcia/Library/Developer/Xcode/DerivedData/Build/Intermediates.noindex/GeneratedModuleMaps-iphonesimulator/third-party-IsAppEncrypted.modulemap' -DXcode
WriteAuxiliaryFile /Users/hectorgarcia/Library/Developer/Xcode/DerivedData/Build/Intermediates.noindex/GoogleUtilities.build/Debug-iphonesimulator/GoogleUtilities-Reachability.build/Objects-normal/x86_64/GoogleUtilities-Reachability.LinkFileList (in target 'GoogleUtilities-Reachability' from project 'GoogleUtilities')
    cd /Users/hectorgarcia/Library/Developer/Xcode/DerivedData/Lyo-eagkiegzrakogpczynhkaholsscs/SourcePackages/checkouts/GoogleUtilities
    write-file /Users/hectorgarcia/Library/Developer/Xcode/DerivedData/Build/Intermediates.noindex/GoogleUtilities.build/Debug-iphonesimulator/GoogleUtilities-Reachability.build/Objects-normal/x86_64/GoogleUtilities-Reachability.LinkFileList

WriteAuxiliaryFile /Users/hectorgarcia/Library/Developer/Xcode/DerivedData/Build/Intermediates.noindex/GoogleUtilities.build/Debug-iphonesimulator/GoogleUtilities-Reachability.build/GoogleUtilities-Reachability.modulemap (in target 'GoogleUtilities-Reachability' from project 'GoogleUtilities')
    cd /Users/hectorgarcia/Library/Developer/Xcode/DerivedData/Lyo-eagkiegzrakogpczynhkaholsscs/SourcePackages/checkouts/GoogleUtilities
    write-file /Users/hectorgarcia/Library/Developer/Xcode/DerivedData/Build/Intermediates.noindex/GoogleUtilities.build/Debug-iphonesimulator/GoogleUtilities-Reachability.build/GoogleUtilities-Reachability.modulemap

WriteAuxiliaryFile /Users/hectorgarcia/Library/Developer/Xcode/DerivedData/Build/Intermediates.noindex/GoogleUtilities.build/Debug-iphonesimulator/GoogleUtilities-Reachability.build/GoogleUtilities-Reachability.DependencyStaticMetadataFileList (in target 'GoogleUtilities-Reachability' from project 'GoogleUtilities')
    cd /Users/hectorgarcia/Library/Developer/Xcode/DerivedData/Lyo-eagkiegzrakogpczynhkaholsscs/SourcePackages/checkouts/GoogleUtilities
    write-file /Users/hectorgarcia/Library/Developer/Xcode/DerivedData/Build/Intermediates.noindex/GoogleUtilities.build/Debug-iphonesimulator/GoogleUtilities-Reachability.build/GoogleUtilities-Reachability.DependencyStaticMetadataFileList

Copy /Users/hectorgarcia/Library/Developer/Xcode/DerivedData/Build/Intermediates.noindex/GeneratedModuleMaps-iphonesimulator/GoogleUtilities-UserDefaults.modulemap /Users/hectorgarcia/Library/Developer/Xcode/DerivedData/Build/Intermediates.noindex/GoogleUtilities.build/Debug-iphonesimulator/GoogleUtilities-UserDefaults.build/GoogleUtilities-UserDefaults.modulemap (in target 'GoogleUtilities-UserDefaults' from project 'GoogleUtilities')
    cd /Users/hectorgarcia/Library/Developer/Xcode/DerivedData/Lyo-eagkiegzrakogpczynhkaholsscs/SourcePackages/checkouts/GoogleUtilities
    builtin-copy -exclude .DS_Store -exclude CVS -exclude .svn -exclude .git -exclude .hg -resolve-src-symlinks /Users/hectorgarcia/Library/Developer/Xcode/DerivedData/Build/Intermediates.noindex/GoogleUtilities.build/Debug-iphonesimulator/GoogleUtilities-UserDefaults.build/GoogleUtilities-UserDefaults.modulemap /Users/hectorgarcia/Library/Developer/Xcode/DerivedData/Build/Intermediates.noindex/GeneratedModuleMaps-iphonesimulator

WriteAuxiliaryFile /Users/hectorgarcia/Library/Developer/Xcode/DerivedData/Build/Intermediates.noindex/GoogleUtilities.build/Debug-iphonesimulator/GoogleUtilities-Reachability.build/GoogleUtilities-Reachability.DependencyMetadataFileList (in target 'GoogleUtilities-Reachability' from project 'GoogleUtilities')
    cd /Users/hectorgarcia/Library/Developer/Xcode/DerivedData/Lyo-eagkiegzrakogpczynhkaholsscs/SourcePackages/checkouts/GoogleUtilities
    write-file /Users/hectorgarcia/Library/Developer/Xcode/DerivedData/Build/Intermediates.noindex/GoogleUtilities.build/Debug-iphonesimulator/GoogleUtilities-Reachability.build/GoogleUtilities-Reachability.DependencyMetadataFileList

WriteAuxiliaryFile /Users/hectorgarcia/Library/Developer/Xcode/DerivedData/Build/Intermediates.noindex/GoogleUtilities.build/Debug-iphonesimulator/GoogleUtilities-Reachability.build/DerivedSources/resource_bundle_accessor.m (in target 'GoogleUtilities-Reachability' from project 'GoogleUtilities')
    cd /Users/hectorgarcia/Library/Developer/Xcode/DerivedData/Lyo-eagkiegzrakogpczynhkaholsscs/SourcePackages/checkouts/GoogleUtilities
    write-file /Users/hectorgarcia/Library/Developer/Xcode/DerivedData/Build/Intermediates.noindex/GoogleUtilities.build/Debug-iphonesimulator/GoogleUtilities-Reachability.build/DerivedSources/resource_bundle_accessor.m

WriteAuxiliaryFile /Users/hectorgarcia/Library/Developer/Xcode/DerivedData/Build/Intermediates.noindex/GoogleUtilities.build/Debug-iphonesimulator/GoogleUtilities-Reachability.build/DerivedSources/resource_bundle_accessor.h (in target 'GoogleUtilities-Reachability' from project 'GoogleUtilities')
    cd /Users/hectorgarcia/Library/Developer/Xcode/DerivedData/Lyo-eagkiegzrakogpczynhkaholsscs/SourcePackages/checkouts/GoogleUtilities
    write-file /Users/hectorgarcia/Library/Developer/Xcode/DerivedData/Build/Intermediates.noindex/GoogleUtilities.build/Debug-iphonesimulator/GoogleUtilities-Reachability.build/DerivedSources/resource_bundle_accessor.h

WriteAuxiliaryFile /Users/hectorgarcia/Library/Developer/Xcode/DerivedData/Build/Intermediates.noindex/GoogleUtilities.build/Debug-iphonesimulator/GoogleUtilities-Network.build/Objects-normal/x86_64/e6072d4f65d7061329687fe24e3d63a7-common-args.resp (in target 'GoogleUtilities-Network' from project 'GoogleUtilities')
    cd /Users/hectorgarcia/Library/Developer/Xcode/DerivedData/Lyo-eagkiegzrakogpczynhkaholsscs/SourcePackages/checkouts/GoogleUtilities
    write-file /Users/hectorgarcia/Library/Developer/Xcode/DerivedData/Build/Intermediates.noindex/GoogleUtilities.build/Debug-iphonesimulator/GoogleUtilities-Network.build/Objects-normal/x86_64/e6072d4f65d7061329687fe24e3d63a7-common-args.resp
-target x86_64-apple-ios12.0-simulator '-std=c99' -fobjc-arc -fmodules -gmodules '-fmodules-cache-path=/Users/hectorgarcia/Library/Developer/Xcode/DerivedData/ModuleCache.noindex' '-fmodule-name=GoogleUtilities_Network' -fpascal-strings -O0 -DSWIFT_PACKAGE '-DDEBUG=1' '-DOBJC_OLD_DISPATCH_PROTOTYPES=1' -isysroot /Users/hectorgarcia/Downloads/Xcode.app/Contents/Developer/Platforms/iPhoneSimulator.platform/Developer/SDKs/iPhoneSimulator26.2.sdk -fasm-blocks -g '-fobjc-abi-version=2' -fobjc-legacy-dispatch -I/Users/hectorgarcia/Library/Developer/Xcode/DerivedData/Lyo-eagkiegzrakogpczynhkaholsscs/SourcePackages/checkouts/promises/Sources/FBLPromises/include -I/Users/hectorgarcia/Library/Developer/Xcode/DerivedData/Lyo-eagkiegzrakogpczynhkaholsscs/SourcePackages/checkouts/GoogleUtilities/GoogleUtilities/Reachability/Public -I/Users/hectorgarcia/Library/Developer/Xcode/DerivedData/Lyo-eagkiegzrakogpczynhkaholsscs/SourcePackages/checkouts/GoogleUtilities/GoogleUtilities/NSData+zlib/Public -I/Users/hectorgarcia/Library/Developer/Xcode/DerivedData/Lyo-eagkiegzrakogpczynhkaholsscs/SourcePackages/checkouts/GoogleUtilities/GoogleUtilities/Logger/Public -I/Users/hectorgarcia/Library/Developer/Xcode/DerivedData/Lyo-eagkiegzrakogpczynhkaholsscs/SourcePackages/checkouts/GoogleUtilities/GoogleUtilities/Environment/Public -I/Users/hectorgarcia/Library/Developer/Xcode/DerivedData/Lyo-eagkiegzrakogpczynhkaholsscs/SourcePackages/checkouts/GoogleUtilities/third_party/IsAppEncrypted/Public -I/Users/hectorgarcia/Library/Developer/Xcode/DerivedData/Build/Products/Debug-iphonesimulator/include -I/Users/hectorgarcia/Library/Developer/Xcode/DerivedData/Lyo-eagkiegzrakogpczynhkaholsscs/SourcePackages/checkouts/GoogleUtilities/GoogleUtilities/Network/Public -I/Users/hectorgarcia/Library/Developer/Xcode/DerivedData/Lyo-eagkiegzrakogpczynhkaholsscs/SourcePackages/checkouts/GoogleUtilities -I/Users/hectorgarcia/Library/Developer/Xcode/DerivedData/Build/Intermediates.noindex/GoogleUtilities.build/Debug-iphonesimulator/GoogleUtilities-Network.build/DerivedSources-normal/x86_64 -I/Users/hectorgarcia/Library/Developer/Xcode/DerivedData/Build/Intermediates.noindex/GoogleUtilities.build/Debug-iphonesimulator/GoogleUtilities-Network.build/DerivedSources/x86_64 -I/Users/hectorgarcia/Library/Developer/Xcode/DerivedData/Build/Intermediates.noindex/GoogleUtilities.build/Debug-iphonesimulator/GoogleUtilities-Network.build/DerivedSources -F/Users/hectorgarcia/Library/Developer/Xcode/DerivedData/Build/Products/Debug-iphonesimulator/PackageFrameworks -F/Users/hectorgarcia/Library/Developer/Xcode/DerivedData/Build/Products/Debug-iphonesimulator/PackageFrameworks -F/Users/hectorgarcia/Library/Developer/Xcode/DerivedData/Build/Products/Debug-iphonesimulator/PackageFrameworks -F/Users/hectorgarcia/Library/Developer/Xcode/DerivedData/Build/Products/Debug-iphonesimulator/PackageFrameworks -F/Users/hectorgarcia/Library/Developer/Xcode/DerivedData/Build/Products/Debug-iphonesimulator/PackageFrameworks -F/Users/hectorgarcia/Library/Developer/Xcode/DerivedData/Build/Products/Debug-iphonesimulator/PackageFrameworks -F/Users/hectorgarcia/Library/Developer/Xcode/DerivedData/Build/Products/Debug-iphonesimulator -iframework /Users/hectorgarcia/Downloads/Xcode.app/Contents/Developer/Platforms/iPhoneSimulator.platform/Developer/Library/Frameworks -iframework /Users/hectorgarcia/Downloads/Xcode.app/Contents/Developer/Platforms/iPhoneSimulator.platform/Developer/SDKs/iPhoneSimulator26.2.sdk/Developer/Library/Frameworks '-fmodule-map-file=/Users/hectorgarcia/Library/Developer/Xcode/DerivedData/Build/Intermediates.noindex/GeneratedModuleMaps-iphonesimulator/GoogleUtilities-Reachability.modulemap' '-fmodule-map-file=/Users/hectorgarcia/Library/Developer/Xcode/DerivedData/Build/Intermediates.noindex/GeneratedModuleMaps-iphonesimulator/GoogleUtilities-NSData.modulemap' '-fmodule-map-file=/Users/hectorgarcia/Library/Developer/Xcode/DerivedData/Build/Intermediates.noindex/GeneratedModuleMaps-iphonesimulator/GoogleUtilities-Logger.modulemap' '-fmodule-map-file=/Users/hectorgarcia/Library/Developer/Xcode/DerivedData/Build/Intermediates.noindex/GeneratedModuleMaps-iphonesimulator/GoogleUtilities-Environment.modulemap' '-fmodule-map-file=/Users/hectorgarcia/Library/Developer/Xcode/DerivedData/Build/Intermediates.noindex/GeneratedModuleMaps-iphonesimulator/third-party-IsAppEncrypted.modulemap' -DXcode
WriteAuxiliaryFile /Users/hectorgarcia/Library/Developer/Xcode/DerivedData/Build/Intermediates.noindex/GoogleUtilities.build/Debug-iphonesimulator/GoogleUtilities-Network.build/Objects-normal/x86_64/GoogleUtilities-Network.LinkFileList (in target 'GoogleUtilities-Network' from project 'GoogleUtilities')
    cd /Users/hectorgarcia/Library/Developer/Xcode/DerivedData/Lyo-eagkiegzrakogpczynhkaholsscs/SourcePackages/checkouts/GoogleUtilities
    write-file /Users/hectorgarcia/Library/Developer/Xcode/DerivedData/Build/Intermediates.noindex/GoogleUtilities.build/Debug-iphonesimulator/GoogleUtilities-Network.build/Objects-normal/x86_64/GoogleUtilities-Network.LinkFileList

WriteAuxiliaryFile /Users/hectorgarcia/Library/Developer/Xcode/DerivedData/Build/Intermediates.noindex/GoogleUtilities.build/Debug-iphonesimulator/GoogleUtilities-Network.build/GoogleUtilities-Network.modulemap (in target 'GoogleUtilities-Network' from project 'GoogleUtilities')
    cd /Users/hectorgarcia/Library/Developer/Xcode/DerivedData/Lyo-eagkiegzrakogpczynhkaholsscs/SourcePackages/checkouts/GoogleUtilities
    write-file /Users/hectorgarcia/Library/Developer/Xcode/DerivedData/Build/Intermediates.noindex/GoogleUtilities.build/Debug-iphonesimulator/GoogleUtilities-Network.build/GoogleUtilities-Network.modulemap

WriteAuxiliaryFile /Users/hectorgarcia/Library/Developer/Xcode/DerivedData/Build/Intermediates.noindex/GoogleUtilities.build/Debug-iphonesimulator/GoogleUtilities-Network.build/GoogleUtilities-Network.DependencyStaticMetadataFileList (in target 'GoogleUtilities-Network' from project 'GoogleUtilities')
    cd /Users/hectorgarcia/Library/Developer/Xcode/DerivedData/Lyo-eagkiegzrakogpczynhkaholsscs/SourcePackages/checkouts/GoogleUtilities
    write-file /Users/hectorgarcia/Library/Developer/Xcode/DerivedData/Build/Intermediates.noindex/GoogleUtilities.build/Debug-iphonesimulator/GoogleUtilities-Network.build/GoogleUtilities-Network.DependencyStaticMetadataFileList

Copy /Users/hectorgarcia/Library/Developer/Xcode/DerivedData/Build/Intermediates.noindex/GeneratedModuleMaps-iphonesimulator/GoogleUtilities-Reachability.modulemap /Users/hectorgarcia/Library/Developer/Xcode/DerivedData/Build/Intermediates.noindex/GoogleUtilities.build/Debug-iphonesimulator/GoogleUtilities-Reachability.build/GoogleUtilities-Reachability.modulemap (in target 'GoogleUtilities-Reachability' from project 'GoogleUtilities')
    cd /Users/hectorgarcia/Library/Developer/Xcode/DerivedData/Lyo-eagkiegzrakogpczynhkaholsscs/SourcePackages/checkouts/GoogleUtilities
    builtin-copy -exclude .DS_Store -exclude CVS -exclude .svn -exclude .git -exclude .hg -resolve-src-symlinks /Users/hectorgarcia/Library/Developer/Xcode/DerivedData/Build/Intermediates.noindex/GoogleUtilities.build/Debug-iphonesimulator/GoogleUtilities-Reachability.build/GoogleUtilities-Reachability.modulemap /Users/hectorgarcia/Library/Developer/Xcode/DerivedData/Build/Intermediates.noindex/GeneratedModuleMaps-iphonesimulator

WriteAuxiliaryFile /Users/hectorgarcia/Library/Developer/Xcode/DerivedData/Build/Intermediates.noindex/GoogleUtilities.build/Debug-iphonesimulator/GoogleUtilities-Network.build/GoogleUtilities-Network.DependencyMetadataFileList (in target 'GoogleUtilities-Network' from project 'GoogleUtilities')
    cd /Users/hectorgarcia/Library/Developer/Xcode/DerivedData/Lyo-eagkiegzrakogpczynhkaholsscs/SourcePackages/checkouts/GoogleUtilities
    write-file /Users/hectorgarcia/Library/Developer/Xcode/DerivedData/Build/Intermediates.noindex/GoogleUtilities.build/Debug-iphonesimulator/GoogleUtilities-Network.build/GoogleUtilities-Network.DependencyMetadataFileList

WriteAuxiliaryFile /Users/hectorgarcia/Library/Developer/Xcode/DerivedData/Build/Intermediates.noindex/GoogleUtilities.build/Debug-iphonesimulator/GoogleUtilities-Network.build/DerivedSources/resource_bundle_accessor.h (in target 'GoogleUtilities-Network' from project 'GoogleUtilities')
    cd /Users/hectorgarcia/Library/Developer/Xcode/DerivedData/Lyo-eagkiegzrakogpczynhkaholsscs/SourcePackages/checkouts/GoogleUtilities
    write-file /Users/hectorgarcia/Library/Developer/Xcode/DerivedData/Build/Intermediates.noindex/GoogleUtilities.build/Debug-iphonesimulator/GoogleUtilities-Network.build/DerivedSources/resource_bundle_accessor.h

WriteAuxiliaryFile /Users/hectorgarcia/Library/Developer/Xcode/DerivedData/Build/Intermediates.noindex/GoogleUtilities.build/Debug-iphonesimulator/GoogleUtilities-Network.build/DerivedSources/resource_bundle_accessor.m (in target 'GoogleUtilities-Network' from project 'GoogleUtilities')
    cd /Users/hectorgarcia/Library/Developer/Xcode/DerivedData/Lyo-eagkiegzrakogpczynhkaholsscs/SourcePackages/checkouts/GoogleUtilities
    write-file /Users/hectorgarcia/Library/Developer/Xcode/DerivedData/Build/Intermediates.noindex/GoogleUtilities.build/Debug-iphonesimulator/GoogleUtilities-Network.build/DerivedSources/resource_bundle_accessor.m

WriteAuxiliaryFile /Users/hectorgarcia/Library/Developer/Xcode/DerivedData/Build/Intermediates.noindex/GoogleUtilities.build/Debug-iphonesimulator/GoogleUtilities-NSData.build/Objects-normal/x86_64/GoogleUtilities-NSData.LinkFileList (in target 'GoogleUtilities-NSData' from project 'GoogleUtilities')
    cd /Users/hectorgarcia/Library/Developer/Xcode/DerivedData/Lyo-eagkiegzrakogpczynhkaholsscs/SourcePackages/checkouts/GoogleUtilities
    write-file /Users/hectorgarcia/Library/Developer/Xcode/DerivedData/Build/Intermediates.noindex/GoogleUtilities.build/Debug-iphonesimulator/GoogleUtilities-NSData.build/Objects-normal/x86_64/GoogleUtilities-NSData.LinkFileList

WriteAuxiliaryFile /Users/hectorgarcia/Library/Developer/Xcode/DerivedData/Build/Intermediates.noindex/GoogleUtilities.build/Debug-iphonesimulator/GoogleUtilities-NSData.build/Objects-normal/x86_64/e6072d4f65d7061329687fe24e3d63a7-common-args.resp (in target 'GoogleUtilities-NSData' from project 'GoogleUtilities')
    cd /Users/hectorgarcia/Library/Developer/Xcode/DerivedData/Lyo-eagkiegzrakogpczynhkaholsscs/SourcePackages/checkouts/GoogleUtilities
    write-file /Users/hectorgarcia/Library/Developer/Xcode/DerivedData/Build/Intermediates.noindex/GoogleUtilities.build/Debug-iphonesimulator/GoogleUtilities-NSData.build/Objects-normal/x86_64/e6072d4f65d7061329687fe24e3d63a7-common-args.resp
-target x86_64-apple-ios12.0-simulator '-std=c99' -fobjc-arc -fmodules -gmodules '-fmodules-cache-path=/Users/hectorgarcia/Library/Developer/Xcode/DerivedData/ModuleCache.noindex' '-fmodule-name=GoogleUtilities_NSData' -fpascal-strings -O0 -DSWIFT_PACKAGE '-DDEBUG=1' '-DOBJC_OLD_DISPATCH_PROTOTYPES=1' -isysroot /Users/hectorgarcia/Downloads/Xcode.app/Contents/Developer/Platforms/iPhoneSimulator.platform/Developer/SDKs/iPhoneSimulator26.2.sdk -fasm-blocks -g '-fobjc-abi-version=2' -fobjc-legacy-dispatch -I/Users/hectorgarcia/Library/Developer/Xcode/DerivedData/Build/Products/Debug-iphonesimulator/include -I/Users/hectorgarcia/Library/Developer/Xcode/DerivedData/Lyo-eagkiegzrakogpczynhkaholsscs/SourcePackages/checkouts/GoogleUtilities/GoogleUtilities/NSData+zlib/Public -I/Users/hectorgarcia/Library/Developer/Xcode/DerivedData/Lyo-eagkiegzrakogpczynhkaholsscs/SourcePackages/checkouts/GoogleUtilities -I/Users/hectorgarcia/Library/Developer/Xcode/DerivedData/Build/Intermediates.noindex/GoogleUtilities.build/Debug-iphonesimulator/GoogleUtilities-NSData.build/DerivedSources-normal/x86_64 -I/Users/hectorgarcia/Library/Developer/Xcode/DerivedData/Build/Intermediates.noindex/GoogleUtilities.build/Debug-iphonesimulator/GoogleUtilities-NSData.build/DerivedSources/x86_64 -I/Users/hectorgarcia/Library/Developer/Xcode/DerivedData/Build/Intermediates.noindex/GoogleUtilities.build/Debug-iphonesimulator/GoogleUtilities-NSData.build/DerivedSources -F/Users/hectorgarcia/Library/Developer/Xcode/DerivedData/Build/Products/Debug-iphonesimulator -iframework /Users/hectorgarcia/Downloads/Xcode.app/Contents/Developer/Platforms/iPhoneSimulator.platform/Developer/Library/Frameworks -iframework /Users/hectorgarcia/Downloads/Xcode.app/Contents/Developer/Platforms/iPhoneSimulator.platform/Developer/SDKs/iPhoneSimulator26.2.sdk/Developer/Library/Frameworks -DXcode
WriteAuxiliaryFile /Users/hectorgarcia/Library/Developer/Xcode/DerivedData/Build/Intermediates.noindex/GoogleUtilities.build/Debug-iphonesimulator/GoogleUtilities-NSData.build/GoogleUtilities-NSData.modulemap (in target 'GoogleUtilities-NSData' from project 'GoogleUtilities')
    cd /Users/hectorgarcia/Library/Developer/Xcode/DerivedData/Lyo-eagkiegzrakogpczynhkaholsscs/SourcePackages/checkouts/GoogleUtilities
    write-file /Users/hectorgarcia/Library/Developer/Xcode/DerivedData/Build/Intermediates.noindex/GoogleUtilities.build/Debug-iphonesimulator/GoogleUtilities-NSData.build/GoogleUtilities-NSData.modulemap

WriteAuxiliaryFile /Users/hectorgarcia/Library/Developer/Xcode/DerivedData/Build/Intermediates.noindex/GoogleUtilities.build/Debug-iphonesimulator/GoogleUtilities-NSData.build/GoogleUtilities-NSData.DependencyStaticMetadataFileList (in target 'GoogleUtilities-NSData' from project 'GoogleUtilities')
    cd /Users/hectorgarcia/Library/Developer/Xcode/DerivedData/Lyo-eagkiegzrakogpczynhkaholsscs/SourcePackages/checkouts/GoogleUtilities
    write-file /Users/hectorgarcia/Library/Developer/Xcode/DerivedData/Build/Intermediates.noindex/GoogleUtilities.build/Debug-iphonesimulator/GoogleUtilities-NSData.build/GoogleUtilities-NSData.DependencyStaticMetadataFileList

Copy /Users/hectorgarcia/Library/Developer/Xcode/DerivedData/Build/Intermediates.noindex/GeneratedModuleMaps-iphonesimulator/GoogleUtilities-Network.modulemap /Users/hectorgarcia/Library/Developer/Xcode/DerivedData/Build/Intermediates.noindex/GoogleUtilities.build/Debug-iphonesimulator/GoogleUtilities-Network.build/GoogleUtilities-Network.modulemap (in target 'GoogleUtilities-Network' from project 'GoogleUtilities')
    cd /Users/hectorgarcia/Library/Developer/Xcode/DerivedData/Lyo-eagkiegzrakogpczynhkaholsscs/SourcePackages/checkouts/GoogleUtilities
    builtin-copy -exclude .DS_Store -exclude CVS -exclude .svn -exclude .git -exclude .hg -resolve-src-symlinks /Users/hectorgarcia/Library/Developer/Xcode/DerivedData/Build/Intermediates.noindex/GoogleUtilities.build/Debug-iphonesimulator/GoogleUtilities-Network.build/GoogleUtilities-Network.modulemap /Users/hectorgarcia/Library/Developer/Xcode/DerivedData/Build/Intermediates.noindex/GeneratedModuleMaps-iphonesimulator

WriteAuxiliaryFile /Users/hectorgarcia/Library/Developer/Xcode/DerivedData/Build/Intermediates.noindex/GoogleUtilities.build/Debug-iphonesimulator/GoogleUtilities-NSData.build/GoogleUtilities-NSData.DependencyMetadataFileList (in target 'GoogleUtilities-NSData' from project 'GoogleUtilities')
    cd /Users/hectorgarcia/Library/Developer/Xcode/DerivedData/Lyo-eagkiegzrakogpczynhkaholsscs/SourcePackages/checkouts/GoogleUtilities
    write-file /Users/hectorgarcia/Library/Developer/Xcode/DerivedData/Build/Intermediates.noindex/GoogleUtilities.build/Debug-iphonesimulator/GoogleUtilities-NSData.build/GoogleUtilities-NSData.DependencyMetadataFileList

WriteAuxiliaryFile /Users/hectorgarcia/Library/Developer/Xcode/DerivedData/Build/Intermediates.noindex/GoogleUtilities.build/Debug-iphonesimulator/GoogleUtilities-NSData.build/DerivedSources/resource_bundle_accessor.h (in target 'GoogleUtilities-NSData' from project 'GoogleUtilities')
    cd /Users/hectorgarcia/Library/Developer/Xcode/DerivedData/Lyo-eagkiegzrakogpczynhkaholsscs/SourcePackages/checkouts/GoogleUtilities
    write-file /Users/hectorgarcia/Library/Developer/Xcode/DerivedData/Build/Intermediates.noindex/GoogleUtilities.build/Debug-iphonesimulator/GoogleUtilities-NSData.build/DerivedSources/resource_bundle_accessor.h

WriteAuxiliaryFile /Users/hectorgarcia/Library/Developer/Xcode/DerivedData/Build/Intermediates.noindex/GoogleUtilities.build/Debug-iphonesimulator/GoogleUtilities-NSData.build/DerivedSources/resource_bundle_accessor.m (in target 'GoogleUtilities-NSData' from project 'GoogleUtilities')
    cd /Users/hectorgarcia/Library/Developer/Xcode/DerivedData/Lyo-eagkiegzrakogpczynhkaholsscs/SourcePackages/checkouts/GoogleUtilities
    write-file /Users/hectorgarcia/Library/Developer/Xcode/DerivedData/Build/Intermediates.noindex/GoogleUtilities.build/Debug-iphonesimulator/GoogleUtilities-NSData.build/DerivedSources/resource_bundle_accessor.m

WriteAuxiliaryFile /Users/hectorgarcia/Library/Developer/Xcode/DerivedData/Build/Intermediates.noindex/GoogleUtilities.build/Debug-iphonesimulator/GoogleUtilities-Logger.build/Objects-normal/x86_64/e6072d4f65d7061329687fe24e3d63a7-common-args.resp (in target 'GoogleUtilities-Logger' from project 'GoogleUtilities')
    cd /Users/hectorgarcia/Library/Developer/Xcode/DerivedData/Lyo-eagkiegzrakogpczynhkaholsscs/SourcePackages/checkouts/GoogleUtilities
    write-file /Users/hectorgarcia/Library/Developer/Xcode/DerivedData/Build/Intermediates.noindex/GoogleUtilities.build/Debug-iphonesimulator/GoogleUtilities-Logger.build/Objects-normal/x86_64/e6072d4f65d7061329687fe24e3d63a7-common-args.resp
-target x86_64-apple-ios12.0-simulator '-std=c99' -fobjc-arc -fmodules -gmodules '-fmodules-cache-path=/Users/hectorgarcia/Library/Developer/Xcode/DerivedData/ModuleCache.noindex' '-fmodule-name=GoogleUtilities_Logger' -fpascal-strings -O0 -DSWIFT_PACKAGE '-DDEBUG=1' '-DOBJC_OLD_DISPATCH_PROTOTYPES=1' -isysroot /Users/hectorgarcia/Downloads/Xcode.app/Contents/Developer/Platforms/iPhoneSimulator.platform/Developer/SDKs/iPhoneSimulator26.2.sdk -fasm-blocks -g '-fobjc-abi-version=2' -fobjc-legacy-dispatch -I/Users/hectorgarcia/Library/Developer/Xcode/DerivedData/Lyo-eagkiegzrakogpczynhkaholsscs/SourcePackages/checkouts/promises/Sources/FBLPromises/include -I/Users/hectorgarcia/Library/Developer/Xcode/DerivedData/Lyo-eagkiegzrakogpczynhkaholsscs/SourcePackages/checkouts/GoogleUtilities/GoogleUtilities/Environment/Public -I/Users/hectorgarcia/Library/Developer/Xcode/DerivedData/Lyo-eagkiegzrakogpczynhkaholsscs/SourcePackages/checkouts/GoogleUtilities/third_party/IsAppEncrypted/Public -I/Users/hectorgarcia/Library/Developer/Xcode/DerivedData/Build/Products/Debug-iphonesimulator/include -I/Users/hectorgarcia/Library/Developer/Xcode/DerivedData/Lyo-eagkiegzrakogpczynhkaholsscs/SourcePackages/checkouts/GoogleUtilities/GoogleUtilities/Logger/Public -I/Users/hectorgarcia/Library/Developer/Xcode/DerivedData/Lyo-eagkiegzrakogpczynhkaholsscs/SourcePackages/checkouts/GoogleUtilities -I/Users/hectorgarcia/Library/Developer/Xcode/DerivedData/Build/Intermediates.noindex/GoogleUtilities.build/Debug-iphonesimulator/GoogleUtilities-Logger.build/DerivedSources-normal/x86_64 -I/Users/hectorgarcia/Library/Developer/Xcode/DerivedData/Build/Intermediates.noindex/GoogleUtilities.build/Debug-iphonesimulator/GoogleUtilities-Logger.build/DerivedSources/x86_64 -I/Users/hectorgarcia/Library/Developer/Xcode/DerivedData/Build/Intermediates.noindex/GoogleUtilities.build/Debug-iphonesimulator/GoogleUtilities-Logger.build/DerivedSources -F/Users/hectorgarcia/Library/Developer/Xcode/DerivedData/Build/Products/Debug-iphonesimulator/PackageFrameworks -F/Users/hectorgarcia/Library/Developer/Xcode/DerivedData/Build/Products/Debug-iphonesimulator/PackageFrameworks -F/Users/hectorgarcia/Library/Developer/Xcode/DerivedData/Build/Products/Debug-iphonesimulator/PackageFrameworks -F/Users/hectorgarcia/Library/Developer/Xcode/DerivedData/Build/Products/Debug-iphonesimulator -iframework /Users/hectorgarcia/Downloads/Xcode.app/Contents/Developer/Platforms/iPhoneSimulator.platform/Developer/Library/Frameworks -iframework /Users/hectorgarcia/Downloads/Xcode.app/Contents/Developer/Platforms/iPhoneSimulator.platform/Developer/SDKs/iPhoneSimulator26.2.sdk/Developer/Library/Frameworks '-fmodule-map-file=/Users/hectorgarcia/Library/Developer/Xcode/DerivedData/Build/Intermediates.noindex/GeneratedModuleMaps-iphonesimulator/GoogleUtilities-Environment.modulemap' '-fmodule-map-file=/Users/hectorgarcia/Library/Developer/Xcode/DerivedData/Build/Intermediates.noindex/GeneratedModuleMaps-iphonesimulator/third-party-IsAppEncrypted.modulemap' -DXcode
WriteAuxiliaryFile /Users/hectorgarcia/Library/Developer/Xcode/DerivedData/Build/Intermediates.noindex/GoogleUtilities.build/Debug-iphonesimulator/GoogleUtilities-Logger.build/Objects-normal/x86_64/GoogleUtilities-Logger.LinkFileList (in target 'GoogleUtilities-Logger' from project 'GoogleUtilities')
    cd /Users/hectorgarcia/Library/Developer/Xcode/DerivedData/Lyo-eagkiegzrakogpczynhkaholsscs/SourcePackages/checkouts/GoogleUtilities
    write-file /Users/hectorgarcia/Library/Developer/Xcode/DerivedData/Build/Intermediates.noindex/GoogleUtilities.build/Debug-iphonesimulator/GoogleUtilities-Logger.build/Objects-normal/x86_64/GoogleUtilities-Logger.LinkFileList

WriteAuxiliaryFile /Users/hectorgarcia/Library/Developer/Xcode/DerivedData/Build/Intermediates.noindex/GoogleUtilities.build/Debug-iphonesimulator/GoogleUtilities-Logger.build/GoogleUtilities-Logger.modulemap (in target 'GoogleUtilities-Logger' from project 'GoogleUtilities')
    cd /Users/hectorgarcia/Library/Developer/Xcode/DerivedData/Lyo-eagkiegzrakogpczynhkaholsscs/SourcePackages/checkouts/GoogleUtilities
    write-file /Users/hectorgarcia/Library/Developer/Xcode/DerivedData/Build/Intermediates.noindex/GoogleUtilities.build/Debug-iphonesimulator/GoogleUtilities-Logger.build/GoogleUtilities-Logger.modulemap

Copy /Users/hectorgarcia/Library/Developer/Xcode/DerivedData/Build/Intermediates.noindex/GeneratedModuleMaps-iphonesimulator/GoogleUtilities-NSData.modulemap /Users/hectorgarcia/Library/Developer/Xcode/DerivedData/Build/Intermediates.noindex/GoogleUtilities.build/Debug-iphonesimulator/GoogleUtilities-NSData.build/GoogleUtilities-NSData.modulemap (in target 'GoogleUtilities-NSData' from project 'GoogleUtilities')
    cd /Users/hectorgarcia/Library/Developer/Xcode/DerivedData/Lyo-eagkiegzrakogpczynhkaholsscs/SourcePackages/checkouts/GoogleUtilities
    builtin-copy -exclude .DS_Store -exclude CVS -exclude .svn -exclude .git -exclude .hg -resolve-src-symlinks /Users/hectorgarcia/Library/Developer/Xcode/DerivedData/Build/Intermediates.noindex/GoogleUtilities.build/Debug-iphonesimulator/GoogleUtilities-NSData.build/GoogleUtilities-NSData.modulemap /Users/hectorgarcia/Library/Developer/Xcode/DerivedData/Build/Intermediates.noindex/GeneratedModuleMaps-iphonesimulator

WriteAuxiliaryFile /Users/hectorgarcia/Library/Developer/Xcode/DerivedData/Build/Intermediates.noindex/GoogleUtilities.build/Debug-iphonesimulator/GoogleUtilities-Logger.build/GoogleUtilities-Logger.DependencyStaticMetadataFileList (in target 'GoogleUtilities-Logger' from project 'GoogleUtilities')
    cd /Users/hectorgarcia/Library/Developer/Xcode/DerivedData/Lyo-eagkiegzrakogpczynhkaholsscs/SourcePackages/checkouts/GoogleUtilities
    write-file /Users/hectorgarcia/Library/Developer/Xcode/DerivedData/Build/Intermediates.noindex/GoogleUtilities.build/Debug-iphonesimulator/GoogleUtilities-Logger.build/GoogleUtilities-Logger.DependencyStaticMetadataFileList

WriteAuxiliaryFile /Users/hectorgarcia/Library/Developer/Xcode/DerivedData/Build/Intermediates.noindex/GoogleUtilities.build/Debug-iphonesimulator/GoogleUtilities-Logger.build/GoogleUtilities-Logger.DependencyMetadataFileList (in target 'GoogleUtilities-Logger' from project 'GoogleUtilities')
    cd /Users/hectorgarcia/Library/Developer/Xcode/DerivedData/Lyo-eagkiegzrakogpczynhkaholsscs/SourcePackages/checkouts/GoogleUtilities
    write-file /Users/hectorgarcia/Library/Developer/Xcode/DerivedData/Build/Intermediates.noindex/GoogleUtilities.build/Debug-iphonesimulator/GoogleUtilities-Logger.build/GoogleUtilities-Logger.DependencyMetadataFileList

WriteAuxiliaryFile /Users/hectorgarcia/Library/Developer/Xcode/DerivedData/Build/Intermediates.noindex/GoogleUtilities.build/Debug-iphonesimulator/GoogleUtilities-Logger.build/DerivedSources/resource_bundle_accessor.h (in target 'GoogleUtilities-Logger' from project 'GoogleUtilities')
    cd /Users/hectorgarcia/Library/Developer/Xcode/DerivedData/Lyo-eagkiegzrakogpczynhkaholsscs/SourcePackages/checkouts/GoogleUtilities
    write-file /Users/hectorgarcia/Library/Developer/Xcode/DerivedData/Build/Intermediates.noindex/GoogleUtilities.build/Debug-iphonesimulator/GoogleUtilities-Logger.build/DerivedSources/resource_bundle_accessor.h

WriteAuxiliaryFile /Users/hectorgarcia/Library/Developer/Xcode/DerivedData/Build/Intermediates.noindex/GoogleUtilities.build/Debug-iphonesimulator/GoogleUtilities-Logger.build/DerivedSources/resource_bundle_accessor.m (in target 'GoogleUtilities-Logger' from project 'GoogleUtilities')
    cd /Users/hectorgarcia/Library/Developer/Xcode/DerivedData/Lyo-eagkiegzrakogpczynhkaholsscs/SourcePackages/checkouts/GoogleUtilities
    write-file /Users/hectorgarcia/Library/Developer/Xcode/DerivedData/Build/Intermediates.noindex/GoogleUtilities.build/Debug-iphonesimulator/GoogleUtilities-Logger.build/DerivedSources/resource_bundle_accessor.m

WriteAuxiliaryFile /Users/hectorgarcia/Library/Developer/Xcode/DerivedData/Build/Intermediates.noindex/GoogleUtilities.build/Debug-iphonesimulator/GoogleUtilities-Environment.build/Objects-normal/x86_64/e6072d4f65d7061329687fe24e3d63a7-common-args.resp (in target 'GoogleUtilities-Environment' from project 'GoogleUtilities')
    cd /Users/hectorgarcia/Library/Developer/Xcode/DerivedData/Lyo-eagkiegzrakogpczynhkaholsscs/SourcePackages/checkouts/GoogleUtilities
    write-file /Users/hectorgarcia/Library/Developer/Xcode/DerivedData/Build/Intermediates.noindex/GoogleUtilities.build/Debug-iphonesimulator/GoogleUtilities-Environment.build/Objects-normal/x86_64/e6072d4f65d7061329687fe24e3d63a7-common-args.resp
-target x86_64-apple-ios12.0-simulator '-std=c99' -fobjc-arc -fmodules -gmodules '-fmodules-cache-path=/Users/hectorgarcia/Library/Developer/Xcode/DerivedData/ModuleCache.noindex' '-fmodule-name=GoogleUtilities_Environment' -fpascal-strings -O0 -DSWIFT_PACKAGE '-DDEBUG=1' '-DOBJC_OLD_DISPATCH_PROTOTYPES=1' -isysroot /Users/hectorgarcia/Downloads/Xcode.app/Contents/Developer/Platforms/iPhoneSimulator.platform/Developer/SDKs/iPhoneSimulator26.2.sdk -fasm-blocks -g '-fobjc-abi-version=2' -fobjc-legacy-dispatch -I/Users/hectorgarcia/Library/Developer/Xcode/DerivedData/Lyo-eagkiegzrakogpczynhkaholsscs/SourcePackages/checkouts/promises/Sources/FBLPromises/include -I/Users/hectorgarcia/Library/Developer/Xcode/DerivedData/Lyo-eagkiegzrakogpczynhkaholsscs/SourcePackages/checkouts/GoogleUtilities/third_party/IsAppEncrypted/Public -I/Users/hectorgarcia/Library/Developer/Xcode/DerivedData/Build/Products/Debug-iphonesimulator/include -I/Users/hectorgarcia/Library/Developer/Xcode/DerivedData/Lyo-eagkiegzrakogpczynhkaholsscs/SourcePackages/checkouts/GoogleUtilities/GoogleUtilities/Environment/Public -I/Users/hectorgarcia/Library/Developer/Xcode/DerivedData/Lyo-eagkiegzrakogpczynhkaholsscs/SourcePackages/checkouts/GoogleUtilities -I/Users/hectorgarcia/Library/Developer/Xcode/DerivedData/Build/Intermediates.noindex/GoogleUtilities.build/Debug-iphonesimulator/GoogleUtilities-Environment.build/DerivedSources-normal/x86_64 -I/Users/hectorgarcia/Library/Developer/Xcode/DerivedData/Build/Intermediates.noindex/GoogleUtilities.build/Debug-iphonesimulator/GoogleUtilities-Environment.build/DerivedSources/x86_64 -I/Users/hectorgarcia/Library/Developer/Xcode/DerivedData/Build/Intermediates.noindex/GoogleUtilities.build/Debug-iphonesimulator/GoogleUtilities-Environment.build/DerivedSources -F/Users/hectorgarcia/Library/Developer/Xcode/DerivedData/Build/Products/Debug-iphonesimulator/PackageFrameworks -F/Users/hectorgarcia/Library/Developer/Xcode/DerivedData/Build/Products/Debug-iphonesimulator/PackageFrameworks -F/Users/hectorgarcia/Library/Developer/Xcode/DerivedData/Build/Products/Debug-iphonesimulator -iframework /Users/hectorgarcia/Downloads/Xcode.app/Contents/Developer/Platforms/iPhoneSimulator.platform/Developer/Library/Frameworks -iframework /Users/hectorgarcia/Downloads/Xcode.app/Contents/Developer/Platforms/iPhoneSimulator.platform/Developer/SDKs/iPhoneSimulator26.2.sdk/Developer/Library/Frameworks '-fmodule-map-file=/Users/hectorgarcia/Library/Developer/Xcode/DerivedData/Build/Intermediates.noindex/GeneratedModuleMaps-iphonesimulator/third-party-IsAppEncrypted.modulemap' -DXcode

WriteAuxiliaryFile /Users/hectorgarcia/Library/Developer/Xcode/DerivedData/Build/Intermediates.noindex/GoogleUtilities.build/Debug-iphonesimulator/GoogleUtilities-Environment.build/Objects-normal/x86_64/GoogleUtilities-Environment.LinkFileList (in target 'GoogleUtilities-Environment' from project 'GoogleUtilities')
    cd /Users/hectorgarcia/Library/Developer/Xcode/DerivedData/Lyo-eagkiegzrakogpczynhkaholsscs/SourcePackages/checkouts/GoogleUtilities
    write-file /Users/hectorgarcia/Library/Developer/Xcode/DerivedData/Build/Intermediates.noindex/GoogleUtilities.build/Debug-iphonesimulator/GoogleUtilities-Environment.build/Objects-normal/x86_64/GoogleUtilities-Environment.LinkFileList

WriteAuxiliaryFile /Users/hectorgarcia/Library/Developer/Xcode/DerivedData/Build/Intermediates.noindex/GoogleUtilities.build/Debug-iphonesimulator/GoogleUtilities-Environment.build/GoogleUtilities-Environment.modulemap (in target 'GoogleUtilities-Environment' from project 'GoogleUtilities')
    cd /Users/hectorgarcia/Library/Developer/Xcode/DerivedData/Lyo-eagkiegzrakogpczynhkaholsscs/SourcePackages/checkouts/GoogleUtilities
    write-file /Users/hectorgarcia/Library/Developer/Xcode/DerivedData/Build/Intermediates.noindex/GoogleUtilities.build/Debug-iphonesimulator/GoogleUtilities-Environment.build/GoogleUtilities-Environment.modulemap

Copy /Users/hectorgarcia/Library/Developer/Xcode/DerivedData/Build/Intermediates.noindex/GeneratedModuleMaps-iphonesimulator/GoogleUtilities-Logger.modulemap /Users/hectorgarcia/Library/Developer/Xcode/DerivedData/Build/Intermediates.noindex/GoogleUtilities.build/Debug-iphonesimulator/GoogleUtilities-Logger.build/GoogleUtilities-Logger.modulemap (in target 'GoogleUtilities-Logger' from project 'GoogleUtilities')
    cd /Users/hectorgarcia/Library/Developer/Xcode/DerivedData/Lyo-eagkiegzrakogpczynhkaholsscs/SourcePackages/checkouts/GoogleUtilities
    builtin-copy -exclude .DS_Store -exclude CVS -exclude .svn -exclude .git -exclude .hg -resolve-src-symlinks /Users/hectorgarcia/Library/Developer/Xcode/DerivedData/Build/Intermediates.noindex/GoogleUtilities.build/Debug-iphonesimulator/GoogleUtilities-Logger.build/GoogleUtilities-Logger.modulemap /Users/hectorgarcia/Library/Developer/Xcode/DerivedData/Build/Intermediates.noindex/GeneratedModuleMaps-iphonesimulator

WriteAuxiliaryFile /Users/hectorgarcia/Library/Developer/Xcode/DerivedData/Build/Intermediates.noindex/GoogleUtilities.build/Debug-iphonesimulator/GoogleUtilities-Environment.build/GoogleUtilities-Environment.DependencyStaticMetadataFileList (in target 'GoogleUtilities-Environment' from project 'GoogleUtilities')
    cd /Users/hectorgarcia/Library/Developer/Xcode/DerivedData/Lyo-eagkiegzrakogpczynhkaholsscs/SourcePackages/checkouts/GoogleUtilities
    write-file /Users/hectorgarcia/Library/Developer/Xcode/DerivedData/Build/Intermediates.noindex/GoogleUtilities.build/Debug-iphonesimulator/GoogleUtilities-Environment.build/GoogleUtilities-Environment.DependencyStaticMetadataFileList

WriteAuxiliaryFile /Users/hectorgarcia/Library/Developer/Xcode/DerivedData/Build/Intermediates.noindex/GoogleUtilities.build/Debug-iphonesimulator/GoogleUtilities-Environment.build/GoogleUtilities-Environment.DependencyMetadataFileList (in target 'GoogleUtilities-Environment' from project 'GoogleUtilities')
    cd /Users/hectorgarcia/Library/Developer/Xcode/DerivedData/Lyo-eagkiegzrakogpczynhkaholsscs/SourcePackages/checkouts/GoogleUtilities
    write-file /Users/hectorgarcia/Library/Developer/Xcode/DerivedData/Build/Intermediates.noindex/GoogleUtilities.build/Debug-iphonesimulator/GoogleUtilities-Environment.build/GoogleUtilities-Environment.DependencyMetadataFileList

WriteAuxiliaryFile /Users/hectorgarcia/Library/Developer/Xcode/DerivedData/Build/Intermediates.noindex/GoogleUtilities.build/Debug-iphonesimulator/GoogleUtilities-Environment.build/DerivedSources/resource_bundle_accessor.h (in target 'GoogleUtilities-Environment' from project 'GoogleUtilities')
    cd /Users/hectorgarcia/Library/Developer/Xcode/DerivedData/Lyo-eagkiegzrakogpczynhkaholsscs/SourcePackages/checkouts/GoogleUtilities
    write-file /Users/hectorgarcia/Library/Developer/Xcode/DerivedData/Build/Intermediates.noindex/GoogleUtilities.build/Debug-iphonesimulator/GoogleUtilities-Environment.build/DerivedSources/resource_bundle_accessor.h

WriteAuxiliaryFile /Users/hectorgarcia/Library/Developer/Xcode/DerivedData/Build/Intermediates.noindex/GoogleUtilities.build/Debug-iphonesimulator/GoogleUtilities-Environment.build/DerivedSources/resource_bundle_accessor.m (in target 'GoogleUtilities-Environment' from project 'GoogleUtilities')
    cd /Users/hectorgarcia/Library/Developer/Xcode/DerivedData/Lyo-eagkiegzrakogpczynhkaholsscs/SourcePackages/checkouts/GoogleUtilities
    write-file /Users/hectorgarcia/Library/Developer/Xcode/DerivedData/Build/Intermediates.noindex/GoogleUtilities.build/Debug-iphonesimulator/GoogleUtilities-Environment.build/DerivedSources/resource_bundle_accessor.m

WriteAuxiliaryFile /Users/hectorgarcia/Library/Developer/Xcode/DerivedData/Build/Intermediates.noindex/GoogleUtilities.build/Debug-iphonesimulator/GoogleUtilities-AppDelegateSwizzler.build/Objects-normal/x86_64/GoogleUtilities-AppDelegateSwizzler.LinkFileList (in target 'GoogleUtilities-AppDelegateSwizzler' from project 'GoogleUtilities')
    cd /Users/hectorgarcia/Library/Developer/Xcode/DerivedData/Lyo-eagkiegzrakogpczynhkaholsscs/SourcePackages/checkouts/GoogleUtilities
    write-file /Users/hectorgarcia/Library/Developer/Xcode/DerivedData/Build/Intermediates.noindex/GoogleUtilities.build/Debug-iphonesimulator/GoogleUtilities-AppDelegateSwizzler.build/Objects-normal/x86_64/GoogleUtilities-AppDelegateSwizzler.LinkFileList

WriteAuxiliaryFile /Users/hectorgarcia/Library/Developer/Xcode/DerivedData/Build/Intermediates.noindex/GoogleUtilities.build/Debug-iphonesimulator/GoogleUtilities-AppDelegateSwizzler.build/Objects-normal/x86_64/e6072d4f65d7061329687fe24e3d63a7-common-args.resp (in target 'GoogleUtilities-AppDelegateSwizzler' from project 'GoogleUtilities')
    cd /Users/hectorgarcia/Library/Developer/Xcode/DerivedData/Lyo-eagkiegzrakogpczynhkaholsscs/SourcePackages/checkouts/GoogleUtilities
    write-file /Users/hectorgarcia/Library/Developer/Xcode/DerivedData/Build/Intermediates.noindex/GoogleUtilities.build/Debug-iphonesimulator/GoogleUtilities-AppDelegateSwizzler.build/Objects-normal/x86_64/e6072d4f65d7061329687fe24e3d63a7-common-args.resp
-target x86_64-apple-ios12.0-simulator '-std=c99' -fobjc-arc -fmodules -gmodules '-fmodules-cache-path=/Users/hectorgarcia/Library/Developer/Xcode/DerivedData/ModuleCache.noindex' '-fmodule-name=GoogleUtilities_AppDelegateSwizzler' -fpascal-strings -O0 -DSWIFT_PACKAGE '-DDEBUG=1' '-DOBJC_OLD_DISPATCH_PROTOTYPES=1' -isysroot /Users/hectorgarcia/Downloads/Xcode.app/Contents/Developer/Platforms/iPhoneSimulator.platform/Developer/SDKs/iPhoneSimulator26.2.sdk -fasm-blocks -g '-fobjc-abi-version=2' -fobjc-legacy-dispatch -I/Users/hectorgarcia/Library/Developer/Xcode/DerivedData/Lyo-eagkiegzrakogpczynhkaholsscs/SourcePackages/checkouts/promises/Sources/FBLPromises/include -I/Users/hectorgarcia/Library/Developer/Xcode/DerivedData/Lyo-eagkiegzrakogpczynhkaholsscs/SourcePackages/checkouts/GoogleUtilities/GoogleUtilities/Network/Public -I/Users/hectorgarcia/Library/Developer/Xcode/DerivedData/Lyo-eagkiegzrakogpczynhkaholsscs/SourcePackages/checkouts/GoogleUtilities/GoogleUtilities/Reachability/Public -I/Users/hectorgarcia/Library/Developer/Xcode/DerivedData/Lyo-eagkiegzrakogpczynhkaholsscs/SourcePackages/checkouts/GoogleUtilities/GoogleUtilities/NSData+zlib/Public -I/Users/hectorgarcia/Library/Developer/Xcode/DerivedData/Lyo-eagkiegzrakogpczynhkaholsscs/SourcePackages/checkouts/GoogleUtilities/GoogleUtilities/Logger/Public -I/Users/hectorgarcia/Library/Developer/Xcode/DerivedData/Lyo-eagkiegzrakogpczynhkaholsscs/SourcePackages/checkouts/GoogleUtilities/GoogleUtilities/Environment/Public -I/Users/hectorgarcia/Library/Developer/Xcode/DerivedData/Lyo-eagkiegzrakogpczynhkaholsscs/SourcePackages/checkouts/GoogleUtilities/third_party/IsAppEncrypted/Public -I/Users/hectorgarcia/Library/Developer/Xcode/DerivedData/Build/Products/Debug-iphonesimulator/include -I/Users/hectorgarcia/Library/Developer/Xcode/DerivedData/Lyo-eagkiegzrakogpczynhkaholsscs/SourcePackages/checkouts/GoogleUtilities/GoogleUtilities/AppDelegateSwizzler/Public -I/Users/hectorgarcia/Library/Developer/Xcode/DerivedData/Lyo-eagkiegzrakogpczynhkaholsscs/SourcePackages/checkouts/GoogleUtilities -I/Users/hectorgarcia/Library/Developer/Xcode/DerivedData/Build/Intermediates.noindex/GoogleUtilities.build/Debug-iphonesimulator/GoogleUtilities-AppDelegateSwizzler.build/DerivedSources-normal/x86_64 -I/Users/hectorgarcia/Library/Developer/Xcode/DerivedData/Build/Intermediates.noindex/GoogleUtilities.build/Debug-iphonesimulator/GoogleUtilities-AppDelegateSwizzler.build/DerivedSources/x86_64 -I/Users/hectorgarcia/Library/Developer/Xcode/DerivedData/Build/Intermediates.noindex/GoogleUtilities.build/Debug-iphonesimulator/GoogleUtilities-AppDelegateSwizzler.build/DerivedSources -F/Users/hectorgarcia/Library/Developer/Xcode/DerivedData/Build/Products/Debug-iphonesimulator/PackageFrameworks -F/Users/hectorgarcia/Library/Developer/Xcode/DerivedData/Build/Products/Debug-iphonesimulator/PackageFrameworks -F/Users/hectorgarcia/Library/Developer/Xcode/DerivedData/Build/Products/Debug-iphonesimulator/PackageFrameworks -F/Users/hectorgarcia/Library/Developer/Xcode/DerivedData/Build/Products/Debug-iphonesimulator/PackageFrameworks -F/Users/hectorgarcia/Library/Developer/Xcode/DerivedData/Build/Products/Debug-iphonesimulator/PackageFrameworks -F/Users/hectorgarcia/Library/Developer/Xcode/DerivedData/Build/Products/Debug-iphonesimulator/PackageFrameworks -F/Users/hectorgarcia/Library/Developer/Xcode/DerivedData/Build/Products/Debug-iphonesimulator/PackageFrameworks -F/Users/hectorgarcia/Library/Developer/Xcode/DerivedData/Build/Products/Debug-iphonesimulator -iframework /Users/hectorgarcia/Downloads/Xcode.app/Contents/Developer/Platforms/iPhoneSimulator.platform/Developer/Library/Frameworks -iframework /Users/hectorgarcia/Downloads/Xcode.app/Contents/Developer/Platforms/iPhoneSimulator.platform/Developer/SDKs/iPhoneSimulator26.2.sdk/Developer/Library/Frameworks '-fmodule-map-file=/Users/hectorgarcia/Library/Developer/Xcode/DerivedData/Build/Intermediates.noindex/GeneratedModuleMaps-iphonesimulator/GoogleUtilities-Network.modulemap' '-fmodule-map-file=/Users/hectorgarcia/Library/Developer/Xcode/DerivedData/Build/Intermediates.noindex/GeneratedModuleMaps-iphonesimulator/GoogleUtilities-Reachability.modulemap' '-fmodule-map-file=/Users/hectorgarcia/Library/Developer/Xcode/DerivedData/Build/Intermediates.noindex/GeneratedModuleMaps-iphonesimulator/GoogleUtilities-NSData.modulemap' '-fmodule-map-file=/Users/hectorgarcia/Library/Developer/Xcode/DerivedData/Build/Intermediates.noindex/GeneratedModuleMaps-iphonesimulator/GoogleUtilities-Logger.modulemap' '-fmodule-map-file=/Users/hectorgarcia/Library/Developer/Xcode/DerivedData/Build/Intermediates.noindex/GeneratedModuleMaps-iphonesimulator/GoogleUtilities-Environment.modulemap' '-fmodule-map-file=/Users/hectorgarcia/Library/Developer/Xcode/DerivedData/Build/Intermediates.noindex/GeneratedModuleMaps-iphonesimulator/third-party-IsAppEncrypted.modulemap' -DXcode

WriteAuxiliaryFile /Users/hectorgarcia/Library/Developer/Xcode/DerivedData/Build/Intermediates.noindex/GoogleUtilities.build/Debug-iphonesimulator/GoogleUtilities-AppDelegateSwizzler.build/GoogleUtilities-AppDelegateSwizzler.modulemap (in target 'GoogleUtilities-AppDelegateSwizzler' from project 'GoogleUtilities')
    cd /Users/hectorgarcia/Library/Developer/Xcode/DerivedData/Lyo-eagkiegzrakogpczynhkaholsscs/SourcePackages/checkouts/GoogleUtilities
    write-file /Users/hectorgarcia/Library/Developer/Xcode/DerivedData/Build/Intermediates.noindex/GoogleUtilities.build/Debug-iphonesimulator/GoogleUtilities-AppDelegateSwizzler.build/GoogleUtilities-AppDelegateSwizzler.modulemap

Copy /Users/hectorgarcia/Library/Developer/Xcode/DerivedData/Build/Intermediates.noindex/GeneratedModuleMaps-iphonesimulator/GoogleUtilities-Environment.modulemap /Users/hectorgarcia/Library/Developer/Xcode/DerivedData/Build/Intermediates.noindex/GoogleUtilities.build/Debug-iphonesimulator/GoogleUtilities-Environment.build/GoogleUtilities-Environment.modulemap (in target 'GoogleUtilities-Environment' from project 'GoogleUtilities')
    cd /Users/hectorgarcia/Library/Developer/Xcode/DerivedData/Lyo-eagkiegzrakogpczynhkaholsscs/SourcePackages/checkouts/GoogleUtilities
    builtin-copy -exclude .DS_Store -exclude CVS -exclude .svn -exclude .git -exclude .hg -resolve-src-symlinks /Users/hectorgarcia/Library/Developer/Xcode/DerivedData/Build/Intermediates.noindex/GoogleUtilities.build/Debug-iphonesimulator/GoogleUtilities-Environment.build/GoogleUtilities-Environment.modulemap /Users/hectorgarcia/Library/Developer/Xcode/DerivedData/Build/Intermediates.noindex/GeneratedModuleMaps-iphonesimulator

WriteAuxiliaryFile /Users/hectorgarcia/Library/Developer/Xcode/DerivedData/Build/Intermediates.noindex/GoogleUtilities.build/Debug-iphonesimulator/GoogleUtilities-AppDelegateSwizzler.build/GoogleUtilities-AppDelegateSwizzler.DependencyStaticMetadataFileList (in target 'GoogleUtilities-AppDelegateSwizzler' from project 'GoogleUtilities')
    cd /Users/hectorgarcia/Library/Developer/Xcode/DerivedData/Lyo-eagkiegzrakogpczynhkaholsscs/SourcePackages/checkouts/GoogleUtilities
    write-file /Users/hectorgarcia/Library/Developer/Xcode/DerivedData/Build/Intermediates.noindex/GoogleUtilities.build/Debug-iphonesimulator/GoogleUtilities-AppDelegateSwizzler.build/GoogleUtilities-AppDelegateSwizzler.DependencyStaticMetadataFileList

WriteAuxiliaryFile /Users/hectorgarcia/Library/Developer/Xcode/DerivedData/Build/Intermediates.noindex/GoogleUtilities.build/Debug-iphonesimulator/GoogleUtilities-AppDelegateSwizzler.build/GoogleUtilities-AppDelegateSwizzler.DependencyMetadataFileList (in target 'GoogleUtilities-AppDelegateSwizzler' from project 'GoogleUtilities')
    cd /Users/hectorgarcia/Library/Developer/Xcode/DerivedData/Lyo-eagkiegzrakogpczynhkaholsscs/SourcePackages/checkouts/GoogleUtilities
    write-file /Users/hectorgarcia/Library/Developer/Xcode/DerivedData/Build/Intermediates.noindex/GoogleUtilities.build/Debug-iphonesimulator/GoogleUtilities-AppDelegateSwizzler.build/GoogleUtilities-AppDelegateSwizzler.DependencyMetadataFileList

WriteAuxiliaryFile /Users/hectorgarcia/Library/Developer/Xcode/DerivedData/Build/Intermediates.noindex/GoogleUtilities.build/Debug-iphonesimulator/GoogleUtilities-AppDelegateSwizzler.build/DerivedSources/resource_bundle_accessor.h (in target 'GoogleUtilities-AppDelegateSwizzler' from project 'GoogleUtilities')
    cd /Users/hectorgarcia/Library/Developer/Xcode/DerivedData/Lyo-eagkiegzrakogpczynhkaholsscs/SourcePackages/checkouts/GoogleUtilities
    write-file /Users/hectorgarcia/Library/Developer/Xcode/DerivedData/Build/Intermediates.noindex/GoogleUtilities.build/Debug-iphonesimulator/GoogleUtilities-AppDelegateSwizzler.build/DerivedSources/resource_bundle_accessor.h

WriteAuxiliaryFile /Users/hectorgarcia/Library/Developer/Xcode/DerivedData/Build/Intermediates.noindex/GoogleUtilities.build/Debug-iphonesimulator/GoogleUtilities-AppDelegateSwizzler.build/DerivedSources/resource_bundle_accessor.m (in target 'GoogleUtilities-AppDelegateSwizzler' from project 'GoogleUtilities')
    cd /Users/hectorgarcia/Library/Developer/Xcode/DerivedData/Lyo-eagkiegzrakogpczynhkaholsscs/SourcePackages/checkouts/GoogleUtilities
    write-file /Users/hectorgarcia/Library/Developer/Xcode/DerivedData/Build/Intermediates.noindex/GoogleUtilities.build/Debug-iphonesimulator/GoogleUtilities-AppDelegateSwizzler.build/DerivedSources/resource_bundle_accessor.m

WriteAuxiliaryFile /Users/hectorgarcia/Library/Developer/Xcode/DerivedData/Build/Intermediates.noindex/GoogleSignIn.build/Debug-iphonesimulator/GoogleSignIn_GoogleSignIn.build/GoogleSignIn_GoogleSignIn.DependencyStaticMetadataFileList (in target 'GoogleSignIn_GoogleSignIn' from project 'GoogleSignIn')
    cd /Users/hectorgarcia/Library/Developer/Xcode/DerivedData/Lyo-eagkiegzrakogpczynhkaholsscs/SourcePackages/checkouts/GoogleSignIn-iOS
    write-file /Users/hectorgarcia/Library/Developer/Xcode/DerivedData/Build/Intermediates.noindex/GoogleSignIn.build/Debug-iphonesimulator/GoogleSignIn_GoogleSignIn.build/GoogleSignIn_GoogleSignIn.DependencyStaticMetadataFileList

WriteAuxiliaryFile /Users/hectorgarcia/Library/Developer/Xcode/DerivedData/Build/Intermediates.noindex/GoogleSignIn.build/Debug-iphonesimulator/GoogleSignIn_GoogleSignIn.build/empty-GoogleSignIn_GoogleSignIn.plist (in target 'GoogleSignIn_GoogleSignIn' from project 'GoogleSignIn')
    cd /Users/hectorgarcia/Library/Developer/Xcode/DerivedData/Lyo-eagkiegzrakogpczynhkaholsscs/SourcePackages/checkouts/GoogleSignIn-iOS
    write-file /Users/hectorgarcia/Library/Developer/Xcode/DerivedData/Build/Intermediates.noindex/GoogleSignIn.build/Debug-iphonesimulator/GoogleSignIn_GoogleSignIn.build/empty-GoogleSignIn_GoogleSignIn.plist

Copy /Users/hectorgarcia/Library/Developer/Xcode/DerivedData/Build/Intermediates.noindex/GeneratedModuleMaps-iphonesimulator/GoogleUtilities-AppDelegateSwizzler.modulemap /Users/hectorgarcia/Library/Developer/Xcode/DerivedData/Build/Intermediates.noindex/GoogleUtilities.build/Debug-iphonesimulator/GoogleUtilities-AppDelegateSwizzler.build/GoogleUtilities-AppDelegateSwizzler.modulemap (in target 'GoogleUtilities-AppDelegateSwizzler' from project 'GoogleUtilities')
    cd /Users/hectorgarcia/Library/Developer/Xcode/DerivedData/Lyo-eagkiegzrakogpczynhkaholsscs/SourcePackages/checkouts/GoogleUtilities
    builtin-copy -exclude .DS_Store -exclude CVS -exclude .svn -exclude .git -exclude .hg -resolve-src-symlinks /Users/hectorgarcia/Library/Developer/Xcode/DerivedData/Build/Intermediates.noindex/GoogleUtilities.build/Debug-iphonesimulator/GoogleUtilities-AppDelegateSwizzler.build/GoogleUtilities-AppDelegateSwizzler.modulemap /Users/hectorgarcia/Library/Developer/Xcode/DerivedData/Build/Intermediates.noindex/GeneratedModuleMaps-iphonesimulator

WriteAuxiliaryFile /Users/hectorgarcia/Library/Developer/Xcode/DerivedData/Build/Intermediates.noindex/GoogleSignIn.build/Debug-iphonesimulator/GoogleSignIn_GoogleSignIn.build/GoogleSignIn_GoogleSignIn.DependencyMetadataFileList (in target 'GoogleSignIn_GoogleSignIn' from project 'GoogleSignIn')
    cd /Users/hectorgarcia/Library/Developer/Xcode/DerivedData/Lyo-eagkiegzrakogpczynhkaholsscs/SourcePackages/checkouts/GoogleSignIn-iOS
    write-file /Users/hectorgarcia/Library/Developer/Xcode/DerivedData/Build/Intermediates.noindex/GoogleSignIn.build/Debug-iphonesimulator/GoogleSignIn_GoogleSignIn.build/GoogleSignIn_GoogleSignIn.DependencyMetadataFileList

WriteAuxiliaryFile /Users/hectorgarcia/Library/Developer/Xcode/DerivedData/Build/Intermediates.noindex/GoogleSignIn.build/Debug-iphonesimulator/GoogleSignIn.build/GoogleSignIn.modulemap (in target 'GoogleSignIn' from project 'GoogleSignIn')
    cd /Users/hectorgarcia/Library/Developer/Xcode/DerivedData/Lyo-eagkiegzrakogpczynhkaholsscs/SourcePackages/checkouts/GoogleSignIn-iOS
    write-file /Users/hectorgarcia/Library/Developer/Xcode/DerivedData/Build/Intermediates.noindex/GoogleSignIn.build/Debug-iphonesimulator/GoogleSignIn.build/GoogleSignIn.modulemap

WriteAuxiliaryFile /Users/hectorgarcia/Library/Developer/Xcode/DerivedData/Build/Intermediates.noindex/GoogleSignIn.build/Debug-iphonesimulator/GoogleSignIn.build/Objects-normal/x86_64/GoogleSignIn.LinkFileList (in target 'GoogleSignIn' from project 'GoogleSignIn')
    cd /Users/hectorgarcia/Library/Developer/Xcode/DerivedData/Lyo-eagkiegzrakogpczynhkaholsscs/SourcePackages/checkouts/GoogleSignIn-iOS
    write-file /Users/hectorgarcia/Library/Developer/Xcode/DerivedData/Build/Intermediates.noindex/GoogleSignIn.build/Debug-iphonesimulator/GoogleSignIn.build/Objects-normal/x86_64/GoogleSignIn.LinkFileList

WriteAuxiliaryFile /Users/hectorgarcia/Library/Developer/Xcode/DerivedData/Build/Intermediates.noindex/GoogleSignIn.build/Debug-iphonesimulator/GoogleSignIn.build/Objects-normal/x86_64/e6072d4f65d7061329687fe24e3d63a7-common-args.resp (in target 'GoogleSignIn' from project 'GoogleSignIn')
    cd /Users/hectorgarcia/Library/Developer/Xcode/DerivedData/Lyo-eagkiegzrakogpczynhkaholsscs/SourcePackages/checkouts/GoogleSignIn-iOS
    write-file /Users/hectorgarcia/Library/Developer/Xcode/DerivedData/Build/Intermediates.noindex/GoogleSignIn.build/Debug-iphonesimulator/GoogleSignIn.build/Objects-normal/x86_64/e6072d4f65d7061329687fe24e3d63a7-common-args.resp
-target x86_64-apple-ios12.0-simulator -fobjc-arc -fmodules -gmodules '-fmodules-cache-path=/Users/hectorgarcia/Library/Developer/Xcode/DerivedData/ModuleCache.noindex' '-fmodule-name=GoogleSignIn' -fpascal-strings -O0 -DSWIFT_PACKAGE '-DDEBUG=1' '-DGID_SDK_VERSION=7.1.0' '-DOBJC_OLD_DISPATCH_PROTOTYPES=1' -isysroot /Users/hectorgarcia/Downloads/Xcode.app/Contents/Developer/Platforms/iPhoneSimulator.platform/Developer/SDKs/iPhoneSimulator26.2.sdk -fasm-blocks -g '-fobjc-abi-version=2' -fobjc-legacy-dispatch -I/Users/hectorgarcia/Library/Developer/Xcode/DerivedData/Lyo-eagkiegzrakogpczynhkaholsscs/SourcePackages/checkouts/AppAuth-iOS/Sources/AppAuth -I/Users/hectorgarcia/Library/Developer/Xcode/DerivedData/Lyo-eagkiegzrakogpczynhkaholsscs/SourcePackages/checkouts/AppAuth-iOS/Sources/AppAuthCore -I/Users/hectorgarcia/Library/Developer/Xcode/DerivedData/Lyo-eagkiegzrakogpczynhkaholsscs/SourcePackages/checkouts/gtm-session-fetcher/Sources/Core/Public -I/Users/hectorgarcia/Library/Developer/Xcode/DerivedData/Build/Products/Debug-iphonesimulator/include -I/Users/hectorgarcia/Library/Developer/Xcode/DerivedData/Lyo-eagkiegzrakogpczynhkaholsscs/SourcePackages/checkouts/GoogleSignIn-iOS/GoogleSignIn/Sources/Public -I/Users/hectorgarcia/Library/Developer/Xcode/DerivedData/Lyo-eagkiegzrakogpczynhkaholsscs/SourcePackages/checkouts/GoogleSignIn-iOS -I/Users/hectorgarcia/Library/Developer/Xcode/DerivedData/Build/Intermediates.noindex/GoogleSignIn.build/Debug-iphonesimulator/GoogleSignIn.build/DerivedSources-normal/x86_64 -I/Users/hectorgarcia/Library/Developer/Xcode/DerivedData/Build/Intermediates.noindex/GoogleSignIn.build/Debug-iphonesimulator/GoogleSignIn.build/DerivedSources/x86_64 -I/Users/hectorgarcia/Library/Developer/Xcode/DerivedData/Build/Intermediates.noindex/GoogleSignIn.build/Debug-iphonesimulator/GoogleSignIn.build/DerivedSources -F/Users/hectorgarcia/Library/Developer/Xcode/DerivedData/Build/Products/Debug-iphonesimulator/PackageFrameworks -F/Users/hectorgarcia/Library/Developer/Xcode/DerivedData/Build/Products/Debug-iphonesimulator/PackageFrameworks -F/Users/hectorgarcia/Library/Developer/Xcode/DerivedData/Build/Products/Debug-iphonesimulator/PackageFrameworks -F/Users/hectorgarcia/Library/Developer/Xcode/DerivedData/Build/Products/Debug-iphonesimulator/PackageFrameworks -F/Users/hectorgarcia/Library/Developer/Xcode/DerivedData/Build/Products/Debug-iphonesimulator -iframework /Users/hectorgarcia/Downloads/Xcode.app/Contents/Developer/Platforms/iPhoneSimulator.platform/Developer/Library/Frameworks -iframework /Users/hectorgarcia/Downloads/Xcode.app/Contents/Developer/Platforms/iPhoneSimulator.platform/Developer/SDKs/iPhoneSimulator26.2.sdk/Developer/Library/Frameworks '-fmodule-map-file=/Users/hectorgarcia/Library/Developer/Xcode/DerivedData/Build/Intermediates.noindex/GeneratedModuleMaps-iphonesimulator/AppAuth.modulemap' '-fmodule-map-file=/Users/hectorgarcia/Library/Developer/Xcode/DerivedData/Build/Intermediates.noindex/GeneratedModuleMaps-iphonesimulator/AppAuthCore.modulemap' '-fmodule-map-file=/Users/hectorgarcia/Library/Developer/Xcode/DerivedData/Build/Intermediates.noindex/GeneratedModuleMaps-iphonesimulator/GTMAppAuth.modulemap' '-fmodule-map-file=/Users/hectorgarcia/Library/Developer/Xcode/DerivedData/Build/Intermediates.noindex/GeneratedModuleMaps-iphonesimulator/GTMSessionFetcherCore.modulemap' -DXcode

WriteAuxiliaryFile /Users/hectorgarcia/Library/Developer/Xcode/DerivedData/Build/Intermediates.noindex/GoogleSignIn.build/Debug-iphonesimulator/GoogleSignIn.build/GoogleSignIn.DependencyStaticMetadataFileList (in target 'GoogleSignIn' from project 'GoogleSignIn')
    cd /Users/hectorgarcia/Library/Developer/Xcode/DerivedData/Lyo-eagkiegzrakogpczynhkaholsscs/SourcePackages/checkouts/GoogleSignIn-iOS
    write-file /Users/hectorgarcia/Library/Developer/Xcode/DerivedData/Build/Intermediates.noindex/GoogleSignIn.build/Debug-iphonesimulator/GoogleSignIn.build/GoogleSignIn.DependencyStaticMetadataFileList

WriteAuxiliaryFile /Users/hectorgarcia/Library/Developer/Xcode/DerivedData/Build/Intermediates.noindex/GoogleSignIn.build/Debug-iphonesimulator/GoogleSignIn.build/GoogleSignIn.DependencyMetadataFileList (in target 'GoogleSignIn' from project 'GoogleSignIn')
    cd /Users/hectorgarcia/Library/Developer/Xcode/DerivedData/Lyo-eagkiegzrakogpczynhkaholsscs/SourcePackages/checkouts/GoogleSignIn-iOS
    write-file /Users/hectorgarcia/Library/Developer/Xcode/DerivedData/Build/Intermediates.noindex/GoogleSignIn.build/Debug-iphonesimulator/GoogleSignIn.build/GoogleSignIn.DependencyMetadataFileList

WriteAuxiliaryFile /Users/hectorgarcia/Library/Developer/Xcode/DerivedData/Build/Intermediates.noindex/GoogleSignIn.build/Debug-iphonesimulator/GoogleSignIn.build/DerivedSources/resource_bundle_accessor.m (in target 'GoogleSignIn' from project 'GoogleSignIn')
    cd /Users/hectorgarcia/Library/Developer/Xcode/DerivedData/Lyo-eagkiegzrakogpczynhkaholsscs/SourcePackages/checkouts/GoogleSignIn-iOS
    write-file /Users/hectorgarcia/Library/Developer/Xcode/DerivedData/Build/Intermediates.noindex/GoogleSignIn.build/Debug-iphonesimulator/GoogleSignIn.build/DerivedSources/resource_bundle_accessor.m

WriteAuxiliaryFile /Users/hectorgarcia/Library/Developer/Xcode/DerivedData/Build/Intermediates.noindex/GoogleSignIn.build/Debug-iphonesimulator/GoogleSignIn.build/DerivedSources/resource_bundle_accessor.h (in target 'GoogleSignIn' from project 'GoogleSignIn')
    cd /Users/hectorgarcia/Library/Developer/Xcode/DerivedData/Lyo-eagkiegzrakogpczynhkaholsscs/SourcePackages/checkouts/GoogleSignIn-iOS
    write-file /Users/hectorgarcia/Library/Developer/Xcode/DerivedData/Build/Intermediates.noindex/GoogleSignIn.build/Debug-iphonesimulator/GoogleSignIn.build/DerivedSources/resource_bundle_accessor.h

WriteAuxiliaryFile /Users/hectorgarcia/Library/Developer/Xcode/DerivedData/Build/Intermediates.noindex/GoogleDataTransport.build/Debug-iphonesimulator/GoogleDataTransport_GoogleDataTransport.build/GoogleDataTransport_GoogleDataTransport.DependencyMetadataFileList (in target 'GoogleDataTransport_GoogleDataTransport' from project 'GoogleDataTransport')
    cd /Users/hectorgarcia/Library/Developer/Xcode/DerivedData/Lyo-eagkiegzrakogpczynhkaholsscs/SourcePackages/checkouts/GoogleDataTransport
    write-file /Users/hectorgarcia/Library/Developer/Xcode/DerivedData/Build/Intermediates.noindex/GoogleDataTransport.build/Debug-iphonesimulator/GoogleDataTransport_GoogleDataTransport.build/GoogleDataTransport_GoogleDataTransport.DependencyMetadataFileList

WriteAuxiliaryFile /Users/hectorgarcia/Library/Developer/Xcode/DerivedData/Build/Intermediates.noindex/GoogleDataTransport.build/Debug-iphonesimulator/GoogleDataTransport_GoogleDataTransport.build/empty-GoogleDataTransport_GoogleDataTransport.plist (in target 'GoogleDataTransport_GoogleDataTransport' from project 'GoogleDataTransport')
    cd /Users/hectorgarcia/Library/Developer/Xcode/DerivedData/Lyo-eagkiegzrakogpczynhkaholsscs/SourcePackages/checkouts/GoogleDataTransport
    write-file /Users/hectorgarcia/Library/Developer/Xcode/DerivedData/Build/Intermediates.noindex/GoogleDataTransport.build/Debug-iphonesimulator/GoogleDataTransport_GoogleDataTransport.build/empty-GoogleDataTransport_GoogleDataTransport.plist

WriteAuxiliaryFile /Users/hectorgarcia/Library/Developer/Xcode/DerivedData/Build/Intermediates.noindex/GoogleDataTransport.build/Debug-iphonesimulator/GoogleDataTransport_GoogleDataTransport.build/GoogleDataTransport_GoogleDataTransport.DependencyStaticMetadataFileList (in target 'GoogleDataTransport_GoogleDataTransport' from project 'GoogleDataTransport')
    cd /Users/hectorgarcia/Library/Developer/Xcode/DerivedData/Lyo-eagkiegzrakogpczynhkaholsscs/SourcePackages/checkouts/GoogleDataTransport
    write-file /Users/hectorgarcia/Library/Developer/Xcode/DerivedData/Build/Intermediates.noindex/GoogleDataTransport.build/Debug-iphonesimulator/GoogleDataTransport_GoogleDataTransport.build/GoogleDataTransport_GoogleDataTransport.DependencyStaticMetadataFileList

WriteAuxiliaryFile /Users/hectorgarcia/Library/Developer/Xcode/DerivedData/Build/Intermediates.noindex/GoogleDataTransport.build/Debug-iphonesimulator/GoogleDataTransport.build/Objects-normal/x86_64/e6072d4f65d7061329687fe24e3d63a7-common-args.resp (in target 'GoogleDataTransport' from project 'GoogleDataTransport')
    cd /Users/hectorgarcia/Library/Developer/Xcode/DerivedData/Lyo-eagkiegzrakogpczynhkaholsscs/SourcePackages/checkouts/GoogleDataTransport
    write-file /Users/hectorgarcia/Library/Developer/Xcode/DerivedData/Build/Intermediates.noindex/GoogleDataTransport.build/Debug-iphonesimulator/GoogleDataTransport.build/Objects-normal/x86_64/e6072d4f65d7061329687fe24e3d63a7-common-args.resp
-target x86_64-apple-ios12.0-simulator '-std=c99' -fobjc-arc -fmodules -gmodules '-fmodules-cache-path=/Users/hectorgarcia/Library/Developer/Xcode/DerivedData/ModuleCache.noindex' '-fmodule-name=GoogleDataTransport' -fpascal-strings -O0 -DSWIFT_PACKAGE '-DDEBUG=1' '-DGDTCOR_VERSION=0.0.1' '-DPB_FIELD_32BIT=1' '-DPB_NO_PACKED_STRUCTS=1' '-DPB_ENABLE_MALLOC=1' '-DOBJC_OLD_DISPATCH_PROTOTYPES=1' -isysroot /Users/hectorgarcia/Downloads/Xcode.app/Contents/Developer/Platforms/iPhoneSimulator.platform/Developer/SDKs/iPhoneSimulator26.2.sdk -fasm-blocks -g '-fobjc-abi-version=2' -fobjc-legacy-dispatch -I/Users/hectorgarcia/Library/Developer/Xcode/DerivedData/Lyo-eagkiegzrakogpczynhkaholsscs/SourcePackages/checkouts/nanopb/spm_headers -I/Users/hectorgarcia/Library/Developer/Xcode/DerivedData/Lyo-eagkiegzrakogpczynhkaholsscs/SourcePackages/checkouts/promises/Sources/FBLPromises/include -I/Users/hectorgarcia/Library/Developer/Xcode/DerivedData/Lyo-eagkiegzrakogpczynhkaholsscs/SourcePackages/checkouts/GoogleUtilities/third_party/IsAppEncrypted/Public -I/Users/hectorgarcia/Library/Developer/Xcode/DerivedData/Lyo-eagkiegzrakogpczynhkaholsscs/SourcePackages/checkouts/GoogleUtilities/GoogleUtilities/Environment/Public -I/Users/hectorgarcia/Library/Developer/Xcode/DerivedData/Build/Products/Debug-iphonesimulator/include -I/Users/hectorgarcia/Library/Developer/Xcode/DerivedData/Lyo-eagkiegzrakogpczynhkaholsscs/SourcePackages/checkouts/GoogleDataTransport/GoogleDataTransport/GDTCORLibrary/Public -I/Users/hectorgarcia/Library/Developer/Xcode/DerivedData/Lyo-eagkiegzrakogpczynhkaholsscs/SourcePackages/checkouts/GoogleDataTransport -I/Users/hectorgarcia/Library/Developer/Xcode/DerivedData/Build/Intermediates.noindex/GoogleDataTransport.build/Debug-iphonesimulator/GoogleDataTransport.build/DerivedSources-normal/x86_64 -I/Users/hectorgarcia/Library/Developer/Xcode/DerivedData/Build/Intermediates.noindex/GoogleDataTransport.build/Debug-iphonesimulator/GoogleDataTransport.build/DerivedSources/x86_64 -I/Users/hectorgarcia/Library/Developer/Xcode/DerivedData/Build/Intermediates.noindex/GoogleDataTransport.build/Debug-iphonesimulator/GoogleDataTransport.build/DerivedSources -F/Users/hectorgarcia/Library/Developer/Xcode/DerivedData/Build/Products/Debug-iphonesimulator/PackageFrameworks -F/Users/hectorgarcia/Library/Developer/Xcode/DerivedData/Build/Products/Debug-iphonesimulator/PackageFrameworks -F/Users/hectorgarcia/Library/Developer/Xcode/DerivedData/Build/Products/Debug-iphonesimulator/PackageFrameworks -F/Users/hectorgarcia/Library/Developer/Xcode/DerivedData/Build/Products/Debug-iphonesimulator/PackageFrameworks -F/Users/hectorgarcia/Library/Developer/Xcode/DerivedData/Build/Products/Debug-iphonesimulator -iframework /Users/hectorgarcia/Downloads/Xcode.app/Contents/Developer/Platforms/iPhoneSimulator.platform/Developer/Library/Frameworks -iframework /Users/hectorgarcia/Downloads/Xcode.app/Contents/Developer/Platforms/iPhoneSimulator.platform/Developer/SDKs/iPhoneSimulator26.2.sdk/Developer/Library/Frameworks '-fmodule-map-file=/Users/hectorgarcia/Library/Developer/Xcode/DerivedData/Build/Intermediates.noindex/GeneratedModuleMaps-iphonesimulator/nanopb.modulemap' '-fmodule-map-file=/Users/hectorgarcia/Library/Developer/Xcode/DerivedData/Build/Intermediates.noindex/GeneratedModuleMaps-iphonesimulator/third-party-IsAppEncrypted.modulemap' '-fmodule-map-file=/Users/hectorgarcia/Library/Developer/Xcode/DerivedData/Build/Intermediates.noindex/GeneratedModuleMaps-iphonesimulator/GoogleUtilities-Environment.modulemap' -DXcode
WriteAuxiliaryFile /Users/hectorgarcia/Library/Developer/Xcode/DerivedData/Build/Intermediates.noindex/GoogleDataTransport.build/Debug-iphonesimulator/GoogleDataTransport.build/Objects-normal/x86_64/GoogleDataTransport.LinkFileList (in target 'GoogleDataTransport' from project 'GoogleDataTransport')
    cd /Users/hectorgarcia/Library/Developer/Xcode/DerivedData/Lyo-eagkiegzrakogpczynhkaholsscs/SourcePackages/checkouts/GoogleDataTransport
    write-file /Users/hectorgarcia/Library/Developer/Xcode/DerivedData/Build/Intermediates.noindex/GoogleDataTransport.build/Debug-iphonesimulator/GoogleDataTransport.build/Objects-normal/x86_64/GoogleDataTransport.LinkFileList

Copy /Users/hectorgarcia/Library/Developer/Xcode/DerivedData/Build/Intermediates.noindex/GeneratedModuleMaps-iphonesimulator/GoogleSignIn.modulemap /Users/hectorgarcia/Library/Developer/Xcode/DerivedData/Build/Intermediates.noindex/GoogleSignIn.build/Debug-iphonesimulator/GoogleSignIn.build/GoogleSignIn.modulemap (in target 'GoogleSignIn' from project 'GoogleSignIn')
    cd /Users/hectorgarcia/Library/Developer/Xcode/DerivedData/Lyo-eagkiegzrakogpczynhkaholsscs/SourcePackages/checkouts/GoogleSignIn-iOS
    builtin-copy -exclude .DS_Store -exclude CVS -exclude .svn -exclude .git -exclude .hg -resolve-src-symlinks /Users/hectorgarcia/Library/Developer/Xcode/DerivedData/Build/Intermediates.noindex/GoogleSignIn.build/Debug-iphonesimulator/GoogleSignIn.build/GoogleSignIn.modulemap /Users/hectorgarcia/Library/Developer/Xcode/DerivedData/Build/Intermediates.noindex/GeneratedModuleMaps-iphonesimulator

WriteAuxiliaryFile /Users/hectorgarcia/Library/Developer/Xcode/DerivedData/Build/Intermediates.noindex/GoogleDataTransport.build/Debug-iphonesimulator/GoogleDataTransport.build/Objects-normal/x86_64/7187679823f38a2a940e0043cdf9d637-common-args.resp (in target 'GoogleDataTransport' from project 'GoogleDataTransport')
    cd /Users/hectorgarcia/Library/Developer/Xcode/DerivedData/Lyo-eagkiegzrakogpczynhkaholsscs/SourcePackages/checkouts/GoogleDataTransport
    write-file /Users/hectorgarcia/Library/Developer/Xcode/DerivedData/Build/Intermediates.noindex/GoogleDataTransport.build/Debug-iphonesimulator/GoogleDataTransport.build/Objects-normal/x86_64/7187679823f38a2a940e0043cdf9d637-common-args.resp
-target x86_64-apple-ios12.0-simulator '-std=c99' -fmodules -gmodules '-fmodules-cache-path=/Users/hectorgarcia/Library/Developer/Xcode/DerivedData/ModuleCache.noindex' '-fmodule-name=GoogleDataTransport' -fpascal-strings -O0 -DSWIFT_PACKAGE '-DDEBUG=1' '-DGDTCOR_VERSION=0.0.1' '-DPB_FIELD_32BIT=1' '-DPB_NO_PACKED_STRUCTS=1' '-DPB_ENABLE_MALLOC=1' -isysroot /Users/hectorgarcia/Downloads/Xcode.app/Contents/Developer/Platforms/iPhoneSimulator.platform/Developer/SDKs/iPhoneSimulator26.2.sdk -fasm-blocks -g -I/Users/hectorgarcia/Library/Developer/Xcode/DerivedData/Lyo-eagkiegzrakogpczynhkaholsscs/SourcePackages/checkouts/nanopb/spm_headers -I/Users/hectorgarcia/Library/Developer/Xcode/DerivedData/Lyo-eagkiegzrakogpczynhkaholsscs/SourcePackages/checkouts/promises/Sources/FBLPromises/include -I/Users/hectorgarcia/Library/Developer/Xcode/DerivedData/Lyo-eagkiegzrakogpczynhkaholsscs/SourcePackages/checkouts/GoogleUtilities/third_party/IsAppEncrypted/Public -I/Users/hectorgarcia/Library/Developer/Xcode/DerivedData/Lyo-eagkiegzrakogpczynhkaholsscs/SourcePackages/checkouts/GoogleUtilities/GoogleUtilities/Environment/Public -I/Users/hectorgarcia/Library/Developer/Xcode/DerivedData/Build/Products/Debug-iphonesimulator/include -I/Users/hectorgarcia/Library/Developer/Xcode/DerivedData/Lyo-eagkiegzrakogpczynhkaholsscs/SourcePackages/checkouts/GoogleDataTransport/GoogleDataTransport/GDTCORLibrary/Public -I/Users/hectorgarcia/Library/Developer/Xcode/DerivedData/Lyo-eagkiegzrakogpczynhkaholsscs/SourcePackages/checkouts/GoogleDataTransport -I/Users/hectorgarcia/Library/Developer/Xcode/DerivedData/Build/Intermediates.noindex/GoogleDataTransport.build/Debug-iphonesimulator/GoogleDataTransport.build/DerivedSources-normal/x86_64 -I/Users/hectorgarcia/Library/Developer/Xcode/DerivedData/Build/Intermediates.noindex/GoogleDataTransport.build/Debug-iphonesimulator/GoogleDataTransport.build/DerivedSources/x86_64 -I/Users/hectorgarcia/Library/Developer/Xcode/DerivedData/Build/Intermediates.noindex/GoogleDataTransport.build/Debug-iphonesimulator/GoogleDataTransport.build/DerivedSources -F/Users/hectorgarcia/Library/Developer/Xcode/DerivedData/Build/Products/Debug-iphonesimulator/PackageFrameworks -F/Users/hectorgarcia/Library/Developer/Xcode/DerivedData/Build/Products/Debug-iphonesimulator/PackageFrameworks -F/Users/hectorgarcia/Library/Developer/Xcode/DerivedData/Build/Products/Debug-iphonesimulator/PackageFrameworks -F/Users/hectorgarcia/Library/Developer/Xcode/DerivedData/Build/Products/Debug-iphonesimulator/PackageFrameworks -F/Users/hectorgarcia/Library/Developer/Xcode/DerivedData/Build/Products/Debug-iphonesimulator -iframework /Users/hectorgarcia/Downloads/Xcode.app/Contents/Developer/Platforms/iPhoneSimulator.platform/Developer/Library/Frameworks -iframework /Users/hectorgarcia/Downloads/Xcode.app/Contents/Developer/Platforms/iPhoneSimulator.platform/Developer/SDKs/iPhoneSimulator26.2.sdk/Developer/Library/Frameworks '-fmodule-map-file=/Users/hectorgarcia/Library/Developer/Xcode/DerivedData/Build/Intermediates.noindex/GeneratedModuleMaps-iphonesimulator/nanopb.modulemap' '-fmodule-map-file=/Users/hectorgarcia/Library/Developer/Xcode/DerivedData/Build/Intermediates.noindex/GeneratedModuleMaps-iphonesimulator/third-party-IsAppEncrypted.modulemap' '-fmodule-map-file=/Users/hectorgarcia/Library/Developer/Xcode/DerivedData/Build/Intermediates.noindex/GeneratedModuleMaps-iphonesimulator/GoogleUtilities-Environment.modulemap' -DXcode
WriteAuxiliaryFile /Users/hectorgarcia/Library/Developer/Xcode/DerivedData/Build/Intermediates.noindex/GoogleDataTransport.build/Debug-iphonesimulator/GoogleDataTransport.build/GoogleDataTransport.DependencyStaticMetadataFileList (in target 'GoogleDataTransport' from project 'GoogleDataTransport')
    cd /Users/hectorgarcia/Library/Developer/Xcode/DerivedData/Lyo-eagkiegzrakogpczynhkaholsscs/SourcePackages/checkouts/GoogleDataTransport
    write-file /Users/hectorgarcia/Library/Developer/Xcode/DerivedData/Build/Intermediates.noindex/GoogleDataTransport.build/Debug-iphonesimulator/GoogleDataTransport.build/GoogleDataTransport.DependencyStaticMetadataFileList

WriteAuxiliaryFile /Users/hectorgarcia/Library/Developer/Xcode/DerivedData/Build/Intermediates.noindex/GoogleDataTransport.build/Debug-iphonesimulator/GoogleDataTransport.build/GoogleDataTransport.modulemap (in target 'GoogleDataTransport' from project 'GoogleDataTransport')
    cd /Users/hectorgarcia/Library/Developer/Xcode/DerivedData/Lyo-eagkiegzrakogpczynhkaholsscs/SourcePackages/checkouts/GoogleDataTransport
    write-file /Users/hectorgarcia/Library/Developer/Xcode/DerivedData/Build/Intermediates.noindex/GoogleDataTransport.build/Debug-iphonesimulator/GoogleDataTransport.build/GoogleDataTransport.modulemap

WriteAuxiliaryFile /Users/hectorgarcia/Library/Developer/Xcode/DerivedData/Build/Intermediates.noindex/GoogleDataTransport.build/Debug-iphonesimulator/GoogleDataTransport.build/GoogleDataTransport.DependencyMetadataFileList (in target 'GoogleDataTransport' from project 'GoogleDataTransport')
    cd /Users/hectorgarcia/Library/Developer/Xcode/DerivedData/Lyo-eagkiegzrakogpczynhkaholsscs/SourcePackages/checkouts/GoogleDataTransport
    write-file /Users/hectorgarcia/Library/Developer/Xcode/DerivedData/Build/Intermediates.noindex/GoogleDataTransport.build/Debug-iphonesimulator/GoogleDataTransport.build/GoogleDataTransport.DependencyMetadataFileList

WriteAuxiliaryFile /Users/hectorgarcia/Library/Developer/Xcode/DerivedData/Build/Intermediates.noindex/GoogleDataTransport.build/Debug-iphonesimulator/GoogleDataTransport.build/DerivedSources/resource_bundle_accessor.m (in target 'GoogleDataTransport' from project 'GoogleDataTransport')
    cd /Users/hectorgarcia/Library/Developer/Xcode/DerivedData/Lyo-eagkiegzrakogpczynhkaholsscs/SourcePackages/checkouts/GoogleDataTransport
    write-file /Users/hectorgarcia/Library/Developer/Xcode/DerivedData/Build/Intermediates.noindex/GoogleDataTransport.build/Debug-iphonesimulator/GoogleDataTransport.build/DerivedSources/resource_bundle_accessor.m

WriteAuxiliaryFile /Users/hectorgarcia/Library/Developer/Xcode/DerivedData/Build/Intermediates.noindex/GoogleDataTransport.build/Debug-iphonesimulator/GoogleDataTransport.build/DerivedSources/resource_bundle_accessor.h (in target 'GoogleDataTransport' from project 'GoogleDataTransport')
    cd /Users/hectorgarcia/Library/Developer/Xcode/DerivedData/Lyo-eagkiegzrakogpczynhkaholsscs/SourcePackages/checkouts/GoogleDataTransport
    write-file /Users/hectorgarcia/Library/Developer/Xcode/DerivedData/Build/Intermediates.noindex/GoogleDataTransport.build/Debug-iphonesimulator/GoogleDataTransport.build/DerivedSources/resource_bundle_accessor.h

WriteAuxiliaryFile /Users/hectorgarcia/Library/Developer/Xcode/DerivedData/Build/Intermediates.noindex/GTMSessionFetcher.build/Debug-iphonesimulator/GTMSessionFetcher_GTMSessionFetcherCore.build/empty-GTMSessionFetcher_GTMSessionFetcherCore.plist (in target 'GTMSessionFetcher_GTMSessionFetcherCore' from project 'GTMSessionFetcher')
    cd /Users/hectorgarcia/Library/Developer/Xcode/DerivedData/Lyo-eagkiegzrakogpczynhkaholsscs/SourcePackages/checkouts/gtm-session-fetcher
    write-file /Users/hectorgarcia/Library/Developer/Xcode/DerivedData/Build/Intermediates.noindex/GTMSessionFetcher.build/Debug-iphonesimulator/GTMSessionFetcher_GTMSessionFetcherCore.build/empty-GTMSessionFetcher_GTMSessionFetcherCore.plist

WriteAuxiliaryFile /Users/hectorgarcia/Library/Developer/Xcode/DerivedData/Build/Intermediates.noindex/GTMSessionFetcher.build/Debug-iphonesimulator/GTMSessionFetcher_GTMSessionFetcherCore.build/GTMSessionFetcher_GTMSessionFetcherCore.DependencyStaticMetadataFileList (in target 'GTMSessionFetcher_GTMSessionFetcherCore' from project 'GTMSessionFetcher')
    cd /Users/hectorgarcia/Library/Developer/Xcode/DerivedData/Lyo-eagkiegzrakogpczynhkaholsscs/SourcePackages/checkouts/gtm-session-fetcher
    write-file /Users/hectorgarcia/Library/Developer/Xcode/DerivedData/Build/Intermediates.noindex/GTMSessionFetcher.build/Debug-iphonesimulator/GTMSessionFetcher_GTMSessionFetcherCore.build/GTMSessionFetcher_GTMSessionFetcherCore.DependencyStaticMetadataFileList

WriteAuxiliaryFile /Users/hectorgarcia/Library/Developer/Xcode/DerivedData/Build/Intermediates.noindex/GTMSessionFetcher.build/Debug-iphonesimulator/GTMSessionFetcher_GTMSessionFetcherCore.build/GTMSessionFetcher_GTMSessionFetcherCore.DependencyMetadataFileList (in target 'GTMSessionFetcher_GTMSessionFetcherCore' from project 'GTMSessionFetcher')
    cd /Users/hectorgarcia/Library/Developer/Xcode/DerivedData/Lyo-eagkiegzrakogpczynhkaholsscs/SourcePackages/checkouts/gtm-session-fetcher
    write-file /Users/hectorgarcia/Library/Developer/Xcode/DerivedData/Build/Intermediates.noindex/GTMSessionFetcher.build/Debug-iphonesimulator/GTMSessionFetcher_GTMSessionFetcherCore.build/GTMSessionFetcher_GTMSessionFetcherCore.DependencyMetadataFileList

WriteAuxiliaryFile /Users/hectorgarcia/Library/Developer/Xcode/DerivedData/Build/Intermediates.noindex/GTMSessionFetcher.build/Debug-iphonesimulator/GTMSessionFetcherCore.build/Objects-normal/x86_64/e6072d4f65d7061329687fe24e3d63a7-common-args.resp (in target 'GTMSessionFetcherCore' from project 'GTMSessionFetcher')
    cd /Users/hectorgarcia/Library/Developer/Xcode/DerivedData/Lyo-eagkiegzrakogpczynhkaholsscs/SourcePackages/checkouts/gtm-session-fetcher
    write-file /Users/hectorgarcia/Library/Developer/Xcode/DerivedData/Build/Intermediates.noindex/GTMSessionFetcher.build/Debug-iphonesimulator/GTMSessionFetcherCore.build/Objects-normal/x86_64/e6072d4f65d7061329687fe24e3d63a7-common-args.resp
-target x86_64-apple-ios12.0-simulator -fobjc-arc -fmodules -gmodules '-fmodules-cache-path=/Users/hectorgarcia/Library/Developer/Xcode/DerivedData/ModuleCache.noindex' '-fmodule-name=GTMSessionFetcherCore' -fpascal-strings -O0 -DSWIFT_PACKAGE '-DDEBUG=1' '-DOBJC_OLD_DISPATCH_PROTOTYPES=1' -isysroot /Users/hectorgarcia/Downloads/Xcode.app/Contents/Developer/Platforms/iPhoneSimulator.platform/Developer/SDKs/iPhoneSimulator26.2.sdk -fasm-blocks -g '-fobjc-abi-version=2' -fobjc-legacy-dispatch -I/Users/hectorgarcia/Library/Developer/Xcode/DerivedData/Build/Products/Debug-iphonesimulator/include -I/Users/hectorgarcia/Library/Developer/Xcode/DerivedData/Lyo-eagkiegzrakogpczynhkaholsscs/SourcePackages/checkouts/gtm-session-fetcher/Sources/Core/Public -I/Users/hectorgarcia/Library/Developer/Xcode/DerivedData/Build/Intermediates.noindex/GTMSessionFetcher.build/Debug-iphonesimulator/GTMSessionFetcherCore.build/DerivedSources-normal/x86_64 -I/Users/hectorgarcia/Library/Developer/Xcode/DerivedData/Build/Intermediates.noindex/GTMSessionFetcher.build/Debug-iphonesimulator/GTMSessionFetcherCore.build/DerivedSources/x86_64 -I/Users/hectorgarcia/Library/Developer/Xcode/DerivedData/Build/Intermediates.noindex/GTMSessionFetcher.build/Debug-iphonesimulator/GTMSessionFetcherCore.build/DerivedSources -F/Users/hectorgarcia/Library/Developer/Xcode/DerivedData/Build/Products/Debug-iphonesimulator -iframework /Users/hectorgarcia/Downloads/Xcode.app/Contents/Developer/Platforms/iPhoneSimulator.platform/Developer/Library/Frameworks -iframework /Users/hectorgarcia/Downloads/Xcode.app/Contents/Developer/Platforms/iPhoneSimulator.platform/Developer/SDKs/iPhoneSimulator26.2.sdk/Developer/Library/Frameworks -DXcode
WriteAuxiliaryFile /Users/hectorgarcia/Library/Developer/Xcode/DerivedData/Build/Intermediates.noindex/GTMSessionFetcher.build/Debug-iphonesimulator/GTMSessionFetcherCore.build/Objects-normal/x86_64/GTMSessionFetcherCore.LinkFileList (in target 'GTMSessionFetcherCore' from project 'GTMSessionFetcher')
    cd /Users/hectorgarcia/Library/Developer/Xcode/DerivedData/Lyo-eagkiegzrakogpczynhkaholsscs/SourcePackages/checkouts/gtm-session-fetcher
    write-file /Users/hectorgarcia/Library/Developer/Xcode/DerivedData/Build/Intermediates.noindex/GTMSessionFetcher.build/Debug-iphonesimulator/GTMSessionFetcherCore.build/Objects-normal/x86_64/GTMSessionFetcherCore.LinkFileList

WriteAuxiliaryFile /Users/hectorgarcia/Library/Developer/Xcode/DerivedData/Build/Intermediates.noindex/GTMSessionFetcher.build/Debug-iphonesimulator/GTMSessionFetcherCore.build/GTMSessionFetcherCore.modulemap (in target 'GTMSessionFetcherCore' from project 'GTMSessionFetcher')
    cd /Users/hectorgarcia/Library/Developer/Xcode/DerivedData/Lyo-eagkiegzrakogpczynhkaholsscs/SourcePackages/checkouts/gtm-session-fetcher
    write-file /Users/hectorgarcia/Library/Developer/Xcode/DerivedData/Build/Intermediates.noindex/GTMSessionFetcher.build/Debug-iphonesimulator/GTMSessionFetcherCore.build/GTMSessionFetcherCore.modulemap

Copy /Users/hectorgarcia/Library/Developer/Xcode/DerivedData/Build/Intermediates.noindex/GeneratedModuleMaps-iphonesimulator/GoogleDataTransport.modulemap /Users/hectorgarcia/Library/Developer/Xcode/DerivedData/Build/Intermediates.noindex/GoogleDataTransport.build/Debug-iphonesimulator/GoogleDataTransport.build/GoogleDataTransport.modulemap (in target 'GoogleDataTransport' from project 'GoogleDataTransport')
    cd /Users/hectorgarcia/Library/Developer/Xcode/DerivedData/Lyo-eagkiegzrakogpczynhkaholsscs/SourcePackages/checkouts/GoogleDataTransport
    builtin-copy -exclude .DS_Store -exclude CVS -exclude .svn -exclude .git -exclude .hg -resolve-src-symlinks /Users/hectorgarcia/Library/Developer/Xcode/DerivedData/Build/Intermediates.noindex/GoogleDataTransport.build/Debug-iphonesimulator/GoogleDataTransport.build/GoogleDataTransport.modulemap /Users/hectorgarcia/Library/Developer/Xcode/DerivedData/Build/Intermediates.noindex/GeneratedModuleMaps-iphonesimulator

WriteAuxiliaryFile /Users/hectorgarcia/Library/Developer/Xcode/DerivedData/Build/Intermediates.noindex/GTMSessionFetcher.build/Debug-iphonesimulator/GTMSessionFetcherCore.build/GTMSessionFetcherCore.DependencyStaticMetadataFileList (in target 'GTMSessionFetcherCore' from project 'GTMSessionFetcher')
    cd /Users/hectorgarcia/Library/Developer/Xcode/DerivedData/Lyo-eagkiegzrakogpczynhkaholsscs/SourcePackages/checkouts/gtm-session-fetcher
    write-file /Users/hectorgarcia/Library/Developer/Xcode/DerivedData/Build/Intermediates.noindex/GTMSessionFetcher.build/Debug-iphonesimulator/GTMSessionFetcherCore.build/GTMSessionFetcherCore.DependencyStaticMetadataFileList

WriteAuxiliaryFile /Users/hectorgarcia/Library/Developer/Xcode/DerivedData/Build/Intermediates.noindex/GTMSessionFetcher.build/Debug-iphonesimulator/GTMSessionFetcherCore.build/GTMSessionFetcherCore.DependencyMetadataFileList (in target 'GTMSessionFetcherCore' from project 'GTMSessionFetcher')
    cd /Users/hectorgarcia/Library/Developer/Xcode/DerivedData/Lyo-eagkiegzrakogpczynhkaholsscs/SourcePackages/checkouts/gtm-session-fetcher
    write-file /Users/hectorgarcia/Library/Developer/Xcode/DerivedData/Build/Intermediates.noindex/GTMSessionFetcher.build/Debug-iphonesimulator/GTMSessionFetcherCore.build/GTMSessionFetcherCore.DependencyMetadataFileList

WriteAuxiliaryFile /Users/hectorgarcia/Library/Developer/Xcode/DerivedData/Build/Intermediates.noindex/GTMSessionFetcher.build/Debug-iphonesimulator/GTMSessionFetcherCore.build/DerivedSources/resource_bundle_accessor.m (in target 'GTMSessionFetcherCore' from project 'GTMSessionFetcher')
    cd /Users/hectorgarcia/Library/Developer/Xcode/DerivedData/Lyo-eagkiegzrakogpczynhkaholsscs/SourcePackages/checkouts/gtm-session-fetcher
    write-file /Users/hectorgarcia/Library/Developer/Xcode/DerivedData/Build/Intermediates.noindex/GTMSessionFetcher.build/Debug-iphonesimulator/GTMSessionFetcherCore.build/DerivedSources/resource_bundle_accessor.m

WriteAuxiliaryFile /Users/hectorgarcia/Library/Developer/Xcode/DerivedData/Build/Intermediates.noindex/GTMSessionFetcher.build/Debug-iphonesimulator/GTMSessionFetcherCore.build/DerivedSources/resource_bundle_accessor.h (in target 'GTMSessionFetcherCore' from project 'GTMSessionFetcher')
    cd /Users/hectorgarcia/Library/Developer/Xcode/DerivedData/Lyo-eagkiegzrakogpczynhkaholsscs/SourcePackages/checkouts/gtm-session-fetcher
    write-file /Users/hectorgarcia/Library/Developer/Xcode/DerivedData/Build/Intermediates.noindex/GTMSessionFetcher.build/Debug-iphonesimulator/GTMSessionFetcherCore.build/DerivedSources/resource_bundle_accessor.h

WriteAuxiliaryFile /Users/hectorgarcia/Library/Developer/Xcode/DerivedData/Build/Intermediates.noindex/GTMAppAuth.build/Debug-iphonesimulator/GTMAppAuth_GTMAppAuth.build/empty-GTMAppAuth_GTMAppAuth.plist (in target 'GTMAppAuth_GTMAppAuth' from project 'GTMAppAuth')
    cd /Users/hectorgarcia/Library/Developer/Xcode/DerivedData/Lyo-eagkiegzrakogpczynhkaholsscs/SourcePackages/checkouts/GTMAppAuth
    write-file /Users/hectorgarcia/Library/Developer/Xcode/DerivedData/Build/Intermediates.noindex/GTMAppAuth.build/Debug-iphonesimulator/GTMAppAuth_GTMAppAuth.build/empty-GTMAppAuth_GTMAppAuth.plist

WriteAuxiliaryFile /Users/hectorgarcia/Library/Developer/Xcode/DerivedData/Build/Intermediates.noindex/GTMAppAuth.build/Debug-iphonesimulator/GTMAppAuth_GTMAppAuth.build/GTMAppAuth_GTMAppAuth.DependencyStaticMetadataFileList (in target 'GTMAppAuth_GTMAppAuth' from project 'GTMAppAuth')
    cd /Users/hectorgarcia/Library/Developer/Xcode/DerivedData/Lyo-eagkiegzrakogpczynhkaholsscs/SourcePackages/checkouts/GTMAppAuth
    write-file /Users/hectorgarcia/Library/Developer/Xcode/DerivedData/Build/Intermediates.noindex/GTMAppAuth.build/Debug-iphonesimulator/GTMAppAuth_GTMAppAuth.build/GTMAppAuth_GTMAppAuth.DependencyStaticMetadataFileList

WriteAuxiliaryFile /Users/hectorgarcia/Library/Developer/Xcode/DerivedData/Build/Intermediates.noindex/GTMAppAuth.build/Debug-iphonesimulator/GTMAppAuth_GTMAppAuth.build/GTMAppAuth_GTMAppAuth.DependencyMetadataFileList (in target 'GTMAppAuth_GTMAppAuth' from project 'GTMAppAuth')
    cd /Users/hectorgarcia/Library/Developer/Xcode/DerivedData/Lyo-eagkiegzrakogpczynhkaholsscs/SourcePackages/checkouts/GTMAppAuth
    write-file /Users/hectorgarcia/Library/Developer/Xcode/DerivedData/Build/Intermediates.noindex/GTMAppAuth.build/Debug-iphonesimulator/GTMAppAuth_GTMAppAuth.build/GTMAppAuth_GTMAppAuth.DependencyMetadataFileList

Copy /Users/hectorgarcia/Library/Developer/Xcode/DerivedData/Build/Intermediates.noindex/GeneratedModuleMaps-iphonesimulator/GTMSessionFetcherCore.modulemap /Users/hectorgarcia/Library/Developer/Xcode/DerivedData/Build/Intermediates.noindex/GTMSessionFetcher.build/Debug-iphonesimulator/GTMSessionFetcherCore.build/GTMSessionFetcherCore.modulemap (in target 'GTMSessionFetcherCore' from project 'GTMSessionFetcher')
    cd /Users/hectorgarcia/Library/Developer/Xcode/DerivedData/Lyo-eagkiegzrakogpczynhkaholsscs/SourcePackages/checkouts/gtm-session-fetcher
    builtin-copy -exclude .DS_Store -exclude CVS -exclude .svn -exclude .git -exclude .hg -resolve-src-symlinks /Users/hectorgarcia/Library/Developer/Xcode/DerivedData/Build/Intermediates.noindex/GTMSessionFetcher.build/Debug-iphonesimulator/GTMSessionFetcherCore.build/GTMSessionFetcherCore.modulemap /Users/hectorgarcia/Library/Developer/Xcode/DerivedData/Build/Intermediates.noindex/GeneratedModuleMaps-iphonesimulator

WriteAuxiliaryFile /Users/hectorgarcia/Library/Developer/Xcode/DerivedData/Build/Intermediates.noindex/GTMAppAuth.build/Debug-iphonesimulator/GTMAppAuth.build/Objects-normal/x86_64/GTMAppAuth_const_extract_protocols.json (in target 'GTMAppAuth' from project 'GTMAppAuth')
    cd /Users/hectorgarcia/Library/Developer/Xcode/DerivedData/Lyo-eagkiegzrakogpczynhkaholsscs/SourcePackages/checkouts/GTMAppAuth
    write-file /Users/hectorgarcia/Library/Developer/Xcode/DerivedData/Build/Intermediates.noindex/GTMAppAuth.build/Debug-iphonesimulator/GTMAppAuth.build/Objects-normal/x86_64/GTMAppAuth_const_extract_protocols.json

WriteAuxiliaryFile /Users/hectorgarcia/Library/Developer/Xcode/DerivedData/Build/Intermediates.noindex/GTMAppAuth.build/Debug-iphonesimulator/GTMAppAuth.build/Objects-normal/x86_64/GTMAppAuth.SwiftConstValuesFileList (in target 'GTMAppAuth' from project 'GTMAppAuth')
    cd /Users/hectorgarcia/Library/Developer/Xcode/DerivedData/Lyo-eagkiegzrakogpczynhkaholsscs/SourcePackages/checkouts/GTMAppAuth
    write-file /Users/hectorgarcia/Library/Developer/Xcode/DerivedData/Build/Intermediates.noindex/GTMAppAuth.build/Debug-iphonesimulator/GTMAppAuth.build/Objects-normal/x86_64/GTMAppAuth.SwiftConstValuesFileList

WriteAuxiliaryFile /Users/hectorgarcia/Library/Developer/Xcode/DerivedData/Build/Intermediates.noindex/GTMAppAuth.build/Debug-iphonesimulator/GTMAppAuth.build/Objects-normal/x86_64/GTMAppAuth.SwiftFileList (in target 'GTMAppAuth' from project 'GTMAppAuth')
    cd /Users/hectorgarcia/Library/Developer/Xcode/DerivedData/Lyo-eagkiegzrakogpczynhkaholsscs/SourcePackages/checkouts/GTMAppAuth
    write-file /Users/hectorgarcia/Library/Developer/Xcode/DerivedData/Build/Intermediates.noindex/GTMAppAuth.build/Debug-iphonesimulator/GTMAppAuth.build/Objects-normal/x86_64/GTMAppAuth.SwiftFileList

WriteAuxiliaryFile /Users/hectorgarcia/Library/Developer/Xcode/DerivedData/Build/Intermediates.noindex/GTMAppAuth.build/Debug-iphonesimulator/GTMAppAuth.build/Objects-normal/x86_64/GTMAppAuth.LinkFileList (in target 'GTMAppAuth' from project 'GTMAppAuth')
    cd /Users/hectorgarcia/Library/Developer/Xcode/DerivedData/Lyo-eagkiegzrakogpczynhkaholsscs/SourcePackages/checkouts/GTMAppAuth
    write-file /Users/hectorgarcia/Library/Developer/Xcode/DerivedData/Build/Intermediates.noindex/GTMAppAuth.build/Debug-iphonesimulator/GTMAppAuth.build/Objects-normal/x86_64/GTMAppAuth.LinkFileList

WriteAuxiliaryFile /Users/hectorgarcia/Library/Developer/Xcode/DerivedData/Build/Intermediates.noindex/GTMAppAuth.build/Debug-iphonesimulator/GTMAppAuth.build/Objects-normal/x86_64/GTMAppAuth-OutputFileMap.json (in target 'GTMAppAuth' from project 'GTMAppAuth')
    cd /Users/hectorgarcia/Library/Developer/Xcode/DerivedData/Lyo-eagkiegzrakogpczynhkaholsscs/SourcePackages/checkouts/GTMAppAuth
    write-file /Users/hectorgarcia/Library/Developer/Xcode/DerivedData/Build/Intermediates.noindex/GTMAppAuth.build/Debug-iphonesimulator/GTMAppAuth.build/Objects-normal/x86_64/GTMAppAuth-OutputFileMap.json

WriteAuxiliaryFile /Users/hectorgarcia/Library/Developer/Xcode/DerivedData/Build/Intermediates.noindex/GTMAppAuth.build/Debug-iphonesimulator/GTMAppAuth.build/GTMAppAuth.modulemap (in target 'GTMAppAuth' from project 'GTMAppAuth')
    cd /Users/hectorgarcia/Library/Developer/Xcode/DerivedData/Lyo-eagkiegzrakogpczynhkaholsscs/SourcePackages/checkouts/GTMAppAuth
    write-file /Users/hectorgarcia/Library/Developer/Xcode/DerivedData/Build/Intermediates.noindex/GTMAppAuth.build/Debug-iphonesimulator/GTMAppAuth.build/GTMAppAuth.modulemap

WriteAuxiliaryFile /Users/hectorgarcia/Library/Developer/Xcode/DerivedData/Build/Intermediates.noindex/GTMAppAuth.build/Debug-iphonesimulator/GTMAppAuth.build/GTMAppAuth.DependencyStaticMetadataFileList (in target 'GTMAppAuth' from project 'GTMAppAuth')
    cd /Users/hectorgarcia/Library/Developer/Xcode/DerivedData/Lyo-eagkiegzrakogpczynhkaholsscs/SourcePackages/checkouts/GTMAppAuth
    write-file /Users/hectorgarcia/Library/Developer/Xcode/DerivedData/Build/Intermediates.noindex/GTMAppAuth.build/Debug-iphonesimulator/GTMAppAuth.build/GTMAppAuth.DependencyStaticMetadataFileList

WriteAuxiliaryFile /Users/hectorgarcia/Library/Developer/Xcode/DerivedData/Build/Intermediates.noindex/GTMAppAuth.build/Debug-iphonesimulator/GTMAppAuth.build/GTMAppAuth.DependencyMetadataFileList (in target 'GTMAppAuth' from project 'GTMAppAuth')
    cd /Users/hectorgarcia/Library/Developer/Xcode/DerivedData/Lyo-eagkiegzrakogpczynhkaholsscs/SourcePackages/checkouts/GTMAppAuth
    write-file /Users/hectorgarcia/Library/Developer/Xcode/DerivedData/Build/Intermediates.noindex/GTMAppAuth.build/Debug-iphonesimulator/GTMAppAuth.build/GTMAppAuth.DependencyMetadataFileList

WriteAuxiliaryFile /Users/hectorgarcia/Library/Developer/Xcode/DerivedData/Build/Intermediates.noindex/Firebase.build/Debug-iphonesimulator/Firebase_FirebaseCrashlytics.build/Firebase_FirebaseCrashlytics.DependencyStaticMetadataFileList (in target 'Firebase_FirebaseCrashlytics' from project 'Firebase')
    cd /Users/hectorgarcia/Library/Developer/Xcode/DerivedData/Lyo-eagkiegzrakogpczynhkaholsscs/SourcePackages/checkouts/firebase-ios-sdk
    write-file /Users/hectorgarcia/Library/Developer/Xcode/DerivedData/Build/Intermediates.noindex/Firebase.build/Debug-iphonesimulator/Firebase_FirebaseCrashlytics.build/Firebase_FirebaseCrashlytics.DependencyStaticMetadataFileList

WriteAuxiliaryFile /Users/hectorgarcia/Library/Developer/Xcode/DerivedData/Build/Intermediates.noindex/Firebase.build/Debug-iphonesimulator/Firebase_FirebaseCrashlytics.build/empty-Firebase_FirebaseCrashlytics.plist (in target 'Firebase_FirebaseCrashlytics' from project 'Firebase')
    cd /Users/hectorgarcia/Library/Developer/Xcode/DerivedData/Lyo-eagkiegzrakogpczynhkaholsscs/SourcePackages/checkouts/firebase-ios-sdk
    write-file /Users/hectorgarcia/Library/Developer/Xcode/DerivedData/Build/Intermediates.noindex/Firebase.build/Debug-iphonesimulator/Firebase_FirebaseCrashlytics.build/empty-Firebase_FirebaseCrashlytics.plist

WriteAuxiliaryFile /Users/hectorgarcia/Library/Developer/Xcode/DerivedData/Build/Intermediates.noindex/GTMAppAuth.build/Debug-iphonesimulator/GTMAppAuth.build/DerivedSources/resource_bundle_accessor.swift (in target 'GTMAppAuth' from project 'GTMAppAuth')
    cd /Users/hectorgarcia/Library/Developer/Xcode/DerivedData/Lyo-eagkiegzrakogpczynhkaholsscs/SourcePackages/checkouts/GTMAppAuth
    write-file /Users/hectorgarcia/Library/Developer/Xcode/DerivedData/Build/Intermediates.noindex/GTMAppAuth.build/Debug-iphonesimulator/GTMAppAuth.build/DerivedSources/resource_bundle_accessor.swift

WriteAuxiliaryFile /Users/hectorgarcia/Library/Developer/Xcode/DerivedData/Build/Intermediates.noindex/Firebase.build/Debug-iphonesimulator/Firebase_FirebaseCrashlytics.build/Firebase_FirebaseCrashlytics.DependencyMetadataFileList (in target 'Firebase_FirebaseCrashlytics' from project 'Firebase')
    cd /Users/hectorgarcia/Library/Developer/Xcode/DerivedData/Lyo-eagkiegzrakogpczynhkaholsscs/SourcePackages/checkouts/firebase-ios-sdk
    write-file /Users/hectorgarcia/Library/Developer/Xcode/DerivedData/Build/Intermediates.noindex/Firebase.build/Debug-iphonesimulator/Firebase_FirebaseCrashlytics.build/Firebase_FirebaseCrashlytics.DependencyMetadataFileList

WriteAuxiliaryFile /Users/hectorgarcia/Library/Developer/Xcode/DerivedData/Build/Intermediates.noindex/Firebase.build/Debug-iphonesimulator/Firebase_FirebaseCoreExtension.build/empty-Firebase_FirebaseCoreExtension.plist (in target 'Firebase_FirebaseCoreExtension' from project 'Firebase')
    cd /Users/hectorgarcia/Library/Developer/Xcode/DerivedData/Lyo-eagkiegzrakogpczynhkaholsscs/SourcePackages/checkouts/firebase-ios-sdk
    write-file /Users/hectorgarcia/Library/Developer/Xcode/DerivedData/Build/Intermediates.noindex/Firebase.build/Debug-iphonesimulator/Firebase_FirebaseCoreExtension.build/empty-Firebase_FirebaseCoreExtension.plist

WriteAuxiliaryFile /Users/hectorgarcia/Library/Developer/Xcode/DerivedData/Build/Intermediates.noindex/Firebase.build/Debug-iphonesimulator/Firebase_FirebaseCoreExtension.build/Firebase_FirebaseCoreExtension.DependencyStaticMetadataFileList (in target 'Firebase_FirebaseCoreExtension' from project 'Firebase')
    cd /Users/hectorgarcia/Library/Developer/Xcode/DerivedData/Lyo-eagkiegzrakogpczynhkaholsscs/SourcePackages/checkouts/firebase-ios-sdk
    write-file /Users/hectorgarcia/Library/Developer/Xcode/DerivedData/Build/Intermediates.noindex/Firebase.build/Debug-iphonesimulator/Firebase_FirebaseCoreExtension.build/Firebase_FirebaseCoreExtension.DependencyStaticMetadataFileList

WriteAuxiliaryFile /Users/hectorgarcia/Library/Developer/Xcode/DerivedData/Build/Intermediates.noindex/Firebase.build/Debug-iphonesimulator/Firebase_FirebaseCoreExtension.build/Firebase_FirebaseCoreExtension.DependencyMetadataFileList (in target 'Firebase_FirebaseCoreExtension' from project 'Firebase')
    cd /Users/hectorgarcia/Library/Developer/Xcode/DerivedData/Lyo-eagkiegzrakogpczynhkaholsscs/SourcePackages/checkouts/firebase-ios-sdk
    write-file /Users/hectorgarcia/Library/Developer/Xcode/DerivedData/Build/Intermediates.noindex/Firebase.build/Debug-iphonesimulator/Firebase_FirebaseCoreExtension.build/Firebase_FirebaseCoreExtension.DependencyMetadataFileList

Copy /Users/hectorgarcia/Library/Developer/Xcode/DerivedData/Build/Intermediates.noindex/GeneratedModuleMaps-iphonesimulator/GTMAppAuth.modulemap /Users/hectorgarcia/Library/Developer/Xcode/DerivedData/Build/Intermediates.noindex/GTMAppAuth.build/Debug-iphonesimulator/GTMAppAuth.build/GTMAppAuth.modulemap (in target 'GTMAppAuth' from project 'GTMAppAuth')
    cd /Users/hectorgarcia/Library/Developer/Xcode/DerivedData/Lyo-eagkiegzrakogpczynhkaholsscs/SourcePackages/checkouts/GTMAppAuth
    builtin-copy -exclude .DS_Store -exclude CVS -exclude .svn -exclude .git -exclude .hg -resolve-src-symlinks /Users/hectorgarcia/Library/Developer/Xcode/DerivedData/Build/Intermediates.noindex/GTMAppAuth.build/Debug-iphonesimulator/GTMAppAuth.build/GTMAppAuth.modulemap /Users/hectorgarcia/Library/Developer/Xcode/DerivedData/Build/Intermediates.noindex/GeneratedModuleMaps-iphonesimulator

WriteAuxiliaryFile /Users/hectorgarcia/Library/Developer/Xcode/DerivedData/Build/Intermediates.noindex/Firebase.build/Debug-iphonesimulator/Firebase_FirebaseCore.build/Firebase_FirebaseCore.DependencyStaticMetadataFileList (in target 'Firebase_FirebaseCore' from project 'Firebase')
    cd /Users/hectorgarcia/Library/Developer/Xcode/DerivedData/Lyo-eagkiegzrakogpczynhkaholsscs/SourcePackages/checkouts/firebase-ios-sdk
    write-file /Users/hectorgarcia/Library/Developer/Xcode/DerivedData/Build/Intermediates.noindex/Firebase.build/Debug-iphonesimulator/Firebase_FirebaseCore.build/Firebase_FirebaseCore.DependencyStaticMetadataFileList

WriteAuxiliaryFile /Users/hectorgarcia/Library/Developer/Xcode/DerivedData/Build/Intermediates.noindex/Firebase.build/Debug-iphonesimulator/Firebase_FirebaseCore.build/empty-Firebase_FirebaseCore.plist (in target 'Firebase_FirebaseCore' from project 'Firebase')
    cd /Users/hectorgarcia/Library/Developer/Xcode/DerivedData/Lyo-eagkiegzrakogpczynhkaholsscs/SourcePackages/checkouts/firebase-ios-sdk
    write-file /Users/hectorgarcia/Library/Developer/Xcode/DerivedData/Build/Intermediates.noindex/Firebase.build/Debug-iphonesimulator/Firebase_FirebaseCore.build/empty-Firebase_FirebaseCore.plist

WriteAuxiliaryFile /Users/hectorgarcia/Library/Developer/Xcode/DerivedData/Build/Intermediates.noindex/Firebase.build/Debug-iphonesimulator/Firebase_FirebaseCore.build/Firebase_FirebaseCore.DependencyMetadataFileList (in target 'Firebase_FirebaseCore' from project 'Firebase')
    cd /Users/hectorgarcia/Library/Developer/Xcode/DerivedData/Lyo-eagkiegzrakogpczynhkaholsscs/SourcePackages/checkouts/firebase-ios-sdk
    write-file /Users/hectorgarcia/Library/Developer/Xcode/DerivedData/Build/Intermediates.noindex/Firebase.build/Debug-iphonesimulator/Firebase_FirebaseCore.build/Firebase_FirebaseCore.DependencyMetadataFileList

WriteAuxiliaryFile /Users/hectorgarcia/Library/Developer/Xcode/DerivedData/Build/Intermediates.noindex/Firebase.build/Debug-iphonesimulator/Firebase_FirebaseAuth.build/empty-Firebase_FirebaseAuth.plist (in target 'Firebase_FirebaseAuth' from project 'Firebase')
    cd /Users/hectorgarcia/Library/Developer/Xcode/DerivedData/Lyo-eagkiegzrakogpczynhkaholsscs/SourcePackages/checkouts/firebase-ios-sdk
    write-file /Users/hectorgarcia/Library/Developer/Xcode/DerivedData/Build/Intermediates.noindex/Firebase.build/Debug-iphonesimulator/Firebase_FirebaseAuth.build/empty-Firebase_FirebaseAuth.plist

WriteAuxiliaryFile /Users/hectorgarcia/Library/Developer/Xcode/DerivedData/Build/Intermediates.noindex/Firebase.build/Debug-iphonesimulator/Firebase_FirebaseAuth.build/Firebase_FirebaseAuth.DependencyStaticMetadataFileList (in target 'Firebase_FirebaseAuth' from project 'Firebase')
    cd /Users/hectorgarcia/Library/Developer/Xcode/DerivedData/Lyo-eagkiegzrakogpczynhkaholsscs/SourcePackages/checkouts/firebase-ios-sdk
    write-file /Users/hectorgarcia/Library/Developer/Xcode/DerivedData/Build/Intermediates.noindex/Firebase.build/Debug-iphonesimulator/Firebase_FirebaseAuth.build/Firebase_FirebaseAuth.DependencyStaticMetadataFileList

WriteAuxiliaryFile /Users/hectorgarcia/Library/Developer/Xcode/DerivedData/Build/Intermediates.noindex/Firebase.build/Debug-iphonesimulator/Firebase_FirebaseAuth.build/Firebase_FirebaseAuth.DependencyMetadataFileList (in target 'Firebase_FirebaseAuth' from project 'Firebase')
    cd /Users/hectorgarcia/Library/Developer/Xcode/DerivedData/Lyo-eagkiegzrakogpczynhkaholsscs/SourcePackages/checkouts/firebase-ios-sdk
    write-file /Users/hectorgarcia/Library/Developer/Xcode/DerivedData/Build/Intermediates.noindex/Firebase.build/Debug-iphonesimulator/Firebase_FirebaseAuth.build/Firebase_FirebaseAuth.DependencyMetadataFileList

WriteAuxiliaryFile /Users/hectorgarcia/Library/Developer/Xcode/DerivedData/Build/Intermediates.noindex/Firebase.build/Debug-iphonesimulator/FirebaseSessionsObjC.build/Objects-normal/x86_64/e6072d4f65d7061329687fe24e3d63a7-common-args.resp (in target 'FirebaseSessionsObjC' from project 'Firebase')
    cd /Users/hectorgarcia/Library/Developer/Xcode/DerivedData/Lyo-eagkiegzrakogpczynhkaholsscs/SourcePackages/checkouts/firebase-ios-sdk
    write-file /Users/hectorgarcia/Library/Developer/Xcode/DerivedData/Build/Intermediates.noindex/Firebase.build/Debug-iphonesimulator/FirebaseSessionsObjC.build/Objects-normal/x86_64/e6072d4f65d7061329687fe24e3d63a7-common-args.resp
-target x86_64-apple-ios12.0-simulator '-std=c99' -fobjc-arc -fmodules -gmodules '-fmodules-cache-path=/Users/hectorgarcia/Library/Developer/Xcode/DerivedData/ModuleCache.noindex' '-fmodule-name=FirebaseSessionsObjC' -fpascal-strings -O0 -DSWIFT_PACKAGE '-DDEBUG=1' '-DDISPLAY_VERSION=10.29.0' '-DPB_FIELD_32BIT=1' '-DPB_NO_PACKED_STRUCTS=1' '-DPB_ENABLE_MALLOC=1' '-DOBJC_OLD_DISPATCH_PROTOTYPES=1' -isysroot /Users/hectorgarcia/Downloads/Xcode.app/Contents/Developer/Platforms/iPhoneSimulator.platform/Developer/SDKs/iPhoneSimulator26.2.sdk -fasm-blocks -g '-fobjc-abi-version=2' -fobjc-legacy-dispatch -I/Users/hectorgarcia/Library/Developer/Xcode/DerivedData/Lyo-eagkiegzrakogpczynhkaholsscs/SourcePackages/checkouts/GoogleUtilities/GoogleUtilities/NSData+zlib/Public -I/Users/hectorgarcia/Library/Developer/Xcode/DerivedData/Lyo-eagkiegzrakogpczynhkaholsscs/SourcePackages/checkouts/promises/Sources/FBLPromises/include -I/Users/hectorgarcia/Library/Developer/Xcode/DerivedData/Lyo-eagkiegzrakogpczynhkaholsscs/SourcePackages/checkouts/GoogleUtilities/GoogleUtilities/Environment/Public -I/Users/hectorgarcia/Library/Developer/Xcode/DerivedData/Lyo-eagkiegzrakogpczynhkaholsscs/SourcePackages/checkouts/GoogleUtilities/third_party/IsAppEncrypted/Public -I/Users/hectorgarcia/Library/Developer/Xcode/DerivedData/Lyo-eagkiegzrakogpczynhkaholsscs/SourcePackages/checkouts/GoogleUtilities/GoogleUtilities/Logger/Public -I/Users/hectorgarcia/Library/Developer/Xcode/DerivedData/Lyo-eagkiegzrakogpczynhkaholsscs/SourcePackages/checkouts/nanopb/spm_headers -I/Users/hectorgarcia/Library/Developer/Xcode/DerivedData/Lyo-eagkiegzrakogpczynhkaholsscs/SourcePackages/checkouts/firebase-ios-sdk/FirebaseCore/Extension -I/Users/hectorgarcia/Library/Developer/Xcode/DerivedData/Lyo-eagkiegzrakogpczynhkaholsscs/SourcePackages/checkouts/firebase-ios-sdk/FirebaseCore/Sources/Public -I/Users/hectorgarcia/Library/Developer/Xcode/DerivedData/Lyo-eagkiegzrakogpczynhkaholsscs/SourcePackages/checkouts/firebase-ios-sdk/CoreOnly/Sources -I/Users/hectorgarcia/Library/Developer/Xcode/DerivedData/Build/Products/Debug-iphonesimulator/include -I/Users/hectorgarcia/Library/Developer/Xcode/DerivedData/Lyo-eagkiegzrakogpczynhkaholsscs/SourcePackages/checkouts/firebase-ios-sdk/FirebaseSessions/SourcesObjC -I/Users/hectorgarcia/Library/Developer/Xcode/DerivedData/Lyo-eagkiegzrakogpczynhkaholsscs/SourcePackages/checkouts/firebase-ios-sdk -I/Users/hectorgarcia/Library/Developer/Xcode/DerivedData/Build/Intermediates.noindex/Firebase.build/Debug-iphonesimulator/FirebaseSessionsObjC.build/DerivedSources-normal/x86_64 -I/Users/hectorgarcia/Library/Developer/Xcode/DerivedData/Build/Intermediates.noindex/Firebase.build/Debug-iphonesimulator/FirebaseSessionsObjC.build/DerivedSources/x86_64 -I/Users/hectorgarcia/Library/Developer/Xcode/DerivedData/Build/Intermediates.noindex/Firebase.build/Debug-iphonesimulator/FirebaseSessionsObjC.build/DerivedSources -F/Users/hectorgarcia/Library/Developer/Xcode/DerivedData/Build/Products/Debug-iphonesimulator/PackageFrameworks -F/Users/hectorgarcia/Library/Developer/Xcode/DerivedData/Build/Products/Debug-iphonesimulator/PackageFrameworks -F/Users/hectorgarcia/Library/Developer/Xcode/DerivedData/Build/Products/Debug-iphonesimulator/PackageFrameworks -F/Users/hectorgarcia/Library/Developer/Xcode/DerivedData/Build/Products/Debug-iphonesimulator/PackageFrameworks -F/Users/hectorgarcia/Library/Developer/Xcode/DerivedData/Build/Products/Debug-iphonesimulator/PackageFrameworks -F/Users/hectorgarcia/Library/Developer/Xcode/DerivedData/Build/Products/Debug-iphonesimulator/PackageFrameworks -F/Users/hectorgarcia/Library/Developer/Xcode/DerivedData/Build/Products/Debug-iphonesimulator/PackageFrameworks -F/Users/hectorgarcia/Library/Developer/Xcode/DerivedData/Build/Products/Debug-iphonesimulator/PackageFrameworks -F/Users/hectorgarcia/Library/Developer/Xcode/DerivedData/Build/Products/Debug-iphonesimulator/PackageFrameworks -F/Users/hectorgarcia/Library/Developer/Xcode/DerivedData/Build/Products/Debug-iphonesimulator/PackageFrameworks -F/Users/hectorgarcia/Library/Developer/Xcode/DerivedData/Build/Products/Debug-iphonesimulator -iframework /Users/hectorgarcia/Downloads/Xcode.app/Contents/Developer/Platforms/iPhoneSimulator.platform/Developer/Library/Frameworks -iframework /Users/hectorgarcia/Downloads/Xcode.app/Contents/Developer/Platforms/iPhoneSimulator.platform/Developer/SDKs/iPhoneSimulator26.2.sdk/Developer/Library/Frameworks '-fmodule-map-file=/Users/hectorgarcia/Library/Developer/Xcode/DerivedData/Build/Intermediates.noindex/GeneratedModuleMaps-iphonesimulator/GoogleUtilities-NSData.modulemap' '-fmodule-map-file=/Users/hectorgarcia/Library/Developer/Xcode/DerivedData/Build/Intermediates.noindex/GeneratedModuleMaps-iphonesimulator/GoogleUtilities-Environment.modulemap' '-fmodule-map-file=/Users/hectorgarcia/Library/Developer/Xcode/DerivedData/Build/Intermediates.noindex/GeneratedModuleMaps-iphonesimulator/third-party-IsAppEncrypted.modulemap' '-fmodule-map-file=/Users/hectorgarcia/Library/Developer/Xcode/DerivedData/Build/Intermediates.noindex/GeneratedModuleMaps-iphonesimulator/GoogleUtilities-Logger.modulemap' '-fmodule-map-file=/Users/hectorgarcia/Library/Developer/Xcode/DerivedData/Build/Intermediates.noindex/GeneratedModuleMaps-iphonesimulator/nanopb.modulemap' '-fmodule-map-file=/Users/hectorgarcia/Library/Developer/Xcode/DerivedData/Build/Intermediates.noindex/GeneratedModuleMaps-iphonesimulator/FirebaseCoreExtension.modulemap' '-fmodule-map-file=/Users/hectorgarcia/Library/Developer/Xcode/DerivedData/Build/Intermediates.noindex/GeneratedModuleMaps-iphonesimulator/FirebaseCore.modulemap' '-fmodule-map-file=/Users/hectorgarcia/Library/Developer/Xcode/DerivedData/Build/Intermediates.noindex/GeneratedModuleMaps-iphonesimulator/FirebaseCoreInternal.modulemap' -DXcode
WriteAuxiliaryFile /Users/hectorgarcia/Library/Developer/Xcode/DerivedData/Build/Intermediates.noindex/Firebase.build/Debug-iphonesimulator/FirebaseSessionsObjC.build/Objects-normal/x86_64/FirebaseSessionsObjC.LinkFileList (in target 'FirebaseSessionsObjC' from project 'Firebase')
    cd /Users/hectorgarcia/Library/Developer/Xcode/DerivedData/Lyo-eagkiegzrakogpczynhkaholsscs/SourcePackages/checkouts/firebase-ios-sdk
    write-file /Users/hectorgarcia/Library/Developer/Xcode/DerivedData/Build/Intermediates.noindex/Firebase.build/Debug-iphonesimulator/FirebaseSessionsObjC.build/Objects-normal/x86_64/FirebaseSessionsObjC.LinkFileList

WriteAuxiliaryFile /Users/hectorgarcia/Library/Developer/Xcode/DerivedData/Build/Intermediates.noindex/Firebase.build/Debug-iphonesimulator/FirebaseSessionsObjC.build/Objects-normal/x86_64/7187679823f38a2a940e0043cdf9d637-common-args.resp (in target 'FirebaseSessionsObjC' from project 'Firebase')
    cd /Users/hectorgarcia/Library/Developer/Xcode/DerivedData/Lyo-eagkiegzrakogpczynhkaholsscs/SourcePackages/checkouts/firebase-ios-sdk
    write-file /Users/hectorgarcia/Library/Developer/Xcode/DerivedData/Build/Intermediates.noindex/Firebase.build/Debug-iphonesimulator/FirebaseSessionsObjC.build/Objects-normal/x86_64/7187679823f38a2a940e0043cdf9d637-common-args.resp
-target x86_64-apple-ios12.0-simulator '-std=c99' -fmodules -gmodules '-fmodules-cache-path=/Users/hectorgarcia/Library/Developer/Xcode/DerivedData/ModuleCache.noindex' '-fmodule-name=FirebaseSessionsObjC' -fpascal-strings -O0 -DSWIFT_PACKAGE '-DDEBUG=1' '-DDISPLAY_VERSION=10.29.0' '-DPB_FIELD_32BIT=1' '-DPB_NO_PACKED_STRUCTS=1' '-DPB_ENABLE_MALLOC=1' -isysroot /Users/hectorgarcia/Downloads/Xcode.app/Contents/Developer/Platforms/iPhoneSimulator.platform/Developer/SDKs/iPhoneSimulator26.2.sdk -fasm-blocks -g -I/Users/hectorgarcia/Library/Developer/Xcode/DerivedData/Lyo-eagkiegzrakogpczynhkaholsscs/SourcePackages/checkouts/GoogleUtilities/GoogleUtilities/NSData+zlib/Public -I/Users/hectorgarcia/Library/Developer/Xcode/DerivedData/Lyo-eagkiegzrakogpczynhkaholsscs/SourcePackages/checkouts/promises/Sources/FBLPromises/include -I/Users/hectorgarcia/Library/Developer/Xcode/DerivedData/Lyo-eagkiegzrakogpczynhkaholsscs/SourcePackages/checkouts/GoogleUtilities/GoogleUtilities/Environment/Public -I/Users/hectorgarcia/Library/Developer/Xcode/DerivedData/Lyo-eagkiegzrakogpczynhkaholsscs/SourcePackages/checkouts/GoogleUtilities/third_party/IsAppEncrypted/Public -I/Users/hectorgarcia/Library/Developer/Xcode/DerivedData/Lyo-eagkiegzrakogpczynhkaholsscs/SourcePackages/checkouts/GoogleUtilities/GoogleUtilities/Logger/Public -I/Users/hectorgarcia/Library/Developer/Xcode/DerivedData/Lyo-eagkiegzrakogpczynhkaholsscs/SourcePackages/checkouts/nanopb/spm_headers -I/Users/hectorgarcia/Library/Developer/Xcode/DerivedData/Lyo-eagkiegzrakogpczynhkaholsscs/SourcePackages/checkouts/firebase-ios-sdk/FirebaseCore/Extension -I/Users/hectorgarcia/Library/Developer/Xcode/DerivedData/Lyo-eagkiegzrakogpczynhkaholsscs/SourcePackages/checkouts/firebase-ios-sdk/FirebaseCore/Sources/Public -I/Users/hectorgarcia/Library/Developer/Xcode/DerivedData/Lyo-eagkiegzrakogpczynhkaholsscs/SourcePackages/checkouts/firebase-ios-sdk/CoreOnly/Sources -I/Users/hectorgarcia/Library/Developer/Xcode/DerivedData/Build/Products/Debug-iphonesimulator/include -I/Users/hectorgarcia/Library/Developer/Xcode/DerivedData/Lyo-eagkiegzrakogpczynhkaholsscs/SourcePackages/checkouts/firebase-ios-sdk/FirebaseSessions/SourcesObjC -I/Users/hectorgarcia/Library/Developer/Xcode/DerivedData/Lyo-eagkiegzrakogpczynhkaholsscs/SourcePackages/checkouts/firebase-ios-sdk -I/Users/hectorgarcia/Library/Developer/Xcode/DerivedData/Build/Intermediates.noindex/Firebase.build/Debug-iphonesimulator/FirebaseSessionsObjC.build/DerivedSources-normal/x86_64 -I/Users/hectorgarcia/Library/Developer/Xcode/DerivedData/Build/Intermediates.noindex/Firebase.build/Debug-iphonesimulator/FirebaseSessionsObjC.build/DerivedSources/x86_64 -I/Users/hectorgarcia/Library/Developer/Xcode/DerivedData/Build/Intermediates.noindex/Firebase.build/Debug-iphonesimulator/FirebaseSessionsObjC.build/DerivedSources -F/Users/hectorgarcia/Library/Developer/Xcode/DerivedData/Build/Products/Debug-iphonesimulator/PackageFrameworks -F/Users/hectorgarcia/Library/Developer/Xcode/DerivedData/Build/Products/Debug-iphonesimulator/PackageFrameworks -F/Users/hectorgarcia/Library/Developer/Xcode/DerivedData/Build/Products/Debug-iphonesimulator/PackageFrameworks -F/Users/hectorgarcia/Library/Developer/Xcode/DerivedData/Build/Products/Debug-iphonesimulator/PackageFrameworks -F/Users/hectorgarcia/Library/Developer/Xcode/DerivedData/Build/Products/Debug-iphonesimulator/PackageFrameworks -F/Users/hectorgarcia/Library/Developer/Xcode/DerivedData/Build/Products/Debug-iphonesimulator/PackageFrameworks -F/Users/hectorgarcia/Library/Developer/Xcode/DerivedData/Build/Products/Debug-iphonesimulator/PackageFrameworks -F/Users/hectorgarcia/Library/Developer/Xcode/DerivedData/Build/Products/Debug-iphonesimulator/PackageFrameworks -F/Users/hectorgarcia/Library/Developer/Xcode/DerivedData/Build/Products/Debug-iphonesimulator/PackageFrameworks -F/Users/hectorgarcia/Library/Developer/Xcode/DerivedData/Build/Products/Debug-iphonesimulator/PackageFrameworks -F/Users/hectorgarcia/Library/Developer/Xcode/DerivedData/Build/Products/Debug-iphonesimulator -iframework /Users/hectorgarcia/Downloads/Xcode.app/Contents/Developer/Platforms/iPhoneSimulator.platform/Developer/Library/Frameworks -iframework /Users/hectorgarcia/Downloads/Xcode.app/Contents/Developer/Platforms/iPhoneSimulator.platform/Developer/SDKs/iPhoneSimulator26.2.sdk/Developer/Library/Frameworks '-fmodule-map-file=/Users/hectorgarcia/Library/Developer/Xcode/DerivedData/Build/Intermediates.noindex/GeneratedModuleMaps-iphonesimulator/GoogleUtilities-NSData.modulemap' '-fmodule-map-file=/Users/hectorgarcia/Library/Developer/Xcode/DerivedData/Build/Intermediates.noindex/GeneratedModuleMaps-iphonesimulator/GoogleUtilities-Environment.modulemap' '-fmodule-map-file=/Users/hectorgarcia/Library/Developer/Xcode/DerivedData/Build/Intermediates.noindex/GeneratedModuleMaps-iphonesimulator/third-party-IsAppEncrypted.modulemap' '-fmodule-map-file=/Users/hectorgarcia/Library/Developer/Xcode/DerivedData/Build/Intermediates.noindex/GeneratedModuleMaps-iphonesimulator/GoogleUtilities-Logger.modulemap' '-fmodule-map-file=/Users/hectorgarcia/Library/Developer/Xcode/DerivedData/Build/Intermediates.noindex/GeneratedModuleMaps-iphonesimulator/nanopb.modulemap' '-fmodule-map-file=/Users/hectorgarcia/Library/Developer/Xcode/DerivedData/Build/Intermediates.noindex/GeneratedModuleMaps-iphonesimulator/FirebaseCoreExtension.modulemap' '-fmodule-map-file=/Users/hectorgarcia/Library/Developer/Xcode/DerivedData/Build/Intermediates.noindex/GeneratedModuleMaps-iphonesimulator/FirebaseCore.modulemap' '-fmodule-map-file=/Users/hectorgarcia/Library/Developer/Xcode/DerivedData/Build/Intermediates.noindex/GeneratedModuleMaps-iphonesimulator/FirebaseCoreInternal.modulemap' -DXcode
WriteAuxiliaryFile /Users/hectorgarcia/Library/Developer/Xcode/DerivedData/Build/Intermediates.noindex/Firebase.build/Debug-iphonesimulator/FirebaseSessionsObjC.build/FirebaseSessionsObjC.modulemap (in target 'FirebaseSessionsObjC' from project 'Firebase')
    cd /Users/hectorgarcia/Library/Developer/Xcode/DerivedData/Lyo-eagkiegzrakogpczynhkaholsscs/SourcePackages/checkouts/firebase-ios-sdk
    write-file /Users/hectorgarcia/Library/Developer/Xcode/DerivedData/Build/Intermediates.noindex/Firebase.build/Debug-iphonesimulator/FirebaseSessionsObjC.build/FirebaseSessionsObjC.modulemap

WriteAuxiliaryFile /Users/hectorgarcia/Library/Developer/Xcode/DerivedData/Build/Intermediates.noindex/Firebase.build/Debug-iphonesimulator/FirebaseSessionsObjC.build/FirebaseSessionsObjC.DependencyStaticMetadataFileList (in target 'FirebaseSessionsObjC' from project 'Firebase')
    cd /Users/hectorgarcia/Library/Developer/Xcode/DerivedData/Lyo-eagkiegzrakogpczynhkaholsscs/SourcePackages/checkouts/firebase-ios-sdk
    write-file /Users/hectorgarcia/Library/Developer/Xcode/DerivedData/Build/Intermediates.noindex/Firebase.build/Debug-iphonesimulator/FirebaseSessionsObjC.build/FirebaseSessionsObjC.DependencyStaticMetadataFileList

WriteAuxiliaryFile /Users/hectorgarcia/Library/Developer/Xcode/DerivedData/Build/Intermediates.noindex/Firebase.build/Debug-iphonesimulator/FirebaseSessionsObjC.build/FirebaseSessionsObjC.DependencyMetadataFileList (in target 'FirebaseSessionsObjC' from project 'Firebase')
    cd /Users/hectorgarcia/Library/Developer/Xcode/DerivedData/Lyo-eagkiegzrakogpczynhkaholsscs/SourcePackages/checkouts/firebase-ios-sdk
    write-file /Users/hectorgarcia/Library/Developer/Xcode/DerivedData/Build/Intermediates.noindex/Firebase.build/Debug-iphonesimulator/FirebaseSessionsObjC.build/FirebaseSessionsObjC.DependencyMetadataFileList

WriteAuxiliaryFile /Users/hectorgarcia/Library/Developer/Xcode/DerivedData/Build/Intermediates.noindex/Firebase.build/Debug-iphonesimulator/FirebaseSessions.build/Objects-normal/x86_64/FirebaseSessions_const_extract_protocols.json (in target 'FirebaseSessions' from project 'Firebase')
    cd /Users/hectorgarcia/Library/Developer/Xcode/DerivedData/Lyo-eagkiegzrakogpczynhkaholsscs/SourcePackages/checkouts/firebase-ios-sdk
    write-file /Users/hectorgarcia/Library/Developer/Xcode/DerivedData/Build/Intermediates.noindex/Firebase.build/Debug-iphonesimulator/FirebaseSessions.build/Objects-normal/x86_64/FirebaseSessions_const_extract_protocols.json

WriteAuxiliaryFile /Users/hectorgarcia/Library/Developer/Xcode/DerivedData/Build/Intermediates.noindex/Firebase.build/Debug-iphonesimulator/FirebaseSessions.build/Objects-normal/x86_64/FirebaseSessions.SwiftFileList (in target 'FirebaseSessions' from project 'Firebase')
    cd /Users/hectorgarcia/Library/Developer/Xcode/DerivedData/Lyo-eagkiegzrakogpczynhkaholsscs/SourcePackages/checkouts/firebase-ios-sdk
    write-file /Users/hectorgarcia/Library/Developer/Xcode/DerivedData/Build/Intermediates.noindex/Firebase.build/Debug-iphonesimulator/FirebaseSessions.build/Objects-normal/x86_64/FirebaseSessions.SwiftFileList

WriteAuxiliaryFile /Users/hectorgarcia/Library/Developer/Xcode/DerivedData/Build/Intermediates.noindex/Firebase.build/Debug-iphonesimulator/FirebaseSessions.build/Objects-normal/x86_64/FirebaseSessions.SwiftConstValuesFileList (in target 'FirebaseSessions' from project 'Firebase')
    cd /Users/hectorgarcia/Library/Developer/Xcode/DerivedData/Lyo-eagkiegzrakogpczynhkaholsscs/SourcePackages/checkouts/firebase-ios-sdk
    write-file /Users/hectorgarcia/Library/Developer/Xcode/DerivedData/Build/Intermediates.noindex/Firebase.build/Debug-iphonesimulator/FirebaseSessions.build/Objects-normal/x86_64/FirebaseSessions.SwiftConstValuesFileList

WriteAuxiliaryFile /Users/hectorgarcia/Library/Developer/Xcode/DerivedData/Build/Intermediates.noindex/Firebase.build/Debug-iphonesimulator/FirebaseSessions.build/Objects-normal/x86_64/FirebaseSessions.LinkFileList (in target 'FirebaseSessions' from project 'Firebase')
    cd /Users/hectorgarcia/Library/Developer/Xcode/DerivedData/Lyo-eagkiegzrakogpczynhkaholsscs/SourcePackages/checkouts/firebase-ios-sdk
    write-file /Users/hectorgarcia/Library/Developer/Xcode/DerivedData/Build/Intermediates.noindex/Firebase.build/Debug-iphonesimulator/FirebaseSessions.build/Objects-normal/x86_64/FirebaseSessions.LinkFileList

WriteAuxiliaryFile /Users/hectorgarcia/Library/Developer/Xcode/DerivedData/Build/Intermediates.noindex/Firebase.build/Debug-iphonesimulator/FirebaseSessions.build/Objects-normal/x86_64/FirebaseSessions-OutputFileMap.json (in target 'FirebaseSessions' from project 'Firebase')
    cd /Users/hectorgarcia/Library/Developer/Xcode/DerivedData/Lyo-eagkiegzrakogpczynhkaholsscs/SourcePackages/checkouts/firebase-ios-sdk
    write-file /Users/hectorgarcia/Library/Developer/Xcode/DerivedData/Build/Intermediates.noindex/Firebase.build/Debug-iphonesimulator/FirebaseSessions.build/Objects-normal/x86_64/FirebaseSessions-OutputFileMap.json

WriteAuxiliaryFile /Users/hectorgarcia/Library/Developer/Xcode/DerivedData/Build/Intermediates.noindex/Firebase.build/Debug-iphonesimulator/FirebaseSessions.build/FirebaseSessions.modulemap (in target 'FirebaseSessions' from project 'Firebase')
    cd /Users/hectorgarcia/Library/Developer/Xcode/DerivedData/Lyo-eagkiegzrakogpczynhkaholsscs/SourcePackages/checkouts/firebase-ios-sdk
    write-file /Users/hectorgarcia/Library/Developer/Xcode/DerivedData/Build/Intermediates.noindex/Firebase.build/Debug-iphonesimulator/FirebaseSessions.build/FirebaseSessions.modulemap

WriteAuxiliaryFile /Users/hectorgarcia/Library/Developer/Xcode/DerivedData/Build/Intermediates.noindex/Firebase.build/Debug-iphonesimulator/FirebaseSessions.build/FirebaseSessions.DependencyStaticMetadataFileList (in target 'FirebaseSessions' from project 'Firebase')
    cd /Users/hectorgarcia/Library/Developer/Xcode/DerivedData/Lyo-eagkiegzrakogpczynhkaholsscs/SourcePackages/checkouts/firebase-ios-sdk
    write-file /Users/hectorgarcia/Library/Developer/Xcode/DerivedData/Build/Intermediates.noindex/Firebase.build/Debug-iphonesimulator/FirebaseSessions.build/FirebaseSessions.DependencyStaticMetadataFileList

Copy /Users/hectorgarcia/Library/Developer/Xcode/DerivedData/Build/Intermediates.noindex/GeneratedModuleMaps-iphonesimulator/FirebaseSessionsObjC.modulemap /Users/hectorgarcia/Library/Developer/Xcode/DerivedData/Build/Intermediates.noindex/Firebase.build/Debug-iphonesimulator/FirebaseSessionsObjC.build/FirebaseSessionsObjC.modulemap (in target 'FirebaseSessionsObjC' from project 'Firebase')
    cd /Users/hectorgarcia/Library/Developer/Xcode/DerivedData/Lyo-eagkiegzrakogpczynhkaholsscs/SourcePackages/checkouts/firebase-ios-sdk
    builtin-copy -exclude .DS_Store -exclude CVS -exclude .svn -exclude .git -exclude .hg -resolve-src-symlinks /Users/hectorgarcia/Library/Developer/Xcode/DerivedData/Build/Intermediates.noindex/Firebase.build/Debug-iphonesimulator/FirebaseSessionsObjC.build/FirebaseSessionsObjC.modulemap /Users/hectorgarcia/Library/Developer/Xcode/DerivedData/Build/Intermediates.noindex/GeneratedModuleMaps-iphonesimulator

WriteAuxiliaryFile /Users/hectorgarcia/Library/Developer/Xcode/DerivedData/Build/Intermediates.noindex/Firebase.build/Debug-iphonesimulator/FirebaseSessions.build/FirebaseSessions.DependencyMetadataFileList (in target 'FirebaseSessions' from project 'Firebase')
    cd /Users/hectorgarcia/Library/Developer/Xcode/DerivedData/Lyo-eagkiegzrakogpczynhkaholsscs/SourcePackages/checkouts/firebase-ios-sdk
    write-file /Users/hectorgarcia/Library/Developer/Xcode/DerivedData/Build/Intermediates.noindex/Firebase.build/Debug-iphonesimulator/FirebaseSessions.build/FirebaseSessions.DependencyMetadataFileList

WriteAuxiliaryFile /Users/hectorgarcia/Library/Developer/Xcode/DerivedData/Build/Intermediates.noindex/Firebase.build/Debug-iphonesimulator/FirebaseRemoteConfigInterop.build/Objects-normal/x86_64/FirebaseRemoteConfigInterop_const_extract_protocols.json (in target 'FirebaseRemoteConfigInterop' from project 'Firebase')
    cd /Users/hectorgarcia/Library/Developer/Xcode/DerivedData/Lyo-eagkiegzrakogpczynhkaholsscs/SourcePackages/checkouts/firebase-ios-sdk
    write-file /Users/hectorgarcia/Library/Developer/Xcode/DerivedData/Build/Intermediates.noindex/Firebase.build/Debug-iphonesimulator/FirebaseRemoteConfigInterop.build/Objects-normal/x86_64/FirebaseRemoteConfigInterop_const_extract_protocols.json

WriteAuxiliaryFile /Users/hectorgarcia/Library/Developer/Xcode/DerivedData/Build/Intermediates.noindex/Firebase.build/Debug-iphonesimulator/FirebaseRemoteConfigInterop.build/Objects-normal/x86_64/FirebaseRemoteConfigInterop.SwiftConstValuesFileList (in target 'FirebaseRemoteConfigInterop' from project 'Firebase')
    cd /Users/hectorgarcia/Library/Developer/Xcode/DerivedData/Lyo-eagkiegzrakogpczynhkaholsscs/SourcePackages/checkouts/firebase-ios-sdk
    write-file /Users/hectorgarcia/Library/Developer/Xcode/DerivedData/Build/Intermediates.noindex/Firebase.build/Debug-iphonesimulator/FirebaseRemoteConfigInterop.build/Objects-normal/x86_64/FirebaseRemoteConfigInterop.SwiftConstValuesFileList

WriteAuxiliaryFile /Users/hectorgarcia/Library/Developer/Xcode/DerivedData/Build/Intermediates.noindex/Firebase.build/Debug-iphonesimulator/FirebaseRemoteConfigInterop.build/Objects-normal/x86_64/FirebaseRemoteConfigInterop.SwiftFileList (in target 'FirebaseRemoteConfigInterop' from project 'Firebase')
    cd /Users/hectorgarcia/Library/Developer/Xcode/DerivedData/Lyo-eagkiegzrakogpczynhkaholsscs/SourcePackages/checkouts/firebase-ios-sdk
    write-file /Users/hectorgarcia/Library/Developer/Xcode/DerivedData/Build/Intermediates.noindex/Firebase.build/Debug-iphonesimulator/FirebaseRemoteConfigInterop.build/Objects-normal/x86_64/FirebaseRemoteConfigInterop.SwiftFileList

WriteAuxiliaryFile /Users/hectorgarcia/Library/Developer/Xcode/DerivedData/Build/Intermediates.noindex/Firebase.build/Debug-iphonesimulator/FirebaseRemoteConfigInterop.build/Objects-normal/x86_64/FirebaseRemoteConfigInterop.LinkFileList (in target 'FirebaseRemoteConfigInterop' from project 'Firebase')
    cd /Users/hectorgarcia/Library/Developer/Xcode/DerivedData/Lyo-eagkiegzrakogpczynhkaholsscs/SourcePackages/checkouts/firebase-ios-sdk
    write-file /Users/hectorgarcia/Library/Developer/Xcode/DerivedData/Build/Intermediates.noindex/Firebase.build/Debug-iphonesimulator/FirebaseRemoteConfigInterop.build/Objects-normal/x86_64/FirebaseRemoteConfigInterop.LinkFileList

WriteAuxiliaryFile /Users/hectorgarcia/Library/Developer/Xcode/DerivedData/Build/Intermediates.noindex/Firebase.build/Debug-iphonesimulator/FirebaseRemoteConfigInterop.build/Objects-normal/x86_64/FirebaseRemoteConfigInterop-OutputFileMap.json (in target 'FirebaseRemoteConfigInterop' from project 'Firebase')
    cd /Users/hectorgarcia/Library/Developer/Xcode/DerivedData/Lyo-eagkiegzrakogpczynhkaholsscs/SourcePackages/checkouts/firebase-ios-sdk
    write-file /Users/hectorgarcia/Library/Developer/Xcode/DerivedData/Build/Intermediates.noindex/Firebase.build/Debug-iphonesimulator/FirebaseRemoteConfigInterop.build/Objects-normal/x86_64/FirebaseRemoteConfigInterop-OutputFileMap.json

WriteAuxiliaryFile /Users/hectorgarcia/Library/Developer/Xcode/DerivedData/Build/Intermediates.noindex/Firebase.build/Debug-iphonesimulator/FirebaseRemoteConfigInterop.build/FirebaseRemoteConfigInterop.modulemap (in target 'FirebaseRemoteConfigInterop' from project 'Firebase')
    cd /Users/hectorgarcia/Library/Developer/Xcode/DerivedData/Lyo-eagkiegzrakogpczynhkaholsscs/SourcePackages/checkouts/firebase-ios-sdk
    write-file /Users/hectorgarcia/Library/Developer/Xcode/DerivedData/Build/Intermediates.noindex/Firebase.build/Debug-iphonesimulator/FirebaseRemoteConfigInterop.build/FirebaseRemoteConfigInterop.modulemap

Copy /Users/hectorgarcia/Library/Developer/Xcode/DerivedData/Build/Intermediates.noindex/GeneratedModuleMaps-iphonesimulator/FirebaseSessions.modulemap /Users/hectorgarcia/Library/Developer/Xcode/DerivedData/Build/Intermediates.noindex/Firebase.build/Debug-iphonesimulator/FirebaseSessions.build/FirebaseSessions.modulemap (in target 'FirebaseSessions' from project 'Firebase')
    cd /Users/hectorgarcia/Library/Developer/Xcode/DerivedData/Lyo-eagkiegzrakogpczynhkaholsscs/SourcePackages/checkouts/firebase-ios-sdk
    builtin-copy -exclude .DS_Store -exclude CVS -exclude .svn -exclude .git -exclude .hg -resolve-src-symlinks /Users/hectorgarcia/Library/Developer/Xcode/DerivedData/Build/Intermediates.noindex/Firebase.build/Debug-iphonesimulator/FirebaseSessions.build/FirebaseSessions.modulemap /Users/hectorgarcia/Library/Developer/Xcode/DerivedData/Build/Intermediates.noindex/GeneratedModuleMaps-iphonesimulator

WriteAuxiliaryFile /Users/hectorgarcia/Library/Developer/Xcode/DerivedData/Build/Intermediates.noindex/Firebase.build/Debug-iphonesimulator/FirebaseRemoteConfigInterop.build/FirebaseRemoteConfigInterop.DependencyStaticMetadataFileList (in target 'FirebaseRemoteConfigInterop' from project 'Firebase')
    cd /Users/hectorgarcia/Library/Developer/Xcode/DerivedData/Lyo-eagkiegzrakogpczynhkaholsscs/SourcePackages/checkouts/firebase-ios-sdk
    write-file /Users/hectorgarcia/Library/Developer/Xcode/DerivedData/Build/Intermediates.noindex/Firebase.build/Debug-iphonesimulator/FirebaseRemoteConfigInterop.build/FirebaseRemoteConfigInterop.DependencyStaticMetadataFileList

WriteAuxiliaryFile /Users/hectorgarcia/Library/Developer/Xcode/DerivedData/Build/Intermediates.noindex/Firebase.build/Debug-iphonesimulator/FirebaseRemoteConfigInterop.build/FirebaseRemoteConfigInterop.DependencyMetadataFileList (in target 'FirebaseRemoteConfigInterop' from project 'Firebase')
    cd /Users/hectorgarcia/Library/Developer/Xcode/DerivedData/Lyo-eagkiegzrakogpczynhkaholsscs/SourcePackages/checkouts/firebase-ios-sdk
    write-file /Users/hectorgarcia/Library/Developer/Xcode/DerivedData/Build/Intermediates.noindex/Firebase.build/Debug-iphonesimulator/FirebaseRemoteConfigInterop.build/FirebaseRemoteConfigInterop.DependencyMetadataFileList

WriteAuxiliaryFile /Users/hectorgarcia/Library/Developer/Xcode/DerivedData/Build/Intermediates.noindex/Firebase.build/Debug-iphonesimulator/FirebaseInstallations.build/Objects-normal/x86_64/FirebaseInstallations.LinkFileList (in target 'FirebaseInstallations' from project 'Firebase')
    cd /Users/hectorgarcia/Library/Developer/Xcode/DerivedData/Lyo-eagkiegzrakogpczynhkaholsscs/SourcePackages/checkouts/firebase-ios-sdk
    write-file /Users/hectorgarcia/Library/Developer/Xcode/DerivedData/Build/Intermediates.noindex/Firebase.build/Debug-iphonesimulator/FirebaseInstallations.build/Objects-normal/x86_64/FirebaseInstallations.LinkFileList

WriteAuxiliaryFile /Users/hectorgarcia/Library/Developer/Xcode/DerivedData/Build/Intermediates.noindex/Firebase.build/Debug-iphonesimulator/FirebaseInstallations.build/Objects-normal/x86_64/e6072d4f65d7061329687fe24e3d63a7-common-args.resp (in target 'FirebaseInstallations' from project 'Firebase')
    cd /Users/hectorgarcia/Library/Developer/Xcode/DerivedData/Lyo-eagkiegzrakogpczynhkaholsscs/SourcePackages/checkouts/firebase-ios-sdk
    write-file /Users/hectorgarcia/Library/Developer/Xcode/DerivedData/Build/Intermediates.noindex/Firebase.build/Debug-iphonesimulator/FirebaseInstallations.build/Objects-normal/x86_64/e6072d4f65d7061329687fe24e3d63a7-common-args.resp
-target x86_64-apple-ios12.0-simulator '-std=c99' -fobjc-arc -fmodules -gmodules '-fmodules-cache-path=/Users/hectorgarcia/Library/Developer/Xcode/DerivedData/ModuleCache.noindex' '-fmodule-name=FirebaseInstallations' -fpascal-strings -O0 -DSWIFT_PACKAGE '-DDEBUG=1' '-DOBJC_OLD_DISPATCH_PROTOTYPES=1' -isysroot /Users/hectorgarcia/Downloads/Xcode.app/Contents/Developer/Platforms/iPhoneSimulator.platform/Developer/SDKs/iPhoneSimulator26.2.sdk -fasm-blocks -g '-fobjc-abi-version=2' -fobjc-legacy-dispatch -I/Users/hectorgarcia/Library/Developer/Xcode/DerivedData/Lyo-eagkiegzrakogpczynhkaholsscs/SourcePackages/checkouts/GoogleUtilities/GoogleUtilities/NSData+zlib/Public -I/Users/hectorgarcia/Library/Developer/Xcode/DerivedData/Lyo-eagkiegzrakogpczynhkaholsscs/SourcePackages/checkouts/promises/Sources/FBLPromises/include -I/Users/hectorgarcia/Library/Developer/Xcode/DerivedData/Lyo-eagkiegzrakogpczynhkaholsscs/SourcePackages/checkouts/GoogleUtilities/GoogleUtilities/Logger/Public -I/Users/hectorgarcia/Library/Developer/Xcode/DerivedData/Lyo-eagkiegzrakogpczynhkaholsscs/SourcePackages/checkouts/GoogleUtilities/GoogleUtilities/Environment/Public -I/Users/hectorgarcia/Library/Developer/Xcode/DerivedData/Lyo-eagkiegzrakogpczynhkaholsscs/SourcePackages/checkouts/GoogleUtilities/third_party/IsAppEncrypted/Public -I/Users/hectorgarcia/Library/Developer/Xcode/DerivedData/Lyo-eagkiegzrakogpczynhkaholsscs/SourcePackages/checkouts/GoogleUtilities/GoogleUtilities/UserDefaults/Public -I/Users/hectorgarcia/Library/Developer/Xcode/DerivedData/Lyo-eagkiegzrakogpczynhkaholsscs/SourcePackages/checkouts/firebase-ios-sdk/FirebaseCore/Sources/Public -I/Users/hectorgarcia/Library/Developer/Xcode/DerivedData/Lyo-eagkiegzrakogpczynhkaholsscs/SourcePackages/checkouts/firebase-ios-sdk/CoreOnly/Sources -I/Users/hectorgarcia/Library/Developer/Xcode/DerivedData/Build/Products/Debug-iphonesimulator/include -I/Users/hectorgarcia/Library/Developer/Xcode/DerivedData/Lyo-eagkiegzrakogpczynhkaholsscs/SourcePackages/checkouts/firebase-ios-sdk/FirebaseInstallations/Source/Library/Public -I/Users/hectorgarcia/Library/Developer/Xcode/DerivedData/Lyo-eagkiegzrakogpczynhkaholsscs/SourcePackages/checkouts/firebase-ios-sdk -I/Users/hectorgarcia/Library/Developer/Xcode/DerivedData/Build/Intermediates.noindex/Firebase.build/Debug-iphonesimulator/FirebaseInstallations.build/DerivedSources-normal/x86_64 -I/Users/hectorgarcia/Library/Developer/Xcode/DerivedData/Build/Intermediates.noindex/Firebase.build/Debug-iphonesimulator/FirebaseInstallations.build/DerivedSources/x86_64 -I/Users/hectorgarcia/Library/Developer/Xcode/DerivedData/Build/Intermediates.noindex/Firebase.build/Debug-iphonesimulator/FirebaseInstallations.build/DerivedSources -F/Users/hectorgarcia/Library/Developer/Xcode/DerivedData/Build/Products/Debug-iphonesimulator/PackageFrameworks -F/Users/hectorgarcia/Library/Developer/Xcode/DerivedData/Build/Products/Debug-iphonesimulator/PackageFrameworks -F/Users/hectorgarcia/Library/Developer/Xcode/DerivedData/Build/Products/Debug-iphonesimulator/PackageFrameworks -F/Users/hectorgarcia/Library/Developer/Xcode/DerivedData/Build/Products/Debug-iphonesimulator/PackageFrameworks -F/Users/hectorgarcia/Library/Developer/Xcode/DerivedData/Build/Products/Debug-iphonesimulator/PackageFrameworks -F/Users/hectorgarcia/Library/Developer/Xcode/DerivedData/Build/Products/Debug-iphonesimulator/PackageFrameworks -F/Users/hectorgarcia/Library/Developer/Xcode/DerivedData/Build/Products/Debug-iphonesimulator/PackageFrameworks -F/Users/hectorgarcia/Library/Developer/Xcode/DerivedData/Build/Products/Debug-iphonesimulator/PackageFrameworks -F/Users/hectorgarcia/Library/Developer/Xcode/DerivedData/Build/Products/Debug-iphonesimulator/PackageFrameworks -F/Users/hectorgarcia/Library/Developer/Xcode/DerivedData/Build/Products/Debug-iphonesimulator -iframework /Users/hectorgarcia/Downloads/Xcode.app/Contents/Developer/Platforms/iPhoneSimulator.platform/Developer/Library/Frameworks -iframework /Users/hectorgarcia/Downloads/Xcode.app/Contents/Developer/Platforms/iPhoneSimulator.platform/Developer/SDKs/iPhoneSimulator26.2.sdk/Developer/Library/Frameworks '-fmodule-map-file=/Users/hectorgarcia/Library/Developer/Xcode/DerivedData/Build/Intermediates.noindex/GeneratedModuleMaps-iphonesimulator/GoogleUtilities-NSData.modulemap' '-fmodule-map-file=/Users/hectorgarcia/Library/Developer/Xcode/DerivedData/Build/Intermediates.noindex/GeneratedModuleMaps-iphonesimulator/GoogleUtilities-Logger.modulemap' '-fmodule-map-file=/Users/hectorgarcia/Library/Developer/Xcode/DerivedData/Build/Intermediates.noindex/GeneratedModuleMaps-iphonesimulator/GoogleUtilities-Environment.modulemap' '-fmodule-map-file=/Users/hectorgarcia/Library/Developer/Xcode/DerivedData/Build/Intermediates.noindex/GeneratedModuleMaps-iphonesimulator/third-party-IsAppEncrypted.modulemap' '-fmodule-map-file=/Users/hectorgarcia/Library/Developer/Xcode/DerivedData/Build/Intermediates.noindex/GeneratedModuleMaps-iphonesimulator/GoogleUtilities-UserDefaults.modulemap' '-fmodule-map-file=/Users/hectorgarcia/Library/Developer/Xcode/DerivedData/Build/Intermediates.noindex/GeneratedModuleMaps-iphonesimulator/FirebaseCore.modulemap' '-fmodule-map-file=/Users/hectorgarcia/Library/Developer/Xcode/DerivedData/Build/Intermediates.noindex/GeneratedModuleMaps-iphonesimulator/FirebaseCoreInternal.modulemap' -DXcode
WriteAuxiliaryFile /Users/hectorgarcia/Library/Developer/Xcode/DerivedData/Build/Intermediates.noindex/Firebase.build/Debug-iphonesimulator/FirebaseInstallations.build/FirebaseInstallations.modulemap (in target 'FirebaseInstallations' from project 'Firebase')
    cd /Users/hectorgarcia/Library/Developer/Xcode/DerivedData/Lyo-eagkiegzrakogpczynhkaholsscs/SourcePackages/checkouts/firebase-ios-sdk
    write-file /Users/hectorgarcia/Library/Developer/Xcode/DerivedData/Build/Intermediates.noindex/Firebase.build/Debug-iphonesimulator/FirebaseInstallations.build/FirebaseInstallations.modulemap

WriteAuxiliaryFile /Users/hectorgarcia/Library/Developer/Xcode/DerivedData/Build/Intermediates.noindex/Firebase.build/Debug-iphonesimulator/FirebaseInstallations.build/FirebaseInstallations.DependencyStaticMetadataFileList (in target 'FirebaseInstallations' from project 'Firebase')
    cd /Users/hectorgarcia/Library/Developer/Xcode/DerivedData/Lyo-eagkiegzrakogpczynhkaholsscs/SourcePackages/checkouts/firebase-ios-sdk
    write-file /Users/hectorgarcia/Library/Developer/Xcode/DerivedData/Build/Intermediates.noindex/Firebase.build/Debug-iphonesimulator/FirebaseInstallations.build/FirebaseInstallations.DependencyStaticMetadataFileList

WriteAuxiliaryFile /Users/hectorgarcia/Library/Developer/Xcode/DerivedData/Build/Intermediates.noindex/Firebase.build/Debug-iphonesimulator/FirebaseInstallations.build/FirebaseInstallations.DependencyMetadataFileList (in target 'FirebaseInstallations' from project 'Firebase')
    cd /Users/hectorgarcia/Library/Developer/Xcode/DerivedData/Lyo-eagkiegzrakogpczynhkaholsscs/SourcePackages/checkouts/firebase-ios-sdk
    write-file /Users/hectorgarcia/Library/Developer/Xcode/DerivedData/Build/Intermediates.noindex/Firebase.build/Debug-iphonesimulator/FirebaseInstallations.build/FirebaseInstallations.DependencyMetadataFileList

Copy /Users/hectorgarcia/Library/Developer/Xcode/DerivedData/Build/Intermediates.noindex/GeneratedModuleMaps-iphonesimulator/FirebaseRemoteConfigInterop.modulemap /Users/hectorgarcia/Library/Developer/Xcode/DerivedData/Build/Intermediates.noindex/Firebase.build/Debug-iphonesimulator/FirebaseRemoteConfigInterop.build/FirebaseRemoteConfigInterop.modulemap (in target 'FirebaseRemoteConfigInterop' from project 'Firebase')
    cd /Users/hectorgarcia/Library/Developer/Xcode/DerivedData/Lyo-eagkiegzrakogpczynhkaholsscs/SourcePackages/checkouts/firebase-ios-sdk
    builtin-copy -exclude .DS_Store -exclude CVS -exclude .svn -exclude .git -exclude .hg -resolve-src-symlinks /Users/hectorgarcia/Library/Developer/Xcode/DerivedData/Build/Intermediates.noindex/Firebase.build/Debug-iphonesimulator/FirebaseRemoteConfigInterop.build/FirebaseRemoteConfigInterop.modulemap /Users/hectorgarcia/Library/Developer/Xcode/DerivedData/Build/Intermediates.noindex/GeneratedModuleMaps-iphonesimulator

WriteAuxiliaryFile /Users/hectorgarcia/Library/Developer/Xcode/DerivedData/Build/Intermediates.noindex/Firebase.build/Debug-iphonesimulator/FirebaseInstallations.build/DerivedSources/resource_bundle_accessor.h (in target 'FirebaseInstallations' from project 'Firebase')
    cd /Users/hectorgarcia/Library/Developer/Xcode/DerivedData/Lyo-eagkiegzrakogpczynhkaholsscs/SourcePackages/checkouts/firebase-ios-sdk
    write-file /Users/hectorgarcia/Library/Developer/Xcode/DerivedData/Build/Intermediates.noindex/Firebase.build/Debug-iphonesimulator/FirebaseInstallations.build/DerivedSources/resource_bundle_accessor.h

WriteAuxiliaryFile /Users/hectorgarcia/Library/Developer/Xcode/DerivedData/Build/Intermediates.noindex/Firebase.build/Debug-iphonesimulator/FirebaseInstallations.build/DerivedSources/resource_bundle_accessor.m (in target 'FirebaseInstallations' from project 'Firebase')
    cd /Users/hectorgarcia/Library/Developer/Xcode/DerivedData/Lyo-eagkiegzrakogpczynhkaholsscs/SourcePackages/checkouts/firebase-ios-sdk
    write-file /Users/hectorgarcia/Library/Developer/Xcode/DerivedData/Build/Intermediates.noindex/Firebase.build/Debug-iphonesimulator/FirebaseInstallations.build/DerivedSources/resource_bundle_accessor.m

WriteAuxiliaryFile /Users/hectorgarcia/Library/Developer/Xcode/DerivedData/Build/Intermediates.noindex/Firebase.build/Debug-iphonesimulator/FirebaseCrashlyticsSwift.build/Objects-normal/x86_64/FirebaseCrashlyticsSwift_const_extract_protocols.json (in target 'FirebaseCrashlyticsSwift' from project 'Firebase')
    cd /Users/hectorgarcia/Library/Developer/Xcode/DerivedData/Lyo-eagkiegzrakogpczynhkaholsscs/SourcePackages/checkouts/firebase-ios-sdk
    write-file /Users/hectorgarcia/Library/Developer/Xcode/DerivedData/Build/Intermediates.noindex/Firebase.build/Debug-iphonesimulator/FirebaseCrashlyticsSwift.build/Objects-normal/x86_64/FirebaseCrashlyticsSwift_const_extract_protocols.json

WriteAuxiliaryFile /Users/hectorgarcia/Library/Developer/Xcode/DerivedData/Build/Intermediates.noindex/Firebase.build/Debug-iphonesimulator/FirebaseCrashlyticsSwift.build/Objects-normal/x86_64/FirebaseCrashlyticsSwift.SwiftConstValuesFileList (in target 'FirebaseCrashlyticsSwift' from project 'Firebase')
    cd /Users/hectorgarcia/Library/Developer/Xcode/DerivedData/Lyo-eagkiegzrakogpczynhkaholsscs/SourcePackages/checkouts/firebase-ios-sdk
    write-file /Users/hectorgarcia/Library/Developer/Xcode/DerivedData/Build/Intermediates.noindex/Firebase.build/Debug-iphonesimulator/FirebaseCrashlyticsSwift.build/Objects-normal/x86_64/FirebaseCrashlyticsSwift.SwiftConstValuesFileList

WriteAuxiliaryFile /Users/hectorgarcia/Library/Developer/Xcode/DerivedData/Build/Intermediates.noindex/Firebase.build/Debug-iphonesimulator/FirebaseCrashlyticsSwift.build/Objects-normal/x86_64/FirebaseCrashlyticsSwift.SwiftFileList (in target 'FirebaseCrashlyticsSwift' from project 'Firebase')
    cd /Users/hectorgarcia/Library/Developer/Xcode/DerivedData/Lyo-eagkiegzrakogpczynhkaholsscs/SourcePackages/checkouts/firebase-ios-sdk
    write-file /Users/hectorgarcia/Library/Developer/Xcode/DerivedData/Build/Intermediates.noindex/Firebase.build/Debug-iphonesimulator/FirebaseCrashlyticsSwift.build/Objects-normal/x86_64/FirebaseCrashlyticsSwift.SwiftFileList

Copy /Users/hectorgarcia/Library/Developer/Xcode/DerivedData/Build/Intermediates.noindex/GeneratedModuleMaps-iphonesimulator/FirebaseInstallations.modulemap /Users/hectorgarcia/Library/Developer/Xcode/DerivedData/Build/Intermediates.noindex/Firebase.build/Debug-iphonesimulator/FirebaseInstallations.build/FirebaseInstallations.modulemap (in target 'FirebaseInstallations' from project 'Firebase')
    cd /Users/hectorgarcia/Library/Developer/Xcode/DerivedData/Lyo-eagkiegzrakogpczynhkaholsscs/SourcePackages/checkouts/firebase-ios-sdk
    builtin-copy -exclude .DS_Store -exclude CVS -exclude .svn -exclude .git -exclude .hg -resolve-src-symlinks /Users/hectorgarcia/Library/Developer/Xcode/DerivedData/Build/Intermediates.noindex/Firebase.build/Debug-iphonesimulator/FirebaseInstallations.build/FirebaseInstallations.modulemap /Users/hectorgarcia/Library/Developer/Xcode/DerivedData/Build/Intermediates.noindex/GeneratedModuleMaps-iphonesimulator

WriteAuxiliaryFile /Users/hectorgarcia/Library/Developer/Xcode/DerivedData/Build/Intermediates.noindex/Firebase.build/Debug-iphonesimulator/FirebaseCrashlyticsSwift.build/Objects-normal/x86_64/FirebaseCrashlyticsSwift.LinkFileList (in target 'FirebaseCrashlyticsSwift' from project 'Firebase')
    cd /Users/hectorgarcia/Library/Developer/Xcode/DerivedData/Lyo-eagkiegzrakogpczynhkaholsscs/SourcePackages/checkouts/firebase-ios-sdk
    write-file /Users/hectorgarcia/Library/Developer/Xcode/DerivedData/Build/Intermediates.noindex/Firebase.build/Debug-iphonesimulator/FirebaseCrashlyticsSwift.build/Objects-normal/x86_64/FirebaseCrashlyticsSwift.LinkFileList

WriteAuxiliaryFile /Users/hectorgarcia/Library/Developer/Xcode/DerivedData/Build/Intermediates.noindex/Firebase.build/Debug-iphonesimulator/FirebaseCrashlyticsSwift.build/Objects-normal/x86_64/FirebaseCrashlyticsSwift-OutputFileMap.json (in target 'FirebaseCrashlyticsSwift' from project 'Firebase')
    cd /Users/hectorgarcia/Library/Developer/Xcode/DerivedData/Lyo-eagkiegzrakogpczynhkaholsscs/SourcePackages/checkouts/firebase-ios-sdk
    write-file /Users/hectorgarcia/Library/Developer/Xcode/DerivedData/Build/Intermediates.noindex/Firebase.build/Debug-iphonesimulator/FirebaseCrashlyticsSwift.build/Objects-normal/x86_64/FirebaseCrashlyticsSwift-OutputFileMap.json

WriteAuxiliaryFile /Users/hectorgarcia/Library/Developer/Xcode/DerivedData/Build/Intermediates.noindex/Firebase.build/Debug-iphonesimulator/FirebaseCrashlyticsSwift.build/FirebaseCrashlyticsSwift.modulemap (in target 'FirebaseCrashlyticsSwift' from project 'Firebase')
    cd /Users/hectorgarcia/Library/Developer/Xcode/DerivedData/Lyo-eagkiegzrakogpczynhkaholsscs/SourcePackages/checkouts/firebase-ios-sdk
    write-file /Users/hectorgarcia/Library/Developer/Xcode/DerivedData/Build/Intermediates.noindex/Firebase.build/Debug-iphonesimulator/FirebaseCrashlyticsSwift.build/FirebaseCrashlyticsSwift.modulemap

WriteAuxiliaryFile /Users/hectorgarcia/Library/Developer/Xcode/DerivedData/Build/Intermediates.noindex/Firebase.build/Debug-iphonesimulator/FirebaseCrashlyticsSwift.build/FirebaseCrashlyticsSwift.DependencyStaticMetadataFileList (in target 'FirebaseCrashlyticsSwift' from project 'Firebase')
    cd /Users/hectorgarcia/Library/Developer/Xcode/DerivedData/Lyo-eagkiegzrakogpczynhkaholsscs/SourcePackages/checkouts/firebase-ios-sdk
    write-file /Users/hectorgarcia/Library/Developer/Xcode/DerivedData/Build/Intermediates.noindex/Firebase.build/Debug-iphonesimulator/FirebaseCrashlyticsSwift.build/FirebaseCrashlyticsSwift.DependencyStaticMetadataFileList

WriteAuxiliaryFile /Users/hectorgarcia/Library/Developer/Xcode/DerivedData/Build/Intermediates.noindex/Firebase.build/Debug-iphonesimulator/FirebaseCrashlyticsSwift.build/FirebaseCrashlyticsSwift.DependencyMetadataFileList (in target 'FirebaseCrashlyticsSwift' from project 'Firebase')
    cd /Users/hectorgarcia/Library/Developer/Xcode/DerivedData/Lyo-eagkiegzrakogpczynhkaholsscs/SourcePackages/checkouts/firebase-ios-sdk
    write-file /Users/hectorgarcia/Library/Developer/Xcode/DerivedData/Build/Intermediates.noindex/Firebase.build/Debug-iphonesimulator/FirebaseCrashlyticsSwift.build/FirebaseCrashlyticsSwift.DependencyMetadataFileList

WriteAuxiliaryFile /Users/hectorgarcia/Library/Developer/Xcode/DerivedData/Build/Intermediates.noindex/Firebase.build/Debug-iphonesimulator/FirebaseCrashlytics.build/Objects-normal/x86_64/e6072d4f65d7061329687fe24e3d63a7-common-args.resp (in target 'FirebaseCrashlytics' from project 'Firebase')
    cd /Users/hectorgarcia/Library/Developer/Xcode/DerivedData/Lyo-eagkiegzrakogpczynhkaholsscs/SourcePackages/checkouts/firebase-ios-sdk
    write-file /Users/hectorgarcia/Library/Developer/Xcode/DerivedData/Build/Intermediates.noindex/Firebase.build/Debug-iphonesimulator/FirebaseCrashlytics.build/Objects-normal/x86_64/e6072d4f65d7061329687fe24e3d63a7-common-args.resp
-target x86_64-apple-ios12.0-simulator '-std=c99' -fobjc-arc -fmodules -gmodules '-fmodules-cache-path=/Users/hectorgarcia/Library/Developer/Xcode/DerivedData/ModuleCache.noindex' '-fmodule-name=FirebaseCrashlytics' -fpascal-strings -O0 -DSWIFT_PACKAGE '-DDEBUG=1' '-DDISPLAY_VERSION=10.29.0' '-DPB_FIELD_32BIT=1' '-DPB_NO_PACKED_STRUCTS=1' '-DPB_ENABLE_MALLOC=1' '-DCLS_SDK_NAME=Crashlytics iOS SDK' '-DOBJC_OLD_DISPATCH_PROTOTYPES=1' -isysroot /Users/hectorgarcia/Downloads/Xcode.app/Contents/Developer/Platforms/iPhoneSimulator.platform/Developer/SDKs/iPhoneSimulator26.2.sdk -fasm-blocks -g '-fobjc-abi-version=2' -fobjc-legacy-dispatch -I/Users/hectorgarcia/Library/Developer/Xcode/DerivedData/Lyo-eagkiegzrakogpczynhkaholsscs/SourcePackages/checkouts/GoogleUtilities/GoogleUtilities/NSData+zlib/Public -I/Users/hectorgarcia/Library/Developer/Xcode/DerivedData/Lyo-eagkiegzrakogpczynhkaholsscs/SourcePackages/checkouts/GoogleUtilities/GoogleUtilities/Logger/Public -I/Users/hectorgarcia/Library/Developer/Xcode/DerivedData/Lyo-eagkiegzrakogpczynhkaholsscs/SourcePackages/checkouts/GoogleUtilities/GoogleUtilities/Environment/Public -I/Users/hectorgarcia/Library/Developer/Xcode/DerivedData/Lyo-eagkiegzrakogpczynhkaholsscs/SourcePackages/checkouts/GoogleUtilities/third_party/IsAppEncrypted/Public -I/Users/hectorgarcia/Library/Developer/Xcode/DerivedData/Lyo-eagkiegzrakogpczynhkaholsscs/SourcePackages/checkouts/GoogleUtilities/GoogleUtilities/UserDefaults/Public -I/Users/hectorgarcia/Library/Developer/Xcode/DerivedData/Lyo-eagkiegzrakogpczynhkaholsscs/SourcePackages/checkouts/nanopb/spm_headers -I/Users/hectorgarcia/Library/Developer/Xcode/DerivedData/Lyo-eagkiegzrakogpczynhkaholsscs/SourcePackages/checkouts/promises/Sources/FBLPromises/include -I/Users/hectorgarcia/Library/Developer/Xcode/DerivedData/Lyo-eagkiegzrakogpczynhkaholsscs/SourcePackages/checkouts/GoogleDataTransport/GoogleDataTransport/GDTCORLibrary/Public -I/Users/hectorgarcia/Library/Developer/Xcode/DerivedData/Lyo-eagkiegzrakogpczynhkaholsscs/SourcePackages/checkouts/firebase-ios-sdk/FirebaseSessions/SourcesObjC -I/Users/hectorgarcia/Library/Developer/Xcode/DerivedData/Lyo-eagkiegzrakogpczynhkaholsscs/SourcePackages/checkouts/firebase-ios-sdk/FirebaseCore/Extension -I/Users/hectorgarcia/Library/Developer/Xcode/DerivedData/Lyo-eagkiegzrakogpczynhkaholsscs/SourcePackages/checkouts/firebase-ios-sdk/FirebaseInstallations/Source/Library/Public -I/Users/hectorgarcia/Library/Developer/Xcode/DerivedData/Lyo-eagkiegzrakogpczynhkaholsscs/SourcePackages/checkouts/firebase-ios-sdk/FirebaseCore/Sources/Public -I/Users/hectorgarcia/Library/Developer/Xcode/DerivedData/Lyo-eagkiegzrakogpczynhkaholsscs/SourcePackages/checkouts/firebase-ios-sdk/CoreOnly/Sources -I/Users/hectorgarcia/Library/Developer/Xcode/DerivedData/Build/Products/Debug-iphonesimulator/include -I/Users/hectorgarcia/Library/Developer/Xcode/DerivedData/Lyo-eagkiegzrakogpczynhkaholsscs/SourcePackages/checkouts/firebase-ios-sdk/Crashlytics/Crashlytics/Public -I/Users/hectorgarcia/Library/Developer/Xcode/DerivedData/Lyo-eagkiegzrakogpczynhkaholsscs/SourcePackages/checkouts/firebase-ios-sdk -I/Users/hectorgarcia/Library/Developer/Xcode/DerivedData/Build/Intermediates.noindex/Firebase.build/Debug-iphonesimulator/FirebaseCrashlytics.build/DerivedSources-normal/x86_64 -I/Users/hectorgarcia/Library/Developer/Xcode/DerivedData/Build/Intermediates.noindex/Firebase.build/Debug-iphonesimulator/FirebaseCrashlytics.build/DerivedSources/x86_64 -I/Users/hectorgarcia/Library/Developer/Xcode/DerivedData/Build/Intermediates.noindex/Firebase.build/Debug-iphonesimulator/FirebaseCrashlytics.build/DerivedSources -F/Users/hectorgarcia/Library/Developer/Xcode/DerivedData/Build/Products/Debug-iphonesimulator/PackageFrameworks -F/Users/hectorgarcia/Library/Developer/Xcode/DerivedData/Build/Products/Debug-iphonesimulator/PackageFrameworks -F/Users/hectorgarcia/Library/Developer/Xcode/DerivedData/Build/Products/Debug-iphonesimulator/PackageFrameworks -F/Users/hectorgarcia/Library/Developer/Xcode/DerivedData/Build/Products/Debug-iphonesimulator/PackageFrameworks -F/Users/hectorgarcia/Library/Developer/Xcode/DerivedData/Build/Products/Debug-iphonesimulator/PackageFrameworks -F/Users/hectorgarcia/Library/Developer/Xcode/DerivedData/Build/Products/Debug-iphonesimulator/PackageFrameworks -F/Users/hectorgarcia/Library/Developer/Xcode/DerivedData/Build/Products/Debug-iphonesimulator/PackageFrameworks -F/Users/hectorgarcia/Library/Developer/Xcode/DerivedData/Build/Products/Debug-iphonesimulator/PackageFrameworks -F/Users/hectorgarcia/Library/Developer/Xcode/DerivedData/Build/Products/Debug-iphonesimulator/PackageFrameworks -F/Users/hectorgarcia/Library/Developer/Xcode/DerivedData/Build/Products/Debug-iphonesimulator/PackageFrameworks -F/Users/hectorgarcia/Library/Developer/Xcode/DerivedData/Build/Products/Debug-iphonesimulator/PackageFrameworks -F/Users/hectorgarcia/Library/Developer/Xcode/DerivedData/Build/Products/Debug-iphonesimulator/PackageFrameworks -F/Users/hectorgarcia/Library/Developer/Xcode/DerivedData/Build/Products/Debug-iphonesimulator/PackageFrameworks -F/Users/hectorgarcia/Library/Developer/Xcode/DerivedData/Build/Products/Debug-iphonesimulator/PackageFrameworks -F/Users/hectorgarcia/Library/Developer/Xcode/DerivedData/Build/Products/Debug-iphonesimulator/PackageFrameworks -F/Users/hectorgarcia/Library/Developer/Xcode/DerivedData/Build/Products/Debug-iphonesimulator/PackageFrameworks -F/Users/hectorgarcia/Library/Developer/Xcode/DerivedData/Build/Products/Debug-iphonesimulator/PackageFrameworks -F/Users/hectorgarcia/Library/Developer/Xcode/DerivedData/Build/Products/Debug-iphonesimulator/PackageFrameworks -F/Users/hectorgarcia/Library/Developer/Xcode/DerivedData/Build/Products/Debug-iphonesimulator -iframework /Users/hectorgarcia/Downloads/Xcode.app/Contents/Developer/Platforms/iPhoneSimulator.platform/Developer/Library/Frameworks -iframework /Users/hectorgarcia/Downloads/Xcode.app/Contents/Developer/Platforms/iPhoneSimulator.platform/Developer/SDKs/iPhoneSimulator26.2.sdk/Developer/Library/Frameworks '-fmodule-map-file=/Users/hectorgarcia/Library/Developer/Xcode/DerivedData/Build/Intermediates.noindex/GeneratedModuleMaps-iphonesimulator/GoogleUtilities-NSData.modulemap' '-fmodule-map-file=/Users/hectorgarcia/Library/Developer/Xcode/DerivedData/Build/Intermediates.noindex/GeneratedModuleMaps-iphonesimulator/GoogleUtilities-Logger.modulemap' '-fmodule-map-file=/Users/hectorgarcia/Library/Developer/Xcode/DerivedData/Build/Intermediates.noindex/GeneratedModuleMaps-iphonesimulator/GoogleUtilities-Environment.modulemap' '-fmodule-map-file=/Users/hectorgarcia/Library/Developer/Xcode/DerivedData/Build/Intermediates.noindex/GeneratedModuleMaps-iphonesimulator/third-party-IsAppEncrypted.modulemap' '-fmodule-map-file=/Users/hectorgarcia/Library/Developer/Xcode/DerivedData/Build/Intermediates.noindex/GeneratedModuleMaps-iphonesimulator/GoogleUtilities-UserDefaults.modulemap' '-fmodule-map-file=/Users/hectorgarcia/Library/Developer/Xcode/DerivedData/Build/Intermediates.noindex/GeneratedModuleMaps-iphonesimulator/nanopb.modulemap' '-fmodule-map-file=/Users/hectorgarcia/Library/Developer/Xcode/DerivedData/Build/Intermediates.noindex/GeneratedModuleMaps-iphonesimulator/Promises.modulemap' '-fmodule-map-file=/Users/hectorgarcia/Library/Developer/Xcode/DerivedData/Build/Intermediates.noindex/GeneratedModuleMaps-iphonesimulator/GoogleDataTransport.modulemap' '-fmodule-map-file=/Users/hectorgarcia/Library/Developer/Xcode/DerivedData/Build/Intermediates.noindex/GeneratedModuleMaps-iphonesimulator/FirebaseCrashlyticsSwift.modulemap' '-fmodule-map-file=/Users/hectorgarcia/Library/Developer/Xcode/DerivedData/Build/Intermediates.noindex/GeneratedModuleMaps-iphonesimulator/FirebaseRemoteConfigInterop.modulemap' '-fmodule-map-file=/Users/hectorgarcia/Library/Developer/Xcode/DerivedData/Build/Intermediates.noindex/GeneratedModuleMaps-iphonesimulator/FirebaseSessions.modulemap' '-fmodule-map-file=/Users/hectorgarcia/Library/Developer/Xcode/DerivedData/Build/Intermediates.noindex/GeneratedModuleMaps-iphonesimulator/FirebaseSessionsObjC.modulemap' '-fmodule-map-file=/Users/hectorgarcia/Library/Developer/Xcode/DerivedData/Build/Intermediates.noindex/GeneratedModuleMaps-iphonesimulator/FirebaseCoreExtension.modulemap' '-fmodule-map-file=/Users/hectorgarcia/Library/Developer/Xcode/DerivedData/Build/Intermediates.noindex/GeneratedModuleMaps-iphonesimulator/FirebaseInstallations.modulemap' '-fmodule-map-file=/Users/hectorgarcia/Library/Developer/Xcode/DerivedData/Build/Intermediates.noindex/GeneratedModuleMaps-iphonesimulator/FirebaseCore.modulemap' '-fmodule-map-file=/Users/hectorgarcia/Library/Developer/Xcode/DerivedData/Build/Intermediates.noindex/GeneratedModuleMaps-iphonesimulator/FirebaseCoreInternal.modulemap' -DXcode
WriteAuxiliaryFile /Users/hectorgarcia/Library/Developer/Xcode/DerivedData/Build/Intermediates.noindex/Firebase.build/Debug-iphonesimulator/FirebaseCrashlytics.build/Objects-normal/x86_64/af3fcb34312c57c0f52879cdce924b91-common-args.resp (in target 'FirebaseCrashlytics' from project 'Firebase')
    cd /Users/hectorgarcia/Library/Developer/Xcode/DerivedData/Lyo-eagkiegzrakogpczynhkaholsscs/SourcePackages/checkouts/firebase-ios-sdk
    write-file /Users/hectorgarcia/Library/Developer/Xcode/DerivedData/Build/Intermediates.noindex/Firebase.build/Debug-iphonesimulator/FirebaseCrashlytics.build/Objects-normal/x86_64/af3fcb34312c57c0f52879cdce924b91-common-args.resp
-target x86_64-apple-ios12.0-simulator '-std=gnu++14' -fobjc-arc -fmodules -fno-cxx-modules -gmodules '-fmodules-cache-path=/Users/hectorgarcia/Library/Developer/Xcode/DerivedData/ModuleCache.noindex' '-fmodule-name=FirebaseCrashlytics' '-D_LIBCPP_HARDENING_MODE=_LIBCPP_HARDENING_MODE_DEBUG' -fpascal-strings -O0 -DSWIFT_PACKAGE '-DDEBUG=1' '-DDISPLAY_VERSION=10.29.0' '-DPB_FIELD_32BIT=1' '-DPB_NO_PACKED_STRUCTS=1' '-DPB_ENABLE_MALLOC=1' '-DCLS_SDK_NAME=Crashlytics iOS SDK' '-DOBJC_OLD_DISPATCH_PROTOTYPES=1' -isysroot /Users/hectorgarcia/Downloads/Xcode.app/Contents/Developer/Platforms/iPhoneSimulator.platform/Developer/SDKs/iPhoneSimulator26.2.sdk -fasm-blocks -g -fvisibility-inlines-hidden '-fobjc-abi-version=2' -fobjc-legacy-dispatch -I/Users/hectorgarcia/Library/Developer/Xcode/DerivedData/Lyo-eagkiegzrakogpczynhkaholsscs/SourcePackages/checkouts/GoogleUtilities/GoogleUtilities/NSData+zlib/Public -I/Users/hectorgarcia/Library/Developer/Xcode/DerivedData/Lyo-eagkiegzrakogpczynhkaholsscs/SourcePackages/checkouts/GoogleUtilities/GoogleUtilities/Logger/Public -I/Users/hectorgarcia/Library/Developer/Xcode/DerivedData/Lyo-eagkiegzrakogpczynhkaholsscs/SourcePackages/checkouts/GoogleUtilities/GoogleUtilities/Environment/Public -I/Users/hectorgarcia/Library/Developer/Xcode/DerivedData/Lyo-eagkiegzrakogpczynhkaholsscs/SourcePackages/checkouts/GoogleUtilities/third_party/IsAppEncrypted/Public -I/Users/hectorgarcia/Library/Developer/Xcode/DerivedData/Lyo-eagkiegzrakogpczynhkaholsscs/SourcePackages/checkouts/GoogleUtilities/GoogleUtilities/UserDefaults/Public -I/Users/hectorgarcia/Library/Developer/Xcode/DerivedData/Lyo-eagkiegzrakogpczynhkaholsscs/SourcePackages/checkouts/nanopb/spm_headers -I/Users/hectorgarcia/Library/Developer/Xcode/DerivedData/Lyo-eagkiegzrakogpczynhkaholsscs/SourcePackages/checkouts/promises/Sources/FBLPromises/include -I/Users/hectorgarcia/Library/Developer/Xcode/DerivedData/Lyo-eagkiegzrakogpczynhkaholsscs/SourcePackages/checkouts/GoogleDataTransport/GoogleDataTransport/GDTCORLibrary/Public -I/Users/hectorgarcia/Library/Developer/Xcode/DerivedData/Lyo-eagkiegzrakogpczynhkaholsscs/SourcePackages/checkouts/firebase-ios-sdk/FirebaseSessions/SourcesObjC -I/Users/hectorgarcia/Library/Developer/Xcode/DerivedData/Lyo-eagkiegzrakogpczynhkaholsscs/SourcePackages/checkouts/firebase-ios-sdk/FirebaseCore/Extension -I/Users/hectorgarcia/Library/Developer/Xcode/DerivedData/Lyo-eagkiegzrakogpczynhkaholsscs/SourcePackages/checkouts/firebase-ios-sdk/FirebaseInstallations/Source/Library/Public -I/Users/hectorgarcia/Library/Developer/Xcode/DerivedData/Lyo-eagkiegzrakogpczynhkaholsscs/SourcePackages/checkouts/firebase-ios-sdk/FirebaseCore/Sources/Public -I/Users/hectorgarcia/Library/Developer/Xcode/DerivedData/Lyo-eagkiegzrakogpczynhkaholsscs/SourcePackages/checkouts/firebase-ios-sdk/CoreOnly/Sources -I/Users/hectorgarcia/Library/Developer/Xcode/DerivedData/Build/Products/Debug-iphonesimulator/include -I/Users/hectorgarcia/Library/Developer/Xcode/DerivedData/Lyo-eagkiegzrakogpczynhkaholsscs/SourcePackages/checkouts/firebase-ios-sdk/Crashlytics/Crashlytics/Public -I/Users/hectorgarcia/Library/Developer/Xcode/DerivedData/Lyo-eagkiegzrakogpczynhkaholsscs/SourcePackages/checkouts/firebase-ios-sdk -I/Users/hectorgarcia/Library/Developer/Xcode/DerivedData/Build/Intermediates.noindex/Firebase.build/Debug-iphonesimulator/FirebaseCrashlytics.build/DerivedSources-normal/x86_64 -I/Users/hectorgarcia/Library/Developer/Xcode/DerivedData/Build/Intermediates.noindex/Firebase.build/Debug-iphonesimulator/FirebaseCrashlytics.build/DerivedSources/x86_64 -I/Users/hectorgarcia/Library/Developer/Xcode/DerivedData/Build/Intermediates.noindex/Firebase.build/Debug-iphonesimulator/FirebaseCrashlytics.build/DerivedSources -F/Users/hectorgarcia/Library/Developer/Xcode/DerivedData/Build/Products/Debug-iphonesimulator/PackageFrameworks -F/Users/hectorgarcia/Library/Developer/Xcode/DerivedData/Build/Products/Debug-iphonesimulator/PackageFrameworks -F/Users/hectorgarcia/Library/Developer/Xcode/DerivedData/Build/Products/Debug-iphonesimulator/PackageFrameworks -F/Users/hectorgarcia/Library/Developer/Xcode/DerivedData/Build/Products/Debug-iphonesimulator/PackageFrameworks -F/Users/hectorgarcia/Library/Developer/Xcode/DerivedData/Build/Products/Debug-iphonesimulator/PackageFrameworks -F/Users/hectorgarcia/Library/Developer/Xcode/DerivedData/Build/Products/Debug-iphonesimulator/PackageFrameworks -F/Users/hectorgarcia/Library/Developer/Xcode/DerivedData/Build/Products/Debug-iphonesimulator/PackageFrameworks -F/Users/hectorgarcia/Library/Developer/Xcode/DerivedData/Build/Products/Debug-iphonesimulator/PackageFrameworks -F/Users/hectorgarcia/Library/Developer/Xcode/DerivedData/Build/Products/Debug-iphonesimulator/PackageFrameworks -F/Users/hectorgarcia/Library/Developer/Xcode/DerivedData/Build/Products/Debug-iphonesimulator/PackageFrameworks -F/Users/hectorgarcia/Library/Developer/Xcode/DerivedData/Build/Products/Debug-iphonesimulator/PackageFrameworks -F/Users/hectorgarcia/Library/Developer/Xcode/DerivedData/Build/Products/Debug-iphonesimulator/PackageFrameworks -F/Users/hectorgarcia/Library/Developer/Xcode/DerivedData/Build/Products/Debug-iphonesimulator/PackageFrameworks -F/Users/hectorgarcia/Library/Developer/Xcode/DerivedData/Build/Products/Debug-iphonesimulator/PackageFrameworks -F/Users/hectorgarcia/Library/Developer/Xcode/DerivedData/Build/Products/Debug-iphonesimulator/PackageFrameworks -F/Users/hectorgarcia/Library/Developer/Xcode/DerivedData/Build/Products/Debug-iphonesimulator/PackageFrameworks -F/Users/hectorgarcia/Library/Developer/Xcode/DerivedData/Build/Products/Debug-iphonesimulator/PackageFrameworks -F/Users/hectorgarcia/Library/Developer/Xcode/DerivedData/Build/Products/Debug-iphonesimulator/PackageFrameworks -F/Users/hectorgarcia/Library/Developer/Xcode/DerivedData/Build/Products/Debug-iphonesimulator -iframework /Users/hectorgarcia/Downloads/Xcode.app/Contents/Developer/Platforms/iPhoneSimulator.platform/Developer/Library/Frameworks -iframework /Users/hectorgarcia/Downloads/Xcode.app/Contents/Developer/Platforms/iPhoneSimulator.platform/Developer/SDKs/iPhoneSimulator26.2.sdk/Developer/Library/Frameworks '-fmodule-map-file=/Users/hectorgarcia/Library/Developer/Xcode/DerivedData/Build/Intermediates.noindex/GeneratedModuleMaps-iphonesimulator/GoogleUtilities-NSData.modulemap' '-fmodule-map-file=/Users/hectorgarcia/Library/Developer/Xcode/DerivedData/Build/Intermediates.noindex/GeneratedModuleMaps-iphonesimulator/GoogleUtilities-Logger.modulemap' '-fmodule-map-file=/Users/hectorgarcia/Library/Developer/Xcode/DerivedData/Build/Intermediates.noindex/GeneratedModuleMaps-iphonesimulator/GoogleUtilities-Environment.modulemap' '-fmodule-map-file=/Users/hectorgarcia/Library/Developer/Xcode/DerivedData/Build/Intermediates.noindex/GeneratedModuleMaps-iphonesimulator/third-party-IsAppEncrypted.modulemap' '-fmodule-map-file=/Users/hectorgarcia/Library/Developer/Xcode/DerivedData/Build/Intermediates.noindex/GeneratedModuleMaps-iphonesimulator/GoogleUtilities-UserDefaults.modulemap' '-fmodule-map-file=/Users/hectorgarcia/Library/Developer/Xcode/DerivedData/Build/Intermediates.noindex/GeneratedModuleMaps-iphonesimulator/nanopb.modulemap' '-fmodule-map-file=/Users/hectorgarcia/Library/Developer/Xcode/DerivedData/Build/Intermediates.noindex/GeneratedModuleMaps-iphonesimulator/Promises.modulemap' '-fmodule-map-file=/Users/hectorgarcia/Library/Developer/Xcode/DerivedData/Build/Intermediates.noindex/GeneratedModuleMaps-iphonesimulator/GoogleDataTransport.modulemap' '-fmodule-map-file=/Users/hectorgarcia/Library/Developer/Xcode/DerivedData/Build/Intermediates.noindex/GeneratedModuleMaps-iphonesimulator/FirebaseCrashlyticsSwift.modulemap' '-fmodule-map-file=/Users/hectorgarcia/Library/Developer/Xcode/DerivedData/Build/Intermediates.noindex/GeneratedModuleMaps-iphonesimulator/FirebaseRemoteConfigInterop.modulemap' '-fmodule-map-file=/Users/hectorgarcia/Library/Developer/Xcode/DerivedData/Build/Intermediates.noindex/GeneratedModuleMaps-iphonesimulator/FirebaseSessions.modulemap' '-fmodule-map-file=/Users/hectorgarcia/Library/Developer/Xcode/DerivedData/Build/Intermediates.noindex/GeneratedModuleMaps-iphonesimulator/FirebaseSessionsObjC.modulemap' '-fmodule-map-file=/Users/hectorgarcia/Library/Developer/Xcode/DerivedData/Build/Intermediates.noindex/GeneratedModuleMaps-iphonesimulator/FirebaseCoreExtension.modulemap' '-fmodule-map-file=/Users/hectorgarcia/Library/Developer/Xcode/DerivedData/Build/Intermediates.noindex/GeneratedModuleMaps-iphonesimulator/FirebaseInstallations.modulemap' '-fmodule-map-file=/Users/hectorgarcia/Library/Developer/Xcode/DerivedData/Build/Intermediates.noindex/GeneratedModuleMaps-iphonesimulator/FirebaseCore.modulemap' '-fmodule-map-file=/Users/hectorgarcia/Library/Developer/Xcode/DerivedData/Build/Intermediates.noindex/GeneratedModuleMaps-iphonesimulator/FirebaseCoreInternal.modulemap' -DXcode
WriteAuxiliaryFile /Users/hectorgarcia/Library/Developer/Xcode/DerivedData/Build/Intermediates.noindex/Firebase.build/Debug-iphonesimulator/FirebaseCrashlytics.build/Objects-normal/x86_64/FirebaseCrashlytics.LinkFileList (in target 'FirebaseCrashlytics' from project 'Firebase')
    cd /Users/hectorgarcia/Library/Developer/Xcode/DerivedData/Lyo-eagkiegzrakogpczynhkaholsscs/SourcePackages/checkouts/firebase-ios-sdk
    write-file /Users/hectorgarcia/Library/Developer/Xcode/DerivedData/Build/Intermediates.noindex/Firebase.build/Debug-iphonesimulator/FirebaseCrashlytics.build/Objects-normal/x86_64/FirebaseCrashlytics.LinkFileList

WriteAuxiliaryFile /Users/hectorgarcia/Library/Developer/Xcode/DerivedData/Build/Intermediates.noindex/Firebase.build/Debug-iphonesimulator/FirebaseCrashlytics.build/Objects-normal/x86_64/7187679823f38a2a940e0043cdf9d637-common-args.resp (in target 'FirebaseCrashlytics' from project 'Firebase')
    cd /Users/hectorgarcia/Library/Developer/Xcode/DerivedData/Lyo-eagkiegzrakogpczynhkaholsscs/SourcePackages/checkouts/firebase-ios-sdk
    write-file /Users/hectorgarcia/Library/Developer/Xcode/DerivedData/Build/Intermediates.noindex/Firebase.build/Debug-iphonesimulator/FirebaseCrashlytics.build/Objects-normal/x86_64/7187679823f38a2a940e0043cdf9d637-common-args.resp
-target x86_64-apple-ios12.0-simulator '-std=c99' -fmodules -gmodules '-fmodules-cache-path=/Users/hectorgarcia/Library/Developer/Xcode/DerivedData/ModuleCache.noindex' '-fmodule-name=FirebaseCrashlytics' -fpascal-strings -O0 -DSWIFT_PACKAGE '-DDEBUG=1' '-DDISPLAY_VERSION=10.29.0' '-DPB_FIELD_32BIT=1' '-DPB_NO_PACKED_STRUCTS=1' '-DPB_ENABLE_MALLOC=1' '-DCLS_SDK_NAME=Crashlytics iOS SDK' -isysroot /Users/hectorgarcia/Downloads/Xcode.app/Contents/Developer/Platforms/iPhoneSimulator.platform/Developer/SDKs/iPhoneSimulator26.2.sdk -fasm-blocks -g -I/Users/hectorgarcia/Library/Developer/Xcode/DerivedData/Lyo-eagkiegzrakogpczynhkaholsscs/SourcePackages/checkouts/GoogleUtilities/GoogleUtilities/NSData+zlib/Public -I/Users/hectorgarcia/Library/Developer/Xcode/DerivedData/Lyo-eagkiegzrakogpczynhkaholsscs/SourcePackages/checkouts/GoogleUtilities/GoogleUtilities/Logger/Public -I/Users/hectorgarcia/Library/Developer/Xcode/DerivedData/Lyo-eagkiegzrakogpczynhkaholsscs/SourcePackages/checkouts/GoogleUtilities/GoogleUtilities/Environment/Public -I/Users/hectorgarcia/Library/Developer/Xcode/DerivedData/Lyo-eagkiegzrakogpczynhkaholsscs/SourcePackages/checkouts/GoogleUtilities/third_party/IsAppEncrypted/Public -I/Users/hectorgarcia/Library/Developer/Xcode/DerivedData/Lyo-eagkiegzrakogpczynhkaholsscs/SourcePackages/checkouts/GoogleUtilities/GoogleUtilities/UserDefaults/Public -I/Users/hectorgarcia/Library/Developer/Xcode/DerivedData/Lyo-eagkiegzrakogpczynhkaholsscs/SourcePackages/checkouts/nanopb/spm_headers -I/Users/hectorgarcia/Library/Developer/Xcode/DerivedData/Lyo-eagkiegzrakogpczynhkaholsscs/SourcePackages/checkouts/promises/Sources/FBLPromises/include -I/Users/hectorgarcia/Library/Developer/Xcode/DerivedData/Lyo-eagkiegzrakogpczynhkaholsscs/SourcePackages/checkouts/GoogleDataTransport/GoogleDataTransport/GDTCORLibrary/Public -I/Users/hectorgarcia/Library/Developer/Xcode/DerivedData/Lyo-eagkiegzrakogpczynhkaholsscs/SourcePackages/checkouts/firebase-ios-sdk/FirebaseSessions/SourcesObjC -I/Users/hectorgarcia/Library/Developer/Xcode/DerivedData/Lyo-eagkiegzrakogpczynhkaholsscs/SourcePackages/checkouts/firebase-ios-sdk/FirebaseCore/Extension -I/Users/hectorgarcia/Library/Developer/Xcode/DerivedData/Lyo-eagkiegzrakogpczynhkaholsscs/SourcePackages/checkouts/firebase-ios-sdk/FirebaseInstallations/Source/Library/Public -I/Users/hectorgarcia/Library/Developer/Xcode/DerivedData/Lyo-eagkiegzrakogpczynhkaholsscs/SourcePackages/checkouts/firebase-ios-sdk/FirebaseCore/Sources/Public -I/Users/hectorgarcia/Library/Developer/Xcode/DerivedData/Lyo-eagkiegzrakogpczynhkaholsscs/SourcePackages/checkouts/firebase-ios-sdk/CoreOnly/Sources -I/Users/hectorgarcia/Library/Developer/Xcode/DerivedData/Build/Products/Debug-iphonesimulator/include -I/Users/hectorgarcia/Library/Developer/Xcode/DerivedData/Lyo-eagkiegzrakogpczynhkaholsscs/SourcePackages/checkouts/firebase-ios-sdk/Crashlytics/Crashlytics/Public -I/Users/hectorgarcia/Library/Developer/Xcode/DerivedData/Lyo-eagkiegzrakogpczynhkaholsscs/SourcePackages/checkouts/firebase-ios-sdk -I/Users/hectorgarcia/Library/Developer/Xcode/DerivedData/Build/Intermediates.noindex/Firebase.build/Debug-iphonesimulator/FirebaseCrashlytics.build/DerivedSources-normal/x86_64 -I/Users/hectorgarcia/Library/Developer/Xcode/DerivedData/Build/Intermediates.noindex/Firebase.build/Debug-iphonesimulator/FirebaseCrashlytics.build/DerivedSources/x86_64 -I/Users/hectorgarcia/Library/Developer/Xcode/DerivedData/Build/Intermediates.noindex/Firebase.build/Debug-iphonesimulator/FirebaseCrashlytics.build/DerivedSources -F/Users/hectorgarcia/Library/Developer/Xcode/DerivedData/Build/Products/Debug-iphonesimulator/PackageFrameworks -F/Users/hectorgarcia/Library/Developer/Xcode/DerivedData/Build/Products/Debug-iphonesimulator/PackageFrameworks -F/Users/hectorgarcia/Library/Developer/Xcode/DerivedData/Build/Products/Debug-iphonesimulator/PackageFrameworks -F/Users/hectorgarcia/Library/Developer/Xcode/DerivedData/Build/Products/Debug-iphonesimulator/PackageFrameworks -F/Users/hectorgarcia/Library/Developer/Xcode/DerivedData/Build/Products/Debug-iphonesimulator/PackageFrameworks -F/Users/hectorgarcia/Library/Developer/Xcode/DerivedData/Build/Products/Debug-iphonesimulator/PackageFrameworks -F/Users/hectorgarcia/Library/Developer/Xcode/DerivedData/Build/Products/Debug-iphonesimulator/PackageFrameworks -F/Users/hectorgarcia/Library/Developer/Xcode/DerivedData/Build/Products/Debug-iphonesimulator/PackageFrameworks -F/Users/hectorgarcia/Library/Developer/Xcode/DerivedData/Build/Products/Debug-iphonesimulator/PackageFrameworks -F/Users/hectorgarcia/Library/Developer/Xcode/DerivedData/Build/Products/Debug-iphonesimulator/PackageFrameworks -F/Users/hectorgarcia/Library/Developer/Xcode/DerivedData/Build/Products/Debug-iphonesimulator/PackageFrameworks -F/Users/hectorgarcia/Library/Developer/Xcode/DerivedData/Build/Products/Debug-iphonesimulator/PackageFrameworks -F/Users/hectorgarcia/Library/Developer/Xcode/DerivedData/Build/Products/Debug-iphonesimulator/PackageFrameworks -F/Users/hectorgarcia/Library/Developer/Xcode/DerivedData/Build/Products/Debug-iphonesimulator/PackageFrameworks -F/Users/hectorgarcia/Library/Developer/Xcode/DerivedData/Build/Products/Debug-iphonesimulator/PackageFrameworks -F/Users/hectorgarcia/Library/Developer/Xcode/DerivedData/Build/Products/Debug-iphonesimulator/PackageFrameworks -F/Users/hectorgarcia/Library/Developer/Xcode/DerivedData/Build/Products/Debug-iphonesimulator/PackageFrameworks -F/Users/hectorgarcia/Library/Developer/Xcode/DerivedData/Build/Products/Debug-iphonesimulator/PackageFrameworks -F/Users/hectorgarcia/Library/Developer/Xcode/DerivedData/Build/Products/Debug-iphonesimulator -iframework /Users/hectorgarcia/Downloads/Xcode.app/Contents/Developer/Platforms/iPhoneSimulator.platform/Developer/Library/Frameworks -iframework /Users/hectorgarcia/Downloads/Xcode.app/Contents/Developer/Platforms/iPhoneSimulator.platform/Developer/SDKs/iPhoneSimulator26.2.sdk/Developer/Library/Frameworks '-fmodule-map-file=/Users/hectorgarcia/Library/Developer/Xcode/DerivedData/Build/Intermediates.noindex/GeneratedModuleMaps-iphonesimulator/GoogleUtilities-NSData.modulemap' '-fmodule-map-file=/Users/hectorgarcia/Library/Developer/Xcode/DerivedData/Build/Intermediates.noindex/GeneratedModuleMaps-iphonesimulator/GoogleUtilities-Logger.modulemap' '-fmodule-map-file=/Users/hectorgarcia/Library/Developer/Xcode/DerivedData/Build/Intermediates.noindex/GeneratedModuleMaps-iphonesimulator/GoogleUtilities-Environment.modulemap' '-fmodule-map-file=/Users/hectorgarcia/Library/Developer/Xcode/DerivedData/Build/Intermediates.noindex/GeneratedModuleMaps-iphonesimulator/third-party-IsAppEncrypted.modulemap' '-fmodule-map-file=/Users/hectorgarcia/Library/Developer/Xcode/DerivedData/Build/Intermediates.noindex/GeneratedModuleMaps-iphonesimulator/GoogleUtilities-UserDefaults.modulemap' '-fmodule-map-file=/Users/hectorgarcia/Library/Developer/Xcode/DerivedData/Build/Intermediates.noindex/GeneratedModuleMaps-iphonesimulator/nanopb.modulemap' '-fmodule-map-file=/Users/hectorgarcia/Library/Developer/Xcode/DerivedData/Build/Intermediates.noindex/GeneratedModuleMaps-iphonesimulator/Promises.modulemap' '-fmodule-map-file=/Users/hectorgarcia/Library/Developer/Xcode/DerivedData/Build/Intermediates.noindex/GeneratedModuleMaps-iphonesimulator/GoogleDataTransport.modulemap' '-fmodule-map-file=/Users/hectorgarcia/Library/Developer/Xcode/DerivedData/Build/Intermediates.noindex/GeneratedModuleMaps-iphonesimulator/FirebaseCrashlyticsSwift.modulemap' '-fmodule-map-file=/Users/hectorgarcia/Library/Developer/Xcode/DerivedData/Build/Intermediates.noindex/GeneratedModuleMaps-iphonesimulator/FirebaseRemoteConfigInterop.modulemap' '-fmodule-map-file=/Users/hectorgarcia/Library/Developer/Xcode/DerivedData/Build/Intermediates.noindex/GeneratedModuleMaps-iphonesimulator/FirebaseSessions.modulemap' '-fmodule-map-file=/Users/hectorgarcia/Library/Developer/Xcode/DerivedData/Build/Intermediates.noindex/GeneratedModuleMaps-iphonesimulator/FirebaseSessionsObjC.modulemap' '-fmodule-map-file=/Users/hectorgarcia/Library/Developer/Xcode/DerivedData/Build/Intermediates.noindex/GeneratedModuleMaps-iphonesimulator/FirebaseCoreExtension.modulemap' '-fmodule-map-file=/Users/hectorgarcia/Library/Developer/Xcode/DerivedData/Build/Intermediates.noindex/GeneratedModuleMaps-iphonesimulator/FirebaseInstallations.modulemap' '-fmodule-map-file=/Users/hectorgarcia/Library/Developer/Xcode/DerivedData/Build/Intermediates.noindex/GeneratedModuleMaps-iphonesimulator/FirebaseCore.modulemap' '-fmodule-map-file=/Users/hectorgarcia/Library/Developer/Xcode/DerivedData/Build/Intermediates.noindex/GeneratedModuleMaps-iphonesimulator/FirebaseCoreInternal.modulemap' -DXcode
WriteAuxiliaryFile /Users/hectorgarcia/Library/Developer/Xcode/DerivedData/Build/Intermediates.noindex/Firebase.build/Debug-iphonesimulator/FirebaseCrashlytics.build/FirebaseCrashlytics.modulemap (in target 'FirebaseCrashlytics' from project 'Firebase')
    cd /Users/hectorgarcia/Library/Developer/Xcode/DerivedData/Lyo-eagkiegzrakogpczynhkaholsscs/SourcePackages/checkouts/firebase-ios-sdk
    write-file /Users/hectorgarcia/Library/Developer/Xcode/DerivedData/Build/Intermediates.noindex/Firebase.build/Debug-iphonesimulator/FirebaseCrashlytics.build/FirebaseCrashlytics.modulemap

WriteAuxiliaryFile /Users/hectorgarcia/Library/Developer/Xcode/DerivedData/Build/Intermediates.noindex/Firebase.build/Debug-iphonesimulator/FirebaseCrashlytics.build/FirebaseCrashlytics.DependencyMetadataFileList (in target 'FirebaseCrashlytics' from project 'Firebase')
    cd /Users/hectorgarcia/Library/Developer/Xcode/DerivedData/Lyo-eagkiegzrakogpczynhkaholsscs/SourcePackages/checkouts/firebase-ios-sdk
    write-file /Users/hectorgarcia/Library/Developer/Xcode/DerivedData/Build/Intermediates.noindex/Firebase.build/Debug-iphonesimulator/FirebaseCrashlytics.build/FirebaseCrashlytics.DependencyMetadataFileList

WriteAuxiliaryFile /Users/hectorgarcia/Library/Developer/Xcode/DerivedData/Build/Intermediates.noindex/Firebase.build/Debug-iphonesimulator/FirebaseCrashlytics.build/FirebaseCrashlytics.DependencyStaticMetadataFileList (in target 'FirebaseCrashlytics' from project 'Firebase')
    cd /Users/hectorgarcia/Library/Developer/Xcode/DerivedData/Lyo-eagkiegzrakogpczynhkaholsscs/SourcePackages/checkouts/firebase-ios-sdk
    write-file /Users/hectorgarcia/Library/Developer/Xcode/DerivedData/Build/Intermediates.noindex/Firebase.build/Debug-iphonesimulator/FirebaseCrashlytics.build/FirebaseCrashlytics.DependencyStaticMetadataFileList

WriteAuxiliaryFile /Users/hectorgarcia/Library/Developer/Xcode/DerivedData/Build/Intermediates.noindex/Firebase.build/Debug-iphonesimulator/FirebaseCrashlytics.build/DerivedSources/resource_bundle_accessor.m (in target 'FirebaseCrashlytics' from project 'Firebase')
    cd /Users/hectorgarcia/Library/Developer/Xcode/DerivedData/Lyo-eagkiegzrakogpczynhkaholsscs/SourcePackages/checkouts/firebase-ios-sdk
    write-file /Users/hectorgarcia/Library/Developer/Xcode/DerivedData/Build/Intermediates.noindex/Firebase.build/Debug-iphonesimulator/FirebaseCrashlytics.build/DerivedSources/resource_bundle_accessor.m

Copy /Users/hectorgarcia/Library/Developer/Xcode/DerivedData/Build/Intermediates.noindex/GeneratedModuleMaps-iphonesimulator/FirebaseCrashlyticsSwift.modulemap /Users/hectorgarcia/Library/Developer/Xcode/DerivedData/Build/Intermediates.noindex/Firebase.build/Debug-iphonesimulator/FirebaseCrashlyticsSwift.build/FirebaseCrashlyticsSwift.modulemap (in target 'FirebaseCrashlyticsSwift' from project 'Firebase')
    cd /Users/hectorgarcia/Library/Developer/Xcode/DerivedData/Lyo-eagkiegzrakogpczynhkaholsscs/SourcePackages/checkouts/firebase-ios-sdk
    builtin-copy -exclude .DS_Store -exclude CVS -exclude .svn -exclude .git -exclude .hg -resolve-src-symlinks /Users/hectorgarcia/Library/Developer/Xcode/DerivedData/Build/Intermediates.noindex/Firebase.build/Debug-iphonesimulator/FirebaseCrashlyticsSwift.build/FirebaseCrashlyticsSwift.modulemap /Users/hectorgarcia/Library/Developer/Xcode/DerivedData/Build/Intermediates.noindex/GeneratedModuleMaps-iphonesimulator

WriteAuxiliaryFile /Users/hectorgarcia/Library/Developer/Xcode/DerivedData/Build/Intermediates.noindex/Firebase.build/Debug-iphonesimulator/FirebaseCrashlytics.build/DerivedSources/resource_bundle_accessor.h (in target 'FirebaseCrashlytics' from project 'Firebase')
    cd /Users/hectorgarcia/Library/Developer/Xcode/DerivedData/Lyo-eagkiegzrakogpczynhkaholsscs/SourcePackages/checkouts/firebase-ios-sdk
    write-file /Users/hectorgarcia/Library/Developer/Xcode/DerivedData/Build/Intermediates.noindex/Firebase.build/Debug-iphonesimulator/FirebaseCrashlytics.build/DerivedSources/resource_bundle_accessor.h

WriteAuxiliaryFile /Users/hectorgarcia/Library/Developer/Xcode/DerivedData/Build/Intermediates.noindex/Firebase.build/Debug-iphonesimulator/FirebaseCoreInternal.build/Objects-normal/x86_64/FirebaseCoreInternal_const_extract_protocols.json (in target 'FirebaseCoreInternal' from project 'Firebase')
    cd /Users/hectorgarcia/Library/Developer/Xcode/DerivedData/Lyo-eagkiegzrakogpczynhkaholsscs/SourcePackages/checkouts/firebase-ios-sdk
    write-file /Users/hectorgarcia/Library/Developer/Xcode/DerivedData/Build/Intermediates.noindex/Firebase.build/Debug-iphonesimulator/FirebaseCoreInternal.build/Objects-normal/x86_64/FirebaseCoreInternal_const_extract_protocols.json

WriteAuxiliaryFile /Users/hectorgarcia/Library/Developer/Xcode/DerivedData/Build/Intermediates.noindex/Firebase.build/Debug-iphonesimulator/FirebaseCoreInternal.build/Objects-normal/x86_64/FirebaseCoreInternal.SwiftFileList (in target 'FirebaseCoreInternal' from project 'Firebase')
    cd /Users/hectorgarcia/Library/Developer/Xcode/DerivedData/Lyo-eagkiegzrakogpczynhkaholsscs/SourcePackages/checkouts/firebase-ios-sdk
    write-file /Users/hectorgarcia/Library/Developer/Xcode/DerivedData/Build/Intermediates.noindex/Firebase.build/Debug-iphonesimulator/FirebaseCoreInternal.build/Objects-normal/x86_64/FirebaseCoreInternal.SwiftFileList

WriteAuxiliaryFile /Users/hectorgarcia/Library/Developer/Xcode/DerivedData/Build/Intermediates.noindex/Firebase.build/Debug-iphonesimulator/FirebaseCoreInternal.build/Objects-normal/x86_64/FirebaseCoreInternal.SwiftConstValuesFileList (in target 'FirebaseCoreInternal' from project 'Firebase')
    cd /Users/hectorgarcia/Library/Developer/Xcode/DerivedData/Lyo-eagkiegzrakogpczynhkaholsscs/SourcePackages/checkouts/firebase-ios-sdk
    write-file /Users/hectorgarcia/Library/Developer/Xcode/DerivedData/Build/Intermediates.noindex/Firebase.build/Debug-iphonesimulator/FirebaseCoreInternal.build/Objects-normal/x86_64/FirebaseCoreInternal.SwiftConstValuesFileList

WriteAuxiliaryFile /Users/hectorgarcia/Library/Developer/Xcode/DerivedData/Build/Intermediates.noindex/Firebase.build/Debug-iphonesimulator/FirebaseCoreInternal.build/Objects-normal/x86_64/FirebaseCoreInternal.LinkFileList (in target 'FirebaseCoreInternal' from project 'Firebase')
    cd /Users/hectorgarcia/Library/Developer/Xcode/DerivedData/Lyo-eagkiegzrakogpczynhkaholsscs/SourcePackages/checkouts/firebase-ios-sdk
    write-file /Users/hectorgarcia/Library/Developer/Xcode/DerivedData/Build/Intermediates.noindex/Firebase.build/Debug-iphonesimulator/FirebaseCoreInternal.build/Objects-normal/x86_64/FirebaseCoreInternal.LinkFileList

Copy /Users/hectorgarcia/Library/Developer/Xcode/DerivedData/Build/Intermediates.noindex/GeneratedModuleMaps-iphonesimulator/FirebaseCrashlytics.modulemap /Users/hectorgarcia/Library/Developer/Xcode/DerivedData/Build/Intermediates.noindex/Firebase.build/Debug-iphonesimulator/FirebaseCrashlytics.build/FirebaseCrashlytics.modulemap (in target 'FirebaseCrashlytics' from project 'Firebase')
    cd /Users/hectorgarcia/Library/Developer/Xcode/DerivedData/Lyo-eagkiegzrakogpczynhkaholsscs/SourcePackages/checkouts/firebase-ios-sdk
    builtin-copy -exclude .DS_Store -exclude CVS -exclude .svn -exclude .git -exclude .hg -resolve-src-symlinks /Users/hectorgarcia/Library/Developer/Xcode/DerivedData/Build/Intermediates.noindex/Firebase.build/Debug-iphonesimulator/FirebaseCrashlytics.build/FirebaseCrashlytics.modulemap /Users/hectorgarcia/Library/Developer/Xcode/DerivedData/Build/Intermediates.noindex/GeneratedModuleMaps-iphonesimulator

WriteAuxiliaryFile /Users/hectorgarcia/Library/Developer/Xcode/DerivedData/Build/Intermediates.noindex/Firebase.build/Debug-iphonesimulator/FirebaseCoreInternal.build/Objects-normal/x86_64/FirebaseCoreInternal-OutputFileMap.json (in target 'FirebaseCoreInternal' from project 'Firebase')
    cd /Users/hectorgarcia/Library/Developer/Xcode/DerivedData/Lyo-eagkiegzrakogpczynhkaholsscs/SourcePackages/checkouts/firebase-ios-sdk
    write-file /Users/hectorgarcia/Library/Developer/Xcode/DerivedData/Build/Intermediates.noindex/Firebase.build/Debug-iphonesimulator/FirebaseCoreInternal.build/Objects-normal/x86_64/FirebaseCoreInternal-OutputFileMap.json

WriteAuxiliaryFile /Users/hectorgarcia/Library/Developer/Xcode/DerivedData/Build/Intermediates.noindex/Firebase.build/Debug-iphonesimulator/FirebaseCoreInternal.build/FirebaseCoreInternal.modulemap (in target 'FirebaseCoreInternal' from project 'Firebase')
    cd /Users/hectorgarcia/Library/Developer/Xcode/DerivedData/Lyo-eagkiegzrakogpczynhkaholsscs/SourcePackages/checkouts/firebase-ios-sdk
    write-file /Users/hectorgarcia/Library/Developer/Xcode/DerivedData/Build/Intermediates.noindex/Firebase.build/Debug-iphonesimulator/FirebaseCoreInternal.build/FirebaseCoreInternal.modulemap

WriteAuxiliaryFile /Users/hectorgarcia/Library/Developer/Xcode/DerivedData/Build/Intermediates.noindex/Firebase.build/Debug-iphonesimulator/FirebaseCoreInternal.build/FirebaseCoreInternal.DependencyStaticMetadataFileList (in target 'FirebaseCoreInternal' from project 'Firebase')
    cd /Users/hectorgarcia/Library/Developer/Xcode/DerivedData/Lyo-eagkiegzrakogpczynhkaholsscs/SourcePackages/checkouts/firebase-ios-sdk
    write-file /Users/hectorgarcia/Library/Developer/Xcode/DerivedData/Build/Intermediates.noindex/Firebase.build/Debug-iphonesimulator/FirebaseCoreInternal.build/FirebaseCoreInternal.DependencyStaticMetadataFileList

WriteAuxiliaryFile /Users/hectorgarcia/Library/Developer/Xcode/DerivedData/Build/Intermediates.noindex/Firebase.build/Debug-iphonesimulator/FirebaseCoreInternal.build/FirebaseCoreInternal.DependencyMetadataFileList (in target 'FirebaseCoreInternal' from project 'Firebase')
    cd /Users/hectorgarcia/Library/Developer/Xcode/DerivedData/Lyo-eagkiegzrakogpczynhkaholsscs/SourcePackages/checkouts/firebase-ios-sdk
    write-file /Users/hectorgarcia/Library/Developer/Xcode/DerivedData/Build/Intermediates.noindex/Firebase.build/Debug-iphonesimulator/FirebaseCoreInternal.build/FirebaseCoreInternal.DependencyMetadataFileList

WriteAuxiliaryFile /Users/hectorgarcia/Library/Developer/Xcode/DerivedData/Build/Intermediates.noindex/Firebase.build/Debug-iphonesimulator/FirebaseCoreInternal.build/DerivedSources/resource_bundle_accessor.swift (in target 'FirebaseCoreInternal' from project 'Firebase')
    cd /Users/hectorgarcia/Library/Developer/Xcode/DerivedData/Lyo-eagkiegzrakogpczynhkaholsscs/SourcePackages/checkouts/firebase-ios-sdk
    write-file /Users/hectorgarcia/Library/Developer/Xcode/DerivedData/Build/Intermediates.noindex/Firebase.build/Debug-iphonesimulator/FirebaseCoreInternal.build/DerivedSources/resource_bundle_accessor.swift

WriteAuxiliaryFile /Users/hectorgarcia/Library/Developer/Xcode/DerivedData/Build/Intermediates.noindex/Firebase.build/Debug-iphonesimulator/FirebaseCoreExtension.build/Objects-normal/x86_64/e6072d4f65d7061329687fe24e3d63a7-common-args.resp (in target 'FirebaseCoreExtension' from project 'Firebase')
    cd /Users/hectorgarcia/Library/Developer/Xcode/DerivedData/Lyo-eagkiegzrakogpczynhkaholsscs/SourcePackages/checkouts/firebase-ios-sdk
    write-file /Users/hectorgarcia/Library/Developer/Xcode/DerivedData/Build/Intermediates.noindex/Firebase.build/Debug-iphonesimulator/FirebaseCoreExtension.build/Objects-normal/x86_64/e6072d4f65d7061329687fe24e3d63a7-common-args.resp
-target x86_64-apple-ios12.0-simulator '-std=c99' -fobjc-arc -fmodules -gmodules '-fmodules-cache-path=/Users/hectorgarcia/Library/Developer/Xcode/DerivedData/ModuleCache.noindex' '-fmodule-name=FirebaseCoreExtension' -fpascal-strings -O0 -DSWIFT_PACKAGE '-DDEBUG=1' '-DOBJC_OLD_DISPATCH_PROTOTYPES=1' -isysroot /Users/hectorgarcia/Downloads/Xcode.app/Contents/Developer/Platforms/iPhoneSimulator.platform/Developer/SDKs/iPhoneSimulator26.2.sdk -fasm-blocks -g '-fobjc-abi-version=2' -fobjc-legacy-dispatch -I/Users/hectorgarcia/Library/Developer/Xcode/DerivedData/Build/Products/Debug-iphonesimulator/include -I/Users/hectorgarcia/Library/Developer/Xcode/DerivedData/Lyo-eagkiegzrakogpczynhkaholsscs/SourcePackages/checkouts/firebase-ios-sdk/FirebaseCore/Extension -I/Users/hectorgarcia/Library/Developer/Xcode/DerivedData/Lyo-eagkiegzrakogpczynhkaholsscs/SourcePackages/checkouts/firebase-ios-sdk -I/Users/hectorgarcia/Library/Developer/Xcode/DerivedData/Build/Intermediates.noindex/Firebase.build/Debug-iphonesimulator/FirebaseCoreExtension.build/DerivedSources-normal/x86_64 -I/Users/hectorgarcia/Library/Developer/Xcode/DerivedData/Build/Intermediates.noindex/Firebase.build/Debug-iphonesimulator/FirebaseCoreExtension.build/DerivedSources/x86_64 -I/Users/hectorgarcia/Library/Developer/Xcode/DerivedData/Build/Intermediates.noindex/Firebase.build/Debug-iphonesimulator/FirebaseCoreExtension.build/DerivedSources -F/Users/hectorgarcia/Library/Developer/Xcode/DerivedData/Build/Products/Debug-iphonesimulator -iframework /Users/hectorgarcia/Downloads/Xcode.app/Contents/Developer/Platforms/iPhoneSimulator.platform/Developer/Library/Frameworks -iframework /Users/hectorgarcia/Downloads/Xcode.app/Contents/Developer/Platforms/iPhoneSimulator.platform/Developer/SDKs/iPhoneSimulator26.2.sdk/Developer/Library/Frameworks -DXcode
WriteAuxiliaryFile /Users/hectorgarcia/Library/Developer/Xcode/DerivedData/Build/Intermediates.noindex/Firebase.build/Debug-iphonesimulator/FirebaseCoreExtension.build/Objects-normal/x86_64/FirebaseCoreExtension.LinkFileList (in target 'FirebaseCoreExtension' from project 'Firebase')
    cd /Users/hectorgarcia/Library/Developer/Xcode/DerivedData/Lyo-eagkiegzrakogpczynhkaholsscs/SourcePackages/checkouts/firebase-ios-sdk
    write-file /Users/hectorgarcia/Library/Developer/Xcode/DerivedData/Build/Intermediates.noindex/Firebase.build/Debug-iphonesimulator/FirebaseCoreExtension.build/Objects-normal/x86_64/FirebaseCoreExtension.LinkFileList

WriteAuxiliaryFile /Users/hectorgarcia/Library/Developer/Xcode/DerivedData/Build/Intermediates.noindex/Firebase.build/Debug-iphonesimulator/FirebaseCoreExtension.build/FirebaseCoreExtension.modulemap (in target 'FirebaseCoreExtension' from project 'Firebase')
    cd /Users/hectorgarcia/Library/Developer/Xcode/DerivedData/Lyo-eagkiegzrakogpczynhkaholsscs/SourcePackages/checkouts/firebase-ios-sdk
    write-file /Users/hectorgarcia/Library/Developer/Xcode/DerivedData/Build/Intermediates.noindex/Firebase.build/Debug-iphonesimulator/FirebaseCoreExtension.build/FirebaseCoreExtension.modulemap

WriteAuxiliaryFile /Users/hectorgarcia/Library/Developer/Xcode/DerivedData/Build/Intermediates.noindex/Firebase.build/Debug-iphonesimulator/FirebaseCoreExtension.build/FirebaseCoreExtension.DependencyStaticMetadataFileList (in target 'FirebaseCoreExtension' from project 'Firebase')
    cd /Users/hectorgarcia/Library/Developer/Xcode/DerivedData/Lyo-eagkiegzrakogpczynhkaholsscs/SourcePackages/checkouts/firebase-ios-sdk
    write-file /Users/hectorgarcia/Library/Developer/Xcode/DerivedData/Build/Intermediates.noindex/Firebase.build/Debug-iphonesimulator/FirebaseCoreExtension.build/FirebaseCoreExtension.DependencyStaticMetadataFileList

WriteAuxiliaryFile /Users/hectorgarcia/Library/Developer/Xcode/DerivedData/Build/Intermediates.noindex/Firebase.build/Debug-iphonesimulator/FirebaseCoreExtension.build/FirebaseCoreExtension.DependencyMetadataFileList (in target 'FirebaseCoreExtension' from project 'Firebase')
    cd /Users/hectorgarcia/Library/Developer/Xcode/DerivedData/Lyo-eagkiegzrakogpczynhkaholsscs/SourcePackages/checkouts/firebase-ios-sdk
    write-file /Users/hectorgarcia/Library/Developer/Xcode/DerivedData/Build/Intermediates.noindex/Firebase.build/Debug-iphonesimulator/FirebaseCoreExtension.build/FirebaseCoreExtension.DependencyMetadataFileList

WriteAuxiliaryFile /Users/hectorgarcia/Library/Developer/Xcode/DerivedData/Build/Intermediates.noindex/Firebase.build/Debug-iphonesimulator/FirebaseCoreExtension.build/DerivedSources/resource_bundle_accessor.m (in target 'FirebaseCoreExtension' from project 'Firebase')
    cd /Users/hectorgarcia/Library/Developer/Xcode/DerivedData/Lyo-eagkiegzrakogpczynhkaholsscs/SourcePackages/checkouts/firebase-ios-sdk
    write-file /Users/hectorgarcia/Library/Developer/Xcode/DerivedData/Build/Intermediates.noindex/Firebase.build/Debug-iphonesimulator/FirebaseCoreExtension.build/DerivedSources/resource_bundle_accessor.m

WriteAuxiliaryFile /Users/hectorgarcia/Library/Developer/Xcode/DerivedData/Build/Intermediates.noindex/Firebase.build/Debug-iphonesimulator/FirebaseCoreExtension.build/DerivedSources/resource_bundle_accessor.h (in target 'FirebaseCoreExtension' from project 'Firebase')
    cd /Users/hectorgarcia/Library/Developer/Xcode/DerivedData/Lyo-eagkiegzrakogpczynhkaholsscs/SourcePackages/checkouts/firebase-ios-sdk
    write-file /Users/hectorgarcia/Library/Developer/Xcode/DerivedData/Build/Intermediates.noindex/Firebase.build/Debug-iphonesimulator/FirebaseCoreExtension.build/DerivedSources/resource_bundle_accessor.h

Copy /Users/hectorgarcia/Library/Developer/Xcode/DerivedData/Build/Intermediates.noindex/GeneratedModuleMaps-iphonesimulator/FirebaseCoreInternal.modulemap /Users/hectorgarcia/Library/Developer/Xcode/DerivedData/Build/Intermediates.noindex/Firebase.build/Debug-iphonesimulator/FirebaseCoreInternal.build/FirebaseCoreInternal.modulemap (in target 'FirebaseCoreInternal' from project 'Firebase')
    cd /Users/hectorgarcia/Library/Developer/Xcode/DerivedData/Lyo-eagkiegzrakogpczynhkaholsscs/SourcePackages/checkouts/firebase-ios-sdk
    builtin-copy -exclude .DS_Store -exclude CVS -exclude .svn -exclude .git -exclude .hg -resolve-src-symlinks /Users/hectorgarcia/Library/Developer/Xcode/DerivedData/Build/Intermediates.noindex/Firebase.build/Debug-iphonesimulator/FirebaseCoreInternal.build/FirebaseCoreInternal.modulemap /Users/hectorgarcia/Library/Developer/Xcode/DerivedData/Build/Intermediates.noindex/GeneratedModuleMaps-iphonesimulator

WriteAuxiliaryFile /Users/hectorgarcia/Library/Developer/Xcode/DerivedData/Build/Intermediates.noindex/Firebase.build/Debug-iphonesimulator/FirebaseCore.build/Objects-normal/x86_64/e6072d4f65d7061329687fe24e3d63a7-common-args.resp (in target 'FirebaseCore' from project 'Firebase')
    cd /Users/hectorgarcia/Library/Developer/Xcode/DerivedData/Lyo-eagkiegzrakogpczynhkaholsscs/SourcePackages/checkouts/firebase-ios-sdk
    write-file /Users/hectorgarcia/Library/Developer/Xcode/DerivedData/Build/Intermediates.noindex/Firebase.build/Debug-iphonesimulator/FirebaseCore.build/Objects-normal/x86_64/e6072d4f65d7061329687fe24e3d63a7-common-args.resp
-target x86_64-apple-ios12.0-simulator '-std=c99' -fobjc-arc -fmodules -gmodules '-fmodules-cache-path=/Users/hectorgarcia/Library/Developer/Xcode/DerivedData/ModuleCache.noindex' '-fmodule-name=FirebaseCore' -fpascal-strings -O0 -DSWIFT_PACKAGE '-DDEBUG=1' '-DFirebase_VERSION=10.29.0' '-DOBJC_OLD_DISPATCH_PROTOTYPES=1' -isysroot /Users/hectorgarcia/Downloads/Xcode.app/Contents/Developer/Platforms/iPhoneSimulator.platform/Developer/SDKs/iPhoneSimulator26.2.sdk -fasm-blocks -g '-fobjc-abi-version=2' -fobjc-legacy-dispatch -I/Users/hectorgarcia/Library/Developer/Xcode/DerivedData/Lyo-eagkiegzrakogpczynhkaholsscs/SourcePackages/checkouts/GoogleUtilities/GoogleUtilities/NSData+zlib/Public -I/Users/hectorgarcia/Library/Developer/Xcode/DerivedData/Lyo-eagkiegzrakogpczynhkaholsscs/SourcePackages/checkouts/promises/Sources/FBLPromises/include -I/Users/hectorgarcia/Library/Developer/Xcode/DerivedData/Lyo-eagkiegzrakogpczynhkaholsscs/SourcePackages/checkouts/GoogleUtilities/GoogleUtilities/Environment/Public -I/Users/hectorgarcia/Library/Developer/Xcode/DerivedData/Lyo-eagkiegzrakogpczynhkaholsscs/SourcePackages/checkouts/GoogleUtilities/third_party/IsAppEncrypted/Public -I/Users/hectorgarcia/Library/Developer/Xcode/DerivedData/Lyo-eagkiegzrakogpczynhkaholsscs/SourcePackages/checkouts/GoogleUtilities/GoogleUtilities/Logger/Public -I/Users/hectorgarcia/Library/Developer/Xcode/DerivedData/Lyo-eagkiegzrakogpczynhkaholsscs/SourcePackages/checkouts/firebase-ios-sdk/CoreOnly/Sources -I/Users/hectorgarcia/Library/Developer/Xcode/DerivedData/Build/Products/Debug-iphonesimulator/include -I/Users/hectorgarcia/Library/Developer/Xcode/DerivedData/Lyo-eagkiegzrakogpczynhkaholsscs/SourcePackages/checkouts/firebase-ios-sdk/FirebaseCore/Sources/Public -I/Users/hectorgarcia/Library/Developer/Xcode/DerivedData/Lyo-eagkiegzrakogpczynhkaholsscs/SourcePackages/checkouts/firebase-ios-sdk -I/Users/hectorgarcia/Library/Developer/Xcode/DerivedData/Build/Intermediates.noindex/Firebase.build/Debug-iphonesimulator/FirebaseCore.build/DerivedSources-normal/x86_64 -I/Users/hectorgarcia/Library/Developer/Xcode/DerivedData/Build/Intermediates.noindex/Firebase.build/Debug-iphonesimulator/FirebaseCore.build/DerivedSources/x86_64 -I/Users/hectorgarcia/Library/Developer/Xcode/DerivedData/Build/Intermediates.noindex/Firebase.build/Debug-iphonesimulator/FirebaseCore.build/DerivedSources -F/Users/hectorgarcia/Library/Developer/Xcode/DerivedData/Build/Products/Debug-iphonesimulator/PackageFrameworks -F/Users/hectorgarcia/Library/Developer/Xcode/DerivedData/Build/Products/Debug-iphonesimulator/PackageFrameworks -F/Users/hectorgarcia/Library/Developer/Xcode/DerivedData/Build/Products/Debug-iphonesimulator/PackageFrameworks -F/Users/hectorgarcia/Library/Developer/Xcode/DerivedData/Build/Products/Debug-iphonesimulator/PackageFrameworks -F/Users/hectorgarcia/Library/Developer/Xcode/DerivedData/Build/Products/Debug-iphonesimulator/PackageFrameworks -F/Users/hectorgarcia/Library/Developer/Xcode/DerivedData/Build/Products/Debug-iphonesimulator/PackageFrameworks -F/Users/hectorgarcia/Library/Developer/Xcode/DerivedData/Build/Products/Debug-iphonesimulator/PackageFrameworks -F/Users/hectorgarcia/Library/Developer/Xcode/DerivedData/Build/Products/Debug-iphonesimulator -iframework /Users/hectorgarcia/Downloads/Xcode.app/Contents/Developer/Platforms/iPhoneSimulator.platform/Developer/Library/Frameworks -iframework /Users/hectorgarcia/Downloads/Xcode.app/Contents/Developer/Platforms/iPhoneSimulator.platform/Developer/SDKs/iPhoneSimulator26.2.sdk/Developer/Library/Frameworks '-fmodule-map-file=/Users/hectorgarcia/Library/Developer/Xcode/DerivedData/Build/Intermediates.noindex/GeneratedModuleMaps-iphonesimulator/GoogleUtilities-NSData.modulemap' '-fmodule-map-file=/Users/hectorgarcia/Library/Developer/Xcode/DerivedData/Build/Intermediates.noindex/GeneratedModuleMaps-iphonesimulator/GoogleUtilities-Environment.modulemap' '-fmodule-map-file=/Users/hectorgarcia/Library/Developer/Xcode/DerivedData/Build/Intermediates.noindex/GeneratedModuleMaps-iphonesimulator/third-party-IsAppEncrypted.modulemap' '-fmodule-map-file=/Users/hectorgarcia/Library/Developer/Xcode/DerivedData/Build/Intermediates.noindex/GeneratedModuleMaps-iphonesimulator/GoogleUtilities-Logger.modulemap' '-fmodule-map-file=/Users/hectorgarcia/Library/Developer/Xcode/DerivedData/Build/Intermediates.noindex/GeneratedModuleMaps-iphonesimulator/FirebaseCoreInternal.modulemap' -DXcode

WriteAuxiliaryFile /Users/hectorgarcia/Library/Developer/Xcode/DerivedData/Build/Intermediates.noindex/Firebase.build/Debug-iphonesimulator/FirebaseCore.build/Objects-normal/x86_64/FirebaseCore.LinkFileList (in target 'FirebaseCore' from project 'Firebase')
    cd /Users/hectorgarcia/Library/Developer/Xcode/DerivedData/Lyo-eagkiegzrakogpczynhkaholsscs/SourcePackages/checkouts/firebase-ios-sdk
    write-file /Users/hectorgarcia/Library/Developer/Xcode/DerivedData/Build/Intermediates.noindex/Firebase.build/Debug-iphonesimulator/FirebaseCore.build/Objects-normal/x86_64/FirebaseCore.LinkFileList

WriteAuxiliaryFile /Users/hectorgarcia/Library/Developer/Xcode/DerivedData/Build/Intermediates.noindex/Firebase.build/Debug-iphonesimulator/FirebaseCore.build/FirebaseCore.modulemap (in target 'FirebaseCore' from project 'Firebase')
    cd /Users/hectorgarcia/Library/Developer/Xcode/DerivedData/Lyo-eagkiegzrakogpczynhkaholsscs/SourcePackages/checkouts/firebase-ios-sdk
    write-file /Users/hectorgarcia/Library/Developer/Xcode/DerivedData/Build/Intermediates.noindex/Firebase.build/Debug-iphonesimulator/FirebaseCore.build/FirebaseCore.modulemap

Copy /Users/hectorgarcia/Library/Developer/Xcode/DerivedData/Build/Intermediates.noindex/GeneratedModuleMaps-iphonesimulator/FirebaseCoreExtension.modulemap /Users/hectorgarcia/Library/Developer/Xcode/DerivedData/Build/Intermediates.noindex/Firebase.build/Debug-iphonesimulator/FirebaseCoreExtension.build/FirebaseCoreExtension.modulemap (in target 'FirebaseCoreExtension' from project 'Firebase')
    cd /Users/hectorgarcia/Library/Developer/Xcode/DerivedData/Lyo-eagkiegzrakogpczynhkaholsscs/SourcePackages/checkouts/firebase-ios-sdk
    builtin-copy -exclude .DS_Store -exclude CVS -exclude .svn -exclude .git -exclude .hg -resolve-src-symlinks /Users/hectorgarcia/Library/Developer/Xcode/DerivedData/Build/Intermediates.noindex/Firebase.build/Debug-iphonesimulator/FirebaseCoreExtension.build/FirebaseCoreExtension.modulemap /Users/hectorgarcia/Library/Developer/Xcode/DerivedData/Build/Intermediates.noindex/GeneratedModuleMaps-iphonesimulator

WriteAuxiliaryFile /Users/hectorgarcia/Library/Developer/Xcode/DerivedData/Build/Intermediates.noindex/Firebase.build/Debug-iphonesimulator/FirebaseCore.build/FirebaseCore.DependencyMetadataFileList (in target 'FirebaseCore' from project 'Firebase')
    cd /Users/hectorgarcia/Library/Developer/Xcode/DerivedData/Lyo-eagkiegzrakogpczynhkaholsscs/SourcePackages/checkouts/firebase-ios-sdk
    write-file /Users/hectorgarcia/Library/Developer/Xcode/DerivedData/Build/Intermediates.noindex/Firebase.build/Debug-iphonesimulator/FirebaseCore.build/FirebaseCore.DependencyMetadataFileList

WriteAuxiliaryFile /Users/hectorgarcia/Library/Developer/Xcode/DerivedData/Build/Intermediates.noindex/Firebase.build/Debug-iphonesimulator/FirebaseCore.build/FirebaseCore.DependencyStaticMetadataFileList (in target 'FirebaseCore' from project 'Firebase')
    cd /Users/hectorgarcia/Library/Developer/Xcode/DerivedData/Lyo-eagkiegzrakogpczynhkaholsscs/SourcePackages/checkouts/firebase-ios-sdk
    write-file /Users/hectorgarcia/Library/Developer/Xcode/DerivedData/Build/Intermediates.noindex/Firebase.build/Debug-iphonesimulator/FirebaseCore.build/FirebaseCore.DependencyStaticMetadataFileList

WriteAuxiliaryFile /Users/hectorgarcia/Library/Developer/Xcode/DerivedData/Build/Intermediates.noindex/Firebase.build/Debug-iphonesimulator/FirebaseCore.build/DerivedSources/resource_bundle_accessor.m (in target 'FirebaseCore' from project 'Firebase')
    cd /Users/hectorgarcia/Library/Developer/Xcode/DerivedData/Lyo-eagkiegzrakogpczynhkaholsscs/SourcePackages/checkouts/firebase-ios-sdk
    write-file /Users/hectorgarcia/Library/Developer/Xcode/DerivedData/Build/Intermediates.noindex/Firebase.build/Debug-iphonesimulator/FirebaseCore.build/DerivedSources/resource_bundle_accessor.m

WriteAuxiliaryFile /Users/hectorgarcia/Library/Developer/Xcode/DerivedData/Build/Intermediates.noindex/Firebase.build/Debug-iphonesimulator/FirebaseCore.build/DerivedSources/resource_bundle_accessor.h (in target 'FirebaseCore' from project 'Firebase')
    cd /Users/hectorgarcia/Library/Developer/Xcode/DerivedData/Lyo-eagkiegzrakogpczynhkaholsscs/SourcePackages/checkouts/firebase-ios-sdk
    write-file /Users/hectorgarcia/Library/Developer/Xcode/DerivedData/Build/Intermediates.noindex/Firebase.build/Debug-iphonesimulator/FirebaseCore.build/DerivedSources/resource_bundle_accessor.h

WriteAuxiliaryFile /Users/hectorgarcia/Library/Developer/Xcode/DerivedData/Build/Intermediates.noindex/Firebase.build/Debug-iphonesimulator/FirebaseAuth.build/FirebaseAuth.modulemap (in target 'FirebaseAuth' from project 'Firebase')
    cd /Users/hectorgarcia/Library/Developer/Xcode/DerivedData/Lyo-eagkiegzrakogpczynhkaholsscs/SourcePackages/checkouts/firebase-ios-sdk
    write-file /Users/hectorgarcia/Library/Developer/Xcode/DerivedData/Build/Intermediates.noindex/Firebase.build/Debug-iphonesimulator/FirebaseAuth.build/FirebaseAuth.modulemap

WriteAuxiliaryFile /Users/hectorgarcia/Library/Developer/Xcode/DerivedData/Build/Intermediates.noindex/Firebase.build/Debug-iphonesimulator/FirebaseAuth.build/Objects-normal/x86_64/FirebaseAuth.LinkFileList (in target 'FirebaseAuth' from project 'Firebase')
    cd /Users/hectorgarcia/Library/Developer/Xcode/DerivedData/Lyo-eagkiegzrakogpczynhkaholsscs/SourcePackages/checkouts/firebase-ios-sdk
    write-file /Users/hectorgarcia/Library/Developer/Xcode/DerivedData/Build/Intermediates.noindex/Firebase.build/Debug-iphonesimulator/FirebaseAuth.build/Objects-normal/x86_64/FirebaseAuth.LinkFileList

WriteAuxiliaryFile /Users/hectorgarcia/Library/Developer/Xcode/DerivedData/Build/Intermediates.noindex/Firebase.build/Debug-iphonesimulator/FirebaseAuth.build/Objects-normal/x86_64/e6072d4f65d7061329687fe24e3d63a7-common-args.resp (in target 'FirebaseAuth' from project 'Firebase')
    cd /Users/hectorgarcia/Library/Developer/Xcode/DerivedData/Lyo-eagkiegzrakogpczynhkaholsscs/SourcePackages/checkouts/firebase-ios-sdk
    write-file /Users/hectorgarcia/Library/Developer/Xcode/DerivedData/Build/Intermediates.noindex/Firebase.build/Debug-iphonesimulator/FirebaseAuth.build/Objects-normal/x86_64/e6072d4f65d7061329687fe24e3d63a7-common-args.resp
-target x86_64-apple-ios12.0-simulator '-std=c99' -fobjc-arc -fmodules -gmodules '-fmodules-cache-path=/Users/hectorgarcia/Library/Developer/Xcode/DerivedData/ModuleCache.noindex' '-fmodule-name=FirebaseAuth' -fpascal-strings -O0 -DSWIFT_PACKAGE '-DDEBUG=1' '-DOBJC_OLD_DISPATCH_PROTOTYPES=1' -isysroot /Users/hectorgarcia/Downloads/Xcode.app/Contents/Developer/Platforms/iPhoneSimulator.platform/Developer/SDKs/iPhoneSimulator26.2.sdk -fasm-blocks -g '-fobjc-abi-version=2' -fobjc-legacy-dispatch -I/Users/hectorgarcia/Library/Developer/Xcode/DerivedData/Lyo-eagkiegzrakogpczynhkaholsscs/SourcePackages/checkouts/promises/Sources/FBLPromises/include -I/Users/hectorgarcia/Library/Developer/Xcode/DerivedData/Lyo-eagkiegzrakogpczynhkaholsscs/SourcePackages/checkouts/GoogleUtilities/GoogleUtilities/Network/Public -I/Users/hectorgarcia/Library/Developer/Xcode/DerivedData/Lyo-eagkiegzrakogpczynhkaholsscs/SourcePackages/checkouts/GoogleUtilities/GoogleUtilities/Reachability/Public -I/Users/hectorgarcia/Library/Developer/Xcode/DerivedData/Lyo-eagkiegzrakogpczynhkaholsscs/SourcePackages/checkouts/GoogleUtilities/GoogleUtilities/NSData+zlib/Public -I/Users/hectorgarcia/Library/Developer/Xcode/DerivedData/Lyo-eagkiegzrakogpczynhkaholsscs/SourcePackages/checkouts/GoogleUtilities/GoogleUtilities/Logger/Public -I/Users/hectorgarcia/Library/Developer/Xcode/DerivedData/Lyo-eagkiegzrakogpczynhkaholsscs/SourcePackages/checkouts/GoogleUtilities/GoogleUtilities/Environment/Public -I/Users/hectorgarcia/Library/Developer/Xcode/DerivedData/Lyo-eagkiegzrakogpczynhkaholsscs/SourcePackages/checkouts/GoogleUtilities/third_party/IsAppEncrypted/Public -I/Users/hectorgarcia/Library/Developer/Xcode/DerivedData/Lyo-eagkiegzrakogpczynhkaholsscs/SourcePackages/checkouts/GoogleUtilities/GoogleUtilities/AppDelegateSwizzler/Public -I/Users/hectorgarcia/Library/Developer/Xcode/DerivedData/Lyo-eagkiegzrakogpczynhkaholsscs/SourcePackages/checkouts/gtm-session-fetcher/Sources/Core/Public -I/Users/hectorgarcia/Library/Developer/Xcode/DerivedData/Lyo-eagkiegzrakogpczynhkaholsscs/SourcePackages/checkouts/interop-ios-for-google-sdks/RecaptchaEnterprise/RecaptchaInterop/Public -I/Users/hectorgarcia/Library/Developer/Xcode/DerivedData/Lyo-eagkiegzrakogpczynhkaholsscs/SourcePackages/checkouts/firebase-ios-sdk/FirebaseCore/Sources/Public -I/Users/hectorgarcia/Library/Developer/Xcode/DerivedData/Lyo-eagkiegzrakogpczynhkaholsscs/SourcePackages/checkouts/firebase-ios-sdk/CoreOnly/Sources -I/Users/hectorgarcia/Library/Developer/Xcode/DerivedData/Lyo-eagkiegzrakogpczynhkaholsscs/SourcePackages/checkouts/firebase-ios-sdk/FirebaseAppCheck/Interop/Public -I/Users/hectorgarcia/Library/Developer/Xcode/DerivedData/Build/Products/Debug-iphonesimulator/include -I/Users/hectorgarcia/Library/Developer/Xcode/DerivedData/Lyo-eagkiegzrakogpczynhkaholsscs/SourcePackages/checkouts/firebase-ios-sdk/FirebaseAuth/Sources/Public -I/Users/hectorgarcia/Library/Developer/Xcode/DerivedData/Lyo-eagkiegzrakogpczynhkaholsscs/SourcePackages/checkouts/firebase-ios-sdk -I/Users/hectorgarcia/Library/Developer/Xcode/DerivedData/Build/Intermediates.noindex/Firebase.build/Debug-iphonesimulator/FirebaseAuth.build/DerivedSources-normal/x86_64 -I/Users/hectorgarcia/Library/Developer/Xcode/DerivedData/Build/Intermediates.noindex/Firebase.build/Debug-iphonesimulator/FirebaseAuth.build/DerivedSources/x86_64 -I/Users/hectorgarcia/Library/Developer/Xcode/DerivedData/Build/Intermediates.noindex/Firebase.build/Debug-iphonesimulator/FirebaseAuth.build/DerivedSources -F/Users/hectorgarcia/Library/Developer/Xcode/DerivedData/Build/Products/Debug-iphonesimulator/PackageFrameworks -F/Users/hectorgarcia/Library/Developer/Xcode/DerivedData/Build/Products/Debug-iphonesimulator/PackageFrameworks -F/Users/hectorgarcia/Library/Developer/Xcode/DerivedData/Build/Products/Debug-iphonesimulator/PackageFrameworks -F/Users/hectorgarcia/Library/Developer/Xcode/DerivedData/Build/Products/Debug-iphonesimulator/PackageFrameworks -F/Users/hectorgarcia/Library/Developer/Xcode/DerivedData/Build/Products/Debug-iphonesimulator/PackageFrameworks -F/Users/hectorgarcia/Library/Developer/Xcode/DerivedData/Build/Products/Debug-iphonesimulator/PackageFrameworks -F/Users/hectorgarcia/Library/Developer/Xcode/DerivedData/Build/Products/Debug-iphonesimulator/PackageFrameworks -F/Users/hectorgarcia/Library/Developer/Xcode/DerivedData/Build/Products/Debug-iphonesimulator/PackageFrameworks -F/Users/hectorgarcia/Library/Developer/Xcode/DerivedData/Build/Products/Debug-iphonesimulator/PackageFrameworks -F/Users/hectorgarcia/Library/Developer/Xcode/DerivedData/Build/Products/Debug-iphonesimulator/PackageFrameworks -F/Users/hectorgarcia/Library/Developer/Xcode/DerivedData/Build/Products/Debug-iphonesimulator/PackageFrameworks -F/Users/hectorgarcia/Library/Developer/Xcode/DerivedData/Build/Products/Debug-iphonesimulator/PackageFrameworks -F/Users/hectorgarcia/Library/Developer/Xcode/DerivedData/Build/Products/Debug-iphonesimulator/PackageFrameworks -F/Users/hectorgarcia/Library/Developer/Xcode/DerivedData/Build/Products/Debug-iphonesimulator/PackageFrameworks -F/Users/hectorgarcia/Library/Developer/Xcode/DerivedData/Build/Products/Debug-iphonesimulator -iframework /Users/hectorgarcia/Downloads/Xcode.app/Contents/Developer/Platforms/iPhoneSimulator.platform/Developer/Library/Frameworks -iframework /Users/hectorgarcia/Downloads/Xcode.app/Contents/Developer/Platforms/iPhoneSimulator.platform/Developer/SDKs/iPhoneSimulator26.2.sdk/Developer/Library/Frameworks '-fmodule-map-file=/Users/hectorgarcia/Library/Developer/Xcode/DerivedData/Build/Intermediates.noindex/GeneratedModuleMaps-iphonesimulator/GoogleUtilities-Network.modulemap' '-fmodule-map-file=/Users/hectorgarcia/Library/Developer/Xcode/DerivedData/Build/Intermediates.noindex/GeneratedModuleMaps-iphonesimulator/GoogleUtilities-Reachability.modulemap' '-fmodule-map-file=/Users/hectorgarcia/Library/Developer/Xcode/DerivedData/Build/Intermediates.noindex/GeneratedModuleMaps-iphonesimulator/GoogleUtilities-NSData.modulemap' '-fmodule-map-file=/Users/hectorgarcia/Library/Developer/Xcode/DerivedData/Build/Intermediates.noindex/GeneratedModuleMaps-iphonesimulator/GoogleUtilities-Logger.modulemap' '-fmodule-map-file=/Users/hectorgarcia/Library/Developer/Xcode/DerivedData/Build/Intermediates.noindex/GeneratedModuleMaps-iphonesimulator/GoogleUtilities-Environment.modulemap' '-fmodule-map-file=/Users/hectorgarcia/Library/Developer/Xcode/DerivedData/Build/Intermediates.noindex/GeneratedModuleMaps-iphonesimulator/third-party-IsAppEncrypted.modulemap' '-fmodule-map-file=/Users/hectorgarcia/Library/Developer/Xcode/DerivedData/Build/Intermediates.noindex/GeneratedModuleMaps-iphonesimulator/GoogleUtilities-AppDelegateSwizzler.modulemap' '-fmodule-map-file=/Users/hectorgarcia/Library/Developer/Xcode/DerivedData/Build/Intermediates.noindex/GeneratedModuleMaps-iphonesimulator/GTMSessionFetcherCore.modulemap' '-fmodule-map-file=/Users/hectorgarcia/Library/Developer/Xcode/DerivedData/Build/Intermediates.noindex/GeneratedModuleMaps-iphonesimulator/RecaptchaInterop.modulemap' '-fmodule-map-file=/Users/hectorgarcia/Library/Developer/Xcode/DerivedData/Build/Intermediates.noindex/GeneratedModuleMaps-iphonesimulator/FirebaseCore.modulemap' '-fmodule-map-file=/Users/hectorgarcia/Library/Developer/Xcode/DerivedData/Build/Intermediates.noindex/GeneratedModuleMaps-iphonesimulator/FirebaseCoreInternal.modulemap' '-fmodule-map-file=/Users/hectorgarcia/Library/Developer/Xcode/DerivedData/Build/Intermediates.noindex/GeneratedModuleMaps-iphonesimulator/FirebaseAppCheckInterop.modulemap' -DXcode
Copy /Users/hectorgarcia/Library/Developer/Xcode/DerivedData/Build/Intermediates.noindex/GeneratedModuleMaps-iphonesimulator/FirebaseCore.modulemap /Users/hectorgarcia/Library/Developer/Xcode/DerivedData/Build/Intermediates.noindex/Firebase.build/Debug-iphonesimulator/FirebaseCore.build/FirebaseCore.modulemap (in target 'FirebaseCore' from project 'Firebase')
    cd /Users/hectorgarcia/Library/Developer/Xcode/DerivedData/Lyo-eagkiegzrakogpczynhkaholsscs/SourcePackages/checkouts/firebase-ios-sdk
    builtin-copy -exclude .DS_Store -exclude CVS -exclude .svn -exclude .git -exclude .hg -resolve-src-symlinks /Users/hectorgarcia/Library/Developer/Xcode/DerivedData/Build/Intermediates.noindex/Firebase.build/Debug-iphonesimulator/FirebaseCore.build/FirebaseCore.modulemap /Users/hectorgarcia/Library/Developer/Xcode/DerivedData/Build/Intermediates.noindex/GeneratedModuleMaps-iphonesimulator

WriteAuxiliaryFile /Users/hectorgarcia/Library/Developer/Xcode/DerivedData/Build/Intermediates.noindex/Firebase.build/Debug-iphonesimulator/FirebaseAuth.build/FirebaseAuth.DependencyStaticMetadataFileList (in target 'FirebaseAuth' from project 'Firebase')
    cd /Users/hectorgarcia/Library/Developer/Xcode/DerivedData/Lyo-eagkiegzrakogpczynhkaholsscs/SourcePackages/checkouts/firebase-ios-sdk
    write-file /Users/hectorgarcia/Library/Developer/Xcode/DerivedData/Build/Intermediates.noindex/Firebase.build/Debug-iphonesimulator/FirebaseAuth.build/FirebaseAuth.DependencyStaticMetadataFileList

WriteAuxiliaryFile /Users/hectorgarcia/Library/Developer/Xcode/DerivedData/Build/Intermediates.noindex/Firebase.build/Debug-iphonesimulator/FirebaseAuth.build/FirebaseAuth.DependencyMetadataFileList (in target 'FirebaseAuth' from project 'Firebase')
    cd /Users/hectorgarcia/Library/Developer/Xcode/DerivedData/Lyo-eagkiegzrakogpczynhkaholsscs/SourcePackages/checkouts/firebase-ios-sdk
    write-file /Users/hectorgarcia/Library/Developer/Xcode/DerivedData/Build/Intermediates.noindex/Firebase.build/Debug-iphonesimulator/FirebaseAuth.build/FirebaseAuth.DependencyMetadataFileList

WriteAuxiliaryFile /Users/hectorgarcia/Library/Developer/Xcode/DerivedData/Build/Intermediates.noindex/Firebase.build/Debug-iphonesimulator/FirebaseAuth.build/DerivedSources/resource_bundle_accessor.m (in target 'FirebaseAuth' from project 'Firebase')
    cd /Users/hectorgarcia/Library/Developer/Xcode/DerivedData/Lyo-eagkiegzrakogpczynhkaholsscs/SourcePackages/checkouts/firebase-ios-sdk
    write-file /Users/hectorgarcia/Library/Developer/Xcode/DerivedData/Build/Intermediates.noindex/Firebase.build/Debug-iphonesimulator/FirebaseAuth.build/DerivedSources/resource_bundle_accessor.m

WriteAuxiliaryFile /Users/hectorgarcia/Library/Developer/Xcode/DerivedData/Build/Intermediates.noindex/Firebase.build/Debug-iphonesimulator/FirebaseAuth.build/DerivedSources/resource_bundle_accessor.h (in target 'FirebaseAuth' from project 'Firebase')
    cd /Users/hectorgarcia/Library/Developer/Xcode/DerivedData/Lyo-eagkiegzrakogpczynhkaholsscs/SourcePackages/checkouts/firebase-ios-sdk
    write-file /Users/hectorgarcia/Library/Developer/Xcode/DerivedData/Build/Intermediates.noindex/Firebase.build/Debug-iphonesimulator/FirebaseAuth.build/DerivedSources/resource_bundle_accessor.h

WriteAuxiliaryFile /Users/hectorgarcia/Library/Developer/Xcode/DerivedData/Build/Intermediates.noindex/Firebase.build/Debug-iphonesimulator/FirebaseAppCheckInterop.build/Objects-normal/x86_64/e6072d4f65d7061329687fe24e3d63a7-common-args.resp (in target 'FirebaseAppCheckInterop' from project 'Firebase')
    cd /Users/hectorgarcia/Library/Developer/Xcode/DerivedData/Lyo-eagkiegzrakogpczynhkaholsscs/SourcePackages/checkouts/firebase-ios-sdk
    write-file /Users/hectorgarcia/Library/Developer/Xcode/DerivedData/Build/Intermediates.noindex/Firebase.build/Debug-iphonesimulator/FirebaseAppCheckInterop.build/Objects-normal/x86_64/e6072d4f65d7061329687fe24e3d63a7-common-args.resp
-target x86_64-apple-ios12.0-simulator '-std=c99' -fobjc-arc -fmodules -gmodules '-fmodules-cache-path=/Users/hectorgarcia/Library/Developer/Xcode/DerivedData/ModuleCache.noindex' '-fmodule-name=FirebaseAppCheckInterop' -fpascal-strings -O0 -DSWIFT_PACKAGE '-DDEBUG=1' '-DOBJC_OLD_DISPATCH_PROTOTYPES=1' -isysroot /Users/hectorgarcia/Downloads/Xcode.app/Contents/Developer/Platforms/iPhoneSimulator.platform/Developer/SDKs/iPhoneSimulator26.2.sdk -fasm-blocks -g '-fobjc-abi-version=2' -fobjc-legacy-dispatch -I/Users/hectorgarcia/Library/Developer/Xcode/DerivedData/Build/Products/Debug-iphonesimulator/include -I/Users/hectorgarcia/Library/Developer/Xcode/DerivedData/Lyo-eagkiegzrakogpczynhkaholsscs/SourcePackages/checkouts/firebase-ios-sdk/FirebaseAppCheck/Interop/Public -I/Users/hectorgarcia/Library/Developer/Xcode/DerivedData/Lyo-eagkiegzrakogpczynhkaholsscs/SourcePackages/checkouts/firebase-ios-sdk -I/Users/hectorgarcia/Library/Developer/Xcode/DerivedData/Build/Intermediates.noindex/Firebase.build/Debug-iphonesimulator/FirebaseAppCheckInterop.build/DerivedSources-normal/x86_64 -I/Users/hectorgarcia/Library/Developer/Xcode/DerivedData/Build/Intermediates.noindex/Firebase.build/Debug-iphonesimulator/FirebaseAppCheckInterop.build/DerivedSources/x86_64 -I/Users/hectorgarcia/Library/Developer/Xcode/DerivedData/Build/Intermediates.noindex/Firebase.build/Debug-iphonesimulator/FirebaseAppCheckInterop.build/DerivedSources -F/Users/hectorgarcia/Library/Developer/Xcode/DerivedData/Build/Products/Debug-iphonesimulator -iframework /Users/hectorgarcia/Downloads/Xcode.app/Contents/Developer/Platforms/iPhoneSimulator.platform/Developer/Library/Frameworks -iframework /Users/hectorgarcia/Downloads/Xcode.app/Contents/Developer/Platforms/iPhoneSimulator.platform/Developer/SDKs/iPhoneSimulator26.2.sdk/Developer/Library/Frameworks -DXcode
Copy /Users/hectorgarcia/Library/Developer/Xcode/DerivedData/Build/Intermediates.noindex/GeneratedModuleMaps-iphonesimulator/FirebaseAuth.modulemap /Users/hectorgarcia/Library/Developer/Xcode/DerivedData/Build/Intermediates.noindex/Firebase.build/Debug-iphonesimulator/FirebaseAuth.build/FirebaseAuth.modulemap (in target 'FirebaseAuth' from project 'Firebase')
    cd /Users/hectorgarcia/Library/Developer/Xcode/DerivedData/Lyo-eagkiegzrakogpczynhkaholsscs/SourcePackages/checkouts/firebase-ios-sdk
    builtin-copy -exclude .DS_Store -exclude CVS -exclude .svn -exclude .git -exclude .hg -resolve-src-symlinks /Users/hectorgarcia/Library/Developer/Xcode/DerivedData/Build/Intermediates.noindex/Firebase.build/Debug-iphonesimulator/FirebaseAuth.build/FirebaseAuth.modulemap /Users/hectorgarcia/Library/Developer/Xcode/DerivedData/Build/Intermediates.noindex/GeneratedModuleMaps-iphonesimulator

WriteAuxiliaryFile /Users/hectorgarcia/Library/Developer/Xcode/DerivedData/Build/Intermediates.noindex/Firebase.build/Debug-iphonesimulator/FirebaseAppCheckInterop.build/Objects-normal/x86_64/FirebaseAppCheckInterop.LinkFileList (in target 'FirebaseAppCheckInterop' from project 'Firebase')
    cd /Users/hectorgarcia/Library/Developer/Xcode/DerivedData/Lyo-eagkiegzrakogpczynhkaholsscs/SourcePackages/checkouts/firebase-ios-sdk
    write-file /Users/hectorgarcia/Library/Developer/Xcode/DerivedData/Build/Intermediates.noindex/Firebase.build/Debug-iphonesimulator/FirebaseAppCheckInterop.build/Objects-normal/x86_64/FirebaseAppCheckInterop.LinkFileList

WriteAuxiliaryFile /Users/hectorgarcia/Library/Developer/Xcode/DerivedData/Build/Intermediates.noindex/Firebase.build/Debug-iphonesimulator/FirebaseAppCheckInterop.build/FirebaseAppCheckInterop.modulemap (in target 'FirebaseAppCheckInterop' from project 'Firebase')
    cd /Users/hectorgarcia/Library/Developer/Xcode/DerivedData/Lyo-eagkiegzrakogpczynhkaholsscs/SourcePackages/checkouts/firebase-ios-sdk
    write-file /Users/hectorgarcia/Library/Developer/Xcode/DerivedData/Build/Intermediates.noindex/Firebase.build/Debug-iphonesimulator/FirebaseAppCheckInterop.build/FirebaseAppCheckInterop.modulemap

WriteAuxiliaryFile /Users/hectorgarcia/Library/Developer/Xcode/DerivedData/Build/Intermediates.noindex/Firebase.build/Debug-iphonesimulator/FirebaseAppCheckInterop.build/FirebaseAppCheckInterop.DependencyStaticMetadataFileList (in target 'FirebaseAppCheckInterop' from project 'Firebase')
    cd /Users/hectorgarcia/Library/Developer/Xcode/DerivedData/Lyo-eagkiegzrakogpczynhkaholsscs/SourcePackages/checkouts/firebase-ios-sdk
    write-file /Users/hectorgarcia/Library/Developer/Xcode/DerivedData/Build/Intermediates.noindex/Firebase.build/Debug-iphonesimulator/FirebaseAppCheckInterop.build/FirebaseAppCheckInterop.DependencyStaticMetadataFileList

WriteAuxiliaryFile /Users/hectorgarcia/Library/Developer/Xcode/DerivedData/Build/Intermediates.noindex/Firebase.build/Debug-iphonesimulator/FirebaseAppCheckInterop.build/FirebaseAppCheckInterop.DependencyMetadataFileList (in target 'FirebaseAppCheckInterop' from project 'Firebase')
    cd /Users/hectorgarcia/Library/Developer/Xcode/DerivedData/Lyo-eagkiegzrakogpczynhkaholsscs/SourcePackages/checkouts/firebase-ios-sdk
    write-file /Users/hectorgarcia/Library/Developer/Xcode/DerivedData/Build/Intermediates.noindex/Firebase.build/Debug-iphonesimulator/FirebaseAppCheckInterop.build/FirebaseAppCheckInterop.DependencyMetadataFileList

WriteAuxiliaryFile /Users/hectorgarcia/Library/Developer/Xcode/DerivedData/Build/Intermediates.noindex/Firebase.build/Debug-iphonesimulator/Firebase.build/Objects-normal/x86_64/e6072d4f65d7061329687fe24e3d63a7-common-args.resp (in target 'Firebase' from project 'Firebase')
    cd /Users/hectorgarcia/Library/Developer/Xcode/DerivedData/Lyo-eagkiegzrakogpczynhkaholsscs/SourcePackages/checkouts/firebase-ios-sdk
    write-file /Users/hectorgarcia/Library/Developer/Xcode/DerivedData/Build/Intermediates.noindex/Firebase.build/Debug-iphonesimulator/Firebase.build/Objects-normal/x86_64/e6072d4f65d7061329687fe24e3d63a7-common-args.resp
-target x86_64-apple-ios12.0-simulator '-std=c99' -fobjc-arc -fmodules -gmodules '-fmodules-cache-path=/Users/hectorgarcia/Library/Developer/Xcode/DerivedData/ModuleCache.noindex' '-fmodule-name=Firebase' -fpascal-strings -O0 -DSWIFT_PACKAGE '-DDEBUG=1' '-DOBJC_OLD_DISPATCH_PROTOTYPES=1' -isysroot /Users/hectorgarcia/Downloads/Xcode.app/Contents/Developer/Platforms/iPhoneSimulator.platform/Developer/SDKs/iPhoneSimulator26.2.sdk -fasm-blocks -g '-fobjc-abi-version=2' -fobjc-legacy-dispatch -I/Users/hectorgarcia/Library/Developer/Xcode/DerivedData/Build/Products/Debug-iphonesimulator/include -I/Users/hectorgarcia/Library/Developer/Xcode/DerivedData/Lyo-eagkiegzrakogpczynhkaholsscs/SourcePackages/checkouts/firebase-ios-sdk/CoreOnly/Sources -I/Users/hectorgarcia/Library/Developer/Xcode/DerivedData/Build/Intermediates.noindex/Firebase.build/Debug-iphonesimulator/Firebase.build/DerivedSources-normal/x86_64 -I/Users/hectorgarcia/Library/Developer/Xcode/DerivedData/Build/Intermediates.noindex/Firebase.build/Debug-iphonesimulator/Firebase.build/DerivedSources/x86_64 -I/Users/hectorgarcia/Library/Developer/Xcode/DerivedData/Build/Intermediates.noindex/Firebase.build/Debug-iphonesimulator/Firebase.build/DerivedSources -F/Users/hectorgarcia/Library/Developer/Xcode/DerivedData/Build/Products/Debug-iphonesimulator -iframework /Users/hectorgarcia/Downloads/Xcode.app/Contents/Developer/Platforms/iPhoneSimulator.platform/Developer/Library/Frameworks -iframework /Users/hectorgarcia/Downloads/Xcode.app/Contents/Developer/Platforms/iPhoneSimulator.platform/Developer/SDKs/iPhoneSimulator26.2.sdk/Developer/Library/Frameworks -DXcode
WriteAuxiliaryFile /Users/hectorgarcia/Library/Developer/Xcode/DerivedData/Build/Intermediates.noindex/Firebase.build/Debug-iphonesimulator/Firebase.build/Objects-normal/x86_64/Firebase.LinkFileList (in target 'Firebase' from project 'Firebase')
    cd /Users/hectorgarcia/Library/Developer/Xcode/DerivedData/Lyo-eagkiegzrakogpczynhkaholsscs/SourcePackages/checkouts/firebase-ios-sdk
    write-file /Users/hectorgarcia/Library/Developer/Xcode/DerivedData/Build/Intermediates.noindex/Firebase.build/Debug-iphonesimulator/Firebase.build/Objects-normal/x86_64/Firebase.LinkFileList

WriteAuxiliaryFile /Users/hectorgarcia/Library/Developer/Xcode/DerivedData/Build/Intermediates.noindex/Firebase.build/Debug-iphonesimulator/Firebase.build/Firebase.DependencyStaticMetadataFileList (in target 'Firebase' from project 'Firebase')
    cd /Users/hectorgarcia/Library/Developer/Xcode/DerivedData/Lyo-eagkiegzrakogpczynhkaholsscs/SourcePackages/checkouts/firebase-ios-sdk
    write-file /Users/hectorgarcia/Library/Developer/Xcode/DerivedData/Build/Intermediates.noindex/Firebase.build/Debug-iphonesimulator/Firebase.build/Firebase.DependencyStaticMetadataFileList

WriteAuxiliaryFile /Users/hectorgarcia/Library/Developer/Xcode/DerivedData/Build/Intermediates.noindex/Firebase.build/Debug-iphonesimulator/Firebase.build/Firebase.DependencyMetadataFileList (in target 'Firebase' from project 'Firebase')
    cd /Users/hectorgarcia/Library/Developer/Xcode/DerivedData/Lyo-eagkiegzrakogpczynhkaholsscs/SourcePackages/checkouts/firebase-ios-sdk
    write-file /Users/hectorgarcia/Library/Developer/Xcode/DerivedData/Build/Intermediates.noindex/Firebase.build/Debug-iphonesimulator/Firebase.build/Firebase.DependencyMetadataFileList

WriteAuxiliaryFile /Users/hectorgarcia/Library/Developer/Xcode/DerivedData/Build/Intermediates.noindex/Promises.build/Debug-iphonesimulator/FBLPromises.build/Objects-normal/x86_64/e6072d4f65d7061329687fe24e3d63a7-common-args.resp (in target 'FBLPromises' from project 'Promises')
    cd /Users/hectorgarcia/Library/Developer/Xcode/DerivedData/Lyo-eagkiegzrakogpczynhkaholsscs/SourcePackages/checkouts/promises
    write-file /Users/hectorgarcia/Library/Developer/Xcode/DerivedData/Build/Intermediates.noindex/Promises.build/Debug-iphonesimulator/FBLPromises.build/Objects-normal/x86_64/e6072d4f65d7061329687fe24e3d63a7-common-args.resp
-target x86_64-apple-ios12.0-simulator -fobjc-arc -fmodules -gmodules '-fmodules-cache-path=/Users/hectorgarcia/Library/Developer/Xcode/DerivedData/ModuleCache.noindex' '-fmodule-name=FBLPromises' -fpascal-strings -O0 -DSWIFT_PACKAGE '-DDEBUG=1' '-DOBJC_OLD_DISPATCH_PROTOTYPES=1' -isysroot /Users/hectorgarcia/Downloads/Xcode.app/Contents/Developer/Platforms/iPhoneSimulator.platform/Developer/SDKs/iPhoneSimulator26.2.sdk -fasm-blocks -g '-fobjc-abi-version=2' -fobjc-legacy-dispatch -I/Users/hectorgarcia/Library/Developer/Xcode/DerivedData/Build/Products/Debug-iphonesimulator/include -I/Users/hectorgarcia/Library/Developer/Xcode/DerivedData/Lyo-eagkiegzrakogpczynhkaholsscs/SourcePackages/checkouts/promises/Sources/FBLPromises/include -I/Users/hectorgarcia/Library/Developer/Xcode/DerivedData/Build/Intermediates.noindex/Promises.build/Debug-iphonesimulator/FBLPromises.build/DerivedSources-normal/x86_64 -I/Users/hectorgarcia/Library/Developer/Xcode/DerivedData/Build/Intermediates.noindex/Promises.build/Debug-iphonesimulator/FBLPromises.build/DerivedSources/x86_64 -I/Users/hectorgarcia/Library/Developer/Xcode/DerivedData/Build/Intermediates.noindex/Promises.build/Debug-iphonesimulator/FBLPromises.build/DerivedSources -F/Users/hectorgarcia/Library/Developer/Xcode/DerivedData/Build/Products/Debug-iphonesimulator -iframework /Users/hectorgarcia/Downloads/Xcode.app/Contents/Developer/Platforms/iPhoneSimulator.platform/Developer/Library/Frameworks -iframework /Users/hectorgarcia/Downloads/Xcode.app/Contents/Developer/Platforms/iPhoneSimulator.platform/Developer/SDKs/iPhoneSimulator26.2.sdk/Developer/Library/Frameworks -DXcode
WriteAuxiliaryFile /Users/hectorgarcia/Library/Developer/Xcode/DerivedData/Build/Intermediates.noindex/Promises.build/Debug-iphonesimulator/FBLPromises.build/Objects-normal/x86_64/FBLPromises.LinkFileList (in target 'FBLPromises' from project 'Promises')
    cd /Users/hectorgarcia/Library/Developer/Xcode/DerivedData/Lyo-eagkiegzrakogpczynhkaholsscs/SourcePackages/checkouts/promises
    write-file /Users/hectorgarcia/Library/Developer/Xcode/DerivedData/Build/Intermediates.noindex/Promises.build/Debug-iphonesimulator/FBLPromises.build/Objects-normal/x86_64/FBLPromises.LinkFileList

WriteAuxiliaryFile /Users/hectorgarcia/Library/Developer/Xcode/DerivedData/Build/Intermediates.noindex/Promises.build/Debug-iphonesimulator/FBLPromises.build/FBLPromises.DependencyStaticMetadataFileList (in target 'FBLPromises' from project 'Promises')
    cd /Users/hectorgarcia/Library/Developer/Xcode/DerivedData/Lyo-eagkiegzrakogpczynhkaholsscs/SourcePackages/checkouts/promises
    write-file /Users/hectorgarcia/Library/Developer/Xcode/DerivedData/Build/Intermediates.noindex/Promises.build/Debug-iphonesimulator/FBLPromises.build/FBLPromises.DependencyStaticMetadataFileList

WriteAuxiliaryFile /Users/hectorgarcia/Library/Developer/Xcode/DerivedData/Build/Intermediates.noindex/Promises.build/Debug-iphonesimulator/FBLPromises.build/FBLPromises.DependencyMetadataFileList (in target 'FBLPromises' from project 'Promises')
    cd /Users/hectorgarcia/Library/Developer/Xcode/DerivedData/Lyo-eagkiegzrakogpczynhkaholsscs/SourcePackages/checkouts/promises
    write-file /Users/hectorgarcia/Library/Developer/Xcode/DerivedData/Build/Intermediates.noindex/Promises.build/Debug-iphonesimulator/FBLPromises.build/FBLPromises.DependencyMetadataFileList

Copy /Users/hectorgarcia/Library/Developer/Xcode/DerivedData/Build/Intermediates.noindex/GeneratedModuleMaps-iphonesimulator/FirebaseAppCheckInterop.modulemap /Users/hectorgarcia/Library/Developer/Xcode/DerivedData/Build/Intermediates.noindex/Firebase.build/Debug-iphonesimulator/FirebaseAppCheckInterop.build/FirebaseAppCheckInterop.modulemap (in target 'FirebaseAppCheckInterop' from project 'Firebase')
    cd /Users/hectorgarcia/Library/Developer/Xcode/DerivedData/Lyo-eagkiegzrakogpczynhkaholsscs/SourcePackages/checkouts/firebase-ios-sdk
    builtin-copy -exclude .DS_Store -exclude CVS -exclude .svn -exclude .git -exclude .hg -resolve-src-symlinks /Users/hectorgarcia/Library/Developer/Xcode/DerivedData/Build/Intermediates.noindex/Firebase.build/Debug-iphonesimulator/FirebaseAppCheckInterop.build/FirebaseAppCheckInterop.modulemap /Users/hectorgarcia/Library/Developer/Xcode/DerivedData/Build/Intermediates.noindex/GeneratedModuleMaps-iphonesimulator

WriteAuxiliaryFile /Users/hectorgarcia/Library/Developer/Xcode/DerivedData/Build/Intermediates.noindex/Promises.build/Debug-iphonesimulator/FBLPromises.build/DerivedSources/resource_bundle_accessor.m (in target 'FBLPromises' from project 'Promises')
    cd /Users/hectorgarcia/Library/Developer/Xcode/DerivedData/Lyo-eagkiegzrakogpczynhkaholsscs/SourcePackages/checkouts/promises
    write-file /Users/hectorgarcia/Library/Developer/Xcode/DerivedData/Build/Intermediates.noindex/Promises.build/Debug-iphonesimulator/FBLPromises.build/DerivedSources/resource_bundle_accessor.m

WriteAuxiliaryFile /Users/hectorgarcia/Library/Developer/Xcode/DerivedData/Build/Intermediates.noindex/Promises.build/Debug-iphonesimulator/FBLPromises.build/DerivedSources/resource_bundle_accessor.h (in target 'FBLPromises' from project 'Promises')
    cd /Users/hectorgarcia/Library/Developer/Xcode/DerivedData/Lyo-eagkiegzrakogpczynhkaholsscs/SourcePackages/checkouts/promises
    write-file /Users/hectorgarcia/Library/Developer/Xcode/DerivedData/Build/Intermediates.noindex/Promises.build/Debug-iphonesimulator/FBLPromises.build/DerivedSources/resource_bundle_accessor.h

WriteAuxiliaryFile /Users/hectorgarcia/Library/Developer/Xcode/DerivedData/Build/Intermediates.noindex/AppAuth.build/Debug-iphonesimulator/AppAuth_AppAuthCore.build/empty-AppAuth_AppAuthCore.plist (in target 'AppAuth_AppAuthCore' from project 'AppAuth')
    cd /Users/hectorgarcia/Library/Developer/Xcode/DerivedData/Lyo-eagkiegzrakogpczynhkaholsscs/SourcePackages/checkouts/AppAuth-iOS
    write-file /Users/hectorgarcia/Library/Developer/Xcode/DerivedData/Build/Intermediates.noindex/AppAuth.build/Debug-iphonesimulator/AppAuth_AppAuthCore.build/empty-AppAuth_AppAuthCore.plist

WriteAuxiliaryFile /Users/hectorgarcia/Library/Developer/Xcode/DerivedData/Build/Intermediates.noindex/AppAuth.build/Debug-iphonesimulator/AppAuth_AppAuthCore.build/AppAuth_AppAuthCore.DependencyStaticMetadataFileList (in target 'AppAuth_AppAuthCore' from project 'AppAuth')
    cd /Users/hectorgarcia/Library/Developer/Xcode/DerivedData/Lyo-eagkiegzrakogpczynhkaholsscs/SourcePackages/checkouts/AppAuth-iOS
    write-file /Users/hectorgarcia/Library/Developer/Xcode/DerivedData/Build/Intermediates.noindex/AppAuth.build/Debug-iphonesimulator/AppAuth_AppAuthCore.build/AppAuth_AppAuthCore.DependencyStaticMetadataFileList

WriteAuxiliaryFile /Users/hectorgarcia/Library/Developer/Xcode/DerivedData/Build/Intermediates.noindex/AppAuth.build/Debug-iphonesimulator/AppAuth_AppAuthCore.build/AppAuth_AppAuthCore.DependencyMetadataFileList (in target 'AppAuth_AppAuthCore' from project 'AppAuth')
    cd /Users/hectorgarcia/Library/Developer/Xcode/DerivedData/Lyo-eagkiegzrakogpczynhkaholsscs/SourcePackages/checkouts/AppAuth-iOS
    write-file /Users/hectorgarcia/Library/Developer/Xcode/DerivedData/Build/Intermediates.noindex/AppAuth.build/Debug-iphonesimulator/AppAuth_AppAuthCore.build/AppAuth_AppAuthCore.DependencyMetadataFileList

WriteAuxiliaryFile /Users/hectorgarcia/Library/Developer/Xcode/DerivedData/Build/Intermediates.noindex/AppAuth.build/Debug-iphonesimulator/AppAuth_AppAuth.build/empty-AppAuth_AppAuth.plist (in target 'AppAuth_AppAuth' from project 'AppAuth')
    cd /Users/hectorgarcia/Library/Developer/Xcode/DerivedData/Lyo-eagkiegzrakogpczynhkaholsscs/SourcePackages/checkouts/AppAuth-iOS
    write-file /Users/hectorgarcia/Library/Developer/Xcode/DerivedData/Build/Intermediates.noindex/AppAuth.build/Debug-iphonesimulator/AppAuth_AppAuth.build/empty-AppAuth_AppAuth.plist

WriteAuxiliaryFile /Users/hectorgarcia/Library/Developer/Xcode/DerivedData/Build/Intermediates.noindex/AppAuth.build/Debug-iphonesimulator/AppAuth_AppAuth.build/AppAuth_AppAuth.DependencyStaticMetadataFileList (in target 'AppAuth_AppAuth' from project 'AppAuth')
    cd /Users/hectorgarcia/Library/Developer/Xcode/DerivedData/Lyo-eagkiegzrakogpczynhkaholsscs/SourcePackages/checkouts/AppAuth-iOS
    write-file /Users/hectorgarcia/Library/Developer/Xcode/DerivedData/Build/Intermediates.noindex/AppAuth.build/Debug-iphonesimulator/AppAuth_AppAuth.build/AppAuth_AppAuth.DependencyStaticMetadataFileList

WriteAuxiliaryFile /Users/hectorgarcia/Library/Developer/Xcode/DerivedData/Build/Intermediates.noindex/AppAuth.build/Debug-iphonesimulator/AppAuth_AppAuth.build/AppAuth_AppAuth.DependencyMetadataFileList (in target 'AppAuth_AppAuth' from project 'AppAuth')
    cd /Users/hectorgarcia/Library/Developer/Xcode/DerivedData/Lyo-eagkiegzrakogpczynhkaholsscs/SourcePackages/checkouts/AppAuth-iOS
    write-file /Users/hectorgarcia/Library/Developer/Xcode/DerivedData/Build/Intermediates.noindex/AppAuth.build/Debug-iphonesimulator/AppAuth_AppAuth.build/AppAuth_AppAuth.DependencyMetadataFileList

WriteAuxiliaryFile /Users/hectorgarcia/Library/Developer/Xcode/DerivedData/Build/Intermediates.noindex/AppAuth.build/Debug-iphonesimulator/AppAuthCore.build/Objects-normal/x86_64/AppAuthCore.LinkFileList (in target 'AppAuthCore' from project 'AppAuth')
    cd /Users/hectorgarcia/Library/Developer/Xcode/DerivedData/Lyo-eagkiegzrakogpczynhkaholsscs/SourcePackages/checkouts/AppAuth-iOS
    write-file /Users/hectorgarcia/Library/Developer/Xcode/DerivedData/Build/Intermediates.noindex/AppAuth.build/Debug-iphonesimulator/AppAuthCore.build/Objects-normal/x86_64/AppAuthCore.LinkFileList

WriteAuxiliaryFile /Users/hectorgarcia/Library/Developer/Xcode/DerivedData/Build/Intermediates.noindex/AppAuth.build/Debug-iphonesimulator/AppAuthCore.build/Objects-normal/x86_64/e6072d4f65d7061329687fe24e3d63a7-common-args.resp (in target 'AppAuthCore' from project 'AppAuth')
    cd /Users/hectorgarcia/Library/Developer/Xcode/DerivedData/Lyo-eagkiegzrakogpczynhkaholsscs/SourcePackages/checkouts/AppAuth-iOS
    write-file /Users/hectorgarcia/Library/Developer/Xcode/DerivedData/Build/Intermediates.noindex/AppAuth.build/Debug-iphonesimulator/AppAuthCore.build/Objects-normal/x86_64/e6072d4f65d7061329687fe24e3d63a7-common-args.resp
-target x86_64-apple-ios12.0-simulator -fobjc-arc -fmodules -gmodules '-fmodules-cache-path=/Users/hectorgarcia/Library/Developer/Xcode/DerivedData/ModuleCache.noindex' '-fmodule-name=AppAuthCore' -fpascal-strings -O0 -DSWIFT_PACKAGE '-DDEBUG=1' '-DOBJC_OLD_DISPATCH_PROTOTYPES=1' -isysroot /Users/hectorgarcia/Downloads/Xcode.app/Contents/Developer/Platforms/iPhoneSimulator.platform/Developer/SDKs/iPhoneSimulator26.2.sdk -fasm-blocks -g '-fobjc-abi-version=2' -fobjc-legacy-dispatch -I/Users/hectorgarcia/Library/Developer/Xcode/DerivedData/Build/Products/Debug-iphonesimulator/include -I/Users/hectorgarcia/Library/Developer/Xcode/DerivedData/Lyo-eagkiegzrakogpczynhkaholsscs/SourcePackages/checkouts/AppAuth-iOS/Sources/AppAuthCore -I/Users/hectorgarcia/Library/Developer/Xcode/DerivedData/Build/Intermediates.noindex/AppAuth.build/Debug-iphonesimulator/AppAuthCore.build/DerivedSources-normal/x86_64 -I/Users/hectorgarcia/Library/Developer/Xcode/DerivedData/Build/Intermediates.noindex/AppAuth.build/Debug-iphonesimulator/AppAuthCore.build/DerivedSources/x86_64 -I/Users/hectorgarcia/Library/Developer/Xcode/DerivedData/Build/Intermediates.noindex/AppAuth.build/Debug-iphonesimulator/AppAuthCore.build/DerivedSources -F/Users/hectorgarcia/Library/Developer/Xcode/DerivedData/Build/Products/Debug-iphonesimulator -iframework /Users/hectorgarcia/Downloads/Xcode.app/Contents/Developer/Platforms/iPhoneSimulator.platform/Developer/Library/Frameworks -iframework /Users/hectorgarcia/Downloads/Xcode.app/Contents/Developer/Platforms/iPhoneSimulator.platform/Developer/SDKs/iPhoneSimulator26.2.sdk/Developer/Library/Frameworks -DXcode

WriteAuxiliaryFile /Users/hectorgarcia/Library/Developer/Xcode/DerivedData/Build/Intermediates.noindex/AppAuth.build/Debug-iphonesimulator/AppAuthCore.build/DerivedSources/resource_bundle_accessor.m (in target 'AppAuthCore' from project 'AppAuth')
    cd /Users/hectorgarcia/Library/Developer/Xcode/DerivedData/Lyo-eagkiegzrakogpczynhkaholsscs/SourcePackages/checkouts/AppAuth-iOS
    write-file /Users/hectorgarcia/Library/Developer/Xcode/DerivedData/Build/Intermediates.noindex/AppAuth.build/Debug-iphonesimulator/AppAuthCore.build/DerivedSources/resource_bundle_accessor.m

WriteAuxiliaryFile /Users/hectorgarcia/Library/Developer/Xcode/DerivedData/Build/Intermediates.noindex/AppAuth.build/Debug-iphonesimulator/AppAuthCore.build/DerivedSources/resource_bundle_accessor.h (in target 'AppAuthCore' from project 'AppAuth')
    cd /Users/hectorgarcia/Library/Developer/Xcode/DerivedData/Lyo-eagkiegzrakogpczynhkaholsscs/SourcePackages/checkouts/AppAuth-iOS
    write-file /Users/hectorgarcia/Library/Developer/Xcode/DerivedData/Build/Intermediates.noindex/AppAuth.build/Debug-iphonesimulator/AppAuthCore.build/DerivedSources/resource_bundle_accessor.h

WriteAuxiliaryFile /Users/hectorgarcia/Library/Developer/Xcode/DerivedData/Build/Intermediates.noindex/AppAuth.build/Debug-iphonesimulator/AppAuthCore.build/AppAuthCore.modulemap (in target 'AppAuthCore' from project 'AppAuth')
    cd /Users/hectorgarcia/Library/Developer/Xcode/DerivedData/Lyo-eagkiegzrakogpczynhkaholsscs/SourcePackages/checkouts/AppAuth-iOS
    write-file /Users/hectorgarcia/Library/Developer/Xcode/DerivedData/Build/Intermediates.noindex/AppAuth.build/Debug-iphonesimulator/AppAuthCore.build/AppAuthCore.modulemap

WriteAuxiliaryFile /Users/hectorgarcia/Library/Developer/Xcode/DerivedData/Build/Intermediates.noindex/AppAuth.build/Debug-iphonesimulator/AppAuthCore.build/AppAuthCore.DependencyStaticMetadataFileList (in target 'AppAuthCore' from project 'AppAuth')
    cd /Users/hectorgarcia/Library/Developer/Xcode/DerivedData/Lyo-eagkiegzrakogpczynhkaholsscs/SourcePackages/checkouts/AppAuth-iOS
    write-file /Users/hectorgarcia/Library/Developer/Xcode/DerivedData/Build/Intermediates.noindex/AppAuth.build/Debug-iphonesimulator/AppAuthCore.build/AppAuthCore.DependencyStaticMetadataFileList

WriteAuxiliaryFile /Users/hectorgarcia/Library/Developer/Xcode/DerivedData/Build/Intermediates.noindex/AppAuth.build/Debug-iphonesimulator/AppAuthCore.build/AppAuthCore.DependencyMetadataFileList (in target 'AppAuthCore' from project 'AppAuth')
    cd /Users/hectorgarcia/Library/Developer/Xcode/DerivedData/Lyo-eagkiegzrakogpczynhkaholsscs/SourcePackages/checkouts/AppAuth-iOS
    write-file /Users/hectorgarcia/Library/Developer/Xcode/DerivedData/Build/Intermediates.noindex/AppAuth.build/Debug-iphonesimulator/AppAuthCore.build/AppAuthCore.DependencyMetadataFileList

WriteAuxiliaryFile /Users/hectorgarcia/Library/Developer/Xcode/DerivedData/Build/Intermediates.noindex/AppAuth.build/Debug-iphonesimulator/AppAuth.build/Objects-normal/x86_64/e6072d4f65d7061329687fe24e3d63a7-common-args.resp (in target 'AppAuth' from project 'AppAuth')
    cd /Users/hectorgarcia/Library/Developer/Xcode/DerivedData/Lyo-eagkiegzrakogpczynhkaholsscs/SourcePackages/checkouts/AppAuth-iOS
    write-file /Users/hectorgarcia/Library/Developer/Xcode/DerivedData/Build/Intermediates.noindex/AppAuth.build/Debug-iphonesimulator/AppAuth.build/Objects-normal/x86_64/e6072d4f65d7061329687fe24e3d63a7-common-args.resp
-target x86_64-apple-ios12.0-simulator -fobjc-arc -fmodules -gmodules '-fmodules-cache-path=/Users/hectorgarcia/Library/Developer/Xcode/DerivedData/ModuleCache.noindex' '-fmodule-name=AppAuth' -fpascal-strings -O0 -DSWIFT_PACKAGE '-DDEBUG=1' '-DOBJC_OLD_DISPATCH_PROTOTYPES=1' -isysroot /Users/hectorgarcia/Downloads/Xcode.app/Contents/Developer/Platforms/iPhoneSimulator.platform/Developer/SDKs/iPhoneSimulator26.2.sdk -fasm-blocks -g '-fobjc-abi-version=2' -fobjc-legacy-dispatch -I/Users/hectorgarcia/Library/Developer/Xcode/DerivedData/Lyo-eagkiegzrakogpczynhkaholsscs/SourcePackages/checkouts/AppAuth-iOS/Sources/AppAuthCore -I/Users/hectorgarcia/Library/Developer/Xcode/DerivedData/Build/Products/Debug-iphonesimulator/include -I/Users/hectorgarcia/Library/Developer/Xcode/DerivedData/Lyo-eagkiegzrakogpczynhkaholsscs/SourcePackages/checkouts/AppAuth-iOS/Sources/AppAuth -I/Users/hectorgarcia/Library/Developer/Xcode/DerivedData/Lyo-eagkiegzrakogpczynhkaholsscs/SourcePackages/checkouts/AppAuth-iOS/Sources/AppAuth/iOS -I/Users/hectorgarcia/Library/Developer/Xcode/DerivedData/Lyo-eagkiegzrakogpczynhkaholsscs/SourcePackages/checkouts/AppAuth-iOS/Sources/AppAuth/macOS -I/Users/hectorgarcia/Library/Developer/Xcode/DerivedData/Lyo-eagkiegzrakogpczynhkaholsscs/SourcePackages/checkouts/AppAuth-iOS/Sources/AppAuth/macOS/LoopbackHTTPServer -I/Users/hectorgarcia/Library/Developer/Xcode/DerivedData/Build/Intermediates.noindex/AppAuth.build/Debug-iphonesimulator/AppAuth.build/DerivedSources-normal/x86_64 -I/Users/hectorgarcia/Library/Developer/Xcode/DerivedData/Build/Intermediates.noindex/AppAuth.build/Debug-iphonesimulator/AppAuth.build/DerivedSources/x86_64 -I/Users/hectorgarcia/Library/Developer/Xcode/DerivedData/Build/Intermediates.noindex/AppAuth.build/Debug-iphonesimulator/AppAuth.build/DerivedSources -F/Users/hectorgarcia/Library/Developer/Xcode/DerivedData/Build/Products/Debug-iphonesimulator/PackageFrameworks -F/Users/hectorgarcia/Library/Developer/Xcode/DerivedData/Build/Products/Debug-iphonesimulator -iframework /Users/hectorgarcia/Downloads/Xcode.app/Contents/Developer/Platforms/iPhoneSimulator.platform/Developer/Library/Frameworks -iframework /Users/hectorgarcia/Downloads/Xcode.app/Contents/Developer/Platforms/iPhoneSimulator.platform/Developer/SDKs/iPhoneSimulator26.2.sdk/Developer/Library/Frameworks '-fmodule-map-file=/Users/hectorgarcia/Library/Developer/Xcode/DerivedData/Build/Intermediates.noindex/GeneratedModuleMaps-iphonesimulator/AppAuthCore.modulemap' -DXcode
WriteAuxiliaryFile /Users/hectorgarcia/Library/Developer/Xcode/DerivedData/Build/Intermediates.noindex/AppAuth.build/Debug-iphonesimulator/AppAuth.build/Objects-normal/x86_64/AppAuth.LinkFileList (in target 'AppAuth' from project 'AppAuth')
    cd /Users/hectorgarcia/Library/Developer/Xcode/DerivedData/Lyo-eagkiegzrakogpczynhkaholsscs/SourcePackages/checkouts/AppAuth-iOS
    write-file /Users/hectorgarcia/Library/Developer/Xcode/DerivedData/Build/Intermediates.noindex/AppAuth.build/Debug-iphonesimulator/AppAuth.build/Objects-normal/x86_64/AppAuth.LinkFileList

WriteAuxiliaryFile /Users/hectorgarcia/Library/Developer/Xcode/DerivedData/Build/Intermediates.noindex/AppAuth.build/Debug-iphonesimulator/AppAuth.build/DerivedSources/resource_bundle_accessor.m (in target 'AppAuth' from project 'AppAuth')
    cd /Users/hectorgarcia/Library/Developer/Xcode/DerivedData/Lyo-eagkiegzrakogpczynhkaholsscs/SourcePackages/checkouts/AppAuth-iOS
    write-file /Users/hectorgarcia/Library/Developer/Xcode/DerivedData/Build/Intermediates.noindex/AppAuth.build/Debug-iphonesimulator/AppAuth.build/DerivedSources/resource_bundle_accessor.m

WriteAuxiliaryFile /Users/hectorgarcia/Library/Developer/Xcode/DerivedData/Build/Intermediates.noindex/AppAuth.build/Debug-iphonesimulator/AppAuth.build/DerivedSources/resource_bundle_accessor.h (in target 'AppAuth' from project 'AppAuth')
    cd /Users/hectorgarcia/Library/Developer/Xcode/DerivedData/Lyo-eagkiegzrakogpczynhkaholsscs/SourcePackages/checkouts/AppAuth-iOS
    write-file /Users/hectorgarcia/Library/Developer/Xcode/DerivedData/Build/Intermediates.noindex/AppAuth.build/Debug-iphonesimulator/AppAuth.build/DerivedSources/resource_bundle_accessor.h

WriteAuxiliaryFile /Users/hectorgarcia/Library/Developer/Xcode/DerivedData/Build/Intermediates.noindex/AppAuth.build/Debug-iphonesimulator/AppAuth.build/AppAuth.modulemap (in target 'AppAuth' from project 'AppAuth')
    cd /Users/hectorgarcia/Library/Developer/Xcode/DerivedData/Lyo-eagkiegzrakogpczynhkaholsscs/SourcePackages/checkouts/AppAuth-iOS
    write-file /Users/hectorgarcia/Library/Developer/Xcode/DerivedData/Build/Intermediates.noindex/AppAuth.build/Debug-iphonesimulator/AppAuth.build/AppAuth.modulemap

WriteAuxiliaryFile /Users/hectorgarcia/Library/Developer/Xcode/DerivedData/Build/Intermediates.noindex/AppAuth.build/Debug-iphonesimulator/AppAuth.build/AppAuth.DependencyMetadataFileList (in target 'AppAuth' from project 'AppAuth')
    cd /Users/hectorgarcia/Library/Developer/Xcode/DerivedData/Lyo-eagkiegzrakogpczynhkaholsscs/SourcePackages/checkouts/AppAuth-iOS
    write-file /Users/hectorgarcia/Library/Developer/Xcode/DerivedData/Build/Intermediates.noindex/AppAuth.build/Debug-iphonesimulator/AppAuth.build/AppAuth.DependencyMetadataFileList

WriteAuxiliaryFile /Users/hectorgarcia/Library/Developer/Xcode/DerivedData/Build/Intermediates.noindex/AppAuth.build/Debug-iphonesimulator/AppAuth.build/AppAuth.DependencyStaticMetadataFileList (in target 'AppAuth' from project 'AppAuth')
    cd /Users/hectorgarcia/Library/Developer/Xcode/DerivedData/Lyo-eagkiegzrakogpczynhkaholsscs/SourcePackages/checkouts/AppAuth-iOS
    write-file /Users/hectorgarcia/Library/Developer/Xcode/DerivedData/Build/Intermediates.noindex/AppAuth.build/Debug-iphonesimulator/AppAuth.build/AppAuth.DependencyStaticMetadataFileList

Copy /Users/hectorgarcia/Library/Developer/Xcode/DerivedData/Build/Intermediates.noindex/GeneratedModuleMaps-iphonesimulator/AppAuthCore.modulemap /Users/hectorgarcia/Library/Developer/Xcode/DerivedData/Build/Intermediates.noindex/AppAuth.build/Debug-iphonesimulator/AppAuthCore.build/AppAuthCore.modulemap (in target 'AppAuthCore' from project 'AppAuth')
    cd /Users/hectorgarcia/Library/Developer/Xcode/DerivedData/Lyo-eagkiegzrakogpczynhkaholsscs/SourcePackages/checkouts/AppAuth-iOS
    builtin-copy -exclude .DS_Store -exclude CVS -exclude .svn -exclude .git -exclude .hg -resolve-src-symlinks /Users/hectorgarcia/Library/Developer/Xcode/DerivedData/Build/Intermediates.noindex/AppAuth.build/Debug-iphonesimulator/AppAuthCore.build/AppAuthCore.modulemap /Users/hectorgarcia/Library/Developer/Xcode/DerivedData/Build/Intermediates.noindex/GeneratedModuleMaps-iphonesimulator

MkDir /Users/hectorgarcia/Library/Developer/Xcode/DerivedData/Build/Products/Debug-iphonesimulator/nanopb_nanopb.bundle (in target 'nanopb_nanopb' from project 'nanopb')
    cd /Users/hectorgarcia/Library/Developer/Xcode/DerivedData/Lyo-eagkiegzrakogpczynhkaholsscs/SourcePackages/checkouts/nanopb
    /bin/mkdir -p /Users/hectorgarcia/Library/Developer/Xcode/DerivedData/Build/Products/Debug-iphonesimulator/nanopb_nanopb.bundle

Copy /Users/hectorgarcia/Library/Developer/Xcode/DerivedData/Build/Intermediates.noindex/GeneratedModuleMaps-iphonesimulator/AppAuth.modulemap /Users/hectorgarcia/Library/Developer/Xcode/DerivedData/Build/Intermediates.noindex/AppAuth.build/Debug-iphonesimulator/AppAuth.build/AppAuth.modulemap (in target 'AppAuth' from project 'AppAuth')
    cd /Users/hectorgarcia/Library/Developer/Xcode/DerivedData/Lyo-eagkiegzrakogpczynhkaholsscs/SourcePackages/checkouts/AppAuth-iOS
    builtin-copy -exclude .DS_Store -exclude CVS -exclude .svn -exclude .git -exclude .hg -resolve-src-symlinks /Users/hectorgarcia/Library/Developer/Xcode/DerivedData/Build/Intermediates.noindex/AppAuth.build/Debug-iphonesimulator/AppAuth.build/AppAuth.modulemap /Users/hectorgarcia/Library/Developer/Xcode/DerivedData/Build/Intermediates.noindex/GeneratedModuleMaps-iphonesimulator

MkDir /Users/hectorgarcia/Library/Developer/Xcode/DerivedData/Build/Products/Debug-iphonesimulator/Promises_Promises.bundle (in target 'Promises_Promises' from project 'Promises')
    cd /Users/hectorgarcia/Library/Developer/Xcode/DerivedData/Lyo-eagkiegzrakogpczynhkaholsscs/SourcePackages/checkouts/promises
    /bin/mkdir -p /Users/hectorgarcia/Library/Developer/Xcode/DerivedData/Build/Products/Debug-iphonesimulator/Promises_Promises.bundle

MkDir /Users/hectorgarcia/Library/Developer/Xcode/DerivedData/Build/Products/Debug-iphonesimulator/Promises_FBLPromises.bundle (in target 'Promises_FBLPromises' from project 'Promises')
    cd /Users/hectorgarcia/Library/Developer/Xcode/DerivedData/Lyo-eagkiegzrakogpczynhkaholsscs/SourcePackages/checkouts/promises
    /bin/mkdir -p /Users/hectorgarcia/Library/Developer/Xcode/DerivedData/Build/Products/Debug-iphonesimulator/Promises_FBLPromises.bundle

MkDir /Users/hectorgarcia/Library/Developer/Xcode/DerivedData/Build/Products/Debug-iphonesimulator/Lyo.app/PlugIns (in target 'Lyo' from project 'Lyo')
    cd /Users/hectorgarcia/LYO_Da_ONE
    /bin/mkdir -p /Users/hectorgarcia/Library/Developer/Xcode/DerivedData/Build/Products/Debug-iphonesimulator/Lyo.app/PlugIns

MkDir /Users/hectorgarcia/Library/Developer/Xcode/DerivedData/Build/Products/Debug-iphonesimulator/Lyo.app/Frameworks (in target 'Lyo' from project 'Lyo')
    cd /Users/hectorgarcia/LYO_Da_ONE
    /bin/mkdir -p /Users/hectorgarcia/Library/Developer/Xcode/DerivedData/Build/Products/Debug-iphonesimulator/Lyo.app/Frameworks

MkDir /Users/hectorgarcia/Library/Developer/Xcode/DerivedData/Build/Products/Debug-iphonesimulator/Lyo.app/PlugIns/LyoTests.xctest (in target 'LyoTests' from project 'Lyo')
    cd /Users/hectorgarcia/LYO_Da_ONE
    /bin/mkdir -p /Users/hectorgarcia/Library/Developer/Xcode/DerivedData/Build/Products/Debug-iphonesimulator/Lyo.app/PlugIns/LyoTests.xctest

MkDir /Users/hectorgarcia/Library/Developer/Xcode/DerivedData/Build/Products/Debug-iphonesimulator/Lyo.app (in target 'Lyo' from project 'Lyo')
    cd /Users/hectorgarcia/LYO_Da_ONE
    /bin/mkdir -p /Users/hectorgarcia/Library/Developer/Xcode/DerivedData/Build/Products/Debug-iphonesimulator/Lyo.app

MkDir /Users/hectorgarcia/Library/Developer/Xcode/DerivedData/Build/Products/Debug-iphonesimulator/GoogleUtilities_GoogleUtilities-UserDefaults.bundle (in target 'GoogleUtilities_GoogleUtilities-UserDefaults' from project 'GoogleUtilities')
    cd /Users/hectorgarcia/Library/Developer/Xcode/DerivedData/Lyo-eagkiegzrakogpczynhkaholsscs/SourcePackages/checkouts/GoogleUtilities
    /bin/mkdir -p /Users/hectorgarcia/Library/Developer/Xcode/DerivedData/Build/Products/Debug-iphonesimulator/GoogleUtilities_GoogleUtilities-UserDefaults.bundle

MkDir /Users/hectorgarcia/Library/Developer/Xcode/DerivedData/Build/Products/Debug-iphonesimulator/GoogleUtilities_GoogleUtilities-Reachability.bundle (in target 'GoogleUtilities_GoogleUtilities-Reachability' from project 'GoogleUtilities')
    cd /Users/hectorgarcia/Library/Developer/Xcode/DerivedData/Lyo-eagkiegzrakogpczynhkaholsscs/SourcePackages/checkouts/GoogleUtilities
    /bin/mkdir -p /Users/hectorgarcia/Library/Developer/Xcode/DerivedData/Build/Products/Debug-iphonesimulator/GoogleUtilities_GoogleUtilities-Reachability.bundle

MkDir /Users/hectorgarcia/Library/Developer/Xcode/DerivedData/Build/Products/Debug-iphonesimulator/GoogleUtilities_GoogleUtilities-Network.bundle (in target 'GoogleUtilities_GoogleUtilities-Network' from project 'GoogleUtilities')
    cd /Users/hectorgarcia/Library/Developer/Xcode/DerivedData/Lyo-eagkiegzrakogpczynhkaholsscs/SourcePackages/checkouts/GoogleUtilities
    /bin/mkdir -p /Users/hectorgarcia/Library/Developer/Xcode/DerivedData/Build/Products/Debug-iphonesimulator/GoogleUtilities_GoogleUtilities-Network.bundle

MkDir /Users/hectorgarcia/Library/Developer/Xcode/DerivedData/Build/Products/Debug-iphonesimulator/GoogleUtilities_GoogleUtilities-NSData.bundle (in target 'GoogleUtilities_GoogleUtilities-NSData' from project 'GoogleUtilities')
    cd /Users/hectorgarcia/Library/Developer/Xcode/DerivedData/Lyo-eagkiegzrakogpczynhkaholsscs/SourcePackages/checkouts/GoogleUtilities
    /bin/mkdir -p /Users/hectorgarcia/Library/Developer/Xcode/DerivedData/Build/Products/Debug-iphonesimulator/GoogleUtilities_GoogleUtilities-NSData.bundle

MkDir /Users/hectorgarcia/Library/Developer/Xcode/DerivedData/Build/Products/Debug-iphonesimulator/GoogleUtilities_GoogleUtilities-Logger.bundle (in target 'GoogleUtilities_GoogleUtilities-Logger' from project 'GoogleUtilities')
    cd /Users/hectorgarcia/Library/Developer/Xcode/DerivedData/Lyo-eagkiegzrakogpczynhkaholsscs/SourcePackages/checkouts/GoogleUtilities
    /bin/mkdir -p /Users/hectorgarcia/Library/Developer/Xcode/DerivedData/Build/Products/Debug-iphonesimulator/GoogleUtilities_GoogleUtilities-Logger.bundle

MkDir /Users/hectorgarcia/Library/Developer/Xcode/DerivedData/Build/Products/Debug-iphonesimulator/GoogleUtilities_GoogleUtilities-Environment.bundle (in target 'GoogleUtilities_GoogleUtilities-Environment' from project 'GoogleUtilities')
    cd /Users/hectorgarcia/Library/Developer/Xcode/DerivedData/Lyo-eagkiegzrakogpczynhkaholsscs/SourcePackages/checkouts/GoogleUtilities
    /bin/mkdir -p /Users/hectorgarcia/Library/Developer/Xcode/DerivedData/Build/Products/Debug-iphonesimulator/GoogleUtilities_GoogleUtilities-Environment.bundle

MkDir /Users/hectorgarcia/Library/Developer/Xcode/DerivedData/Build/Products/Debug-iphonesimulator/GoogleUtilities_GoogleUtilities-AppDelegateSwizzler.bundle (in target 'GoogleUtilities_GoogleUtilities-AppDelegateSwizzler' from project 'GoogleUtilities')
    cd /Users/hectorgarcia/Library/Developer/Xcode/DerivedData/Lyo-eagkiegzrakogpczynhkaholsscs/SourcePackages/checkouts/GoogleUtilities
    /bin/mkdir -p /Users/hectorgarcia/Library/Developer/Xcode/DerivedData/Build/Products/Debug-iphonesimulator/GoogleUtilities_GoogleUtilities-AppDelegateSwizzler.bundle

MkDir /Users/hectorgarcia/Library/Developer/Xcode/DerivedData/Build/Products/Debug-iphonesimulator/GoogleSignIn_GoogleSignIn.bundle (in target 'GoogleSignIn_GoogleSignIn' from project 'GoogleSignIn')
    cd /Users/hectorgarcia/Library/Developer/Xcode/DerivedData/Lyo-eagkiegzrakogpczynhkaholsscs/SourcePackages/checkouts/GoogleSignIn-iOS
    /bin/mkdir -p /Users/hectorgarcia/Library/Developer/Xcode/DerivedData/Build/Products/Debug-iphonesimulator/GoogleSignIn_GoogleSignIn.bundle

MkDir /Users/hectorgarcia/Library/Developer/Xcode/DerivedData/Build/Products/Debug-iphonesimulator/GoogleDataTransport_GoogleDataTransport.bundle (in target 'GoogleDataTransport_GoogleDataTransport' from project 'GoogleDataTransport')
    cd /Users/hectorgarcia/Library/Developer/Xcode/DerivedData/Lyo-eagkiegzrakogpczynhkaholsscs/SourcePackages/checkouts/GoogleDataTransport
    /bin/mkdir -p /Users/hectorgarcia/Library/Developer/Xcode/DerivedData/Build/Products/Debug-iphonesimulator/GoogleDataTransport_GoogleDataTransport.bundle

MkDir /Users/hectorgarcia/Library/Developer/Xcode/DerivedData/Build/Products/Debug-iphonesimulator/GTMSessionFetcher_GTMSessionFetcherCore.bundle (in target 'GTMSessionFetcher_GTMSessionFetcherCore' from project 'GTMSessionFetcher')
    cd /Users/hectorgarcia/Library/Developer/Xcode/DerivedData/Lyo-eagkiegzrakogpczynhkaholsscs/SourcePackages/checkouts/gtm-session-fetcher
    /bin/mkdir -p /Users/hectorgarcia/Library/Developer/Xcode/DerivedData/Build/Products/Debug-iphonesimulator/GTMSessionFetcher_GTMSessionFetcherCore.bundle

MkDir /Users/hectorgarcia/Library/Developer/Xcode/DerivedData/Build/Products/Debug-iphonesimulator/GTMAppAuth_GTMAppAuth.bundle (in target 'GTMAppAuth_GTMAppAuth' from project 'GTMAppAuth')
    cd /Users/hectorgarcia/Library/Developer/Xcode/DerivedData/Lyo-eagkiegzrakogpczynhkaholsscs/SourcePackages/checkouts/GTMAppAuth
    /bin/mkdir -p /Users/hectorgarcia/Library/Developer/Xcode/DerivedData/Build/Products/Debug-iphonesimulator/GTMAppAuth_GTMAppAuth.bundle

MkDir /Users/hectorgarcia/Library/Developer/Xcode/DerivedData/Build/Products/Debug-iphonesimulator/Firebase_FirebaseCrashlytics.bundle (in target 'Firebase_FirebaseCrashlytics' from project 'Firebase')
    cd /Users/hectorgarcia/Library/Developer/Xcode/DerivedData/Lyo-eagkiegzrakogpczynhkaholsscs/SourcePackages/checkouts/firebase-ios-sdk
    /bin/mkdir -p /Users/hectorgarcia/Library/Developer/Xcode/DerivedData/Build/Products/Debug-iphonesimulator/Firebase_FirebaseCrashlytics.bundle

MkDir /Users/hectorgarcia/Library/Developer/Xcode/DerivedData/Build/Products/Debug-iphonesimulator/Firebase_FirebaseCoreExtension.bundle (in target 'Firebase_FirebaseCoreExtension' from project 'Firebase')
    cd /Users/hectorgarcia/Library/Developer/Xcode/DerivedData/Lyo-eagkiegzrakogpczynhkaholsscs/SourcePackages/checkouts/firebase-ios-sdk
    /bin/mkdir -p /Users/hectorgarcia/Library/Developer/Xcode/DerivedData/Build/Products/Debug-iphonesimulator/Firebase_FirebaseCoreExtension.bundle

MkDir /Users/hectorgarcia/Library/Developer/Xcode/DerivedData/Build/Products/Debug-iphonesimulator/Firebase_FirebaseCore.bundle (in target 'Firebase_FirebaseCore' from project 'Firebase')
    cd /Users/hectorgarcia/Library/Developer/Xcode/DerivedData/Lyo-eagkiegzrakogpczynhkaholsscs/SourcePackages/checkouts/firebase-ios-sdk
    /bin/mkdir -p /Users/hectorgarcia/Library/Developer/Xcode/DerivedData/Build/Products/Debug-iphonesimulator/Firebase_FirebaseCore.bundle

MkDir /Users/hectorgarcia/Library/Developer/Xcode/DerivedData/Build/Products/Debug-iphonesimulator/Firebase_FirebaseAuth.bundle (in target 'Firebase_FirebaseAuth' from project 'Firebase')
    cd /Users/hectorgarcia/Library/Developer/Xcode/DerivedData/Lyo-eagkiegzrakogpczynhkaholsscs/SourcePackages/checkouts/firebase-ios-sdk
    /bin/mkdir -p /Users/hectorgarcia/Library/Developer/Xcode/DerivedData/Build/Products/Debug-iphonesimulator/Firebase_FirebaseAuth.bundle

MkDir /Users/hectorgarcia/Library/Developer/Xcode/DerivedData/Build/Products/Debug-iphonesimulator/AppAuth_AppAuthCore.bundle (in target 'AppAuth_AppAuthCore' from project 'AppAuth')
    cd /Users/hectorgarcia/Library/Developer/Xcode/DerivedData/Lyo-eagkiegzrakogpczynhkaholsscs/SourcePackages/checkouts/AppAuth-iOS
    /bin/mkdir -p /Users/hectorgarcia/Library/Developer/Xcode/DerivedData/Build/Products/Debug-iphonesimulator/AppAuth_AppAuthCore.bundle

MkDir /Users/hectorgarcia/Library/Developer/Xcode/DerivedData/Build/Products/Debug-iphonesimulator/AppAuth_AppAuth.bundle (in target 'AppAuth_AppAuth' from project 'AppAuth')
    cd /Users/hectorgarcia/Library/Developer/Xcode/DerivedData/Lyo-eagkiegzrakogpczynhkaholsscs/SourcePackages/checkouts/AppAuth-iOS
    /bin/mkdir -p /Users/hectorgarcia/Library/Developer/Xcode/DerivedData/Build/Products/Debug-iphonesimulator/AppAuth_AppAuth.bundle

ScanDependencies /Users/hectorgarcia/Library/Developer/Xcode/DerivedData/Build/Intermediates.noindex/GoogleUtilities.build/Debug-iphonesimulator/third-party-IsAppEncrypted.build/Objects-normal/x86_64/IsAppEncrypted.o /Users/hectorgarcia/Library/Developer/Xcode/DerivedData/Lyo-eagkiegzrakogpczynhkaholsscs/SourcePackages/checkouts/GoogleUtilities/third_party/IsAppEncrypted/IsAppEncrypted.m normal x86_64 objective-c com.apple.compilers.llvm.clang.1_0.compiler (in target 'third-party-IsAppEncrypted' from project 'GoogleUtilities')
    cd /Users/hectorgarcia/LYO_Da_ONE/Lyo.xcodeproj
    
    Using response file: /Users/hectorgarcia/Library/Developer/Xcode/DerivedData/Build/Intermediates.noindex/GoogleUtilities.build/Debug-iphonesimulator/third-party-IsAppEncrypted.build/Objects-normal/x86_64/e6072d4f65d7061329687fe24e3d63a7-common-args.resp
    
    builtin-ScanDependencies -o /Users/hectorgarcia/Library/Developer/Xcode/DerivedData/Build/Intermediates.noindex/GoogleUtilities.build/Debug-iphonesimulator/third-party-IsAppEncrypted.build/Objects-normal/x86_64/IsAppEncrypted.o.scan -- /Users/hectorgarcia/Downloads/Xcode.app/Contents/Developer/Toolchains/XcodeDefault.xctoolchain/usr/bin/clang -x objective-c -ivfsstatcache /Users/hectorgarcia/Library/Developer/Xcode/DerivedData/SDKStatCaches.noindex/iphonesimulator26.2-23C53-823d3e8b6e60bc2018c189d3ca05ba9b.sdkstatcache -fmessage-length\=0 -fdiagnostics-show-note-include-stack -fmacro-backtrace-limit\=0 -fno-color-diagnostics -fmodules-prune-interval\=86400 -fmodules-prune-after\=345600 -fbuild-session-file\=/Users/hectorgarcia/Library/Developer/Xcode/DerivedData/ModuleCache.noindex/Session.modulevalidation -fmodules-validate-once-per-build-session -Wnon-modular-include-in-framework-module -Werror\=non-modular-include-in-framework-module -Wno-trigraphs -Wno-missing-field-initializers -Wno-missing-prototypes -Wno-return-type -Wno-implicit-atomic-properties -Wno-objc-interface-ivars -Wno-arc-repeated-use-of-weak -Wno-missing-braces -Wparentheses -Wswitch -Wno-unused-function -Wno-unused-label -Wno-unused-parameter -Wno-unused-variable -Wunused-value -Wno-empty-body -Wno-uninitialized -Wno-unknown-pragmas -w -Wno-shadow -Wno-four-char-constants -Wno-conversion -Wno-constant-conversion -Wno-int-conversion -Wno-bool-conversion -Wno-enum-conversion -Wno-float-conversion -Wno-non-literal-null-conversion -Wno-objc-literal-conversion -Wshorten-64-to-32 -Wpointer-sign -Wno-newline-eof -Wno-selector -Wno-strict-selector-match -Wno-undeclared-selector -Wno-deprecated-implementations -Wno-implicit-fallthrough -fstrict-aliasing -Wprotocol -Wdeprecated-declarations -Wno-sign-conversion -Wno-infinite-recursion -Wno-comma -Wno-block-capture-autoreleasing -Wno-strict-prototypes -Wno-semicolon-before-method-body -index-store-path /Users/hectorgarcia/Library/Developer/Xcode/DerivedData/Lyo-eagkiegzrakogpczynhkaholsscs/Index.noindex/DataStore @/Users/hectorgarcia/Library/Developer/Xcode/DerivedData/Build/Intermediates.noindex/GoogleUtilities.build/Debug-iphonesimulator/third-party-IsAppEncrypted.build/Objects-normal/x86_64/e6072d4f65d7061329687fe24e3d63a7-common-args.resp -MMD -MT dependencies -MF /Users/hectorgarcia/Library/Developer/Xcode/DerivedData/Build/Intermediates.noindex/GoogleUtilities.build/Debug-iphonesimulator/third-party-IsAppEncrypted.build/Objects-normal/x86_64/IsAppEncrypted.d --serialize-diagnostics /Users/hectorgarcia/Library/Developer/Xcode/DerivedData/Build/Intermediates.noindex/GoogleUtilities.build/Debug-iphonesimulator/third-party-IsAppEncrypted.build/Objects-normal/x86_64/IsAppEncrypted.dia -c /Users/hectorgarcia/Library/Developer/Xcode/DerivedData/Lyo-eagkiegzrakogpczynhkaholsscs/SourcePackages/checkouts/GoogleUtilities/third_party/IsAppEncrypted/IsAppEncrypted.m -o /Users/hectorgarcia/Library/Developer/Xcode/DerivedData/Build/Intermediates.noindex/GoogleUtilities.build/Debug-iphonesimulator/third-party-IsAppEncrypted.build/Objects-normal/x86_64/IsAppEncrypted.o -index-unit-output-path /GoogleUtilities.build/Debug-iphonesimulator/third-party-IsAppEncrypted.build/Objects-normal/x86_64/IsAppEncrypted.o

ProcessInfoPlistFile /Users/hectorgarcia/Library/Developer/Xcode/DerivedData/Build/Products/Debug-iphonesimulator/nanopb_nanopb.bundle/Info.plist /Users/hectorgarcia/Library/Developer/Xcode/DerivedData/Build/Intermediates.noindex/nanopb.build/Debug-iphonesimulator/nanopb_nanopb.build/empty-nanopb_nanopb.plist (in target 'nanopb_nanopb' from project 'nanopb')
    cd /Users/hectorgarcia/Library/Developer/Xcode/DerivedData/Lyo-eagkiegzrakogpczynhkaholsscs/SourcePackages/checkouts/nanopb
    builtin-infoPlistUtility /Users/hectorgarcia/Library/Developer/Xcode/DerivedData/Build/Intermediates.noindex/nanopb.build/Debug-iphonesimulator/nanopb_nanopb.build/empty-nanopb_nanopb.plist -producttype com.apple.product-type.bundle -expandbuildsettings -format binary -platform iphonesimulator -o /Users/hectorgarcia/Library/Developer/Xcode/DerivedData/Build/Products/Debug-iphonesimulator/nanopb_nanopb.bundle/Info.plist

CpResource /Users/hectorgarcia/Library/Developer/Xcode/DerivedData/Build/Products/Debug-iphonesimulator/nanopb_nanopb.bundle/PrivacyInfo.xcprivacy /Users/hectorgarcia/Library/Developer/Xcode/DerivedData/Lyo-eagkiegzrakogpczynhkaholsscs/SourcePackages/checkouts/nanopb/spm_resources/PrivacyInfo.xcprivacy (in target 'nanopb_nanopb' from project 'nanopb')
    cd /Users/hectorgarcia/Library/Developer/Xcode/DerivedData/Lyo-eagkiegzrakogpczynhkaholsscs/SourcePackages/checkouts/nanopb
    builtin-copy -exclude .DS_Store -exclude CVS -exclude .svn -exclude .git -exclude .hg -resolve-src-symlinks /Users/hectorgarcia/Library/Developer/Xcode/DerivedData/Lyo-eagkiegzrakogpczynhkaholsscs/SourcePackages/checkouts/nanopb/spm_resources/PrivacyInfo.xcprivacy /Users/hectorgarcia/Library/Developer/Xcode/DerivedData/Build/Products/Debug-iphonesimulator/nanopb_nanopb.bundle

ScanDependencies /Users/hectorgarcia/Library/Developer/Xcode/DerivedData/Build/Intermediates.noindex/nanopb.build/Debug-iphonesimulator/nanopb.build/Objects-normal/x86_64/resource_bundle_accessor.o /Users/hectorgarcia/Library/Developer/Xcode/DerivedData/Build/Intermediates.noindex/nanopb.build/Debug-iphonesimulator/nanopb.build/DerivedSources/resource_bundle_accessor.m normal x86_64 objective-c com.apple.compilers.llvm.clang.1_0.compiler (in target 'nanopb' from project 'nanopb')
    cd /Users/hectorgarcia/LYO_Da_ONE/Lyo.xcodeproj
    
    Using response file: /Users/hectorgarcia/Library/Developer/Xcode/DerivedData/Build/Intermediates.noindex/nanopb.build/Debug-iphonesimulator/nanopb.build/Objects-normal/x86_64/e6072d4f65d7061329687fe24e3d63a7-common-args.resp
    
    builtin-ScanDependencies -o /Users/hectorgarcia/Library/Developer/Xcode/DerivedData/Build/Intermediates.noindex/nanopb.build/Debug-iphonesimulator/nanopb.build/Objects-normal/x86_64/resource_bundle_accessor.o.scan -- /Users/hectorgarcia/Downloads/Xcode.app/Contents/Developer/Toolchains/XcodeDefault.xctoolchain/usr/bin/clang -x objective-c -ivfsstatcache /Users/hectorgarcia/Library/Developer/Xcode/DerivedData/SDKStatCaches.noindex/iphonesimulator26.2-23C53-823d3e8b6e60bc2018c189d3ca05ba9b.sdkstatcache -fmessage-length\=0 -fdiagnostics-show-note-include-stack -fmacro-backtrace-limit\=0 -fno-color-diagnostics -fmodules-prune-interval\=86400 -fmodules-prune-after\=345600 -fbuild-session-file\=/Users/hectorgarcia/Library/Developer/Xcode/DerivedData/ModuleCache.noindex/Session.modulevalidation -fmodules-validate-once-per-build-session -Wnon-modular-include-in-framework-module -Werror\=non-modular-include-in-framework-module -Wno-trigraphs -Wno-missing-field-initializers -Wno-missing-prototypes -Wno-return-type -Wno-implicit-atomic-properties -Wno-objc-interface-ivars -Wno-arc-repeated-use-of-weak -Wno-missing-braces -Wparentheses -Wswitch -Wno-unused-function -Wno-unused-label -Wno-unused-parameter -Wno-unused-variable -Wunused-value -Wno-empty-body -Wno-uninitialized -Wno-unknown-pragmas -w -Wno-shadow -Wno-four-char-constants -Wno-conversion -Wno-constant-conversion -Wno-int-conversion -Wno-bool-conversion -Wno-enum-conversion -Wno-float-conversion -Wno-non-literal-null-conversion -Wno-objc-literal-conversion -Wshorten-64-to-32 -Wpointer-sign -Wno-newline-eof -Wno-selector -Wno-strict-selector-match -Wno-undeclared-selector -Wno-deprecated-implementations -Wno-implicit-fallthrough -fstrict-aliasing -Wprotocol -Wdeprecated-declarations -Wno-sign-conversion -Wno-infinite-recursion -Wno-comma -Wno-block-capture-autoreleasing -Wno-strict-prototypes -Wno-semicolon-before-method-body -index-store-path /Users/hectorgarcia/Library/Developer/Xcode/DerivedData/Lyo-eagkiegzrakogpczynhkaholsscs/Index.noindex/DataStore @/Users/hectorgarcia/Library/Developer/Xcode/DerivedData/Build/Intermediates.noindex/nanopb.build/Debug-iphonesimulator/nanopb.build/Objects-normal/x86_64/e6072d4f65d7061329687fe24e3d63a7-common-args.resp -include /Users/hectorgarcia/Library/Developer/Xcode/DerivedData/Build/Intermediates.noindex/nanopb.build/Debug-iphonesimulator/nanopb.build/DerivedSources/resource_bundle_accessor.h -MMD -MT dependencies -MF /Users/hectorgarcia/Library/Developer/Xcode/DerivedData/Build/Intermediates.noindex/nanopb.build/Debug-iphonesimulator/nanopb.build/Objects-normal/x86_64/resource_bundle_accessor.d --serialize-diagnostics /Users/hectorgarcia/Library/Developer/Xcode/DerivedData/Build/Intermediates.noindex/nanopb.build/Debug-iphonesimulator/nanopb.build/Objects-normal/x86_64/resource_bundle_accessor.dia -c /Users/hectorgarcia/Library/Developer/Xcode/DerivedData/Build/Intermediates.noindex/nanopb.build/Debug-iphonesimulator/nanopb.build/DerivedSources/resource_bundle_accessor.m -o /Users/hectorgarcia/Library/Developer/Xcode/DerivedData/Build/Intermediates.noindex/nanopb.build/Debug-iphonesimulator/nanopb.build/Objects-normal/x86_64/resource_bundle_accessor.o -index-unit-output-path /nanopb.build/Debug-iphonesimulator/nanopb.build/Objects-normal/x86_64/resource_bundle_accessor.o

ScanDependencies /Users/hectorgarcia/Library/Developer/Xcode/DerivedData/Build/Intermediates.noindex/nanopb.build/Debug-iphonesimulator/nanopb.build/Objects-normal/x86_64/pb_encode.o /Users/hectorgarcia/Library/Developer/Xcode/DerivedData/Lyo-eagkiegzrakogpczynhkaholsscs/SourcePackages/checkouts/nanopb/pb_encode.c normal x86_64 c com.apple.compilers.llvm.clang.1_0.compiler (in target 'nanopb' from project 'nanopb')
    cd /Users/hectorgarcia/LYO_Da_ONE/Lyo.xcodeproj
    
    Using response file: /Users/hectorgarcia/Library/Developer/Xcode/DerivedData/Build/Intermediates.noindex/nanopb.build/Debug-iphonesimulator/nanopb.build/Objects-normal/x86_64/7187679823f38a2a940e0043cdf9d637-common-args.resp
    
    builtin-ScanDependencies -o /Users/hectorgarcia/Library/Developer/Xcode/DerivedData/Build/Intermediates.noindex/nanopb.build/Debug-iphonesimulator/nanopb.build/Objects-normal/x86_64/pb_encode.o.scan -- /Users/hectorgarcia/Downloads/Xcode.app/Contents/Developer/Toolchains/XcodeDefault.xctoolchain/usr/bin/clang -x c -ivfsstatcache /Users/hectorgarcia/Library/Developer/Xcode/DerivedData/SDKStatCaches.noindex/iphonesimulator26.2-23C53-823d3e8b6e60bc2018c189d3ca05ba9b.sdkstatcache -fmessage-length\=0 -fdiagnostics-show-note-include-stack -fmacro-backtrace-limit\=0 -fno-color-diagnostics -fmodules-prune-interval\=86400 -fmodules-prune-after\=345600 -fbuild-session-file\=/Users/hectorgarcia/Library/Developer/Xcode/DerivedData/ModuleCache.noindex/Session.modulevalidation -fmodules-validate-once-per-build-session -Wnon-modular-include-in-framework-module -Werror\=non-modular-include-in-framework-module -Wno-trigraphs -Wno-missing-field-initializers -Wno-missing-prototypes -Wno-return-type -Wno-missing-braces -Wparentheses -Wswitch -Wno-unused-function -Wno-unused-label -Wno-unused-parameter -Wno-unused-variable -Wunused-value -Wno-empty-body -Wno-uninitialized -Wno-unknown-pragmas -w -Wno-shadow -Wno-four-char-constants -Wno-conversion -Wno-constant-conversion -Wno-int-conversion -Wno-bool-conversion -Wno-enum-conversion -Wno-float-conversion -Wno-non-literal-null-conversion -Wno-objc-literal-conversion -Wshorten-64-to-32 -Wpointer-sign -Wno-newline-eof -Wno-implicit-fallthrough -fstrict-aliasing -Wdeprecated-declarations -Wno-sign-conversion -Wno-infinite-recursion -Wno-comma -Wno-block-capture-autoreleasing -Wno-strict-prototypes -Wno-semicolon-before-method-body -index-store-path /Users/hectorgarcia/Library/Developer/Xcode/DerivedData/Lyo-eagkiegzrakogpczynhkaholsscs/Index.noindex/DataStore @/Users/hectorgarcia/Library/Developer/Xcode/DerivedData/Build/Intermediates.noindex/nanopb.build/Debug-iphonesimulator/nanopb.build/Objects-normal/x86_64/7187679823f38a2a940e0043cdf9d637-common-args.resp -MMD -MT dependencies -MF /Users/hectorgarcia/Library/Developer/Xcode/DerivedData/Build/Intermediates.noindex/nanopb.build/Debug-iphonesimulator/nanopb.build/Objects-normal/x86_64/pb_encode.d --serialize-diagnostics /Users/hectorgarcia/Library/Developer/Xcode/DerivedData/Build/Intermediates.noindex/nanopb.build/Debug-iphonesimulator/nanopb.build/Objects-normal/x86_64/pb_encode.dia -c /Users/hectorgarcia/Library/Developer/Xcode/DerivedData/Lyo-eagkiegzrakogpczynhkaholsscs/SourcePackages/checkouts/nanopb/pb_encode.c -o /Users/hectorgarcia/Library/Developer/Xcode/DerivedData/Build/Intermediates.noindex/nanopb.build/Debug-iphonesimulator/nanopb.build/Objects-normal/x86_64/pb_encode.o -index-unit-output-path /nanopb.build/Debug-iphonesimulator/nanopb.build/Objects-normal/x86_64/pb_encode.o

ScanDependencies /Users/hectorgarcia/Library/Developer/Xcode/DerivedData/Build/Intermediates.noindex/nanopb.build/Debug-iphonesimulator/nanopb.build/Objects-normal/x86_64/pb_decode.o /Users/hectorgarcia/Library/Developer/Xcode/DerivedData/Lyo-eagkiegzrakogpczynhkaholsscs/SourcePackages/checkouts/nanopb/pb_decode.c normal x86_64 c com.apple.compilers.llvm.clang.1_0.compiler (in target 'nanopb' from project 'nanopb')
    cd /Users/hectorgarcia/LYO_Da_ONE/Lyo.xcodeproj
    
    Using response file: /Users/hectorgarcia/Library/Developer/Xcode/DerivedData/Build/Intermediates.noindex/nanopb.build/Debug-iphonesimulator/nanopb.build/Objects-normal/x86_64/7187679823f38a2a940e0043cdf9d637-common-args.resp
    
    builtin-ScanDependencies -o /Users/hectorgarcia/Library/Developer/Xcode/DerivedData/Build/Intermediates.noindex/nanopb.build/Debug-iphonesimulator/nanopb.build/Objects-normal/x86_64/pb_decode.o.scan -- /Users/hectorgarcia/Downloads/Xcode.app/Contents/Developer/Toolchains/XcodeDefault.xctoolchain/usr/bin/clang -x c -ivfsstatcache /Users/hectorgarcia/Library/Developer/Xcode/DerivedData/SDKStatCaches.noindex/iphonesimulator26.2-23C53-823d3e8b6e60bc2018c189d3ca05ba9b.sdkstatcache -fmessage-length\=0 -fdiagnostics-show-note-include-stack -fmacro-backtrace-limit\=0 -fno-color-diagnostics -fmodules-prune-interval\=86400 -fmodules-prune-after\=345600 -fbuild-session-file\=/Users/hectorgarcia/Library/Developer/Xcode/DerivedData/ModuleCache.noindex/Session.modulevalidation -fmodules-validate-once-per-build-session -Wnon-modular-include-in-framework-module -Werror\=non-modular-include-in-framework-module -Wno-trigraphs -Wno-missing-field-initializers -Wno-missing-prototypes -Wno-return-type -Wno-missing-braces -Wparentheses -Wswitch -Wno-unused-function -Wno-unused-label -Wno-unused-parameter -Wno-unused-variable -Wunused-value -Wno-empty-body -Wno-uninitialized -Wno-unknown-pragmas -w -Wno-shadow -Wno-four-char-constants -Wno-conversion -Wno-constant-conversion -Wno-int-conversion -Wno-bool-conversion -Wno-enum-conversion -Wno-float-conversion -Wno-non-literal-null-conversion -Wno-objc-literal-conversion -Wshorten-64-to-32 -Wpointer-sign -Wno-newline-eof -Wno-implicit-fallthrough -fstrict-aliasing -Wdeprecated-declarations -Wno-sign-conversion -Wno-infinite-recursion -Wno-comma -Wno-block-capture-autoreleasing -Wno-strict-prototypes -Wno-semicolon-before-method-body -index-store-path /Users/hectorgarcia/Library/Developer/Xcode/DerivedData/Lyo-eagkiegzrakogpczynhkaholsscs/Index.noindex/DataStore @/Users/hectorgarcia/Library/Developer/Xcode/DerivedData/Build/Intermediates.noindex/nanopb.build/Debug-iphonesimulator/nanopb.build/Objects-normal/x86_64/7187679823f38a2a940e0043cdf9d637-common-args.resp -MMD -MT dependencies -MF /Users/hectorgarcia/Library/Developer/Xcode/DerivedData/Build/Intermediates.noindex/nanopb.build/Debug-iphonesimulator/nanopb.build/Objects-normal/x86_64/pb_decode.d --serialize-diagnostics /Users/hectorgarcia/Library/Developer/Xcode/DerivedData/Build/Intermediates.noindex/nanopb.build/Debug-iphonesimulator/nanopb.build/Objects-normal/x86_64/pb_decode.dia -c /Users/hectorgarcia/Library/Developer/Xcode/DerivedData/Lyo-eagkiegzrakogpczynhkaholsscs/SourcePackages/checkouts/nanopb/pb_decode.c -o /Users/hectorgarcia/Library/Developer/Xcode/DerivedData/Build/Intermediates.noindex/nanopb.build/Debug-iphonesimulator/nanopb.build/Objects-normal/x86_64/pb_decode.o -index-unit-output-path /nanopb.build/Debug-iphonesimulator/nanopb.build/Objects-normal/x86_64/pb_decode.o

ScanDependencies /Users/hectorgarcia/Library/Developer/Xcode/DerivedData/Build/Intermediates.noindex/nanopb.build/Debug-iphonesimulator/nanopb.build/Objects-normal/x86_64/pb_common.o /Users/hectorgarcia/Library/Developer/Xcode/DerivedData/Lyo-eagkiegzrakogpczynhkaholsscs/SourcePackages/checkouts/nanopb/pb_common.c normal x86_64 c com.apple.compilers.llvm.clang.1_0.compiler (in target 'nanopb' from project 'nanopb')
    cd /Users/hectorgarcia/LYO_Da_ONE/Lyo.xcodeproj
    
    Using response file: /Users/hectorgarcia/Library/Developer/Xcode/DerivedData/Build/Intermediates.noindex/nanopb.build/Debug-iphonesimulator/nanopb.build/Objects-normal/x86_64/7187679823f38a2a940e0043cdf9d637-common-args.resp
    
    builtin-ScanDependencies -o /Users/hectorgarcia/Library/Developer/Xcode/DerivedData/Build/Intermediates.noindex/nanopb.build/Debug-iphonesimulator/nanopb.build/Objects-normal/x86_64/pb_common.o.scan -- /Users/hectorgarcia/Downloads/Xcode.app/Contents/Developer/Toolchains/XcodeDefault.xctoolchain/usr/bin/clang -x c -ivfsstatcache /Users/hectorgarcia/Library/Developer/Xcode/DerivedData/SDKStatCaches.noindex/iphonesimulator26.2-23C53-823d3e8b6e60bc2018c189d3ca05ba9b.sdkstatcache -fmessage-length\=0 -fdiagnostics-show-note-include-stack -fmacro-backtrace-limit\=0 -fno-color-diagnostics -fmodules-prune-interval\=86400 -fmodules-prune-after\=345600 -fbuild-session-file\=/Users/hectorgarcia/Library/Developer/Xcode/DerivedData/ModuleCache.noindex/Session.modulevalidation -fmodules-validate-once-per-build-session -Wnon-modular-include-in-framework-module -Werror\=non-modular-include-in-framework-module -Wno-trigraphs -Wno-missing-field-initializers -Wno-missing-prototypes -Wno-return-type -Wno-missing-braces -Wparentheses -Wswitch -Wno-unused-function -Wno-unused-label -Wno-unused-parameter -Wno-unused-variable -Wunused-value -Wno-empty-body -Wno-uninitialized -Wno-unknown-pragmas -w -Wno-shadow -Wno-four-char-constants -Wno-conversion -Wno-constant-conversion -Wno-int-conversion -Wno-bool-conversion -Wno-enum-conversion -Wno-float-conversion -Wno-non-literal-null-conversion -Wno-objc-literal-conversion -Wshorten-64-to-32 -Wpointer-sign -Wno-newline-eof -Wno-implicit-fallthrough -fstrict-aliasing -Wdeprecated-declarations -Wno-sign-conversion -Wno-infinite-recursion -Wno-comma -Wno-block-capture-autoreleasing -Wno-strict-prototypes -Wno-semicolon-before-method-body -index-store-path /Users/hectorgarcia/Library/Developer/Xcode/DerivedData/Lyo-eagkiegzrakogpczynhkaholsscs/Index.noindex/DataStore @/Users/hectorgarcia/Library/Developer/Xcode/DerivedData/Build/Intermediates.noindex/nanopb.build/Debug-iphonesimulator/nanopb.build/Objects-normal/x86_64/7187679823f38a2a940e0043cdf9d637-common-args.resp -MMD -MT dependencies -MF /Users/hectorgarcia/Library/Developer/Xcode/DerivedData/Build/Intermediates.noindex/nanopb.build/Debug-iphonesimulator/nanopb.build/Objects-normal/x86_64/pb_common.d --serialize-diagnostics /Users/hectorgarcia/Library/Developer/Xcode/DerivedData/Build/Intermediates.noindex/nanopb.build/Debug-iphonesimulator/nanopb.build/Objects-normal/x86_64/pb_common.dia -c /Users/hectorgarcia/Library/Developer/Xcode/DerivedData/Lyo-eagkiegzrakogpczynhkaholsscs/SourcePackages/checkouts/nanopb/pb_common.c -o /Users/hectorgarcia/Library/Developer/Xcode/DerivedData/Build/Intermediates.noindex/nanopb.build/Debug-iphonesimulator/nanopb.build/Objects-normal/x86_64/pb_common.o -index-unit-output-path /nanopb.build/Debug-iphonesimulator/nanopb.build/Objects-normal/x86_64/pb_common.o

ScanDependencies /Users/hectorgarcia/Library/Developer/Xcode/DerivedData/Build/Intermediates.noindex/InteropForGoogle.build/Debug-iphonesimulator/RecaptchaInterop.build/Objects-normal/x86_64/placeholder.o /Users/hectorgarcia/Library/Developer/Xcode/DerivedData/Lyo-eagkiegzrakogpczynhkaholsscs/SourcePackages/checkouts/interop-ios-for-google-sdks/RecaptchaEnterprise/RecaptchaInterop/placeholder.m normal x86_64 objective-c com.apple.compilers.llvm.clang.1_0.compiler (in target 'RecaptchaInterop' from project 'InteropForGoogle')
    cd /Users/hectorgarcia/LYO_Da_ONE/Lyo.xcodeproj
    
    Using response file: /Users/hectorgarcia/Library/Developer/Xcode/DerivedData/Build/Intermediates.noindex/InteropForGoogle.build/Debug-iphonesimulator/RecaptchaInterop.build/Objects-normal/x86_64/e6072d4f65d7061329687fe24e3d63a7-common-args.resp
    
    builtin-ScanDependencies -o /Users/hectorgarcia/Library/Developer/Xcode/DerivedData/Build/Intermediates.noindex/InteropForGoogle.build/Debug-iphonesimulator/RecaptchaInterop.build/Objects-normal/x86_64/placeholder.o.scan -- /Users/hectorgarcia/Downloads/Xcode.app/Contents/Developer/Toolchains/XcodeDefault.xctoolchain/usr/bin/clang -x objective-c -ivfsstatcache /Users/hectorgarcia/Library/Developer/Xcode/DerivedData/SDKStatCaches.noindex/iphonesimulator26.2-23C53-823d3e8b6e60bc2018c189d3ca05ba9b.sdkstatcache -fmessage-length\=0 -fdiagnostics-show-note-include-stack -fmacro-backtrace-limit\=0 -fno-color-diagnostics -fmodules-prune-interval\=86400 -fmodules-prune-after\=345600 -fbuild-session-file\=/Users/hectorgarcia/Library/Developer/Xcode/DerivedData/ModuleCache.noindex/Session.modulevalidation -fmodules-validate-once-per-build-session -Wnon-modular-include-in-framework-module -Werror\=non-modular-include-in-framework-module -Wno-trigraphs -Wno-missing-field-initializers -Wno-missing-prototypes -Wno-return-type -Wno-implicit-atomic-properties -Wno-objc-interface-ivars -Wno-arc-repeated-use-of-weak -Wno-missing-braces -Wparentheses -Wswitch -Wno-unused-function -Wno-unused-label -Wno-unused-parameter -Wno-unused-variable -Wunused-value -Wno-empty-body -Wno-uninitialized -Wno-unknown-pragmas -w -Wno-shadow -Wno-four-char-constants -Wno-conversion -Wno-constant-conversion -Wno-int-conversion -Wno-bool-conversion -Wno-enum-conversion -Wno-float-conversion -Wno-non-literal-null-conversion -Wno-objc-literal-conversion -Wshorten-64-to-32 -Wpointer-sign -Wno-newline-eof -Wno-selector -Wno-strict-selector-match -Wno-undeclared-selector -Wno-deprecated-implementations -Wno-implicit-fallthrough -fstrict-aliasing -Wprotocol -Wdeprecated-declarations -Wno-sign-conversion -Wno-infinite-recursion -Wno-comma -Wno-block-capture-autoreleasing -Wno-strict-prototypes -Wno-semicolon-before-method-body -index-store-path /Users/hectorgarcia/Library/Developer/Xcode/DerivedData/Lyo-eagkiegzrakogpczynhkaholsscs/Index.noindex/DataStore @/Users/hectorgarcia/Library/Developer/Xcode/DerivedData/Build/Intermediates.noindex/InteropForGoogle.build/Debug-iphonesimulator/RecaptchaInterop.build/Objects-normal/x86_64/e6072d4f65d7061329687fe24e3d63a7-common-args.resp -MMD -MT dependencies -MF /Users/hectorgarcia/Library/Developer/Xcode/DerivedData/Build/Intermediates.noindex/InteropForGoogle.build/Debug-iphonesimulator/RecaptchaInterop.build/Objects-normal/x86_64/placeholder.d --serialize-diagnostics /Users/hectorgarcia/Library/Developer/Xcode/DerivedData/Build/Intermediates.noindex/InteropForGoogle.build/Debug-iphonesimulator/RecaptchaInterop.build/Objects-normal/x86_64/placeholder.dia -c /Users/hectorgarcia/Library/Developer/Xcode/DerivedData/Lyo-eagkiegzrakogpczynhkaholsscs/SourcePackages/checkouts/interop-ios-for-google-sdks/RecaptchaEnterprise/RecaptchaInterop/placeholder.m -o /Users/hectorgarcia/Library/Developer/Xcode/DerivedData/Build/Intermediates.noindex/InteropForGoogle.build/Debug-iphonesimulator/RecaptchaInterop.build/Objects-normal/x86_64/placeholder.o -index-unit-output-path /InteropForGoogle.build/Debug-iphonesimulator/RecaptchaInterop.build/Objects-normal/x86_64/placeholder.o

ProcessInfoPlistFile /Users/hectorgarcia/Library/Developer/Xcode/DerivedData/Build/Products/Debug-iphonesimulator/Promises_Promises.bundle/Info.plist /Users/hectorgarcia/Library/Developer/Xcode/DerivedData/Build/Intermediates.noindex/Promises.build/Debug-iphonesimulator/Promises_Promises.build/empty-Promises_Promises.plist (in target 'Promises_Promises' from project 'Promises')
    cd /Users/hectorgarcia/Library/Developer/Xcode/DerivedData/Lyo-eagkiegzrakogpczynhkaholsscs/SourcePackages/checkouts/promises
    builtin-infoPlistUtility /Users/hectorgarcia/Library/Developer/Xcode/DerivedData/Build/Intermediates.noindex/Promises.build/Debug-iphonesimulator/Promises_Promises.build/empty-Promises_Promises.plist -producttype com.apple.product-type.bundle -expandbuildsettings -format binary -platform iphonesimulator -o /Users/hectorgarcia/Library/Developer/Xcode/DerivedData/Build/Products/Debug-iphonesimulator/Promises_Promises.bundle/Info.plist

CpResource /Users/hectorgarcia/Library/Developer/Xcode/DerivedData/Build/Products/Debug-iphonesimulator/Promises_Promises.bundle/PrivacyInfo.xcprivacy /Users/hectorgarcia/Library/Developer/Xcode/DerivedData/Lyo-eagkiegzrakogpczynhkaholsscs/SourcePackages/checkouts/promises/Sources/Promises/Resources/PrivacyInfo.xcprivacy (in target 'Promises_Promises' from project 'Promises')
    cd /Users/hectorgarcia/Library/Developer/Xcode/DerivedData/Lyo-eagkiegzrakogpczynhkaholsscs/SourcePackages/checkouts/promises
    builtin-copy -exclude .DS_Store -exclude CVS -exclude .svn -exclude .git -exclude .hg -resolve-src-symlinks /Users/hectorgarcia/Library/Developer/Xcode/DerivedData/Lyo-eagkiegzrakogpczynhkaholsscs/SourcePackages/checkouts/promises/Sources/Promises/Resources/PrivacyInfo.xcprivacy /Users/hectorgarcia/Library/Developer/Xcode/DerivedData/Build/Products/Debug-iphonesimulator/Promises_Promises.bundle

CodeSign /Users/hectorgarcia/Library/Developer/Xcode/DerivedData/Build/Products/Debug-iphonesimulator/nanopb_nanopb.bundle (in target 'nanopb_nanopb' from project 'nanopb')
    cd /Users/hectorgarcia/Library/Developer/Xcode/DerivedData/Lyo-eagkiegzrakogpczynhkaholsscs/SourcePackages/checkouts/nanopb
    
    Signing Identity:     "Sign to Run Locally"
    
    /usr/bin/codesign --force --sign - --timestamp\=none --generate-entitlement-der /Users/hectorgarcia/Library/Developer/Xcode/DerivedData/Build/Products/Debug-iphonesimulator/nanopb_nanopb.bundle

ProcessInfoPlistFile /Users/hectorgarcia/Library/Developer/Xcode/DerivedData/Build/Products/Debug-iphonesimulator/Promises_FBLPromises.bundle/Info.plist /Users/hectorgarcia/Library/Developer/Xcode/DerivedData/Build/Intermediates.noindex/Promises.build/Debug-iphonesimulator/Promises_FBLPromises.build/empty-Promises_FBLPromises.plist (in target 'Promises_FBLPromises' from project 'Promises')
    cd /Users/hectorgarcia/Library/Developer/Xcode/DerivedData/Lyo-eagkiegzrakogpczynhkaholsscs/SourcePackages/checkouts/promises
    builtin-infoPlistUtility /Users/hectorgarcia/Library/Developer/Xcode/DerivedData/Build/Intermediates.noindex/Promises.build/Debug-iphonesimulator/Promises_FBLPromises.build/empty-Promises_FBLPromises.plist -producttype com.apple.product-type.bundle -expandbuildsettings -format binary -platform iphonesimulator -o /Users/hectorgarcia/Library/Developer/Xcode/DerivedData/Build/Products/Debug-iphonesimulator/Promises_FBLPromises.bundle/Info.plist

CpResource /Users/hectorgarcia/Library/Developer/Xcode/DerivedData/Build/Products/Debug-iphonesimulator/Promises_FBLPromises.bundle/PrivacyInfo.xcprivacy /Users/hectorgarcia/Library/Developer/Xcode/DerivedData/Lyo-eagkiegzrakogpczynhkaholsscs/SourcePackages/checkouts/promises/Sources/FBLPromises/Resources/PrivacyInfo.xcprivacy (in target 'Promises_FBLPromises' from project 'Promises')
    cd /Users/hectorgarcia/Library/Developer/Xcode/DerivedData/Lyo-eagkiegzrakogpczynhkaholsscs/SourcePackages/checkouts/promises
    builtin-copy -exclude .DS_Store -exclude CVS -exclude .svn -exclude .git -exclude .hg -resolve-src-symlinks /Users/hectorgarcia/Library/Developer/Xcode/DerivedData/Lyo-eagkiegzrakogpczynhkaholsscs/SourcePackages/checkouts/promises/Sources/FBLPromises/Resources/PrivacyInfo.xcprivacy /Users/hectorgarcia/Library/Developer/Xcode/DerivedData/Build/Products/Debug-iphonesimulator/Promises_FBLPromises.bundle

CodeSign /Users/hectorgarcia/Library/Developer/Xcode/DerivedData/Build/Products/Debug-iphonesimulator/Promises_Promises.bundle (in target 'Promises_Promises' from project 'Promises')
    cd /Users/hectorgarcia/Library/Developer/Xcode/DerivedData/Lyo-eagkiegzrakogpczynhkaholsscs/SourcePackages/checkouts/promises
    
    Signing Identity:     "Sign to Run Locally"
    
    /usr/bin/codesign --force --sign - --timestamp\=none --generate-entitlement-der /Users/hectorgarcia/Library/Developer/Xcode/DerivedData/Build/Products/Debug-iphonesimulator/Promises_Promises.bundle

RegisterExecutionPolicyException /Users/hectorgarcia/Library/Developer/Xcode/DerivedData/Build/Products/Debug-iphonesimulator/nanopb_nanopb.bundle (in target 'nanopb_nanopb' from project 'nanopb')
    cd /Users/hectorgarcia/Library/Developer/Xcode/DerivedData/Lyo-eagkiegzrakogpczynhkaholsscs/SourcePackages/checkouts/nanopb
    builtin-RegisterExecutionPolicyException /Users/hectorgarcia/Library/Developer/Xcode/DerivedData/Build/Products/Debug-iphonesimulator/nanopb_nanopb.bundle

CompileC /Users/hectorgarcia/Library/Developer/Xcode/DerivedData/Build/Intermediates.noindex/InteropForGoogle.build/Debug-iphonesimulator/RecaptchaInterop.build/Objects-normal/x86_64/placeholder.o /Users/hectorgarcia/Library/Developer/Xcode/DerivedData/Lyo-eagkiegzrakogpczynhkaholsscs/SourcePackages/checkouts/interop-ios-for-google-sdks/RecaptchaEnterprise/RecaptchaInterop/placeholder.m normal x86_64 objective-c com.apple.compilers.llvm.clang.1_0.compiler (in target 'RecaptchaInterop' from project 'InteropForGoogle')
    cd /Users/hectorgarcia/LYO_Da_ONE/Lyo.xcodeproj
    
    Using response file: /Users/hectorgarcia/Library/Developer/Xcode/DerivedData/Build/Intermediates.noindex/InteropForGoogle.build/Debug-iphonesimulator/RecaptchaInterop.build/Objects-normal/x86_64/e6072d4f65d7061329687fe24e3d63a7-common-args.resp
    
    /Users/hectorgarcia/Downloads/Xcode.app/Contents/Developer/Toolchains/XcodeDefault.xctoolchain/usr/bin/clang -x objective-c -ivfsstatcache /Users/hectorgarcia/Library/Developer/Xcode/DerivedData/SDKStatCaches.noindex/iphonesimulator26.2-23C53-823d3e8b6e60bc2018c189d3ca05ba9b.sdkstatcache -fmessage-length\=0 -fdiagnostics-show-note-include-stack -fmacro-backtrace-limit\=0 -fno-color-diagnostics -fmodules-prune-interval\=86400 -fmodules-prune-after\=345600 -fbuild-session-file\=/Users/hectorgarcia/Library/Developer/Xcode/DerivedData/ModuleCache.noindex/Session.modulevalidation -fmodules-validate-once-per-build-session -Wnon-modular-include-in-framework-module -Werror\=non-modular-include-in-framework-module -Wno-trigraphs -Wno-missing-field-initializers -Wno-missing-prototypes -Wno-return-type -Wno-implicit-atomic-properties -Wno-objc-interface-ivars -Wno-arc-repeated-use-of-weak -Wno-missing-braces -Wparentheses -Wswitch -Wno-unused-function -Wno-unused-label -Wno-unused-parameter -Wno-unused-variable -Wunused-value -Wno-empty-body -Wno-uninitialized -Wno-unknown-pragmas -w -Wno-shadow -Wno-four-char-constants -Wno-conversion -Wno-constant-conversion -Wno-int-conversion -Wno-bool-conversion -Wno-enum-conversion -Wno-float-conversion -Wno-non-literal-null-conversion -Wno-objc-literal-conversion -Wshorten-64-to-32 -Wpointer-sign -Wno-newline-eof -Wno-selector -Wno-strict-selector-match -Wno-undeclared-selector -Wno-deprecated-implementations -Wno-implicit-fallthrough -fstrict-aliasing -Wprotocol -Wdeprecated-declarations -Wno-sign-conversion -Wno-infinite-recursion -Wno-comma -Wno-block-capture-autoreleasing -Wno-strict-prototypes -Wno-semicolon-before-method-body -index-store-path /Users/hectorgarcia/Library/Developer/Xcode/DerivedData/Lyo-eagkiegzrakogpczynhkaholsscs/Index.noindex/DataStore @/Users/hectorgarcia/Library/Developer/Xcode/DerivedData/Build/Intermediates.noindex/InteropForGoogle.build/Debug-iphonesimulator/RecaptchaInterop.build/Objects-normal/x86_64/e6072d4f65d7061329687fe24e3d63a7-common-args.resp -MMD -MT dependencies -MF /Users/hectorgarcia/Library/Developer/Xcode/DerivedData/Build/Intermediates.noindex/InteropForGoogle.build/Debug-iphonesimulator/RecaptchaInterop.build/Objects-normal/x86_64/placeholder.d --serialize-diagnostics /Users/hectorgarcia/Library/Developer/Xcode/DerivedData/Build/Intermediates.noindex/InteropForGoogle.build/Debug-iphonesimulator/RecaptchaInterop.build/Objects-normal/x86_64/placeholder.dia -c /Users/hectorgarcia/Library/Developer/Xcode/DerivedData/Lyo-eagkiegzrakogpczynhkaholsscs/SourcePackages/checkouts/interop-ios-for-google-sdks/RecaptchaEnterprise/RecaptchaInterop/placeholder.m -o /Users/hectorgarcia/Library/Developer/Xcode/DerivedData/Build/Intermediates.noindex/InteropForGoogle.build/Debug-iphonesimulator/RecaptchaInterop.build/Objects-normal/x86_64/placeholder.o -index-unit-output-path /InteropForGoogle.build/Debug-iphonesimulator/RecaptchaInterop.build/Objects-normal/x86_64/placeholder.o

RegisterExecutionPolicyException /Users/hectorgarcia/Library/Developer/Xcode/DerivedData/Build/Products/Debug-iphonesimulator/Promises_Promises.bundle (in target 'Promises_Promises' from project 'Promises')
    cd /Users/hectorgarcia/Library/Developer/Xcode/DerivedData/Lyo-eagkiegzrakogpczynhkaholsscs/SourcePackages/checkouts/promises
    builtin-RegisterExecutionPolicyException /Users/hectorgarcia/Library/Developer/Xcode/DerivedData/Build/Products/Debug-iphonesimulator/Promises_Promises.bundle

SwiftDriver Promises normal x86_64 com.apple.xcode.tools.swift.compiler (in target 'Promises' from project 'Promises')
    cd /Users/hectorgarcia/LYO_Da_ONE/Lyo.xcodeproj
    builtin-SwiftDriver -- /Users/hectorgarcia/Downloads/Xcode.app/Contents/Developer/Toolchains/XcodeDefault.xctoolchain/usr/bin/swiftc -module-name Promises -Onone -enforce-exclusivity\=checked @/Users/hectorgarcia/Library/Developer/Xcode/DerivedData/Build/Intermediates.noindex/Promises.build/Debug-iphonesimulator/Promises.build/Objects-normal/x86_64/Promises.SwiftFileList -DSWIFT_PACKAGE -DDEBUG -DSWIFT_MODULE_RESOURCE_BUNDLE_AVAILABLE -DXcode -plugin-path /Users/hectorgarcia/Downloads/Xcode.app/Contents/Developer/Toolchains/XcodeDefault.xctoolchain/usr/lib/swift/host/plugins/testing -enable-experimental-feature DebugDescriptionMacro -sdk /Users/hectorgarcia/Downloads/Xcode.app/Contents/Developer/Platforms/iPhoneSimulator.platform/Developer/SDKs/iPhoneSimulator26.2.sdk -target x86_64-apple-ios12.0-simulator -g -module-cache-path /Users/hectorgarcia/Library/Developer/Xcode/DerivedData/ModuleCache.noindex -Xfrontend -serialize-debugging-options -enable-testing -suppress-warnings -index-store-path /Users/hectorgarcia/Library/Developer/Xcode/DerivedData/Lyo-eagkiegzrakogpczynhkaholsscs/Index.noindex/DataStore -Xcc -D_LIBCPP_HARDENING_MODE\=_LIBCPP_HARDENING_MODE_DEBUG -swift-version 5 -I /Users/hectorgarcia/Library/Developer/Xcode/DerivedData/Build/Products/Debug-iphonesimulator -Isystem /Users/hectorgarcia/Downloads/Xcode.app/Contents/Developer/Platforms/iPhoneSimulator.platform/Developer/usr/lib -F /Users/hectorgarcia/Library/Developer/Xcode/DerivedData/Build/Products/Debug-iphonesimulator/PackageFrameworks -F /Users/hectorgarcia/Library/Developer/Xcode/DerivedData/Build/Products/Debug-iphonesimulator -F /Users/hectorgarcia/Downloads/Xcode.app/Contents/Developer/Platforms/iPhoneSimulator.platform/Developer/Library/Frameworks -F /Users/hectorgarcia/Downloads/Xcode.app/Contents/Developer/Platforms/iPhoneSimulator.platform/Developer/SDKs/iPhoneSimulator26.2.sdk/Developer/Library/Frameworks -c -j8 -enable-batch-mode -incremental -Xcc -ivfsstatcache -Xcc /Users/hectorgarcia/Library/Developer/Xcode/DerivedData/SDKStatCaches.noindex/iphonesimulator26.2-23C53-823d3e8b6e60bc2018c189d3ca05ba9b.sdkstatcache -output-file-map /Users/hectorgarcia/Library/Developer/Xcode/DerivedData/Build/Intermediates.noindex/Promises.build/Debug-iphonesimulator/Promises.build/Objects-normal/x86_64/Promises-OutputFileMap.json -use-frontend-parseable-output -save-temps -no-color-diagnostics -explicit-module-build -module-cache-path /Users/hectorgarcia/Library/Developer/Xcode/DerivedData/Build/Intermediates.noindex/SwiftExplicitPrecompiledModules -clang-scanner-module-cache-path /Users/hectorgarcia/Library/Developer/Xcode/DerivedData/ModuleCache.noindex -sdk-module-cache-path /Users/hectorgarcia/Library/Developer/Xcode/DerivedData/ModuleCache.noindex -serialize-diagnostics -emit-dependencies -emit-module -emit-module-path /Users/hectorgarcia/Library/Developer/Xcode/DerivedData/Build/Intermediates.noindex/Promises.build/Debug-iphonesimulator/Promises.build/Objects-normal/x86_64/Promises.swiftmodule -validate-clang-modules-once -clang-build-session-file /Users/hectorgarcia/Library/Developer/Xcode/DerivedData/ModuleCache.noindex/Session.modulevalidation -Xcc -I/Users/hectorgarcia/Library/Developer/Xcode/DerivedData/Build/Intermediates.noindex/Promises.build/Debug-iphonesimulator/Promises.build/swift-overrides.hmap -emit-const-values -Xfrontend -const-gather-protocols-file -Xfrontend /Users/hectorgarcia/Library/Developer/Xcode/DerivedData/Build/Intermediates.noindex/Promises.build/Debug-iphonesimulator/Promises.build/Objects-normal/x86_64/Promises_const_extract_protocols.json -Xcc -I/Users/hectorgarcia/Library/Developer/Xcode/DerivedData/Lyo-eagkiegzrakogpczynhkaholsscs/SourcePackages/checkouts/promises/Sources/FBLPromises/include -Xcc -I/Users/hectorgarcia/Library/Developer/Xcode/DerivedData/Build/Products/Debug-iphonesimulator/include -Xcc -I/Users/hectorgarcia/Library/Developer/Xcode/DerivedData/Build/Intermediates.noindex/Promises.build/Debug-iphonesimulator/Promises.build/DerivedSources-normal/x86_64 -Xcc -I/Users/hectorgarcia/Library/Developer/Xcode/DerivedData/Build/Intermediates.noindex/Promises.build/Debug-iphonesimulator/Promises.build/DerivedSources/x86_64 -Xcc -I/Users/hectorgarcia/Library/Developer/Xcode/DerivedData/Build/Intermediates.noindex/Promises.build/Debug-iphonesimulator/Promises.build/DerivedSources -Xcc -DSWIFT_PACKAGE -Xcc -DDEBUG\=1 -emit-objc-header -emit-objc-header-path /Users/hectorgarcia/Library/Developer/Xcode/DerivedData/Build/Intermediates.noindex/Promises.build/Debug-iphonesimulator/Promises.build/Objects-normal/x86_64/Promises-Swift.h -working-directory /Users/hectorgarcia/LYO_Da_ONE/Lyo.xcodeproj -experimental-emit-module-separately -disable-cmo

PrecompileModule /Users/hectorgarcia/Library/Developer/Xcode/DerivedData/Build/Intermediates.noindex/ExplicitPrecompiledModules/_AvailabilityInternal-7O0RZTV1OW6SUY2DMPXLRNS0Y.scan
    cd /
    builtin-precompileModule /Users/hectorgarcia/Library/Developer/Xcode/DerivedData/Build/Intermediates.noindex/ExplicitPrecompiledModules/_AvailabilityInternal-7O0RZTV1OW6SUY2DMPXLRNS0Y.scan

PrecompileModule /Users/hectorgarcia/Library/Developer/Xcode/DerivedData/Build/Intermediates.noindex/ExplicitPrecompiledModules/_Builtin_stdarg-7O2JNZLE65NO6CJYXM1SVTVRA.scan
    cd /
    builtin-precompileModule /Users/hectorgarcia/Library/Developer/Xcode/DerivedData/Build/Intermediates.noindex/ExplicitPrecompiledModules/_Builtin_stdarg-7O2JNZLE65NO6CJYXM1SVTVRA.scan

PrecompileModule /Users/hectorgarcia/Library/Developer/Xcode/DerivedData/Build/Intermediates.noindex/ExplicitPrecompiledModules/_Builtin_stddef-6T19I69LTWVQFVECLBXBNC6BU.scan
    cd /
    builtin-precompileModule /Users/hectorgarcia/Library/Developer/Xcode/DerivedData/Build/Intermediates.noindex/ExplicitPrecompiledModules/_Builtin_stddef-6T19I69LTWVQFVECLBXBNC6BU.scan

PrecompileModule /Users/hectorgarcia/Library/Developer/Xcode/DerivedData/Build/Intermediates.noindex/ExplicitPrecompiledModules/_Builtin_stdbool-6WB1TUQM7W2YP4I925HQLB91E.scan
    cd /
    builtin-precompileModule /Users/hectorgarcia/Library/Developer/Xcode/DerivedData/Build/Intermediates.noindex/ExplicitPrecompiledModules/_Builtin_stdbool-6WB1TUQM7W2YP4I925HQLB91E.scan

PrecompileModule /Users/hectorgarcia/Library/Developer/Xcode/DerivedData/Build/Intermediates.noindex/ExplicitPrecompiledModules/ptrcheck-EZJDQLLNBI71AM16X72R0E0C2.scan
    cd /
    builtin-precompileModule /Users/hectorgarcia/Library/Developer/Xcode/DerivedData/Build/Intermediates.noindex/ExplicitPrecompiledModules/ptrcheck-EZJDQLLNBI71AM16X72R0E0C2.scan

PrecompileModule /Users/hectorgarcia/Library/Developer/Xcode/DerivedData/Build/Intermediates.noindex/ExplicitPrecompiledModules/ptrcheck-1BAYGKWHSZPZR69JDAJGPI5S3.scan
    cd /
    builtin-precompileModule /Users/hectorgarcia/Library/Developer/Xcode/DerivedData/Build/Intermediates.noindex/ExplicitPrecompiledModules/ptrcheck-1BAYGKWHSZPZR69JDAJGPI5S3.scan

PrecompileModule /Users/hectorgarcia/Library/Developer/Xcode/DerivedData/Build/Intermediates.noindex/ExplicitPrecompiledModules/ptrauth-1496M8ZG9IYJX6VAXSG4A1WHT.scan
    cd /
    builtin-precompileModule /Users/hectorgarcia/Library/Developer/Xcode/DerivedData/Build/Intermediates.noindex/ExplicitPrecompiledModules/ptrauth-1496M8ZG9IYJX6VAXSG4A1WHT.scan

PrecompileModule /Users/hectorgarcia/Library/Developer/Xcode/DerivedData/Build/Intermediates.noindex/ExplicitPrecompiledModules/ptrcheck-EY91VE0W19AMDZ774J8Y4UEIT.scan
    cd /
    builtin-precompileModule /Users/hectorgarcia/Library/Developer/Xcode/DerivedData/Build/Intermediates.noindex/ExplicitPrecompiledModules/ptrcheck-EY91VE0W19AMDZ774J8Y4UEIT.scan

PrecompileModule /Users/hectorgarcia/Library/Developer/Xcode/DerivedData/Build/Intermediates.noindex/ExplicitPrecompiledModules/_Builtin_stdbool-F26MYQECKAP2PS6S68810MXCI.scan
    cd /
    builtin-precompileModule /Users/hectorgarcia/Library/Developer/Xcode/DerivedData/Build/Intermediates.noindex/ExplicitPrecompiledModules/_Builtin_stdbool-F26MYQECKAP2PS6S68810MXCI.scan

PrecompileModule /Users/hectorgarcia/Library/Developer/Xcode/DerivedData/Build/Intermediates.noindex/ExplicitPrecompiledModules/_AvailabilityInternal-6AKMX17VCD1I8C0D0KL2W78RB.scan
    cd /
    builtin-precompileModule /Users/hectorgarcia/Library/Developer/Xcode/DerivedData/Build/Intermediates.noindex/ExplicitPrecompiledModules/_AvailabilityInternal-6AKMX17VCD1I8C0D0KL2W78RB.scan

PrecompileModule /Users/hectorgarcia/Library/Developer/Xcode/DerivedData/Build/Intermediates.noindex/ExplicitPrecompiledModules/_Builtin_stdarg-DHDO6R337B6AZEB2H55QPC0YA.scan
    cd /
    builtin-precompileModule /Users/hectorgarcia/Library/Developer/Xcode/DerivedData/Build/Intermediates.noindex/ExplicitPrecompiledModules/_Builtin_stdarg-DHDO6R337B6AZEB2H55QPC0YA.scan

PrecompileModule /Users/hectorgarcia/Library/Developer/Xcode/DerivedData/Build/Intermediates.noindex/ExplicitPrecompiledModules/_AvailabilityInternal-AH83OLVTTS75S7AMBOLTKX2SL.scan
    cd /
    builtin-precompileModule /Users/hectorgarcia/Library/Developer/Xcode/DerivedData/Build/Intermediates.noindex/ExplicitPrecompiledModules/_AvailabilityInternal-AH83OLVTTS75S7AMBOLTKX2SL.scan

Ld /Users/hectorgarcia/Library/Developer/Xcode/DerivedData/Build/Products/Debug-iphonesimulator/RecaptchaInterop.o normal (in target 'RecaptchaInterop' from project 'InteropForGoogle')
    cd /Users/hectorgarcia/Library/Developer/Xcode/DerivedData/Lyo-eagkiegzrakogpczynhkaholsscs/SourcePackages/checkouts/interop-ios-for-google-sdks
    /Users/hectorgarcia/Downloads/Xcode.app/Contents/Developer/Toolchains/XcodeDefault.xctoolchain/usr/bin/clang -Xlinker -reproducible -target x86_64-apple-ios12.0-simulator -r -isysroot /Users/hectorgarcia/Downloads/Xcode.app/Contents/Developer/Platforms/iPhoneSimulator.platform/Developer/SDKs/iPhoneSimulator26.2.sdk -O0 -w -L/Users/hectorgarcia/Library/Developer/Xcode/DerivedData/Build/Intermediates.noindex/EagerLinkingTBDs/Debug-iphonesimulator -L/Users/hectorgarcia/Library/Developer/Xcode/DerivedData/Build/Products/Debug-iphonesimulator -L/Users/hectorgarcia/Downloads/Xcode.app/Contents/Developer/Platforms/iPhoneSimulator.platform/Developer/usr/lib -F/Users/hectorgarcia/Library/Developer/Xcode/DerivedData/Build/Intermediates.noindex/EagerLinkingTBDs/Debug-iphonesimulator -F/Users/hectorgarcia/Library/Developer/Xcode/DerivedData/Build/Products/Debug-iphonesimulator -iframework /Users/hectorgarcia/Downloads/Xcode.app/Contents/Developer/Platforms/iPhoneSimulator.platform/Developer/Library/Frameworks -iframework /Users/hectorgarcia/Downloads/Xcode.app/Contents/Developer/Platforms/iPhoneSimulator.platform/Developer/SDKs/iPhoneSimulator26.2.sdk/Developer/Library/Frameworks -filelist /Users/hectorgarcia/Library/Developer/Xcode/DerivedData/Build/Intermediates.noindex/InteropForGoogle.build/Debug-iphonesimulator/RecaptchaInterop.build/Objects-normal/x86_64/RecaptchaInterop.LinkFileList -nostdlib -Xlinker -object_path_lto -Xlinker /Users/hectorgarcia/Library/Developer/Xcode/DerivedData/Build/Intermediates.noindex/InteropForGoogle.build/Debug-iphonesimulator/RecaptchaInterop.build/Objects-normal/x86_64/RecaptchaInterop_lto.o -rdynamic -Xlinker -no_deduplicate -Xlinker -objc_abi_version -Xlinker 2 -Xlinker -dependency_info -Xlinker /Users/hectorgarcia/Library/Developer/Xcode/DerivedData/Build/Intermediates.noindex/InteropForGoogle.build/Debug-iphonesimulator/RecaptchaInterop.build/Objects-normal/x86_64/RecaptchaInterop_dependency_info.dat -fobjc-arc -fobjc-link-runtime -o /Users/hectorgarcia/Library/Developer/Xcode/DerivedData/Build/Products/Debug-iphonesimulator/RecaptchaInterop.o

PrecompileModule /Users/hectorgarcia/Library/Developer/Xcode/DerivedData/Build/Intermediates.noindex/ExplicitPrecompiledModules/_DarwinFoundation1-9NM5CZKT72L11U9FMWISUBVUK.scan
    cd /
    builtin-precompileModule /Users/hectorgarcia/Library/Developer/Xcode/DerivedData/Build/Intermediates.noindex/ExplicitPrecompiledModules/_DarwinFoundation1-9NM5CZKT72L11U9FMWISUBVUK.scan

PrecompileModule /Users/hectorgarcia/Library/Developer/Xcode/DerivedData/Build/Intermediates.noindex/ExplicitPrecompiledModules/_Builtin_stddef-5KQ3L596VKU4H3746Y299FZVN.scan
    cd /
    builtin-precompileModule /Users/hectorgarcia/Library/Developer/Xcode/DerivedData/Build/Intermediates.noindex/ExplicitPrecompiledModules/_Builtin_stddef-5KQ3L596VKU4H3746Y299FZVN.scan

PrecompileModule /Users/hectorgarcia/Library/Developer/Xcode/DerivedData/Build/Intermediates.noindex/ExplicitPrecompiledModules/_Builtin_float-6OKW3ZJEXDIFKON94VECC44WM.scan
    cd /
    builtin-precompileModule /Users/hectorgarcia/Library/Developer/Xcode/DerivedData/Build/Intermediates.noindex/ExplicitPrecompiledModules/_Builtin_float-6OKW3ZJEXDIFKON94VECC44WM.scan

PrecompileModule /Users/hectorgarcia/Library/Developer/Xcode/DerivedData/Build/Intermediates.noindex/ExplicitPrecompiledModules/_Builtin_stdbool-8TT3IPV0NEFFZU17OTOOSMDUK.scan
    cd /
    builtin-precompileModule /Users/hectorgarcia/Library/Developer/Xcode/DerivedData/Build/Intermediates.noindex/ExplicitPrecompiledModules/_Builtin_stdbool-8TT3IPV0NEFFZU17OTOOSMDUK.scan

PrecompileModule /Users/hectorgarcia/Library/Developer/Xcode/DerivedData/Build/Intermediates.noindex/ExplicitPrecompiledModules/_Builtin_stdarg-23AFTQ4E1Z3D766ZE2LLXM4UO.scan
    cd /
    builtin-precompileModule /Users/hectorgarcia/Library/Developer/Xcode/DerivedData/Build/Intermediates.noindex/ExplicitPrecompiledModules/_Builtin_stdarg-23AFTQ4E1Z3D766ZE2LLXM4UO.scan

PrecompileModule /Users/hectorgarcia/Library/Developer/Xcode/DerivedData/Build/Intermediates.noindex/ExplicitPrecompiledModules/_DarwinFoundation1-C4M3GTW4EG2E3OQ65BRQM8Q2X.scan
    cd /
    builtin-precompileModule /Users/hectorgarcia/Library/Developer/Xcode/DerivedData/Build/Intermediates.noindex/ExplicitPrecompiledModules/_DarwinFoundation1-C4M3GTW4EG2E3OQ65BRQM8Q2X.scan

PrecompileModule /Users/hectorgarcia/Library/Developer/Xcode/DerivedData/Build/Intermediates.noindex/ExplicitPrecompiledModules/_DarwinFoundation1-32785FXAGORFPOWRQ4GEGH0GZ.scan
    cd /
    builtin-precompileModule /Users/hectorgarcia/Library/Developer/Xcode/DerivedData/Build/Intermediates.noindex/ExplicitPrecompiledModules/_DarwinFoundation1-32785FXAGORFPOWRQ4GEGH0GZ.scan

PrecompileModule /Users/hectorgarcia/Library/Developer/Xcode/DerivedData/Build/Intermediates.noindex/ExplicitPrecompiledModules/_Builtin_stddef-6RPLRQRKF918S9MTX01AF40GF.scan
    cd /
    builtin-precompileModule /Users/hectorgarcia/Library/Developer/Xcode/DerivedData/Build/Intermediates.noindex/ExplicitPrecompiledModules/_Builtin_stddef-6RPLRQRKF918S9MTX01AF40GF.scan

Touch /Users/hectorgarcia/Library/Developer/Xcode/DerivedData/Build/Products/Debug-iphonesimulator/nanopb_nanopb.bundle (in target 'nanopb_nanopb' from project 'nanopb')
    cd /Users/hectorgarcia/Library/Developer/Xcode/DerivedData/Lyo-eagkiegzrakogpczynhkaholsscs/SourcePackages/checkouts/nanopb
    /usr/bin/touch -c /Users/hectorgarcia/Library/Developer/Xcode/DerivedData/Build/Products/Debug-iphonesimulator/nanopb_nanopb.bundle

Touch /Users/hectorgarcia/Library/Developer/Xcode/DerivedData/Build/Products/Debug-iphonesimulator/Promises_Promises.bundle (in target 'Promises_Promises' from project 'Promises')
    cd /Users/hectorgarcia/Library/Developer/Xcode/DerivedData/Lyo-eagkiegzrakogpczynhkaholsscs/SourcePackages/checkouts/promises
    /usr/bin/touch -c /Users/hectorgarcia/Library/Developer/Xcode/DerivedData/Build/Products/Debug-iphonesimulator/Promises_Promises.bundle

ProcessInfoPlistFile /Users/hectorgarcia/Library/Developer/Xcode/DerivedData/Build/Products/Debug-iphonesimulator/GoogleUtilities_GoogleUtilities-UserDefaults.bundle/Info.plist /Users/hectorgarcia/Library/Developer/Xcode/DerivedData/Build/Intermediates.noindex/GoogleUtilities.build/Debug-iphonesimulator/GoogleUtilities_GoogleUtilities-UserDefaults.build/empty-GoogleUtilities_GoogleUtilities-UserDefaults.plist (in target 'GoogleUtilities_GoogleUtilities-UserDefaults' from project 'GoogleUtilities')
    cd /Users/hectorgarcia/Library/Developer/Xcode/DerivedData/Lyo-eagkiegzrakogpczynhkaholsscs/SourcePackages/checkouts/GoogleUtilities
    builtin-infoPlistUtility /Users/hectorgarcia/Library/Developer/Xcode/DerivedData/Build/Intermediates.noindex/GoogleUtilities.build/Debug-iphonesimulator/GoogleUtilities_GoogleUtilities-UserDefaults.build/empty-GoogleUtilities_GoogleUtilities-UserDefaults.plist -producttype com.apple.product-type.bundle -expandbuildsettings -format binary -platform iphonesimulator -o /Users/hectorgarcia/Library/Developer/Xcode/DerivedData/Build/Products/Debug-iphonesimulator/GoogleUtilities_GoogleUtilities-UserDefaults.bundle/Info.plist

CpResource /Users/hectorgarcia/Library/Developer/Xcode/DerivedData/Build/Products/Debug-iphonesimulator/GoogleUtilities_GoogleUtilities-UserDefaults.bundle/PrivacyInfo.xcprivacy /Users/hectorgarcia/Library/Developer/Xcode/DerivedData/Lyo-eagkiegzrakogpczynhkaholsscs/SourcePackages/checkouts/GoogleUtilities/GoogleUtilities/UserDefaults/Resources/PrivacyInfo.xcprivacy (in target 'GoogleUtilities_GoogleUtilities-UserDefaults' from project 'GoogleUtilities')
    cd /Users/hectorgarcia/Library/Developer/Xcode/DerivedData/Lyo-eagkiegzrakogpczynhkaholsscs/SourcePackages/checkouts/GoogleUtilities
    builtin-copy -exclude .DS_Store -exclude CVS -exclude .svn -exclude .git -exclude .hg -resolve-src-symlinks /Users/hectorgarcia/Library/Developer/Xcode/DerivedData/Lyo-eagkiegzrakogpczynhkaholsscs/SourcePackages/checkouts/GoogleUtilities/GoogleUtilities/UserDefaults/Resources/PrivacyInfo.xcprivacy /Users/hectorgarcia/Library/Developer/Xcode/DerivedData/Build/Products/Debug-iphonesimulator/GoogleUtilities_GoogleUtilities-UserDefaults.bundle

CodeSign /Users/hectorgarcia/Library/Developer/Xcode/DerivedData/Build/Products/Debug-iphonesimulator/Promises_FBLPromises.bundle (in target 'Promises_FBLPromises' from project 'Promises')
    cd /Users/hectorgarcia/Library/Developer/Xcode/DerivedData/Lyo-eagkiegzrakogpczynhkaholsscs/SourcePackages/checkouts/promises
    
    Signing Identity:     "Sign to Run Locally"
    
    /usr/bin/codesign --force --sign - --timestamp\=none --generate-entitlement-der /Users/hectorgarcia/Library/Developer/Xcode/DerivedData/Build/Products/Debug-iphonesimulator/Promises_FBLPromises.bundle

ProcessInfoPlistFile /Users/hectorgarcia/Library/Developer/Xcode/DerivedData/Build/Products/Debug-iphonesimulator/GoogleUtilities_GoogleUtilities-Reachability.bundle/Info.plist /Users/hectorgarcia/Library/Developer/Xcode/DerivedData/Build/Intermediates.noindex/GoogleUtilities.build/Debug-iphonesimulator/GoogleUtilities_GoogleUtilities-Reachability.build/empty-GoogleUtilities_GoogleUtilities-Reachability.plist (in target 'GoogleUtilities_GoogleUtilities-Reachability' from project 'GoogleUtilities')
    cd /Users/hectorgarcia/Library/Developer/Xcode/DerivedData/Lyo-eagkiegzrakogpczynhkaholsscs/SourcePackages/checkouts/GoogleUtilities
    builtin-infoPlistUtility /Users/hectorgarcia/Library/Developer/Xcode/DerivedData/Build/Intermediates.noindex/GoogleUtilities.build/Debug-iphonesimulator/GoogleUtilities_GoogleUtilities-Reachability.build/empty-GoogleUtilities_GoogleUtilities-Reachability.plist -producttype com.apple.product-type.bundle -expandbuildsettings -format binary -platform iphonesimulator -o /Users/hectorgarcia/Library/Developer/Xcode/DerivedData/Build/Products/Debug-iphonesimulator/GoogleUtilities_GoogleUtilities-Reachability.bundle/Info.plist

CpResource /Users/hectorgarcia/Library/Developer/Xcode/DerivedData/Build/Products/Debug-iphonesimulator/GoogleUtilities_GoogleUtilities-Reachability.bundle/PrivacyInfo.xcprivacy /Users/hectorgarcia/Library/Developer/Xcode/DerivedData/Lyo-eagkiegzrakogpczynhkaholsscs/SourcePackages/checkouts/GoogleUtilities/GoogleUtilities/Reachability/Resources/PrivacyInfo.xcprivacy (in target 'GoogleUtilities_GoogleUtilities-Reachability' from project 'GoogleUtilities')
    cd /Users/hectorgarcia/Library/Developer/Xcode/DerivedData/Lyo-eagkiegzrakogpczynhkaholsscs/SourcePackages/checkouts/GoogleUtilities
    builtin-copy -exclude .DS_Store -exclude CVS -exclude .svn -exclude .git -exclude .hg -resolve-src-symlinks /Users/hectorgarcia/Library/Developer/Xcode/DerivedData/Lyo-eagkiegzrakogpczynhkaholsscs/SourcePackages/checkouts/GoogleUtilities/GoogleUtilities/Reachability/Resources/PrivacyInfo.xcprivacy /Users/hectorgarcia/Library/Developer/Xcode/DerivedData/Build/Products/Debug-iphonesimulator/GoogleUtilities_GoogleUtilities-Reachability.bundle

ProcessInfoPlistFile /Users/hectorgarcia/Library/Developer/Xcode/DerivedData/Build/Products/Debug-iphonesimulator/GoogleUtilities_GoogleUtilities-Network.bundle/Info.plist /Users/hectorgarcia/Library/Developer/Xcode/DerivedData/Build/Intermediates.noindex/GoogleUtilities.build/Debug-iphonesimulator/GoogleUtilities_GoogleUtilities-Network.build/empty-GoogleUtilities_GoogleUtilities-Network.plist (in target 'GoogleUtilities_GoogleUtilities-Network' from project 'GoogleUtilities')
    cd /Users/hectorgarcia/Library/Developer/Xcode/DerivedData/Lyo-eagkiegzrakogpczynhkaholsscs/SourcePackages/checkouts/GoogleUtilities
    builtin-infoPlistUtility /Users/hectorgarcia/Library/Developer/Xcode/DerivedData/Build/Intermediates.noindex/GoogleUtilities.build/Debug-iphonesimulator/GoogleUtilities_GoogleUtilities-Network.build/empty-GoogleUtilities_GoogleUtilities-Network.plist -producttype com.apple.product-type.bundle -expandbuildsettings -format binary -platform iphonesimulator -o /Users/hectorgarcia/Library/Developer/Xcode/DerivedData/Build/Products/Debug-iphonesimulator/GoogleUtilities_GoogleUtilities-Network.bundle/Info.plist

CpResource /Users/hectorgarcia/Library/Developer/Xcode/DerivedData/Build/Products/Debug-iphonesimulator/GoogleUtilities_GoogleUtilities-Network.bundle/PrivacyInfo.xcprivacy /Users/hectorgarcia/Library/Developer/Xcode/DerivedData/Lyo-eagkiegzrakogpczynhkaholsscs/SourcePackages/checkouts/GoogleUtilities/GoogleUtilities/Network/Resources/PrivacyInfo.xcprivacy (in target 'GoogleUtilities_GoogleUtilities-Network' from project 'GoogleUtilities')
    cd /Users/hectorgarcia/Library/Developer/Xcode/DerivedData/Lyo-eagkiegzrakogpczynhkaholsscs/SourcePackages/checkouts/GoogleUtilities
    builtin-copy -exclude .DS_Store -exclude CVS -exclude .svn -exclude .git -exclude .hg -resolve-src-symlinks /Users/hectorgarcia/Library/Developer/Xcode/DerivedData/Lyo-eagkiegzrakogpczynhkaholsscs/SourcePackages/checkouts/GoogleUtilities/GoogleUtilities/Network/Resources/PrivacyInfo.xcprivacy /Users/hectorgarcia/Library/Developer/Xcode/DerivedData/Build/Products/Debug-iphonesimulator/GoogleUtilities_GoogleUtilities-Network.bundle

RegisterExecutionPolicyException /Users/hectorgarcia/Library/Developer/Xcode/DerivedData/Build/Products/Debug-iphonesimulator/Promises_FBLPromises.bundle (in target 'Promises_FBLPromises' from project 'Promises')
    cd /Users/hectorgarcia/Library/Developer/Xcode/DerivedData/Lyo-eagkiegzrakogpczynhkaholsscs/SourcePackages/checkouts/promises
    builtin-RegisterExecutionPolicyException /Users/hectorgarcia/Library/Developer/Xcode/DerivedData/Build/Products/Debug-iphonesimulator/Promises_FBLPromises.bundle

CodeSign /Users/hectorgarcia/Library/Developer/Xcode/DerivedData/Build/Products/Debug-iphonesimulator/GoogleUtilities_GoogleUtilities-UserDefaults.bundle (in target 'GoogleUtilities_GoogleUtilities-UserDefaults' from project 'GoogleUtilities')
    cd /Users/hectorgarcia/Library/Developer/Xcode/DerivedData/Lyo-eagkiegzrakogpczynhkaholsscs/SourcePackages/checkouts/GoogleUtilities
    
    Signing Identity:     "Sign to Run Locally"
    
    /usr/bin/codesign --force --sign - --timestamp\=none --generate-entitlement-der /Users/hectorgarcia/Library/Developer/Xcode/DerivedData/Build/Products/Debug-iphonesimulator/GoogleUtilities_GoogleUtilities-UserDefaults.bundle

CodeSign /Users/hectorgarcia/Library/Developer/Xcode/DerivedData/Build/Products/Debug-iphonesimulator/GoogleUtilities_GoogleUtilities-Reachability.bundle (in target 'GoogleUtilities_GoogleUtilities-Reachability' from project 'GoogleUtilities')
    cd /Users/hectorgarcia/Library/Developer/Xcode/DerivedData/Lyo-eagkiegzrakogpczynhkaholsscs/SourcePackages/checkouts/GoogleUtilities
    
    Signing Identity:     "Sign to Run Locally"
    
    /usr/bin/codesign --force --sign - --timestamp\=none --generate-entitlement-der /Users/hectorgarcia/Library/Developer/Xcode/DerivedData/Build/Products/Debug-iphonesimulator/GoogleUtilities_GoogleUtilities-Reachability.bundle

ProcessInfoPlistFile /Users/hectorgarcia/Library/Developer/Xcode/DerivedData/Build/Products/Debug-iphonesimulator/GoogleUtilities_GoogleUtilities-NSData.bundle/Info.plist /Users/hectorgarcia/Library/Developer/Xcode/DerivedData/Build/Intermediates.noindex/GoogleUtilities.build/Debug-iphonesimulator/GoogleUtilities_GoogleUtilities-NSData.build/empty-GoogleUtilities_GoogleUtilities-NSData.plist (in target 'GoogleUtilities_GoogleUtilities-NSData' from project 'GoogleUtilities')
    cd /Users/hectorgarcia/Library/Developer/Xcode/DerivedData/Lyo-eagkiegzrakogpczynhkaholsscs/SourcePackages/checkouts/GoogleUtilities
    builtin-infoPlistUtility /Users/hectorgarcia/Library/Developer/Xcode/DerivedData/Build/Intermediates.noindex/GoogleUtilities.build/Debug-iphonesimulator/GoogleUtilities_GoogleUtilities-NSData.build/empty-GoogleUtilities_GoogleUtilities-NSData.plist -producttype com.apple.product-type.bundle -expandbuildsettings -format binary -platform iphonesimulator -o /Users/hectorgarcia/Library/Developer/Xcode/DerivedData/Build/Products/Debug-iphonesimulator/GoogleUtilities_GoogleUtilities-NSData.bundle/Info.plist

CpResource /Users/hectorgarcia/Library/Developer/Xcode/DerivedData/Build/Products/Debug-iphonesimulator/GoogleUtilities_GoogleUtilities-NSData.bundle/PrivacyInfo.xcprivacy /Users/hectorgarcia/Library/Developer/Xcode/DerivedData/Lyo-eagkiegzrakogpczynhkaholsscs/SourcePackages/checkouts/GoogleUtilities/GoogleUtilities/NSData+zlib/Resources/PrivacyInfo.xcprivacy (in target 'GoogleUtilities_GoogleUtilities-NSData' from project 'GoogleUtilities')
    cd /Users/hectorgarcia/Library/Developer/Xcode/DerivedData/Lyo-eagkiegzrakogpczynhkaholsscs/SourcePackages/checkouts/GoogleUtilities
    builtin-copy -exclude .DS_Store -exclude CVS -exclude .svn -exclude .git -exclude .hg -resolve-src-symlinks /Users/hectorgarcia/Library/Developer/Xcode/DerivedData/Lyo-eagkiegzrakogpczynhkaholsscs/SourcePackages/checkouts/GoogleUtilities/GoogleUtilities/NSData+zlib/Resources/PrivacyInfo.xcprivacy /Users/hectorgarcia/Library/Developer/Xcode/DerivedData/Build/Products/Debug-iphonesimulator/GoogleUtilities_GoogleUtilities-NSData.bundle

Touch /Users/hectorgarcia/Library/Developer/Xcode/DerivedData/Build/Products/Debug-iphonesimulator/Promises_FBLPromises.bundle (in target 'Promises_FBLPromises' from project 'Promises')
    cd /Users/hectorgarcia/Library/Developer/Xcode/DerivedData/Lyo-eagkiegzrakogpczynhkaholsscs/SourcePackages/checkouts/promises
    /usr/bin/touch -c /Users/hectorgarcia/Library/Developer/Xcode/DerivedData/Build/Products/Debug-iphonesimulator/Promises_FBLPromises.bundle

RegisterExecutionPolicyException /Users/hectorgarcia/Library/Developer/Xcode/DerivedData/Build/Products/Debug-iphonesimulator/GoogleUtilities_GoogleUtilities-UserDefaults.bundle (in target 'GoogleUtilities_GoogleUtilities-UserDefaults' from project 'GoogleUtilities')
    cd /Users/hectorgarcia/Library/Developer/Xcode/DerivedData/Lyo-eagkiegzrakogpczynhkaholsscs/SourcePackages/checkouts/GoogleUtilities
    builtin-RegisterExecutionPolicyException /Users/hectorgarcia/Library/Developer/Xcode/DerivedData/Build/Products/Debug-iphonesimulator/GoogleUtilities_GoogleUtilities-UserDefaults.bundle

RegisterExecutionPolicyException /Users/hectorgarcia/Library/Developer/Xcode/DerivedData/Build/Products/Debug-iphonesimulator/GoogleUtilities_GoogleUtilities-Reachability.bundle (in target 'GoogleUtilities_GoogleUtilities-Reachability' from project 'GoogleUtilities')
    cd /Users/hectorgarcia/Library/Developer/Xcode/DerivedData/Lyo-eagkiegzrakogpczynhkaholsscs/SourcePackages/checkouts/GoogleUtilities
    builtin-RegisterExecutionPolicyException /Users/hectorgarcia/Library/Developer/Xcode/DerivedData/Build/Products/Debug-iphonesimulator/GoogleUtilities_GoogleUtilities-Reachability.bundle

CodeSign /Users/hectorgarcia/Library/Developer/Xcode/DerivedData/Build/Products/Debug-iphonesimulator/GoogleUtilities_GoogleUtilities-Network.bundle (in target 'GoogleUtilities_GoogleUtilities-Network' from project 'GoogleUtilities')
    cd /Users/hectorgarcia/Library/Developer/Xcode/DerivedData/Lyo-eagkiegzrakogpczynhkaholsscs/SourcePackages/checkouts/GoogleUtilities
    
    Signing Identity:     "Sign to Run Locally"
    
    /usr/bin/codesign --force --sign - --timestamp\=none --generate-entitlement-der /Users/hectorgarcia/Library/Developer/Xcode/DerivedData/Build/Products/Debug-iphonesimulator/GoogleUtilities_GoogleUtilities-Network.bundle

RegisterExecutionPolicyException /Users/hectorgarcia/Library/Developer/Xcode/DerivedData/Build/Products/Debug-iphonesimulator/RecaptchaInterop.o (in target 'RecaptchaInterop' from project 'InteropForGoogle')
    cd /Users/hectorgarcia/Library/Developer/Xcode/DerivedData/Lyo-eagkiegzrakogpczynhkaholsscs/SourcePackages/checkouts/interop-ios-for-google-sdks
    builtin-RegisterExecutionPolicyException /Users/hectorgarcia/Library/Developer/Xcode/DerivedData/Build/Products/Debug-iphonesimulator/RecaptchaInterop.o

Touch /Users/hectorgarcia/Library/Developer/Xcode/DerivedData/Build/Products/Debug-iphonesimulator/GoogleUtilities_GoogleUtilities-UserDefaults.bundle (in target 'GoogleUtilities_GoogleUtilities-UserDefaults' from project 'GoogleUtilities')
    cd /Users/hectorgarcia/Library/Developer/Xcode/DerivedData/Lyo-eagkiegzrakogpczynhkaholsscs/SourcePackages/checkouts/GoogleUtilities
    /usr/bin/touch -c /Users/hectorgarcia/Library/Developer/Xcode/DerivedData/Build/Products/Debug-iphonesimulator/GoogleUtilities_GoogleUtilities-UserDefaults.bundle

RegisterExecutionPolicyException /Users/hectorgarcia/Library/Developer/Xcode/DerivedData/Build/Products/Debug-iphonesimulator/GoogleUtilities_GoogleUtilities-Network.bundle (in target 'GoogleUtilities_GoogleUtilities-Network' from project 'GoogleUtilities')
    cd /Users/hectorgarcia/Library/Developer/Xcode/DerivedData/Lyo-eagkiegzrakogpczynhkaholsscs/SourcePackages/checkouts/GoogleUtilities
    builtin-RegisterExecutionPolicyException /Users/hectorgarcia/Library/Developer/Xcode/DerivedData/Build/Products/Debug-iphonesimulator/GoogleUtilities_GoogleUtilities-Network.bundle

ProcessInfoPlistFile /Users/hectorgarcia/Library/Developer/Xcode/DerivedData/Build/Products/Debug-iphonesimulator/GoogleUtilities_GoogleUtilities-Logger.bundle/Info.plist /Users/hectorgarcia/Library/Developer/Xcode/DerivedData/Build/Intermediates.noindex/GoogleUtilities.build/Debug-iphonesimulator/GoogleUtilities_GoogleUtilities-Logger.build/empty-GoogleUtilities_GoogleUtilities-Logger.plist (in target 'GoogleUtilities_GoogleUtilities-Logger' from project 'GoogleUtilities')
    cd /Users/hectorgarcia/Library/Developer/Xcode/DerivedData/Lyo-eagkiegzrakogpczynhkaholsscs/SourcePackages/checkouts/GoogleUtilities
    builtin-infoPlistUtility /Users/hectorgarcia/Library/Developer/Xcode/DerivedData/Build/Intermediates.noindex/GoogleUtilities.build/Debug-iphonesimulator/GoogleUtilities_GoogleUtilities-Logger.build/empty-GoogleUtilities_GoogleUtilities-Logger.plist -producttype com.apple.product-type.bundle -expandbuildsettings -format binary -platform iphonesimulator -o /Users/hectorgarcia/Library/Developer/Xcode/DerivedData/Build/Products/Debug-iphonesimulator/GoogleUtilities_GoogleUtilities-Logger.bundle/Info.plist

CpResource /Users/hectorgarcia/Library/Developer/Xcode/DerivedData/Build/Products/Debug-iphonesimulator/GoogleUtilities_GoogleUtilities-Logger.bundle/PrivacyInfo.xcprivacy /Users/hectorgarcia/Library/Developer/Xcode/DerivedData/Lyo-eagkiegzrakogpczynhkaholsscs/SourcePackages/checkouts/GoogleUtilities/GoogleUtilities/Logger/Resources/PrivacyInfo.xcprivacy (in target 'GoogleUtilities_GoogleUtilities-Logger' from project 'GoogleUtilities')
    cd /Users/hectorgarcia/Library/Developer/Xcode/DerivedData/Lyo-eagkiegzrakogpczynhkaholsscs/SourcePackages/checkouts/GoogleUtilities
    builtin-copy -exclude .DS_Store -exclude CVS -exclude .svn -exclude .git -exclude .hg -resolve-src-symlinks /Users/hectorgarcia/Library/Developer/Xcode/DerivedData/Lyo-eagkiegzrakogpczynhkaholsscs/SourcePackages/checkouts/GoogleUtilities/GoogleUtilities/Logger/Resources/PrivacyInfo.xcprivacy /Users/hectorgarcia/Library/Developer/Xcode/DerivedData/Build/Products/Debug-iphonesimulator/GoogleUtilities_GoogleUtilities-Logger.bundle

Touch /Users/hectorgarcia/Library/Developer/Xcode/DerivedData/Build/Products/Debug-iphonesimulator/GoogleUtilities_GoogleUtilities-Reachability.bundle (in target 'GoogleUtilities_GoogleUtilities-Reachability' from project 'GoogleUtilities')
    cd /Users/hectorgarcia/Library/Developer/Xcode/DerivedData/Lyo-eagkiegzrakogpczynhkaholsscs/SourcePackages/checkouts/GoogleUtilities
    /usr/bin/touch -c /Users/hectorgarcia/Library/Developer/Xcode/DerivedData/Build/Products/Debug-iphonesimulator/GoogleUtilities_GoogleUtilities-Reachability.bundle

CodeSign /Users/hectorgarcia/Library/Developer/Xcode/DerivedData/Build/Products/Debug-iphonesimulator/GoogleUtilities_GoogleUtilities-NSData.bundle (in target 'GoogleUtilities_GoogleUtilities-NSData' from project 'GoogleUtilities')
    cd /Users/hectorgarcia/Library/Developer/Xcode/DerivedData/Lyo-eagkiegzrakogpczynhkaholsscs/SourcePackages/checkouts/GoogleUtilities
    
    Signing Identity:     "Sign to Run Locally"
    
    /usr/bin/codesign --force --sign - --timestamp\=none --generate-entitlement-der /Users/hectorgarcia/Library/Developer/Xcode/DerivedData/Build/Products/Debug-iphonesimulator/GoogleUtilities_GoogleUtilities-NSData.bundle

PrecompileModule /Users/hectorgarcia/Library/Developer/Xcode/DerivedData/Build/Intermediates.noindex/ExplicitPrecompiledModules/_DarwinFoundation2-97WSDHXWHL5RT2F936UVAX36.scan
    cd /
    builtin-precompileModule /Users/hectorgarcia/Library/Developer/Xcode/DerivedData/Build/Intermediates.noindex/ExplicitPrecompiledModules/_DarwinFoundation2-97WSDHXWHL5RT2F936UVAX36.scan

ProcessInfoPlistFile /Users/hectorgarcia/Library/Developer/Xcode/DerivedData/Build/Products/Debug-iphonesimulator/GoogleUtilities_GoogleUtilities-Environment.bundle/Info.plist /Users/hectorgarcia/Library/Developer/Xcode/DerivedData/Build/Intermediates.noindex/GoogleUtilities.build/Debug-iphonesimulator/GoogleUtilities_GoogleUtilities-Environment.build/empty-GoogleUtilities_GoogleUtilities-Environment.plist (in target 'GoogleUtilities_GoogleUtilities-Environment' from project 'GoogleUtilities')
    cd /Users/hectorgarcia/Library/Developer/Xcode/DerivedData/Lyo-eagkiegzrakogpczynhkaholsscs/SourcePackages/checkouts/GoogleUtilities
    builtin-infoPlistUtility /Users/hectorgarcia/Library/Developer/Xcode/DerivedData/Build/Intermediates.noindex/GoogleUtilities.build/Debug-iphonesimulator/GoogleUtilities_GoogleUtilities-Environment.build/empty-GoogleUtilities_GoogleUtilities-Environment.plist -producttype com.apple.product-type.bundle -expandbuildsettings -format binary -platform iphonesimulator -o /Users/hectorgarcia/Library/Developer/Xcode/DerivedData/Build/Products/Debug-iphonesimulator/GoogleUtilities_GoogleUtilities-Environment.bundle/Info.plist

CpResource /Users/hectorgarcia/Library/Developer/Xcode/DerivedData/Build/Products/Debug-iphonesimulator/GoogleUtilities_GoogleUtilities-Environment.bundle/PrivacyInfo.xcprivacy /Users/hectorgarcia/Library/Developer/Xcode/DerivedData/Lyo-eagkiegzrakogpczynhkaholsscs/SourcePackages/checkouts/GoogleUtilities/GoogleUtilities/Environment/Resources/PrivacyInfo.xcprivacy (in target 'GoogleUtilities_GoogleUtilities-Environment' from project 'GoogleUtilities')
    cd /Users/hectorgarcia/Library/Developer/Xcode/DerivedData/Lyo-eagkiegzrakogpczynhkaholsscs/SourcePackages/checkouts/GoogleUtilities
    builtin-copy -exclude .DS_Store -exclude CVS -exclude .svn -exclude .git -exclude .hg -resolve-src-symlinks /Users/hectorgarcia/Library/Developer/Xcode/DerivedData/Lyo-eagkiegzrakogpczynhkaholsscs/SourcePackages/checkouts/GoogleUtilities/GoogleUtilities/Environment/Resources/PrivacyInfo.xcprivacy /Users/hectorgarcia/Library/Developer/Xcode/DerivedData/Build/Products/Debug-iphonesimulator/GoogleUtilities_GoogleUtilities-Environment.bundle

PrecompileModule /Users/hectorgarcia/Library/Developer/Xcode/DerivedData/Build/Intermediates.noindex/ExplicitPrecompiledModules/_DarwinFoundation2-AVCHSSVMUDCM9GNCIQP3Z8NOT.scan
    cd /
    builtin-precompileModule /Users/hectorgarcia/Library/Developer/Xcode/DerivedData/Build/Intermediates.noindex/ExplicitPrecompiledModules/_DarwinFoundation2-AVCHSSVMUDCM9GNCIQP3Z8NOT.scan

PrecompileModule /Users/hectorgarcia/Library/Developer/Xcode/DerivedData/Build/Intermediates.noindex/ExplicitPrecompiledModules/_Builtin_limits-7EXQGWY9UGHT1GY724D1VYOLY.scan
    cd /
    builtin-precompileModule /Users/hectorgarcia/Library/Developer/Xcode/DerivedData/Build/Intermediates.noindex/ExplicitPrecompiledModules/_Builtin_limits-7EXQGWY9UGHT1GY724D1VYOLY.scan

RegisterExecutionPolicyException /Users/hectorgarcia/Library/Developer/Xcode/DerivedData/Build/Products/Debug-iphonesimulator/GoogleUtilities_GoogleUtilities-NSData.bundle (in target 'GoogleUtilities_GoogleUtilities-NSData' from project 'GoogleUtilities')
    cd /Users/hectorgarcia/Library/Developer/Xcode/DerivedData/Lyo-eagkiegzrakogpczynhkaholsscs/SourcePackages/checkouts/GoogleUtilities
    builtin-RegisterExecutionPolicyException /Users/hectorgarcia/Library/Developer/Xcode/DerivedData/Build/Products/Debug-iphonesimulator/GoogleUtilities_GoogleUtilities-NSData.bundle

CodeSign /Users/hectorgarcia/Library/Developer/Xcode/DerivedData/Build/Products/Debug-iphonesimulator/GoogleUtilities_GoogleUtilities-Logger.bundle (in target 'GoogleUtilities_GoogleUtilities-Logger' from project 'GoogleUtilities')
    cd /Users/hectorgarcia/Library/Developer/Xcode/DerivedData/Lyo-eagkiegzrakogpczynhkaholsscs/SourcePackages/checkouts/GoogleUtilities
    
    Signing Identity:     "Sign to Run Locally"
    
    /usr/bin/codesign --force --sign - --timestamp\=none --generate-entitlement-der /Users/hectorgarcia/Library/Developer/Xcode/DerivedData/Build/Products/Debug-iphonesimulator/GoogleUtilities_GoogleUtilities-Logger.bundle

ProcessInfoPlistFile /Users/hectorgarcia/Library/Developer/Xcode/DerivedData/Build/Products/Debug-iphonesimulator/GoogleUtilities_GoogleUtilities-AppDelegateSwizzler.bundle/Info.plist /Users/hectorgarcia/Library/Developer/Xcode/DerivedData/Build/Intermediates.noindex/GoogleUtilities.build/Debug-iphonesimulator/GoogleUtilities_GoogleUtilities-AppDelegateSwizzler.build/empty-GoogleUtilities_GoogleUtilities-AppDelegateSwizzler.plist (in target 'GoogleUtilities_GoogleUtilities-AppDelegateSwizzler' from project 'GoogleUtilities')
    cd /Users/hectorgarcia/Library/Developer/Xcode/DerivedData/Lyo-eagkiegzrakogpczynhkaholsscs/SourcePackages/checkouts/GoogleUtilities
    builtin-infoPlistUtility /Users/hectorgarcia/Library/Developer/Xcode/DerivedData/Build/Intermediates.noindex/GoogleUtilities.build/Debug-iphonesimulator/GoogleUtilities_GoogleUtilities-AppDelegateSwizzler.build/empty-GoogleUtilities_GoogleUtilities-AppDelegateSwizzler.plist -producttype com.apple.product-type.bundle -expandbuildsettings -format binary -platform iphonesimulator -o /Users/hectorgarcia/Library/Developer/Xcode/DerivedData/Build/Products/Debug-iphonesimulator/GoogleUtilities_GoogleUtilities-AppDelegateSwizzler.bundle/Info.plist

Touch /Users/hectorgarcia/Library/Developer/Xcode/DerivedData/Build/Products/Debug-iphonesimulator/GoogleUtilities_GoogleUtilities-Network.bundle (in target 'GoogleUtilities_GoogleUtilities-Network' from project 'GoogleUtilities')
    cd /Users/hectorgarcia/Library/Developer/Xcode/DerivedData/Lyo-eagkiegzrakogpczynhkaholsscs/SourcePackages/checkouts/GoogleUtilities
    /usr/bin/touch -c /Users/hectorgarcia/Library/Developer/Xcode/DerivedData/Build/Products/Debug-iphonesimulator/GoogleUtilities_GoogleUtilities-Network.bundle

CpResource /Users/hectorgarcia/Library/Developer/Xcode/DerivedData/Build/Products/Debug-iphonesimulator/GoogleUtilities_GoogleUtilities-AppDelegateSwizzler.bundle/PrivacyInfo.xcprivacy /Users/hectorgarcia/Library/Developer/Xcode/DerivedData/Lyo-eagkiegzrakogpczynhkaholsscs/SourcePackages/checkouts/GoogleUtilities/GoogleUtilities/AppDelegateSwizzler/Resources/PrivacyInfo.xcprivacy (in target 'GoogleUtilities_GoogleUtilities-AppDelegateSwizzler' from project 'GoogleUtilities')
    cd /Users/hectorgarcia/Library/Developer/Xcode/DerivedData/Lyo-eagkiegzrakogpczynhkaholsscs/SourcePackages/checkouts/GoogleUtilities
    builtin-copy -exclude .DS_Store -exclude CVS -exclude .svn -exclude .git -exclude .hg -resolve-src-symlinks /Users/hectorgarcia/Library/Developer/Xcode/DerivedData/Lyo-eagkiegzrakogpczynhkaholsscs/SourcePackages/checkouts/GoogleUtilities/GoogleUtilities/AppDelegateSwizzler/Resources/PrivacyInfo.xcprivacy /Users/hectorgarcia/Library/Developer/Xcode/DerivedData/Build/Products/Debug-iphonesimulator/GoogleUtilities_GoogleUtilities-AppDelegateSwizzler.bundle

RegisterExecutionPolicyException /Users/hectorgarcia/Library/Developer/Xcode/DerivedData/Build/Products/Debug-iphonesimulator/GoogleUtilities_GoogleUtilities-Logger.bundle (in target 'GoogleUtilities_GoogleUtilities-Logger' from project 'GoogleUtilities')
    cd /Users/hectorgarcia/Library/Developer/Xcode/DerivedData/Lyo-eagkiegzrakogpczynhkaholsscs/SourcePackages/checkouts/GoogleUtilities
    builtin-RegisterExecutionPolicyException /Users/hectorgarcia/Library/Developer/Xcode/DerivedData/Build/Products/Debug-iphonesimulator/GoogleUtilities_GoogleUtilities-Logger.bundle

PrecompileModule /Users/hectorgarcia/Library/Developer/Xcode/DerivedData/Build/Intermediates.noindex/ExplicitPrecompiledModules/_Builtin_limits-6LN7L6KIC91ELM5P935C05GOZ.scan
    cd /
    builtin-precompileModule /Users/hectorgarcia/Library/Developer/Xcode/DerivedData/Build/Intermediates.noindex/ExplicitPrecompiledModules/_Builtin_limits-6LN7L6KIC91ELM5P935C05GOZ.scan

PrecompileModule /Users/hectorgarcia/Library/Developer/Xcode/DerivedData/Build/Intermediates.noindex/ExplicitPrecompiledModules/_DarwinFoundation2-D8OSCX6A85H8SGT8GOSLMRVS.scan
    cd /
    builtin-precompileModule /Users/hectorgarcia/Library/Developer/Xcode/DerivedData/Build/Intermediates.noindex/ExplicitPrecompiledModules/_DarwinFoundation2-D8OSCX6A85H8SGT8GOSLMRVS.scan

CodeSign /Users/hectorgarcia/Library/Developer/Xcode/DerivedData/Build/Products/Debug-iphonesimulator/GoogleUtilities_GoogleUtilities-Environment.bundle (in target 'GoogleUtilities_GoogleUtilities-Environment' from project 'GoogleUtilities')
    cd /Users/hectorgarcia/Library/Developer/Xcode/DerivedData/Lyo-eagkiegzrakogpczynhkaholsscs/SourcePackages/checkouts/GoogleUtilities
    
    Signing Identity:     "Sign to Run Locally"
    
    /usr/bin/codesign --force --sign - --timestamp\=none --generate-entitlement-der /Users/hectorgarcia/Library/Developer/Xcode/DerivedData/Build/Products/Debug-iphonesimulator/GoogleUtilities_GoogleUtilities-Environment.bundle

Touch /Users/hectorgarcia/Library/Developer/Xcode/DerivedData/Build/Products/Debug-iphonesimulator/GoogleUtilities_GoogleUtilities-NSData.bundle (in target 'GoogleUtilities_GoogleUtilities-NSData' from project 'GoogleUtilities')
    cd /Users/hectorgarcia/Library/Developer/Xcode/DerivedData/Lyo-eagkiegzrakogpczynhkaholsscs/SourcePackages/checkouts/GoogleUtilities
    /usr/bin/touch -c /Users/hectorgarcia/Library/Developer/Xcode/DerivedData/Build/Products/Debug-iphonesimulator/GoogleUtilities_GoogleUtilities-NSData.bundle

ScanDependencies /Users/hectorgarcia/Library/Developer/Xcode/DerivedData/Build/Intermediates.noindex/GoogleUtilities.build/Debug-iphonesimulator/GoogleUtilities-UserDefaults.build/Objects-normal/x86_64/resource_bundle_accessor.o /Users/hectorgarcia/Library/Developer/Xcode/DerivedData/Build/Intermediates.noindex/GoogleUtilities.build/Debug-iphonesimulator/GoogleUtilities-UserDefaults.build/DerivedSources/resource_bundle_accessor.m normal x86_64 objective-c com.apple.compilers.llvm.clang.1_0.compiler (in target 'GoogleUtilities-UserDefaults' from project 'GoogleUtilities')
    cd /Users/hectorgarcia/LYO_Da_ONE/Lyo.xcodeproj
    
    Using response file: /Users/hectorgarcia/Library/Developer/Xcode/DerivedData/Build/Intermediates.noindex/GoogleUtilities.build/Debug-iphonesimulator/GoogleUtilities-UserDefaults.build/Objects-normal/x86_64/e6072d4f65d7061329687fe24e3d63a7-common-args.resp
    
    builtin-ScanDependencies -o /Users/hectorgarcia/Library/Developer/Xcode/DerivedData/Build/Intermediates.noindex/GoogleUtilities.build/Debug-iphonesimulator/GoogleUtilities-UserDefaults.build/Objects-normal/x86_64/resource_bundle_accessor.o.scan -- /Users/hectorgarcia/Downloads/Xcode.app/Contents/Developer/Toolchains/XcodeDefault.xctoolchain/usr/bin/clang -x objective-c -ivfsstatcache /Users/hectorgarcia/Library/Developer/Xcode/DerivedData/SDKStatCaches.noindex/iphonesimulator26.2-23C53-823d3e8b6e60bc2018c189d3ca05ba9b.sdkstatcache -fmessage-length\=0 -fdiagnostics-show-note-include-stack -fmacro-backtrace-limit\=0 -fno-color-diagnostics -fmodules-prune-interval\=86400 -fmodules-prune-after\=345600 -fbuild-session-file\=/Users/hectorgarcia/Library/Developer/Xcode/DerivedData/ModuleCache.noindex/Session.modulevalidation -fmodules-validate-once-per-build-session -Wnon-modular-include-in-framework-module -Werror\=non-modular-include-in-framework-module -Wno-trigraphs -Wno-missing-field-initializers -Wno-missing-prototypes -Wno-return-type -Wno-implicit-atomic-properties -Wno-objc-interface-ivars -Wno-arc-repeated-use-of-weak -Wno-missing-braces -Wparentheses -Wswitch -Wno-unused-function -Wno-unused-label -Wno-unused-parameter -Wno-unused-variable -Wunused-value -Wno-empty-body -Wno-uninitialized -Wno-unknown-pragmas -w -Wno-shadow -Wno-four-char-constants -Wno-conversion -Wno-constant-conversion -Wno-int-conversion -Wno-bool-conversion -Wno-enum-conversion -Wno-float-conversion -Wno-non-literal-null-conversion -Wno-objc-literal-conversion -Wshorten-64-to-32 -Wpointer-sign -Wno-newline-eof -Wno-selector -Wno-strict-selector-match -Wno-undeclared-selector -Wno-deprecated-implementations -Wno-implicit-fallthrough -fstrict-aliasing -Wprotocol -Wdeprecated-declarations -Wno-sign-conversion -Wno-infinite-recursion -Wno-comma -Wno-block-capture-autoreleasing -Wno-strict-prototypes -Wno-semicolon-before-method-body -index-store-path /Users/hectorgarcia/Library/Developer/Xcode/DerivedData/Lyo-eagkiegzrakogpczynhkaholsscs/Index.noindex/DataStore @/Users/hectorgarcia/Library/Developer/Xcode/DerivedData/Build/Intermediates.noindex/GoogleUtilities.build/Debug-iphonesimulator/GoogleUtilities-UserDefaults.build/Objects-normal/x86_64/e6072d4f65d7061329687fe24e3d63a7-common-args.resp -include /Users/hectorgarcia/Library/Developer/Xcode/DerivedData/Build/Intermediates.noindex/GoogleUtilities.build/Debug-iphonesimulator/GoogleUtilities-UserDefaults.build/DerivedSources/resource_bundle_accessor.h -MMD -MT dependencies -MF /Users/hectorgarcia/Library/Developer/Xcode/DerivedData/Build/Intermediates.noindex/GoogleUtilities.build/Debug-iphonesimulator/GoogleUtilities-UserDefaults.build/Objects-normal/x86_64/resource_bundle_accessor.d --serialize-diagnostics /Users/hectorgarcia/Library/Developer/Xcode/DerivedData/Build/Intermediates.noindex/GoogleUtilities.build/Debug-iphonesimulator/GoogleUtilities-UserDefaults.build/Objects-normal/x86_64/resource_bundle_accessor.dia -c /Users/hectorgarcia/Library/Developer/Xcode/DerivedData/Build/Intermediates.noindex/GoogleUtilities.build/Debug-iphonesimulator/GoogleUtilities-UserDefaults.build/DerivedSources/resource_bundle_accessor.m -o /Users/hectorgarcia/Library/Developer/Xcode/DerivedData/Build/Intermediates.noindex/GoogleUtilities.build/Debug-iphonesimulator/GoogleUtilities-UserDefaults.build/Objects-normal/x86_64/resource_bundle_accessor.o -index-unit-output-path /GoogleUtilities.build/Debug-iphonesimulator/GoogleUtilities-UserDefaults.build/Objects-normal/x86_64/resource_bundle_accessor.o

ScanDependencies /Users/hectorgarcia/Library/Developer/Xcode/DerivedData/Build/Intermediates.noindex/GoogleUtilities.build/Debug-iphonesimulator/GoogleUtilities-UserDefaults.build/Objects-normal/x86_64/GULUserDefaults.o /Users/hectorgarcia/Library/Developer/Xcode/DerivedData/Lyo-eagkiegzrakogpczynhkaholsscs/SourcePackages/checkouts/GoogleUtilities/GoogleUtilities/UserDefaults/GULUserDefaults.m normal x86_64 objective-c com.apple.compilers.llvm.clang.1_0.compiler (in target 'GoogleUtilities-UserDefaults' from project 'GoogleUtilities')
    cd /Users/hectorgarcia/LYO_Da_ONE/Lyo.xcodeproj
    
    Using response file: /Users/hectorgarcia/Library/Developer/Xcode/DerivedData/Build/Intermediates.noindex/GoogleUtilities.build/Debug-iphonesimulator/GoogleUtilities-UserDefaults.build/Objects-normal/x86_64/e6072d4f65d7061329687fe24e3d63a7-common-args.resp
    
    builtin-ScanDependencies -o /Users/hectorgarcia/Library/Developer/Xcode/DerivedData/Build/Intermediates.noindex/GoogleUtilities.build/Debug-iphonesimulator/GoogleUtilities-UserDefaults.build/Objects-normal/x86_64/GULUserDefaults.o.scan -- /Users/hectorgarcia/Downloads/Xcode.app/Contents/Developer/Toolchains/XcodeDefault.xctoolchain/usr/bin/clang -x objective-c -ivfsstatcache /Users/hectorgarcia/Library/Developer/Xcode/DerivedData/SDKStatCaches.noindex/iphonesimulator26.2-23C53-823d3e8b6e60bc2018c189d3ca05ba9b.sdkstatcache -fmessage-length\=0 -fdiagnostics-show-note-include-stack -fmacro-backtrace-limit\=0 -fno-color-diagnostics -fmodules-prune-interval\=86400 -fmodules-prune-after\=345600 -fbuild-session-file\=/Users/hectorgarcia/Library/Developer/Xcode/DerivedData/ModuleCache.noindex/Session.modulevalidation -fmodules-validate-once-per-build-session -Wnon-modular-include-in-framework-module -Werror\=non-modular-include-in-framework-module -Wno-trigraphs -Wno-missing-field-initializers -Wno-missing-prototypes -Wno-return-type -Wno-implicit-atomic-properties -Wno-objc-interface-ivars -Wno-arc-repeated-use-of-weak -Wno-missing-braces -Wparentheses -Wswitch -Wno-unused-function -Wno-unused-label -Wno-unused-parameter -Wno-unused-variable -Wunused-value -Wno-empty-body -Wno-uninitialized -Wno-unknown-pragmas -w -Wno-shadow -Wno-four-char-constants -Wno-conversion -Wno-constant-conversion -Wno-int-conversion -Wno-bool-conversion -Wno-enum-conversion -Wno-float-conversion -Wno-non-literal-null-conversion -Wno-objc-literal-conversion -Wshorten-64-to-32 -Wpointer-sign -Wno-newline-eof -Wno-selector -Wno-strict-selector-match -Wno-undeclared-selector -Wno-deprecated-implementations -Wno-implicit-fallthrough -fstrict-aliasing -Wprotocol -Wdeprecated-declarations -Wno-sign-conversion -Wno-infinite-recursion -Wno-comma -Wno-block-capture-autoreleasing -Wno-strict-prototypes -Wno-semicolon-before-method-body -index-store-path /Users/hectorgarcia/Library/Developer/Xcode/DerivedData/Lyo-eagkiegzrakogpczynhkaholsscs/Index.noindex/DataStore @/Users/hectorgarcia/Library/Developer/Xcode/DerivedData/Build/Intermediates.noindex/GoogleUtilities.build/Debug-iphonesimulator/GoogleUtilities-UserDefaults.build/Objects-normal/x86_64/e6072d4f65d7061329687fe24e3d63a7-common-args.resp -include /Users/hectorgarcia/Library/Developer/Xcode/DerivedData/Build/Intermediates.noindex/GoogleUtilities.build/Debug-iphonesimulator/GoogleUtilities-UserDefaults.build/DerivedSources/resource_bundle_accessor.h -MMD -MT dependencies -MF /Users/hectorgarcia/Library/Developer/Xcode/DerivedData/Build/Intermediates.noindex/GoogleUtilities.build/Debug-iphonesimulator/GoogleUtilities-UserDefaults.build/Objects-normal/x86_64/GULUserDefaults.d --serialize-diagnostics /Users/hectorgarcia/Library/Developer/Xcode/DerivedData/Build/Intermediates.noindex/GoogleUtilities.build/Debug-iphonesimulator/GoogleUtilities-UserDefaults.build/Objects-normal/x86_64/GULUserDefaults.dia -c /Users/hectorgarcia/Library/Developer/Xcode/DerivedData/Lyo-eagkiegzrakogpczynhkaholsscs/SourcePackages/checkouts/GoogleUtilities/GoogleUtilities/UserDefaults/GULUserDefaults.m -o /Users/hectorgarcia/Library/Developer/Xcode/DerivedData/Build/Intermediates.noindex/GoogleUtilities.build/Debug-iphonesimulator/GoogleUtilities-UserDefaults.build/Objects-normal/x86_64/GULUserDefaults.o -index-unit-output-path /GoogleUtilities.build/Debug-iphonesimulator/GoogleUtilities-UserDefaults.build/Objects-normal/x86_64/GULUserDefaults.o

RegisterExecutionPolicyException /Users/hectorgarcia/Library/Developer/Xcode/DerivedData/Build/Products/Debug-iphonesimulator/GoogleUtilities_GoogleUtilities-Environment.bundle (in target 'GoogleUtilities_GoogleUtilities-Environment' from project 'GoogleUtilities')
    cd /Users/hectorgarcia/Library/Developer/Xcode/DerivedData/Lyo-eagkiegzrakogpczynhkaholsscs/SourcePackages/checkouts/GoogleUtilities
    builtin-RegisterExecutionPolicyException /Users/hectorgarcia/Library/Developer/Xcode/DerivedData/Build/Products/Debug-iphonesimulator/GoogleUtilities_GoogleUtilities-Environment.bundle

Touch /Users/hectorgarcia/Library/Developer/Xcode/DerivedData/Build/Products/Debug-iphonesimulator/GoogleUtilities_GoogleUtilities-Logger.bundle (in target 'GoogleUtilities_GoogleUtilities-Logger' from project 'GoogleUtilities')
    cd /Users/hectorgarcia/Library/Developer/Xcode/DerivedData/Lyo-eagkiegzrakogpczynhkaholsscs/SourcePackages/checkouts/GoogleUtilities
    /usr/bin/touch -c /Users/hectorgarcia/Library/Developer/Xcode/DerivedData/Build/Products/Debug-iphonesimulator/GoogleUtilities_GoogleUtilities-Logger.bundle

CodeSign /Users/hectorgarcia/Library/Developer/Xcode/DerivedData/Build/Products/Debug-iphonesimulator/GoogleUtilities_GoogleUtilities-AppDelegateSwizzler.bundle (in target 'GoogleUtilities_GoogleUtilities-AppDelegateSwizzler' from project 'GoogleUtilities')
    cd /Users/hectorgarcia/Library/Developer/Xcode/DerivedData/Lyo-eagkiegzrakogpczynhkaholsscs/SourcePackages/checkouts/GoogleUtilities
    
    Signing Identity:     "Sign to Run Locally"
    
    /usr/bin/codesign --force --sign - --timestamp\=none --generate-entitlement-der /Users/hectorgarcia/Library/Developer/Xcode/DerivedData/Build/Products/Debug-iphonesimulator/GoogleUtilities_GoogleUtilities-AppDelegateSwizzler.bundle

RegisterExecutionPolicyException /Users/hectorgarcia/Library/Developer/Xcode/DerivedData/Build/Products/Debug-iphonesimulator/GoogleUtilities_GoogleUtilities-AppDelegateSwizzler.bundle (in target 'GoogleUtilities_GoogleUtilities-AppDelegateSwizzler' from project 'GoogleUtilities')
    cd /Users/hectorgarcia/Library/Developer/Xcode/DerivedData/Lyo-eagkiegzrakogpczynhkaholsscs/SourcePackages/checkouts/GoogleUtilities
    builtin-RegisterExecutionPolicyException /Users/hectorgarcia/Library/Developer/Xcode/DerivedData/Build/Products/Debug-iphonesimulator/GoogleUtilities_GoogleUtilities-AppDelegateSwizzler.bundle

Touch /Users/hectorgarcia/Library/Developer/Xcode/DerivedData/Build/Products/Debug-iphonesimulator/GoogleUtilities_GoogleUtilities-Environment.bundle (in target 'GoogleUtilities_GoogleUtilities-Environment' from project 'GoogleUtilities')
    cd /Users/hectorgarcia/Library/Developer/Xcode/DerivedData/Lyo-eagkiegzrakogpczynhkaholsscs/SourcePackages/checkouts/GoogleUtilities
    /usr/bin/touch -c /Users/hectorgarcia/Library/Developer/Xcode/DerivedData/Build/Products/Debug-iphonesimulator/GoogleUtilities_GoogleUtilities-Environment.bundle

ScanDependencies /Users/hectorgarcia/Library/Developer/Xcode/DerivedData/Build/Intermediates.noindex/GoogleUtilities.build/Debug-iphonesimulator/GoogleUtilities-Reachability.build/Objects-normal/x86_64/resource_bundle_accessor.o /Users/hectorgarcia/Library/Developer/Xcode/DerivedData/Build/Intermediates.noindex/GoogleUtilities.build/Debug-iphonesimulator/GoogleUtilities-Reachability.build/DerivedSources/resource_bundle_accessor.m normal x86_64 objective-c com.apple.compilers.llvm.clang.1_0.compiler (in target 'GoogleUtilities-Reachability' from project 'GoogleUtilities')
    cd /Users/hectorgarcia/LYO_Da_ONE/Lyo.xcodeproj
    
    Using response file: /Users/hectorgarcia/Library/Developer/Xcode/DerivedData/Build/Intermediates.noindex/GoogleUtilities.build/Debug-iphonesimulator/GoogleUtilities-Reachability.build/Objects-normal/x86_64/e6072d4f65d7061329687fe24e3d63a7-common-args.resp
    
    builtin-ScanDependencies -o /Users/hectorgarcia/Library/Developer/Xcode/DerivedData/Build/Intermediates.noindex/GoogleUtilities.build/Debug-iphonesimulator/GoogleUtilities-Reachability.build/Objects-normal/x86_64/resource_bundle_accessor.o.scan -- /Users/hectorgarcia/Downloads/Xcode.app/Contents/Developer/Toolchains/XcodeDefault.xctoolchain/usr/bin/clang -x objective-c -ivfsstatcache /Users/hectorgarcia/Library/Developer/Xcode/DerivedData/SDKStatCaches.noindex/iphonesimulator26.2-23C53-823d3e8b6e60bc2018c189d3ca05ba9b.sdkstatcache -fmessage-length\=0 -fdiagnostics-show-note-include-stack -fmacro-backtrace-limit\=0 -fno-color-diagnostics -fmodules-prune-interval\=86400 -fmodules-prune-after\=345600 -fbuild-session-file\=/Users/hectorgarcia/Library/Developer/Xcode/DerivedData/ModuleCache.noindex/Session.modulevalidation -fmodules-validate-once-per-build-session -Wnon-modular-include-in-framework-module -Werror\=non-modular-include-in-framework-module -Wno-trigraphs -Wno-missing-field-initializers -Wno-missing-prototypes -Wno-return-type -Wno-implicit-atomic-properties -Wno-objc-interface-ivars -Wno-arc-repeated-use-of-weak -Wno-missing-braces -Wparentheses -Wswitch -Wno-unused-function -Wno-unused-label -Wno-unused-parameter -Wno-unused-variable -Wunused-value -Wno-empty-body -Wno-uninitialized -Wno-unknown-pragmas -w -Wno-shadow -Wno-four-char-constants -Wno-conversion -Wno-constant-conversion -Wno-int-conversion -Wno-bool-conversion -Wno-enum-conversion -Wno-float-conversion -Wno-non-literal-null-conversion -Wno-objc-literal-conversion -Wshorten-64-to-32 -Wpointer-sign -Wno-newline-eof -Wno-selector -Wno-strict-selector-match -Wno-undeclared-selector -Wno-deprecated-implementations -Wno-implicit-fallthrough -fstrict-aliasing -Wprotocol -Wdeprecated-declarations -Wno-sign-conversion -Wno-infinite-recursion -Wno-comma -Wno-block-capture-autoreleasing -Wno-strict-prototypes -Wno-semicolon-before-method-body -index-store-path /Users/hectorgarcia/Library/Developer/Xcode/DerivedData/Lyo-eagkiegzrakogpczynhkaholsscs/Index.noindex/DataStore @/Users/hectorgarcia/Library/Developer/Xcode/DerivedData/Build/Intermediates.noindex/GoogleUtilities.build/Debug-iphonesimulator/GoogleUtilities-Reachability.build/Objects-normal/x86_64/e6072d4f65d7061329687fe24e3d63a7-common-args.resp -include /Users/hectorgarcia/Library/Developer/Xcode/DerivedData/Build/Intermediates.noindex/GoogleUtilities.build/Debug-iphonesimulator/GoogleUtilities-Reachability.build/DerivedSources/resource_bundle_accessor.h -MMD -MT dependencies -MF /Users/hectorgarcia/Library/Developer/Xcode/DerivedData/Build/Intermediates.noindex/GoogleUtilities.build/Debug-iphonesimulator/GoogleUtilities-Reachability.build/Objects-normal/x86_64/resource_bundle_accessor.d --serialize-diagnostics /Users/hectorgarcia/Library/Developer/Xcode/DerivedData/Build/Intermediates.noindex/GoogleUtilities.build/Debug-iphonesimulator/GoogleUtilities-Reachability.build/Objects-normal/x86_64/resource_bundle_accessor.dia -c /Users/hectorgarcia/Library/Developer/Xcode/DerivedData/Build/Intermediates.noindex/GoogleUtilities.build/Debug-iphonesimulator/GoogleUtilities-Reachability.build/DerivedSources/resource_bundle_accessor.m -o /Users/hectorgarcia/Library/Developer/Xcode/DerivedData/Build/Intermediates.noindex/GoogleUtilities.build/Debug-iphonesimulator/GoogleUtilities-Reachability.build/Objects-normal/x86_64/resource_bundle_accessor.o -index-unit-output-path /GoogleUtilities.build/Debug-iphonesimulator/GoogleUtilities-Reachability.build/Objects-normal/x86_64/resource_bundle_accessor.o

ScanDependencies /Users/hectorgarcia/Library/Developer/Xcode/DerivedData/Build/Intermediates.noindex/GoogleUtilities.build/Debug-iphonesimulator/GoogleUtilities-Reachability.build/Objects-normal/x86_64/GULReachabilityChecker.o /Users/hectorgarcia/Library/Developer/Xcode/DerivedData/Lyo-eagkiegzrakogpczynhkaholsscs/SourcePackages/checkouts/GoogleUtilities/GoogleUtilities/Reachability/GULReachabilityChecker.m normal x86_64 objective-c com.apple.compilers.llvm.clang.1_0.compiler (in target 'GoogleUtilities-Reachability' from project 'GoogleUtilities')
    cd /Users/hectorgarcia/LYO_Da_ONE/Lyo.xcodeproj
    
    Using response file: /Users/hectorgarcia/Library/Developer/Xcode/DerivedData/Build/Intermediates.noindex/GoogleUtilities.build/Debug-iphonesimulator/GoogleUtilities-Reachability.build/Objects-normal/x86_64/e6072d4f65d7061329687fe24e3d63a7-common-args.resp
    
    builtin-ScanDependencies -o /Users/hectorgarcia/Library/Developer/Xcode/DerivedData/Build/Intermediates.noindex/GoogleUtilities.build/Debug-iphonesimulator/GoogleUtilities-Reachability.build/Objects-normal/x86_64/GULReachabilityChecker.o.scan -- /Users/hectorgarcia/Downloads/Xcode.app/Contents/Developer/Toolchains/XcodeDefault.xctoolchain/usr/bin/clang -x objective-c -ivfsstatcache /Users/hectorgarcia/Library/Developer/Xcode/DerivedData/SDKStatCaches.noindex/iphonesimulator26.2-23C53-823d3e8b6e60bc2018c189d3ca05ba9b.sdkstatcache -fmessage-length\=0 -fdiagnostics-show-note-include-stack -fmacro-backtrace-limit\=0 -fno-color-diagnostics -fmodules-prune-interval\=86400 -fmodules-prune-after\=345600 -fbuild-session-file\=/Users/hectorgarcia/Library/Developer/Xcode/DerivedData/ModuleCache.noindex/Session.modulevalidation -fmodules-validate-once-per-build-session -Wnon-modular-include-in-framework-module -Werror\=non-modular-include-in-framework-module -Wno-trigraphs -Wno-missing-field-initializers -Wno-missing-prototypes -Wno-return-type -Wno-implicit-atomic-properties -Wno-objc-interface-ivars -Wno-arc-repeated-use-of-weak -Wno-missing-braces -Wparentheses -Wswitch -Wno-unused-function -Wno-unused-label -Wno-unused-parameter -Wno-unused-variable -Wunused-value -Wno-empty-body -Wno-uninitialized -Wno-unknown-pragmas -w -Wno-shadow -Wno-four-char-constants -Wno-conversion -Wno-constant-conversion -Wno-int-conversion -Wno-bool-conversion -Wno-enum-conversion -Wno-float-conversion -Wno-non-literal-null-conversion -Wno-objc-literal-conversion -Wshorten-64-to-32 -Wpointer-sign -Wno-newline-eof -Wno-selector -Wno-strict-selector-match -Wno-undeclared-selector -Wno-deprecated-implementations -Wno-implicit-fallthrough -fstrict-aliasing -Wprotocol -Wdeprecated-declarations -Wno-sign-conversion -Wno-infinite-recursion -Wno-comma -Wno-block-capture-autoreleasing -Wno-strict-prototypes -Wno-semicolon-before-method-body -index-store-path /Users/hectorgarcia/Library/Developer/Xcode/DerivedData/Lyo-eagkiegzrakogpczynhkaholsscs/Index.noindex/DataStore @/Users/hectorgarcia/Library/Developer/Xcode/DerivedData/Build/Intermediates.noindex/GoogleUtilities.build/Debug-iphonesimulator/GoogleUtilities-Reachability.build/Objects-normal/x86_64/e6072d4f65d7061329687fe24e3d63a7-common-args.resp -include /Users/hectorgarcia/Library/Developer/Xcode/DerivedData/Build/Intermediates.noindex/GoogleUtilities.build/Debug-iphonesimulator/GoogleUtilities-Reachability.build/DerivedSources/resource_bundle_accessor.h -MMD -MT dependencies -MF /Users/hectorgarcia/Library/Developer/Xcode/DerivedData/Build/Intermediates.noindex/GoogleUtilities.build/Debug-iphonesimulator/GoogleUtilities-Reachability.build/Objects-normal/x86_64/GULReachabilityChecker.d --serialize-diagnostics /Users/hectorgarcia/Library/Developer/Xcode/DerivedData/Build/Intermediates.noindex/GoogleUtilities.build/Debug-iphonesimulator/GoogleUtilities-Reachability.build/Objects-normal/x86_64/GULReachabilityChecker.dia -c /Users/hectorgarcia/Library/Developer/Xcode/DerivedData/Lyo-eagkiegzrakogpczynhkaholsscs/SourcePackages/checkouts/GoogleUtilities/GoogleUtilities/Reachability/GULReachabilityChecker.m -o /Users/hectorgarcia/Library/Developer/Xcode/DerivedData/Build/Intermediates.noindex/GoogleUtilities.build/Debug-iphonesimulator/GoogleUtilities-Reachability.build/Objects-normal/x86_64/GULReachabilityChecker.o -index-unit-output-path /GoogleUtilities.build/Debug-iphonesimulator/GoogleUtilities-Reachability.build/Objects-normal/x86_64/GULReachabilityChecker.o

PrecompileModule /Users/hectorgarcia/Library/Developer/Xcode/DerivedData/Build/Intermediates.noindex/ExplicitPrecompiledModules/_Builtin_float-8XITZR98ENPA7OBMB99KO0GHF.scan
    cd /
    builtin-precompileModule /Users/hectorgarcia/Library/Developer/Xcode/DerivedData/Build/Intermediates.noindex/ExplicitPrecompiledModules/_Builtin_float-8XITZR98ENPA7OBMB99KO0GHF.scan

PrecompileModule /Users/hectorgarcia/Library/Developer/Xcode/DerivedData/Build/Intermediates.noindex/ExplicitPrecompiledModules/ptrauth-2NU1H9W6ZVLXCSDEKPR5T67UM.scan
    cd /
    builtin-precompileModule /Users/hectorgarcia/Library/Developer/Xcode/DerivedData/Build/Intermediates.noindex/ExplicitPrecompiledModules/ptrauth-2NU1H9W6ZVLXCSDEKPR5T67UM.scan

Touch /Users/hectorgarcia/Library/Developer/Xcode/DerivedData/Build/Products/Debug-iphonesimulator/GoogleUtilities_GoogleUtilities-AppDelegateSwizzler.bundle (in target 'GoogleUtilities_GoogleUtilities-AppDelegateSwizzler' from project 'GoogleUtilities')
    cd /Users/hectorgarcia/Library/Developer/Xcode/DerivedData/Lyo-eagkiegzrakogpczynhkaholsscs/SourcePackages/checkouts/GoogleUtilities
    /usr/bin/touch -c /Users/hectorgarcia/Library/Developer/Xcode/DerivedData/Build/Products/Debug-iphonesimulator/GoogleUtilities_GoogleUtilities-AppDelegateSwizzler.bundle

ScanDependencies /Users/hectorgarcia/Library/Developer/Xcode/DerivedData/Build/Intermediates.noindex/GoogleUtilities.build/Debug-iphonesimulator/GoogleUtilities-Network.build/Objects-normal/x86_64/resource_bundle_accessor.o /Users/hectorgarcia/Library/Developer/Xcode/DerivedData/Build/Intermediates.noindex/GoogleUtilities.build/Debug-iphonesimulator/GoogleUtilities-Network.build/DerivedSources/resource_bundle_accessor.m normal x86_64 objective-c com.apple.compilers.llvm.clang.1_0.compiler (in target 'GoogleUtilities-Network' from project 'GoogleUtilities')
    cd /Users/hectorgarcia/LYO_Da_ONE/Lyo.xcodeproj
    
    Using response file: /Users/hectorgarcia/Library/Developer/Xcode/DerivedData/Build/Intermediates.noindex/GoogleUtilities.build/Debug-iphonesimulator/GoogleUtilities-Network.build/Objects-normal/x86_64/e6072d4f65d7061329687fe24e3d63a7-common-args.resp
    
    builtin-ScanDependencies -o /Users/hectorgarcia/Library/Developer/Xcode/DerivedData/Build/Intermediates.noindex/GoogleUtilities.build/Debug-iphonesimulator/GoogleUtilities-Network.build/Objects-normal/x86_64/resource_bundle_accessor.o.scan -- /Users/hectorgarcia/Downloads/Xcode.app/Contents/Developer/Toolchains/XcodeDefault.xctoolchain/usr/bin/clang -x objective-c -ivfsstatcache /Users/hectorgarcia/Library/Developer/Xcode/DerivedData/SDKStatCaches.noindex/iphonesimulator26.2-23C53-823d3e8b6e60bc2018c189d3ca05ba9b.sdkstatcache -fmessage-length\=0 -fdiagnostics-show-note-include-stack -fmacro-backtrace-limit\=0 -fno-color-diagnostics -fmodules-prune-interval\=86400 -fmodules-prune-after\=345600 -fbuild-session-file\=/Users/hectorgarcia/Library/Developer/Xcode/DerivedData/ModuleCache.noindex/Session.modulevalidation -fmodules-validate-once-per-build-session -Wnon-modular-include-in-framework-module -Werror\=non-modular-include-in-framework-module -Wno-trigraphs -Wno-missing-field-initializers -Wno-missing-prototypes -Wno-return-type -Wno-implicit-atomic-properties -Wno-objc-interface-ivars -Wno-arc-repeated-use-of-weak -Wno-missing-braces -Wparentheses -Wswitch -Wno-unused-function -Wno-unused-label -Wno-unused-parameter -Wno-unused-variable -Wunused-value -Wno-empty-body -Wno-uninitialized -Wno-unknown-pragmas -w -Wno-shadow -Wno-four-char-constants -Wno-conversion -Wno-constant-conversion -Wno-int-conversion -Wno-bool-conversion -Wno-enum-conversion -Wno-float-conversion -Wno-non-literal-null-conversion -Wno-objc-literal-conversion -Wshorten-64-to-32 -Wpointer-sign -Wno-newline-eof -Wno-selector -Wno-strict-selector-match -Wno-undeclared-selector -Wno-deprecated-implementations -Wno-implicit-fallthrough -fstrict-aliasing -Wprotocol -Wdeprecated-declarations -Wno-sign-conversion -Wno-infinite-recursion -Wno-comma -Wno-block-capture-autoreleasing -Wno-strict-prototypes -Wno-semicolon-before-method-body -index-store-path /Users/hectorgarcia/Library/Developer/Xcode/DerivedData/Lyo-eagkiegzrakogpczynhkaholsscs/Index.noindex/DataStore @/Users/hectorgarcia/Library/Developer/Xcode/DerivedData/Build/Intermediates.noindex/GoogleUtilities.build/Debug-iphonesimulator/GoogleUtilities-Network.build/Objects-normal/x86_64/e6072d4f65d7061329687fe24e3d63a7-common-args.resp -include /Users/hectorgarcia/Library/Developer/Xcode/DerivedData/Build/Intermediates.noindex/GoogleUtilities.build/Debug-iphonesimulator/GoogleUtilities-Network.build/DerivedSources/resource_bundle_accessor.h -MMD -MT dependencies -MF /Users/hectorgarcia/Library/Developer/Xcode/DerivedData/Build/Intermediates.noindex/GoogleUtilities.build/Debug-iphonesimulator/GoogleUtilities-Network.build/Objects-normal/x86_64/resource_bundle_accessor.d --serialize-diagnostics /Users/hectorgarcia/Library/Developer/Xcode/DerivedData/Build/Intermediates.noindex/GoogleUtilities.build/Debug-iphonesimulator/GoogleUtilities-Network.build/Objects-normal/x86_64/resource_bundle_accessor.dia -c /Users/hectorgarcia/Library/Developer/Xcode/DerivedData/Build/Intermediates.noindex/GoogleUtilities.build/Debug-iphonesimulator/GoogleUtilities-Network.build/DerivedSources/resource_bundle_accessor.m -o /Users/hectorgarcia/Library/Developer/Xcode/DerivedData/Build/Intermediates.noindex/GoogleUtilities.build/Debug-iphonesimulator/GoogleUtilities-Network.build/Objects-normal/x86_64/resource_bundle_accessor.o -index-unit-output-path /GoogleUtilities.build/Debug-iphonesimulator/GoogleUtilities-Network.build/Objects-normal/x86_64/resource_bundle_accessor.o

ScanDependencies /Users/hectorgarcia/Library/Developer/Xcode/DerivedData/Build/Intermediates.noindex/GoogleUtilities.build/Debug-iphonesimulator/GoogleUtilities-Network.build/Objects-normal/x86_64/GULNetworkURLSession.o /Users/hectorgarcia/Library/Developer/Xcode/DerivedData/Lyo-eagkiegzrakogpczynhkaholsscs/SourcePackages/checkouts/GoogleUtilities/GoogleUtilities/Network/GULNetworkURLSession.m normal x86_64 objective-c com.apple.compilers.llvm.clang.1_0.compiler (in target 'GoogleUtilities-Network' from project 'GoogleUtilities')
    cd /Users/hectorgarcia/LYO_Da_ONE/Lyo.xcodeproj
    
    Using response file: /Users/hectorgarcia/Library/Developer/Xcode/DerivedData/Build/Intermediates.noindex/GoogleUtilities.build/Debug-iphonesimulator/GoogleUtilities-Network.build/Objects-normal/x86_64/e6072d4f65d7061329687fe24e3d63a7-common-args.resp
    
    builtin-ScanDependencies -o /Users/hectorgarcia/Library/Developer/Xcode/DerivedData/Build/Intermediates.noindex/GoogleUtilities.build/Debug-iphonesimulator/GoogleUtilities-Network.build/Objects-normal/x86_64/GULNetworkURLSession.o.scan -- /Users/hectorgarcia/Downloads/Xcode.app/Contents/Developer/Toolchains/XcodeDefault.xctoolchain/usr/bin/clang -x objective-c -ivfsstatcache /Users/hectorgarcia/Library/Developer/Xcode/DerivedData/SDKStatCaches.noindex/iphonesimulator26.2-23C53-823d3e8b6e60bc2018c189d3ca05ba9b.sdkstatcache -fmessage-length\=0 -fdiagnostics-show-note-include-stack -fmacro-backtrace-limit\=0 -fno-color-diagnostics -fmodules-prune-interval\=86400 -fmodules-prune-after\=345600 -fbuild-session-file\=/Users/hectorgarcia/Library/Developer/Xcode/DerivedData/ModuleCache.noindex/Session.modulevalidation -fmodules-validate-once-per-build-session -Wnon-modular-include-in-framework-module -Werror\=non-modular-include-in-framework-module -Wno-trigraphs -Wno-missing-field-initializers -Wno-missing-prototypes -Wno-return-type -Wno-implicit-atomic-properties -Wno-objc-interface-ivars -Wno-arc-repeated-use-of-weak -Wno-missing-braces -Wparentheses -Wswitch -Wno-unused-function -Wno-unused-label -Wno-unused-parameter -Wno-unused-variable -Wunused-value -Wno-empty-body -Wno-uninitialized -Wno-unknown-pragmas -w -Wno-shadow -Wno-four-char-constants -Wno-conversion -Wno-constant-conversion -Wno-int-conversion -Wno-bool-conversion -Wno-enum-conversion -Wno-float-conversion -Wno-non-literal-null-conversion -Wno-objc-literal-conversion -Wshorten-64-to-32 -Wpointer-sign -Wno-newline-eof -Wno-selector -Wno-strict-selector-match -Wno-undeclared-selector -Wno-deprecated-implementations -Wno-implicit-fallthrough -fstrict-aliasing -Wprotocol -Wdeprecated-declarations -Wno-sign-conversion -Wno-infinite-recursion -Wno-comma -Wno-block-capture-autoreleasing -Wno-strict-prototypes -Wno-semicolon-before-method-body -index-store-path /Users/hectorgarcia/Library/Developer/Xcode/DerivedData/Lyo-eagkiegzrakogpczynhkaholsscs/Index.noindex/DataStore @/Users/hectorgarcia/Library/Developer/Xcode/DerivedData/Build/Intermediates.noindex/GoogleUtilities.build/Debug-iphonesimulator/GoogleUtilities-Network.build/Objects-normal/x86_64/e6072d4f65d7061329687fe24e3d63a7-common-args.resp -include /Users/hectorgarcia/Library/Developer/Xcode/DerivedData/Build/Intermediates.noindex/GoogleUtilities.build/Debug-iphonesimulator/GoogleUtilities-Network.build/DerivedSources/resource_bundle_accessor.h -MMD -MT dependencies -MF /Users/hectorgarcia/Library/Developer/Xcode/DerivedData/Build/Intermediates.noindex/GoogleUtilities.build/Debug-iphonesimulator/GoogleUtilities-Network.build/Objects-normal/x86_64/GULNetworkURLSession.d --serialize-diagnostics /Users/hectorgarcia/Library/Developer/Xcode/DerivedData/Build/Intermediates.noindex/GoogleUtilities.build/Debug-iphonesimulator/GoogleUtilities-Network.build/Objects-normal/x86_64/GULNetworkURLSession.dia -c /Users/hectorgarcia/Library/Developer/Xcode/DerivedData/Lyo-eagkiegzrakogpczynhkaholsscs/SourcePackages/checkouts/GoogleUtilities/GoogleUtilities/Network/GULNetworkURLSession.m -o /Users/hectorgarcia/Library/Developer/Xcode/DerivedData/Build/Intermediates.noindex/GoogleUtilities.build/Debug-iphonesimulator/GoogleUtilities-Network.build/Objects-normal/x86_64/GULNetworkURLSession.o -index-unit-output-path /GoogleUtilities.build/Debug-iphonesimulator/GoogleUtilities-Network.build/Objects-normal/x86_64/GULNetworkURLSession.o

ScanDependencies /Users/hectorgarcia/Library/Developer/Xcode/DerivedData/Build/Intermediates.noindex/GoogleUtilities.build/Debug-iphonesimulator/GoogleUtilities-Network.build/Objects-normal/x86_64/GULNetworkConstants.o /Users/hectorgarcia/Library/Developer/Xcode/DerivedData/Lyo-eagkiegzrakogpczynhkaholsscs/SourcePackages/checkouts/GoogleUtilities/GoogleUtilities/Network/GULNetworkConstants.m normal x86_64 objective-c com.apple.compilers.llvm.clang.1_0.compiler (in target 'GoogleUtilities-Network' from project 'GoogleUtilities')
    cd /Users/hectorgarcia/LYO_Da_ONE/Lyo.xcodeproj
    
    Using response file: /Users/hectorgarcia/Library/Developer/Xcode/DerivedData/Build/Intermediates.noindex/GoogleUtilities.build/Debug-iphonesimulator/GoogleUtilities-Network.build/Objects-normal/x86_64/e6072d4f65d7061329687fe24e3d63a7-common-args.resp
    
    builtin-ScanDependencies -o /Users/hectorgarcia/Library/Developer/Xcode/DerivedData/Build/Intermediates.noindex/GoogleUtilities.build/Debug-iphonesimulator/GoogleUtilities-Network.build/Objects-normal/x86_64/GULNetworkConstants.o.scan -- /Users/hectorgarcia/Downloads/Xcode.app/Contents/Developer/Toolchains/XcodeDefault.xctoolchain/usr/bin/clang -x objective-c -ivfsstatcache /Users/hectorgarcia/Library/Developer/Xcode/DerivedData/SDKStatCaches.noindex/iphonesimulator26.2-23C53-823d3e8b6e60bc2018c189d3ca05ba9b.sdkstatcache -fmessage-length\=0 -fdiagnostics-show-note-include-stack -fmacro-backtrace-limit\=0 -fno-color-diagnostics -fmodules-prune-interval\=86400 -fmodules-prune-after\=345600 -fbuild-session-file\=/Users/hectorgarcia/Library/Developer/Xcode/DerivedData/ModuleCache.noindex/Session.modulevalidation -fmodules-validate-once-per-build-session -Wnon-modular-include-in-framework-module -Werror\=non-modular-include-in-framework-module -Wno-trigraphs -Wno-missing-field-initializers -Wno-missing-prototypes -Wno-return-type -Wno-implicit-atomic-properties -Wno-objc-interface-ivars -Wno-arc-repeated-use-of-weak -Wno-missing-braces -Wparentheses -Wswitch -Wno-unused-function -Wno-unused-label -Wno-unused-parameter -Wno-unused-variable -Wunused-value -Wno-empty-body -Wno-uninitialized -Wno-unknown-pragmas -w -Wno-shadow -Wno-four-char-constants -Wno-conversion -Wno-constant-conversion -Wno-int-conversion -Wno-bool-conversion -Wno-enum-conversion -Wno-float-conversion -Wno-non-literal-null-conversion -Wno-objc-literal-conversion -Wshorten-64-to-32 -Wpointer-sign -Wno-newline-eof -Wno-selector -Wno-strict-selector-match -Wno-undeclared-selector -Wno-deprecated-implementations -Wno-implicit-fallthrough -fstrict-aliasing -Wprotocol -Wdeprecated-declarations -Wno-sign-conversion -Wno-infinite-recursion -Wno-comma -Wno-block-capture-autoreleasing -Wno-strict-prototypes -Wno-semicolon-before-method-body -index-store-path /Users/hectorgarcia/Library/Developer/Xcode/DerivedData/Lyo-eagkiegzrakogpczynhkaholsscs/Index.noindex/DataStore @/Users/hectorgarcia/Library/Developer/Xcode/DerivedData/Build/Intermediates.noindex/GoogleUtilities.build/Debug-iphonesimulator/GoogleUtilities-Network.build/Objects-normal/x86_64/e6072d4f65d7061329687fe24e3d63a7-common-args.resp -include /Users/hectorgarcia/Library/Developer/Xcode/DerivedData/Build/Intermediates.noindex/GoogleUtilities.build/Debug-iphonesimulator/GoogleUtilities-Network.build/DerivedSources/resource_bundle_accessor.h -MMD -MT dependencies -MF /Users/hectorgarcia/Library/Developer/Xcode/DerivedData/Build/Intermediates.noindex/GoogleUtilities.build/Debug-iphonesimulator/GoogleUtilities-Network.build/Objects-normal/x86_64/GULNetworkConstants.d --serialize-diagnostics /Users/hectorgarcia/Library/Developer/Xcode/DerivedData/Build/Intermediates.noindex/GoogleUtilities.build/Debug-iphonesimulator/GoogleUtilities-Network.build/Objects-normal/x86_64/GULNetworkConstants.dia -c /Users/hectorgarcia/Library/Developer/Xcode/DerivedData/Lyo-eagkiegzrakogpczynhkaholsscs/SourcePackages/checkouts/GoogleUtilities/GoogleUtilities/Network/GULNetworkConstants.m -o /Users/hectorgarcia/Library/Developer/Xcode/DerivedData/Build/Intermediates.noindex/GoogleUtilities.build/Debug-iphonesimulator/GoogleUtilities-Network.build/Objects-normal/x86_64/GULNetworkConstants.o -index-unit-output-path /GoogleUtilities.build/Debug-iphonesimulator/GoogleUtilities-Network.build/Objects-normal/x86_64/GULNetworkConstants.o

ScanDependencies /Users/hectorgarcia/Library/Developer/Xcode/DerivedData/Build/Intermediates.noindex/GoogleUtilities.build/Debug-iphonesimulator/GoogleUtilities-Network.build/Objects-normal/x86_64/GULNetwork.o /Users/hectorgarcia/Library/Developer/Xcode/DerivedData/Lyo-eagkiegzrakogpczynhkaholsscs/SourcePackages/checkouts/GoogleUtilities/GoogleUtilities/Network/GULNetwork.m normal x86_64 objective-c com.apple.compilers.llvm.clang.1_0.compiler (in target 'GoogleUtilities-Network' from project 'GoogleUtilities')
    cd /Users/hectorgarcia/LYO_Da_ONE/Lyo.xcodeproj
    
    Using response file: /Users/hectorgarcia/Library/Developer/Xcode/DerivedData/Build/Intermediates.noindex/GoogleUtilities.build/Debug-iphonesimulator/GoogleUtilities-Network.build/Objects-normal/x86_64/e6072d4f65d7061329687fe24e3d63a7-common-args.resp
    
    builtin-ScanDependencies -o /Users/hectorgarcia/Library/Developer/Xcode/DerivedData/Build/Intermediates.noindex/GoogleUtilities.build/Debug-iphonesimulator/GoogleUtilities-Network.build/Objects-normal/x86_64/GULNetwork.o.scan -- /Users/hectorgarcia/Downloads/Xcode.app/Contents/Developer/Toolchains/XcodeDefault.xctoolchain/usr/bin/clang -x objective-c -ivfsstatcache /Users/hectorgarcia/Library/Developer/Xcode/DerivedData/SDKStatCaches.noindex/iphonesimulator26.2-23C53-823d3e8b6e60bc2018c189d3ca05ba9b.sdkstatcache -fmessage-length\=0 -fdiagnostics-show-note-include-stack -fmacro-backtrace-limit\=0 -fno-color-diagnostics -fmodules-prune-interval\=86400 -fmodules-prune-after\=345600 -fbuild-session-file\=/Users/hectorgarcia/Library/Developer/Xcode/DerivedData/ModuleCache.noindex/Session.modulevalidation -fmodules-validate-once-per-build-session -Wnon-modular-include-in-framework-module -Werror\=non-modular-include-in-framework-module -Wno-trigraphs -Wno-missing-field-initializers -Wno-missing-prototypes -Wno-return-type -Wno-implicit-atomic-properties -Wno-objc-interface-ivars -Wno-arc-repeated-use-of-weak -Wno-missing-braces -Wparentheses -Wswitch -Wno-unused-function -Wno-unused-label -Wno-unused-parameter -Wno-unused-variable -Wunused-value -Wno-empty-body -Wno-uninitialized -Wno-unknown-pragmas -w -Wno-shadow -Wno-four-char-constants -Wno-conversion -Wno-constant-conversion -Wno-int-conversion -Wno-bool-conversion -Wno-enum-conversion -Wno-float-conversion -Wno-non-literal-null-conversion -Wno-objc-literal-conversion -Wshorten-64-to-32 -Wpointer-sign -Wno-newline-eof -Wno-selector -Wno-strict-selector-match -Wno-undeclared-selector -Wno-deprecated-implementations -Wno-implicit-fallthrough -fstrict-aliasing -Wprotocol -Wdeprecated-declarations -Wno-sign-conversion -Wno-infinite-recursion -Wno-comma -Wno-block-capture-autoreleasing -Wno-strict-prototypes -Wno-semicolon-before-method-body -index-store-path /Users/hectorgarcia/Library/Developer/Xcode/DerivedData/Lyo-eagkiegzrakogpczynhkaholsscs/Index.noindex/DataStore @/Users/hectorgarcia/Library/Developer/Xcode/DerivedData/Build/Intermediates.noindex/GoogleUtilities.build/Debug-iphonesimulator/GoogleUtilities-Network.build/Objects-normal/x86_64/e6072d4f65d7061329687fe24e3d63a7-common-args.resp -include /Users/hectorgarcia/Library/Developer/Xcode/DerivedData/Build/Intermediates.noindex/GoogleUtilities.build/Debug-iphonesimulator/GoogleUtilities-Network.build/DerivedSources/resource_bundle_accessor.h -MMD -MT dependencies -MF /Users/hectorgarcia/Library/Developer/Xcode/DerivedData/Build/Intermediates.noindex/GoogleUtilities.build/Debug-iphonesimulator/GoogleUtilities-Network.build/Objects-normal/x86_64/GULNetwork.d --serialize-diagnostics /Users/hectorgarcia/Library/Developer/Xcode/DerivedData/Build/Intermediates.noindex/GoogleUtilities.build/Debug-iphonesimulator/GoogleUtilities-Network.build/Objects-normal/x86_64/GULNetwork.dia -c /Users/hectorgarcia/Library/Developer/Xcode/DerivedData/Lyo-eagkiegzrakogpczynhkaholsscs/SourcePackages/checkouts/GoogleUtilities/GoogleUtilities/Network/GULNetwork.m -o /Users/hectorgarcia/Library/Developer/Xcode/DerivedData/Build/Intermediates.noindex/GoogleUtilities.build/Debug-iphonesimulator/GoogleUtilities-Network.build/Objects-normal/x86_64/GULNetwork.o -index-unit-output-path /GoogleUtilities.build/Debug-iphonesimulator/GoogleUtilities-Network.build/Objects-normal/x86_64/GULNetwork.o

ScanDependencies /Users/hectorgarcia/Library/Developer/Xcode/DerivedData/Build/Intermediates.noindex/GoogleUtilities.build/Debug-iphonesimulator/GoogleUtilities-Network.build/Objects-normal/x86_64/GULMutableDictionary.o /Users/hectorgarcia/Library/Developer/Xcode/DerivedData/Lyo-eagkiegzrakogpczynhkaholsscs/SourcePackages/checkouts/GoogleUtilities/GoogleUtilities/Network/GULMutableDictionary.m normal x86_64 objective-c com.apple.compilers.llvm.clang.1_0.compiler (in target 'GoogleUtilities-Network' from project 'GoogleUtilities')
    cd /Users/hectorgarcia/LYO_Da_ONE/Lyo.xcodeproj
    
    Using response file: /Users/hectorgarcia/Library/Developer/Xcode/DerivedData/Build/Intermediates.noindex/GoogleUtilities.build/Debug-iphonesimulator/GoogleUtilities-Network.build/Objects-normal/x86_64/e6072d4f65d7061329687fe24e3d63a7-common-args.resp
    
    builtin-ScanDependencies -o /Users/hectorgarcia/Library/Developer/Xcode/DerivedData/Build/Intermediates.noindex/GoogleUtilities.build/Debug-iphonesimulator/GoogleUtilities-Network.build/Objects-normal/x86_64/GULMutableDictionary.o.scan -- /Users/hectorgarcia/Downloads/Xcode.app/Contents/Developer/Toolchains/XcodeDefault.xctoolchain/usr/bin/clang -x objective-c -ivfsstatcache /Users/hectorgarcia/Library/Developer/Xcode/DerivedData/SDKStatCaches.noindex/iphonesimulator26.2-23C53-823d3e8b6e60bc2018c189d3ca05ba9b.sdkstatcache -fmessage-length\=0 -fdiagnostics-show-note-include-stack -fmacro-backtrace-limit\=0 -fno-color-diagnostics -fmodules-prune-interval\=86400 -fmodules-prune-after\=345600 -fbuild-session-file\=/Users/hectorgarcia/Library/Developer/Xcode/DerivedData/ModuleCache.noindex/Session.modulevalidation -fmodules-validate-once-per-build-session -Wnon-modular-include-in-framework-module -Werror\=non-modular-include-in-framework-module -Wno-trigraphs -Wno-missing-field-initializers -Wno-missing-prototypes -Wno-return-type -Wno-implicit-atomic-properties -Wno-objc-interface-ivars -Wno-arc-repeated-use-of-weak -Wno-missing-braces -Wparentheses -Wswitch -Wno-unused-function -Wno-unused-label -Wno-unused-parameter -Wno-unused-variable -Wunused-value -Wno-empty-body -Wno-uninitialized -Wno-unknown-pragmas -w -Wno-shadow -Wno-four-char-constants -Wno-conversion -Wno-constant-conversion -Wno-int-conversion -Wno-bool-conversion -Wno-enum-conversion -Wno-float-conversion -Wno-non-literal-null-conversion -Wno-objc-literal-conversion -Wshorten-64-to-32 -Wpointer-sign -Wno-newline-eof -Wno-selector -Wno-strict-selector-match -Wno-undeclared-selector -Wno-deprecated-implementations -Wno-implicit-fallthrough -fstrict-aliasing -Wprotocol -Wdeprecated-declarations -Wno-sign-conversion -Wno-infinite-recursion -Wno-comma -Wno-block-capture-autoreleasing -Wno-strict-prototypes -Wno-semicolon-before-method-body -index-store-path /Users/hectorgarcia/Library/Developer/Xcode/DerivedData/Lyo-eagkiegzrakogpczynhkaholsscs/Index.noindex/DataStore @/Users/hectorgarcia/Library/Developer/Xcode/DerivedData/Build/Intermediates.noindex/GoogleUtilities.build/Debug-iphonesimulator/GoogleUtilities-Network.build/Objects-normal/x86_64/e6072d4f65d7061329687fe24e3d63a7-common-args.resp -include /Users/hectorgarcia/Library/Developer/Xcode/DerivedData/Build/Intermediates.noindex/GoogleUtilities.build/Debug-iphonesimulator/GoogleUtilities-Network.build/DerivedSources/resource_bundle_accessor.h -MMD -MT dependencies -MF /Users/hectorgarcia/Library/Developer/Xcode/DerivedData/Build/Intermediates.noindex/GoogleUtilities.build/Debug-iphonesimulator/GoogleUtilities-Network.build/Objects-normal/x86_64/GULMutableDictionary.d --serialize-diagnostics /Users/hectorgarcia/Library/Developer/Xcode/DerivedData/Build/Intermediates.noindex/GoogleUtilities.build/Debug-iphonesimulator/GoogleUtilities-Network.build/Objects-normal/x86_64/GULMutableDictionary.dia -c /Users/hectorgarcia/Library/Developer/Xcode/DerivedData/Lyo-eagkiegzrakogpczynhkaholsscs/SourcePackages/checkouts/GoogleUtilities/GoogleUtilities/Network/GULMutableDictionary.m -o /Users/hectorgarcia/Library/Developer/Xcode/DerivedData/Build/Intermediates.noindex/GoogleUtilities.build/Debug-iphonesimulator/GoogleUtilities-Network.build/Objects-normal/x86_64/GULMutableDictionary.o -index-unit-output-path /GoogleUtilities.build/Debug-iphonesimulator/GoogleUtilities-Network.build/Objects-normal/x86_64/GULMutableDictionary.o

PrecompileModule /Users/hectorgarcia/Library/Developer/Xcode/DerivedData/Build/Intermediates.noindex/ExplicitPrecompiledModules/_Builtin_stdint-VNX5HZWPL59TP8GJ8TAYNTKA.scan
    cd /
    builtin-precompileModule /Users/hectorgarcia/Library/Developer/Xcode/DerivedData/Build/Intermediates.noindex/ExplicitPrecompiledModules/_Builtin_stdint-VNX5HZWPL59TP8GJ8TAYNTKA.scan

PrecompileModule /Users/hectorgarcia/Library/Developer/Xcode/DerivedData/Build/Intermediates.noindex/ExplicitPrecompiledModules/_Builtin_stdint-47UU7MBWF0CMBMBYOELSRFRW0.scan
    cd /
    builtin-precompileModule /Users/hectorgarcia/Library/Developer/Xcode/DerivedData/Build/Intermediates.noindex/ExplicitPrecompiledModules/_Builtin_stdint-47UU7MBWF0CMBMBYOELSRFRW0.scan

PrecompileModule /Users/hectorgarcia/Library/Developer/Xcode/DerivedData/Build/Intermediates.noindex/ExplicitPrecompiledModules/_DarwinFoundation3-CKVOGU24IZM6RDU9F87EOR48A.scan
    cd /
    builtin-precompileModule /Users/hectorgarcia/Library/Developer/Xcode/DerivedData/Build/Intermediates.noindex/ExplicitPrecompiledModules/_DarwinFoundation3-CKVOGU24IZM6RDU9F87EOR48A.scan

PrecompileModule /Users/hectorgarcia/Library/Developer/Xcode/DerivedData/Build/Intermediates.noindex/ExplicitPrecompiledModules/_DarwinFoundation3-6TZU7NESDOOR5KNC2DNLY15JB.scan
    cd /
    builtin-precompileModule /Users/hectorgarcia/Library/Developer/Xcode/DerivedData/Build/Intermediates.noindex/ExplicitPrecompiledModules/_DarwinFoundation3-6TZU7NESDOOR5KNC2DNLY15JB.scan

ScanDependencies /Users/hectorgarcia/Library/Developer/Xcode/DerivedData/Build/Intermediates.noindex/GoogleUtilities.build/Debug-iphonesimulator/GoogleUtilities-NSData.build/Objects-normal/x86_64/resource_bundle_accessor.o /Users/hectorgarcia/Library/Developer/Xcode/DerivedData/Build/Intermediates.noindex/GoogleUtilities.build/Debug-iphonesimulator/GoogleUtilities-NSData.build/DerivedSources/resource_bundle_accessor.m normal x86_64 objective-c com.apple.compilers.llvm.clang.1_0.compiler (in target 'GoogleUtilities-NSData' from project 'GoogleUtilities')
    cd /Users/hectorgarcia/LYO_Da_ONE/Lyo.xcodeproj
    
    Using response file: /Users/hectorgarcia/Library/Developer/Xcode/DerivedData/Build/Intermediates.noindex/GoogleUtilities.build/Debug-iphonesimulator/GoogleUtilities-NSData.build/Objects-normal/x86_64/e6072d4f65d7061329687fe24e3d63a7-common-args.resp
    
    builtin-ScanDependencies -o /Users/hectorgarcia/Library/Developer/Xcode/DerivedData/Build/Intermediates.noindex/GoogleUtilities.build/Debug-iphonesimulator/GoogleUtilities-NSData.build/Objects-normal/x86_64/resource_bundle_accessor.o.scan -- /Users/hectorgarcia/Downloads/Xcode.app/Contents/Developer/Toolchains/XcodeDefault.xctoolchain/usr/bin/clang -x objective-c -ivfsstatcache /Users/hectorgarcia/Library/Developer/Xcode/DerivedData/SDKStatCaches.noindex/iphonesimulator26.2-23C53-823d3e8b6e60bc2018c189d3ca05ba9b.sdkstatcache -fmessage-length\=0 -fdiagnostics-show-note-include-stack -fmacro-backtrace-limit\=0 -fno-color-diagnostics -fmodules-prune-interval\=86400 -fmodules-prune-after\=345600 -fbuild-session-file\=/Users/hectorgarcia/Library/Developer/Xcode/DerivedData/ModuleCache.noindex/Session.modulevalidation -fmodules-validate-once-per-build-session -Wnon-modular-include-in-framework-module -Werror\=non-modular-include-in-framework-module -Wno-trigraphs -Wno-missing-field-initializers -Wno-missing-prototypes -Wno-return-type -Wno-implicit-atomic-properties -Wno-objc-interface-ivars -Wno-arc-repeated-use-of-weak -Wno-missing-braces -Wparentheses -Wswitch -Wno-unused-function -Wno-unused-label -Wno-unused-parameter -Wno-unused-variable -Wunused-value -Wno-empty-body -Wno-uninitialized -Wno-unknown-pragmas -w -Wno-shadow -Wno-four-char-constants -Wno-conversion -Wno-constant-conversion -Wno-int-conversion -Wno-bool-conversion -Wno-enum-conversion -Wno-float-conversion -Wno-non-literal-null-conversion -Wno-objc-literal-conversion -Wshorten-64-to-32 -Wpointer-sign -Wno-newline-eof -Wno-selector -Wno-strict-selector-match -Wno-undeclared-selector -Wno-deprecated-implementations -Wno-implicit-fallthrough -fstrict-aliasing -Wprotocol -Wdeprecated-declarations -Wno-sign-conversion -Wno-infinite-recursion -Wno-comma -Wno-block-capture-autoreleasing -Wno-strict-prototypes -Wno-semicolon-before-method-body -index-store-path /Users/hectorgarcia/Library/Developer/Xcode/DerivedData/Lyo-eagkiegzrakogpczynhkaholsscs/Index.noindex/DataStore @/Users/hectorgarcia/Library/Developer/Xcode/DerivedData/Build/Intermediates.noindex/GoogleUtilities.build/Debug-iphonesimulator/GoogleUtilities-NSData.build/Objects-normal/x86_64/e6072d4f65d7061329687fe24e3d63a7-common-args.resp -include /Users/hectorgarcia/Library/Developer/Xcode/DerivedData/Build/Intermediates.noindex/GoogleUtilities.build/Debug-iphonesimulator/GoogleUtilities-NSData.build/DerivedSources/resource_bundle_accessor.h -MMD -MT dependencies -MF /Users/hectorgarcia/Library/Developer/Xcode/DerivedData/Build/Intermediates.noindex/GoogleUtilities.build/Debug-iphonesimulator/GoogleUtilities-NSData.build/Objects-normal/x86_64/resource_bundle_accessor.d --serialize-diagnostics /Users/hectorgarcia/Library/Developer/Xcode/DerivedData/Build/Intermediates.noindex/GoogleUtilities.build/Debug-iphonesimulator/GoogleUtilities-NSData.build/Objects-normal/x86_64/resource_bundle_accessor.dia -c /Users/hectorgarcia/Library/Developer/Xcode/DerivedData/Build/Intermediates.noindex/GoogleUtilities.build/Debug-iphonesimulator/GoogleUtilities-NSData.build/DerivedSources/resource_bundle_accessor.m -o /Users/hectorgarcia/Library/Developer/Xcode/DerivedData/Build/Intermediates.noindex/GoogleUtilities.build/Debug-iphonesimulator/GoogleUtilities-NSData.build/Objects-normal/x86_64/resource_bundle_accessor.o -index-unit-output-path /GoogleUtilities.build/Debug-iphonesimulator/GoogleUtilities-NSData.build/Objects-normal/x86_64/resource_bundle_accessor.o

ScanDependencies /Users/hectorgarcia/Library/Developer/Xcode/DerivedData/Build/Intermediates.noindex/GoogleUtilities.build/Debug-iphonesimulator/GoogleUtilities-NSData.build/Objects-normal/x86_64/GULNSData+zlib.o /Users/hectorgarcia/Library/Developer/Xcode/DerivedData/Lyo-eagkiegzrakogpczynhkaholsscs/SourcePackages/checkouts/GoogleUtilities/GoogleUtilities/NSData+zlib/GULNSData+zlib.m normal x86_64 objective-c com.apple.compilers.llvm.clang.1_0.compiler (in target 'GoogleUtilities-NSData' from project 'GoogleUtilities')
    cd /Users/hectorgarcia/LYO_Da_ONE/Lyo.xcodeproj
    
    Using response file: /Users/hectorgarcia/Library/Developer/Xcode/DerivedData/Build/Intermediates.noindex/GoogleUtilities.build/Debug-iphonesimulator/GoogleUtilities-NSData.build/Objects-normal/x86_64/e6072d4f65d7061329687fe24e3d63a7-common-args.resp
    
    builtin-ScanDependencies -o /Users/hectorgarcia/Library/Developer/Xcode/DerivedData/Build/Intermediates.noindex/GoogleUtilities.build/Debug-iphonesimulator/GoogleUtilities-NSData.build/Objects-normal/x86_64/GULNSData+zlib.o.scan -- /Users/hectorgarcia/Downloads/Xcode.app/Contents/Developer/Toolchains/XcodeDefault.xctoolchain/usr/bin/clang -x objective-c -ivfsstatcache /Users/hectorgarcia/Library/Developer/Xcode/DerivedData/SDKStatCaches.noindex/iphonesimulator26.2-23C53-823d3e8b6e60bc2018c189d3ca05ba9b.sdkstatcache -fmessage-length\=0 -fdiagnostics-show-note-include-stack -fmacro-backtrace-limit\=0 -fno-color-diagnostics -fmodules-prune-interval\=86400 -fmodules-prune-after\=345600 -fbuild-session-file\=/Users/hectorgarcia/Library/Developer/Xcode/DerivedData/ModuleCache.noindex/Session.modulevalidation -fmodules-validate-once-per-build-session -Wnon-modular-include-in-framework-module -Werror\=non-modular-include-in-framework-module -Wno-trigraphs -Wno-missing-field-initializers -Wno-missing-prototypes -Wno-return-type -Wno-implicit-atomic-properties -Wno-objc-interface-ivars -Wno-arc-repeated-use-of-weak -Wno-missing-braces -Wparentheses -Wswitch -Wno-unused-function -Wno-unused-label -Wno-unused-parameter -Wno-unused-variable -Wunused-value -Wno-empty-body -Wno-uninitialized -Wno-unknown-pragmas -w -Wno-shadow -Wno-four-char-constants -Wno-conversion -Wno-constant-conversion -Wno-int-conversion -Wno-bool-conversion -Wno-enum-conversion -Wno-float-conversion -Wno-non-literal-null-conversion -Wno-objc-literal-conversion -Wshorten-64-to-32 -Wpointer-sign -Wno-newline-eof -Wno-selector -Wno-strict-selector-match -Wno-undeclared-selector -Wno-deprecated-implementations -Wno-implicit-fallthrough -fstrict-aliasing -Wprotocol -Wdeprecated-declarations -Wno-sign-conversion -Wno-infinite-recursion -Wno-comma -Wno-block-capture-autoreleasing -Wno-strict-prototypes -Wno-semicolon-before-method-body -index-store-path /Users/hectorgarcia/Library/Developer/Xcode/DerivedData/Lyo-eagkiegzrakogpczynhkaholsscs/Index.noindex/DataStore @/Users/hectorgarcia/Library/Developer/Xcode/DerivedData/Build/Intermediates.noindex/GoogleUtilities.build/Debug-iphonesimulator/GoogleUtilities-NSData.build/Objects-normal/x86_64/e6072d4f65d7061329687fe24e3d63a7-common-args.resp -include /Users/hectorgarcia/Library/Developer/Xcode/DerivedData/Build/Intermediates.noindex/GoogleUtilities.build/Debug-iphonesimulator/GoogleUtilities-NSData.build/DerivedSources/resource_bundle_accessor.h -MMD -MT dependencies -MF /Users/hectorgarcia/Library/Developer/Xcode/DerivedData/Build/Intermediates.noindex/GoogleUtilities.build/Debug-iphonesimulator/GoogleUtilities-NSData.build/Objects-normal/x86_64/GULNSData+zlib.d --serialize-diagnostics /Users/hectorgarcia/Library/Developer/Xcode/DerivedData/Build/Intermediates.noindex/GoogleUtilities.build/Debug-iphonesimulator/GoogleUtilities-NSData.build/Objects-normal/x86_64/GULNSData+zlib.dia -c /Users/hectorgarcia/Library/Developer/Xcode/DerivedData/Lyo-eagkiegzrakogpczynhkaholsscs/SourcePackages/checkouts/GoogleUtilities/GoogleUtilities/NSData+zlib/GULNSData+zlib.m -o /Users/hectorgarcia/Library/Developer/Xcode/DerivedData/Build/Intermediates.noindex/GoogleUtilities.build/Debug-iphonesimulator/GoogleUtilities-NSData.build/Objects-normal/x86_64/GULNSData+zlib.o -index-unit-output-path /GoogleUtilities.build/Debug-iphonesimulator/GoogleUtilities-NSData.build/Objects-normal/x86_64/GULNSData+zlib.o

PrecompileModule /Users/hectorgarcia/Library/Developer/Xcode/DerivedData/Build/Intermediates.noindex/ExplicitPrecompiledModules/_Builtin_stdint-50VKEWO8INNIV16DK9F16ZR0R.scan
    cd /
    builtin-precompileModule /Users/hectorgarcia/Library/Developer/Xcode/DerivedData/Build/Intermediates.noindex/ExplicitPrecompiledModules/_Builtin_stdint-50VKEWO8INNIV16DK9F16ZR0R.scan

ScanDependencies /Users/hectorgarcia/Library/Developer/Xcode/DerivedData/Build/Intermediates.noindex/GoogleUtilities.build/Debug-iphonesimulator/GoogleUtilities-Logger.build/Objects-normal/x86_64/resource_bundle_accessor.o /Users/hectorgarcia/Library/Developer/Xcode/DerivedData/Build/Intermediates.noindex/GoogleUtilities.build/Debug-iphonesimulator/GoogleUtilities-Logger.build/DerivedSources/resource_bundle_accessor.m normal x86_64 objective-c com.apple.compilers.llvm.clang.1_0.compiler (in target 'GoogleUtilities-Logger' from project 'GoogleUtilities')
    cd /Users/hectorgarcia/LYO_Da_ONE/Lyo.xcodeproj
    
    Using response file: /Users/hectorgarcia/Library/Developer/Xcode/DerivedData/Build/Intermediates.noindex/GoogleUtilities.build/Debug-iphonesimulator/GoogleUtilities-Logger.build/Objects-normal/x86_64/e6072d4f65d7061329687fe24e3d63a7-common-args.resp
    
    builtin-ScanDependencies -o /Users/hectorgarcia/Library/Developer/Xcode/DerivedData/Build/Intermediates.noindex/GoogleUtilities.build/Debug-iphonesimulator/GoogleUtilities-Logger.build/Objects-normal/x86_64/resource_bundle_accessor.o.scan -- /Users/hectorgarcia/Downloads/Xcode.app/Contents/Developer/Toolchains/XcodeDefault.xctoolchain/usr/bin/clang -x objective-c -ivfsstatcache /Users/hectorgarcia/Library/Developer/Xcode/DerivedData/SDKStatCaches.noindex/iphonesimulator26.2-23C53-823d3e8b6e60bc2018c189d3ca05ba9b.sdkstatcache -fmessage-length\=0 -fdiagnostics-show-note-include-stack -fmacro-backtrace-limit\=0 -fno-color-diagnostics -fmodules-prune-interval\=86400 -fmodules-prune-after\=345600 -fbuild-session-file\=/Users/hectorgarcia/Library/Developer/Xcode/DerivedData/ModuleCache.noindex/Session.modulevalidation -fmodules-validate-once-per-build-session -Wnon-modular-include-in-framework-module -Werror\=non-modular-include-in-framework-module -Wno-trigraphs -Wno-missing-field-initializers -Wno-missing-prototypes -Wno-return-type -Wno-implicit-atomic-properties -Wno-objc-interface-ivars -Wno-arc-repeated-use-of-weak -Wno-missing-braces -Wparentheses -Wswitch -Wno-unused-function -Wno-unused-label -Wno-unused-parameter -Wno-unused-variable -Wunused-value -Wno-empty-body -Wno-uninitialized -Wno-unknown-pragmas -w -Wno-shadow -Wno-four-char-constants -Wno-conversion -Wno-constant-conversion -Wno-int-conversion -Wno-bool-conversion -Wno-enum-conversion -Wno-float-conversion -Wno-non-literal-null-conversion -Wno-objc-literal-conversion -Wshorten-64-to-32 -Wpointer-sign -Wno-newline-eof -Wno-selector -Wno-strict-selector-match -Wno-undeclared-selector -Wno-deprecated-implementations -Wno-implicit-fallthrough -fstrict-aliasing -Wprotocol -Wdeprecated-declarations -Wno-sign-conversion -Wno-infinite-recursion -Wno-comma -Wno-block-capture-autoreleasing -Wno-strict-prototypes -Wno-semicolon-before-method-body -index-store-path /Users/hectorgarcia/Library/Developer/Xcode/DerivedData/Lyo-eagkiegzrakogpczynhkaholsscs/Index.noindex/DataStore @/Users/hectorgarcia/Library/Developer/Xcode/DerivedData/Build/Intermediates.noindex/GoogleUtilities.build/Debug-iphonesimulator/GoogleUtilities-Logger.build/Objects-normal/x86_64/e6072d4f65d7061329687fe24e3d63a7-common-args.resp -include /Users/hectorgarcia/Library/Developer/Xcode/DerivedData/Build/Intermediates.noindex/GoogleUtilities.build/Debug-iphonesimulator/GoogleUtilities-Logger.build/DerivedSources/resource_bundle_accessor.h -MMD -MT dependencies -MF /Users/hectorgarcia/Library/Developer/Xcode/DerivedData/Build/Intermediates.noindex/GoogleUtilities.build/Debug-iphonesimulator/GoogleUtilities-Logger.build/Objects-normal/x86_64/resource_bundle_accessor.d --serialize-diagnostics /Users/hectorgarcia/Library/Developer/Xcode/DerivedData/Build/Intermediates.noindex/GoogleUtilities.build/Debug-iphonesimulator/GoogleUtilities-Logger.build/Objects-normal/x86_64/resource_bundle_accessor.dia -c /Users/hectorgarcia/Library/Developer/Xcode/DerivedData/Build/Intermediates.noindex/GoogleUtilities.build/Debug-iphonesimulator/GoogleUtilities-Logger.build/DerivedSources/resource_bundle_accessor.m -o /Users/hectorgarcia/Library/Developer/Xcode/DerivedData/Build/Intermediates.noindex/GoogleUtilities.build/Debug-iphonesimulator/GoogleUtilities-Logger.build/Objects-normal/x86_64/resource_bundle_accessor.o -index-unit-output-path /GoogleUtilities.build/Debug-iphonesimulator/GoogleUtilities-Logger.build/Objects-normal/x86_64/resource_bundle_accessor.o

ScanDependencies /Users/hectorgarcia/Library/Developer/Xcode/DerivedData/Build/Intermediates.noindex/GoogleUtilities.build/Debug-iphonesimulator/GoogleUtilities-Logger.build/Objects-normal/x86_64/GULLogger.o /Users/hectorgarcia/Library/Developer/Xcode/DerivedData/Lyo-eagkiegzrakogpczynhkaholsscs/SourcePackages/checkouts/GoogleUtilities/GoogleUtilities/Logger/GULLogger.m normal x86_64 objective-c com.apple.compilers.llvm.clang.1_0.compiler (in target 'GoogleUtilities-Logger' from project 'GoogleUtilities')
    cd /Users/hectorgarcia/LYO_Da_ONE/Lyo.xcodeproj
    
    Using response file: /Users/hectorgarcia/Library/Developer/Xcode/DerivedData/Build/Intermediates.noindex/GoogleUtilities.build/Debug-iphonesimulator/GoogleUtilities-Logger.build/Objects-normal/x86_64/e6072d4f65d7061329687fe24e3d63a7-common-args.resp
    
    builtin-ScanDependencies -o /Users/hectorgarcia/Library/Developer/Xcode/DerivedData/Build/Intermediates.noindex/GoogleUtilities.build/Debug-iphonesimulator/GoogleUtilities-Logger.build/Objects-normal/x86_64/GULLogger.o.scan -- /Users/hectorgarcia/Downloads/Xcode.app/Contents/Developer/Toolchains/XcodeDefault.xctoolchain/usr/bin/clang -x objective-c -ivfsstatcache /Users/hectorgarcia/Library/Developer/Xcode/DerivedData/SDKStatCaches.noindex/iphonesimulator26.2-23C53-823d3e8b6e60bc2018c189d3ca05ba9b.sdkstatcache -fmessage-length\=0 -fdiagnostics-show-note-include-stack -fmacro-backtrace-limit\=0 -fno-color-diagnostics -fmodules-prune-interval\=86400 -fmodules-prune-after\=345600 -fbuild-session-file\=/Users/hectorgarcia/Library/Developer/Xcode/DerivedData/ModuleCache.noindex/Session.modulevalidation -fmodules-validate-once-per-build-session -Wnon-modular-include-in-framework-module -Werror\=non-modular-include-in-framework-module -Wno-trigraphs -Wno-missing-field-initializers -Wno-missing-prototypes -Wno-return-type -Wno-implicit-atomic-properties -Wno-objc-interface-ivars -Wno-arc-repeated-use-of-weak -Wno-missing-braces -Wparentheses -Wswitch -Wno-unused-function -Wno-unused-label -Wno-unused-parameter -Wno-unused-variable -Wunused-value -Wno-empty-body -Wno-uninitialized -Wno-unknown-pragmas -w -Wno-shadow -Wno-four-char-constants -Wno-conversion -Wno-constant-conversion -Wno-int-conversion -Wno-bool-conversion -Wno-enum-conversion -Wno-float-conversion -Wno-non-literal-null-conversion -Wno-objc-literal-conversion -Wshorten-64-to-32 -Wpointer-sign -Wno-newline-eof -Wno-selector -Wno-strict-selector-match -Wno-undeclared-selector -Wno-deprecated-implementations -Wno-implicit-fallthrough -fstrict-aliasing -Wprotocol -Wdeprecated-declarations -Wno-sign-conversion -Wno-infinite-recursion -Wno-comma -Wno-block-capture-autoreleasing -Wno-strict-prototypes -Wno-semicolon-before-method-body -index-store-path /Users/hectorgarcia/Library/Developer/Xcode/DerivedData/Lyo-eagkiegzrakogpczynhkaholsscs/Index.noindex/DataStore @/Users/hectorgarcia/Library/Developer/Xcode/DerivedData/Build/Intermediates.noindex/GoogleUtilities.build/Debug-iphonesimulator/GoogleUtilities-Logger.build/Objects-normal/x86_64/e6072d4f65d7061329687fe24e3d63a7-common-args.resp -include /Users/hectorgarcia/Library/Developer/Xcode/DerivedData/Build/Intermediates.noindex/GoogleUtilities.build/Debug-iphonesimulator/GoogleUtilities-Logger.build/DerivedSources/resource_bundle_accessor.h -MMD -MT dependencies -MF /Users/hectorgarcia/Library/Developer/Xcode/DerivedData/Build/Intermediates.noindex/GoogleUtilities.build/Debug-iphonesimulator/GoogleUtilities-Logger.build/Objects-normal/x86_64/GULLogger.d --serialize-diagnostics /Users/hectorgarcia/Library/Developer/Xcode/DerivedData/Build/Intermediates.noindex/GoogleUtilities.build/Debug-iphonesimulator/GoogleUtilities-Logger.build/Objects-normal/x86_64/GULLogger.dia -c /Users/hectorgarcia/Library/Developer/Xcode/DerivedData/Lyo-eagkiegzrakogpczynhkaholsscs/SourcePackages/checkouts/GoogleUtilities/GoogleUtilities/Logger/GULLogger.m -o /Users/hectorgarcia/Library/Developer/Xcode/DerivedData/Build/Intermediates.noindex/GoogleUtilities.build/Debug-iphonesimulator/GoogleUtilities-Logger.build/Objects-normal/x86_64/GULLogger.o -index-unit-output-path /GoogleUtilities.build/Debug-iphonesimulator/GoogleUtilities-Logger.build/Objects-normal/x86_64/GULLogger.o

PrecompileModule /Users/hectorgarcia/Library/Developer/Xcode/DerivedData/Build/Intermediates.noindex/ExplicitPrecompiledModules/_DarwinFoundation3-BI1DQ6I94GJ4XC0H6NQLEIK0R.scan
    cd /
    builtin-precompileModule /Users/hectorgarcia/Library/Developer/Xcode/DerivedData/Build/Intermediates.noindex/ExplicitPrecompiledModules/_DarwinFoundation3-BI1DQ6I94GJ4XC0H6NQLEIK0R.scan

ScanDependencies /Users/hectorgarcia/Library/Developer/Xcode/DerivedData/Build/Intermediates.noindex/GoogleUtilities.build/Debug-iphonesimulator/GoogleUtilities-Environment.build/Objects-normal/x86_64/resource_bundle_accessor.o /Users/hectorgarcia/Library/Developer/Xcode/DerivedData/Build/Intermediates.noindex/GoogleUtilities.build/Debug-iphonesimulator/GoogleUtilities-Environment.build/DerivedSources/resource_bundle_accessor.m normal x86_64 objective-c com.apple.compilers.llvm.clang.1_0.compiler (in target 'GoogleUtilities-Environment' from project 'GoogleUtilities')
    cd /Users/hectorgarcia/LYO_Da_ONE/Lyo.xcodeproj
    
    Using response file: /Users/hectorgarcia/Library/Developer/Xcode/DerivedData/Build/Intermediates.noindex/GoogleUtilities.build/Debug-iphonesimulator/GoogleUtilities-Environment.build/Objects-normal/x86_64/e6072d4f65d7061329687fe24e3d63a7-common-args.resp
    
    builtin-ScanDependencies -o /Users/hectorgarcia/Library/Developer/Xcode/DerivedData/Build/Intermediates.noindex/GoogleUtilities.build/Debug-iphonesimulator/GoogleUtilities-Environment.build/Objects-normal/x86_64/resource_bundle_accessor.o.scan -- /Users/hectorgarcia/Downloads/Xcode.app/Contents/Developer/Toolchains/XcodeDefault.xctoolchain/usr/bin/clang -x objective-c -ivfsstatcache /Users/hectorgarcia/Library/Developer/Xcode/DerivedData/SDKStatCaches.noindex/iphonesimulator26.2-23C53-823d3e8b6e60bc2018c189d3ca05ba9b.sdkstatcache -fmessage-length\=0 -fdiagnostics-show-note-include-stack -fmacro-backtrace-limit\=0 -fno-color-diagnostics -fmodules-prune-interval\=86400 -fmodules-prune-after\=345600 -fbuild-session-file\=/Users/hectorgarcia/Library/Developer/Xcode/DerivedData/ModuleCache.noindex/Session.modulevalidation -fmodules-validate-once-per-build-session -Wnon-modular-include-in-framework-module -Werror\=non-modular-include-in-framework-module -Wno-trigraphs -Wno-missing-field-initializers -Wno-missing-prototypes -Wno-return-type -Wno-implicit-atomic-properties -Wno-objc-interface-ivars -Wno-arc-repeated-use-of-weak -Wno-missing-braces -Wparentheses -Wswitch -Wno-unused-function -Wno-unused-label -Wno-unused-parameter -Wno-unused-variable -Wunused-value -Wno-empty-body -Wno-uninitialized -Wno-unknown-pragmas -w -Wno-shadow -Wno-four-char-constants -Wno-conversion -Wno-constant-conversion -Wno-int-conversion -Wno-bool-conversion -Wno-enum-conversion -Wno-float-conversion -Wno-non-literal-null-conversion -Wno-objc-literal-conversion -Wshorten-64-to-32 -Wpointer-sign -Wno-newline-eof -Wno-selector -Wno-strict-selector-match -Wno-undeclared-selector -Wno-deprecated-implementations -Wno-implicit-fallthrough -fstrict-aliasing -Wprotocol -Wdeprecated-declarations -Wno-sign-conversion -Wno-infinite-recursion -Wno-comma -Wno-block-capture-autoreleasing -Wno-strict-prototypes -Wno-semicolon-before-method-body -index-store-path /Users/hectorgarcia/Library/Developer/Xcode/DerivedData/Lyo-eagkiegzrakogpczynhkaholsscs/Index.noindex/DataStore @/Users/hectorgarcia/Library/Developer/Xcode/DerivedData/Build/Intermediates.noindex/GoogleUtilities.build/Debug-iphonesimulator/GoogleUtilities-Environment.build/Objects-normal/x86_64/e6072d4f65d7061329687fe24e3d63a7-common-args.resp -include /Users/hectorgarcia/Library/Developer/Xcode/DerivedData/Build/Intermediates.noindex/GoogleUtilities.build/Debug-iphonesimulator/GoogleUtilities-Environment.build/DerivedSources/resource_bundle_accessor.h -MMD -MT dependencies -MF /Users/hectorgarcia/Library/Developer/Xcode/DerivedData/Build/Intermediates.noindex/GoogleUtilities.build/Debug-iphonesimulator/GoogleUtilities-Environment.build/Objects-normal/x86_64/resource_bundle_accessor.d --serialize-diagnostics /Users/hectorgarcia/Library/Developer/Xcode/DerivedData/Build/Intermediates.noindex/GoogleUtilities.build/Debug-iphonesimulator/GoogleUtilities-Environment.build/Objects-normal/x86_64/resource_bundle_accessor.dia -c /Users/hectorgarcia/Library/Developer/Xcode/DerivedData/Build/Intermediates.noindex/GoogleUtilities.build/Debug-iphonesimulator/GoogleUtilities-Environment.build/DerivedSources/resource_bundle_accessor.m -o /Users/hectorgarcia/Library/Developer/Xcode/DerivedData/Build/Intermediates.noindex/GoogleUtilities.build/Debug-iphonesimulator/GoogleUtilities-Environment.build/Objects-normal/x86_64/resource_bundle_accessor.o -index-unit-output-path /GoogleUtilities.build/Debug-iphonesimulator/GoogleUtilities-Environment.build/Objects-normal/x86_64/resource_bundle_accessor.o

ScanDependencies /Users/hectorgarcia/Library/Developer/Xcode/DerivedData/Build/Intermediates.noindex/GoogleUtilities.build/Debug-iphonesimulator/GoogleUtilities-Environment.build/Objects-normal/x86_64/NSURLSession+GULPromises.o /Users/hectorgarcia/Library/Developer/Xcode/DerivedData/Lyo-eagkiegzrakogpczynhkaholsscs/SourcePackages/checkouts/GoogleUtilities/GoogleUtilities/Environment/URLSessionPromiseWrapper/NSURLSession+GULPromises.m normal x86_64 objective-c com.apple.compilers.llvm.clang.1_0.compiler (in target 'GoogleUtilities-Environment' from project 'GoogleUtilities')
    cd /Users/hectorgarcia/LYO_Da_ONE/Lyo.xcodeproj
    
    Using response file: /Users/hectorgarcia/Library/Developer/Xcode/DerivedData/Build/Intermediates.noindex/GoogleUtilities.build/Debug-iphonesimulator/GoogleUtilities-Environment.build/Objects-normal/x86_64/e6072d4f65d7061329687fe24e3d63a7-common-args.resp
    
    builtin-ScanDependencies -o /Users/hectorgarcia/Library/Developer/Xcode/DerivedData/Build/Intermediates.noindex/GoogleUtilities.build/Debug-iphonesimulator/GoogleUtilities-Environment.build/Objects-normal/x86_64/NSURLSession+GULPromises.o.scan -- /Users/hectorgarcia/Downloads/Xcode.app/Contents/Developer/Toolchains/XcodeDefault.xctoolchain/usr/bin/clang -x objective-c -ivfsstatcache /Users/hectorgarcia/Library/Developer/Xcode/DerivedData/SDKStatCaches.noindex/iphonesimulator26.2-23C53-823d3e8b6e60bc2018c189d3ca05ba9b.sdkstatcache -fmessage-length\=0 -fdiagnostics-show-note-include-stack -fmacro-backtrace-limit\=0 -fno-color-diagnostics -fmodules-prune-interval\=86400 -fmodules-prune-after\=345600 -fbuild-session-file\=/Users/hectorgarcia/Library/Developer/Xcode/DerivedData/ModuleCache.noindex/Session.modulevalidation -fmodules-validate-once-per-build-session -Wnon-modular-include-in-framework-module -Werror\=non-modular-include-in-framework-module -Wno-trigraphs -Wno-missing-field-initializers -Wno-missing-prototypes -Wno-return-type -Wno-implicit-atomic-properties -Wno-objc-interface-ivars -Wno-arc-repeated-use-of-weak -Wno-missing-braces -Wparentheses -Wswitch -Wno-unused-function -Wno-unused-label -Wno-unused-parameter -Wno-unused-variable -Wunused-value -Wno-empty-body -Wno-uninitialized -Wno-unknown-pragmas -w -Wno-shadow -Wno-four-char-constants -Wno-conversion -Wno-constant-conversion -Wno-int-conversion -Wno-bool-conversion -Wno-enum-conversion -Wno-float-conversion -Wno-non-literal-null-conversion -Wno-objc-literal-conversion -Wshorten-64-to-32 -Wpointer-sign -Wno-newline-eof -Wno-selector -Wno-strict-selector-match -Wno-undeclared-selector -Wno-deprecated-implementations -Wno-implicit-fallthrough -fstrict-aliasing -Wprotocol -Wdeprecated-declarations -Wno-sign-conversion -Wno-infinite-recursion -Wno-comma -Wno-block-capture-autoreleasing -Wno-strict-prototypes -Wno-semicolon-before-method-body -index-store-path /Users/hectorgarcia/Library/Developer/Xcode/DerivedData/Lyo-eagkiegzrakogpczynhkaholsscs/Index.noindex/DataStore @/Users/hectorgarcia/Library/Developer/Xcode/DerivedData/Build/Intermediates.noindex/GoogleUtilities.build/Debug-iphonesimulator/GoogleUtilities-Environment.build/Objects-normal/x86_64/e6072d4f65d7061329687fe24e3d63a7-common-args.resp -include /Users/hectorgarcia/Library/Developer/Xcode/DerivedData/Build/Intermediates.noindex/GoogleUtilities.build/Debug-iphonesimulator/GoogleUtilities-Environment.build/DerivedSources/resource_bundle_accessor.h -MMD -MT dependencies -MF /Users/hectorgarcia/Library/Developer/Xcode/DerivedData/Build/Intermediates.noindex/GoogleUtilities.build/Debug-iphonesimulator/GoogleUtilities-Environment.build/Objects-normal/x86_64/NSURLSession+GULPromises.d --serialize-diagnostics /Users/hectorgarcia/Library/Developer/Xcode/DerivedData/Build/Intermediates.noindex/GoogleUtilities.build/Debug-iphonesimulator/GoogleUtilities-Environment.build/Objects-normal/x86_64/NSURLSession+GULPromises.dia -c /Users/hectorgarcia/Library/Developer/Xcode/DerivedData/Lyo-eagkiegzrakogpczynhkaholsscs/SourcePackages/checkouts/GoogleUtilities/GoogleUtilities/Environment/URLSessionPromiseWrapper/NSURLSession+GULPromises.m -o /Users/hectorgarcia/Library/Developer/Xcode/DerivedData/Build/Intermediates.noindex/GoogleUtilities.build/Debug-iphonesimulator/GoogleUtilities-Environment.build/Objects-normal/x86_64/NSURLSession+GULPromises.o -index-unit-output-path /GoogleUtilities.build/Debug-iphonesimulator/GoogleUtilities-Environment.build/Objects-normal/x86_64/NSURLSession+GULPromises.o

ScanDependencies /Users/hectorgarcia/Library/Developer/Xcode/DerivedData/Build/Intermediates.noindex/GoogleUtilities.build/Debug-iphonesimulator/GoogleUtilities-Environment.build/Objects-normal/x86_64/GULURLSessionDataResponse.o /Users/hectorgarcia/Library/Developer/Xcode/DerivedData/Lyo-eagkiegzrakogpczynhkaholsscs/SourcePackages/checkouts/GoogleUtilities/GoogleUtilities/Environment/URLSessionPromiseWrapper/GULURLSessionDataResponse.m normal x86_64 objective-c com.apple.compilers.llvm.clang.1_0.compiler (in target 'GoogleUtilities-Environment' from project 'GoogleUtilities')
    cd /Users/hectorgarcia/LYO_Da_ONE/Lyo.xcodeproj
    
    Using response file: /Users/hectorgarcia/Library/Developer/Xcode/DerivedData/Build/Intermediates.noindex/GoogleUtilities.build/Debug-iphonesimulator/GoogleUtilities-Environment.build/Objects-normal/x86_64/e6072d4f65d7061329687fe24e3d63a7-common-args.resp
    
    builtin-ScanDependencies -o /Users/hectorgarcia/Library/Developer/Xcode/DerivedData/Build/Intermediates.noindex/GoogleUtilities.build/Debug-iphonesimulator/GoogleUtilities-Environment.build/Objects-normal/x86_64/GULURLSessionDataResponse.o.scan -- /Users/hectorgarcia/Downloads/Xcode.app/Contents/Developer/Toolchains/XcodeDefault.xctoolchain/usr/bin/clang -x objective-c -ivfsstatcache /Users/hectorgarcia/Library/Developer/Xcode/DerivedData/SDKStatCaches.noindex/iphonesimulator26.2-23C53-823d3e8b6e60bc2018c189d3ca05ba9b.sdkstatcache -fmessage-length\=0 -fdiagnostics-show-note-include-stack -fmacro-backtrace-limit\=0 -fno-color-diagnostics -fmodules-prune-interval\=86400 -fmodules-prune-after\=345600 -fbuild-session-file\=/Users/hectorgarcia/Library/Developer/Xcode/DerivedData/ModuleCache.noindex/Session.modulevalidation -fmodules-validate-once-per-build-session -Wnon-modular-include-in-framework-module -Werror\=non-modular-include-in-framework-module -Wno-trigraphs -Wno-missing-field-initializers -Wno-missing-prototypes -Wno-return-type -Wno-implicit-atomic-properties -Wno-objc-interface-ivars -Wno-arc-repeated-use-of-weak -Wno-missing-braces -Wparentheses -Wswitch -Wno-unused-function -Wno-unused-label -Wno-unused-parameter -Wno-unused-variable -Wunused-value -Wno-empty-body -Wno-uninitialized -Wno-unknown-pragmas -w -Wno-shadow -Wno-four-char-constants -Wno-conversion -Wno-constant-conversion -Wno-int-conversion -Wno-bool-conversion -Wno-enum-conversion -Wno-float-conversion -Wno-non-literal-null-conversion -Wno-objc-literal-conversion -Wshorten-64-to-32 -Wpointer-sign -Wno-newline-eof -Wno-selector -Wno-strict-selector-match -Wno-undeclared-selector -Wno-deprecated-implementations -Wno-implicit-fallthrough -fstrict-aliasing -Wprotocol -Wdeprecated-declarations -Wno-sign-conversion -Wno-infinite-recursion -Wno-comma -Wno-block-capture-autoreleasing -Wno-strict-prototypes -Wno-semicolon-before-method-body -index-store-path /Users/hectorgarcia/Library/Developer/Xcode/DerivedData/Lyo-eagkiegzrakogpczynhkaholsscs/Index.noindex/DataStore @/Users/hectorgarcia/Library/Developer/Xcode/DerivedData/Build/Intermediates.noindex/GoogleUtilities.build/Debug-iphonesimulator/GoogleUtilities-Environment.build/Objects-normal/x86_64/e6072d4f65d7061329687fe24e3d63a7-common-args.resp -include /Users/hectorgarcia/Library/Developer/Xcode/DerivedData/Build/Intermediates.noindex/GoogleUtilities.build/Debug-iphonesimulator/GoogleUtilities-Environment.build/DerivedSources/resource_bundle_accessor.h -MMD -MT dependencies -MF /Users/hectorgarcia/Library/Developer/Xcode/DerivedData/Build/Intermediates.noindex/GoogleUtilities.build/Debug-iphonesimulator/GoogleUtilities-Environment.build/Objects-normal/x86_64/GULURLSessionDataResponse.d --serialize-diagnostics /Users/hectorgarcia/Library/Developer/Xcode/DerivedData/Build/Intermediates.noindex/GoogleUtilities.build/Debug-iphonesimulator/GoogleUtilities-Environment.build/Objects-normal/x86_64/GULURLSessionDataResponse.dia -c /Users/hectorgarcia/Library/Developer/Xcode/DerivedData/Lyo-eagkiegzrakogpczynhkaholsscs/SourcePackages/checkouts/GoogleUtilities/GoogleUtilities/Environment/URLSessionPromiseWrapper/GULURLSessionDataResponse.m -o /Users/hectorgarcia/Library/Developer/Xcode/DerivedData/Build/Intermediates.noindex/GoogleUtilities.build/Debug-iphonesimulator/GoogleUtilities-Environment.build/Objects-normal/x86_64/GULURLSessionDataResponse.o -index-unit-output-path /GoogleUtilities.build/Debug-iphonesimulator/GoogleUtilities-Environment.build/Objects-normal/x86_64/GULURLSessionDataResponse.o

ScanDependencies /Users/hectorgarcia/Library/Developer/Xcode/DerivedData/Build/Intermediates.noindex/GoogleUtilities.build/Debug-iphonesimulator/GoogleUtilities-Environment.build/Objects-normal/x86_64/GULSecureCoding.o /Users/hectorgarcia/Library/Developer/Xcode/DerivedData/Lyo-eagkiegzrakogpczynhkaholsscs/SourcePackages/checkouts/GoogleUtilities/GoogleUtilities/Environment/GULSecureCoding.m normal x86_64 objective-c com.apple.compilers.llvm.clang.1_0.compiler (in target 'GoogleUtilities-Environment' from project 'GoogleUtilities')
    cd /Users/hectorgarcia/LYO_Da_ONE/Lyo.xcodeproj
    
    Using response file: /Users/hectorgarcia/Library/Developer/Xcode/DerivedData/Build/Intermediates.noindex/GoogleUtilities.build/Debug-iphonesimulator/GoogleUtilities-Environment.build/Objects-normal/x86_64/e6072d4f65d7061329687fe24e3d63a7-common-args.resp
    
    builtin-ScanDependencies -o /Users/hectorgarcia/Library/Developer/Xcode/DerivedData/Build/Intermediates.noindex/GoogleUtilities.build/Debug-iphonesimulator/GoogleUtilities-Environment.build/Objects-normal/x86_64/GULSecureCoding.o.scan -- /Users/hectorgarcia/Downloads/Xcode.app/Contents/Developer/Toolchains/XcodeDefault.xctoolchain/usr/bin/clang -x objective-c -ivfsstatcache /Users/hectorgarcia/Library/Developer/Xcode/DerivedData/SDKStatCaches.noindex/iphonesimulator26.2-23C53-823d3e8b6e60bc2018c189d3ca05ba9b.sdkstatcache -fmessage-length\=0 -fdiagnostics-show-note-include-stack -fmacro-backtrace-limit\=0 -fno-color-diagnostics -fmodules-prune-interval\=86400 -fmodules-prune-after\=345600 -fbuild-session-file\=/Users/hectorgarcia/Library/Developer/Xcode/DerivedData/ModuleCache.noindex/Session.modulevalidation -fmodules-validate-once-per-build-session -Wnon-modular-include-in-framework-module -Werror\=non-modular-include-in-framework-module -Wno-trigraphs -Wno-missing-field-initializers -Wno-missing-prototypes -Wno-return-type -Wno-implicit-atomic-properties -Wno-objc-interface-ivars -Wno-arc-repeated-use-of-weak -Wno-missing-braces -Wparentheses -Wswitch -Wno-unused-function -Wno-unused-label -Wno-unused-parameter -Wno-unused-variable -Wunused-value -Wno-empty-body -Wno-uninitialized -Wno-unknown-pragmas -w -Wno-shadow -Wno-four-char-constants -Wno-conversion -Wno-constant-conversion -Wno-int-conversion -Wno-bool-conversion -Wno-enum-conversion -Wno-float-conversion -Wno-non-literal-null-conversion -Wno-objc-literal-conversion -Wshorten-64-to-32 -Wpointer-sign -Wno-newline-eof -Wno-selector -Wno-strict-selector-match -Wno-undeclared-selector -Wno-deprecated-implementations -Wno-implicit-fallthrough -fstrict-aliasing -Wprotocol -Wdeprecated-declarations -Wno-sign-conversion -Wno-infinite-recursion -Wno-comma -Wno-block-capture-autoreleasing -Wno-strict-prototypes -Wno-semicolon-before-method-body -index-store-path /Users/hectorgarcia/Library/Developer/Xcode/DerivedData/Lyo-eagkiegzrakogpczynhkaholsscs/Index.noindex/DataStore @/Users/hectorgarcia/Library/Developer/Xcode/DerivedData/Build/Intermediates.noindex/GoogleUtilities.build/Debug-iphonesimulator/GoogleUtilities-Environment.build/Objects-normal/x86_64/e6072d4f65d7061329687fe24e3d63a7-common-args.resp -include /Users/hectorgarcia/Library/Developer/Xcode/DerivedData/Build/Intermediates.noindex/GoogleUtilities.build/Debug-iphonesimulator/GoogleUtilities-Environment.build/DerivedSources/resource_bundle_accessor.h -MMD -MT dependencies -MF /Users/hectorgarcia/Library/Developer/Xcode/DerivedData/Build/Intermediates.noindex/GoogleUtilities.build/Debug-iphonesimulator/GoogleUtilities-Environment.build/Objects-normal/x86_64/GULSecureCoding.d --serialize-diagnostics /Users/hectorgarcia/Library/Developer/Xcode/DerivedData/Build/Intermediates.noindex/GoogleUtilities.build/Debug-iphonesimulator/GoogleUtilities-Environment.build/Objects-normal/x86_64/GULSecureCoding.dia -c /Users/hectorgarcia/Library/Developer/Xcode/DerivedData/Lyo-eagkiegzrakogpczynhkaholsscs/SourcePackages/checkouts/GoogleUtilities/GoogleUtilities/Environment/GULSecureCoding.m -o /Users/hectorgarcia/Library/Developer/Xcode/DerivedData/Build/Intermediates.noindex/GoogleUtilities.build/Debug-iphonesimulator/GoogleUtilities-Environment.build/Objects-normal/x86_64/GULSecureCoding.o -index-unit-output-path /GoogleUtilities.build/Debug-iphonesimulator/GoogleUtilities-Environment.build/Objects-normal/x86_64/GULSecureCoding.o

ScanDependencies /Users/hectorgarcia/Library/Developer/Xcode/DerivedData/Build/Intermediates.noindex/GoogleUtilities.build/Debug-iphonesimulator/GoogleUtilities-Environment.build/Objects-normal/x86_64/GULNetworkInfo.o /Users/hectorgarcia/Library/Developer/Xcode/DerivedData/Lyo-eagkiegzrakogpczynhkaholsscs/SourcePackages/checkouts/GoogleUtilities/GoogleUtilities/Environment/NetworkInfo/GULNetworkInfo.m normal x86_64 objective-c com.apple.compilers.llvm.clang.1_0.compiler (in target 'GoogleUtilities-Environment' from project 'GoogleUtilities')
    cd /Users/hectorgarcia/LYO_Da_ONE/Lyo.xcodeproj
    
    Using response file: /Users/hectorgarcia/Library/Developer/Xcode/DerivedData/Build/Intermediates.noindex/GoogleUtilities.build/Debug-iphonesimulator/GoogleUtilities-Environment.build/Objects-normal/x86_64/e6072d4f65d7061329687fe24e3d63a7-common-args.resp
    
    builtin-ScanDependencies -o /Users/hectorgarcia/Library/Developer/Xcode/DerivedData/Build/Intermediates.noindex/GoogleUtilities.build/Debug-iphonesimulator/GoogleUtilities-Environment.build/Objects-normal/x86_64/GULNetworkInfo.o.scan -- /Users/hectorgarcia/Downloads/Xcode.app/Contents/Developer/Toolchains/XcodeDefault.xctoolchain/usr/bin/clang -x objective-c -ivfsstatcache /Users/hectorgarcia/Library/Developer/Xcode/DerivedData/SDKStatCaches.noindex/iphonesimulator26.2-23C53-823d3e8b6e60bc2018c189d3ca05ba9b.sdkstatcache -fmessage-length\=0 -fdiagnostics-show-note-include-stack -fmacro-backtrace-limit\=0 -fno-color-diagnostics -fmodules-prune-interval\=86400 -fmodules-prune-after\=345600 -fbuild-session-file\=/Users/hectorgarcia/Library/Developer/Xcode/DerivedData/ModuleCache.noindex/Session.modulevalidation -fmodules-validate-once-per-build-session -Wnon-modular-include-in-framework-module -Werror\=non-modular-include-in-framework-module -Wno-trigraphs -Wno-missing-field-initializers -Wno-missing-prototypes -Wno-return-type -Wno-implicit-atomic-properties -Wno-objc-interface-ivars -Wno-arc-repeated-use-of-weak -Wno-missing-braces -Wparentheses -Wswitch -Wno-unused-function -Wno-unused-label -Wno-unused-parameter -Wno-unused-variable -Wunused-value -Wno-empty-body -Wno-uninitialized -Wno-unknown-pragmas -w -Wno-shadow -Wno-four-char-constants -Wno-conversion -Wno-constant-conversion -Wno-int-conversion -Wno-bool-conversion -Wno-enum-conversion -Wno-float-conversion -Wno-non-literal-null-conversion -Wno-objc-literal-conversion -Wshorten-64-to-32 -Wpointer-sign -Wno-newline-eof -Wno-selector -Wno-strict-selector-match -Wno-undeclared-selector -Wno-deprecated-implementations -Wno-implicit-fallthrough -fstrict-aliasing -Wprotocol -Wdeprecated-declarations -Wno-sign-conversion -Wno-infinite-recursion -Wno-comma -Wno-block-capture-autoreleasing -Wno-strict-prototypes -Wno-semicolon-before-method-body -index-store-path /Users/hectorgarcia/Library/Developer/Xcode/DerivedData/Lyo-eagkiegzrakogpczynhkaholsscs/Index.noindex/DataStore @/Users/hectorgarcia/Library/Developer/Xcode/DerivedData/Build/Intermediates.noindex/GoogleUtilities.build/Debug-iphonesimulator/GoogleUtilities-Environment.build/Objects-normal/x86_64/e6072d4f65d7061329687fe24e3d63a7-common-args.resp -include /Users/hectorgarcia/Library/Developer/Xcode/DerivedData/Build/Intermediates.noindex/GoogleUtilities.build/Debug-iphonesimulator/GoogleUtilities-Environment.build/DerivedSources/resource_bundle_accessor.h -MMD -MT dependencies -MF /Users/hectorgarcia/Library/Developer/Xcode/DerivedData/Build/Intermediates.noindex/GoogleUtilities.build/Debug-iphonesimulator/GoogleUtilities-Environment.build/Objects-normal/x86_64/GULNetworkInfo.d --serialize-diagnostics /Users/hectorgarcia/Library/Developer/Xcode/DerivedData/Build/Intermediates.noindex/GoogleUtilities.build/Debug-iphonesimulator/GoogleUtilities-Environment.build/Objects-normal/x86_64/GULNetworkInfo.dia -c /Users/hectorgarcia/Library/Developer/Xcode/DerivedData/Lyo-eagkiegzrakogpczynhkaholsscs/SourcePackages/checkouts/GoogleUtilities/GoogleUtilities/Environment/NetworkInfo/GULNetworkInfo.m -o /Users/hectorgarcia/Library/Developer/Xcode/DerivedData/Build/Intermediates.noindex/GoogleUtilities.build/Debug-iphonesimulator/GoogleUtilities-Environment.build/Objects-normal/x86_64/GULNetworkInfo.o -index-unit-output-path /GoogleUtilities.build/Debug-iphonesimulator/GoogleUtilities-Environment.build/Objects-normal/x86_64/GULNetworkInfo.o

PrecompileModule /Users/hectorgarcia/Library/Developer/Xcode/DerivedData/Build/Intermediates.noindex/ExplicitPrecompiledModules/asl-96Z50JHLCUQWE3CLW05HL1DQU.scan
    cd /
    builtin-precompileModule /Users/hectorgarcia/Library/Developer/Xcode/DerivedData/Build/Intermediates.noindex/ExplicitPrecompiledModules/asl-96Z50JHLCUQWE3CLW05HL1DQU.scan

ScanDependencies /Users/hectorgarcia/Library/Developer/Xcode/DerivedData/Build/Intermediates.noindex/GoogleUtilities.build/Debug-iphonesimulator/GoogleUtilities-Environment.build/Objects-normal/x86_64/GULKeychainUtils.o /Users/hectorgarcia/Library/Developer/Xcode/DerivedData/Lyo-eagkiegzrakogpczynhkaholsscs/SourcePackages/checkouts/GoogleUtilities/GoogleUtilities/Environment/SecureStorage/GULKeychainUtils.m normal x86_64 objective-c com.apple.compilers.llvm.clang.1_0.compiler (in target 'GoogleUtilities-Environment' from project 'GoogleUtilities')
    cd /Users/hectorgarcia/LYO_Da_ONE/Lyo.xcodeproj
    
    Using response file: /Users/hectorgarcia/Library/Developer/Xcode/DerivedData/Build/Intermediates.noindex/GoogleUtilities.build/Debug-iphonesimulator/GoogleUtilities-Environment.build/Objects-normal/x86_64/e6072d4f65d7061329687fe24e3d63a7-common-args.resp
    
    builtin-ScanDependencies -o /Users/hectorgarcia/Library/Developer/Xcode/DerivedData/Build/Intermediates.noindex/GoogleUtilities.build/Debug-iphonesimulator/GoogleUtilities-Environment.build/Objects-normal/x86_64/GULKeychainUtils.o.scan -- /Users/hectorgarcia/Downloads/Xcode.app/Contents/Developer/Toolchains/XcodeDefault.xctoolchain/usr/bin/clang -x objective-c -ivfsstatcache /Users/hectorgarcia/Library/Developer/Xcode/DerivedData/SDKStatCaches.noindex/iphonesimulator26.2-23C53-823d3e8b6e60bc2018c189d3ca05ba9b.sdkstatcache -fmessage-length\=0 -fdiagnostics-show-note-include-stack -fmacro-backtrace-limit\=0 -fno-color-diagnostics -fmodules-prune-interval\=86400 -fmodules-prune-after\=345600 -fbuild-session-file\=/Users/hectorgarcia/Library/Developer/Xcode/DerivedData/ModuleCache.noindex/Session.modulevalidation -fmodules-validate-once-per-build-session -Wnon-modular-include-in-framework-module -Werror\=non-modular-include-in-framework-module -Wno-trigraphs -Wno-missing-field-initializers -Wno-missing-prototypes -Wno-return-type -Wno-implicit-atomic-properties -Wno-objc-interface-ivars -Wno-arc-repeated-use-of-weak -Wno-missing-braces -Wparentheses -Wswitch -Wno-unused-function -Wno-unused-label -Wno-unused-parameter -Wno-unused-variable -Wunused-value -Wno-empty-body -Wno-uninitialized -Wno-unknown-pragmas -w -Wno-shadow -Wno-four-char-constants -Wno-conversion -Wno-constant-conversion -Wno-int-conversion -Wno-bool-conversion -Wno-enum-conversion -Wno-float-conversion -Wno-non-literal-null-conversion -Wno-objc-literal-conversion -Wshorten-64-to-32 -Wpointer-sign -Wno-newline-eof -Wno-selector -Wno-strict-selector-match -Wno-undeclared-selector -Wno-deprecated-implementations -Wno-implicit-fallthrough -fstrict-aliasing -Wprotocol -Wdeprecated-declarations -Wno-sign-conversion -Wno-infinite-recursion -Wno-comma -Wno-block-capture-autoreleasing -Wno-strict-prototypes -Wno-semicolon-before-method-body -index-store-path /Users/hectorgarcia/Library/Developer/Xcode/DerivedData/Lyo-eagkiegzrakogpczynhkaholsscs/Index.noindex/DataStore @/Users/hectorgarcia/Library/Developer/Xcode/DerivedData/Build/Intermediates.noindex/GoogleUtilities.build/Debug-iphonesimulator/GoogleUtilities-Environment.build/Objects-normal/x86_64/e6072d4f65d7061329687fe24e3d63a7-common-args.resp -include /Users/hectorgarcia/Library/Developer/Xcode/DerivedData/Build/Intermediates.noindex/GoogleUtilities.build/Debug-iphonesimulator/GoogleUtilities-Environment.build/DerivedSources/resource_bundle_accessor.h -MMD -MT dependencies -MF /Users/hectorgarcia/Library/Developer/Xcode/DerivedData/Build/Intermediates.noindex/GoogleUtilities.build/Debug-iphonesimulator/GoogleUtilities-Environment.build/Objects-normal/x86_64/GULKeychainUtils.d --serialize-diagnostics /Users/hectorgarcia/Library/Developer/Xcode/DerivedData/Build/Intermediates.noindex/GoogleUtilities.build/Debug-iphonesimulator/GoogleUtilities-Environment.build/Objects-normal/x86_64/GULKeychainUtils.dia -c /Users/hectorgarcia/Library/Developer/Xcode/DerivedData/Lyo-eagkiegzrakogpczynhkaholsscs/SourcePackages/checkouts/GoogleUtilities/GoogleUtilities/Environment/SecureStorage/GULKeychainUtils.m -o /Users/hectorgarcia/Library/Developer/Xcode/DerivedData/Build/Intermediates.noindex/GoogleUtilities.build/Debug-iphonesimulator/GoogleUtilities-Environment.build/Objects-normal/x86_64/GULKeychainUtils.o -index-unit-output-path /GoogleUtilities.build/Debug-iphonesimulator/GoogleUtilities-Environment.build/Objects-normal/x86_64/GULKeychainUtils.o

ScanDependencies /Users/hectorgarcia/Library/Developer/Xcode/DerivedData/Build/Intermediates.noindex/GoogleUtilities.build/Debug-iphonesimulator/GoogleUtilities-Environment.build/Objects-normal/x86_64/GULKeychainStorage.o /Users/hectorgarcia/Library/Developer/Xcode/DerivedData/Lyo-eagkiegzrakogpczynhkaholsscs/SourcePackages/checkouts/GoogleUtilities/GoogleUtilities/Environment/SecureStorage/GULKeychainStorage.m normal x86_64 objective-c com.apple.compilers.llvm.clang.1_0.compiler (in target 'GoogleUtilities-Environment' from project 'GoogleUtilities')
    cd /Users/hectorgarcia/LYO_Da_ONE/Lyo.xcodeproj
    
    Using response file: /Users/hectorgarcia/Library/Developer/Xcode/DerivedData/Build/Intermediates.noindex/GoogleUtilities.build/Debug-iphonesimulator/GoogleUtilities-Environment.build/Objects-normal/x86_64/e6072d4f65d7061329687fe24e3d63a7-common-args.resp
    
    builtin-ScanDependencies -o /Users/hectorgarcia/Library/Developer/Xcode/DerivedData/Build/Intermediates.noindex/GoogleUtilities.build/Debug-iphonesimulator/GoogleUtilities-Environment.build/Objects-normal/x86_64/GULKeychainStorage.o.scan -- /Users/hectorgarcia/Downloads/Xcode.app/Contents/Developer/Toolchains/XcodeDefault.xctoolchain/usr/bin/clang -x objective-c -ivfsstatcache /Users/hectorgarcia/Library/Developer/Xcode/DerivedData/SDKStatCaches.noindex/iphonesimulator26.2-23C53-823d3e8b6e60bc2018c189d3ca05ba9b.sdkstatcache -fmessage-length\=0 -fdiagnostics-show-note-include-stack -fmacro-backtrace-limit\=0 -fno-color-diagnostics -fmodules-prune-interval\=86400 -fmodules-prune-after\=345600 -fbuild-session-file\=/Users/hectorgarcia/Library/Developer/Xcode/DerivedData/ModuleCache.noindex/Session.modulevalidation -fmodules-validate-once-per-build-session -Wnon-modular-include-in-framework-module -Werror\=non-modular-include-in-framework-module -Wno-trigraphs -Wno-missing-field-initializers -Wno-missing-prototypes -Wno-return-type -Wno-implicit-atomic-properties -Wno-objc-interface-ivars -Wno-arc-repeated-use-of-weak -Wno-missing-braces -Wparentheses -Wswitch -Wno-unused-function -Wno-unused-label -Wno-unused-parameter -Wno-unused-variable -Wunused-value -Wno-empty-body -Wno-uninitialized -Wno-unknown-pragmas -w -Wno-shadow -Wno-four-char-constants -Wno-conversion -Wno-constant-conversion -Wno-int-conversion -Wno-bool-conversion -Wno-enum-conversion -Wno-float-conversion -Wno-non-literal-null-conversion -Wno-objc-literal-conversion -Wshorten-64-to-32 -Wpointer-sign -Wno-newline-eof -Wno-selector -Wno-strict-selector-match -Wno-undeclared-selector -Wno-deprecated-implementations -Wno-implicit-fallthrough -fstrict-aliasing -Wprotocol -Wdeprecated-declarations -Wno-sign-conversion -Wno-infinite-recursion -Wno-comma -Wno-block-capture-autoreleasing -Wno-strict-prototypes -Wno-semicolon-before-method-body -index-store-path /Users/hectorgarcia/Library/Developer/Xcode/DerivedData/Lyo-eagkiegzrakogpczynhkaholsscs/Index.noindex/DataStore @/Users/hectorgarcia/Library/Developer/Xcode/DerivedData/Build/Intermediates.noindex/GoogleUtilities.build/Debug-iphonesimulator/GoogleUtilities-Environment.build/Objects-normal/x86_64/e6072d4f65d7061329687fe24e3d63a7-common-args.resp -include /Users/hectorgarcia/Library/Developer/Xcode/DerivedData/Build/Intermediates.noindex/GoogleUtilities.build/Debug-iphonesimulator/GoogleUtilities-Environment.build/DerivedSources/resource_bundle_accessor.h -MMD -MT dependencies -MF /Users/hectorgarcia/Library/Developer/Xcode/DerivedData/Build/Intermediates.noindex/GoogleUtilities.build/Debug-iphonesimulator/GoogleUtilities-Environment.build/Objects-normal/x86_64/GULKeychainStorage.d --serialize-diagnostics /Users/hectorgarcia/Library/Developer/Xcode/DerivedData/Build/Intermediates.noindex/GoogleUtilities.build/Debug-iphonesimulator/GoogleUtilities-Environment.build/Objects-normal/x86_64/GULKeychainStorage.dia -c /Users/hectorgarcia/Library/Developer/Xcode/DerivedData/Lyo-eagkiegzrakogpczynhkaholsscs/SourcePackages/checkouts/GoogleUtilities/GoogleUtilities/Environment/SecureStorage/GULKeychainStorage.m -o /Users/hectorgarcia/Library/Developer/Xcode/DerivedData/Build/Intermediates.noindex/GoogleUtilities.build/Debug-iphonesimulator/GoogleUtilities-Environment.build/Objects-normal/x86_64/GULKeychainStorage.o -index-unit-output-path /GoogleUtilities.build/Debug-iphonesimulator/GoogleUtilities-Environment.build/Objects-normal/x86_64/GULKeychainStorage.o

CompileC /Users/hectorgarcia/Library/Developer/Xcode/DerivedData/Build/Intermediates.noindex/nanopb.build/Debug-iphonesimulator/nanopb.build/Objects-normal/x86_64/pb_encode.o /Users/hectorgarcia/Library/Developer/Xcode/DerivedData/Lyo-eagkiegzrakogpczynhkaholsscs/SourcePackages/checkouts/nanopb/pb_encode.c normal x86_64 c com.apple.compilers.llvm.clang.1_0.compiler (in target 'nanopb' from project 'nanopb')
    cd /Users/hectorgarcia/LYO_Da_ONE/Lyo.xcodeproj
    
    Using response file: /Users/hectorgarcia/Library/Developer/Xcode/DerivedData/Build/Intermediates.noindex/nanopb.build/Debug-iphonesimulator/nanopb.build/Objects-normal/x86_64/7187679823f38a2a940e0043cdf9d637-common-args.resp
    
    /Users/hectorgarcia/Downloads/Xcode.app/Contents/Developer/Toolchains/XcodeDefault.xctoolchain/usr/bin/clang -x c -ivfsstatcache /Users/hectorgarcia/Library/Developer/Xcode/DerivedData/SDKStatCaches.noindex/iphonesimulator26.2-23C53-823d3e8b6e60bc2018c189d3ca05ba9b.sdkstatcache -fmessage-length\=0 -fdiagnostics-show-note-include-stack -fmacro-backtrace-limit\=0 -fno-color-diagnostics -fmodules-prune-interval\=86400 -fmodules-prune-after\=345600 -fbuild-session-file\=/Users/hectorgarcia/Library/Developer/Xcode/DerivedData/ModuleCache.noindex/Session.modulevalidation -fmodules-validate-once-per-build-session -Wnon-modular-include-in-framework-module -Werror\=non-modular-include-in-framework-module -Wno-trigraphs -Wno-missing-field-initializers -Wno-missing-prototypes -Wno-return-type -Wno-missing-braces -Wparentheses -Wswitch -Wno-unused-function -Wno-unused-label -Wno-unused-parameter -Wno-unused-variable -Wunused-value -Wno-empty-body -Wno-uninitialized -Wno-unknown-pragmas -w -Wno-shadow -Wno-four-char-constants -Wno-conversion -Wno-constant-conversion -Wno-int-conversion -Wno-bool-conversion -Wno-enum-conversion -Wno-float-conversion -Wno-non-literal-null-conversion -Wno-objc-literal-conversion -Wshorten-64-to-32 -Wpointer-sign -Wno-newline-eof -Wno-implicit-fallthrough -fstrict-aliasing -Wdeprecated-declarations -Wno-sign-conversion -Wno-infinite-recursion -Wno-comma -Wno-block-capture-autoreleasing -Wno-strict-prototypes -Wno-semicolon-before-method-body -index-store-path /Users/hectorgarcia/Library/Developer/Xcode/DerivedData/Lyo-eagkiegzrakogpczynhkaholsscs/Index.noindex/DataStore @/Users/hectorgarcia/Library/Developer/Xcode/DerivedData/Build/Intermediates.noindex/nanopb.build/Debug-iphonesimulator/nanopb.build/Objects-normal/x86_64/7187679823f38a2a940e0043cdf9d637-common-args.resp -MMD -MT dependencies -MF /Users/hectorgarcia/Library/Developer/Xcode/DerivedData/Build/Intermediates.noindex/nanopb.build/Debug-iphonesimulator/nanopb.build/Objects-normal/x86_64/pb_encode.d --serialize-diagnostics /Users/hectorgarcia/Library/Developer/Xcode/DerivedData/Build/Intermediates.noindex/nanopb.build/Debug-iphonesimulator/nanopb.build/Objects-normal/x86_64/pb_encode.dia -c /Users/hectorgarcia/Library/Developer/Xcode/DerivedData/Lyo-eagkiegzrakogpczynhkaholsscs/SourcePackages/checkouts/nanopb/pb_encode.c -o /Users/hectorgarcia/Library/Developer/Xcode/DerivedData/Build/Intermediates.noindex/nanopb.build/Debug-iphonesimulator/nanopb.build/Objects-normal/x86_64/pb_encode.o -index-unit-output-path /nanopb.build/Debug-iphonesimulator/nanopb.build/Objects-normal/x86_64/pb_encode.o

CompileC /Users/hectorgarcia/Library/Developer/Xcode/DerivedData/Build/Intermediates.noindex/nanopb.build/Debug-iphonesimulator/nanopb.build/Objects-normal/x86_64/pb_decode.o /Users/hectorgarcia/Library/Developer/Xcode/DerivedData/Lyo-eagkiegzrakogpczynhkaholsscs/SourcePackages/checkouts/nanopb/pb_decode.c normal x86_64 c com.apple.compilers.llvm.clang.1_0.compiler (in target 'nanopb' from project 'nanopb')
    cd /Users/hectorgarcia/LYO_Da_ONE/Lyo.xcodeproj
    
    Using response file: /Users/hectorgarcia/Library/Developer/Xcode/DerivedData/Build/Intermediates.noindex/nanopb.build/Debug-iphonesimulator/nanopb.build/Objects-normal/x86_64/7187679823f38a2a940e0043cdf9d637-common-args.resp
    
    /Users/hectorgarcia/Downloads/Xcode.app/Contents/Developer/Toolchains/XcodeDefault.xctoolchain/usr/bin/clang -x c -ivfsstatcache /Users/hectorgarcia/Library/Developer/Xcode/DerivedData/SDKStatCaches.noindex/iphonesimulator26.2-23C53-823d3e8b6e60bc2018c189d3ca05ba9b.sdkstatcache -fmessage-length\=0 -fdiagnostics-show-note-include-stack -fmacro-backtrace-limit\=0 -fno-color-diagnostics -fmodules-prune-interval\=86400 -fmodules-prune-after\=345600 -fbuild-session-file\=/Users/hectorgarcia/Library/Developer/Xcode/DerivedData/ModuleCache.noindex/Session.modulevalidation -fmodules-validate-once-per-build-session -Wnon-modular-include-in-framework-module -Werror\=non-modular-include-in-framework-module -Wno-trigraphs -Wno-missing-field-initializers -Wno-missing-prototypes -Wno-return-type -Wno-missing-braces -Wparentheses -Wswitch -Wno-unused-function -Wno-unused-label -Wno-unused-parameter -Wno-unused-variable -Wunused-value -Wno-empty-body -Wno-uninitialized -Wno-unknown-pragmas -w -Wno-shadow -Wno-four-char-constants -Wno-conversion -Wno-constant-conversion -Wno-int-conversion -Wno-bool-conversion -Wno-enum-conversion -Wno-float-conversion -Wno-non-literal-null-conversion -Wno-objc-literal-conversion -Wshorten-64-to-32 -Wpointer-sign -Wno-newline-eof -Wno-implicit-fallthrough -fstrict-aliasing -Wdeprecated-declarations -Wno-sign-conversion -Wno-infinite-recursion -Wno-comma -Wno-block-capture-autoreleasing -Wno-strict-prototypes -Wno-semicolon-before-method-body -index-store-path /Users/hectorgarcia/Library/Developer/Xcode/DerivedData/Lyo-eagkiegzrakogpczynhkaholsscs/Index.noindex/DataStore @/Users/hectorgarcia/Library/Developer/Xcode/DerivedData/Build/Intermediates.noindex/nanopb.build/Debug-iphonesimulator/nanopb.build/Objects-normal/x86_64/7187679823f38a2a940e0043cdf9d637-common-args.resp -MMD -MT dependencies -MF /Users/hectorgarcia/Library/Developer/Xcode/DerivedData/Build/Intermediates.noindex/nanopb.build/Debug-iphonesimulator/nanopb.build/Objects-normal/x86_64/pb_decode.d --serialize-diagnostics /Users/hectorgarcia/Library/Developer/Xcode/DerivedData/Build/Intermediates.noindex/nanopb.build/Debug-iphonesimulator/nanopb.build/Objects-normal/x86_64/pb_decode.dia -c /Users/hectorgarcia/Library/Developer/Xcode/DerivedData/Lyo-eagkiegzrakogpczynhkaholsscs/SourcePackages/checkouts/nanopb/pb_decode.c -o /Users/hectorgarcia/Library/Developer/Xcode/DerivedData/Build/Intermediates.noindex/nanopb.build/Debug-iphonesimulator/nanopb.build/Objects-normal/x86_64/pb_decode.o -index-unit-output-path /nanopb.build/Debug-iphonesimulator/nanopb.build/Objects-normal/x86_64/pb_decode.o

CompileC /Users/hectorgarcia/Library/Developer/Xcode/DerivedData/Build/Intermediates.noindex/nanopb.build/Debug-iphonesimulator/nanopb.build/Objects-normal/x86_64/pb_common.o /Users/hectorgarcia/Library/Developer/Xcode/DerivedData/Lyo-eagkiegzrakogpczynhkaholsscs/SourcePackages/checkouts/nanopb/pb_common.c normal x86_64 c com.apple.compilers.llvm.clang.1_0.compiler (in target 'nanopb' from project 'nanopb')
    cd /Users/hectorgarcia/LYO_Da_ONE/Lyo.xcodeproj
    
    Using response file: /Users/hectorgarcia/Library/Developer/Xcode/DerivedData/Build/Intermediates.noindex/nanopb.build/Debug-iphonesimulator/nanopb.build/Objects-normal/x86_64/7187679823f38a2a940e0043cdf9d637-common-args.resp
    
    /Users/hectorgarcia/Downloads/Xcode.app/Contents/Developer/Toolchains/XcodeDefault.xctoolchain/usr/bin/clang -x c -ivfsstatcache /Users/hectorgarcia/Library/Developer/Xcode/DerivedData/SDKStatCaches.noindex/iphonesimulator26.2-23C53-823d3e8b6e60bc2018c189d3ca05ba9b.sdkstatcache -fmessage-length\=0 -fdiagnostics-show-note-include-stack -fmacro-backtrace-limit\=0 -fno-color-diagnostics -fmodules-prune-interval\=86400 -fmodules-prune-after\=345600 -fbuild-session-file\=/Users/hectorgarcia/Library/Developer/Xcode/DerivedData/ModuleCache.noindex/Session.modulevalidation -fmodules-validate-once-per-build-session -Wnon-modular-include-in-framework-module -Werror\=non-modular-include-in-framework-module -Wno-trigraphs -Wno-missing-field-initializers -Wno-missing-prototypes -Wno-return-type -Wno-missing-braces -Wparentheses -Wswitch -Wno-unused-function -Wno-unused-label -Wno-unused-parameter -Wno-unused-variable -Wunused-value -Wno-empty-body -Wno-uninitialized -Wno-unknown-pragmas -w -Wno-shadow -Wno-four-char-constants -Wno-conversion -Wno-constant-conversion -Wno-int-conversion -Wno-bool-conversion -Wno-enum-conversion -Wno-float-conversion -Wno-non-literal-null-conversion -Wno-objc-literal-conversion -Wshorten-64-to-32 -Wpointer-sign -Wno-newline-eof -Wno-implicit-fallthrough -fstrict-aliasing -Wdeprecated-declarations -Wno-sign-conversion -Wno-infinite-recursion -Wno-comma -Wno-block-capture-autoreleasing -Wno-strict-prototypes -Wno-semicolon-before-method-body -index-store-path /Users/hectorgarcia/Library/Developer/Xcode/DerivedData/Lyo-eagkiegzrakogpczynhkaholsscs/Index.noindex/DataStore @/Users/hectorgarcia/Library/Developer/Xcode/DerivedData/Build/Intermediates.noindex/nanopb.build/Debug-iphonesimulator/nanopb.build/Objects-normal/x86_64/7187679823f38a2a940e0043cdf9d637-common-args.resp -MMD -MT dependencies -MF /Users/hectorgarcia/Library/Developer/Xcode/DerivedData/Build/Intermediates.noindex/nanopb.build/Debug-iphonesimulator/nanopb.build/Objects-normal/x86_64/pb_common.d --serialize-diagnostics /Users/hectorgarcia/Library/Developer/Xcode/DerivedData/Build/Intermediates.noindex/nanopb.build/Debug-iphonesimulator/nanopb.build/Objects-normal/x86_64/pb_common.dia -c /Users/hectorgarcia/Library/Developer/Xcode/DerivedData/Lyo-eagkiegzrakogpczynhkaholsscs/SourcePackages/checkouts/nanopb/pb_common.c -o /Users/hectorgarcia/Library/Developer/Xcode/DerivedData/Build/Intermediates.noindex/nanopb.build/Debug-iphonesimulator/nanopb.build/Objects-normal/x86_64/pb_common.o -index-unit-output-path /nanopb.build/Debug-iphonesimulator/nanopb.build/Objects-normal/x86_64/pb_common.o

PrecompileModule /Users/hectorgarcia/Library/Developer/Xcode/DerivedData/Build/Intermediates.noindex/ExplicitPrecompiledModules/zlib-4YTXF617EHID7R5RJJRVDGLNT.scan
    cd /
    builtin-precompileModule /Users/hectorgarcia/Library/Developer/Xcode/DerivedData/Build/Intermediates.noindex/ExplicitPrecompiledModules/zlib-4YTXF617EHID7R5RJJRVDGLNT.scan

PrecompileModule /Users/hectorgarcia/Library/Developer/Xcode/DerivedData/Build/Intermediates.noindex/ExplicitPrecompiledModules/_Builtin_inttypes-3V3QXTMQZYAOO2FP1COM7AFFK.scan
    cd /
    builtin-precompileModule /Users/hectorgarcia/Library/Developer/Xcode/DerivedData/Build/Intermediates.noindex/ExplicitPrecompiledModules/_Builtin_inttypes-3V3QXTMQZYAOO2FP1COM7AFFK.scan

ScanDependencies /Users/hectorgarcia/Library/Developer/Xcode/DerivedData/Build/Intermediates.noindex/GoogleUtilities.build/Debug-iphonesimulator/GoogleUtilities-Environment.build/Objects-normal/x86_64/GULHeartbeatDateStorageUserDefaults.o /Users/hectorgarcia/Library/Developer/Xcode/DerivedData/Lyo-eagkiegzrakogpczynhkaholsscs/SourcePackages/checkouts/GoogleUtilities/GoogleUtilities/Environment/GULHeartbeatDateStorageUserDefaults.m normal x86_64 objective-c com.apple.compilers.llvm.clang.1_0.compiler (in target 'GoogleUtilities-Environment' from project 'GoogleUtilities')
    cd /Users/hectorgarcia/LYO_Da_ONE/Lyo.xcodeproj
    
    Using response file: /Users/hectorgarcia/Library/Developer/Xcode/DerivedData/Build/Intermediates.noindex/GoogleUtilities.build/Debug-iphonesimulator/GoogleUtilities-Environment.build/Objects-normal/x86_64/e6072d4f65d7061329687fe24e3d63a7-common-args.resp
    
    builtin-ScanDependencies -o /Users/hectorgarcia/Library/Developer/Xcode/DerivedData/Build/Intermediates.noindex/GoogleUtilities.build/Debug-iphonesimulator/GoogleUtilities-Environment.build/Objects-normal/x86_64/GULHeartbeatDateStorageUserDefaults.o.scan -- /Users/hectorgarcia/Downloads/Xcode.app/Contents/Developer/Toolchains/XcodeDefault.xctoolchain/usr/bin/clang -x objective-c -ivfsstatcache /Users/hectorgarcia/Library/Developer/Xcode/DerivedData/SDKStatCaches.noindex/iphonesimulator26.2-23C53-823d3e8b6e60bc2018c189d3ca05ba9b.sdkstatcache -fmessage-length\=0 -fdiagnostics-show-note-include-stack -fmacro-backtrace-limit\=0 -fno-color-diagnostics -fmodules-prune-interval\=86400 -fmodules-prune-after\=345600 -fbuild-session-file\=/Users/hectorgarcia/Library/Developer/Xcode/DerivedData/ModuleCache.noindex/Session.modulevalidation -fmodules-validate-once-per-build-session -Wnon-modular-include-in-framework-module -Werror\=non-modular-include-in-framework-module -Wno-trigraphs -Wno-missing-field-initializers -Wno-missing-prototypes -Wno-return-type -Wno-implicit-atomic-properties -Wno-objc-interface-ivars -Wno-arc-repeated-use-of-weak -Wno-missing-braces -Wparentheses -Wswitch -Wno-unused-function -Wno-unused-label -Wno-unused-parameter -Wno-unused-variable -Wunused-value -Wno-empty-body -Wno-uninitialized -Wno-unknown-pragmas -w -Wno-shadow -Wno-four-char-constants -Wno-conversion -Wno-constant-conversion -Wno-int-conversion -Wno-bool-conversion -Wno-enum-conversion -Wno-float-conversion -Wno-non-literal-null-conversion -Wno-objc-literal-conversion -Wshorten-64-to-32 -Wpointer-sign -Wno-newline-eof -Wno-selector -Wno-strict-selector-match -Wno-undeclared-selector -Wno-deprecated-implementations -Wno-implicit-fallthrough -fstrict-aliasing -Wprotocol -Wdeprecated-declarations -Wno-sign-conversion -Wno-infinite-recursion -Wno-comma -Wno-block-capture-autoreleasing -Wno-strict-prototypes -Wno-semicolon-before-method-body -index-store-path /Users/hectorgarcia/Library/Developer/Xcode/DerivedData/Lyo-eagkiegzrakogpczynhkaholsscs/Index.noindex/DataStore @/Users/hectorgarcia/Library/Developer/Xcode/DerivedData/Build/Intermediates.noindex/GoogleUtilities.build/Debug-iphonesimulator/GoogleUtilities-Environment.build/Objects-normal/x86_64/e6072d4f65d7061329687fe24e3d63a7-common-args.resp -include /Users/hectorgarcia/Library/Developer/Xcode/DerivedData/Build/Intermediates.noindex/GoogleUtilities.build/Debug-iphonesimulator/GoogleUtilities-Environment.build/DerivedSources/resource_bundle_accessor.h -MMD -MT dependencies -MF /Users/hectorgarcia/Library/Developer/Xcode/DerivedData/Build/Intermediates.noindex/GoogleUtilities.build/Debug-iphonesimulator/GoogleUtilities-Environment.build/Objects-normal/x86_64/GULHeartbeatDateStorageUserDefaults.d --serialize-diagnostics /Users/hectorgarcia/Library/Developer/Xcode/DerivedData/Build/Intermediates.noindex/GoogleUtilities.build/Debug-iphonesimulator/GoogleUtilities-Environment.build/Objects-normal/x86_64/GULHeartbeatDateStorageUserDefaults.dia -c /Users/hectorgarcia/Library/Developer/Xcode/DerivedData/Lyo-eagkiegzrakogpczynhkaholsscs/SourcePackages/checkouts/GoogleUtilities/GoogleUtilities/Environment/GULHeartbeatDateStorageUserDefaults.m -o /Users/hectorgarcia/Library/Developer/Xcode/DerivedData/Build/Intermediates.noindex/GoogleUtilities.build/Debug-iphonesimulator/GoogleUtilities-Environment.build/Objects-normal/x86_64/GULHeartbeatDateStorageUserDefaults.o -index-unit-output-path /GoogleUtilities.build/Debug-iphonesimulator/GoogleUtilities-Environment.build/Objects-normal/x86_64/GULHeartbeatDateStorageUserDefaults.o

PrecompileModule /Users/hectorgarcia/Library/Developer/Xcode/DerivedData/Build/Intermediates.noindex/ExplicitPrecompiledModules/_Builtin_inttypes-8JTJRR8C02NYVFUMARSJ60N5S.scan
    cd /
    builtin-precompileModule /Users/hectorgarcia/Library/Developer/Xcode/DerivedData/Build/Intermediates.noindex/ExplicitPrecompiledModules/_Builtin_inttypes-8JTJRR8C02NYVFUMARSJ60N5S.scan

ScanDependencies /Users/hectorgarcia/Library/Developer/Xcode/DerivedData/Build/Intermediates.noindex/GoogleUtilities.build/Debug-iphonesimulator/GoogleUtilities-Environment.build/Objects-normal/x86_64/GULHeartbeatDateStorage.o /Users/hectorgarcia/Library/Developer/Xcode/DerivedData/Lyo-eagkiegzrakogpczynhkaholsscs/SourcePackages/checkouts/GoogleUtilities/GoogleUtilities/Environment/GULHeartbeatDateStorage.m normal x86_64 objective-c com.apple.compilers.llvm.clang.1_0.compiler (in target 'GoogleUtilities-Environment' from project 'GoogleUtilities')
    cd /Users/hectorgarcia/LYO_Da_ONE/Lyo.xcodeproj
    
    Using response file: /Users/hectorgarcia/Library/Developer/Xcode/DerivedData/Build/Intermediates.noindex/GoogleUtilities.build/Debug-iphonesimulator/GoogleUtilities-Environment.build/Objects-normal/x86_64/e6072d4f65d7061329687fe24e3d63a7-common-args.resp
    
    builtin-ScanDependencies -o /Users/hectorgarcia/Library/Developer/Xcode/DerivedData/Build/Intermediates.noindex/GoogleUtilities.build/Debug-iphonesimulator/GoogleUtilities-Environment.build/Objects-normal/x86_64/GULHeartbeatDateStorage.o.scan -- /Users/hectorgarcia/Downloads/Xcode.app/Contents/Developer/Toolchains/XcodeDefault.xctoolchain/usr/bin/clang -x objective-c -ivfsstatcache /Users/hectorgarcia/Library/Developer/Xcode/DerivedData/SDKStatCaches.noindex/iphonesimulator26.2-23C53-823d3e8b6e60bc2018c189d3ca05ba9b.sdkstatcache -fmessage-length\=0 -fdiagnostics-show-note-include-stack -fmacro-backtrace-limit\=0 -fno-color-diagnostics -fmodules-prune-interval\=86400 -fmodules-prune-after\=345600 -fbuild-session-file\=/Users/hectorgarcia/Library/Developer/Xcode/DerivedData/ModuleCache.noindex/Session.modulevalidation -fmodules-validate-once-per-build-session -Wnon-modular-include-in-framework-module -Werror\=non-modular-include-in-framework-module -Wno-trigraphs -Wno-missing-field-initializers -Wno-missing-prototypes -Wno-return-type -Wno-implicit-atomic-properties -Wno-objc-interface-ivars -Wno-arc-repeated-use-of-weak -Wno-missing-braces -Wparentheses -Wswitch -Wno-unused-function -Wno-unused-label -Wno-unused-parameter -Wno-unused-variable -Wunused-value -Wno-empty-body -Wno-uninitialized -Wno-unknown-pragmas -w -Wno-shadow -Wno-four-char-constants -Wno-conversion -Wno-constant-conversion -Wno-int-conversion -Wno-bool-conversion -Wno-enum-conversion -Wno-float-conversion -Wno-non-literal-null-conversion -Wno-objc-literal-conversion -Wshorten-64-to-32 -Wpointer-sign -Wno-newline-eof -Wno-selector -Wno-strict-selector-match -Wno-undeclared-selector -Wno-deprecated-implementations -Wno-implicit-fallthrough -fstrict-aliasing -Wprotocol -Wdeprecated-declarations -Wno-sign-conversion -Wno-infinite-recursion -Wno-comma -Wno-block-capture-autoreleasing -Wno-strict-prototypes -Wno-semicolon-before-method-body -index-store-path /Users/hectorgarcia/Library/Developer/Xcode/DerivedData/Lyo-eagkiegzrakogpczynhkaholsscs/Index.noindex/DataStore @/Users/hectorgarcia/Library/Developer/Xcode/DerivedData/Build/Intermediates.noindex/GoogleUtilities.build/Debug-iphonesimulator/GoogleUtilities-Environment.build/Objects-normal/x86_64/e6072d4f65d7061329687fe24e3d63a7-common-args.resp -include /Users/hectorgarcia/Library/Developer/Xcode/DerivedData/Build/Intermediates.noindex/GoogleUtilities.build/Debug-iphonesimulator/GoogleUtilities-Environment.build/DerivedSources/resource_bundle_accessor.h -MMD -MT dependencies -MF /Users/hectorgarcia/Library/Developer/Xcode/DerivedData/Build/Intermediates.noindex/GoogleUtilities.build/Debug-iphonesimulator/GoogleUtilities-Environment.build/Objects-normal/x86_64/GULHeartbeatDateStorage.d --serialize-diagnostics /Users/hectorgarcia/Library/Developer/Xcode/DerivedData/Build/Intermediates.noindex/GoogleUtilities.build/Debug-iphonesimulator/GoogleUtilities-Environment.build/Objects-normal/x86_64/GULHeartbeatDateStorage.dia -c /Users/hectorgarcia/Library/Developer/Xcode/DerivedData/Lyo-eagkiegzrakogpczynhkaholsscs/SourcePackages/checkouts/GoogleUtilities/GoogleUtilities/Environment/GULHeartbeatDateStorage.m -o /Users/hectorgarcia/Library/Developer/Xcode/DerivedData/Build/Intermediates.noindex/GoogleUtilities.build/Debug-iphonesimulator/GoogleUtilities-Environment.build/Objects-normal/x86_64/GULHeartbeatDateStorage.o -index-unit-output-path /GoogleUtilities.build/Debug-iphonesimulator/GoogleUtilities-Environment.build/Objects-normal/x86_64/GULHeartbeatDateStorage.o

ScanDependencies /Users/hectorgarcia/Library/Developer/Xcode/DerivedData/Build/Intermediates.noindex/GoogleUtilities.build/Debug-iphonesimulator/GoogleUtilities-Environment.build/Objects-normal/x86_64/GULAppEnvironmentUtil.o /Users/hectorgarcia/Library/Developer/Xcode/DerivedData/Lyo-eagkiegzrakogpczynhkaholsscs/SourcePackages/checkouts/GoogleUtilities/GoogleUtilities/Environment/GULAppEnvironmentUtil.m normal x86_64 objective-c com.apple.compilers.llvm.clang.1_0.compiler (in target 'GoogleUtilities-Environment' from project 'GoogleUtilities')
    cd /Users/hectorgarcia/LYO_Da_ONE/Lyo.xcodeproj
    
    Using response file: /Users/hectorgarcia/Library/Developer/Xcode/DerivedData/Build/Intermediates.noindex/GoogleUtilities.build/Debug-iphonesimulator/GoogleUtilities-Environment.build/Objects-normal/x86_64/e6072d4f65d7061329687fe24e3d63a7-common-args.resp
    
    builtin-ScanDependencies -o /Users/hectorgarcia/Library/Developer/Xcode/DerivedData/Build/Intermediates.noindex/GoogleUtilities.build/Debug-iphonesimulator/GoogleUtilities-Environment.build/Objects-normal/x86_64/GULAppEnvironmentUtil.o.scan -- /Users/hectorgarcia/Downloads/Xcode.app/Contents/Developer/Toolchains/XcodeDefault.xctoolchain/usr/bin/clang -x objective-c -ivfsstatcache /Users/hectorgarcia/Library/Developer/Xcode/DerivedData/SDKStatCaches.noindex/iphonesimulator26.2-23C53-823d3e8b6e60bc2018c189d3ca05ba9b.sdkstatcache -fmessage-length\=0 -fdiagnostics-show-note-include-stack -fmacro-backtrace-limit\=0 -fno-color-diagnostics -fmodules-prune-interval\=86400 -fmodules-prune-after\=345600 -fbuild-session-file\=/Users/hectorgarcia/Library/Developer/Xcode/DerivedData/ModuleCache.noindex/Session.modulevalidation -fmodules-validate-once-per-build-session -Wnon-modular-include-in-framework-module -Werror\=non-modular-include-in-framework-module -Wno-trigraphs -Wno-missing-field-initializers -Wno-missing-prototypes -Wno-return-type -Wno-implicit-atomic-properties -Wno-objc-interface-ivars -Wno-arc-repeated-use-of-weak -Wno-missing-braces -Wparentheses -Wswitch -Wno-unused-function -Wno-unused-label -Wno-unused-parameter -Wno-unused-variable -Wunused-value -Wno-empty-body -Wno-uninitialized -Wno-unknown-pragmas -w -Wno-shadow -Wno-four-char-constants -Wno-conversion -Wno-constant-conversion -Wno-int-conversion -Wno-bool-conversion -Wno-enum-conversion -Wno-float-conversion -Wno-non-literal-null-conversion -Wno-objc-literal-conversion -Wshorten-64-to-32 -Wpointer-sign -Wno-newline-eof -Wno-selector -Wno-strict-selector-match -Wno-undeclared-selector -Wno-deprecated-implementations -Wno-implicit-fallthrough -fstrict-aliasing -Wprotocol -Wdeprecated-declarations -Wno-sign-conversion -Wno-infinite-recursion -Wno-comma -Wno-block-capture-autoreleasing -Wno-strict-prototypes -Wno-semicolon-before-method-body -index-store-path /Users/hectorgarcia/Library/Developer/Xcode/DerivedData/Lyo-eagkiegzrakogpczynhkaholsscs/Index.noindex/DataStore @/Users/hectorgarcia/Library/Developer/Xcode/DerivedData/Build/Intermediates.noindex/GoogleUtilities.build/Debug-iphonesimulator/GoogleUtilities-Environment.build/Objects-normal/x86_64/e6072d4f65d7061329687fe24e3d63a7-common-args.resp -include /Users/hectorgarcia/Library/Developer/Xcode/DerivedData/Build/Intermediates.noindex/GoogleUtilities.build/Debug-iphonesimulator/GoogleUtilities-Environment.build/DerivedSources/resource_bundle_accessor.h -MMD -MT dependencies -MF /Users/hectorgarcia/Library/Developer/Xcode/DerivedData/Build/Intermediates.noindex/GoogleUtilities.build/Debug-iphonesimulator/GoogleUtilities-Environment.build/Objects-normal/x86_64/GULAppEnvironmentUtil.d --serialize-diagnostics /Users/hectorgarcia/Library/Developer/Xcode/DerivedData/Build/Intermediates.noindex/GoogleUtilities.build/Debug-iphonesimulator/GoogleUtilities-Environment.build/Objects-normal/x86_64/GULAppEnvironmentUtil.dia -c /Users/hectorgarcia/Library/Developer/Xcode/DerivedData/Lyo-eagkiegzrakogpczynhkaholsscs/SourcePackages/checkouts/GoogleUtilities/GoogleUtilities/Environment/GULAppEnvironmentUtil.m -o /Users/hectorgarcia/Library/Developer/Xcode/DerivedData/Build/Intermediates.noindex/GoogleUtilities.build/Debug-iphonesimulator/GoogleUtilities-Environment.build/Objects-normal/x86_64/GULAppEnvironmentUtil.o -index-unit-output-path /GoogleUtilities.build/Debug-iphonesimulator/GoogleUtilities-Environment.build/Objects-normal/x86_64/GULAppEnvironmentUtil.o

PrecompileModule /Users/hectorgarcia/Library/Developer/Xcode/DerivedData/Build/Intermediates.noindex/ExplicitPrecompiledModules/Darwin-9G9NSYPTLRGIXL7R6V8VOF09F.scan
    cd /
    builtin-precompileModule /Users/hectorgarcia/Library/Developer/Xcode/DerivedData/Build/Intermediates.noindex/ExplicitPrecompiledModules/Darwin-9G9NSYPTLRGIXL7R6V8VOF09F.scan

PrecompileModule /Users/hectorgarcia/Library/Developer/Xcode/DerivedData/Build/Intermediates.noindex/ExplicitPrecompiledModules/Darwin-COP7FGGE51LPG6U5TFDZU1155.scan
    cd /
    builtin-precompileModule /Users/hectorgarcia/Library/Developer/Xcode/DerivedData/Build/Intermediates.noindex/ExplicitPrecompiledModules/Darwin-COP7FGGE51LPG6U5TFDZU1155.scan

SwiftExplicitDependencyGeneratePcm x86_64 /Users/hectorgarcia/Library/Developer/Xcode/DerivedData/Build/Intermediates.noindex/SwiftExplicitPrecompiledModules/FBLPromises-3F7MC1E9NFINRUEKGOEQ6Y3P6.pcm

ScanDependencies /Users/hectorgarcia/Library/Developer/Xcode/DerivedData/Build/Intermediates.noindex/GoogleUtilities.build/Debug-iphonesimulator/GoogleUtilities-AppDelegateSwizzler.build/Objects-normal/x86_64/resource_bundle_accessor.o /Users/hectorgarcia/Library/Developer/Xcode/DerivedData/Build/Intermediates.noindex/GoogleUtilities.build/Debug-iphonesimulator/GoogleUtilities-AppDelegateSwizzler.build/DerivedSources/resource_bundle_accessor.m normal x86_64 objective-c com.apple.compilers.llvm.clang.1_0.compiler (in target 'GoogleUtilities-AppDelegateSwizzler' from project 'GoogleUtilities')
    cd /Users/hectorgarcia/LYO_Da_ONE/Lyo.xcodeproj
    
    Using response file: /Users/hectorgarcia/Library/Developer/Xcode/DerivedData/Build/Intermediates.noindex/GoogleUtilities.build/Debug-iphonesimulator/GoogleUtilities-AppDelegateSwizzler.build/Objects-normal/x86_64/e6072d4f65d7061329687fe24e3d63a7-common-args.resp
    
    builtin-ScanDependencies -o /Users/hectorgarcia/Library/Developer/Xcode/DerivedData/Build/Intermediates.noindex/GoogleUtilities.build/Debug-iphonesimulator/GoogleUtilities-AppDelegateSwizzler.build/Objects-normal/x86_64/resource_bundle_accessor.o.scan -- /Users/hectorgarcia/Downloads/Xcode.app/Contents/Developer/Toolchains/XcodeDefault.xctoolchain/usr/bin/clang -x objective-c -ivfsstatcache /Users/hectorgarcia/Library/Developer/Xcode/DerivedData/SDKStatCaches.noindex/iphonesimulator26.2-23C53-823d3e8b6e60bc2018c189d3ca05ba9b.sdkstatcache -fmessage-length\=0 -fdiagnostics-show-note-include-stack -fmacro-backtrace-limit\=0 -fno-color-diagnostics -fmodules-prune-interval\=86400 -fmodules-prune-after\=345600 -fbuild-session-file\=/Users/hectorgarcia/Library/Developer/Xcode/DerivedData/ModuleCache.noindex/Session.modulevalidation -fmodules-validate-once-per-build-session -Wnon-modular-include-in-framework-module -Werror\=non-modular-include-in-framework-module -Wno-trigraphs -Wno-missing-field-initializers -Wno-missing-prototypes -Wno-return-type -Wno-implicit-atomic-properties -Wno-objc-interface-ivars -Wno-arc-repeated-use-of-weak -Wno-missing-braces -Wparentheses -Wswitch -Wno-unused-function -Wno-unused-label -Wno-unused-parameter -Wno-unused-variable -Wunused-value -Wno-empty-body -Wno-uninitialized -Wno-unknown-pragmas -w -Wno-shadow -Wno-four-char-constants -Wno-conversion -Wno-constant-conversion -Wno-int-conversion -Wno-bool-conversion -Wno-enum-conversion -Wno-float-conversion -Wno-non-literal-null-conversion -Wno-objc-literal-conversion -Wshorten-64-to-32 -Wpointer-sign -Wno-newline-eof -Wno-selector -Wno-strict-selector-match -Wno-undeclared-selector -Wno-deprecated-implementations -Wno-implicit-fallthrough -fstrict-aliasing -Wprotocol -Wdeprecated-declarations -Wno-sign-conversion -Wno-infinite-recursion -Wno-comma -Wno-block-capture-autoreleasing -Wno-strict-prototypes -Wno-semicolon-before-method-body -index-store-path /Users/hectorgarcia/Library/Developer/Xcode/DerivedData/Lyo-eagkiegzrakogpczynhkaholsscs/Index.noindex/DataStore @/Users/hectorgarcia/Library/Developer/Xcode/DerivedData/Build/Intermediates.noindex/GoogleUtilities.build/Debug-iphonesimulator/GoogleUtilities-AppDelegateSwizzler.build/Objects-normal/x86_64/e6072d4f65d7061329687fe24e3d63a7-common-args.resp -include /Users/hectorgarcia/Library/Developer/Xcode/DerivedData/Build/Intermediates.noindex/GoogleUtilities.build/Debug-iphonesimulator/GoogleUtilities-AppDelegateSwizzler.build/DerivedSources/resource_bundle_accessor.h -MMD -MT dependencies -MF /Users/hectorgarcia/Library/Developer/Xcode/DerivedData/Build/Intermediates.noindex/GoogleUtilities.build/Debug-iphonesimulator/GoogleUtilities-AppDelegateSwizzler.build/Objects-normal/x86_64/resource_bundle_accessor.d --serialize-diagnostics /Users/hectorgarcia/Library/Developer/Xcode/DerivedData/Build/Intermediates.noindex/GoogleUtilities.build/Debug-iphonesimulator/GoogleUtilities-AppDelegateSwizzler.build/Objects-normal/x86_64/resource_bundle_accessor.dia -c /Users/hectorgarcia/Library/Developer/Xcode/DerivedData/Build/Intermediates.noindex/GoogleUtilities.build/Debug-iphonesimulator/GoogleUtilities-AppDelegateSwizzler.build/DerivedSources/resource_bundle_accessor.m -o /Users/hectorgarcia/Library/Developer/Xcode/DerivedData/Build/Intermediates.noindex/GoogleUtilities.build/Debug-iphonesimulator/GoogleUtilities-AppDelegateSwizzler.build/Objects-normal/x86_64/resource_bundle_accessor.o -index-unit-output-path /GoogleUtilities.build/Debug-iphonesimulator/GoogleUtilities-AppDelegateSwizzler.build/Objects-normal/x86_64/resource_bundle_accessor.o

ScanDependencies /Users/hectorgarcia/Library/Developer/Xcode/DerivedData/Build/Intermediates.noindex/GoogleUtilities.build/Debug-iphonesimulator/GoogleUtilities-AppDelegateSwizzler.build/Objects-normal/x86_64/GULSceneDelegateSwizzler.o /Users/hectorgarcia/Library/Developer/Xcode/DerivedData/Lyo-eagkiegzrakogpczynhkaholsscs/SourcePackages/checkouts/GoogleUtilities/GoogleUtilities/AppDelegateSwizzler/GULSceneDelegateSwizzler.m normal x86_64 objective-c com.apple.compilers.llvm.clang.1_0.compiler (in target 'GoogleUtilities-AppDelegateSwizzler' from project 'GoogleUtilities')
    cd /Users/hectorgarcia/LYO_Da_ONE/Lyo.xcodeproj
    
    Using response file: /Users/hectorgarcia/Library/Developer/Xcode/DerivedData/Build/Intermediates.noindex/GoogleUtilities.build/Debug-iphonesimulator/GoogleUtilities-AppDelegateSwizzler.build/Objects-normal/x86_64/e6072d4f65d7061329687fe24e3d63a7-common-args.resp
    
    builtin-ScanDependencies -o /Users/hectorgarcia/Library/Developer/Xcode/DerivedData/Build/Intermediates.noindex/GoogleUtilities.build/Debug-iphonesimulator/GoogleUtilities-AppDelegateSwizzler.build/Objects-normal/x86_64/GULSceneDelegateSwizzler.o.scan -- /Users/hectorgarcia/Downloads/Xcode.app/Contents/Developer/Toolchains/XcodeDefault.xctoolchain/usr/bin/clang -x objective-c -ivfsstatcache /Users/hectorgarcia/Library/Developer/Xcode/DerivedData/SDKStatCaches.noindex/iphonesimulator26.2-23C53-823d3e8b6e60bc2018c189d3ca05ba9b.sdkstatcache -fmessage-length\=0 -fdiagnostics-show-note-include-stack -fmacro-backtrace-limit\=0 -fno-color-diagnostics -fmodules-prune-interval\=86400 -fmodules-prune-after\=345600 -fbuild-session-file\=/Users/hectorgarcia/Library/Developer/Xcode/DerivedData/ModuleCache.noindex/Session.modulevalidation -fmodules-validate-once-per-build-session -Wnon-modular-include-in-framework-module -Werror\=non-modular-include-in-framework-module -Wno-trigraphs -Wno-missing-field-initializers -Wno-missing-prototypes -Wno-return-type -Wno-implicit-atomic-properties -Wno-objc-interface-ivars -Wno-arc-repeated-use-of-weak -Wno-missing-braces -Wparentheses -Wswitch -Wno-unused-function -Wno-unused-label -Wno-unused-parameter -Wno-unused-variable -Wunused-value -Wno-empty-body -Wno-uninitialized -Wno-unknown-pragmas -w -Wno-shadow -Wno-four-char-constants -Wno-conversion -Wno-constant-conversion -Wno-int-conversion -Wno-bool-conversion -Wno-enum-conversion -Wno-float-conversion -Wno-non-literal-null-conversion -Wno-objc-literal-conversion -Wshorten-64-to-32 -Wpointer-sign -Wno-newline-eof -Wno-selector -Wno-strict-selector-match -Wno-undeclared-selector -Wno-deprecated-implementations -Wno-implicit-fallthrough -fstrict-aliasing -Wprotocol -Wdeprecated-declarations -Wno-sign-conversion -Wno-infinite-recursion -Wno-comma -Wno-block-capture-autoreleasing -Wno-strict-prototypes -Wno-semicolon-before-method-body -index-store-path /Users/hectorgarcia/Library/Developer/Xcode/DerivedData/Lyo-eagkiegzrakogpczynhkaholsscs/Index.noindex/DataStore @/Users/hectorgarcia/Library/Developer/Xcode/DerivedData/Build/Intermediates.noindex/GoogleUtilities.build/Debug-iphonesimulator/GoogleUtilities-AppDelegateSwizzler.build/Objects-normal/x86_64/e6072d4f65d7061329687fe24e3d63a7-common-args.resp -include /Users/hectorgarcia/Library/Developer/Xcode/DerivedData/Build/Intermediates.noindex/GoogleUtilities.build/Debug-iphonesimulator/GoogleUtilities-AppDelegateSwizzler.build/DerivedSources/resource_bundle_accessor.h -MMD -MT dependencies -MF /Users/hectorgarcia/Library/Developer/Xcode/DerivedData/Build/Intermediates.noindex/GoogleUtilities.build/Debug-iphonesimulator/GoogleUtilities-AppDelegateSwizzler.build/Objects-normal/x86_64/GULSceneDelegateSwizzler.d --serialize-diagnostics /Users/hectorgarcia/Library/Developer/Xcode/DerivedData/Build/Intermediates.noindex/GoogleUtilities.build/Debug-iphonesimulator/GoogleUtilities-AppDelegateSwizzler.build/Objects-normal/x86_64/GULSceneDelegateSwizzler.dia -c /Users/hectorgarcia/Library/Developer/Xcode/DerivedData/Lyo-eagkiegzrakogpczynhkaholsscs/SourcePackages/checkouts/GoogleUtilities/GoogleUtilities/AppDelegateSwizzler/GULSceneDelegateSwizzler.m -o /Users/hectorgarcia/Library/Developer/Xcode/DerivedData/Build/Intermediates.noindex/GoogleUtilities.build/Debug-iphonesimulator/GoogleUtilities-AppDelegateSwizzler.build/Objects-normal/x86_64/GULSceneDelegateSwizzler.o -index-unit-output-path /GoogleUtilities.build/Debug-iphonesimulator/GoogleUtilities-AppDelegateSwizzler.build/Objects-normal/x86_64/GULSceneDelegateSwizzler.o

ScanDependencies /Users/hectorgarcia/Library/Developer/Xcode/DerivedData/Build/Intermediates.noindex/GoogleUtilities.build/Debug-iphonesimulator/GoogleUtilities-AppDelegateSwizzler.build/Objects-normal/x86_64/GULAppDelegateSwizzler.o /Users/hectorgarcia/Library/Developer/Xcode/DerivedData/Lyo-eagkiegzrakogpczynhkaholsscs/SourcePackages/checkouts/GoogleUtilities/GoogleUtilities/AppDelegateSwizzler/GULAppDelegateSwizzler.m normal x86_64 objective-c com.apple.compilers.llvm.clang.1_0.compiler (in target 'GoogleUtilities-AppDelegateSwizzler' from project 'GoogleUtilities')
    cd /Users/hectorgarcia/LYO_Da_ONE/Lyo.xcodeproj
    
    Using response file: /Users/hectorgarcia/Library/Developer/Xcode/DerivedData/Build/Intermediates.noindex/GoogleUtilities.build/Debug-iphonesimulator/GoogleUtilities-AppDelegateSwizzler.build/Objects-normal/x86_64/e6072d4f65d7061329687fe24e3d63a7-common-args.resp
    
    builtin-ScanDependencies -o /Users/hectorgarcia/Library/Developer/Xcode/DerivedData/Build/Intermediates.noindex/GoogleUtilities.build/Debug-iphonesimulator/GoogleUtilities-AppDelegateSwizzler.build/Objects-normal/x86_64/GULAppDelegateSwizzler.o.scan -- /Users/hectorgarcia/Downloads/Xcode.app/Contents/Developer/Toolchains/XcodeDefault.xctoolchain/usr/bin/clang -x objective-c -ivfsstatcache /Users/hectorgarcia/Library/Developer/Xcode/DerivedData/SDKStatCaches.noindex/iphonesimulator26.2-23C53-823d3e8b6e60bc2018c189d3ca05ba9b.sdkstatcache -fmessage-length\=0 -fdiagnostics-show-note-include-stack -fmacro-backtrace-limit\=0 -fno-color-diagnostics -fmodules-prune-interval\=86400 -fmodules-prune-after\=345600 -fbuild-session-file\=/Users/hectorgarcia/Library/Developer/Xcode/DerivedData/ModuleCache.noindex/Session.modulevalidation -fmodules-validate-once-per-build-session -Wnon-modular-include-in-framework-module -Werror\=non-modular-include-in-framework-module -Wno-trigraphs -Wno-missing-field-initializers -Wno-missing-prototypes -Wno-return-type -Wno-implicit-atomic-properties -Wno-objc-interface-ivars -Wno-arc-repeated-use-of-weak -Wno-missing-braces -Wparentheses -Wswitch -Wno-unused-function -Wno-unused-label -Wno-unused-parameter -Wno-unused-variable -Wunused-value -Wno-empty-body -Wno-uninitialized -Wno-unknown-pragmas -w -Wno-shadow -Wno-four-char-constants -Wno-conversion -Wno-constant-conversion -Wno-int-conversion -Wno-bool-conversion -Wno-enum-conversion -Wno-float-conversion -Wno-non-literal-null-conversion -Wno-objc-literal-conversion -Wshorten-64-to-32 -Wpointer-sign -Wno-newline-eof -Wno-selector -Wno-strict-selector-match -Wno-undeclared-selector -Wno-deprecated-implementations -Wno-implicit-fallthrough -fstrict-aliasing -Wprotocol -Wdeprecated-declarations -Wno-sign-conversion -Wno-infinite-recursion -Wno-comma -Wno-block-capture-autoreleasing -Wno-strict-prototypes -Wno-semicolon-before-method-body -index-store-path /Users/hectorgarcia/Library/Developer/Xcode/DerivedData/Lyo-eagkiegzrakogpczynhkaholsscs/Index.noindex/DataStore @/Users/hectorgarcia/Library/Developer/Xcode/DerivedData/Build/Intermediates.noindex/GoogleUtilities.build/Debug-iphonesimulator/GoogleUtilities-AppDelegateSwizzler.build/Objects-normal/x86_64/e6072d4f65d7061329687fe24e3d63a7-common-args.resp -include /Users/hectorgarcia/Library/Developer/Xcode/DerivedData/Build/Intermediates.noindex/GoogleUtilities.build/Debug-iphonesimulator/GoogleUtilities-AppDelegateSwizzler.build/DerivedSources/resource_bundle_accessor.h -MMD -MT dependencies -MF /Users/hectorgarcia/Library/Developer/Xcode/DerivedData/Build/Intermediates.noindex/GoogleUtilities.build/Debug-iphonesimulator/GoogleUtilities-AppDelegateSwizzler.build/Objects-normal/x86_64/GULAppDelegateSwizzler.d --serialize-diagnostics /Users/hectorgarcia/Library/Developer/Xcode/DerivedData/Build/Intermediates.noindex/GoogleUtilities.build/Debug-iphonesimulator/GoogleUtilities-AppDelegateSwizzler.build/Objects-normal/x86_64/GULAppDelegateSwizzler.dia -c /Users/hectorgarcia/Library/Developer/Xcode/DerivedData/Lyo-eagkiegzrakogpczynhkaholsscs/SourcePackages/checkouts/GoogleUtilities/GoogleUtilities/AppDelegateSwizzler/GULAppDelegateSwizzler.m -o /Users/hectorgarcia/Library/Developer/Xcode/DerivedData/Build/Intermediates.noindex/GoogleUtilities.build/Debug-iphonesimulator/GoogleUtilities-AppDelegateSwizzler.build/Objects-normal/x86_64/GULAppDelegateSwizzler.o -index-unit-output-path /GoogleUtilities.build/Debug-iphonesimulator/GoogleUtilities-AppDelegateSwizzler.build/Objects-normal/x86_64/GULAppDelegateSwizzler.o

ProcessInfoPlistFile /Users/hectorgarcia/Library/Developer/Xcode/DerivedData/Build/Products/Debug-iphonesimulator/GoogleSignIn_GoogleSignIn.bundle/Info.plist /Users/hectorgarcia/Library/Developer/Xcode/DerivedData/Build/Intermediates.noindex/GoogleSignIn.build/Debug-iphonesimulator/GoogleSignIn_GoogleSignIn.build/empty-GoogleSignIn_GoogleSignIn.plist (in target 'GoogleSignIn_GoogleSignIn' from project 'GoogleSignIn')
    cd /Users/hectorgarcia/Library/Developer/Xcode/DerivedData/Lyo-eagkiegzrakogpczynhkaholsscs/SourcePackages/checkouts/GoogleSignIn-iOS
    builtin-infoPlistUtility /Users/hectorgarcia/Library/Developer/Xcode/DerivedData/Build/Intermediates.noindex/GoogleSignIn.build/Debug-iphonesimulator/GoogleSignIn_GoogleSignIn.build/empty-GoogleSignIn_GoogleSignIn.plist -producttype com.apple.product-type.bundle -expandbuildsettings -format binary -platform iphonesimulator -o /Users/hectorgarcia/Library/Developer/Xcode/DerivedData/Build/Products/Debug-iphonesimulator/GoogleSignIn_GoogleSignIn.bundle/Info.plist

CpResource /Users/hectorgarcia/Library/Developer/Xcode/DerivedData/Build/Products/Debug-iphonesimulator/GoogleSignIn_GoogleSignIn.bundle/zh_TW.lproj/GoogleSignIn.strings /Users/hectorgarcia/Library/Developer/Xcode/DerivedData/Lyo-eagkiegzrakogpczynhkaholsscs/SourcePackages/checkouts/GoogleSignIn-iOS/GoogleSignIn/Sources/Strings/zh_TW.lproj/GoogleSignIn.strings (in target 'GoogleSignIn_GoogleSignIn' from project 'GoogleSignIn')
    cd /Users/hectorgarcia/Library/Developer/Xcode/DerivedData/Lyo-eagkiegzrakogpczynhkaholsscs/SourcePackages/checkouts/GoogleSignIn-iOS
    builtin-copy -exclude .DS_Store -exclude CVS -exclude .svn -exclude .git -exclude .hg -resolve-src-symlinks /Users/hectorgarcia/Library/Developer/Xcode/DerivedData/Lyo-eagkiegzrakogpczynhkaholsscs/SourcePackages/checkouts/GoogleSignIn-iOS/GoogleSignIn/Sources/Strings/zh_TW.lproj/GoogleSignIn.strings /Users/hectorgarcia/Library/Developer/Xcode/DerivedData/Build/Products/Debug-iphonesimulator/GoogleSignIn_GoogleSignIn.bundle/zh_TW.lproj

CpResource /Users/hectorgarcia/Library/Developer/Xcode/DerivedData/Build/Products/Debug-iphonesimulator/GoogleSignIn_GoogleSignIn.bundle/zh_CN.lproj/GoogleSignIn.strings /Users/hectorgarcia/Library/Developer/Xcode/DerivedData/Lyo-eagkiegzrakogpczynhkaholsscs/SourcePackages/checkouts/GoogleSignIn-iOS/GoogleSignIn/Sources/Strings/zh_CN.lproj/GoogleSignIn.strings (in target 'GoogleSignIn_GoogleSignIn' from project 'GoogleSignIn')
    cd /Users/hectorgarcia/Library/Developer/Xcode/DerivedData/Lyo-eagkiegzrakogpczynhkaholsscs/SourcePackages/checkouts/GoogleSignIn-iOS
    builtin-copy -exclude .DS_Store -exclude CVS -exclude .svn -exclude .git -exclude .hg -resolve-src-symlinks /Users/hectorgarcia/Library/Developer/Xcode/DerivedData/Lyo-eagkiegzrakogpczynhkaholsscs/SourcePackages/checkouts/GoogleSignIn-iOS/GoogleSignIn/Sources/Strings/zh_CN.lproj/GoogleSignIn.strings /Users/hectorgarcia/Library/Developer/Xcode/DerivedData/Build/Products/Debug-iphonesimulator/GoogleSignIn_GoogleSignIn.bundle/zh_CN.lproj

CpResource /Users/hectorgarcia/Library/Developer/Xcode/DerivedData/Build/Products/Debug-iphonesimulator/GoogleSignIn_GoogleSignIn.bundle/vi.lproj/GoogleSignIn.strings /Users/hectorgarcia/Library/Developer/Xcode/DerivedData/Lyo-eagkiegzrakogpczynhkaholsscs/SourcePackages/checkouts/GoogleSignIn-iOS/GoogleSignIn/Sources/Strings/vi.lproj/GoogleSignIn.strings (in target 'GoogleSignIn_GoogleSignIn' from project 'GoogleSignIn')
    cd /Users/hectorgarcia/Library/Developer/Xcode/DerivedData/Lyo-eagkiegzrakogpczynhkaholsscs/SourcePackages/checkouts/GoogleSignIn-iOS
    builtin-copy -exclude .DS_Store -exclude CVS -exclude .svn -exclude .git -exclude .hg -resolve-src-symlinks /Users/hectorgarcia/Library/Developer/Xcode/DerivedData/Lyo-eagkiegzrakogpczynhkaholsscs/SourcePackages/checkouts/GoogleSignIn-iOS/GoogleSignIn/Sources/Strings/vi.lproj/GoogleSignIn.strings /Users/hectorgarcia/Library/Developer/Xcode/DerivedData/Build/Products/Debug-iphonesimulator/GoogleSignIn_GoogleSignIn.bundle/vi.lproj

CpResource /Users/hectorgarcia/Library/Developer/Xcode/DerivedData/Build/Products/Debug-iphonesimulator/GoogleSignIn_GoogleSignIn.bundle/uk.lproj/GoogleSignIn.strings /Users/hectorgarcia/Library/Developer/Xcode/DerivedData/Lyo-eagkiegzrakogpczynhkaholsscs/SourcePackages/checkouts/GoogleSignIn-iOS/GoogleSignIn/Sources/Strings/uk.lproj/GoogleSignIn.strings (in target 'GoogleSignIn_GoogleSignIn' from project 'GoogleSignIn')
    cd /Users/hectorgarcia/Library/Developer/Xcode/DerivedData/Lyo-eagkiegzrakogpczynhkaholsscs/SourcePackages/checkouts/GoogleSignIn-iOS
    builtin-copy -exclude .DS_Store -exclude CVS -exclude .svn -exclude .git -exclude .hg -resolve-src-symlinks /Users/hectorgarcia/Library/Developer/Xcode/DerivedData/Lyo-eagkiegzrakogpczynhkaholsscs/SourcePackages/checkouts/GoogleSignIn-iOS/GoogleSignIn/Sources/Strings/uk.lproj/GoogleSignIn.strings /Users/hectorgarcia/Library/Developer/Xcode/DerivedData/Build/Products/Debug-iphonesimulator/GoogleSignIn_GoogleSignIn.bundle/uk.lproj

CpResource /Users/hectorgarcia/Library/Developer/Xcode/DerivedData/Build/Products/Debug-iphonesimulator/GoogleSignIn_GoogleSignIn.bundle/tr.lproj/GoogleSignIn.strings /Users/hectorgarcia/Library/Developer/Xcode/DerivedData/Lyo-eagkiegzrakogpczynhkaholsscs/SourcePackages/checkouts/GoogleSignIn-iOS/GoogleSignIn/Sources/Strings/tr.lproj/GoogleSignIn.strings (in target 'GoogleSignIn_GoogleSignIn' from project 'GoogleSignIn')
    cd /Users/hectorgarcia/Library/Developer/Xcode/DerivedData/Lyo-eagkiegzrakogpczynhkaholsscs/SourcePackages/checkouts/GoogleSignIn-iOS
    builtin-copy -exclude .DS_Store -exclude CVS -exclude .svn -exclude .git -exclude .hg -resolve-src-symlinks /Users/hectorgarcia/Library/Developer/Xcode/DerivedData/Lyo-eagkiegzrakogpczynhkaholsscs/SourcePackages/checkouts/GoogleSignIn-iOS/GoogleSignIn/Sources/Strings/tr.lproj/GoogleSignIn.strings /Users/hectorgarcia/Library/Developer/Xcode/DerivedData/Build/Products/Debug-iphonesimulator/GoogleSignIn_GoogleSignIn.bundle/tr.lproj

CpResource /Users/hectorgarcia/Library/Developer/Xcode/DerivedData/Build/Products/Debug-iphonesimulator/GoogleSignIn_GoogleSignIn.bundle/th.lproj/GoogleSignIn.strings /Users/hectorgarcia/Library/Developer/Xcode/DerivedData/Lyo-eagkiegzrakogpczynhkaholsscs/SourcePackages/checkouts/GoogleSignIn-iOS/GoogleSignIn/Sources/Strings/th.lproj/GoogleSignIn.strings (in target 'GoogleSignIn_GoogleSignIn' from project 'GoogleSignIn')
    cd /Users/hectorgarcia/Library/Developer/Xcode/DerivedData/Lyo-eagkiegzrakogpczynhkaholsscs/SourcePackages/checkouts/GoogleSignIn-iOS
    builtin-copy -exclude .DS_Store -exclude CVS -exclude .svn -exclude .git -exclude .hg -resolve-src-symlinks /Users/hectorgarcia/Library/Developer/Xcode/DerivedData/Lyo-eagkiegzrakogpczynhkaholsscs/SourcePackages/checkouts/GoogleSignIn-iOS/GoogleSignIn/Sources/Strings/th.lproj/GoogleSignIn.strings /Users/hectorgarcia/Library/Developer/Xcode/DerivedData/Build/Products/Debug-iphonesimulator/GoogleSignIn_GoogleSignIn.bundle/th.lproj

CpResource /Users/hectorgarcia/Library/Developer/Xcode/DerivedData/Build/Products/Debug-iphonesimulator/GoogleSignIn_GoogleSignIn.bundle/sv.lproj/GoogleSignIn.strings /Users/hectorgarcia/Library/Developer/Xcode/DerivedData/Lyo-eagkiegzrakogpczynhkaholsscs/SourcePackages/checkouts/GoogleSignIn-iOS/GoogleSignIn/Sources/Strings/sv.lproj/GoogleSignIn.strings (in target 'GoogleSignIn_GoogleSignIn' from project 'GoogleSignIn')
    cd /Users/hectorgarcia/Library/Developer/Xcode/DerivedData/Lyo-eagkiegzrakogpczynhkaholsscs/SourcePackages/checkouts/GoogleSignIn-iOS
    builtin-copy -exclude .DS_Store -exclude CVS -exclude .svn -exclude .git -exclude .hg -resolve-src-symlinks /Users/hectorgarcia/Library/Developer/Xcode/DerivedData/Lyo-eagkiegzrakogpczynhkaholsscs/SourcePackages/checkouts/GoogleSignIn-iOS/GoogleSignIn/Sources/Strings/sv.lproj/GoogleSignIn.strings /Users/hectorgarcia/Library/Developer/Xcode/DerivedData/Build/Products/Debug-iphonesimulator/GoogleSignIn_GoogleSignIn.bundle/sv.lproj

CpResource /Users/hectorgarcia/Library/Developer/Xcode/DerivedData/Build/Products/Debug-iphonesimulator/GoogleSignIn_GoogleSignIn.bundle/sk.lproj/GoogleSignIn.strings /Users/hectorgarcia/Library/Developer/Xcode/DerivedData/Lyo-eagkiegzrakogpczynhkaholsscs/SourcePackages/checkouts/GoogleSignIn-iOS/GoogleSignIn/Sources/Strings/sk.lproj/GoogleSignIn.strings (in target 'GoogleSignIn_GoogleSignIn' from project 'GoogleSignIn')
    cd /Users/hectorgarcia/Library/Developer/Xcode/DerivedData/Lyo-eagkiegzrakogpczynhkaholsscs/SourcePackages/checkouts/GoogleSignIn-iOS
    builtin-copy -exclude .DS_Store -exclude CVS -exclude .svn -exclude .git -exclude .hg -resolve-src-symlinks /Users/hectorgarcia/Library/Developer/Xcode/DerivedData/Lyo-eagkiegzrakogpczynhkaholsscs/SourcePackages/checkouts/GoogleSignIn-iOS/GoogleSignIn/Sources/Strings/sk.lproj/GoogleSignIn.strings /Users/hectorgarcia/Library/Developer/Xcode/DerivedData/Build/Products/Debug-iphonesimulator/GoogleSignIn_GoogleSignIn.bundle/sk.lproj

CpResource /Users/hectorgarcia/Library/Developer/Xcode/DerivedData/Build/Products/Debug-iphonesimulator/GoogleSignIn_GoogleSignIn.bundle/ru.lproj/GoogleSignIn.strings /Users/hectorgarcia/Library/Developer/Xcode/DerivedData/Lyo-eagkiegzrakogpczynhkaholsscs/SourcePackages/checkouts/GoogleSignIn-iOS/GoogleSignIn/Sources/Strings/ru.lproj/GoogleSignIn.strings (in target 'GoogleSignIn_GoogleSignIn' from project 'GoogleSignIn')
    cd /Users/hectorgarcia/Library/Developer/Xcode/DerivedData/Lyo-eagkiegzrakogpczynhkaholsscs/SourcePackages/checkouts/GoogleSignIn-iOS
    builtin-copy -exclude .DS_Store -exclude CVS -exclude .svn -exclude .git -exclude .hg -resolve-src-symlinks /Users/hectorgarcia/Library/Developer/Xcode/DerivedData/Lyo-eagkiegzrakogpczynhkaholsscs/SourcePackages/checkouts/GoogleSignIn-iOS/GoogleSignIn/Sources/Strings/ru.lproj/GoogleSignIn.strings /Users/hectorgarcia/Library/Developer/Xcode/DerivedData/Build/Products/Debug-iphonesimulator/GoogleSignIn_GoogleSignIn.bundle/ru.lproj

CpResource /Users/hectorgarcia/Library/Developer/Xcode/DerivedData/Build/Products/Debug-iphonesimulator/GoogleSignIn_GoogleSignIn.bundle/ro.lproj/GoogleSignIn.strings /Users/hectorgarcia/Library/Developer/Xcode/DerivedData/Lyo-eagkiegzrakogpczynhkaholsscs/SourcePackages/checkouts/GoogleSignIn-iOS/GoogleSignIn/Sources/Strings/ro.lproj/GoogleSignIn.strings (in target 'GoogleSignIn_GoogleSignIn' from project 'GoogleSignIn')
    cd /Users/hectorgarcia/Library/Developer/Xcode/DerivedData/Lyo-eagkiegzrakogpczynhkaholsscs/SourcePackages/checkouts/GoogleSignIn-iOS
    builtin-copy -exclude .DS_Store -exclude CVS -exclude .svn -exclude .git -exclude .hg -resolve-src-symlinks /Users/hectorgarcia/Library/Developer/Xcode/DerivedData/Lyo-eagkiegzrakogpczynhkaholsscs/SourcePackages/checkouts/GoogleSignIn-iOS/GoogleSignIn/Sources/Strings/ro.lproj/GoogleSignIn.strings /Users/hectorgarcia/Library/Developer/Xcode/DerivedData/Build/Products/Debug-iphonesimulator/GoogleSignIn_GoogleSignIn.bundle/ro.lproj

CpResource /Users/hectorgarcia/Library/Developer/Xcode/DerivedData/Build/Products/Debug-iphonesimulator/GoogleSignIn_GoogleSignIn.bundle/pt_PT.lproj/GoogleSignIn.strings /Users/hectorgarcia/Library/Developer/Xcode/DerivedData/Lyo-eagkiegzrakogpczynhkaholsscs/SourcePackages/checkouts/GoogleSignIn-iOS/GoogleSignIn/Sources/Strings/pt_PT.lproj/GoogleSignIn.strings (in target 'GoogleSignIn_GoogleSignIn' from project 'GoogleSignIn')
    cd /Users/hectorgarcia/Library/Developer/Xcode/DerivedData/Lyo-eagkiegzrakogpczynhkaholsscs/SourcePackages/checkouts/GoogleSignIn-iOS
    builtin-copy -exclude .DS_Store -exclude CVS -exclude .svn -exclude .git -exclude .hg -resolve-src-symlinks /Users/hectorgarcia/Library/Developer/Xcode/DerivedData/Lyo-eagkiegzrakogpczynhkaholsscs/SourcePackages/checkouts/GoogleSignIn-iOS/GoogleSignIn/Sources/Strings/pt_PT.lproj/GoogleSignIn.strings /Users/hectorgarcia/Library/Developer/Xcode/DerivedData/Build/Products/Debug-iphonesimulator/GoogleSignIn_GoogleSignIn.bundle/pt_PT.lproj

CpResource /Users/hectorgarcia/Library/Developer/Xcode/DerivedData/Build/Products/Debug-iphonesimulator/GoogleSignIn_GoogleSignIn.bundle/pt_BR.lproj/GoogleSignIn.strings /Users/hectorgarcia/Library/Developer/Xcode/DerivedData/Lyo-eagkiegzrakogpczynhkaholsscs/SourcePackages/checkouts/GoogleSignIn-iOS/GoogleSignIn/Sources/Strings/pt_BR.lproj/GoogleSignIn.strings (in target 'GoogleSignIn_GoogleSignIn' from project 'GoogleSignIn')
    cd /Users/hectorgarcia/Library/Developer/Xcode/DerivedData/Lyo-eagkiegzrakogpczynhkaholsscs/SourcePackages/checkouts/GoogleSignIn-iOS
    builtin-copy -exclude .DS_Store -exclude CVS -exclude .svn -exclude .git -exclude .hg -resolve-src-symlinks /Users/hectorgarcia/Library/Developer/Xcode/DerivedData/Lyo-eagkiegzrakogpczynhkaholsscs/SourcePackages/checkouts/GoogleSignIn-iOS/GoogleSignIn/Sources/Strings/pt_BR.lproj/GoogleSignIn.strings /Users/hectorgarcia/Library/Developer/Xcode/DerivedData/Build/Products/Debug-iphonesimulator/GoogleSignIn_GoogleSignIn.bundle/pt_BR.lproj

CpResource /Users/hectorgarcia/Library/Developer/Xcode/DerivedData/Build/Products/Debug-iphonesimulator/GoogleSignIn_GoogleSignIn.bundle/pt.lproj/GoogleSignIn.strings /Users/hectorgarcia/Library/Developer/Xcode/DerivedData/Lyo-eagkiegzrakogpczynhkaholsscs/SourcePackages/checkouts/GoogleSignIn-iOS/GoogleSignIn/Sources/Strings/pt.lproj/GoogleSignIn.strings (in target 'GoogleSignIn_GoogleSignIn' from project 'GoogleSignIn')
    cd /Users/hectorgarcia/Library/Developer/Xcode/DerivedData/Lyo-eagkiegzrakogpczynhkaholsscs/SourcePackages/checkouts/GoogleSignIn-iOS
    builtin-copy -exclude .DS_Store -exclude CVS -exclude .svn -exclude .git -exclude .hg -resolve-src-symlinks /Users/hectorgarcia/Library/Developer/Xcode/DerivedData/Lyo-eagkiegzrakogpczynhkaholsscs/SourcePackages/checkouts/GoogleSignIn-iOS/GoogleSignIn/Sources/Strings/pt.lproj/GoogleSignIn.strings /Users/hectorgarcia/Library/Developer/Xcode/DerivedData/Build/Products/Debug-iphonesimulator/GoogleSignIn_GoogleSignIn.bundle/pt.lproj

CpResource /Users/hectorgarcia/Library/Developer/Xcode/DerivedData/Build/Products/Debug-iphonesimulator/GoogleSignIn_GoogleSignIn.bundle/pl.lproj/GoogleSignIn.strings /Users/hectorgarcia/Library/Developer/Xcode/DerivedData/Lyo-eagkiegzrakogpczynhkaholsscs/SourcePackages/checkouts/GoogleSignIn-iOS/GoogleSignIn/Sources/Strings/pl.lproj/GoogleSignIn.strings (in target 'GoogleSignIn_GoogleSignIn' from project 'GoogleSignIn')
    cd /Users/hectorgarcia/Library/Developer/Xcode/DerivedData/Lyo-eagkiegzrakogpczynhkaholsscs/SourcePackages/checkouts/GoogleSignIn-iOS
    builtin-copy -exclude .DS_Store -exclude CVS -exclude .svn -exclude .git -exclude .hg -resolve-src-symlinks /Users/hectorgarcia/Library/Developer/Xcode/DerivedData/Lyo-eagkiegzrakogpczynhkaholsscs/SourcePackages/checkouts/GoogleSignIn-iOS/GoogleSignIn/Sources/Strings/pl.lproj/GoogleSignIn.strings /Users/hectorgarcia/Library/Developer/Xcode/DerivedData/Build/Products/Debug-iphonesimulator/GoogleSignIn_GoogleSignIn.bundle/pl.lproj

CpResource /Users/hectorgarcia/Library/Developer/Xcode/DerivedData/Build/Products/Debug-iphonesimulator/GoogleSignIn_GoogleSignIn.bundle/nl.lproj/GoogleSignIn.strings /Users/hectorgarcia/Library/Developer/Xcode/DerivedData/Lyo-eagkiegzrakogpczynhkaholsscs/SourcePackages/checkouts/GoogleSignIn-iOS/GoogleSignIn/Sources/Strings/nl.lproj/GoogleSignIn.strings (in target 'GoogleSignIn_GoogleSignIn' from project 'GoogleSignIn')
    cd /Users/hectorgarcia/Library/Developer/Xcode/DerivedData/Lyo-eagkiegzrakogpczynhkaholsscs/SourcePackages/checkouts/GoogleSignIn-iOS
    builtin-copy -exclude .DS_Store -exclude CVS -exclude .svn -exclude .git -exclude .hg -resolve-src-symlinks /Users/hectorgarcia/Library/Developer/Xcode/DerivedData/Lyo-eagkiegzrakogpczynhkaholsscs/SourcePackages/checkouts/GoogleSignIn-iOS/GoogleSignIn/Sources/Strings/nl.lproj/GoogleSignIn.strings /Users/hectorgarcia/Library/Developer/Xcode/DerivedData/Build/Products/Debug-iphonesimulator/GoogleSignIn_GoogleSignIn.bundle/nl.lproj

CpResource /Users/hectorgarcia/Library/Developer/Xcode/DerivedData/Build/Products/Debug-iphonesimulator/GoogleSignIn_GoogleSignIn.bundle/nb.lproj/GoogleSignIn.strings /Users/hectorgarcia/Library/Developer/Xcode/DerivedData/Lyo-eagkiegzrakogpczynhkaholsscs/SourcePackages/checkouts/GoogleSignIn-iOS/GoogleSignIn/Sources/Strings/nb.lproj/GoogleSignIn.strings (in target 'GoogleSignIn_GoogleSignIn' from project 'GoogleSignIn')
    cd /Users/hectorgarcia/Library/Developer/Xcode/DerivedData/Lyo-eagkiegzrakogpczynhkaholsscs/SourcePackages/checkouts/GoogleSignIn-iOS
    builtin-copy -exclude .DS_Store -exclude CVS -exclude .svn -exclude .git -exclude .hg -resolve-src-symlinks /Users/hectorgarcia/Library/Developer/Xcode/DerivedData/Lyo-eagkiegzrakogpczynhkaholsscs/SourcePackages/checkouts/GoogleSignIn-iOS/GoogleSignIn/Sources/Strings/nb.lproj/GoogleSignIn.strings /Users/hectorgarcia/Library/Developer/Xcode/DerivedData/Build/Products/Debug-iphonesimulator/GoogleSignIn_GoogleSignIn.bundle/nb.lproj

CpResource /Users/hectorgarcia/Library/Developer/Xcode/DerivedData/Build/Products/Debug-iphonesimulator/GoogleSignIn_GoogleSignIn.bundle/ms.lproj/GoogleSignIn.strings /Users/hectorgarcia/Library/Developer/Xcode/DerivedData/Lyo-eagkiegzrakogpczynhkaholsscs/SourcePackages/checkouts/GoogleSignIn-iOS/GoogleSignIn/Sources/Strings/ms.lproj/GoogleSignIn.strings (in target 'GoogleSignIn_GoogleSignIn' from project 'GoogleSignIn')
    cd /Users/hectorgarcia/Library/Developer/Xcode/DerivedData/Lyo-eagkiegzrakogpczynhkaholsscs/SourcePackages/checkouts/GoogleSignIn-iOS
    builtin-copy -exclude .DS_Store -exclude CVS -exclude .svn -exclude .git -exclude .hg -resolve-src-symlinks /Users/hectorgarcia/Library/Developer/Xcode/DerivedData/Lyo-eagkiegzrakogpczynhkaholsscs/SourcePackages/checkouts/GoogleSignIn-iOS/GoogleSignIn/Sources/Strings/ms.lproj/GoogleSignIn.strings /Users/hectorgarcia/Library/Developer/Xcode/DerivedData/Build/Products/Debug-iphonesimulator/GoogleSignIn_GoogleSignIn.bundle/ms.lproj

CpResource /Users/hectorgarcia/Library/Developer/Xcode/DerivedData/Build/Products/Debug-iphonesimulator/GoogleSignIn_GoogleSignIn.bundle/ko.lproj/GoogleSignIn.strings /Users/hectorgarcia/Library/Developer/Xcode/DerivedData/Lyo-eagkiegzrakogpczynhkaholsscs/SourcePackages/checkouts/GoogleSignIn-iOS/GoogleSignIn/Sources/Strings/ko.lproj/GoogleSignIn.strings (in target 'GoogleSignIn_GoogleSignIn' from project 'GoogleSignIn')
    cd /Users/hectorgarcia/Library/Developer/Xcode/DerivedData/Lyo-eagkiegzrakogpczynhkaholsscs/SourcePackages/checkouts/GoogleSignIn-iOS
    builtin-copy -exclude .DS_Store -exclude CVS -exclude .svn -exclude .git -exclude .hg -resolve-src-symlinks /Users/hectorgarcia/Library/Developer/Xcode/DerivedData/Lyo-eagkiegzrakogpczynhkaholsscs/SourcePackages/checkouts/GoogleSignIn-iOS/GoogleSignIn/Sources/Strings/ko.lproj/GoogleSignIn.strings /Users/hectorgarcia/Library/Developer/Xcode/DerivedData/Build/Products/Debug-iphonesimulator/GoogleSignIn_GoogleSignIn.bundle/ko.lproj

CpResource /Users/hectorgarcia/Library/Developer/Xcode/DerivedData/Build/Products/Debug-iphonesimulator/GoogleSignIn_GoogleSignIn.bundle/ja.lproj/GoogleSignIn.strings /Users/hectorgarcia/Library/Developer/Xcode/DerivedData/Lyo-eagkiegzrakogpczynhkaholsscs/SourcePackages/checkouts/GoogleSignIn-iOS/GoogleSignIn/Sources/Strings/ja.lproj/GoogleSignIn.strings (in target 'GoogleSignIn_GoogleSignIn' from project 'GoogleSignIn')
    cd /Users/hectorgarcia/Library/Developer/Xcode/DerivedData/Lyo-eagkiegzrakogpczynhkaholsscs/SourcePackages/checkouts/GoogleSignIn-iOS
    builtin-copy -exclude .DS_Store -exclude CVS -exclude .svn -exclude .git -exclude .hg -resolve-src-symlinks /Users/hectorgarcia/Library/Developer/Xcode/DerivedData/Lyo-eagkiegzrakogpczynhkaholsscs/SourcePackages/checkouts/GoogleSignIn-iOS/GoogleSignIn/Sources/Strings/ja.lproj/GoogleSignIn.strings /Users/hectorgarcia/Library/Developer/Xcode/DerivedData/Build/Products/Debug-iphonesimulator/GoogleSignIn_GoogleSignIn.bundle/ja.lproj

CpResource /Users/hectorgarcia/Library/Developer/Xcode/DerivedData/Build/Products/Debug-iphonesimulator/GoogleSignIn_GoogleSignIn.bundle/it.lproj/GoogleSignIn.strings /Users/hectorgarcia/Library/Developer/Xcode/DerivedData/Lyo-eagkiegzrakogpczynhkaholsscs/SourcePackages/checkouts/GoogleSignIn-iOS/GoogleSignIn/Sources/Strings/it.lproj/GoogleSignIn.strings (in target 'GoogleSignIn_GoogleSignIn' from project 'GoogleSignIn')
    cd /Users/hectorgarcia/Library/Developer/Xcode/DerivedData/Lyo-eagkiegzrakogpczynhkaholsscs/SourcePackages/checkouts/GoogleSignIn-iOS
    builtin-copy -exclude .DS_Store -exclude CVS -exclude .svn -exclude .git -exclude .hg -resolve-src-symlinks /Users/hectorgarcia/Library/Developer/Xcode/DerivedData/Lyo-eagkiegzrakogpczynhkaholsscs/SourcePackages/checkouts/GoogleSignIn-iOS/GoogleSignIn/Sources/Strings/it.lproj/GoogleSignIn.strings /Users/hectorgarcia/Library/Developer/Xcode/DerivedData/Build/Products/Debug-iphonesimulator/GoogleSignIn_GoogleSignIn.bundle/it.lproj

CpResource /Users/hectorgarcia/Library/Developer/Xcode/DerivedData/Build/Products/Debug-iphonesimulator/GoogleSignIn_GoogleSignIn.bundle/id.lproj/GoogleSignIn.strings /Users/hectorgarcia/Library/Developer/Xcode/DerivedData/Lyo-eagkiegzrakogpczynhkaholsscs/SourcePackages/checkouts/GoogleSignIn-iOS/GoogleSignIn/Sources/Strings/id.lproj/GoogleSignIn.strings (in target 'GoogleSignIn_GoogleSignIn' from project 'GoogleSignIn')
    cd /Users/hectorgarcia/Library/Developer/Xcode/DerivedData/Lyo-eagkiegzrakogpczynhkaholsscs/SourcePackages/checkouts/GoogleSignIn-iOS
    builtin-copy -exclude .DS_Store -exclude CVS -exclude .svn -exclude .git -exclude .hg -resolve-src-symlinks /Users/hectorgarcia/Library/Developer/Xcode/DerivedData/Lyo-eagkiegzrakogpczynhkaholsscs/SourcePackages/checkouts/GoogleSignIn-iOS/GoogleSignIn/Sources/Strings/id.lproj/GoogleSignIn.strings /Users/hectorgarcia/Library/Developer/Xcode/DerivedData/Build/Products/Debug-iphonesimulator/GoogleSignIn_GoogleSignIn.bundle/id.lproj

CpResource /Users/hectorgarcia/Library/Developer/Xcode/DerivedData/Build/Products/Debug-iphonesimulator/GoogleSignIn_GoogleSignIn.bundle/hu.lproj/GoogleSignIn.strings /Users/hectorgarcia/Library/Developer/Xcode/DerivedData/Lyo-eagkiegzrakogpczynhkaholsscs/SourcePackages/checkouts/GoogleSignIn-iOS/GoogleSignIn/Sources/Strings/hu.lproj/GoogleSignIn.strings (in target 'GoogleSignIn_GoogleSignIn' from project 'GoogleSignIn')
    cd /Users/hectorgarcia/Library/Developer/Xcode/DerivedData/Lyo-eagkiegzrakogpczynhkaholsscs/SourcePackages/checkouts/GoogleSignIn-iOS
    builtin-copy -exclude .DS_Store -exclude CVS -exclude .svn -exclude .git -exclude .hg -resolve-src-symlinks /Users/hectorgarcia/Library/Developer/Xcode/DerivedData/Lyo-eagkiegzrakogpczynhkaholsscs/SourcePackages/checkouts/GoogleSignIn-iOS/GoogleSignIn/Sources/Strings/hu.lproj/GoogleSignIn.strings /Users/hectorgarcia/Library/Developer/Xcode/DerivedData/Build/Products/Debug-iphonesimulator/GoogleSignIn_GoogleSignIn.bundle/hu.lproj

CpResource /Users/hectorgarcia/Library/Developer/Xcode/DerivedData/Build/Products/Debug-iphonesimulator/GoogleSignIn_GoogleSignIn.bundle/hr.lproj/GoogleSignIn.strings /Users/hectorgarcia/Library/Developer/Xcode/DerivedData/Lyo-eagkiegzrakogpczynhkaholsscs/SourcePackages/checkouts/GoogleSignIn-iOS/GoogleSignIn/Sources/Strings/hr.lproj/GoogleSignIn.strings (in target 'GoogleSignIn_GoogleSignIn' from project 'GoogleSignIn')
    cd /Users/hectorgarcia/Library/Developer/Xcode/DerivedData/Lyo-eagkiegzrakogpczynhkaholsscs/SourcePackages/checkouts/GoogleSignIn-iOS
    builtin-copy -exclude .DS_Store -exclude CVS -exclude .svn -exclude .git -exclude .hg -resolve-src-symlinks /Users/hectorgarcia/Library/Developer/Xcode/DerivedData/Lyo-eagkiegzrakogpczynhkaholsscs/SourcePackages/checkouts/GoogleSignIn-iOS/GoogleSignIn/Sources/Strings/hr.lproj/GoogleSignIn.strings /Users/hectorgarcia/Library/Developer/Xcode/DerivedData/Build/Products/Debug-iphonesimulator/GoogleSignIn_GoogleSignIn.bundle/hr.lproj

CpResource /Users/hectorgarcia/Library/Developer/Xcode/DerivedData/Build/Products/Debug-iphonesimulator/GoogleSignIn_GoogleSignIn.bundle/hi.lproj/GoogleSignIn.strings /Users/hectorgarcia/Library/Developer/Xcode/DerivedData/Lyo-eagkiegzrakogpczynhkaholsscs/SourcePackages/checkouts/GoogleSignIn-iOS/GoogleSignIn/Sources/Strings/hi.lproj/GoogleSignIn.strings (in target 'GoogleSignIn_GoogleSignIn' from project 'GoogleSignIn')
    cd /Users/hectorgarcia/Library/Developer/Xcode/DerivedData/Lyo-eagkiegzrakogpczynhkaholsscs/SourcePackages/checkouts/GoogleSignIn-iOS
    builtin-copy -exclude .DS_Store -exclude CVS -exclude .svn -exclude .git -exclude .hg -resolve-src-symlinks /Users/hectorgarcia/Library/Developer/Xcode/DerivedData/Lyo-eagkiegzrakogpczynhkaholsscs/SourcePackages/checkouts/GoogleSignIn-iOS/GoogleSignIn/Sources/Strings/hi.lproj/GoogleSignIn.strings /Users/hectorgarcia/Library/Developer/Xcode/DerivedData/Build/Products/Debug-iphonesimulator/GoogleSignIn_GoogleSignIn.bundle/hi.lproj

CpResource /Users/hectorgarcia/Library/Developer/Xcode/DerivedData/Build/Products/Debug-iphonesimulator/GoogleSignIn_GoogleSignIn.bundle/he.lproj/GoogleSignIn.strings /Users/hectorgarcia/Library/Developer/Xcode/DerivedData/Lyo-eagkiegzrakogpczynhkaholsscs/SourcePackages/checkouts/GoogleSignIn-iOS/GoogleSignIn/Sources/Strings/he.lproj/GoogleSignIn.strings (in target 'GoogleSignIn_GoogleSignIn' from project 'GoogleSignIn')
    cd /Users/hectorgarcia/Library/Developer/Xcode/DerivedData/Lyo-eagkiegzrakogpczynhkaholsscs/SourcePackages/checkouts/GoogleSignIn-iOS
    builtin-copy -exclude .DS_Store -exclude CVS -exclude .svn -exclude .git -exclude .hg -resolve-src-symlinks /Users/hectorgarcia/Library/Developer/Xcode/DerivedData/Lyo-eagkiegzrakogpczynhkaholsscs/SourcePackages/checkouts/GoogleSignIn-iOS/GoogleSignIn/Sources/Strings/he.lproj/GoogleSignIn.strings /Users/hectorgarcia/Library/Developer/Xcode/DerivedData/Build/Products/Debug-iphonesimulator/GoogleSignIn_GoogleSignIn.bundle/he.lproj

CpResource /Users/hectorgarcia/Library/Developer/Xcode/DerivedData/Build/Products/Debug-iphonesimulator/GoogleSignIn_GoogleSignIn.bundle/google@3x.png /Users/hectorgarcia/Library/Developer/Xcode/DerivedData/Lyo-eagkiegzrakogpczynhkaholsscs/SourcePackages/checkouts/GoogleSignIn-iOS/GoogleSignIn/Sources/Resources/google@3x.png (in target 'GoogleSignIn_GoogleSignIn' from project 'GoogleSignIn')
    cd /Users/hectorgarcia/Library/Developer/Xcode/DerivedData/Lyo-eagkiegzrakogpczynhkaholsscs/SourcePackages/checkouts/GoogleSignIn-iOS
    builtin-copy -exclude .DS_Store -exclude CVS -exclude .svn -exclude .git -exclude .hg -resolve-src-symlinks /Users/hectorgarcia/Library/Developer/Xcode/DerivedData/Lyo-eagkiegzrakogpczynhkaholsscs/SourcePackages/checkouts/GoogleSignIn-iOS/GoogleSignIn/Sources/Resources/google@3x.png /Users/hectorgarcia/Library/Developer/Xcode/DerivedData/Build/Products/Debug-iphonesimulator/GoogleSignIn_GoogleSignIn.bundle

CpResource /Users/hectorgarcia/Library/Developer/Xcode/DerivedData/Build/Products/Debug-iphonesimulator/GoogleSignIn_GoogleSignIn.bundle/google@2x.png /Users/hectorgarcia/Library/Developer/Xcode/DerivedData/Lyo-eagkiegzrakogpczynhkaholsscs/SourcePackages/checkouts/GoogleSignIn-iOS/GoogleSignIn/Sources/Resources/google@2x.png (in target 'GoogleSignIn_GoogleSignIn' from project 'GoogleSignIn')
    cd /Users/hectorgarcia/Library/Developer/Xcode/DerivedData/Lyo-eagkiegzrakogpczynhkaholsscs/SourcePackages/checkouts/GoogleSignIn-iOS
    builtin-copy -exclude .DS_Store -exclude CVS -exclude .svn -exclude .git -exclude .hg -resolve-src-symlinks /Users/hectorgarcia/Library/Developer/Xcode/DerivedData/Lyo-eagkiegzrakogpczynhkaholsscs/SourcePackages/checkouts/GoogleSignIn-iOS/GoogleSignIn/Sources/Resources/google@2x.png /Users/hectorgarcia/Library/Developer/Xcode/DerivedData/Build/Products/Debug-iphonesimulator/GoogleSignIn_GoogleSignIn.bundle

CpResource /Users/hectorgarcia/Library/Developer/Xcode/DerivedData/Build/Products/Debug-iphonesimulator/GoogleSignIn_GoogleSignIn.bundle/google.png /Users/hectorgarcia/Library/Developer/Xcode/DerivedData/Lyo-eagkiegzrakogpczynhkaholsscs/SourcePackages/checkouts/GoogleSignIn-iOS/GoogleSignIn/Sources/Resources/google.png (in target 'GoogleSignIn_GoogleSignIn' from project 'GoogleSignIn')
    cd /Users/hectorgarcia/Library/Developer/Xcode/DerivedData/Lyo-eagkiegzrakogpczynhkaholsscs/SourcePackages/checkouts/GoogleSignIn-iOS
    builtin-copy -exclude .DS_Store -exclude CVS -exclude .svn -exclude .git -exclude .hg -resolve-src-symlinks /Users/hectorgarcia/Library/Developer/Xcode/DerivedData/Lyo-eagkiegzrakogpczynhkaholsscs/SourcePackages/checkouts/GoogleSignIn-iOS/GoogleSignIn/Sources/Resources/google.png /Users/hectorgarcia/Library/Developer/Xcode/DerivedData/Build/Products/Debug-iphonesimulator/GoogleSignIn_GoogleSignIn.bundle

CpResource /Users/hectorgarcia/Library/Developer/Xcode/DerivedData/Build/Products/Debug-iphonesimulator/GoogleSignIn_GoogleSignIn.bundle/fr_CA.lproj/GoogleSignIn.strings /Users/hectorgarcia/Library/Developer/Xcode/DerivedData/Lyo-eagkiegzrakogpczynhkaholsscs/SourcePackages/checkouts/GoogleSignIn-iOS/GoogleSignIn/Sources/Strings/fr_CA.lproj/GoogleSignIn.strings (in target 'GoogleSignIn_GoogleSignIn' from project 'GoogleSignIn')
    cd /Users/hectorgarcia/Library/Developer/Xcode/DerivedData/Lyo-eagkiegzrakogpczynhkaholsscs/SourcePackages/checkouts/GoogleSignIn-iOS
    builtin-copy -exclude .DS_Store -exclude CVS -exclude .svn -exclude .git -exclude .hg -resolve-src-symlinks /Users/hectorgarcia/Library/Developer/Xcode/DerivedData/Lyo-eagkiegzrakogpczynhkaholsscs/SourcePackages/checkouts/GoogleSignIn-iOS/GoogleSignIn/Sources/Strings/fr_CA.lproj/GoogleSignIn.strings /Users/hectorgarcia/Library/Developer/Xcode/DerivedData/Build/Products/Debug-iphonesimulator/GoogleSignIn_GoogleSignIn.bundle/fr_CA.lproj

CpResource /Users/hectorgarcia/Library/Developer/Xcode/DerivedData/Build/Products/Debug-iphonesimulator/GoogleSignIn_GoogleSignIn.bundle/fr.lproj/GoogleSignIn.strings /Users/hectorgarcia/Library/Developer/Xcode/DerivedData/Lyo-eagkiegzrakogpczynhkaholsscs/SourcePackages/checkouts/GoogleSignIn-iOS/GoogleSignIn/Sources/Strings/fr.lproj/GoogleSignIn.strings (in target 'GoogleSignIn_GoogleSignIn' from project 'GoogleSignIn')
    cd /Users/hectorgarcia/Library/Developer/Xcode/DerivedData/Lyo-eagkiegzrakogpczynhkaholsscs/SourcePackages/checkouts/GoogleSignIn-iOS
    builtin-copy -exclude .DS_Store -exclude CVS -exclude .svn -exclude .git -exclude .hg -resolve-src-symlinks /Users/hectorgarcia/Library/Developer/Xcode/DerivedData/Lyo-eagkiegzrakogpczynhkaholsscs/SourcePackages/checkouts/GoogleSignIn-iOS/GoogleSignIn/Sources/Strings/fr.lproj/GoogleSignIn.strings /Users/hectorgarcia/Library/Developer/Xcode/DerivedData/Build/Products/Debug-iphonesimulator/GoogleSignIn_GoogleSignIn.bundle/fr.lproj

CpResource /Users/hectorgarcia/Library/Developer/Xcode/DerivedData/Build/Products/Debug-iphonesimulator/GoogleSignIn_GoogleSignIn.bundle/fi.lproj/GoogleSignIn.strings /Users/hectorgarcia/Library/Developer/Xcode/DerivedData/Lyo-eagkiegzrakogpczynhkaholsscs/SourcePackages/checkouts/GoogleSignIn-iOS/GoogleSignIn/Sources/Strings/fi.lproj/GoogleSignIn.strings (in target 'GoogleSignIn_GoogleSignIn' from project 'GoogleSignIn')
    cd /Users/hectorgarcia/Library/Developer/Xcode/DerivedData/Lyo-eagkiegzrakogpczynhkaholsscs/SourcePackages/checkouts/GoogleSignIn-iOS
    builtin-copy -exclude .DS_Store -exclude CVS -exclude .svn -exclude .git -exclude .hg -resolve-src-symlinks /Users/hectorgarcia/Library/Developer/Xcode/DerivedData/Lyo-eagkiegzrakogpczynhkaholsscs/SourcePackages/checkouts/GoogleSignIn-iOS/GoogleSignIn/Sources/Strings/fi.lproj/GoogleSignIn.strings /Users/hectorgarcia/Library/Developer/Xcode/DerivedData/Build/Products/Debug-iphonesimulator/GoogleSignIn_GoogleSignIn.bundle/fi.lproj

CpResource /Users/hectorgarcia/Library/Developer/Xcode/DerivedData/Build/Products/Debug-iphonesimulator/GoogleSignIn_GoogleSignIn.bundle/es_MX.lproj/GoogleSignIn.strings /Users/hectorgarcia/Library/Developer/Xcode/DerivedData/Lyo-eagkiegzrakogpczynhkaholsscs/SourcePackages/checkouts/GoogleSignIn-iOS/GoogleSignIn/Sources/Strings/es_MX.lproj/GoogleSignIn.strings (in target 'GoogleSignIn_GoogleSignIn' from project 'GoogleSignIn')
    cd /Users/hectorgarcia/Library/Developer/Xcode/DerivedData/Lyo-eagkiegzrakogpczynhkaholsscs/SourcePackages/checkouts/GoogleSignIn-iOS
    builtin-copy -exclude .DS_Store -exclude CVS -exclude .svn -exclude .git -exclude .hg -resolve-src-symlinks /Users/hectorgarcia/Library/Developer/Xcode/DerivedData/Lyo-eagkiegzrakogpczynhkaholsscs/SourcePackages/checkouts/GoogleSignIn-iOS/GoogleSignIn/Sources/Strings/es_MX.lproj/GoogleSignIn.strings /Users/hectorgarcia/Library/Developer/Xcode/DerivedData/Build/Products/Debug-iphonesimulator/GoogleSignIn_GoogleSignIn.bundle/es_MX.lproj

CpResource /Users/hectorgarcia/Library/Developer/Xcode/DerivedData/Build/Products/Debug-iphonesimulator/GoogleSignIn_GoogleSignIn.bundle/es.lproj/GoogleSignIn.strings /Users/hectorgarcia/Library/Developer/Xcode/DerivedData/Lyo-eagkiegzrakogpczynhkaholsscs/SourcePackages/checkouts/GoogleSignIn-iOS/GoogleSignIn/Sources/Strings/es.lproj/GoogleSignIn.strings (in target 'GoogleSignIn_GoogleSignIn' from project 'GoogleSignIn')
    cd /Users/hectorgarcia/Library/Developer/Xcode/DerivedData/Lyo-eagkiegzrakogpczynhkaholsscs/SourcePackages/checkouts/GoogleSignIn-iOS
    builtin-copy -exclude .DS_Store -exclude CVS -exclude .svn -exclude .git -exclude .hg -resolve-src-symlinks /Users/hectorgarcia/Library/Developer/Xcode/DerivedData/Lyo-eagkiegzrakogpczynhkaholsscs/SourcePackages/checkouts/GoogleSignIn-iOS/GoogleSignIn/Sources/Strings/es.lproj/GoogleSignIn.strings /Users/hectorgarcia/Library/Developer/Xcode/DerivedData/Build/Products/Debug-iphonesimulator/GoogleSignIn_GoogleSignIn.bundle/es.lproj

CpResource /Users/hectorgarcia/Library/Developer/Xcode/DerivedData/Build/Products/Debug-iphonesimulator/GoogleSignIn_GoogleSignIn.bundle/en_GB.lproj/GoogleSignIn.strings /Users/hectorgarcia/Library/Developer/Xcode/DerivedData/Lyo-eagkiegzrakogpczynhkaholsscs/SourcePackages/checkouts/GoogleSignIn-iOS/GoogleSignIn/Sources/Strings/en_GB.lproj/GoogleSignIn.strings (in target 'GoogleSignIn_GoogleSignIn' from project 'GoogleSignIn')
    cd /Users/hectorgarcia/Library/Developer/Xcode/DerivedData/Lyo-eagkiegzrakogpczynhkaholsscs/SourcePackages/checkouts/GoogleSignIn-iOS
    builtin-copy -exclude .DS_Store -exclude CVS -exclude .svn -exclude .git -exclude .hg -resolve-src-symlinks /Users/hectorgarcia/Library/Developer/Xcode/DerivedData/Lyo-eagkiegzrakogpczynhkaholsscs/SourcePackages/checkouts/GoogleSignIn-iOS/GoogleSignIn/Sources/Strings/en_GB.lproj/GoogleSignIn.strings /Users/hectorgarcia/Library/Developer/Xcode/DerivedData/Build/Products/Debug-iphonesimulator/GoogleSignIn_GoogleSignIn.bundle/en_GB.lproj

CpResource /Users/hectorgarcia/Library/Developer/Xcode/DerivedData/Build/Products/Debug-iphonesimulator/GoogleSignIn_GoogleSignIn.bundle/en.lproj/GoogleSignIn.strings /Users/hectorgarcia/Library/Developer/Xcode/DerivedData/Lyo-eagkiegzrakogpczynhkaholsscs/SourcePackages/checkouts/GoogleSignIn-iOS/GoogleSignIn/Sources/Strings/en.lproj/GoogleSignIn.strings (in target 'GoogleSignIn_GoogleSignIn' from project 'GoogleSignIn')
    cd /Users/hectorgarcia/Library/Developer/Xcode/DerivedData/Lyo-eagkiegzrakogpczynhkaholsscs/SourcePackages/checkouts/GoogleSignIn-iOS
    builtin-copy -exclude .DS_Store -exclude CVS -exclude .svn -exclude .git -exclude .hg -resolve-src-symlinks /Users/hectorgarcia/Library/Developer/Xcode/DerivedData/Lyo-eagkiegzrakogpczynhkaholsscs/SourcePackages/checkouts/GoogleSignIn-iOS/GoogleSignIn/Sources/Strings/en.lproj/GoogleSignIn.strings /Users/hectorgarcia/Library/Developer/Xcode/DerivedData/Build/Products/Debug-iphonesimulator/GoogleSignIn_GoogleSignIn.bundle/en.lproj

CpResource /Users/hectorgarcia/Library/Developer/Xcode/DerivedData/Build/Products/Debug-iphonesimulator/GoogleSignIn_GoogleSignIn.bundle/el.lproj/GoogleSignIn.strings /Users/hectorgarcia/Library/Developer/Xcode/DerivedData/Lyo-eagkiegzrakogpczynhkaholsscs/SourcePackages/checkouts/GoogleSignIn-iOS/GoogleSignIn/Sources/Strings/el.lproj/GoogleSignIn.strings (in target 'GoogleSignIn_GoogleSignIn' from project 'GoogleSignIn')
    cd /Users/hectorgarcia/Library/Developer/Xcode/DerivedData/Lyo-eagkiegzrakogpczynhkaholsscs/SourcePackages/checkouts/GoogleSignIn-iOS
    builtin-copy -exclude .DS_Store -exclude CVS -exclude .svn -exclude .git -exclude .hg -resolve-src-symlinks /Users/hectorgarcia/Library/Developer/Xcode/DerivedData/Lyo-eagkiegzrakogpczynhkaholsscs/SourcePackages/checkouts/GoogleSignIn-iOS/GoogleSignIn/Sources/Strings/el.lproj/GoogleSignIn.strings /Users/hectorgarcia/Library/Developer/Xcode/DerivedData/Build/Products/Debug-iphonesimulator/GoogleSignIn_GoogleSignIn.bundle/el.lproj

CpResource /Users/hectorgarcia/Library/Developer/Xcode/DerivedData/Build/Products/Debug-iphonesimulator/GoogleSignIn_GoogleSignIn.bundle/de.lproj/GoogleSignIn.strings /Users/hectorgarcia/Library/Developer/Xcode/DerivedData/Lyo-eagkiegzrakogpczynhkaholsscs/SourcePackages/checkouts/GoogleSignIn-iOS/GoogleSignIn/Sources/Strings/de.lproj/GoogleSignIn.strings (in target 'GoogleSignIn_GoogleSignIn' from project 'GoogleSignIn')
    cd /Users/hectorgarcia/Library/Developer/Xcode/DerivedData/Lyo-eagkiegzrakogpczynhkaholsscs/SourcePackages/checkouts/GoogleSignIn-iOS
    builtin-copy -exclude .DS_Store -exclude CVS -exclude .svn -exclude .git -exclude .hg -resolve-src-symlinks /Users/hectorgarcia/Library/Developer/Xcode/DerivedData/Lyo-eagkiegzrakogpczynhkaholsscs/SourcePackages/checkouts/GoogleSignIn-iOS/GoogleSignIn/Sources/Strings/de.lproj/GoogleSignIn.strings /Users/hectorgarcia/Library/Developer/Xcode/DerivedData/Build/Products/Debug-iphonesimulator/GoogleSignIn_GoogleSignIn.bundle/de.lproj

CpResource /Users/hectorgarcia/Library/Developer/Xcode/DerivedData/Build/Products/Debug-iphonesimulator/GoogleSignIn_GoogleSignIn.bundle/da.lproj/GoogleSignIn.strings /Users/hectorgarcia/Library/Developer/Xcode/DerivedData/Lyo-eagkiegzrakogpczynhkaholsscs/SourcePackages/checkouts/GoogleSignIn-iOS/GoogleSignIn/Sources/Strings/da.lproj/GoogleSignIn.strings (in target 'GoogleSignIn_GoogleSignIn' from project 'GoogleSignIn')
    cd /Users/hectorgarcia/Library/Developer/Xcode/DerivedData/Lyo-eagkiegzrakogpczynhkaholsscs/SourcePackages/checkouts/GoogleSignIn-iOS
    builtin-copy -exclude .DS_Store -exclude CVS -exclude .svn -exclude .git -exclude .hg -resolve-src-symlinks /Users/hectorgarcia/Library/Developer/Xcode/DerivedData/Lyo-eagkiegzrakogpczynhkaholsscs/SourcePackages/checkouts/GoogleSignIn-iOS/GoogleSignIn/Sources/Strings/da.lproj/GoogleSignIn.strings /Users/hectorgarcia/Library/Developer/Xcode/DerivedData/Build/Products/Debug-iphonesimulator/GoogleSignIn_GoogleSignIn.bundle/da.lproj

CpResource /Users/hectorgarcia/Library/Developer/Xcode/DerivedData/Build/Products/Debug-iphonesimulator/GoogleSignIn_GoogleSignIn.bundle/cs.lproj/GoogleSignIn.strings /Users/hectorgarcia/Library/Developer/Xcode/DerivedData/Lyo-eagkiegzrakogpczynhkaholsscs/SourcePackages/checkouts/GoogleSignIn-iOS/GoogleSignIn/Sources/Strings/cs.lproj/GoogleSignIn.strings (in target 'GoogleSignIn_GoogleSignIn' from project 'GoogleSignIn')
    cd /Users/hectorgarcia/Library/Developer/Xcode/DerivedData/Lyo-eagkiegzrakogpczynhkaholsscs/SourcePackages/checkouts/GoogleSignIn-iOS
    builtin-copy -exclude .DS_Store -exclude CVS -exclude .svn -exclude .git -exclude .hg -resolve-src-symlinks /Users/hectorgarcia/Library/Developer/Xcode/DerivedData/Lyo-eagkiegzrakogpczynhkaholsscs/SourcePackages/checkouts/GoogleSignIn-iOS/GoogleSignIn/Sources/Strings/cs.lproj/GoogleSignIn.strings /Users/hectorgarcia/Library/Developer/Xcode/DerivedData/Build/Products/Debug-iphonesimulator/GoogleSignIn_GoogleSignIn.bundle/cs.lproj

CpResource /Users/hectorgarcia/Library/Developer/Xcode/DerivedData/Build/Products/Debug-iphonesimulator/GoogleSignIn_GoogleSignIn.bundle/ca.lproj/GoogleSignIn.strings /Users/hectorgarcia/Library/Developer/Xcode/DerivedData/Lyo-eagkiegzrakogpczynhkaholsscs/SourcePackages/checkouts/GoogleSignIn-iOS/GoogleSignIn/Sources/Strings/ca.lproj/GoogleSignIn.strings (in target 'GoogleSignIn_GoogleSignIn' from project 'GoogleSignIn')
    cd /Users/hectorgarcia/Library/Developer/Xcode/DerivedData/Lyo-eagkiegzrakogpczynhkaholsscs/SourcePackages/checkouts/GoogleSignIn-iOS
    builtin-copy -exclude .DS_Store -exclude CVS -exclude .svn -exclude .git -exclude .hg -resolve-src-symlinks /Users/hectorgarcia/Library/Developer/Xcode/DerivedData/Lyo-eagkiegzrakogpczynhkaholsscs/SourcePackages/checkouts/GoogleSignIn-iOS/GoogleSignIn/Sources/Strings/ca.lproj/GoogleSignIn.strings /Users/hectorgarcia/Library/Developer/Xcode/DerivedData/Build/Products/Debug-iphonesimulator/GoogleSignIn_GoogleSignIn.bundle/ca.lproj

CpResource /Users/hectorgarcia/Library/Developer/Xcode/DerivedData/Build/Products/Debug-iphonesimulator/GoogleSignIn_GoogleSignIn.bundle/ar.lproj/GoogleSignIn.strings /Users/hectorgarcia/Library/Developer/Xcode/DerivedData/Lyo-eagkiegzrakogpczynhkaholsscs/SourcePackages/checkouts/GoogleSignIn-iOS/GoogleSignIn/Sources/Strings/ar.lproj/GoogleSignIn.strings (in target 'GoogleSignIn_GoogleSignIn' from project 'GoogleSignIn')
    cd /Users/hectorgarcia/Library/Developer/Xcode/DerivedData/Lyo-eagkiegzrakogpczynhkaholsscs/SourcePackages/checkouts/GoogleSignIn-iOS
    builtin-copy -exclude .DS_Store -exclude CVS -exclude .svn -exclude .git -exclude .hg -resolve-src-symlinks /Users/hectorgarcia/Library/Developer/Xcode/DerivedData/Lyo-eagkiegzrakogpczynhkaholsscs/SourcePackages/checkouts/GoogleSignIn-iOS/GoogleSignIn/Sources/Strings/ar.lproj/GoogleSignIn.strings /Users/hectorgarcia/Library/Developer/Xcode/DerivedData/Build/Products/Debug-iphonesimulator/GoogleSignIn_GoogleSignIn.bundle/ar.lproj

CpResource /Users/hectorgarcia/Library/Developer/Xcode/DerivedData/Build/Products/Debug-iphonesimulator/GoogleSignIn_GoogleSignIn.bundle/Roboto-Bold.ttf /Users/hectorgarcia/Library/Developer/Xcode/DerivedData/Lyo-eagkiegzrakogpczynhkaholsscs/SourcePackages/checkouts/GoogleSignIn-iOS/GoogleSignIn/Sources/Resources/Roboto-Bold.ttf (in target 'GoogleSignIn_GoogleSignIn' from project 'GoogleSignIn')
    cd /Users/hectorgarcia/Library/Developer/Xcode/DerivedData/Lyo-eagkiegzrakogpczynhkaholsscs/SourcePackages/checkouts/GoogleSignIn-iOS
    builtin-copy -exclude .DS_Store -exclude CVS -exclude .svn -exclude .git -exclude .hg -resolve-src-symlinks /Users/hectorgarcia/Library/Developer/Xcode/DerivedData/Lyo-eagkiegzrakogpczynhkaholsscs/SourcePackages/checkouts/GoogleSignIn-iOS/GoogleSignIn/Sources/Resources/Roboto-Bold.ttf /Users/hectorgarcia/Library/Developer/Xcode/DerivedData/Build/Products/Debug-iphonesimulator/GoogleSignIn_GoogleSignIn.bundle

CpResource /Users/hectorgarcia/Library/Developer/Xcode/DerivedData/Build/Products/Debug-iphonesimulator/GoogleSignIn_GoogleSignIn.bundle/PrivacyInfo.xcprivacy /Users/hectorgarcia/Library/Developer/Xcode/DerivedData/Lyo-eagkiegzrakogpczynhkaholsscs/SourcePackages/checkouts/GoogleSignIn-iOS/GoogleSignIn/Sources/Resources/PrivacyInfo.xcprivacy (in target 'GoogleSignIn_GoogleSignIn' from project 'GoogleSignIn')
    cd /Users/hectorgarcia/Library/Developer/Xcode/DerivedData/Lyo-eagkiegzrakogpczynhkaholsscs/SourcePackages/checkouts/GoogleSignIn-iOS
    builtin-copy -exclude .DS_Store -exclude CVS -exclude .svn -exclude .git -exclude .hg -resolve-src-symlinks /Users/hectorgarcia/Library/Developer/Xcode/DerivedData/Lyo-eagkiegzrakogpczynhkaholsscs/SourcePackages/checkouts/GoogleSignIn-iOS/GoogleSignIn/Sources/Resources/PrivacyInfo.xcprivacy /Users/hectorgarcia/Library/Developer/Xcode/DerivedData/Build/Products/Debug-iphonesimulator/GoogleSignIn_GoogleSignIn.bundle

ProcessInfoPlistFile /Users/hectorgarcia/Library/Developer/Xcode/DerivedData/Build/Products/Debug-iphonesimulator/GoogleDataTransport_GoogleDataTransport.bundle/Info.plist /Users/hectorgarcia/Library/Developer/Xcode/DerivedData/Build/Intermediates.noindex/GoogleDataTransport.build/Debug-iphonesimulator/GoogleDataTransport_GoogleDataTransport.build/empty-GoogleDataTransport_GoogleDataTransport.plist (in target 'GoogleDataTransport_GoogleDataTransport' from project 'GoogleDataTransport')
    cd /Users/hectorgarcia/Library/Developer/Xcode/DerivedData/Lyo-eagkiegzrakogpczynhkaholsscs/SourcePackages/checkouts/GoogleDataTransport
    builtin-infoPlistUtility /Users/hectorgarcia/Library/Developer/Xcode/DerivedData/Build/Intermediates.noindex/GoogleDataTransport.build/Debug-iphonesimulator/GoogleDataTransport_GoogleDataTransport.build/empty-GoogleDataTransport_GoogleDataTransport.plist -producttype com.apple.product-type.bundle -expandbuildsettings -format binary -platform iphonesimulator -o /Users/hectorgarcia/Library/Developer/Xcode/DerivedData/Build/Products/Debug-iphonesimulator/GoogleDataTransport_GoogleDataTransport.bundle/Info.plist

CpResource /Users/hectorgarcia/Library/Developer/Xcode/DerivedData/Build/Products/Debug-iphonesimulator/GoogleDataTransport_GoogleDataTransport.bundle/PrivacyInfo.xcprivacy /Users/hectorgarcia/Library/Developer/Xcode/DerivedData/Lyo-eagkiegzrakogpczynhkaholsscs/SourcePackages/checkouts/GoogleDataTransport/GoogleDataTransport/Resources/PrivacyInfo.xcprivacy (in target 'GoogleDataTransport_GoogleDataTransport' from project 'GoogleDataTransport')
    cd /Users/hectorgarcia/Library/Developer/Xcode/DerivedData/Lyo-eagkiegzrakogpczynhkaholsscs/SourcePackages/checkouts/GoogleDataTransport
    builtin-copy -exclude .DS_Store -exclude CVS -exclude .svn -exclude .git -exclude .hg -resolve-src-symlinks /Users/hectorgarcia/Library/Developer/Xcode/DerivedData/Lyo-eagkiegzrakogpczynhkaholsscs/SourcePackages/checkouts/GoogleDataTransport/GoogleDataTransport/Resources/PrivacyInfo.xcprivacy /Users/hectorgarcia/Library/Developer/Xcode/DerivedData/Build/Products/Debug-iphonesimulator/GoogleDataTransport_GoogleDataTransport.bundle

ScanDependencies /Users/hectorgarcia/Library/Developer/Xcode/DerivedData/Build/Intermediates.noindex/GoogleDataTransport.build/Debug-iphonesimulator/GoogleDataTransport.build/Objects-normal/x86_64/resource_bundle_accessor.o /Users/hectorgarcia/Library/Developer/Xcode/DerivedData/Build/Intermediates.noindex/GoogleDataTransport.build/Debug-iphonesimulator/GoogleDataTransport.build/DerivedSources/resource_bundle_accessor.m normal x86_64 objective-c com.apple.compilers.llvm.clang.1_0.compiler (in target 'GoogleDataTransport' from project 'GoogleDataTransport')
    cd /Users/hectorgarcia/LYO_Da_ONE/Lyo.xcodeproj
    
    Using response file: /Users/hectorgarcia/Library/Developer/Xcode/DerivedData/Build/Intermediates.noindex/GoogleDataTransport.build/Debug-iphonesimulator/GoogleDataTransport.build/Objects-normal/x86_64/e6072d4f65d7061329687fe24e3d63a7-common-args.resp
    
    builtin-ScanDependencies -o /Users/hectorgarcia/Library/Developer/Xcode/DerivedData/Build/Intermediates.noindex/GoogleDataTransport.build/Debug-iphonesimulator/GoogleDataTransport.build/Objects-normal/x86_64/resource_bundle_accessor.o.scan -- /Users/hectorgarcia/Downloads/Xcode.app/Contents/Developer/Toolchains/XcodeDefault.xctoolchain/usr/bin/clang -x objective-c -ivfsstatcache /Users/hectorgarcia/Library/Developer/Xcode/DerivedData/SDKStatCaches.noindex/iphonesimulator26.2-23C53-823d3e8b6e60bc2018c189d3ca05ba9b.sdkstatcache -fmessage-length\=0 -fdiagnostics-show-note-include-stack -fmacro-backtrace-limit\=0 -fno-color-diagnostics -fmodules-prune-interval\=86400 -fmodules-prune-after\=345600 -fbuild-session-file\=/Users/hectorgarcia/Library/Developer/Xcode/DerivedData/ModuleCache.noindex/Session.modulevalidation -fmodules-validate-once-per-build-session -Wnon-modular-include-in-framework-module -Werror\=non-modular-include-in-framework-module -Wno-trigraphs -Wno-missing-field-initializers -Wno-missing-prototypes -Wno-return-type -Wno-implicit-atomic-properties -Wno-objc-interface-ivars -Wno-arc-repeated-use-of-weak -Wno-missing-braces -Wparentheses -Wswitch -Wno-unused-function -Wno-unused-label -Wno-unused-parameter -Wno-unused-variable -Wunused-value -Wno-empty-body -Wno-uninitialized -Wno-unknown-pragmas -w -Wno-shadow -Wno-four-char-constants -Wno-conversion -Wno-constant-conversion -Wno-int-conversion -Wno-bool-conversion -Wno-enum-conversion -Wno-float-conversion -Wno-non-literal-null-conversion -Wno-objc-literal-conversion -Wshorten-64-to-32 -Wpointer-sign -Wno-newline-eof -Wno-selector -Wno-strict-selector-match -Wno-undeclared-selector -Wno-deprecated-implementations -Wno-implicit-fallthrough -fstrict-aliasing -Wprotocol -Wdeprecated-declarations -Wno-sign-conversion -Wno-infinite-recursion -Wno-comma -Wno-block-capture-autoreleasing -Wno-strict-prototypes -Wno-semicolon-before-method-body -index-store-path /Users/hectorgarcia/Library/Developer/Xcode/DerivedData/Lyo-eagkiegzrakogpczynhkaholsscs/Index.noindex/DataStore @/Users/hectorgarcia/Library/Developer/Xcode/DerivedData/Build/Intermediates.noindex/GoogleDataTransport.build/Debug-iphonesimulator/GoogleDataTransport.build/Objects-normal/x86_64/e6072d4f65d7061329687fe24e3d63a7-common-args.resp -include /Users/hectorgarcia/Library/Developer/Xcode/DerivedData/Build/Intermediates.noindex/GoogleDataTransport.build/Debug-iphonesimulator/GoogleDataTransport.build/DerivedSources/resource_bundle_accessor.h -MMD -MT dependencies -MF /Users/hectorgarcia/Library/Developer/Xcode/DerivedData/Build/Intermediates.noindex/GoogleDataTransport.build/Debug-iphonesimulator/GoogleDataTransport.build/Objects-normal/x86_64/resource_bundle_accessor.d --serialize-diagnostics /Users/hectorgarcia/Library/Developer/Xcode/DerivedData/Build/Intermediates.noindex/GoogleDataTransport.build/Debug-iphonesimulator/GoogleDataTransport.build/Objects-normal/x86_64/resource_bundle_accessor.dia -c /Users/hectorgarcia/Library/Developer/Xcode/DerivedData/Build/Intermediates.noindex/GoogleDataTransport.build/Debug-iphonesimulator/GoogleDataTransport.build/DerivedSources/resource_bundle_accessor.m -o /Users/hectorgarcia/Library/Developer/Xcode/DerivedData/Build/Intermediates.noindex/GoogleDataTransport.build/Debug-iphonesimulator/GoogleDataTransport.build/Objects-normal/x86_64/resource_bundle_accessor.o -index-unit-output-path /GoogleDataTransport.build/Debug-iphonesimulator/GoogleDataTransport.build/Objects-normal/x86_64/resource_bundle_accessor.o

ScanDependencies /Users/hectorgarcia/Library/Developer/Xcode/DerivedData/Build/Intermediates.noindex/GoogleDataTransport.build/Debug-iphonesimulator/GoogleDataTransport.build/Objects-normal/x86_64/external_privacy_context.nanopb.o /Users/hectorgarcia/Library/Developer/Xcode/DerivedData/Lyo-eagkiegzrakogpczynhkaholsscs/SourcePackages/checkouts/GoogleDataTransport/GoogleDataTransport/GDTCCTLibrary/Protogen/nanopb/external_privacy_context.nanopb.c normal x86_64 c com.apple.compilers.llvm.clang.1_0.compiler (in target 'GoogleDataTransport' from project 'GoogleDataTransport')
    cd /Users/hectorgarcia/LYO_Da_ONE/Lyo.xcodeproj
    
    Using response file: /Users/hectorgarcia/Library/Developer/Xcode/DerivedData/Build/Intermediates.noindex/GoogleDataTransport.build/Debug-iphonesimulator/GoogleDataTransport.build/Objects-normal/x86_64/7187679823f38a2a940e0043cdf9d637-common-args.resp
    
    builtin-ScanDependencies -o /Users/hectorgarcia/Library/Developer/Xcode/DerivedData/Build/Intermediates.noindex/GoogleDataTransport.build/Debug-iphonesimulator/GoogleDataTransport.build/Objects-normal/x86_64/external_privacy_context.nanopb.o.scan -- /Users/hectorgarcia/Downloads/Xcode.app/Contents/Developer/Toolchains/XcodeDefault.xctoolchain/usr/bin/clang -x c -ivfsstatcache /Users/hectorgarcia/Library/Developer/Xcode/DerivedData/SDKStatCaches.noindex/iphonesimulator26.2-23C53-823d3e8b6e60bc2018c189d3ca05ba9b.sdkstatcache -fmessage-length\=0 -fdiagnostics-show-note-include-stack -fmacro-backtrace-limit\=0 -fno-color-diagnostics -fmodules-prune-interval\=86400 -fmodules-prune-after\=345600 -fbuild-session-file\=/Users/hectorgarcia/Library/Developer/Xcode/DerivedData/ModuleCache.noindex/Session.modulevalidation -fmodules-validate-once-per-build-session -Wnon-modular-include-in-framework-module -Werror\=non-modular-include-in-framework-module -Wno-trigraphs -Wno-missing-field-initializers -Wno-missing-prototypes -Wno-return-type -Wno-missing-braces -Wparentheses -Wswitch -Wno-unused-function -Wno-unused-label -Wno-unused-parameter -Wno-unused-variable -Wunused-value -Wno-empty-body -Wno-uninitialized -Wno-unknown-pragmas -w -Wno-shadow -Wno-four-char-constants -Wno-conversion -Wno-constant-conversion -Wno-int-conversion -Wno-bool-conversion -Wno-enum-conversion -Wno-float-conversion -Wno-non-literal-null-conversion -Wno-objc-literal-conversion -Wshorten-64-to-32 -Wpointer-sign -Wno-newline-eof -Wno-implicit-fallthrough -fstrict-aliasing -Wdeprecated-declarations -Wno-sign-conversion -Wno-infinite-recursion -Wno-comma -Wno-block-capture-autoreleasing -Wno-strict-prototypes -Wno-semicolon-before-method-body -index-store-path /Users/hectorgarcia/Library/Developer/Xcode/DerivedData/Lyo-eagkiegzrakogpczynhkaholsscs/Index.noindex/DataStore @/Users/hectorgarcia/Library/Developer/Xcode/DerivedData/Build/Intermediates.noindex/GoogleDataTransport.build/Debug-iphonesimulator/GoogleDataTransport.build/Objects-normal/x86_64/7187679823f38a2a940e0043cdf9d637-common-args.resp -MMD -MT dependencies -MF /Users/hectorgarcia/Library/Developer/Xcode/DerivedData/Build/Intermediates.noindex/GoogleDataTransport.build/Debug-iphonesimulator/GoogleDataTransport.build/Objects-normal/x86_64/external_privacy_context.nanopb.d --serialize-diagnostics /Users/hectorgarcia/Library/Developer/Xcode/DerivedData/Build/Intermediates.noindex/GoogleDataTransport.build/Debug-iphonesimulator/GoogleDataTransport.build/Objects-normal/x86_64/external_privacy_context.nanopb.dia -c /Users/hectorgarcia/Library/Developer/Xcode/DerivedData/Lyo-eagkiegzrakogpczynhkaholsscs/SourcePackages/checkouts/GoogleDataTransport/GoogleDataTransport/GDTCCTLibrary/Protogen/nanopb/external_privacy_context.nanopb.c -o /Users/hectorgarcia/Library/Developer/Xcode/DerivedData/Build/Intermediates.noindex/GoogleDataTransport.build/Debug-iphonesimulator/GoogleDataTransport.build/Objects-normal/x86_64/external_privacy_context.nanopb.o -index-unit-output-path /GoogleDataTransport.build/Debug-iphonesimulator/GoogleDataTransport.build/Objects-normal/x86_64/external_privacy_context.nanopb.o

ScanDependencies /Users/hectorgarcia/Library/Developer/Xcode/DerivedData/Build/Intermediates.noindex/GoogleDataTransport.build/Debug-iphonesimulator/GoogleDataTransport.build/Objects-normal/x86_64/external_prequest_context.nanopb.o /Users/hectorgarcia/Library/Developer/Xcode/DerivedData/Lyo-eagkiegzrakogpczynhkaholsscs/SourcePackages/checkouts/GoogleDataTransport/GoogleDataTransport/GDTCCTLibrary/Protogen/nanopb/external_prequest_context.nanopb.c normal x86_64 c com.apple.compilers.llvm.clang.1_0.compiler (in target 'GoogleDataTransport' from project 'GoogleDataTransport')
    cd /Users/hectorgarcia/LYO_Da_ONE/Lyo.xcodeproj
    
    Using response file: /Users/hectorgarcia/Library/Developer/Xcode/DerivedData/Build/Intermediates.noindex/GoogleDataTransport.build/Debug-iphonesimulator/GoogleDataTransport.build/Objects-normal/x86_64/7187679823f38a2a940e0043cdf9d637-common-args.resp
    
    builtin-ScanDependencies -o /Users/hectorgarcia/Library/Developer/Xcode/DerivedData/Build/Intermediates.noindex/GoogleDataTransport.build/Debug-iphonesimulator/GoogleDataTransport.build/Objects-normal/x86_64/external_prequest_context.nanopb.o.scan -- /Users/hectorgarcia/Downloads/Xcode.app/Contents/Developer/Toolchains/XcodeDefault.xctoolchain/usr/bin/clang -x c -ivfsstatcache /Users/hectorgarcia/Library/Developer/Xcode/DerivedData/SDKStatCaches.noindex/iphonesimulator26.2-23C53-823d3e8b6e60bc2018c189d3ca05ba9b.sdkstatcache -fmessage-length\=0 -fdiagnostics-show-note-include-stack -fmacro-backtrace-limit\=0 -fno-color-diagnostics -fmodules-prune-interval\=86400 -fmodules-prune-after\=345600 -fbuild-session-file\=/Users/hectorgarcia/Library/Developer/Xcode/DerivedData/ModuleCache.noindex/Session.modulevalidation -fmodules-validate-once-per-build-session -Wnon-modular-include-in-framework-module -Werror\=non-modular-include-in-framework-module -Wno-trigraphs -Wno-missing-field-initializers -Wno-missing-prototypes -Wno-return-type -Wno-missing-braces -Wparentheses -Wswitch -Wno-unused-function -Wno-unused-label -Wno-unused-parameter -Wno-unused-variable -Wunused-value -Wno-empty-body -Wno-uninitialized -Wno-unknown-pragmas -w -Wno-shadow -Wno-four-char-constants -Wno-conversion -Wno-constant-conversion -Wno-int-conversion -Wno-bool-conversion -Wno-enum-conversion -Wno-float-conversion -Wno-non-literal-null-conversion -Wno-objc-literal-conversion -Wshorten-64-to-32 -Wpointer-sign -Wno-newline-eof -Wno-implicit-fallthrough -fstrict-aliasing -Wdeprecated-declarations -Wno-sign-conversion -Wno-infinite-recursion -Wno-comma -Wno-block-capture-autoreleasing -Wno-strict-prototypes -Wno-semicolon-before-method-body -index-store-path /Users/hectorgarcia/Library/Developer/Xcode/DerivedData/Lyo-eagkiegzrakogpczynhkaholsscs/Index.noindex/DataStore @/Users/hectorgarcia/Library/Developer/Xcode/DerivedData/Build/Intermediates.noindex/GoogleDataTransport.build/Debug-iphonesimulator/GoogleDataTransport.build/Objects-normal/x86_64/7187679823f38a2a940e0043cdf9d637-common-args.resp -MMD -MT dependencies -MF /Users/hectorgarcia/Library/Developer/Xcode/DerivedData/Build/Intermediates.noindex/GoogleDataTransport.build/Debug-iphonesimulator/GoogleDataTransport.build/Objects-normal/x86_64/external_prequest_context.nanopb.d --serialize-diagnostics /Users/hectorgarcia/Library/Developer/Xcode/DerivedData/Build/Intermediates.noindex/GoogleDataTransport.build/Debug-iphonesimulator/GoogleDataTransport.build/Objects-normal/x86_64/external_prequest_context.nanopb.dia -c /Users/hectorgarcia/Library/Developer/Xcode/DerivedData/Lyo-eagkiegzrakogpczynhkaholsscs/SourcePackages/checkouts/GoogleDataTransport/GoogleDataTransport/GDTCCTLibrary/Protogen/nanopb/external_prequest_context.nanopb.c -o /Users/hectorgarcia/Library/Developer/Xcode/DerivedData/Build/Intermediates.noindex/GoogleDataTransport.build/Debug-iphonesimulator/GoogleDataTransport.build/Objects-normal/x86_64/external_prequest_context.nanopb.o -index-unit-output-path /GoogleDataTransport.build/Debug-iphonesimulator/GoogleDataTransport.build/Objects-normal/x86_64/external_prequest_context.nanopb.o

ScanDependencies /Users/hectorgarcia/Library/Developer/Xcode/DerivedData/Build/Intermediates.noindex/GoogleDataTransport.build/Debug-iphonesimulator/GoogleDataTransport.build/Objects-normal/x86_64/compliance.nanopb.o /Users/hectorgarcia/Library/Developer/Xcode/DerivedData/Lyo-eagkiegzrakogpczynhkaholsscs/SourcePackages/checkouts/GoogleDataTransport/GoogleDataTransport/GDTCCTLibrary/Protogen/nanopb/compliance.nanopb.c normal x86_64 c com.apple.compilers.llvm.clang.1_0.compiler (in target 'GoogleDataTransport' from project 'GoogleDataTransport')
    cd /Users/hectorgarcia/LYO_Da_ONE/Lyo.xcodeproj
    
    Using response file: /Users/hectorgarcia/Library/Developer/Xcode/DerivedData/Build/Intermediates.noindex/GoogleDataTransport.build/Debug-iphonesimulator/GoogleDataTransport.build/Objects-normal/x86_64/7187679823f38a2a940e0043cdf9d637-common-args.resp
    
    builtin-ScanDependencies -o /Users/hectorgarcia/Library/Developer/Xcode/DerivedData/Build/Intermediates.noindex/GoogleDataTransport.build/Debug-iphonesimulator/GoogleDataTransport.build/Objects-normal/x86_64/compliance.nanopb.o.scan -- /Users/hectorgarcia/Downloads/Xcode.app/Contents/Developer/Toolchains/XcodeDefault.xctoolchain/usr/bin/clang -x c -ivfsstatcache /Users/hectorgarcia/Library/Developer/Xcode/DerivedData/SDKStatCaches.noindex/iphonesimulator26.2-23C53-823d3e8b6e60bc2018c189d3ca05ba9b.sdkstatcache -fmessage-length\=0 -fdiagnostics-show-note-include-stack -fmacro-backtrace-limit\=0 -fno-color-diagnostics -fmodules-prune-interval\=86400 -fmodules-prune-after\=345600 -fbuild-session-file\=/Users/hectorgarcia/Library/Developer/Xcode/DerivedData/ModuleCache.noindex/Session.modulevalidation -fmodules-validate-once-per-build-session -Wnon-modular-include-in-framework-module -Werror\=non-modular-include-in-framework-module -Wno-trigraphs -Wno-missing-field-initializers -Wno-missing-prototypes -Wno-return-type -Wno-missing-braces -Wparentheses -Wswitch -Wno-unused-function -Wno-unused-label -Wno-unused-parameter -Wno-unused-variable -Wunused-value -Wno-empty-body -Wno-uninitialized -Wno-unknown-pragmas -w -Wno-shadow -Wno-four-char-constants -Wno-conversion -Wno-constant-conversion -Wno-int-conversion -Wno-bool-conversion -Wno-enum-conversion -Wno-float-conversion -Wno-non-literal-null-conversion -Wno-objc-literal-conversion -Wshorten-64-to-32 -Wpointer-sign -Wno-newline-eof -Wno-implicit-fallthrough -fstrict-aliasing -Wdeprecated-declarations -Wno-sign-conversion -Wno-infinite-recursion -Wno-comma -Wno-block-capture-autoreleasing -Wno-strict-prototypes -Wno-semicolon-before-method-body -index-store-path /Users/hectorgarcia/Library/Developer/Xcode/DerivedData/Lyo-eagkiegzrakogpczynhkaholsscs/Index.noindex/DataStore @/Users/hectorgarcia/Library/Developer/Xcode/DerivedData/Build/Intermediates.noindex/GoogleDataTransport.build/Debug-iphonesimulator/GoogleDataTransport.build/Objects-normal/x86_64/7187679823f38a2a940e0043cdf9d637-common-args.resp -MMD -MT dependencies -MF /Users/hectorgarcia/Library/Developer/Xcode/DerivedData/Build/Intermediates.noindex/GoogleDataTransport.build/Debug-iphonesimulator/GoogleDataTransport.build/Objects-normal/x86_64/compliance.nanopb.d --serialize-diagnostics /Users/hectorgarcia/Library/Developer/Xcode/DerivedData/Build/Intermediates.noindex/GoogleDataTransport.build/Debug-iphonesimulator/GoogleDataTransport.build/Objects-normal/x86_64/compliance.nanopb.dia -c /Users/hectorgarcia/Library/Developer/Xcode/DerivedData/Lyo-eagkiegzrakogpczynhkaholsscs/SourcePackages/checkouts/GoogleDataTransport/GoogleDataTransport/GDTCCTLibrary/Protogen/nanopb/compliance.nanopb.c -o /Users/hectorgarcia/Library/Developer/Xcode/DerivedData/Build/Intermediates.noindex/GoogleDataTransport.build/Debug-iphonesimulator/GoogleDataTransport.build/Objects-normal/x86_64/compliance.nanopb.o -index-unit-output-path /GoogleDataTransport.build/Debug-iphonesimulator/GoogleDataTransport.build/Objects-normal/x86_64/compliance.nanopb.o

ScanDependencies /Users/hectorgarcia/Library/Developer/Xcode/DerivedData/Build/Intermediates.noindex/GoogleDataTransport.build/Debug-iphonesimulator/GoogleDataTransport.build/Objects-normal/x86_64/client_metrics.nanopb.o /Users/hectorgarcia/Library/Developer/Xcode/DerivedData/Lyo-eagkiegzrakogpczynhkaholsscs/SourcePackages/checkouts/GoogleDataTransport/GoogleDataTransport/GDTCCTLibrary/Protogen/nanopb/client_metrics.nanopb.c normal x86_64 c com.apple.compilers.llvm.clang.1_0.compiler (in target 'GoogleDataTransport' from project 'GoogleDataTransport')
    cd /Users/hectorgarcia/LYO_Da_ONE/Lyo.xcodeproj
    
    Using response file: /Users/hectorgarcia/Library/Developer/Xcode/DerivedData/Build/Intermediates.noindex/GoogleDataTransport.build/Debug-iphonesimulator/GoogleDataTransport.build/Objects-normal/x86_64/7187679823f38a2a940e0043cdf9d637-common-args.resp
    
    builtin-ScanDependencies -o /Users/hectorgarcia/Library/Developer/Xcode/DerivedData/Build/Intermediates.noindex/GoogleDataTransport.build/Debug-iphonesimulator/GoogleDataTransport.build/Objects-normal/x86_64/client_metrics.nanopb.o.scan -- /Users/hectorgarcia/Downloads/Xcode.app/Contents/Developer/Toolchains/XcodeDefault.xctoolchain/usr/bin/clang -x c -ivfsstatcache /Users/hectorgarcia/Library/Developer/Xcode/DerivedData/SDKStatCaches.noindex/iphonesimulator26.2-23C53-823d3e8b6e60bc2018c189d3ca05ba9b.sdkstatcache -fmessage-length\=0 -fdiagnostics-show-note-include-stack -fmacro-backtrace-limit\=0 -fno-color-diagnostics -fmodules-prune-interval\=86400 -fmodules-prune-after\=345600 -fbuild-session-file\=/Users/hectorgarcia/Library/Developer/Xcode/DerivedData/ModuleCache.noindex/Session.modulevalidation -fmodules-validate-once-per-build-session -Wnon-modular-include-in-framework-module -Werror\=non-modular-include-in-framework-module -Wno-trigraphs -Wno-missing-field-initializers -Wno-missing-prototypes -Wno-return-type -Wno-missing-braces -Wparentheses -Wswitch -Wno-unused-function -Wno-unused-label -Wno-unused-parameter -Wno-unused-variable -Wunused-value -Wno-empty-body -Wno-uninitialized -Wno-unknown-pragmas -w -Wno-shadow -Wno-four-char-constants -Wno-conversion -Wno-constant-conversion -Wno-int-conversion -Wno-bool-conversion -Wno-enum-conversion -Wno-float-conversion -Wno-non-literal-null-conversion -Wno-objc-literal-conversion -Wshorten-64-to-32 -Wpointer-sign -Wno-newline-eof -Wno-implicit-fallthrough -fstrict-aliasing -Wdeprecated-declarations -Wno-sign-conversion -Wno-infinite-recursion -Wno-comma -Wno-block-capture-autoreleasing -Wno-strict-prototypes -Wno-semicolon-before-method-body -index-store-path /Users/hectorgarcia/Library/Developer/Xcode/DerivedData/Lyo-eagkiegzrakogpczynhkaholsscs/Index.noindex/DataStore @/Users/hectorgarcia/Library/Developer/Xcode/DerivedData/Build/Intermediates.noindex/GoogleDataTransport.build/Debug-iphonesimulator/GoogleDataTransport.build/Objects-normal/x86_64/7187679823f38a2a940e0043cdf9d637-common-args.resp -MMD -MT dependencies -MF /Users/hectorgarcia/Library/Developer/Xcode/DerivedData/Build/Intermediates.noindex/GoogleDataTransport.build/Debug-iphonesimulator/GoogleDataTransport.build/Objects-normal/x86_64/client_metrics.nanopb.d --serialize-diagnostics /Users/hectorgarcia/Library/Developer/Xcode/DerivedData/Build/Intermediates.noindex/GoogleDataTransport.build/Debug-iphonesimulator/GoogleDataTransport.build/Objects-normal/x86_64/client_metrics.nanopb.dia -c /Users/hectorgarcia/Library/Developer/Xcode/DerivedData/Lyo-eagkiegzrakogpczynhkaholsscs/SourcePackages/checkouts/GoogleDataTransport/GoogleDataTransport/GDTCCTLibrary/Protogen/nanopb/client_metrics.nanopb.c -o /Users/hectorgarcia/Library/Developer/Xcode/DerivedData/Build/Intermediates.noindex/GoogleDataTransport.build/Debug-iphonesimulator/GoogleDataTransport.build/Objects-normal/x86_64/client_metrics.nanopb.o -index-unit-output-path /GoogleDataTransport.build/Debug-iphonesimulator/GoogleDataTransport.build/Objects-normal/x86_64/client_metrics.nanopb.o

ScanDependencies /Users/hectorgarcia/Library/Developer/Xcode/DerivedData/Build/Intermediates.noindex/GoogleDataTransport.build/Debug-iphonesimulator/GoogleDataTransport.build/Objects-normal/x86_64/cct.nanopb.o /Users/hectorgarcia/Library/Developer/Xcode/DerivedData/Lyo-eagkiegzrakogpczynhkaholsscs/SourcePackages/checkouts/GoogleDataTransport/GoogleDataTransport/GDTCCTLibrary/Protogen/nanopb/cct.nanopb.c normal x86_64 c com.apple.compilers.llvm.clang.1_0.compiler (in target 'GoogleDataTransport' from project 'GoogleDataTransport')
    cd /Users/hectorgarcia/LYO_Da_ONE/Lyo.xcodeproj
    
    Using response file: /Users/hectorgarcia/Library/Developer/Xcode/DerivedData/Build/Intermediates.noindex/GoogleDataTransport.build/Debug-iphonesimulator/GoogleDataTransport.build/Objects-normal/x86_64/7187679823f38a2a940e0043cdf9d637-common-args.resp
    
    builtin-ScanDependencies -o /Users/hectorgarcia/Library/Developer/Xcode/DerivedData/Build/Intermediates.noindex/GoogleDataTransport.build/Debug-iphonesimulator/GoogleDataTransport.build/Objects-normal/x86_64/cct.nanopb.o.scan -- /Users/hectorgarcia/Downloads/Xcode.app/Contents/Developer/Toolchains/XcodeDefault.xctoolchain/usr/bin/clang -x c -ivfsstatcache /Users/hectorgarcia/Library/Developer/Xcode/DerivedData/SDKStatCaches.noindex/iphonesimulator26.2-23C53-823d3e8b6e60bc2018c189d3ca05ba9b.sdkstatcache -fmessage-length\=0 -fdiagnostics-show-note-include-stack -fmacro-backtrace-limit\=0 -fno-color-diagnostics -fmodules-prune-interval\=86400 -fmodules-prune-after\=345600 -fbuild-session-file\=/Users/hectorgarcia/Library/Developer/Xcode/DerivedData/ModuleCache.noindex/Session.modulevalidation -fmodules-validate-once-per-build-session -Wnon-modular-include-in-framework-module -Werror\=non-modular-include-in-framework-module -Wno-trigraphs -Wno-missing-field-initializers -Wno-missing-prototypes -Wno-return-type -Wno-missing-braces -Wparentheses -Wswitch -Wno-unused-function -Wno-unused-label -Wno-unused-parameter -Wno-unused-variable -Wunused-value -Wno-empty-body -Wno-uninitialized -Wno-unknown-pragmas -w -Wno-shadow -Wno-four-char-constants -Wno-conversion -Wno-constant-conversion -Wno-int-conversion -Wno-bool-conversion -Wno-enum-conversion -Wno-float-conversion -Wno-non-literal-null-conversion -Wno-objc-literal-conversion -Wshorten-64-to-32 -Wpointer-sign -Wno-newline-eof -Wno-implicit-fallthrough -fstrict-aliasing -Wdeprecated-declarations -Wno-sign-conversion -Wno-infinite-recursion -Wno-comma -Wno-block-capture-autoreleasing -Wno-strict-prototypes -Wno-semicolon-before-method-body -index-store-path /Users/hectorgarcia/Library/Developer/Xcode/DerivedData/Lyo-eagkiegzrakogpczynhkaholsscs/Index.noindex/DataStore @/Users/hectorgarcia/Library/Developer/Xcode/DerivedData/Build/Intermediates.noindex/GoogleDataTransport.build/Debug-iphonesimulator/GoogleDataTransport.build/Objects-normal/x86_64/7187679823f38a2a940e0043cdf9d637-common-args.resp -MMD -MT dependencies -MF /Users/hectorgarcia/Library/Developer/Xcode/DerivedData/Build/Intermediates.noindex/GoogleDataTransport.build/Debug-iphonesimulator/GoogleDataTransport.build/Objects-normal/x86_64/cct.nanopb.d --serialize-diagnostics /Users/hectorgarcia/Library/Developer/Xcode/DerivedData/Build/Intermediates.noindex/GoogleDataTransport.build/Debug-iphonesimulator/GoogleDataTransport.build/Objects-normal/x86_64/cct.nanopb.dia -c /Users/hectorgarcia/Library/Developer/Xcode/DerivedData/Lyo-eagkiegzrakogpczynhkaholsscs/SourcePackages/checkouts/GoogleDataTransport/GoogleDataTransport/GDTCCTLibrary/Protogen/nanopb/cct.nanopb.c -o /Users/hectorgarcia/Library/Developer/Xcode/DerivedData/Build/Intermediates.noindex/GoogleDataTransport.build/Debug-iphonesimulator/GoogleDataTransport.build/Objects-normal/x86_64/cct.nanopb.o -index-unit-output-path /GoogleDataTransport.build/Debug-iphonesimulator/GoogleDataTransport.build/Objects-normal/x86_64/cct.nanopb.o

PrecompileModule /Users/hectorgarcia/Library/Developer/Xcode/DerivedData/Build/Intermediates.noindex/ExplicitPrecompiledModules/ptrauth-2Y36AMQXI8YFO29IU89G2N7P6.scan
    cd /
    builtin-precompileModule /Users/hectorgarcia/Library/Developer/Xcode/DerivedData/Build/Intermediates.noindex/ExplicitPrecompiledModules/ptrauth-2Y36AMQXI8YFO29IU89G2N7P6.scan

PrecompileModule /Users/hectorgarcia/Library/Developer/Xcode/DerivedData/Build/Intermediates.noindex/ExplicitPrecompiledModules/_AvailabilityInternal-ATGX4NWKRAOMQACJDJ218P8I5.scan
    cd /
    builtin-precompileModule /Users/hectorgarcia/Library/Developer/Xcode/DerivedData/Build/Intermediates.noindex/ExplicitPrecompiledModules/_AvailabilityInternal-ATGX4NWKRAOMQACJDJ218P8I5.scan

PrecompileModule /Users/hectorgarcia/Library/Developer/Xcode/DerivedData/Build/Intermediates.noindex/ExplicitPrecompiledModules/_AvailabilityInternal-3LMZNZ7M136QFJYFE2FOXHLTU.scan
    cd /
    builtin-precompileModule /Users/hectorgarcia/Library/Developer/Xcode/DerivedData/Build/Intermediates.noindex/ExplicitPrecompiledModules/_AvailabilityInternal-3LMZNZ7M136QFJYFE2FOXHLTU.scan

PrecompileModule /Users/hectorgarcia/Library/Developer/Xcode/DerivedData/Build/Intermediates.noindex/ExplicitPrecompiledModules/_Builtin_float-241FNXH4BJFPB9XXKSKEA623I.scan
    cd /
    builtin-precompileModule /Users/hectorgarcia/Library/Developer/Xcode/DerivedData/Build/Intermediates.noindex/ExplicitPrecompiledModules/_Builtin_float-241FNXH4BJFPB9XXKSKEA623I.scan

PrecompileModule /Users/hectorgarcia/Library/Developer/Xcode/DerivedData/Build/Intermediates.noindex/ExplicitPrecompiledModules/_Builtin_stddef-69PBZMFBIKZ5ZDJEV23Y1LCXE.scan
    cd /
    builtin-precompileModule /Users/hectorgarcia/Library/Developer/Xcode/DerivedData/Build/Intermediates.noindex/ExplicitPrecompiledModules/_Builtin_stddef-69PBZMFBIKZ5ZDJEV23Y1LCXE.scan

PrecompileModule /Users/hectorgarcia/Library/Developer/Xcode/DerivedData/Build/Intermediates.noindex/ExplicitPrecompiledModules/ptrcheck-BMPHG436IXJ193K9OUHGN95NS.scan
    cd /
    builtin-precompileModule /Users/hectorgarcia/Library/Developer/Xcode/DerivedData/Build/Intermediates.noindex/ExplicitPrecompiledModules/ptrcheck-BMPHG436IXJ193K9OUHGN95NS.scan

PrecompileModule /Users/hectorgarcia/Library/Developer/Xcode/DerivedData/Build/Intermediates.noindex/ExplicitPrecompiledModules/_Builtin_stdarg-D6P4IG86WLDJNKB2LIEM2TFVL.scan
    cd /
    builtin-precompileModule /Users/hectorgarcia/Library/Developer/Xcode/DerivedData/Build/Intermediates.noindex/ExplicitPrecompiledModules/_Builtin_stdarg-D6P4IG86WLDJNKB2LIEM2TFVL.scan

PrecompileModule /Users/hectorgarcia/Library/Developer/Xcode/DerivedData/Build/Intermediates.noindex/ExplicitPrecompiledModules/_Builtin_stdbool-21XWTBRLX0SSYIREO23WDSCVG.scan
    cd /
    builtin-precompileModule /Users/hectorgarcia/Library/Developer/Xcode/DerivedData/Build/Intermediates.noindex/ExplicitPrecompiledModules/_Builtin_stdbool-21XWTBRLX0SSYIREO23WDSCVG.scan

PrecompileModule /Users/hectorgarcia/Library/Developer/Xcode/DerivedData/Build/Intermediates.noindex/ExplicitPrecompiledModules/ptrcheck-651VIM249OXNVKZHKXOC7LMHZ.scan
    cd /
    builtin-precompileModule /Users/hectorgarcia/Library/Developer/Xcode/DerivedData/Build/Intermediates.noindex/ExplicitPrecompiledModules/ptrcheck-651VIM249OXNVKZHKXOC7LMHZ.scan

PrecompileModule /Users/hectorgarcia/Library/Developer/Xcode/DerivedData/Build/Intermediates.noindex/ExplicitPrecompiledModules/_DarwinFoundation1-7CUC2W9WXM23L1OO459XDA4HR.scan
    cd /
    builtin-precompileModule /Users/hectorgarcia/Library/Developer/Xcode/DerivedData/Build/Intermediates.noindex/ExplicitPrecompiledModules/_DarwinFoundation1-7CUC2W9WXM23L1OO459XDA4HR.scan

PrecompileModule /Users/hectorgarcia/Library/Developer/Xcode/DerivedData/Build/Intermediates.noindex/ExplicitPrecompiledModules/_Builtin_stdarg-BVOSMGFHMH6YFCS804602S9FQ.scan
    cd /
    builtin-precompileModule /Users/hectorgarcia/Library/Developer/Xcode/DerivedData/Build/Intermediates.noindex/ExplicitPrecompiledModules/_Builtin_stdarg-BVOSMGFHMH6YFCS804602S9FQ.scan

PrecompileModule /Users/hectorgarcia/Library/Developer/Xcode/DerivedData/Build/Intermediates.noindex/ExplicitPrecompiledModules/_Builtin_stdbool-BYZTR6K5A5XE0YL8L6M27I74B.scan
    cd /
    builtin-precompileModule /Users/hectorgarcia/Library/Developer/Xcode/DerivedData/Build/Intermediates.noindex/ExplicitPrecompiledModules/_Builtin_stdbool-BYZTR6K5A5XE0YL8L6M27I74B.scan

PrecompileModule /Users/hectorgarcia/Library/Developer/Xcode/DerivedData/Build/Intermediates.noindex/ExplicitPrecompiledModules/_Builtin_stddef-DG4N1J7FCIF3X5S0NQ83EP2UO.scan
    cd /
    builtin-precompileModule /Users/hectorgarcia/Library/Developer/Xcode/DerivedData/Build/Intermediates.noindex/ExplicitPrecompiledModules/_Builtin_stddef-DG4N1J7FCIF3X5S0NQ83EP2UO.scan

PrecompileModule /Users/hectorgarcia/Library/Developer/Xcode/DerivedData/Build/Intermediates.noindex/ExplicitPrecompiledModules/_DarwinFoundation1-9KX5Q11BBUSS0I8MO4QN68UA1.scan
    cd /
    builtin-precompileModule /Users/hectorgarcia/Library/Developer/Xcode/DerivedData/Build/Intermediates.noindex/ExplicitPrecompiledModules/_DarwinFoundation1-9KX5Q11BBUSS0I8MO4QN68UA1.scan

ScanDependencies /Users/hectorgarcia/Library/Developer/Xcode/DerivedData/Build/Intermediates.noindex/GoogleDataTransport.build/Debug-iphonesimulator/GoogleDataTransport.build/Objects-normal/x86_64/GDTCORUploadCoordinator.o /Users/hectorgarcia/Library/Developer/Xcode/DerivedData/Lyo-eagkiegzrakogpczynhkaholsscs/SourcePackages/checkouts/GoogleDataTransport/GoogleDataTransport/GDTCORLibrary/GDTCORUploadCoordinator.m normal x86_64 objective-c com.apple.compilers.llvm.clang.1_0.compiler (in target 'GoogleDataTransport' from project 'GoogleDataTransport')
    cd /Users/hectorgarcia/LYO_Da_ONE/Lyo.xcodeproj
    
    Using response file: /Users/hectorgarcia/Library/Developer/Xcode/DerivedData/Build/Intermediates.noindex/GoogleDataTransport.build/Debug-iphonesimulator/GoogleDataTransport.build/Objects-normal/x86_64/e6072d4f65d7061329687fe24e3d63a7-common-args.resp
    
    builtin-ScanDependencies -o /Users/hectorgarcia/Library/Developer/Xcode/DerivedData/Build/Intermediates.noindex/GoogleDataTransport.build/Debug-iphonesimulator/GoogleDataTransport.build/Objects-normal/x86_64/GDTCORUploadCoordinator.o.scan -- /Users/hectorgarcia/Downloads/Xcode.app/Contents/Developer/Toolchains/XcodeDefault.xctoolchain/usr/bin/clang -x objective-c -ivfsstatcache /Users/hectorgarcia/Library/Developer/Xcode/DerivedData/SDKStatCaches.noindex/iphonesimulator26.2-23C53-823d3e8b6e60bc2018c189d3ca05ba9b.sdkstatcache -fmessage-length\=0 -fdiagnostics-show-note-include-stack -fmacro-backtrace-limit\=0 -fno-color-diagnostics -fmodules-prune-interval\=86400 -fmodules-prune-after\=345600 -fbuild-session-file\=/Users/hectorgarcia/Library/Developer/Xcode/DerivedData/ModuleCache.noindex/Session.modulevalidation -fmodules-validate-once-per-build-session -Wnon-modular-include-in-framework-module -Werror\=non-modular-include-in-framework-module -Wno-trigraphs -Wno-missing-field-initializers -Wno-missing-prototypes -Wno-return-type -Wno-implicit-atomic-properties -Wno-objc-interface-ivars -Wno-arc-repeated-use-of-weak -Wno-missing-braces -Wparentheses -Wswitch -Wno-unused-function -Wno-unused-label -Wno-unused-parameter -Wno-unused-variable -Wunused-value -Wno-empty-body -Wno-uninitialized -Wno-unknown-pragmas -w -Wno-shadow -Wno-four-char-constants -Wno-conversion -Wno-constant-conversion -Wno-int-conversion -Wno-bool-conversion -Wno-enum-conversion -Wno-float-conversion -Wno-non-literal-null-conversion -Wno-objc-literal-conversion -Wshorten-64-to-32 -Wpointer-sign -Wno-newline-eof -Wno-selector -Wno-strict-selector-match -Wno-undeclared-selector -Wno-deprecated-implementations -Wno-implicit-fallthrough -fstrict-aliasing -Wprotocol -Wdeprecated-declarations -Wno-sign-conversion -Wno-infinite-recursion -Wno-comma -Wno-block-capture-autoreleasing -Wno-strict-prototypes -Wno-semicolon-before-method-body -index-store-path /Users/hectorgarcia/Library/Developer/Xcode/DerivedData/Lyo-eagkiegzrakogpczynhkaholsscs/Index.noindex/DataStore @/Users/hectorgarcia/Library/Developer/Xcode/DerivedData/Build/Intermediates.noindex/GoogleDataTransport.build/Debug-iphonesimulator/GoogleDataTransport.build/Objects-normal/x86_64/e6072d4f65d7061329687fe24e3d63a7-common-args.resp -include /Users/hectorgarcia/Library/Developer/Xcode/DerivedData/Build/Intermediates.noindex/GoogleDataTransport.build/Debug-iphonesimulator/GoogleDataTransport.build/DerivedSources/resource_bundle_accessor.h -MMD -MT dependencies -MF /Users/hectorgarcia/Library/Developer/Xcode/DerivedData/Build/Intermediates.noindex/GoogleDataTransport.build/Debug-iphonesimulator/GoogleDataTransport.build/Objects-normal/x86_64/GDTCORUploadCoordinator.d --serialize-diagnostics /Users/hectorgarcia/Library/Developer/Xcode/DerivedData/Build/Intermediates.noindex/GoogleDataTransport.build/Debug-iphonesimulator/GoogleDataTransport.build/Objects-normal/x86_64/GDTCORUploadCoordinator.dia -c /Users/hectorgarcia/Library/Developer/Xcode/DerivedData/Lyo-eagkiegzrakogpczynhkaholsscs/SourcePackages/checkouts/GoogleDataTransport/GoogleDataTransport/GDTCORLibrary/GDTCORUploadCoordinator.m -o /Users/hectorgarcia/Library/Developer/Xcode/DerivedData/Build/Intermediates.noindex/GoogleDataTransport.build/Debug-iphonesimulator/GoogleDataTransport.build/Objects-normal/x86_64/GDTCORUploadCoordinator.o -index-unit-output-path /GoogleDataTransport.build/Debug-iphonesimulator/GoogleDataTransport.build/Objects-normal/x86_64/GDTCORUploadCoordinator.o

ScanDependencies /Users/hectorgarcia/Library/Developer/Xcode/DerivedData/Build/Intermediates.noindex/GoogleDataTransport.build/Debug-iphonesimulator/GoogleDataTransport.build/Objects-normal/x86_64/GDTCORUploadBatch.o /Users/hectorgarcia/Library/Developer/Xcode/DerivedData/Lyo-eagkiegzrakogpczynhkaholsscs/SourcePackages/checkouts/GoogleDataTransport/GoogleDataTransport/GDTCORLibrary/GDTCORUploadBatch.m normal x86_64 objective-c com.apple.compilers.llvm.clang.1_0.compiler (in target 'GoogleDataTransport' from project 'GoogleDataTransport')
    cd /Users/hectorgarcia/LYO_Da_ONE/Lyo.xcodeproj
    
    Using response file: /Users/hectorgarcia/Library/Developer/Xcode/DerivedData/Build/Intermediates.noindex/GoogleDataTransport.build/Debug-iphonesimulator/GoogleDataTransport.build/Objects-normal/x86_64/e6072d4f65d7061329687fe24e3d63a7-common-args.resp
    
    builtin-ScanDependencies -o /Users/hectorgarcia/Library/Developer/Xcode/DerivedData/Build/Intermediates.noindex/GoogleDataTransport.build/Debug-iphonesimulator/GoogleDataTransport.build/Objects-normal/x86_64/GDTCORUploadBatch.o.scan -- /Users/hectorgarcia/Downloads/Xcode.app/Contents/Developer/Toolchains/XcodeDefault.xctoolchain/usr/bin/clang -x objective-c -ivfsstatcache /Users/hectorgarcia/Library/Developer/Xcode/DerivedData/SDKStatCaches.noindex/iphonesimulator26.2-23C53-823d3e8b6e60bc2018c189d3ca05ba9b.sdkstatcache -fmessage-length\=0 -fdiagnostics-show-note-include-stack -fmacro-backtrace-limit\=0 -fno-color-diagnostics -fmodules-prune-interval\=86400 -fmodules-prune-after\=345600 -fbuild-session-file\=/Users/hectorgarcia/Library/Developer/Xcode/DerivedData/ModuleCache.noindex/Session.modulevalidation -fmodules-validate-once-per-build-session -Wnon-modular-include-in-framework-module -Werror\=non-modular-include-in-framework-module -Wno-trigraphs -Wno-missing-field-initializers -Wno-missing-prototypes -Wno-return-type -Wno-implicit-atomic-properties -Wno-objc-interface-ivars -Wno-arc-repeated-use-of-weak -Wno-missing-braces -Wparentheses -Wswitch -Wno-unused-function -Wno-unused-label -Wno-unused-parameter -Wno-unused-variable -Wunused-value -Wno-empty-body -Wno-uninitialized -Wno-unknown-pragmas -w -Wno-shadow -Wno-four-char-constants -Wno-conversion -Wno-constant-conversion -Wno-int-conversion -Wno-bool-conversion -Wno-enum-conversion -Wno-float-conversion -Wno-non-literal-null-conversion -Wno-objc-literal-conversion -Wshorten-64-to-32 -Wpointer-sign -Wno-newline-eof -Wno-selector -Wno-strict-selector-match -Wno-undeclared-selector -Wno-deprecated-implementations -Wno-implicit-fallthrough -fstrict-aliasing -Wprotocol -Wdeprecated-declarations -Wno-sign-conversion -Wno-infinite-recursion -Wno-comma -Wno-block-capture-autoreleasing -Wno-strict-prototypes -Wno-semicolon-before-method-body -index-store-path /Users/hectorgarcia/Library/Developer/Xcode/DerivedData/Lyo-eagkiegzrakogpczynhkaholsscs/Index.noindex/DataStore @/Users/hectorgarcia/Library/Developer/Xcode/DerivedData/Build/Intermediates.noindex/GoogleDataTransport.build/Debug-iphonesimulator/GoogleDataTransport.build/Objects-normal/x86_64/e6072d4f65d7061329687fe24e3d63a7-common-args.resp -include /Users/hectorgarcia/Library/Developer/Xcode/DerivedData/Build/Intermediates.noindex/GoogleDataTransport.build/Debug-iphonesimulator/GoogleDataTransport.build/DerivedSources/resource_bundle_accessor.h -MMD -MT dependencies -MF /Users/hectorgarcia/Library/Developer/Xcode/DerivedData/Build/Intermediates.noindex/GoogleDataTransport.build/Debug-iphonesimulator/GoogleDataTransport.build/Objects-normal/x86_64/GDTCORUploadBatch.d --serialize-diagnostics /Users/hectorgarcia/Library/Developer/Xcode/DerivedData/Build/Intermediates.noindex/GoogleDataTransport.build/Debug-iphonesimulator/GoogleDataTransport.build/Objects-normal/x86_64/GDTCORUploadBatch.dia -c /Users/hectorgarcia/Library/Developer/Xcode/DerivedData/Lyo-eagkiegzrakogpczynhkaholsscs/SourcePackages/checkouts/GoogleDataTransport/GoogleDataTransport/GDTCORLibrary/GDTCORUploadBatch.m -o /Users/hectorgarcia/Library/Developer/Xcode/DerivedData/Build/Intermediates.noindex/GoogleDataTransport.build/Debug-iphonesimulator/GoogleDataTransport.build/Objects-normal/x86_64/GDTCORUploadBatch.o -index-unit-output-path /GoogleDataTransport.build/Debug-iphonesimulator/GoogleDataTransport.build/Objects-normal/x86_64/GDTCORUploadBatch.o

ScanDependencies /Users/hectorgarcia/Library/Developer/Xcode/DerivedData/Build/Intermediates.noindex/GoogleDataTransport.build/Debug-iphonesimulator/GoogleDataTransport.build/Objects-normal/x86_64/GDTCORTransport.o /Users/hectorgarcia/Library/Developer/Xcode/DerivedData/Lyo-eagkiegzrakogpczynhkaholsscs/SourcePackages/checkouts/GoogleDataTransport/GoogleDataTransport/GDTCORLibrary/GDTCORTransport.m normal x86_64 objective-c com.apple.compilers.llvm.clang.1_0.compiler (in target 'GoogleDataTransport' from project 'GoogleDataTransport')
    cd /Users/hectorgarcia/LYO_Da_ONE/Lyo.xcodeproj
    
    Using response file: /Users/hectorgarcia/Library/Developer/Xcode/DerivedData/Build/Intermediates.noindex/GoogleDataTransport.build/Debug-iphonesimulator/GoogleDataTransport.build/Objects-normal/x86_64/e6072d4f65d7061329687fe24e3d63a7-common-args.resp
    
    builtin-ScanDependencies -o /Users/hectorgarcia/Library/Developer/Xcode/DerivedData/Build/Intermediates.noindex/GoogleDataTransport.build/Debug-iphonesimulator/GoogleDataTransport.build/Objects-normal/x86_64/GDTCORTransport.o.scan -- /Users/hectorgarcia/Downloads/Xcode.app/Contents/Developer/Toolchains/XcodeDefault.xctoolchain/usr/bin/clang -x objective-c -ivfsstatcache /Users/hectorgarcia/Library/Developer/Xcode/DerivedData/SDKStatCaches.noindex/iphonesimulator26.2-23C53-823d3e8b6e60bc2018c189d3ca05ba9b.sdkstatcache -fmessage-length\=0 -fdiagnostics-show-note-include-stack -fmacro-backtrace-limit\=0 -fno-color-diagnostics -fmodules-prune-interval\=86400 -fmodules-prune-after\=345600 -fbuild-session-file\=/Users/hectorgarcia/Library/Developer/Xcode/DerivedData/ModuleCache.noindex/Session.modulevalidation -fmodules-validate-once-per-build-session -Wnon-modular-include-in-framework-module -Werror\=non-modular-include-in-framework-module -Wno-trigraphs -Wno-missing-field-initializers -Wno-missing-prototypes -Wno-return-type -Wno-implicit-atomic-properties -Wno-objc-interface-ivars -Wno-arc-repeated-use-of-weak -Wno-missing-braces -Wparentheses -Wswitch -Wno-unused-function -Wno-unused-label -Wno-unused-parameter -Wno-unused-variable -Wunused-value -Wno-empty-body -Wno-uninitialized -Wno-unknown-pragmas -w -Wno-shadow -Wno-four-char-constants -Wno-conversion -Wno-constant-conversion -Wno-int-conversion -Wno-bool-conversion -Wno-enum-conversion -Wno-float-conversion -Wno-non-literal-null-conversion -Wno-objc-literal-conversion -Wshorten-64-to-32 -Wpointer-sign -Wno-newline-eof -Wno-selector -Wno-strict-selector-match -Wno-undeclared-selector -Wno-deprecated-implementations -Wno-implicit-fallthrough -fstrict-aliasing -Wprotocol -Wdeprecated-declarations -Wno-sign-conversion -Wno-infinite-recursion -Wno-comma -Wno-block-capture-autoreleasing -Wno-strict-prototypes -Wno-semicolon-before-method-body -index-store-path /Users/hectorgarcia/Library/Developer/Xcode/DerivedData/Lyo-eagkiegzrakogpczynhkaholsscs/Index.noindex/DataStore @/Users/hectorgarcia/Library/Developer/Xcode/DerivedData/Build/Intermediates.noindex/GoogleDataTransport.build/Debug-iphonesimulator/GoogleDataTransport.build/Objects-normal/x86_64/e6072d4f65d7061329687fe24e3d63a7-common-args.resp -include /Users/hectorgarcia/Library/Developer/Xcode/DerivedData/Build/Intermediates.noindex/GoogleDataTransport.build/Debug-iphonesimulator/GoogleDataTransport.build/DerivedSources/resource_bundle_accessor.h -MMD -MT dependencies -MF /Users/hectorgarcia/Library/Developer/Xcode/DerivedData/Build/Intermediates.noindex/GoogleDataTransport.build/Debug-iphonesimulator/GoogleDataTransport.build/Objects-normal/x86_64/GDTCORTransport.d --serialize-diagnostics /Users/hectorgarcia/Library/Developer/Xcode/DerivedData/Build/Intermediates.noindex/GoogleDataTransport.build/Debug-iphonesimulator/GoogleDataTransport.build/Objects-normal/x86_64/GDTCORTransport.dia -c /Users/hectorgarcia/Library/Developer/Xcode/DerivedData/Lyo-eagkiegzrakogpczynhkaholsscs/SourcePackages/checkouts/GoogleDataTransport/GoogleDataTransport/GDTCORLibrary/GDTCORTransport.m -o /Users/hectorgarcia/Library/Developer/Xcode/DerivedData/Build/Intermediates.noindex/GoogleDataTransport.build/Debug-iphonesimulator/GoogleDataTransport.build/Objects-normal/x86_64/GDTCORTransport.o -index-unit-output-path /GoogleDataTransport.build/Debug-iphonesimulator/GoogleDataTransport.build/Objects-normal/x86_64/GDTCORTransport.o

ScanDependencies /Users/hectorgarcia/Library/Developer/Xcode/DerivedData/Build/Intermediates.noindex/GoogleDataTransport.build/Debug-iphonesimulator/GoogleDataTransport.build/Objects-normal/x86_64/GDTCORTransformer.o /Users/hectorgarcia/Library/Developer/Xcode/DerivedData/Lyo-eagkiegzrakogpczynhkaholsscs/SourcePackages/checkouts/GoogleDataTransport/GoogleDataTransport/GDTCORLibrary/GDTCORTransformer.m normal x86_64 objective-c com.apple.compilers.llvm.clang.1_0.compiler (in target 'GoogleDataTransport' from project 'GoogleDataTransport')
    cd /Users/hectorgarcia/LYO_Da_ONE/Lyo.xcodeproj
    
    Using response file: /Users/hectorgarcia/Library/Developer/Xcode/DerivedData/Build/Intermediates.noindex/GoogleDataTransport.build/Debug-iphonesimulator/GoogleDataTransport.build/Objects-normal/x86_64/e6072d4f65d7061329687fe24e3d63a7-common-args.resp
    
    builtin-ScanDependencies -o /Users/hectorgarcia/Library/Developer/Xcode/DerivedData/Build/Intermediates.noindex/GoogleDataTransport.build/Debug-iphonesimulator/GoogleDataTransport.build/Objects-normal/x86_64/GDTCORTransformer.o.scan -- /Users/hectorgarcia/Downloads/Xcode.app/Contents/Developer/Toolchains/XcodeDefault.xctoolchain/usr/bin/clang -x objective-c -ivfsstatcache /Users/hectorgarcia/Library/Developer/Xcode/DerivedData/SDKStatCaches.noindex/iphonesimulator26.2-23C53-823d3e8b6e60bc2018c189d3ca05ba9b.sdkstatcache -fmessage-length\=0 -fdiagnostics-show-note-include-stack -fmacro-backtrace-limit\=0 -fno-color-diagnostics -fmodules-prune-interval\=86400 -fmodules-prune-after\=345600 -fbuild-session-file\=/Users/hectorgarcia/Library/Developer/Xcode/DerivedData/ModuleCache.noindex/Session.modulevalidation -fmodules-validate-once-per-build-session -Wnon-modular-include-in-framework-module -Werror\=non-modular-include-in-framework-module -Wno-trigraphs -Wno-missing-field-initializers -Wno-missing-prototypes -Wno-return-type -Wno-implicit-atomic-properties -Wno-objc-interface-ivars -Wno-arc-repeated-use-of-weak -Wno-missing-braces -Wparentheses -Wswitch -Wno-unused-function -Wno-unused-label -Wno-unused-parameter -Wno-unused-variable -Wunused-value -Wno-empty-body -Wno-uninitialized -Wno-unknown-pragmas -w -Wno-shadow -Wno-four-char-constants -Wno-conversion -Wno-constant-conversion -Wno-int-conversion -Wno-bool-conversion -Wno-enum-conversion -Wno-float-conversion -Wno-non-literal-null-conversion -Wno-objc-literal-conversion -Wshorten-64-to-32 -Wpointer-sign -Wno-newline-eof -Wno-selector -Wno-strict-selector-match -Wno-undeclared-selector -Wno-deprecated-implementations -Wno-implicit-fallthrough -fstrict-aliasing -Wprotocol -Wdeprecated-declarations -Wno-sign-conversion -Wno-infinite-recursion -Wno-comma -Wno-block-capture-autoreleasing -Wno-strict-prototypes -Wno-semicolon-before-method-body -index-store-path /Users/hectorgarcia/Library/Developer/Xcode/DerivedData/Lyo-eagkiegzrakogpczynhkaholsscs/Index.noindex/DataStore @/Users/hectorgarcia/Library/Developer/Xcode/DerivedData/Build/Intermediates.noindex/GoogleDataTransport.build/Debug-iphonesimulator/GoogleDataTransport.build/Objects-normal/x86_64/e6072d4f65d7061329687fe24e3d63a7-common-args.resp -include /Users/hectorgarcia/Library/Developer/Xcode/DerivedData/Build/Intermediates.noindex/GoogleDataTransport.build/Debug-iphonesimulator/GoogleDataTransport.build/DerivedSources/resource_bundle_accessor.h -MMD -MT dependencies -MF /Users/hectorgarcia/Library/Developer/Xcode/DerivedData/Build/Intermediates.noindex/GoogleDataTransport.build/Debug-iphonesimulator/GoogleDataTransport.build/Objects-normal/x86_64/GDTCORTransformer.d --serialize-diagnostics /Users/hectorgarcia/Library/Developer/Xcode/DerivedData/Build/Intermediates.noindex/GoogleDataTransport.build/Debug-iphonesimulator/GoogleDataTransport.build/Objects-normal/x86_64/GDTCORTransformer.dia -c /Users/hectorgarcia/Library/Developer/Xcode/DerivedData/Lyo-eagkiegzrakogpczynhkaholsscs/SourcePackages/checkouts/GoogleDataTransport/GoogleDataTransport/GDTCORLibrary/GDTCORTransformer.m -o /Users/hectorgarcia/Library/Developer/Xcode/DerivedData/Build/Intermediates.noindex/GoogleDataTransport.build/Debug-iphonesimulator/GoogleDataTransport.build/Objects-normal/x86_64/GDTCORTransformer.o -index-unit-output-path /GoogleDataTransport.build/Debug-iphonesimulator/GoogleDataTransport.build/Objects-normal/x86_64/GDTCORTransformer.o

PrecompileModule /Users/hectorgarcia/Library/Developer/Xcode/DerivedData/Build/Intermediates.noindex/ExplicitPrecompiledModules/_DarwinFoundation2-9EP39WIC9KKQSDGH5BI4APO7X.scan
    cd /
    builtin-precompileModule /Users/hectorgarcia/Library/Developer/Xcode/DerivedData/Build/Intermediates.noindex/ExplicitPrecompiledModules/_DarwinFoundation2-9EP39WIC9KKQSDGH5BI4APO7X.scan

ScanDependencies /Users/hectorgarcia/Library/Developer/Xcode/DerivedData/Build/Intermediates.noindex/GoogleDataTransport.build/Debug-iphonesimulator/GoogleDataTransport.build/Objects-normal/x86_64/GDTCORStorageMetadata.o /Users/hectorgarcia/Library/Developer/Xcode/DerivedData/Lyo-eagkiegzrakogpczynhkaholsscs/SourcePackages/checkouts/GoogleDataTransport/GoogleDataTransport/GDTCORLibrary/GDTCORStorageMetadata.m normal x86_64 objective-c com.apple.compilers.llvm.clang.1_0.compiler (in target 'GoogleDataTransport' from project 'GoogleDataTransport')
    cd /Users/hectorgarcia/LYO_Da_ONE/Lyo.xcodeproj
    
    Using response file: /Users/hectorgarcia/Library/Developer/Xcode/DerivedData/Build/Intermediates.noindex/GoogleDataTransport.build/Debug-iphonesimulator/GoogleDataTransport.build/Objects-normal/x86_64/e6072d4f65d7061329687fe24e3d63a7-common-args.resp
    
    builtin-ScanDependencies -o /Users/hectorgarcia/Library/Developer/Xcode/DerivedData/Build/Intermediates.noindex/GoogleDataTransport.build/Debug-iphonesimulator/GoogleDataTransport.build/Objects-normal/x86_64/GDTCORStorageMetadata.o.scan -- /Users/hectorgarcia/Downloads/Xcode.app/Contents/Developer/Toolchains/XcodeDefault.xctoolchain/usr/bin/clang -x objective-c -ivfsstatcache /Users/hectorgarcia/Library/Developer/Xcode/DerivedData/SDKStatCaches.noindex/iphonesimulator26.2-23C53-823d3e8b6e60bc2018c189d3ca05ba9b.sdkstatcache -fmessage-length\=0 -fdiagnostics-show-note-include-stack -fmacro-backtrace-limit\=0 -fno-color-diagnostics -fmodules-prune-interval\=86400 -fmodules-prune-after\=345600 -fbuild-session-file\=/Users/hectorgarcia/Library/Developer/Xcode/DerivedData/ModuleCache.noindex/Session.modulevalidation -fmodules-validate-once-per-build-session -Wnon-modular-include-in-framework-module -Werror\=non-modular-include-in-framework-module -Wno-trigraphs -Wno-missing-field-initializers -Wno-missing-prototypes -Wno-return-type -Wno-implicit-atomic-properties -Wno-objc-interface-ivars -Wno-arc-repeated-use-of-weak -Wno-missing-braces -Wparentheses -Wswitch -Wno-unused-function -Wno-unused-label -Wno-unused-parameter -Wno-unused-variable -Wunused-value -Wno-empty-body -Wno-uninitialized -Wno-unknown-pragmas -w -Wno-shadow -Wno-four-char-constants -Wno-conversion -Wno-constant-conversion -Wno-int-conversion -Wno-bool-conversion -Wno-enum-conversion -Wno-float-conversion -Wno-non-literal-null-conversion -Wno-objc-literal-conversion -Wshorten-64-to-32 -Wpointer-sign -Wno-newline-eof -Wno-selector -Wno-strict-selector-match -Wno-undeclared-selector -Wno-deprecated-implementations -Wno-implicit-fallthrough -fstrict-aliasing -Wprotocol -Wdeprecated-declarations -Wno-sign-conversion -Wno-infinite-recursion -Wno-comma -Wno-block-capture-autoreleasing -Wno-strict-prototypes -Wno-semicolon-before-method-body -index-store-path /Users/hectorgarcia/Library/Developer/Xcode/DerivedData/Lyo-eagkiegzrakogpczynhkaholsscs/Index.noindex/DataStore @/Users/hectorgarcia/Library/Developer/Xcode/DerivedData/Build/Intermediates.noindex/GoogleDataTransport.build/Debug-iphonesimulator/GoogleDataTransport.build/Objects-normal/x86_64/e6072d4f65d7061329687fe24e3d63a7-common-args.resp -include /Users/hectorgarcia/Library/Developer/Xcode/DerivedData/Build/Intermediates.noindex/GoogleDataTransport.build/Debug-iphonesimulator/GoogleDataTransport.build/DerivedSources/resource_bundle_accessor.h -MMD -MT dependencies -MF /Users/hectorgarcia/Library/Developer/Xcode/DerivedData/Build/Intermediates.noindex/GoogleDataTransport.build/Debug-iphonesimulator/GoogleDataTransport.build/Objects-normal/x86_64/GDTCORStorageMetadata.d --serialize-diagnostics /Users/hectorgarcia/Library/Developer/Xcode/DerivedData/Build/Intermediates.noindex/GoogleDataTransport.build/Debug-iphonesimulator/GoogleDataTransport.build/Objects-normal/x86_64/GDTCORStorageMetadata.dia -c /Users/hectorgarcia/Library/Developer/Xcode/DerivedData/Lyo-eagkiegzrakogpczynhkaholsscs/SourcePackages/checkouts/GoogleDataTransport/GoogleDataTransport/GDTCORLibrary/GDTCORStorageMetadata.m -o /Users/hectorgarcia/Library/Developer/Xcode/DerivedData/Build/Intermediates.noindex/GoogleDataTransport.build/Debug-iphonesimulator/GoogleDataTransport.build/Objects-normal/x86_64/GDTCORStorageMetadata.o -index-unit-output-path /GoogleDataTransport.build/Debug-iphonesimulator/GoogleDataTransport.build/Objects-normal/x86_64/GDTCORStorageMetadata.o

SwiftEmitModule normal x86_64 Emitting\ module\ for\ Promises (in target 'Promises' from project 'Promises')
EmitSwiftModule normal x86_64 (in target 'Promises' from project 'Promises')
    cd /Users/hectorgarcia/LYO_Da_ONE/Lyo.xcodeproj
    

PrecompileModule /Users/hectorgarcia/Library/Developer/Xcode/DerivedData/Build/Intermediates.noindex/ExplicitPrecompiledModules/_DarwinFoundation2-6VTYGLFQ978MTU7PM6CXW029.scan
    cd /
    builtin-precompileModule /Users/hectorgarcia/Library/Developer/Xcode/DerivedData/Build/Intermediates.noindex/ExplicitPrecompiledModules/_DarwinFoundation2-6VTYGLFQ978MTU7PM6CXW029.scan

PrecompileModule /Users/hectorgarcia/Library/Developer/Xcode/DerivedData/Build/Intermediates.noindex/ExplicitPrecompiledModules/_Builtin_limits-4ZKBQAF8M9MB5PA06Z5VQLBOF.scan
    cd /
    builtin-precompileModule /Users/hectorgarcia/Library/Developer/Xcode/DerivedData/Build/Intermediates.noindex/ExplicitPrecompiledModules/_Builtin_limits-4ZKBQAF8M9MB5PA06Z5VQLBOF.scan

SwiftCompile normal x86_64 Compiling\ Promise+Race.swift,\ Promise+Recover.swift,\ Promise+Reduce.swift /Users/hectorgarcia/Library/Developer/Xcode/DerivedData/Lyo-eagkiegzrakogpczynhkaholsscs/SourcePackages/checkouts/promises/Sources/Promises/Promise+Race.swift /Users/hectorgarcia/Library/Developer/Xcode/DerivedData/Lyo-eagkiegzrakogpczynhkaholsscs/SourcePackages/checkouts/promises/Sources/Promises/Promise+Recover.swift /Users/hectorgarcia/Library/Developer/Xcode/DerivedData/Lyo-eagkiegzrakogpczynhkaholsscs/SourcePackages/checkouts/promises/Sources/Promises/Promise+Reduce.swift (in target 'Promises' from project 'Promises')
SwiftCompile normal x86_64 /Users/hectorgarcia/Library/Developer/Xcode/DerivedData/Lyo-eagkiegzrakogpczynhkaholsscs/SourcePackages/checkouts/promises/Sources/Promises/Promise+Race.swift (in target 'Promises' from project 'Promises')
    cd /Users/hectorgarcia/LYO_Da_ONE/Lyo.xcodeproj
    

SwiftCompile normal x86_64 /Users/hectorgarcia/Library/Developer/Xcode/DerivedData/Lyo-eagkiegzrakogpczynhkaholsscs/SourcePackages/checkouts/promises/Sources/Promises/Promise+Recover.swift (in target 'Promises' from project 'Promises')
    cd /Users/hectorgarcia/LYO_Da_ONE/Lyo.xcodeproj
    

SwiftCompile normal x86_64 /Users/hectorgarcia/Library/Developer/Xcode/DerivedData/Lyo-eagkiegzrakogpczynhkaholsscs/SourcePackages/checkouts/promises/Sources/Promises/Promise+Reduce.swift (in target 'Promises' from project 'Promises')
    cd /Users/hectorgarcia/LYO_Da_ONE/Lyo.xcodeproj
    

SwiftCompile normal x86_64 Compiling\ Promise+Validate.swift,\ Promise+Wrap.swift /Users/hectorgarcia/Library/Developer/Xcode/DerivedData/Lyo-eagkiegzrakogpczynhkaholsscs/SourcePackages/checkouts/promises/Sources/Promises/Promise+Validate.swift /Users/hectorgarcia/Library/Developer/Xcode/DerivedData/Lyo-eagkiegzrakogpczynhkaholsscs/SourcePackages/checkouts/promises/Sources/Promises/Promise+Wrap.swift (in target 'Promises' from project 'Promises')
SwiftCompile normal x86_64 /Users/hectorgarcia/Library/Developer/Xcode/DerivedData/Lyo-eagkiegzrakogpczynhkaholsscs/SourcePackages/checkouts/promises/Sources/Promises/Promise+Validate.swift (in target 'Promises' from project 'Promises')
    cd /Users/hectorgarcia/LYO_Da_ONE/Lyo.xcodeproj
    

SwiftCompile normal x86_64 /Users/hectorgarcia/Library/Developer/Xcode/DerivedData/Lyo-eagkiegzrakogpczynhkaholsscs/SourcePackages/checkouts/promises/Sources/Promises/Promise+Wrap.swift (in target 'Promises' from project 'Promises')
    cd /Users/hectorgarcia/LYO_Da_ONE/Lyo.xcodeproj
    

SwiftCompile normal x86_64 Compiling\ Promise+Retry.swift,\ Promise+Testing.swift /Users/hectorgarcia/Library/Developer/Xcode/DerivedData/Lyo-eagkiegzrakogpczynhkaholsscs/SourcePackages/checkouts/promises/Sources/Promises/Promise+Retry.swift /Users/hectorgarcia/Library/Developer/Xcode/DerivedData/Lyo-eagkiegzrakogpczynhkaholsscs/SourcePackages/checkouts/promises/Sources/Promises/Promise+Testing.swift (in target 'Promises' from project 'Promises')

SwiftCompile normal x86_64 /Users/hectorgarcia/Library/Developer/Xcode/DerivedData/Lyo-eagkiegzrakogpczynhkaholsscs/SourcePackages/checkouts/promises/Sources/Promises/Promise+Retry.swift (in target 'Promises' from project 'Promises')
    cd /Users/hectorgarcia/LYO_Da_ONE/Lyo.xcodeproj
    

SwiftCompile normal x86_64 /Users/hectorgarcia/Library/Developer/Xcode/DerivedData/Lyo-eagkiegzrakogpczynhkaholsscs/SourcePackages/checkouts/promises/Sources/Promises/Promise+Testing.swift (in target 'Promises' from project 'Promises')
    cd /Users/hectorgarcia/LYO_Da_ONE/Lyo.xcodeproj
    

SwiftCompile normal x86_64 Compiling\ Promise+Then.swift,\ Promise+Timeout.swift /Users/hectorgarcia/Library/Developer/Xcode/DerivedData/Lyo-eagkiegzrakogpczynhkaholsscs/SourcePackages/checkouts/promises/Sources/Promises/Promise+Then.swift /Users/hectorgarcia/Library/Developer/Xcode/DerivedData/Lyo-eagkiegzrakogpczynhkaholsscs/SourcePackages/checkouts/promises/Sources/Promises/Promise+Timeout.swift (in target 'Promises' from project 'Promises')

SwiftCompile normal x86_64 /Users/hectorgarcia/Library/Developer/Xcode/DerivedData/Lyo-eagkiegzrakogpczynhkaholsscs/SourcePackages/checkouts/promises/Sources/Promises/Promise+Then.swift (in target 'Promises' from project 'Promises')
    cd /Users/hectorgarcia/LYO_Da_ONE/Lyo.xcodeproj
    

SwiftCompile normal x86_64 /Users/hectorgarcia/Library/Developer/Xcode/DerivedData/Lyo-eagkiegzrakogpczynhkaholsscs/SourcePackages/checkouts/promises/Sources/Promises/Promise+Timeout.swift (in target 'Promises' from project 'Promises')
    cd /Users/hectorgarcia/LYO_Da_ONE/Lyo.xcodeproj
    

PrecompileModule /Users/hectorgarcia/Library/Developer/Xcode/DerivedData/Build/Intermediates.noindex/ExplicitPrecompiledModules/_Builtin_stdint-7K3I4ELZ7KP68CT8N6USC7GIA.scan
    cd /
    builtin-precompileModule /Users/hectorgarcia/Library/Developer/Xcode/DerivedData/Build/Intermediates.noindex/ExplicitPrecompiledModules/_Builtin_stdint-7K3I4ELZ7KP68CT8N6USC7GIA.scan

PrecompileModule /Users/hectorgarcia/Library/Developer/Xcode/DerivedData/Build/Intermediates.noindex/ExplicitPrecompiledModules/_Builtin_stdint-5GWCMIMFYUMN4VFW5CL02WXZ7.scan
    cd /
    builtin-precompileModule /Users/hectorgarcia/Library/Developer/Xcode/DerivedData/Build/Intermediates.noindex/ExplicitPrecompiledModules/_Builtin_stdint-5GWCMIMFYUMN4VFW5CL02WXZ7.scan

PrecompileModule /Users/hectorgarcia/Library/Developer/Xcode/DerivedData/Build/Intermediates.noindex/ExplicitPrecompiledModules/_DarwinFoundation3-D3V42H3PA4Y2VRYGQ60PUM0SL.scan
    cd /
    builtin-precompileModule /Users/hectorgarcia/Library/Developer/Xcode/DerivedData/Build/Intermediates.noindex/ExplicitPrecompiledModules/_DarwinFoundation3-D3V42H3PA4Y2VRYGQ60PUM0SL.scan

PrecompileModule /Users/hectorgarcia/Library/Developer/Xcode/DerivedData/Build/Intermediates.noindex/ExplicitPrecompiledModules/_DarwinFoundation3-2I78WH1Z4JGU79AXM7092V4SY.scan
    cd /
    builtin-precompileModule /Users/hectorgarcia/Library/Developer/Xcode/DerivedData/Build/Intermediates.noindex/ExplicitPrecompiledModules/_DarwinFoundation3-2I78WH1Z4JGU79AXM7092V4SY.scan

PrecompileModule /Users/hectorgarcia/Library/Developer/Xcode/DerivedData/Build/Intermediates.noindex/ExplicitPrecompiledModules/nanopb-EAG5KZGH8UFEWRX7VLGR55C2M.scan
    cd /
    builtin-precompileModule /Users/hectorgarcia/Library/Developer/Xcode/DerivedData/Build/Intermediates.noindex/ExplicitPrecompiledModules/nanopb-EAG5KZGH8UFEWRX7VLGR55C2M.scan

PrecompileModule /Users/hectorgarcia/Library/Developer/Xcode/DerivedData/Build/Intermediates.noindex/ExplicitPrecompiledModules/ObjectiveC-P7WPMH6X12T3HU15XGVDMBP8.scan
    cd /
    builtin-precompileModule /Users/hectorgarcia/Library/Developer/Xcode/DerivedData/Build/Intermediates.noindex/ExplicitPrecompiledModules/ObjectiveC-P7WPMH6X12T3HU15XGVDMBP8.scan

PrecompileModule /Users/hectorgarcia/Library/Developer/Xcode/DerivedData/Build/Intermediates.noindex/ExplicitPrecompiledModules/ObjectiveC-2N8XTYY8JD21A33BBA3Z9QP8C.scan
    cd /
    builtin-precompileModule /Users/hectorgarcia/Library/Developer/Xcode/DerivedData/Build/Intermediates.noindex/ExplicitPrecompiledModules/ObjectiveC-2N8XTYY8JD21A33BBA3Z9QP8C.scan

CompileC /Users/hectorgarcia/Library/Developer/Xcode/DerivedData/Build/Intermediates.noindex/GoogleDataTransport.build/Debug-iphonesimulator/GoogleDataTransport.build/Objects-normal/x86_64/external_privacy_context.nanopb.o /Users/hectorgarcia/Library/Developer/Xcode/DerivedData/Lyo-eagkiegzrakogpczynhkaholsscs/SourcePackages/checkouts/GoogleDataTransport/GoogleDataTransport/GDTCCTLibrary/Protogen/nanopb/external_privacy_context.nanopb.c normal x86_64 c com.apple.compilers.llvm.clang.1_0.compiler (in target 'GoogleDataTransport' from project 'GoogleDataTransport')
    cd /Users/hectorgarcia/LYO_Da_ONE/Lyo.xcodeproj
    
    Using response file: /Users/hectorgarcia/Library/Developer/Xcode/DerivedData/Build/Intermediates.noindex/GoogleDataTransport.build/Debug-iphonesimulator/GoogleDataTransport.build/Objects-normal/x86_64/7187679823f38a2a940e0043cdf9d637-common-args.resp
    
    /Users/hectorgarcia/Downloads/Xcode.app/Contents/Developer/Toolchains/XcodeDefault.xctoolchain/usr/bin/clang -x c -ivfsstatcache /Users/hectorgarcia/Library/Developer/Xcode/DerivedData/SDKStatCaches.noindex/iphonesimulator26.2-23C53-823d3e8b6e60bc2018c189d3ca05ba9b.sdkstatcache -fmessage-length\=0 -fdiagnostics-show-note-include-stack -fmacro-backtrace-limit\=0 -fno-color-diagnostics -fmodules-prune-interval\=86400 -fmodules-prune-after\=345600 -fbuild-session-file\=/Users/hectorgarcia/Library/Developer/Xcode/DerivedData/ModuleCache.noindex/Session.modulevalidation -fmodules-validate-once-per-build-session -Wnon-modular-include-in-framework-module -Werror\=non-modular-include-in-framework-module -Wno-trigraphs -Wno-missing-field-initializers -Wno-missing-prototypes -Wno-return-type -Wno-missing-braces -Wparentheses -Wswitch -Wno-unused-function -Wno-unused-label -Wno-unused-parameter -Wno-unused-variable -Wunused-value -Wno-empty-body -Wno-uninitialized -Wno-unknown-pragmas -w -Wno-shadow -Wno-four-char-constants -Wno-conversion -Wno-constant-conversion -Wno-int-conversion -Wno-bool-conversion -Wno-enum-conversion -Wno-float-conversion -Wno-non-literal-null-conversion -Wno-objc-literal-conversion -Wshorten-64-to-32 -Wpointer-sign -Wno-newline-eof -Wno-implicit-fallthrough -fstrict-aliasing -Wdeprecated-declarations -Wno-sign-conversion -Wno-infinite-recursion -Wno-comma -Wno-block-capture-autoreleasing -Wno-strict-prototypes -Wno-semicolon-before-method-body -index-store-path /Users/hectorgarcia/Library/Developer/Xcode/DerivedData/Lyo-eagkiegzrakogpczynhkaholsscs/Index.noindex/DataStore @/Users/hectorgarcia/Library/Developer/Xcode/DerivedData/Build/Intermediates.noindex/GoogleDataTransport.build/Debug-iphonesimulator/GoogleDataTransport.build/Objects-normal/x86_64/7187679823f38a2a940e0043cdf9d637-common-args.resp -MMD -MT dependencies -MF /Users/hectorgarcia/Library/Developer/Xcode/DerivedData/Build/Intermediates.noindex/GoogleDataTransport.build/Debug-iphonesimulator/GoogleDataTransport.build/Objects-normal/x86_64/external_privacy_context.nanopb.d --serialize-diagnostics /Users/hectorgarcia/Library/Developer/Xcode/DerivedData/Build/Intermediates.noindex/GoogleDataTransport.build/Debug-iphonesimulator/GoogleDataTransport.build/Objects-normal/x86_64/external_privacy_context.nanopb.dia -c /Users/hectorgarcia/Library/Developer/Xcode/DerivedData/Lyo-eagkiegzrakogpczynhkaholsscs/SourcePackages/checkouts/GoogleDataTransport/GoogleDataTransport/GDTCCTLibrary/Protogen/nanopb/external_privacy_context.nanopb.c -o /Users/hectorgarcia/Library/Developer/Xcode/DerivedData/Build/Intermediates.noindex/GoogleDataTransport.build/Debug-iphonesimulator/GoogleDataTransport.build/Objects-normal/x86_64/external_privacy_context.nanopb.o -index-unit-output-path /GoogleDataTransport.build/Debug-iphonesimulator/GoogleDataTransport.build/Objects-normal/x86_64/external_privacy_context.nanopb.o

SwiftDriverJobDiscovery normal x86_64 Compiling Promise+Retry.swift, Promise+Testing.swift (in target 'Promises' from project 'Promises')

CompileC /Users/hectorgarcia/Library/Developer/Xcode/DerivedData/Build/Intermediates.noindex/GoogleDataTransport.build/Debug-iphonesimulator/GoogleDataTransport.build/Objects-normal/x86_64/external_prequest_context.nanopb.o /Users/hectorgarcia/Library/Developer/Xcode/DerivedData/Lyo-eagkiegzrakogpczynhkaholsscs/SourcePackages/checkouts/GoogleDataTransport/GoogleDataTransport/GDTCCTLibrary/Protogen/nanopb/external_prequest_context.nanopb.c normal x86_64 c com.apple.compilers.llvm.clang.1_0.compiler (in target 'GoogleDataTransport' from project 'GoogleDataTransport')
    cd /Users/hectorgarcia/LYO_Da_ONE/Lyo.xcodeproj
    
    Using response file: /Users/hectorgarcia/Library/Developer/Xcode/DerivedData/Build/Intermediates.noindex/GoogleDataTransport.build/Debug-iphonesimulator/GoogleDataTransport.build/Objects-normal/x86_64/7187679823f38a2a940e0043cdf9d637-common-args.resp
    
    /Users/hectorgarcia/Downloads/Xcode.app/Contents/Developer/Toolchains/XcodeDefault.xctoolchain/usr/bin/clang -x c -ivfsstatcache /Users/hectorgarcia/Library/Developer/Xcode/DerivedData/SDKStatCaches.noindex/iphonesimulator26.2-23C53-823d3e8b6e60bc2018c189d3ca05ba9b.sdkstatcache -fmessage-length\=0 -fdiagnostics-show-note-include-stack -fmacro-backtrace-limit\=0 -fno-color-diagnostics -fmodules-prune-interval\=86400 -fmodules-prune-after\=345600 -fbuild-session-file\=/Users/hectorgarcia/Library/Developer/Xcode/DerivedData/ModuleCache.noindex/Session.modulevalidation -fmodules-validate-once-per-build-session -Wnon-modular-include-in-framework-module -Werror\=non-modular-include-in-framework-module -Wno-trigraphs -Wno-missing-field-initializers -Wno-missing-prototypes -Wno-return-type -Wno-missing-braces -Wparentheses -Wswitch -Wno-unused-function -Wno-unused-label -Wno-unused-parameter -Wno-unused-variable -Wunused-value -Wno-empty-body -Wno-uninitialized -Wno-unknown-pragmas -w -Wno-shadow -Wno-four-char-constants -Wno-conversion -Wno-constant-conversion -Wno-int-conversion -Wno-bool-conversion -Wno-enum-conversion -Wno-float-conversion -Wno-non-literal-null-conversion -Wno-objc-literal-conversion -Wshorten-64-to-32 -Wpointer-sign -Wno-newline-eof -Wno-implicit-fallthrough -fstrict-aliasing -Wdeprecated-declarations -Wno-sign-conversion -Wno-infinite-recursion -Wno-comma -Wno-block-capture-autoreleasing -Wno-strict-prototypes -Wno-semicolon-before-method-body -index-store-path /Users/hectorgarcia/Library/Developer/Xcode/DerivedData/Lyo-eagkiegzrakogpczynhkaholsscs/Index.noindex/DataStore @/Users/hectorgarcia/Library/Developer/Xcode/DerivedData/Build/Intermediates.noindex/GoogleDataTransport.build/Debug-iphonesimulator/GoogleDataTransport.build/Objects-normal/x86_64/7187679823f38a2a940e0043cdf9d637-common-args.resp -MMD -MT dependencies -MF /Users/hectorgarcia/Library/Developer/Xcode/DerivedData/Build/Intermediates.noindex/GoogleDataTransport.build/Debug-iphonesimulator/GoogleDataTransport.build/Objects-normal/x86_64/external_prequest_context.nanopb.d --serialize-diagnostics /Users/hectorgarcia/Library/Developer/Xcode/DerivedData/Build/Intermediates.noindex/GoogleDataTransport.build/Debug-iphonesimulator/GoogleDataTransport.build/Objects-normal/x86_64/external_prequest_context.nanopb.dia -c /Users/hectorgarcia/Library/Developer/Xcode/DerivedData/Lyo-eagkiegzrakogpczynhkaholsscs/SourcePackages/checkouts/GoogleDataTransport/GoogleDataTransport/GDTCCTLibrary/Protogen/nanopb/external_prequest_context.nanopb.c -o /Users/hectorgarcia/Library/Developer/Xcode/DerivedData/Build/Intermediates.noindex/GoogleDataTransport.build/Debug-iphonesimulator/GoogleDataTransport.build/Objects-normal/x86_64/external_prequest_context.nanopb.o -index-unit-output-path /GoogleDataTransport.build/Debug-iphonesimulator/GoogleDataTransport.build/Objects-normal/x86_64/external_prequest_context.nanopb.o

CompileC /Users/hectorgarcia/Library/Developer/Xcode/DerivedData/Build/Intermediates.noindex/GoogleDataTransport.build/Debug-iphonesimulator/GoogleDataTransport.build/Objects-normal/x86_64/compliance.nanopb.o /Users/hectorgarcia/Library/Developer/Xcode/DerivedData/Lyo-eagkiegzrakogpczynhkaholsscs/SourcePackages/checkouts/GoogleDataTransport/GoogleDataTransport/GDTCCTLibrary/Protogen/nanopb/compliance.nanopb.c normal x86_64 c com.apple.compilers.llvm.clang.1_0.compiler (in target 'GoogleDataTransport' from project 'GoogleDataTransport')
    cd /Users/hectorgarcia/LYO_Da_ONE/Lyo.xcodeproj
    
    Using response file: /Users/hectorgarcia/Library/Developer/Xcode/DerivedData/Build/Intermediates.noindex/GoogleDataTransport.build/Debug-iphonesimulator/GoogleDataTransport.build/Objects-normal/x86_64/7187679823f38a2a940e0043cdf9d637-common-args.resp
    
    /Users/hectorgarcia/Downloads/Xcode.app/Contents/Developer/Toolchains/XcodeDefault.xctoolchain/usr/bin/clang -x c -ivfsstatcache /Users/hectorgarcia/Library/Developer/Xcode/DerivedData/SDKStatCaches.noindex/iphonesimulator26.2-23C53-823d3e8b6e60bc2018c189d3ca05ba9b.sdkstatcache -fmessage-length\=0 -fdiagnostics-show-note-include-stack -fmacro-backtrace-limit\=0 -fno-color-diagnostics -fmodules-prune-interval\=86400 -fmodules-prune-after\=345600 -fbuild-session-file\=/Users/hectorgarcia/Library/Developer/Xcode/DerivedData/ModuleCache.noindex/Session.modulevalidation -fmodules-validate-once-per-build-session -Wnon-modular-include-in-framework-module -Werror\=non-modular-include-in-framework-module -Wno-trigraphs -Wno-missing-field-initializers -Wno-missing-prototypes -Wno-return-type -Wno-missing-braces -Wparentheses -Wswitch -Wno-unused-function -Wno-unused-label -Wno-unused-parameter -Wno-unused-variable -Wunused-value -Wno-empty-body -Wno-uninitialized -Wno-unknown-pragmas -w -Wno-shadow -Wno-four-char-constants -Wno-conversion -Wno-constant-conversion -Wno-int-conversion -Wno-bool-conversion -Wno-enum-conversion -Wno-float-conversion -Wno-non-literal-null-conversion -Wno-objc-literal-conversion -Wshorten-64-to-32 -Wpointer-sign -Wno-newline-eof -Wno-implicit-fallthrough -fstrict-aliasing -Wdeprecated-declarations -Wno-sign-conversion -Wno-infinite-recursion -Wno-comma -Wno-block-capture-autoreleasing -Wno-strict-prototypes -Wno-semicolon-before-method-body -index-store-path /Users/hectorgarcia/Library/Developer/Xcode/DerivedData/Lyo-eagkiegzrakogpczynhkaholsscs/Index.noindex/DataStore @/Users/hectorgarcia/Library/Developer/Xcode/DerivedData/Build/Intermediates.noindex/GoogleDataTransport.build/Debug-iphonesimulator/GoogleDataTransport.build/Objects-normal/x86_64/7187679823f38a2a940e0043cdf9d637-common-args.resp -MMD -MT dependencies -MF /Users/hectorgarcia/Library/Developer/Xcode/DerivedData/Build/Intermediates.noindex/GoogleDataTransport.build/Debug-iphonesimulator/GoogleDataTransport.build/Objects-normal/x86_64/compliance.nanopb.d --serialize-diagnostics /Users/hectorgarcia/Library/Developer/Xcode/DerivedData/Build/Intermediates.noindex/GoogleDataTransport.build/Debug-iphonesimulator/GoogleDataTransport.build/Objects-normal/x86_64/compliance.nanopb.dia -c /Users/hectorgarcia/Library/Developer/Xcode/DerivedData/Lyo-eagkiegzrakogpczynhkaholsscs/SourcePackages/checkouts/GoogleDataTransport/GoogleDataTransport/GDTCCTLibrary/Protogen/nanopb/compliance.nanopb.c -o /Users/hectorgarcia/Library/Developer/Xcode/DerivedData/Build/Intermediates.noindex/GoogleDataTransport.build/Debug-iphonesimulator/GoogleDataTransport.build/Objects-normal/x86_64/compliance.nanopb.o -index-unit-output-path /GoogleDataTransport.build/Debug-iphonesimulator/GoogleDataTransport.build/Objects-normal/x86_64/compliance.nanopb.o

CompileC /Users/hectorgarcia/Library/Developer/Xcode/DerivedData/Build/Intermediates.noindex/GoogleDataTransport.build/Debug-iphonesimulator/GoogleDataTransport.build/Objects-normal/x86_64/client_metrics.nanopb.o /Users/hectorgarcia/Library/Developer/Xcode/DerivedData/Lyo-eagkiegzrakogpczynhkaholsscs/SourcePackages/checkouts/GoogleDataTransport/GoogleDataTransport/GDTCCTLibrary/Protogen/nanopb/client_metrics.nanopb.c normal x86_64 c com.apple.compilers.llvm.clang.1_0.compiler (in target 'GoogleDataTransport' from project 'GoogleDataTransport')
    cd /Users/hectorgarcia/LYO_Da_ONE/Lyo.xcodeproj
    
    Using response file: /Users/hectorgarcia/Library/Developer/Xcode/DerivedData/Build/Intermediates.noindex/GoogleDataTransport.build/Debug-iphonesimulator/GoogleDataTransport.build/Objects-normal/x86_64/7187679823f38a2a940e0043cdf9d637-common-args.resp
    
    /Users/hectorgarcia/Downloads/Xcode.app/Contents/Developer/Toolchains/XcodeDefault.xctoolchain/usr/bin/clang -x c -ivfsstatcache /Users/hectorgarcia/Library/Developer/Xcode/DerivedData/SDKStatCaches.noindex/iphonesimulator26.2-23C53-823d3e8b6e60bc2018c189d3ca05ba9b.sdkstatcache -fmessage-length\=0 -fdiagnostics-show-note-include-stack -fmacro-backtrace-limit\=0 -fno-color-diagnostics -fmodules-prune-interval\=86400 -fmodules-prune-after\=345600 -fbuild-session-file\=/Users/hectorgarcia/Library/Developer/Xcode/DerivedData/ModuleCache.noindex/Session.modulevalidation -fmodules-validate-once-per-build-session -Wnon-modular-include-in-framework-module -Werror\=non-modular-include-in-framework-module -Wno-trigraphs -Wno-missing-field-initializers -Wno-missing-prototypes -Wno-return-type -Wno-missing-braces -Wparentheses -Wswitch -Wno-unused-function -Wno-unused-label -Wno-unused-parameter -Wno-unused-variable -Wunused-value -Wno-empty-body -Wno-uninitialized -Wno-unknown-pragmas -w -Wno-shadow -Wno-four-char-constants -Wno-conversion -Wno-constant-conversion -Wno-int-conversion -Wno-bool-conversion -Wno-enum-conversion -Wno-float-conversion -Wno-non-literal-null-conversion -Wno-objc-literal-conversion -Wshorten-64-to-32 -Wpointer-sign -Wno-newline-eof -Wno-implicit-fallthrough -fstrict-aliasing -Wdeprecated-declarations -Wno-sign-conversion -Wno-infinite-recursion -Wno-comma -Wno-block-capture-autoreleasing -Wno-strict-prototypes -Wno-semicolon-before-method-body -index-store-path /Users/hectorgarcia/Library/Developer/Xcode/DerivedData/Lyo-eagkiegzrakogpczynhkaholsscs/Index.noindex/DataStore @/Users/hectorgarcia/Library/Developer/Xcode/DerivedData/Build/Intermediates.noindex/GoogleDataTransport.build/Debug-iphonesimulator/GoogleDataTransport.build/Objects-normal/x86_64/7187679823f38a2a940e0043cdf9d637-common-args.resp -MMD -MT dependencies -MF /Users/hectorgarcia/Library/Developer/Xcode/DerivedData/Build/Intermediates.noindex/GoogleDataTransport.build/Debug-iphonesimulator/GoogleDataTransport.build/Objects-normal/x86_64/client_metrics.nanopb.d --serialize-diagnostics /Users/hectorgarcia/Library/Developer/Xcode/DerivedData/Build/Intermediates.noindex/GoogleDataTransport.build/Debug-iphonesimulator/GoogleDataTransport.build/Objects-normal/x86_64/client_metrics.nanopb.dia -c /Users/hectorgarcia/Library/Developer/Xcode/DerivedData/Lyo-eagkiegzrakogpczynhkaholsscs/SourcePackages/checkouts/GoogleDataTransport/GoogleDataTransport/GDTCCTLibrary/Protogen/nanopb/client_metrics.nanopb.c -o /Users/hectorgarcia/Library/Developer/Xcode/DerivedData/Build/Intermediates.noindex/GoogleDataTransport.build/Debug-iphonesimulator/GoogleDataTransport.build/Objects-normal/x86_64/client_metrics.nanopb.o -index-unit-output-path /GoogleDataTransport.build/Debug-iphonesimulator/GoogleDataTransport.build/Objects-normal/x86_64/client_metrics.nanopb.o

CompileC /Users/hectorgarcia/Library/Developer/Xcode/DerivedData/Build/Intermediates.noindex/GoogleDataTransport.build/Debug-iphonesimulator/GoogleDataTransport.build/Objects-normal/x86_64/cct.nanopb.o /Users/hectorgarcia/Library/Developer/Xcode/DerivedData/Lyo-eagkiegzrakogpczynhkaholsscs/SourcePackages/checkouts/GoogleDataTransport/GoogleDataTransport/GDTCCTLibrary/Protogen/nanopb/cct.nanopb.c normal x86_64 c com.apple.compilers.llvm.clang.1_0.compiler (in target 'GoogleDataTransport' from project 'GoogleDataTransport')
    cd /Users/hectorgarcia/LYO_Da_ONE/Lyo.xcodeproj
    
    Using response file: /Users/hectorgarcia/Library/Developer/Xcode/DerivedData/Build/Intermediates.noindex/GoogleDataTransport.build/Debug-iphonesimulator/GoogleDataTransport.build/Objects-normal/x86_64/7187679823f38a2a940e0043cdf9d637-common-args.resp
    
    /Users/hectorgarcia/Downloads/Xcode.app/Contents/Developer/Toolchains/XcodeDefault.xctoolchain/usr/bin/clang -x c -ivfsstatcache /Users/hectorgarcia/Library/Developer/Xcode/DerivedData/SDKStatCaches.noindex/iphonesimulator26.2-23C53-823d3e8b6e60bc2018c189d3ca05ba9b.sdkstatcache -fmessage-length\=0 -fdiagnostics-show-note-include-stack -fmacro-backtrace-limit\=0 -fno-color-diagnostics -fmodules-prune-interval\=86400 -fmodules-prune-after\=345600 -fbuild-session-file\=/Users/hectorgarcia/Library/Developer/Xcode/DerivedData/ModuleCache.noindex/Session.modulevalidation -fmodules-validate-once-per-build-session -Wnon-modular-include-in-framework-module -Werror\=non-modular-include-in-framework-module -Wno-trigraphs -Wno-missing-field-initializers -Wno-missing-prototypes -Wno-return-type -Wno-missing-braces -Wparentheses -Wswitch -Wno-unused-function -Wno-unused-label -Wno-unused-parameter -Wno-unused-variable -Wunused-value -Wno-empty-body -Wno-uninitialized -Wno-unknown-pragmas -w -Wno-shadow -Wno-four-char-constants -Wno-conversion -Wno-constant-conversion -Wno-int-conversion -Wno-bool-conversion -Wno-enum-conversion -Wno-float-conversion -Wno-non-literal-null-conversion -Wno-objc-literal-conversion -Wshorten-64-to-32 -Wpointer-sign -Wno-newline-eof -Wno-implicit-fallthrough -fstrict-aliasing -Wdeprecated-declarations -Wno-sign-conversion -Wno-infinite-recursion -Wno-comma -Wno-block-capture-autoreleasing -Wno-strict-prototypes -Wno-semicolon-before-method-body -index-store-path /Users/hectorgarcia/Library/Developer/Xcode/DerivedData/Lyo-eagkiegzrakogpczynhkaholsscs/Index.noindex/DataStore @/Users/hectorgarcia/Library/Developer/Xcode/DerivedData/Build/Intermediates.noindex/GoogleDataTransport.build/Debug-iphonesimulator/GoogleDataTransport.build/Objects-normal/x86_64/7187679823f38a2a940e0043cdf9d637-common-args.resp -MMD -MT dependencies -MF /Users/hectorgarcia/Library/Developer/Xcode/DerivedData/Build/Intermediates.noindex/GoogleDataTransport.build/Debug-iphonesimulator/GoogleDataTransport.build/Objects-normal/x86_64/cct.nanopb.d --serialize-diagnostics /Users/hectorgarcia/Library/Developer/Xcode/DerivedData/Build/Intermediates.noindex/GoogleDataTransport.build/Debug-iphonesimulator/GoogleDataTransport.build/Objects-normal/x86_64/cct.nanopb.dia -c /Users/hectorgarcia/Library/Developer/Xcode/DerivedData/Lyo-eagkiegzrakogpczynhkaholsscs/SourcePackages/checkouts/GoogleDataTransport/GoogleDataTransport/GDTCCTLibrary/Protogen/nanopb/cct.nanopb.c -o /Users/hectorgarcia/Library/Developer/Xcode/DerivedData/Build/Intermediates.noindex/GoogleDataTransport.build/Debug-iphonesimulator/GoogleDataTransport.build/Objects-normal/x86_64/cct.nanopb.o -index-unit-output-path /GoogleDataTransport.build/Debug-iphonesimulator/GoogleDataTransport.build/Objects-normal/x86_64/cct.nanopb.o

PrecompileModule /Users/hectorgarcia/Library/Developer/Xcode/DerivedData/Build/Intermediates.noindex/ExplicitPrecompiledModules/MachO-5BBWLOSM7BB4P8C4YJTSDUHA3.scan
    cd /
    builtin-precompileModule /Users/hectorgarcia/Library/Developer/Xcode/DerivedData/Build/Intermediates.noindex/ExplicitPrecompiledModules/MachO-5BBWLOSM7BB4P8C4YJTSDUHA3.scan

PrecompileModule /Users/hectorgarcia/Library/Developer/Xcode/DerivedData/Build/Intermediates.noindex/ExplicitPrecompiledModules/_Builtin_inttypes-9TALWWFQFR53PC0EU2UWS61VQ.scan
    cd /
    builtin-precompileModule /Users/hectorgarcia/Library/Developer/Xcode/DerivedData/Build/Intermediates.noindex/ExplicitPrecompiledModules/_Builtin_inttypes-9TALWWFQFR53PC0EU2UWS61VQ.scan

SwiftCompile normal x86_64 Compiling\ Promise.swift,\ PromiseError.swift /Users/hectorgarcia/Library/Developer/Xcode/DerivedData/Lyo-eagkiegzrakogpczynhkaholsscs/SourcePackages/checkouts/promises/Sources/Promises/Promise.swift /Users/hectorgarcia/Library/Developer/Xcode/DerivedData/Lyo-eagkiegzrakogpczynhkaholsscs/SourcePackages/checkouts/promises/Sources/Promises/PromiseError.swift (in target 'Promises' from project 'Promises')
SwiftCompile normal x86_64 /Users/hectorgarcia/Library/Developer/Xcode/DerivedData/Lyo-eagkiegzrakogpczynhkaholsscs/SourcePackages/checkouts/promises/Sources/Promises/Promise.swift (in target 'Promises' from project 'Promises')
    cd /Users/hectorgarcia/LYO_Da_ONE/Lyo.xcodeproj
    

SwiftCompile normal x86_64 /Users/hectorgarcia/Library/Developer/Xcode/DerivedData/Lyo-eagkiegzrakogpczynhkaholsscs/SourcePackages/checkouts/promises/Sources/Promises/PromiseError.swift (in target 'Promises' from project 'Promises')
    cd /Users/hectorgarcia/LYO_Da_ONE/Lyo.xcodeproj
    

PrecompileModule /Users/hectorgarcia/Library/Developer/Xcode/DerivedData/Build/Intermediates.noindex/ExplicitPrecompiledModules/os_object-BB02XL2SNTR3V2M0D6TYG1UNF.scan
    cd /
    builtin-precompileModule /Users/hectorgarcia/Library/Developer/Xcode/DerivedData/Build/Intermediates.noindex/ExplicitPrecompiledModules/os_object-BB02XL2SNTR3V2M0D6TYG1UNF.scan

PrecompileModule /Users/hectorgarcia/Library/Developer/Xcode/DerivedData/Build/Intermediates.noindex/ExplicitPrecompiledModules/os_object-DUQW5OATHO7W4Q82DK8NWVMTN.scan
    cd /
    builtin-precompileModule /Users/hectorgarcia/Library/Developer/Xcode/DerivedData/Build/Intermediates.noindex/ExplicitPrecompiledModules/os_object-DUQW5OATHO7W4Q82DK8NWVMTN.scan

PrecompileModule /Users/hectorgarcia/Library/Developer/Xcode/DerivedData/Build/Intermediates.noindex/ExplicitPrecompiledModules/third_party_IsAppEncrypted-E0LI6CCQNF65U8PNR08107926.scan
    cd /
    builtin-precompileModule /Users/hectorgarcia/Library/Developer/Xcode/DerivedData/Build/Intermediates.noindex/ExplicitPrecompiledModules/third_party_IsAppEncrypted-E0LI6CCQNF65U8PNR08107926.scan

PrecompileModule /Users/hectorgarcia/Library/Developer/Xcode/DerivedData/Build/Intermediates.noindex/ExplicitPrecompiledModules/os_workgroup-EGE1PXXOUD4GIQLHDIKACHE9D.scan
    cd /
    builtin-precompileModule /Users/hectorgarcia/Library/Developer/Xcode/DerivedData/Build/Intermediates.noindex/ExplicitPrecompiledModules/os_workgroup-EGE1PXXOUD4GIQLHDIKACHE9D.scan

PrecompileModule /Users/hectorgarcia/Library/Developer/Xcode/DerivedData/Build/Intermediates.noindex/ExplicitPrecompiledModules/os_workgroup-101X1UK1JA8LAA9QSY0E7DM7O.scan
    cd /
    builtin-precompileModule /Users/hectorgarcia/Library/Developer/Xcode/DerivedData/Build/Intermediates.noindex/ExplicitPrecompiledModules/os_workgroup-101X1UK1JA8LAA9QSY0E7DM7O.scan

PrecompileModule /Users/hectorgarcia/Library/Developer/Xcode/DerivedData/Build/Intermediates.noindex/ExplicitPrecompiledModules/Darwin-I3UNEUPXV4ZBHG5O3CDV6Q54.scan
    cd /
    builtin-precompileModule /Users/hectorgarcia/Library/Developer/Xcode/DerivedData/Build/Intermediates.noindex/ExplicitPrecompiledModules/Darwin-I3UNEUPXV4ZBHG5O3CDV6Q54.scan

SwiftCompile normal x86_64 Compiling\ Promise+Any.swift,\ Promise+Async.swift,\ Promise+Await.swift /Users/hectorgarcia/Library/Developer/Xcode/DerivedData/Lyo-eagkiegzrakogpczynhkaholsscs/SourcePackages/checkouts/promises/Sources/Promises/Promise+Any.swift /Users/hectorgarcia/Library/Developer/Xcode/DerivedData/Lyo-eagkiegzrakogpczynhkaholsscs/SourcePackages/checkouts/promises/Sources/Promises/Promise+Async.swift /Users/hectorgarcia/Library/Developer/Xcode/DerivedData/Lyo-eagkiegzrakogpczynhkaholsscs/SourcePackages/checkouts/promises/Sources/Promises/Promise+Await.swift (in target 'Promises' from project 'Promises')
SwiftCompile normal x86_64 /Users/hectorgarcia/Library/Developer/Xcode/DerivedData/Lyo-eagkiegzrakogpczynhkaholsscs/SourcePackages/checkouts/promises/Sources/Promises/Promise+Any.swift (in target 'Promises' from project 'Promises')
    cd /Users/hectorgarcia/LYO_Da_ONE/Lyo.xcodeproj
    

SwiftCompile normal x86_64 /Users/hectorgarcia/Library/Developer/Xcode/DerivedData/Lyo-eagkiegzrakogpczynhkaholsscs/SourcePackages/checkouts/promises/Sources/Promises/Promise+Async.swift (in target 'Promises' from project 'Promises')
    cd /Users/hectorgarcia/LYO_Da_ONE/Lyo.xcodeproj
    

SwiftCompile normal x86_64 /Users/hectorgarcia/Library/Developer/Xcode/DerivedData/Lyo-eagkiegzrakogpczynhkaholsscs/SourcePackages/checkouts/promises/Sources/Promises/Promise+Await.swift (in target 'Promises' from project 'Promises')
    cd /Users/hectorgarcia/LYO_Da_ONE/Lyo.xcodeproj
    

PrecompileModule /Users/hectorgarcia/Library/Developer/Xcode/DerivedData/Build/Intermediates.noindex/ExplicitPrecompiledModules/Dispatch-9ORPVVECRTTEBXAOC5X10IQHE.scan
    cd /
    builtin-precompileModule /Users/hectorgarcia/Library/Developer/Xcode/DerivedData/Build/Intermediates.noindex/ExplicitPrecompiledModules/Dispatch-9ORPVVECRTTEBXAOC5X10IQHE.scan

SwiftDriverJobDiscovery normal x86_64 Emitting module for Promises (in target 'Promises' from project 'Promises')

SwiftDriver\ Compilation\ Requirements Promises normal x86_64 com.apple.xcode.tools.swift.compiler (in target 'Promises' from project 'Promises')
    cd /Users/hectorgarcia/LYO_Da_ONE/Lyo.xcodeproj
    builtin-Swift-Compilation-Requirements -- /Users/hectorgarcia/Downloads/Xcode.app/Contents/Developer/Toolchains/XcodeDefault.xctoolchain/usr/bin/swiftc -module-name Promises -Onone -enforce-exclusivity\=checked @/Users/hectorgarcia/Library/Developer/Xcode/DerivedData/Build/Intermediates.noindex/Promises.build/Debug-iphonesimulator/Promises.build/Objects-normal/x86_64/Promises.SwiftFileList -DSWIFT_PACKAGE -DDEBUG -DSWIFT_MODULE_RESOURCE_BUNDLE_AVAILABLE -DXcode -plugin-path /Users/hectorgarcia/Downloads/Xcode.app/Contents/Developer/Toolchains/XcodeDefault.xctoolchain/usr/lib/swift/host/plugins/testing -enable-experimental-feature DebugDescriptionMacro -sdk /Users/hectorgarcia/Downloads/Xcode.app/Contents/Developer/Platforms/iPhoneSimulator.platform/Developer/SDKs/iPhoneSimulator26.2.sdk -target x86_64-apple-ios12.0-simulator -g -module-cache-path /Users/hectorgarcia/Library/Developer/Xcode/DerivedData/ModuleCache.noindex -Xfrontend -serialize-debugging-options -enable-testing -suppress-warnings -index-store-path /Users/hectorgarcia/Library/Developer/Xcode/DerivedData/Lyo-eagkiegzrakogpczynhkaholsscs/Index.noindex/DataStore -Xcc -D_LIBCPP_HARDENING_MODE\=_LIBCPP_HARDENING_MODE_DEBUG -swift-version 5 -I /Users/hectorgarcia/Library/Developer/Xcode/DerivedData/Build/Products/Debug-iphonesimulator -Isystem /Users/hectorgarcia/Downloads/Xcode.app/Contents/Developer/Platforms/iPhoneSimulator.platform/Developer/usr/lib -F /Users/hectorgarcia/Library/Developer/Xcode/DerivedData/Build/Products/Debug-iphonesimulator/PackageFrameworks -F /Users/hectorgarcia/Library/Developer/Xcode/DerivedData/Build/Products/Debug-iphonesimulator -F /Users/hectorgarcia/Downloads/Xcode.app/Contents/Developer/Platforms/iPhoneSimulator.platform/Developer/Library/Frameworks -F /Users/hectorgarcia/Downloads/Xcode.app/Contents/Developer/Platforms/iPhoneSimulator.platform/Developer/SDKs/iPhoneSimulator26.2.sdk/Developer/Library/Frameworks -c -j8 -enable-batch-mode -incremental -Xcc -ivfsstatcache -Xcc /Users/hectorgarcia/Library/Developer/Xcode/DerivedData/SDKStatCaches.noindex/iphonesimulator26.2-23C53-823d3e8b6e60bc2018c189d3ca05ba9b.sdkstatcache -output-file-map /Users/hectorgarcia/Library/Developer/Xcode/DerivedData/Build/Intermediates.noindex/Promises.build/Debug-iphonesimulator/Promises.build/Objects-normal/x86_64/Promises-OutputFileMap.json -use-frontend-parseable-output -save-temps -no-color-diagnostics -explicit-module-build -module-cache-path /Users/hectorgarcia/Library/Developer/Xcode/DerivedData/Build/Intermediates.noindex/SwiftExplicitPrecompiledModules -clang-scanner-module-cache-path /Users/hectorgarcia/Library/Developer/Xcode/DerivedData/ModuleCache.noindex -sdk-module-cache-path /Users/hectorgarcia/Library/Developer/Xcode/DerivedData/ModuleCache.noindex -serialize-diagnostics -emit-dependencies -emit-module -emit-module-path /Users/hectorgarcia/Library/Developer/Xcode/DerivedData/Build/Intermediates.noindex/Promises.build/Debug-iphonesimulator/Promises.build/Objects-normal/x86_64/Promises.swiftmodule -validate-clang-modules-once -clang-build-session-file /Users/hectorgarcia/Library/Developer/Xcode/DerivedData/ModuleCache.noindex/Session.modulevalidation -Xcc -I/Users/hectorgarcia/Library/Developer/Xcode/DerivedData/Build/Intermediates.noindex/Promises.build/Debug-iphonesimulator/Promises.build/swift-overrides.hmap -emit-const-values -Xfrontend -const-gather-protocols-file -Xfrontend /Users/hectorgarcia/Library/Developer/Xcode/DerivedData/Build/Intermediates.noindex/Promises.build/Debug-iphonesimulator/Promises.build/Objects-normal/x86_64/Promises_const_extract_protocols.json -Xcc -I/Users/hectorgarcia/Library/Developer/Xcode/DerivedData/Lyo-eagkiegzrakogpczynhkaholsscs/SourcePackages/checkouts/promises/Sources/FBLPromises/include -Xcc -I/Users/hectorgarcia/Library/Developer/Xcode/DerivedData/Build/Products/Debug-iphonesimulator/include -Xcc -I/Users/hectorgarcia/Library/Developer/Xcode/DerivedData/Build/Intermediates.noindex/Promises.build/Debug-iphonesimulator/Promises.build/DerivedSources-normal/x86_64 -Xcc -I/Users/hectorgarcia/Library/Developer/Xcode/DerivedData/Build/Intermediates.noindex/Promises.build/Debug-iphonesimulator/Promises.build/DerivedSources/x86_64 -Xcc -I/Users/hectorgarcia/Library/Developer/Xcode/DerivedData/Build/Intermediates.noindex/Promises.build/Debug-iphonesimulator/Promises.build/DerivedSources -Xcc -DSWIFT_PACKAGE -Xcc -DDEBUG\=1 -emit-objc-header -emit-objc-header-path /Users/hectorgarcia/Library/Developer/Xcode/DerivedData/Build/Intermediates.noindex/Promises.build/Debug-iphonesimulator/Promises.build/Objects-normal/x86_64/Promises-Swift.h -working-directory /Users/hectorgarcia/LYO_Da_ONE/Lyo.xcodeproj -experimental-emit-module-separately -disable-cmo

SwiftDriverJobDiscovery normal x86_64 Compiling Promise+Then.swift, Promise+Timeout.swift (in target 'Promises' from project 'Promises')

PrecompileModule /Users/hectorgarcia/Library/Developer/Xcode/DerivedData/Build/Intermediates.noindex/ExplicitPrecompiledModules/Dispatch-MSRWBDQKJD7OFI3CLG9ZWX6B.scan
    cd /
    builtin-precompileModule /Users/hectorgarcia/Library/Developer/Xcode/DerivedData/Build/Intermediates.noindex/ExplicitPrecompiledModules/Dispatch-MSRWBDQKJD7OFI3CLG9ZWX6B.scan

SwiftMergeGeneratedHeaders /Users/hectorgarcia/Library/Developer/Xcode/DerivedData/Build/Intermediates.noindex/GeneratedModuleMaps-iphonesimulator/Promises-Swift.h /Users/hectorgarcia/Library/Developer/Xcode/DerivedData/Build/Intermediates.noindex/Promises.build/Debug-iphonesimulator/Promises.build/Objects-normal/x86_64/Promises-Swift.h (in target 'Promises' from project 'Promises')
    cd /Users/hectorgarcia/Library/Developer/Xcode/DerivedData/Lyo-eagkiegzrakogpczynhkaholsscs/SourcePackages/checkouts/promises
    builtin-swiftHeaderTool -arch x86_64 /Users/hectorgarcia/Library/Developer/Xcode/DerivedData/Build/Intermediates.noindex/Promises.build/Debug-iphonesimulator/Promises.build/Objects-normal/x86_64/Promises-Swift.h -o /Users/hectorgarcia/Library/Developer/Xcode/DerivedData/Build/Intermediates.noindex/GeneratedModuleMaps-iphonesimulator/Promises-Swift.h

Copy /Users/hectorgarcia/Library/Developer/Xcode/DerivedData/Build/Products/Debug-iphonesimulator/Promises.swiftmodule/x86_64-apple-ios-simulator.swiftmodule /Users/hectorgarcia/Library/Developer/Xcode/DerivedData/Build/Intermediates.noindex/Promises.build/Debug-iphonesimulator/Promises.build/Objects-normal/x86_64/Promises.swiftmodule (in target 'Promises' from project 'Promises')
    cd /Users/hectorgarcia/Library/Developer/Xcode/DerivedData/Lyo-eagkiegzrakogpczynhkaholsscs/SourcePackages/checkouts/promises
    builtin-copy -exclude .DS_Store -exclude CVS -exclude .svn -exclude .git -exclude .hg -resolve-src-symlinks -rename /Users/hectorgarcia/Library/Developer/Xcode/DerivedData/Build/Intermediates.noindex/Promises.build/Debug-iphonesimulator/Promises.build/Objects-normal/x86_64/Promises.swiftmodule /Users/hectorgarcia/Library/Developer/Xcode/DerivedData/Build/Products/Debug-iphonesimulator/Promises.swiftmodule/x86_64-apple-ios-simulator.swiftmodule

Copy /Users/hectorgarcia/Library/Developer/Xcode/DerivedData/Build/Products/Debug-iphonesimulator/Promises.swiftmodule/x86_64-apple-ios-simulator.swiftdoc /Users/hectorgarcia/Library/Developer/Xcode/DerivedData/Build/Intermediates.noindex/Promises.build/Debug-iphonesimulator/Promises.build/Objects-normal/x86_64/Promises.swiftdoc (in target 'Promises' from project 'Promises')
    cd /Users/hectorgarcia/Library/Developer/Xcode/DerivedData/Lyo-eagkiegzrakogpczynhkaholsscs/SourcePackages/checkouts/promises
    builtin-copy -exclude .DS_Store -exclude CVS -exclude .svn -exclude .git -exclude .hg -resolve-src-symlinks -rename /Users/hectorgarcia/Library/Developer/Xcode/DerivedData/Build/Intermediates.noindex/Promises.build/Debug-iphonesimulator/Promises.build/Objects-normal/x86_64/Promises.swiftdoc /Users/hectorgarcia/Library/Developer/Xcode/DerivedData/Build/Products/Debug-iphonesimulator/Promises.swiftmodule/x86_64-apple-ios-simulator.swiftdoc

Copy /Users/hectorgarcia/Library/Developer/Xcode/DerivedData/Build/Products/Debug-iphonesimulator/Promises.swiftmodule/x86_64-apple-ios-simulator.abi.json /Users/hectorgarcia/Library/Developer/Xcode/DerivedData/Build/Intermediates.noindex/Promises.build/Debug-iphonesimulator/Promises.build/Objects-normal/x86_64/Promises.abi.json (in target 'Promises' from project 'Promises')
    cd /Users/hectorgarcia/Library/Developer/Xcode/DerivedData/Lyo-eagkiegzrakogpczynhkaholsscs/SourcePackages/checkouts/promises
    builtin-copy -exclude .DS_Store -exclude CVS -exclude .svn -exclude .git -exclude .hg -resolve-src-symlinks -rename /Users/hectorgarcia/Library/Developer/Xcode/DerivedData/Build/Intermediates.noindex/Promises.build/Debug-iphonesimulator/Promises.build/Objects-normal/x86_64/Promises.abi.json /Users/hectorgarcia/Library/Developer/Xcode/DerivedData/Build/Products/Debug-iphonesimulator/Promises.swiftmodule/x86_64-apple-ios-simulator.abi.json

Copy /Users/hectorgarcia/Library/Developer/Xcode/DerivedData/Build/Products/Debug-iphonesimulator/Promises.swiftmodule/Project/x86_64-apple-ios-simulator.swiftsourceinfo /Users/hectorgarcia/Library/Developer/Xcode/DerivedData/Build/Intermediates.noindex/Promises.build/Debug-iphonesimulator/Promises.build/Objects-normal/x86_64/Promises.swiftsourceinfo (in target 'Promises' from project 'Promises')
    cd /Users/hectorgarcia/Library/Developer/Xcode/DerivedData/Lyo-eagkiegzrakogpczynhkaholsscs/SourcePackages/checkouts/promises
    builtin-copy -exclude .DS_Store -exclude CVS -exclude .svn -exclude .git -exclude .hg -resolve-src-symlinks -rename /Users/hectorgarcia/Library/Developer/Xcode/DerivedData/Build/Intermediates.noindex/Promises.build/Debug-iphonesimulator/Promises.build/Objects-normal/x86_64/Promises.swiftsourceinfo /Users/hectorgarcia/Library/Developer/Xcode/DerivedData/Build/Products/Debug-iphonesimulator/Promises.swiftmodule/Project/x86_64-apple-ios-simulator.swiftsourceinfo

SwiftDriverJobDiscovery normal x86_64 Compiling Promise+Race.swift, Promise+Recover.swift, Promise+Reduce.swift (in target 'Promises' from project 'Promises')

CompileC /Users/hectorgarcia/Library/Developer/Xcode/DerivedData/Build/Intermediates.noindex/GoogleUtilities.build/Debug-iphonesimulator/third-party-IsAppEncrypted.build/Objects-normal/x86_64/IsAppEncrypted.o /Users/hectorgarcia/Library/Developer/Xcode/DerivedData/Lyo-eagkiegzrakogpczynhkaholsscs/SourcePackages/checkouts/GoogleUtilities/third_party/IsAppEncrypted/IsAppEncrypted.m normal x86_64 objective-c com.apple.compilers.llvm.clang.1_0.compiler (in target 'third-party-IsAppEncrypted' from project 'GoogleUtilities')
    cd /Users/hectorgarcia/LYO_Da_ONE/Lyo.xcodeproj
    
    Using response file: /Users/hectorgarcia/Library/Developer/Xcode/DerivedData/Build/Intermediates.noindex/GoogleUtilities.build/Debug-iphonesimulator/third-party-IsAppEncrypted.build/Objects-normal/x86_64/e6072d4f65d7061329687fe24e3d63a7-common-args.resp
    
    /Users/hectorgarcia/Downloads/Xcode.app/Contents/Developer/Toolchains/XcodeDefault.xctoolchain/usr/bin/clang -x objective-c -ivfsstatcache /Users/hectorgarcia/Library/Developer/Xcode/DerivedData/SDKStatCaches.noindex/iphonesimulator26.2-23C53-823d3e8b6e60bc2018c189d3ca05ba9b.sdkstatcache -fmessage-length\=0 -fdiagnostics-show-note-include-stack -fmacro-backtrace-limit\=0 -fno-color-diagnostics -fmodules-prune-interval\=86400 -fmodules-prune-after\=345600 -fbuild-session-file\=/Users/hectorgarcia/Library/Developer/Xcode/DerivedData/ModuleCache.noindex/Session.modulevalidation -fmodules-validate-once-per-build-session -Wnon-modular-include-in-framework-module -Werror\=non-modular-include-in-framework-module -Wno-trigraphs -Wno-missing-field-initializers -Wno-missing-prototypes -Wno-return-type -Wno-implicit-atomic-properties -Wno-objc-interface-ivars -Wno-arc-repeated-use-of-weak -Wno-missing-braces -Wparentheses -Wswitch -Wno-unused-function -Wno-unused-label -Wno-unused-parameter -Wno-unused-variable -Wunused-value -Wno-empty-body -Wno-uninitialized -Wno-unknown-pragmas -w -Wno-shadow -Wno-four-char-constants -Wno-conversion -Wno-constant-conversion -Wno-int-conversion -Wno-bool-conversion -Wno-enum-conversion -Wno-float-conversion -Wno-non-literal-null-conversion -Wno-objc-literal-conversion -Wshorten-64-to-32 -Wpointer-sign -Wno-newline-eof -Wno-selector -Wno-strict-selector-match -Wno-undeclared-selector -Wno-deprecated-implementations -Wno-implicit-fallthrough -fstrict-aliasing -Wprotocol -Wdeprecated-declarations -Wno-sign-conversion -Wno-infinite-recursion -Wno-comma -Wno-block-capture-autoreleasing -Wno-strict-prototypes -Wno-semicolon-before-method-body -index-store-path /Users/hectorgarcia/Library/Developer/Xcode/DerivedData/Lyo-eagkiegzrakogpczynhkaholsscs/Index.noindex/DataStore @/Users/hectorgarcia/Library/Developer/Xcode/DerivedData/Build/Intermediates.noindex/GoogleUtilities.build/Debug-iphonesimulator/third-party-IsAppEncrypted.build/Objects-normal/x86_64/e6072d4f65d7061329687fe24e3d63a7-common-args.resp -MMD -MT dependencies -MF /Users/hectorgarcia/Library/Developer/Xcode/DerivedData/Build/Intermediates.noindex/GoogleUtilities.build/Debug-iphonesimulator/third-party-IsAppEncrypted.build/Objects-normal/x86_64/IsAppEncrypted.d --serialize-diagnostics /Users/hectorgarcia/Library/Developer/Xcode/DerivedData/Build/Intermediates.noindex/GoogleUtilities.build/Debug-iphonesimulator/third-party-IsAppEncrypted.build/Objects-normal/x86_64/IsAppEncrypted.dia -c /Users/hectorgarcia/Library/Developer/Xcode/DerivedData/Lyo-eagkiegzrakogpczynhkaholsscs/SourcePackages/checkouts/GoogleUtilities/third_party/IsAppEncrypted/IsAppEncrypted.m -o /Users/hectorgarcia/Library/Developer/Xcode/DerivedData/Build/Intermediates.noindex/GoogleUtilities.build/Debug-iphonesimulator/third-party-IsAppEncrypted.build/Objects-normal/x86_64/IsAppEncrypted.o -index-unit-output-path /GoogleUtilities.build/Debug-iphonesimulator/third-party-IsAppEncrypted.build/Objects-normal/x86_64/IsAppEncrypted.o

SwiftCompile normal x86_64 Compiling\ resource_bundle_accessor.swift,\ Promise+All.swift,\ Promise+Always.swift /Users/hectorgarcia/Library/Developer/Xcode/DerivedData/Build/Intermediates.noindex/Promises.build/Debug-iphonesimulator/Promises.build/DerivedSources/resource_bundle_accessor.swift /Users/hectorgarcia/Library/Developer/Xcode/DerivedData/Lyo-eagkiegzrakogpczynhkaholsscs/SourcePackages/checkouts/promises/Sources/Promises/Promise+All.swift /Users/hectorgarcia/Library/Developer/Xcode/DerivedData/Lyo-eagkiegzrakogpczynhkaholsscs/SourcePackages/checkouts/promises/Sources/Promises/Promise+Always.swift (in target 'Promises' from project 'Promises')
SwiftCompile normal x86_64 /Users/hectorgarcia/Library/Developer/Xcode/DerivedData/Build/Intermediates.noindex/Promises.build/Debug-iphonesimulator/Promises.build/DerivedSources/resource_bundle_accessor.swift (in target 'Promises' from project 'Promises')
    cd /Users/hectorgarcia/LYO_Da_ONE/Lyo.xcodeproj
    

SwiftCompile normal x86_64 /Users/hectorgarcia/Library/Developer/Xcode/DerivedData/Lyo-eagkiegzrakogpczynhkaholsscs/SourcePackages/checkouts/promises/Sources/Promises/Promise+All.swift (in target 'Promises' from project 'Promises')
    cd /Users/hectorgarcia/LYO_Da_ONE/Lyo.xcodeproj
    

SwiftCompile normal x86_64 /Users/hectorgarcia/Library/Developer/Xcode/DerivedData/Lyo-eagkiegzrakogpczynhkaholsscs/SourcePackages/checkouts/promises/Sources/Promises/Promise+Always.swift (in target 'Promises' from project 'Promises')
    cd /Users/hectorgarcia/LYO_Da_ONE/Lyo.xcodeproj
    

SwiftDriverJobDiscovery normal x86_64 Compiling Promise+Validate.swift, Promise+Wrap.swift (in target 'Promises' from project 'Promises')

SwiftCompile normal x86_64 Compiling\ Promise+Catch.swift,\ Promise+Delay.swift,\ Promise+Do.swift /Users/hectorgarcia/Library/Developer/Xcode/DerivedData/Lyo-eagkiegzrakogpczynhkaholsscs/SourcePackages/checkouts/promises/Sources/Promises/Promise+Catch.swift /Users/hectorgarcia/Library/Developer/Xcode/DerivedData/Lyo-eagkiegzrakogpczynhkaholsscs/SourcePackages/checkouts/promises/Sources/Promises/Promise+Delay.swift /Users/hectorgarcia/Library/Developer/Xcode/DerivedData/Lyo-eagkiegzrakogpczynhkaholsscs/SourcePackages/checkouts/promises/Sources/Promises/Promise+Do.swift (in target 'Promises' from project 'Promises')

SwiftCompile normal x86_64 /Users/hectorgarcia/Library/Developer/Xcode/DerivedData/Lyo-eagkiegzrakogpczynhkaholsscs/SourcePackages/checkouts/promises/Sources/Promises/Promise+Catch.swift (in target 'Promises' from project 'Promises')
    cd /Users/hectorgarcia/LYO_Da_ONE/Lyo.xcodeproj
    

SwiftCompile normal x86_64 /Users/hectorgarcia/Library/Developer/Xcode/DerivedData/Lyo-eagkiegzrakogpczynhkaholsscs/SourcePackages/checkouts/promises/Sources/Promises/Promise+Delay.swift (in target 'Promises' from project 'Promises')
    cd /Users/hectorgarcia/LYO_Da_ONE/Lyo.xcodeproj
    

SwiftCompile normal x86_64 /Users/hectorgarcia/Library/Developer/Xcode/DerivedData/Lyo-eagkiegzrakogpczynhkaholsscs/SourcePackages/checkouts/promises/Sources/Promises/Promise+Do.swift (in target 'Promises' from project 'Promises')
    cd /Users/hectorgarcia/LYO_Da_ONE/Lyo.xcodeproj
    

ScanDependencies /Users/hectorgarcia/Library/Developer/Xcode/DerivedData/Build/Intermediates.noindex/GoogleDataTransport.build/Debug-iphonesimulator/GoogleDataTransport.build/Objects-normal/x86_64/GDTCORStorageEventSelector.o /Users/hectorgarcia/Library/Developer/Xcode/DerivedData/Lyo-eagkiegzrakogpczynhkaholsscs/SourcePackages/checkouts/GoogleDataTransport/GoogleDataTransport/GDTCORLibrary/GDTCORStorageEventSelector.m normal x86_64 objective-c com.apple.compilers.llvm.clang.1_0.compiler (in target 'GoogleDataTransport' from project 'GoogleDataTransport')
    cd /Users/hectorgarcia/LYO_Da_ONE/Lyo.xcodeproj
    
    Using response file: /Users/hectorgarcia/Library/Developer/Xcode/DerivedData/Build/Intermediates.noindex/GoogleDataTransport.build/Debug-iphonesimulator/GoogleDataTransport.build/Objects-normal/x86_64/e6072d4f65d7061329687fe24e3d63a7-common-args.resp
    
    builtin-ScanDependencies -o /Users/hectorgarcia/Library/Developer/Xcode/DerivedData/Build/Intermediates.noindex/GoogleDataTransport.build/Debug-iphonesimulator/GoogleDataTransport.build/Objects-normal/x86_64/GDTCORStorageEventSelector.o.scan -- /Users/hectorgarcia/Downloads/Xcode.app/Contents/Developer/Toolchains/XcodeDefault.xctoolchain/usr/bin/clang -x objective-c -ivfsstatcache /Users/hectorgarcia/Library/Developer/Xcode/DerivedData/SDKStatCaches.noindex/iphonesimulator26.2-23C53-823d3e8b6e60bc2018c189d3ca05ba9b.sdkstatcache -fmessage-length\=0 -fdiagnostics-show-note-include-stack -fmacro-backtrace-limit\=0 -fno-color-diagnostics -fmodules-prune-interval\=86400 -fmodules-prune-after\=345600 -fbuild-session-file\=/Users/hectorgarcia/Library/Developer/Xcode/DerivedData/ModuleCache.noindex/Session.modulevalidation -fmodules-validate-once-per-build-session -Wnon-modular-include-in-framework-module -Werror\=non-modular-include-in-framework-module -Wno-trigraphs -Wno-missing-field-initializers -Wno-missing-prototypes -Wno-return-type -Wno-implicit-atomic-properties -Wno-objc-interface-ivars -Wno-arc-repeated-use-of-weak -Wno-missing-braces -Wparentheses -Wswitch -Wno-unused-function -Wno-unused-label -Wno-unused-parameter -Wno-unused-variable -Wunused-value -Wno-empty-body -Wno-uninitialized -Wno-unknown-pragmas -w -Wno-shadow -Wno-four-char-constants -Wno-conversion -Wno-constant-conversion -Wno-int-conversion -Wno-bool-conversion -Wno-enum-conversion -Wno-float-conversion -Wno-non-literal-null-conversion -Wno-objc-literal-conversion -Wshorten-64-to-32 -Wpointer-sign -Wno-newline-eof -Wno-selector -Wno-strict-selector-match -Wno-undeclared-selector -Wno-deprecated-implementations -Wno-implicit-fallthrough -fstrict-aliasing -Wprotocol -Wdeprecated-declarations -Wno-sign-conversion -Wno-infinite-recursion -Wno-comma -Wno-block-capture-autoreleasing -Wno-strict-prototypes -Wno-semicolon-before-method-body -index-store-path /Users/hectorgarcia/Library/Developer/Xcode/DerivedData/Lyo-eagkiegzrakogpczynhkaholsscs/Index.noindex/DataStore @/Users/hectorgarcia/Library/Developer/Xcode/DerivedData/Build/Intermediates.noindex/GoogleDataTransport.build/Debug-iphonesimulator/GoogleDataTransport.build/Objects-normal/x86_64/e6072d4f65d7061329687fe24e3d63a7-common-args.resp -include /Users/hectorgarcia/Library/Developer/Xcode/DerivedData/Build/Intermediates.noindex/GoogleDataTransport.build/Debug-iphonesimulator/GoogleDataTransport.build/DerivedSources/resource_bundle_accessor.h -MMD -MT dependencies -MF /Users/hectorgarcia/Library/Developer/Xcode/DerivedData/Build/Intermediates.noindex/GoogleDataTransport.build/Debug-iphonesimulator/GoogleDataTransport.build/Objects-normal/x86_64/GDTCORStorageEventSelector.d --serialize-diagnostics /Users/hectorgarcia/Library/Developer/Xcode/DerivedData/Build/Intermediates.noindex/GoogleDataTransport.build/Debug-iphonesimulator/GoogleDataTransport.build/Objects-normal/x86_64/GDTCORStorageEventSelector.dia -c /Users/hectorgarcia/Library/Developer/Xcode/DerivedData/Lyo-eagkiegzrakogpczynhkaholsscs/SourcePackages/checkouts/GoogleDataTransport/GoogleDataTransport/GDTCORLibrary/GDTCORStorageEventSelector.m -o /Users/hectorgarcia/Library/Developer/Xcode/DerivedData/Build/Intermediates.noindex/GoogleDataTransport.build/Debug-iphonesimulator/GoogleDataTransport.build/Objects-normal/x86_64/GDTCORStorageEventSelector.o -index-unit-output-path /GoogleDataTransport.build/Debug-iphonesimulator/GoogleDataTransport.build/Objects-normal/x86_64/GDTCORStorageEventSelector.o

Ld /Users/hectorgarcia/Library/Developer/Xcode/DerivedData/Build/Products/Debug-iphonesimulator/third-party-IsAppEncrypted.o normal (in target 'third-party-IsAppEncrypted' from project 'GoogleUtilities')
    cd /Users/hectorgarcia/Library/Developer/Xcode/DerivedData/Lyo-eagkiegzrakogpczynhkaholsscs/SourcePackages/checkouts/GoogleUtilities
    /Users/hectorgarcia/Downloads/Xcode.app/Contents/Developer/Toolchains/XcodeDefault.xctoolchain/usr/bin/clang -Xlinker -reproducible -target x86_64-apple-ios12.0-simulator -r -isysroot /Users/hectorgarcia/Downloads/Xcode.app/Contents/Developer/Platforms/iPhoneSimulator.platform/Developer/SDKs/iPhoneSimulator26.2.sdk -O0 -w -L/Users/hectorgarcia/Library/Developer/Xcode/DerivedData/Build/Intermediates.noindex/EagerLinkingTBDs/Debug-iphonesimulator -L/Users/hectorgarcia/Library/Developer/Xcode/DerivedData/Build/Products/Debug-iphonesimulator -L/Users/hectorgarcia/Downloads/Xcode.app/Contents/Developer/Platforms/iPhoneSimulator.platform/Developer/usr/lib -F/Users/hectorgarcia/Library/Developer/Xcode/DerivedData/Build/Intermediates.noindex/EagerLinkingTBDs/Debug-iphonesimulator -F/Users/hectorgarcia/Library/Developer/Xcode/DerivedData/Build/Products/Debug-iphonesimulator -iframework /Users/hectorgarcia/Downloads/Xcode.app/Contents/Developer/Platforms/iPhoneSimulator.platform/Developer/Library/Frameworks -iframework /Users/hectorgarcia/Downloads/Xcode.app/Contents/Developer/Platforms/iPhoneSimulator.platform/Developer/SDKs/iPhoneSimulator26.2.sdk/Developer/Library/Frameworks -filelist /Users/hectorgarcia/Library/Developer/Xcode/DerivedData/Build/Intermediates.noindex/GoogleUtilities.build/Debug-iphonesimulator/third-party-IsAppEncrypted.build/Objects-normal/x86_64/third-party-IsAppEncrypted.LinkFileList -nostdlib -Xlinker -object_path_lto -Xlinker /Users/hectorgarcia/Library/Developer/Xcode/DerivedData/Build/Intermediates.noindex/GoogleUtilities.build/Debug-iphonesimulator/third-party-IsAppEncrypted.build/Objects-normal/x86_64/third-party-IsAppEncrypted_lto.o -rdynamic -Xlinker -no_deduplicate -Xlinker -objc_abi_version -Xlinker 2 -Xlinker -dependency_info -Xlinker /Users/hectorgarcia/Library/Developer/Xcode/DerivedData/Build/Intermediates.noindex/GoogleUtilities.build/Debug-iphonesimulator/third-party-IsAppEncrypted.build/Objects-normal/x86_64/third-party-IsAppEncrypted_dependency_info.dat -fobjc-arc -fobjc-link-runtime -o /Users/hectorgarcia/Library/Developer/Xcode/DerivedData/Build/Products/Debug-iphonesimulator/third-party-IsAppEncrypted.o

PrecompileModule /Users/hectorgarcia/Library/Developer/Xcode/DerivedData/Build/Intermediates.noindex/ExplicitPrecompiledModules/XPC-3YRF1W5XJ6UYIXYG7PUZJJS4I.scan
    cd /
    builtin-precompileModule /Users/hectorgarcia/Library/Developer/Xcode/DerivedData/Build/Intermediates.noindex/ExplicitPrecompiledModules/XPC-3YRF1W5XJ6UYIXYG7PUZJJS4I.scan

PrecompileModule /Users/hectorgarcia/Library/Developer/Xcode/DerivedData/Build/Intermediates.noindex/ExplicitPrecompiledModules/CoreFoundation-56NMJTC8V1BXPUYX6OF6U4Y4Q.scan
    cd /
    builtin-precompileModule /Users/hectorgarcia/Library/Developer/Xcode/DerivedData/Build/Intermediates.noindex/ExplicitPrecompiledModules/CoreFoundation-56NMJTC8V1BXPUYX6OF6U4Y4Q.scan

PrecompileModule /Users/hectorgarcia/Library/Developer/Xcode/DerivedData/Build/Intermediates.noindex/ExplicitPrecompiledModules/CoreFoundation-6XFDEM5Y2YEY24KFSPNPDBIJI.scan
    cd /
    builtin-precompileModule /Users/hectorgarcia/Library/Developer/Xcode/DerivedData/Build/Intermediates.noindex/ExplicitPrecompiledModules/CoreFoundation-6XFDEM5Y2YEY24KFSPNPDBIJI.scan

PrecompileModule /Users/hectorgarcia/Library/Developer/Xcode/DerivedData/Build/Intermediates.noindex/ExplicitPrecompiledModules/XPC-4IISI3JOU5N6VWWLQ06ZBNMES.scan
    cd /
    builtin-precompileModule /Users/hectorgarcia/Library/Developer/Xcode/DerivedData/Build/Intermediates.noindex/ExplicitPrecompiledModules/XPC-4IISI3JOU5N6VWWLQ06ZBNMES.scan

ScanDependencies /Users/hectorgarcia/Library/Developer/Xcode/DerivedData/Build/Intermediates.noindex/GoogleDataTransport.build/Debug-iphonesimulator/GoogleDataTransport.build/Objects-normal/x86_64/GDTCORRegistrar.o /Users/hectorgarcia/Library/Developer/Xcode/DerivedData/Lyo-eagkiegzrakogpczynhkaholsscs/SourcePackages/checkouts/GoogleDataTransport/GoogleDataTransport/GDTCORLibrary/GDTCORRegistrar.m normal x86_64 objective-c com.apple.compilers.llvm.clang.1_0.compiler (in target 'GoogleDataTransport' from project 'GoogleDataTransport')
    cd /Users/hectorgarcia/LYO_Da_ONE/Lyo.xcodeproj
    
    Using response file: /Users/hectorgarcia/Library/Developer/Xcode/DerivedData/Build/Intermediates.noindex/GoogleDataTransport.build/Debug-iphonesimulator/GoogleDataTransport.build/Objects-normal/x86_64/e6072d4f65d7061329687fe24e3d63a7-common-args.resp
    
    builtin-ScanDependencies -o /Users/hectorgarcia/Library/Developer/Xcode/DerivedData/Build/Intermediates.noindex/GoogleDataTransport.build/Debug-iphonesimulator/GoogleDataTransport.build/Objects-normal/x86_64/GDTCORRegistrar.o.scan -- /Users/hectorgarcia/Downloads/Xcode.app/Contents/Developer/Toolchains/XcodeDefault.xctoolchain/usr/bin/clang -x objective-c -ivfsstatcache /Users/hectorgarcia/Library/Developer/Xcode/DerivedData/SDKStatCaches.noindex/iphonesimulator26.2-23C53-823d3e8b6e60bc2018c189d3ca05ba9b.sdkstatcache -fmessage-length\=0 -fdiagnostics-show-note-include-stack -fmacro-backtrace-limit\=0 -fno-color-diagnostics -fmodules-prune-interval\=86400 -fmodules-prune-after\=345600 -fbuild-session-file\=/Users/hectorgarcia/Library/Developer/Xcode/DerivedData/ModuleCache.noindex/Session.modulevalidation -fmodules-validate-once-per-build-session -Wnon-modular-include-in-framework-module -Werror\=non-modular-include-in-framework-module -Wno-trigraphs -Wno-missing-field-initializers -Wno-missing-prototypes -Wno-return-type -Wno-implicit-atomic-properties -Wno-objc-interface-ivars -Wno-arc-repeated-use-of-weak -Wno-missing-braces -Wparentheses -Wswitch -Wno-unused-function -Wno-unused-label -Wno-unused-parameter -Wno-unused-variable -Wunused-value -Wno-empty-body -Wno-uninitialized -Wno-unknown-pragmas -w -Wno-shadow -Wno-four-char-constants -Wno-conversion -Wno-constant-conversion -Wno-int-conversion -Wno-bool-conversion -Wno-enum-conversion -Wno-float-conversion -Wno-non-literal-null-conversion -Wno-objc-literal-conversion -Wshorten-64-to-32 -Wpointer-sign -Wno-newline-eof -Wno-selector -Wno-strict-selector-match -Wno-undeclared-selector -Wno-deprecated-implementations -Wno-implicit-fallthrough -fstrict-aliasing -Wprotocol -Wdeprecated-declarations -Wno-sign-conversion -Wno-infinite-recursion -Wno-comma -Wno-block-capture-autoreleasing -Wno-strict-prototypes -Wno-semicolon-before-method-body -index-store-path /Users/hectorgarcia/Library/Developer/Xcode/DerivedData/Lyo-eagkiegzrakogpczynhkaholsscs/Index.noindex/DataStore @/Users/hectorgarcia/Library/Developer/Xcode/DerivedData/Build/Intermediates.noindex/GoogleDataTransport.build/Debug-iphonesimulator/GoogleDataTransport.build/Objects-normal/x86_64/e6072d4f65d7061329687fe24e3d63a7-common-args.resp -include /Users/hectorgarcia/Library/Developer/Xcode/DerivedData/Build/Intermediates.noindex/GoogleDataTransport.build/Debug-iphonesimulator/GoogleDataTransport.build/DerivedSources/resource_bundle_accessor.h -MMD -MT dependencies -MF /Users/hectorgarcia/Library/Developer/Xcode/DerivedData/Build/Intermediates.noindex/GoogleDataTransport.build/Debug-iphonesimulator/GoogleDataTransport.build/Objects-normal/x86_64/GDTCORRegistrar.d --serialize-diagnostics /Users/hectorgarcia/Library/Developer/Xcode/DerivedData/Build/Intermediates.noindex/GoogleDataTransport.build/Debug-iphonesimulator/GoogleDataTransport.build/Objects-normal/x86_64/GDTCORRegistrar.dia -c /Users/hectorgarcia/Library/Developer/Xcode/DerivedData/Lyo-eagkiegzrakogpczynhkaholsscs/SourcePackages/checkouts/GoogleDataTransport/GoogleDataTransport/GDTCORLibrary/GDTCORRegistrar.m -o /Users/hectorgarcia/Library/Developer/Xcode/DerivedData/Build/Intermediates.noindex/GoogleDataTransport.build/Debug-iphonesimulator/GoogleDataTransport.build/Objects-normal/x86_64/GDTCORRegistrar.o -index-unit-output-path /GoogleDataTransport.build/Debug-iphonesimulator/GoogleDataTransport.build/Objects-normal/x86_64/GDTCORRegistrar.o

ScanDependencies /Users/hectorgarcia/Library/Developer/Xcode/DerivedData/Build/Intermediates.noindex/GoogleDataTransport.build/Debug-iphonesimulator/GoogleDataTransport.build/Objects-normal/x86_64/GDTCORReachability.o /Users/hectorgarcia/Library/Developer/Xcode/DerivedData/Lyo-eagkiegzrakogpczynhkaholsscs/SourcePackages/checkouts/GoogleDataTransport/GoogleDataTransport/GDTCORLibrary/GDTCORReachability.m normal x86_64 objective-c com.apple.compilers.llvm.clang.1_0.compiler (in target 'GoogleDataTransport' from project 'GoogleDataTransport')
    cd /Users/hectorgarcia/LYO_Da_ONE/Lyo.xcodeproj
    
    Using response file: /Users/hectorgarcia/Library/Developer/Xcode/DerivedData/Build/Intermediates.noindex/GoogleDataTransport.build/Debug-iphonesimulator/GoogleDataTransport.build/Objects-normal/x86_64/e6072d4f65d7061329687fe24e3d63a7-common-args.resp
    
    builtin-ScanDependencies -o /Users/hectorgarcia/Library/Developer/Xcode/DerivedData/Build/Intermediates.noindex/GoogleDataTransport.build/Debug-iphonesimulator/GoogleDataTransport.build/Objects-normal/x86_64/GDTCORReachability.o.scan -- /Users/hectorgarcia/Downloads/Xcode.app/Contents/Developer/Toolchains/XcodeDefault.xctoolchain/usr/bin/clang -x objective-c -ivfsstatcache /Users/hectorgarcia/Library/Developer/Xcode/DerivedData/SDKStatCaches.noindex/iphonesimulator26.2-23C53-823d3e8b6e60bc2018c189d3ca05ba9b.sdkstatcache -fmessage-length\=0 -fdiagnostics-show-note-include-stack -fmacro-backtrace-limit\=0 -fno-color-diagnostics -fmodules-prune-interval\=86400 -fmodules-prune-after\=345600 -fbuild-session-file\=/Users/hectorgarcia/Library/Developer/Xcode/DerivedData/ModuleCache.noindex/Session.modulevalidation -fmodules-validate-once-per-build-session -Wnon-modular-include-in-framework-module -Werror\=non-modular-include-in-framework-module -Wno-trigraphs -Wno-missing-field-initializers -Wno-missing-prototypes -Wno-return-type -Wno-implicit-atomic-properties -Wno-objc-interface-ivars -Wno-arc-repeated-use-of-weak -Wno-missing-braces -Wparentheses -Wswitch -Wno-unused-function -Wno-unused-label -Wno-unused-parameter -Wno-unused-variable -Wunused-value -Wno-empty-body -Wno-uninitialized -Wno-unknown-pragmas -w -Wno-shadow -Wno-four-char-constants -Wno-conversion -Wno-constant-conversion -Wno-int-conversion -Wno-bool-conversion -Wno-enum-conversion -Wno-float-conversion -Wno-non-literal-null-conversion -Wno-objc-literal-conversion -Wshorten-64-to-32 -Wpointer-sign -Wno-newline-eof -Wno-selector -Wno-strict-selector-match -Wno-undeclared-selector -Wno-deprecated-implementations -Wno-implicit-fallthrough -fstrict-aliasing -Wprotocol -Wdeprecated-declarations -Wno-sign-conversion -Wno-infinite-recursion -Wno-comma -Wno-block-capture-autoreleasing -Wno-strict-prototypes -Wno-semicolon-before-method-body -index-store-path /Users/hectorgarcia/Library/Developer/Xcode/DerivedData/Lyo-eagkiegzrakogpczynhkaholsscs/Index.noindex/DataStore @/Users/hectorgarcia/Library/Developer/Xcode/DerivedData/Build/Intermediates.noindex/GoogleDataTransport.build/Debug-iphonesimulator/GoogleDataTransport.build/Objects-normal/x86_64/e6072d4f65d7061329687fe24e3d63a7-common-args.resp -include /Users/hectorgarcia/Library/Developer/Xcode/DerivedData/Build/Intermediates.noindex/GoogleDataTransport.build/Debug-iphonesimulator/GoogleDataTransport.build/DerivedSources/resource_bundle_accessor.h -MMD -MT dependencies -MF /Users/hectorgarcia/Library/Developer/Xcode/DerivedData/Build/Intermediates.noindex/GoogleDataTransport.build/Debug-iphonesimulator/GoogleDataTransport.build/Objects-normal/x86_64/GDTCORReachability.d --serialize-diagnostics /Users/hectorgarcia/Library/Developer/Xcode/DerivedData/Build/Intermediates.noindex/GoogleDataTransport.build/Debug-iphonesimulator/GoogleDataTransport.build/Objects-normal/x86_64/GDTCORReachability.dia -c /Users/hectorgarcia/Library/Developer/Xcode/DerivedData/Lyo-eagkiegzrakogpczynhkaholsscs/SourcePackages/checkouts/GoogleDataTransport/GoogleDataTransport/GDTCORLibrary/GDTCORReachability.m -o /Users/hectorgarcia/Library/Developer/Xcode/DerivedData/Build/Intermediates.noindex/GoogleDataTransport.build/Debug-iphonesimulator/GoogleDataTransport.build/Objects-normal/x86_64/GDTCORReachability.o -index-unit-output-path /GoogleDataTransport.build/Debug-iphonesimulator/GoogleDataTransport.build/Objects-normal/x86_64/GDTCORReachability.o

ScanDependencies /Users/hectorgarcia/Library/Developer/Xcode/DerivedData/Build/Intermediates.noindex/GoogleDataTransport.build/Debug-iphonesimulator/GoogleDataTransport.build/Objects-normal/x86_64/GDTCORProductData.o /Users/hectorgarcia/Library/Developer/Xcode/DerivedData/Lyo-eagkiegzrakogpczynhkaholsscs/SourcePackages/checkouts/GoogleDataTransport/GoogleDataTransport/GDTCORLibrary/GDTCORProductData.m normal x86_64 objective-c com.apple.compilers.llvm.clang.1_0.compiler (in target 'GoogleDataTransport' from project 'GoogleDataTransport')
    cd /Users/hectorgarcia/LYO_Da_ONE/Lyo.xcodeproj
    
    Using response file: /Users/hectorgarcia/Library/Developer/Xcode/DerivedData/Build/Intermediates.noindex/GoogleDataTransport.build/Debug-iphonesimulator/GoogleDataTransport.build/Objects-normal/x86_64/e6072d4f65d7061329687fe24e3d63a7-common-args.resp
    
    builtin-ScanDependencies -o /Users/hectorgarcia/Library/Developer/Xcode/DerivedData/Build/Intermediates.noindex/GoogleDataTransport.build/Debug-iphonesimulator/GoogleDataTransport.build/Objects-normal/x86_64/GDTCORProductData.o.scan -- /Users/hectorgarcia/Downloads/Xcode.app/Contents/Developer/Toolchains/XcodeDefault.xctoolchain/usr/bin/clang -x objective-c -ivfsstatcache /Users/hectorgarcia/Library/Developer/Xcode/DerivedData/SDKStatCaches.noindex/iphonesimulator26.2-23C53-823d3e8b6e60bc2018c189d3ca05ba9b.sdkstatcache -fmessage-length\=0 -fdiagnostics-show-note-include-stack -fmacro-backtrace-limit\=0 -fno-color-diagnostics -fmodules-prune-interval\=86400 -fmodules-prune-after\=345600 -fbuild-session-file\=/Users/hectorgarcia/Library/Developer/Xcode/DerivedData/ModuleCache.noindex/Session.modulevalidation -fmodules-validate-once-per-build-session -Wnon-modular-include-in-framework-module -Werror\=non-modular-include-in-framework-module -Wno-trigraphs -Wno-missing-field-initializers -Wno-missing-prototypes -Wno-return-type -Wno-implicit-atomic-properties -Wno-objc-interface-ivars -Wno-arc-repeated-use-of-weak -Wno-missing-braces -Wparentheses -Wswitch -Wno-unused-function -Wno-unused-label -Wno-unused-parameter -Wno-unused-variable -Wunused-value -Wno-empty-body -Wno-uninitialized -Wno-unknown-pragmas -w -Wno-shadow -Wno-four-char-constants -Wno-conversion -Wno-constant-conversion -Wno-int-conversion -Wno-bool-conversion -Wno-enum-conversion -Wno-float-conversion -Wno-non-literal-null-conversion -Wno-objc-literal-conversion -Wshorten-64-to-32 -Wpointer-sign -Wno-newline-eof -Wno-selector -Wno-strict-selector-match -Wno-undeclared-selector -Wno-deprecated-implementations -Wno-implicit-fallthrough -fstrict-aliasing -Wprotocol -Wdeprecated-declarations -Wno-sign-conversion -Wno-infinite-recursion -Wno-comma -Wno-block-capture-autoreleasing -Wno-strict-prototypes -Wno-semicolon-before-method-body -index-store-path /Users/hectorgarcia/Library/Developer/Xcode/DerivedData/Lyo-eagkiegzrakogpczynhkaholsscs/Index.noindex/DataStore @/Users/hectorgarcia/Library/Developer/Xcode/DerivedData/Build/Intermediates.noindex/GoogleDataTransport.build/Debug-iphonesimulator/GoogleDataTransport.build/Objects-normal/x86_64/e6072d4f65d7061329687fe24e3d63a7-common-args.resp -include /Users/hectorgarcia/Library/Developer/Xcode/DerivedData/Build/Intermediates.noindex/GoogleDataTransport.build/Debug-iphonesimulator/GoogleDataTransport.build/DerivedSources/resource_bundle_accessor.h -MMD -MT dependencies -MF /Users/hectorgarcia/Library/Developer/Xcode/DerivedData/Build/Intermediates.noindex/GoogleDataTransport.build/Debug-iphonesimulator/GoogleDataTransport.build/Objects-normal/x86_64/GDTCORProductData.d --serialize-diagnostics /Users/hectorgarcia/Library/Developer/Xcode/DerivedData/Build/Intermediates.noindex/GoogleDataTransport.build/Debug-iphonesimulator/GoogleDataTransport.build/Objects-normal/x86_64/GDTCORProductData.dia -c /Users/hectorgarcia/Library/Developer/Xcode/DerivedData/Lyo-eagkiegzrakogpczynhkaholsscs/SourcePackages/checkouts/GoogleDataTransport/GoogleDataTransport/GDTCORLibrary/GDTCORProductData.m -o /Users/hectorgarcia/Library/Developer/Xcode/DerivedData/Build/Intermediates.noindex/GoogleDataTransport.build/Debug-iphonesimulator/GoogleDataTransport.build/Objects-normal/x86_64/GDTCORProductData.o -index-unit-output-path /GoogleDataTransport.build/Debug-iphonesimulator/GoogleDataTransport.build/Objects-normal/x86_64/GDTCORProductData.o

PrecompileModule /Users/hectorgarcia/Library/Developer/Xcode/DerivedData/Build/Intermediates.noindex/ExplicitPrecompiledModules/CFNetwork-6W1RGNN71BY3H8QVDM0VO2KIO.scan
    cd /
    builtin-precompileModule /Users/hectorgarcia/Library/Developer/Xcode/DerivedData/Build/Intermediates.noindex/ExplicitPrecompiledModules/CFNetwork-6W1RGNN71BY3H8QVDM0VO2KIO.scan

PrecompileModule /Users/hectorgarcia/Library/Developer/Xcode/DerivedData/Build/Intermediates.noindex/ExplicitPrecompiledModules/Security-90JFNF1EN1QAXV3IUB4OYSXRW.scan
    cd /
    builtin-precompileModule /Users/hectorgarcia/Library/Developer/Xcode/DerivedData/Build/Intermediates.noindex/ExplicitPrecompiledModules/Security-90JFNF1EN1QAXV3IUB4OYSXRW.scan

PrecompileModule /Users/hectorgarcia/Library/Developer/Xcode/DerivedData/Build/Intermediates.noindex/ExplicitPrecompiledModules/CoreGraphics-1UWFW32JFI0YE0PHKRHUER2RH.scan
    cd /
    builtin-precompileModule /Users/hectorgarcia/Library/Developer/Xcode/DerivedData/Build/Intermediates.noindex/ExplicitPrecompiledModules/CoreGraphics-1UWFW32JFI0YE0PHKRHUER2RH.scan

PrecompileModule /Users/hectorgarcia/Library/Developer/Xcode/DerivedData/Build/Intermediates.noindex/ExplicitPrecompiledModules/Security-8KBPV3QWDWTFDYWDQ3BBG1A6W.scan
    cd /
    builtin-precompileModule /Users/hectorgarcia/Library/Developer/Xcode/DerivedData/Build/Intermediates.noindex/ExplicitPrecompiledModules/Security-8KBPV3QWDWTFDYWDQ3BBG1A6W.scan

PrecompileModule /Users/hectorgarcia/Library/Developer/Xcode/DerivedData/Build/Intermediates.noindex/ExplicitPrecompiledModules/CFNetwork-6QCHQOPD3L150RLYR7IYJ31QL.scan
    cd /
    builtin-precompileModule /Users/hectorgarcia/Library/Developer/Xcode/DerivedData/Build/Intermediates.noindex/ExplicitPrecompiledModules/CFNetwork-6QCHQOPD3L150RLYR7IYJ31QL.scan

SwiftDriverJobDiscovery normal x86_64 Compiling Promise+Catch.swift, Promise+Delay.swift, Promise+Do.swift (in target 'Promises' from project 'Promises')

PrecompileModule /Users/hectorgarcia/Library/Developer/Xcode/DerivedData/Build/Intermediates.noindex/ExplicitPrecompiledModules/SystemConfiguration-BPN0AZ10IJPEOEBBZOL4E42N5.scan
    cd /
    builtin-precompileModule /Users/hectorgarcia/Library/Developer/Xcode/DerivedData/Build/Intermediates.noindex/ExplicitPrecompiledModules/SystemConfiguration-BPN0AZ10IJPEOEBBZOL4E42N5.scan

PrecompileModule /Users/hectorgarcia/Library/Developer/Xcode/DerivedData/Build/Intermediates.noindex/ExplicitPrecompiledModules/Foundation-EURR1HMLUZYVY1DQ78J1KXNBF.scan
    cd /
    builtin-precompileModule /Users/hectorgarcia/Library/Developer/Xcode/DerivedData/Build/Intermediates.noindex/ExplicitPrecompiledModules/Foundation-EURR1HMLUZYVY1DQ78J1KXNBF.scan

ScanDependencies /Users/hectorgarcia/Library/Developer/Xcode/DerivedData/Build/Intermediates.noindex/GoogleDataTransport.build/Debug-iphonesimulator/GoogleDataTransport.build/Objects-normal/x86_64/GDTCORPlatform.o /Users/hectorgarcia/Library/Developer/Xcode/DerivedData/Lyo-eagkiegzrakogpczynhkaholsscs/SourcePackages/checkouts/GoogleDataTransport/GoogleDataTransport/GDTCORLibrary/GDTCORPlatform.m normal x86_64 objective-c com.apple.compilers.llvm.clang.1_0.compiler (in target 'GoogleDataTransport' from project 'GoogleDataTransport')
    cd /Users/hectorgarcia/LYO_Da_ONE/Lyo.xcodeproj
    
    Using response file: /Users/hectorgarcia/Library/Developer/Xcode/DerivedData/Build/Intermediates.noindex/GoogleDataTransport.build/Debug-iphonesimulator/GoogleDataTransport.build/Objects-normal/x86_64/e6072d4f65d7061329687fe24e3d63a7-common-args.resp
    
    builtin-ScanDependencies -o /Users/hectorgarcia/Library/Developer/Xcode/DerivedData/Build/Intermediates.noindex/GoogleDataTransport.build/Debug-iphonesimulator/GoogleDataTransport.build/Objects-normal/x86_64/GDTCORPlatform.o.scan -- /Users/hectorgarcia/Downloads/Xcode.app/Contents/Developer/Toolchains/XcodeDefault.xctoolchain/usr/bin/clang -x objective-c -ivfsstatcache /Users/hectorgarcia/Library/Developer/Xcode/DerivedData/SDKStatCaches.noindex/iphonesimulator26.2-23C53-823d3e8b6e60bc2018c189d3ca05ba9b.sdkstatcache -fmessage-length\=0 -fdiagnostics-show-note-include-stack -fmacro-backtrace-limit\=0 -fno-color-diagnostics -fmodules-prune-interval\=86400 -fmodules-prune-after\=345600 -fbuild-session-file\=/Users/hectorgarcia/Library/Developer/Xcode/DerivedData/ModuleCache.noindex/Session.modulevalidation -fmodules-validate-once-per-build-session -Wnon-modular-include-in-framework-module -Werror\=non-modular-include-in-framework-module -Wno-trigraphs -Wno-missing-field-initializers -Wno-missing-prototypes -Wno-return-type -Wno-implicit-atomic-properties -Wno-objc-interface-ivars -Wno-arc-repeated-use-of-weak -Wno-missing-braces -Wparentheses -Wswitch -Wno-unused-function -Wno-unused-label -Wno-unused-parameter -Wno-unused-variable -Wunused-value -Wno-empty-body -Wno-uninitialized -Wno-unknown-pragmas -w -Wno-shadow -Wno-four-char-constants -Wno-conversion -Wno-constant-conversion -Wno-int-conversion -Wno-bool-conversion -Wno-enum-conversion -Wno-float-conversion -Wno-non-literal-null-conversion -Wno-objc-literal-conversion -Wshorten-64-to-32 -Wpointer-sign -Wno-newline-eof -Wno-selector -Wno-strict-selector-match -Wno-undeclared-selector -Wno-deprecated-implementations -Wno-implicit-fallthrough -fstrict-aliasing -Wprotocol -Wdeprecated-declarations -Wno-sign-conversion -Wno-infinite-recursion -Wno-comma -Wno-block-capture-autoreleasing -Wno-strict-prototypes -Wno-semicolon-before-method-body -index-store-path /Users/hectorgarcia/Library/Developer/Xcode/DerivedData/Lyo-eagkiegzrakogpczynhkaholsscs/Index.noindex/DataStore @/Users/hectorgarcia/Library/Developer/Xcode/DerivedData/Build/Intermediates.noindex/GoogleDataTransport.build/Debug-iphonesimulator/GoogleDataTransport.build/Objects-normal/x86_64/e6072d4f65d7061329687fe24e3d63a7-common-args.resp -include /Users/hectorgarcia/Library/Developer/Xcode/DerivedData/Build/Intermediates.noindex/GoogleDataTransport.build/Debug-iphonesimulator/GoogleDataTransport.build/DerivedSources/resource_bundle_accessor.h -MMD -MT dependencies -MF /Users/hectorgarcia/Library/Developer/Xcode/DerivedData/Build/Intermediates.noindex/GoogleDataTransport.build/Debug-iphonesimulator/GoogleDataTransport.build/Objects-normal/x86_64/GDTCORPlatform.d --serialize-diagnostics /Users/hectorgarcia/Library/Developer/Xcode/DerivedData/Build/Intermediates.noindex/GoogleDataTransport.build/Debug-iphonesimulator/GoogleDataTransport.build/Objects-normal/x86_64/GDTCORPlatform.dia -c /Users/hectorgarcia/Library/Developer/Xcode/DerivedData/Lyo-eagkiegzrakogpczynhkaholsscs/SourcePackages/checkouts/GoogleDataTransport/GoogleDataTransport/GDTCORLibrary/GDTCORPlatform.m -o /Users/hectorgarcia/Library/Developer/Xcode/DerivedData/Build/Intermediates.noindex/GoogleDataTransport.build/Debug-iphonesimulator/GoogleDataTransport.build/Objects-normal/x86_64/GDTCORPlatform.o -index-unit-output-path /GoogleDataTransport.build/Debug-iphonesimulator/GoogleDataTransport.build/Objects-normal/x86_64/GDTCORPlatform.o

PrecompileModule /Users/hectorgarcia/Library/Developer/Xcode/DerivedData/Build/Intermediates.noindex/ExplicitPrecompiledModules/CoreText-AV2KHAH9QWLYVX45FF166YSSV.scan
    cd /
    builtin-precompileModule /Users/hectorgarcia/Library/Developer/Xcode/DerivedData/Build/Intermediates.noindex/ExplicitPrecompiledModules/CoreText-AV2KHAH9QWLYVX45FF166YSSV.scan

PrecompileModule /Users/hectorgarcia/Library/Developer/Xcode/DerivedData/Build/Intermediates.noindex/ExplicitPrecompiledModules/Foundation-CE9GLIIAZCKOJ2JT5S07OZTOP.scan
    cd /
    builtin-precompileModule /Users/hectorgarcia/Library/Developer/Xcode/DerivedData/Build/Intermediates.noindex/ExplicitPrecompiledModules/Foundation-CE9GLIIAZCKOJ2JT5S07OZTOP.scan

PrecompileModule /Users/hectorgarcia/Library/Developer/Xcode/DerivedData/Build/Intermediates.noindex/ExplicitPrecompiledModules/ImageIO-1VR28YJ4A5M57Q882BW3VO2NP.scan
    cd /
    builtin-precompileModule /Users/hectorgarcia/Library/Developer/Xcode/DerivedData/Build/Intermediates.noindex/ExplicitPrecompiledModules/ImageIO-1VR28YJ4A5M57Q882BW3VO2NP.scan

PrecompileModule /Users/hectorgarcia/Library/Developer/Xcode/DerivedData/Build/Intermediates.noindex/ExplicitPrecompiledModules/ObjectiveC-6U97OBDNKLBJWJSJFZCVGD018.scan
    cd /
    builtin-precompileModule /Users/hectorgarcia/Library/Developer/Xcode/DerivedData/Build/Intermediates.noindex/ExplicitPrecompiledModules/ObjectiveC-6U97OBDNKLBJWJSJFZCVGD018.scan

ScanDependencies /Users/hectorgarcia/Library/Developer/Xcode/DerivedData/Build/Intermediates.noindex/GoogleDataTransport.build/Debug-iphonesimulator/GoogleDataTransport.build/Objects-normal/x86_64/GDTCORMetricsMetadata.o /Users/hectorgarcia/Library/Developer/Xcode/DerivedData/Lyo-eagkiegzrakogpczynhkaholsscs/SourcePackages/checkouts/GoogleDataTransport/GoogleDataTransport/GDTCORLibrary/GDTCORMetricsMetadata.m normal x86_64 objective-c com.apple.compilers.llvm.clang.1_0.compiler (in target 'GoogleDataTransport' from project 'GoogleDataTransport')
    cd /Users/hectorgarcia/LYO_Da_ONE/Lyo.xcodeproj
    
    Using response file: /Users/hectorgarcia/Library/Developer/Xcode/DerivedData/Build/Intermediates.noindex/GoogleDataTransport.build/Debug-iphonesimulator/GoogleDataTransport.build/Objects-normal/x86_64/e6072d4f65d7061329687fe24e3d63a7-common-args.resp
    
    builtin-ScanDependencies -o /Users/hectorgarcia/Library/Developer/Xcode/DerivedData/Build/Intermediates.noindex/GoogleDataTransport.build/Debug-iphonesimulator/GoogleDataTransport.build/Objects-normal/x86_64/GDTCORMetricsMetadata.o.scan -- /Users/hectorgarcia/Downloads/Xcode.app/Contents/Developer/Toolchains/XcodeDefault.xctoolchain/usr/bin/clang -x objective-c -ivfsstatcache /Users/hectorgarcia/Library/Developer/Xcode/DerivedData/SDKStatCaches.noindex/iphonesimulator26.2-23C53-823d3e8b6e60bc2018c189d3ca05ba9b.sdkstatcache -fmessage-length\=0 -fdiagnostics-show-note-include-stack -fmacro-backtrace-limit\=0 -fno-color-diagnostics -fmodules-prune-interval\=86400 -fmodules-prune-after\=345600 -fbuild-session-file\=/Users/hectorgarcia/Library/Developer/Xcode/DerivedData/ModuleCache.noindex/Session.modulevalidation -fmodules-validate-once-per-build-session -Wnon-modular-include-in-framework-module -Werror\=non-modular-include-in-framework-module -Wno-trigraphs -Wno-missing-field-initializers -Wno-missing-prototypes -Wno-return-type -Wno-implicit-atomic-properties -Wno-objc-interface-ivars -Wno-arc-repeated-use-of-weak -Wno-missing-braces -Wparentheses -Wswitch -Wno-unused-function -Wno-unused-label -Wno-unused-parameter -Wno-unused-variable -Wunused-value -Wno-empty-body -Wno-uninitialized -Wno-unknown-pragmas -w -Wno-shadow -Wno-four-char-constants -Wno-conversion -Wno-constant-conversion -Wno-int-conversion -Wno-bool-conversion -Wno-enum-conversion -Wno-float-conversion -Wno-non-literal-null-conversion -Wno-objc-literal-conversion -Wshorten-64-to-32 -Wpointer-sign -Wno-newline-eof -Wno-selector -Wno-strict-selector-match -Wno-undeclared-selector -Wno-deprecated-implementations -Wno-implicit-fallthrough -fstrict-aliasing -Wprotocol -Wdeprecated-declarations -Wno-sign-conversion -Wno-infinite-recursion -Wno-comma -Wno-block-capture-autoreleasing -Wno-strict-prototypes -Wno-semicolon-before-method-body -index-store-path /Users/hectorgarcia/Library/Developer/Xcode/DerivedData/Lyo-eagkiegzrakogpczynhkaholsscs/Index.noindex/DataStore @/Users/hectorgarcia/Library/Developer/Xcode/DerivedData/Build/Intermediates.noindex/GoogleDataTransport.build/Debug-iphonesimulator/GoogleDataTransport.build/Objects-normal/x86_64/e6072d4f65d7061329687fe24e3d63a7-common-args.resp -include /Users/hectorgarcia/Library/Developer/Xcode/DerivedData/Build/Intermediates.noindex/GoogleDataTransport.build/Debug-iphonesimulator/GoogleDataTransport.build/DerivedSources/resource_bundle_accessor.h -MMD -MT dependencies -MF /Users/hectorgarcia/Library/Developer/Xcode/DerivedData/Build/Intermediates.noindex/GoogleDataTransport.build/Debug-iphonesimulator/GoogleDataTransport.build/Objects-normal/x86_64/GDTCORMetricsMetadata.d --serialize-diagnostics /Users/hectorgarcia/Library/Developer/Xcode/DerivedData/Build/Intermediates.noindex/GoogleDataTransport.build/Debug-iphonesimulator/GoogleDataTransport.build/Objects-normal/x86_64/GDTCORMetricsMetadata.dia -c /Users/hectorgarcia/Library/Developer/Xcode/DerivedData/Lyo-eagkiegzrakogpczynhkaholsscs/SourcePackages/checkouts/GoogleDataTransport/GoogleDataTransport/GDTCORLibrary/GDTCORMetricsMetadata.m -o /Users/hectorgarcia/Library/Developer/Xcode/DerivedData/Build/Intermediates.noindex/GoogleDataTransport.build/Debug-iphonesimulator/GoogleDataTransport.build/Objects-normal/x86_64/GDTCORMetricsMetadata.o -index-unit-output-path /GoogleDataTransport.build/Debug-iphonesimulator/GoogleDataTransport.build/Objects-normal/x86_64/GDTCORMetricsMetadata.o

SwiftDriverJobDiscovery normal x86_64 Compiling Promise.swift, PromiseError.swift (in target 'Promises' from project 'Promises')

ScanDependencies /Users/hectorgarcia/Library/Developer/Xcode/DerivedData/Build/Intermediates.noindex/GoogleDataTransport.build/Debug-iphonesimulator/GoogleDataTransport.build/Objects-normal/x86_64/GDTCORMetricsController.o /Users/hectorgarcia/Library/Developer/Xcode/DerivedData/Lyo-eagkiegzrakogpczynhkaholsscs/SourcePackages/checkouts/GoogleDataTransport/GoogleDataTransport/GDTCORLibrary/GDTCORMetricsController.m normal x86_64 objective-c com.apple.compilers.llvm.clang.1_0.compiler (in target 'GoogleDataTransport' from project 'GoogleDataTransport')
    cd /Users/hectorgarcia/LYO_Da_ONE/Lyo.xcodeproj
    
    Using response file: /Users/hectorgarcia/Library/Developer/Xcode/DerivedData/Build/Intermediates.noindex/GoogleDataTransport.build/Debug-iphonesimulator/GoogleDataTransport.build/Objects-normal/x86_64/e6072d4f65d7061329687fe24e3d63a7-common-args.resp
    
    builtin-ScanDependencies -o /Users/hectorgarcia/Library/Developer/Xcode/DerivedData/Build/Intermediates.noindex/GoogleDataTransport.build/Debug-iphonesimulator/GoogleDataTransport.build/Objects-normal/x86_64/GDTCORMetricsController.o.scan -- /Users/hectorgarcia/Downloads/Xcode.app/Contents/Developer/Toolchains/XcodeDefault.xctoolchain/usr/bin/clang -x objective-c -ivfsstatcache /Users/hectorgarcia/Library/Developer/Xcode/DerivedData/SDKStatCaches.noindex/iphonesimulator26.2-23C53-823d3e8b6e60bc2018c189d3ca05ba9b.sdkstatcache -fmessage-length\=0 -fdiagnostics-show-note-include-stack -fmacro-backtrace-limit\=0 -fno-color-diagnostics -fmodules-prune-interval\=86400 -fmodules-prune-after\=345600 -fbuild-session-file\=/Users/hectorgarcia/Library/Developer/Xcode/DerivedData/ModuleCache.noindex/Session.modulevalidation -fmodules-validate-once-per-build-session -Wnon-modular-include-in-framework-module -Werror\=non-modular-include-in-framework-module -Wno-trigraphs -Wno-missing-field-initializers -Wno-missing-prototypes -Wno-return-type -Wno-implicit-atomic-properties -Wno-objc-interface-ivars -Wno-arc-repeated-use-of-weak -Wno-missing-braces -Wparentheses -Wswitch -Wno-unused-function -Wno-unused-label -Wno-unused-parameter -Wno-unused-variable -Wunused-value -Wno-empty-body -Wno-uninitialized -Wno-unknown-pragmas -w -Wno-shadow -Wno-four-char-constants -Wno-conversion -Wno-constant-conversion -Wno-int-conversion -Wno-bool-conversion -Wno-enum-conversion -Wno-float-conversion -Wno-non-literal-null-conversion -Wno-objc-literal-conversion -Wshorten-64-to-32 -Wpointer-sign -Wno-newline-eof -Wno-selector -Wno-strict-selector-match -Wno-undeclared-selector -Wno-deprecated-implementations -Wno-implicit-fallthrough -fstrict-aliasing -Wprotocol -Wdeprecated-declarations -Wno-sign-conversion -Wno-infinite-recursion -Wno-comma -Wno-block-capture-autoreleasing -Wno-strict-prototypes -Wno-semicolon-before-method-body -index-store-path /Users/hectorgarcia/Library/Developer/Xcode/DerivedData/Lyo-eagkiegzrakogpczynhkaholsscs/Index.noindex/DataStore @/Users/hectorgarcia/Library/Developer/Xcode/DerivedData/Build/Intermediates.noindex/GoogleDataTransport.build/Debug-iphonesimulator/GoogleDataTransport.build/Objects-normal/x86_64/e6072d4f65d7061329687fe24e3d63a7-common-args.resp -include /Users/hectorgarcia/Library/Developer/Xcode/DerivedData/Build/Intermediates.noindex/GoogleDataTransport.build/Debug-iphonesimulator/GoogleDataTransport.build/DerivedSources/resource_bundle_accessor.h -MMD -MT dependencies -MF /Users/hectorgarcia/Library/Developer/Xcode/DerivedData/Build/Intermediates.noindex/GoogleDataTransport.build/Debug-iphonesimulator/GoogleDataTransport.build/Objects-normal/x86_64/GDTCORMetricsController.d --serialize-diagnostics /Users/hectorgarcia/Library/Developer/Xcode/DerivedData/Build/Intermediates.noindex/GoogleDataTransport.build/Debug-iphonesimulator/GoogleDataTransport.build/Objects-normal/x86_64/GDTCORMetricsController.dia -c /Users/hectorgarcia/Library/Developer/Xcode/DerivedData/Lyo-eagkiegzrakogpczynhkaholsscs/SourcePackages/checkouts/GoogleDataTransport/GoogleDataTransport/GDTCORLibrary/GDTCORMetricsController.m -o /Users/hectorgarcia/Library/Developer/Xcode/DerivedData/Build/Intermediates.noindex/GoogleDataTransport.build/Debug-iphonesimulator/GoogleDataTransport.build/Objects-normal/x86_64/GDTCORMetricsController.o -index-unit-output-path /GoogleDataTransport.build/Debug-iphonesimulator/GoogleDataTransport.build/Objects-normal/x86_64/GDTCORMetricsController.o

ScanDependencies /Users/hectorgarcia/Library/Developer/Xcode/DerivedData/Build/Intermediates.noindex/GoogleDataTransport.build/Debug-iphonesimulator/GoogleDataTransport.build/Objects-normal/x86_64/GDTCORMetrics.o /Users/hectorgarcia/Library/Developer/Xcode/DerivedData/Lyo-eagkiegzrakogpczynhkaholsscs/SourcePackages/checkouts/GoogleDataTransport/GoogleDataTransport/GDTCORLibrary/GDTCORMetrics.m normal x86_64 objective-c com.apple.compilers.llvm.clang.1_0.compiler (in target 'GoogleDataTransport' from project 'GoogleDataTransport')
    cd /Users/hectorgarcia/LYO_Da_ONE/Lyo.xcodeproj
    
    Using response file: /Users/hectorgarcia/Library/Developer/Xcode/DerivedData/Build/Intermediates.noindex/GoogleDataTransport.build/Debug-iphonesimulator/GoogleDataTransport.build/Objects-normal/x86_64/e6072d4f65d7061329687fe24e3d63a7-common-args.resp
    
    builtin-ScanDependencies -o /Users/hectorgarcia/Library/Developer/Xcode/DerivedData/Build/Intermediates.noindex/GoogleDataTransport.build/Debug-iphonesimulator/GoogleDataTransport.build/Objects-normal/x86_64/GDTCORMetrics.o.scan -- /Users/hectorgarcia/Downloads/Xcode.app/Contents/Developer/Toolchains/XcodeDefault.xctoolchain/usr/bin/clang -x objective-c -ivfsstatcache /Users/hectorgarcia/Library/Developer/Xcode/DerivedData/SDKStatCaches.noindex/iphonesimulator26.2-23C53-823d3e8b6e60bc2018c189d3ca05ba9b.sdkstatcache -fmessage-length\=0 -fdiagnostics-show-note-include-stack -fmacro-backtrace-limit\=0 -fno-color-diagnostics -fmodules-prune-interval\=86400 -fmodules-prune-after\=345600 -fbuild-session-file\=/Users/hectorgarcia/Library/Developer/Xcode/DerivedData/ModuleCache.noindex/Session.modulevalidation -fmodules-validate-once-per-build-session -Wnon-modular-include-in-framework-module -Werror\=non-modular-include-in-framework-module -Wno-trigraphs -Wno-missing-field-initializers -Wno-missing-prototypes -Wno-return-type -Wno-implicit-atomic-properties -Wno-objc-interface-ivars -Wno-arc-repeated-use-of-weak -Wno-missing-braces -Wparentheses -Wswitch -Wno-unused-function -Wno-unused-label -Wno-unused-parameter -Wno-unused-variable -Wunused-value -Wno-empty-body -Wno-uninitialized -Wno-unknown-pragmas -w -Wno-shadow -Wno-four-char-constants -Wno-conversion -Wno-constant-conversion -Wno-int-conversion -Wno-bool-conversion -Wno-enum-conversion -Wno-float-conversion -Wno-non-literal-null-conversion -Wno-objc-literal-conversion -Wshorten-64-to-32 -Wpointer-sign -Wno-newline-eof -Wno-selector -Wno-strict-selector-match -Wno-undeclared-selector -Wno-deprecated-implementations -Wno-implicit-fallthrough -fstrict-aliasing -Wprotocol -Wdeprecated-declarations -Wno-sign-conversion -Wno-infinite-recursion -Wno-comma -Wno-block-capture-autoreleasing -Wno-strict-prototypes -Wno-semicolon-before-method-body -index-store-path /Users/hectorgarcia/Library/Developer/Xcode/DerivedData/Lyo-eagkiegzrakogpczynhkaholsscs/Index.noindex/DataStore @/Users/hectorgarcia/Library/Developer/Xcode/DerivedData/Build/Intermediates.noindex/GoogleDataTransport.build/Debug-iphonesimulator/GoogleDataTransport.build/Objects-normal/x86_64/e6072d4f65d7061329687fe24e3d63a7-common-args.resp -include /Users/hectorgarcia/Library/Developer/Xcode/DerivedData/Build/Intermediates.noindex/GoogleDataTransport.build/Debug-iphonesimulator/GoogleDataTransport.build/DerivedSources/resource_bundle_accessor.h -MMD -MT dependencies -MF /Users/hectorgarcia/Library/Developer/Xcode/DerivedData/Build/Intermediates.noindex/GoogleDataTransport.build/Debug-iphonesimulator/GoogleDataTransport.build/Objects-normal/x86_64/GDTCORMetrics.d --serialize-diagnostics /Users/hectorgarcia/Library/Developer/Xcode/DerivedData/Build/Intermediates.noindex/GoogleDataTransport.build/Debug-iphonesimulator/GoogleDataTransport.build/Objects-normal/x86_64/GDTCORMetrics.dia -c /Users/hectorgarcia/Library/Developer/Xcode/DerivedData/Lyo-eagkiegzrakogpczynhkaholsscs/SourcePackages/checkouts/GoogleDataTransport/GoogleDataTransport/GDTCORLibrary/GDTCORMetrics.m -o /Users/hectorgarcia/Library/Developer/Xcode/DerivedData/Build/Intermediates.noindex/GoogleDataTransport.build/Debug-iphonesimulator/GoogleDataTransport.build/Objects-normal/x86_64/GDTCORMetrics.o -index-unit-output-path /GoogleDataTransport.build/Debug-iphonesimulator/GoogleDataTransport.build/Objects-normal/x86_64/GDTCORMetrics.o

PrecompileModule /Users/hectorgarcia/Library/Developer/Xcode/DerivedData/Build/Intermediates.noindex/ExplicitPrecompiledModules/os_object-BXGN1DERRBHFLK4524LRMXPQC.scan
    cd /
    builtin-precompileModule /Users/hectorgarcia/Library/Developer/Xcode/DerivedData/Build/Intermediates.noindex/ExplicitPrecompiledModules/os_object-BXGN1DERRBHFLK4524LRMXPQC.scan

ScanDependencies /Users/hectorgarcia/Library/Developer/Xcode/DerivedData/Build/Intermediates.noindex/GoogleDataTransport.build/Debug-iphonesimulator/GoogleDataTransport.build/Objects-normal/x86_64/GDTCORMetrics+GDTCCTSupport.o /Users/hectorgarcia/Library/Developer/Xcode/DerivedData/Lyo-eagkiegzrakogpczynhkaholsscs/SourcePackages/checkouts/GoogleDataTransport/GoogleDataTransport/GDTCCTLibrary/GDTCORMetrics+GDTCCTSupport.m normal x86_64 objective-c com.apple.compilers.llvm.clang.1_0.compiler (in target 'GoogleDataTransport' from project 'GoogleDataTransport')
    cd /Users/hectorgarcia/LYO_Da_ONE/Lyo.xcodeproj
    
    Using response file: /Users/hectorgarcia/Library/Developer/Xcode/DerivedData/Build/Intermediates.noindex/GoogleDataTransport.build/Debug-iphonesimulator/GoogleDataTransport.build/Objects-normal/x86_64/e6072d4f65d7061329687fe24e3d63a7-common-args.resp
    
    builtin-ScanDependencies -o /Users/hectorgarcia/Library/Developer/Xcode/DerivedData/Build/Intermediates.noindex/GoogleDataTransport.build/Debug-iphonesimulator/GoogleDataTransport.build/Objects-normal/x86_64/GDTCORMetrics+GDTCCTSupport.o.scan -- /Users/hectorgarcia/Downloads/Xcode.app/Contents/Developer/Toolchains/XcodeDefault.xctoolchain/usr/bin/clang -x objective-c -ivfsstatcache /Users/hectorgarcia/Library/Developer/Xcode/DerivedData/SDKStatCaches.noindex/iphonesimulator26.2-23C53-823d3e8b6e60bc2018c189d3ca05ba9b.sdkstatcache -fmessage-length\=0 -fdiagnostics-show-note-include-stack -fmacro-backtrace-limit\=0 -fno-color-diagnostics -fmodules-prune-interval\=86400 -fmodules-prune-after\=345600 -fbuild-session-file\=/Users/hectorgarcia/Library/Developer/Xcode/DerivedData/ModuleCache.noindex/Session.modulevalidation -fmodules-validate-once-per-build-session -Wnon-modular-include-in-framework-module -Werror\=non-modular-include-in-framework-module -Wno-trigraphs -Wno-missing-field-initializers -Wno-missing-prototypes -Wno-return-type -Wno-implicit-atomic-properties -Wno-objc-interface-ivars -Wno-arc-repeated-use-of-weak -Wno-missing-braces -Wparentheses -Wswitch -Wno-unused-function -Wno-unused-label -Wno-unused-parameter -Wno-unused-variable -Wunused-value -Wno-empty-body -Wno-uninitialized -Wno-unknown-pragmas -w -Wno-shadow -Wno-four-char-constants -Wno-conversion -Wno-constant-conversion -Wno-int-conversion -Wno-bool-conversion -Wno-enum-conversion -Wno-float-conversion -Wno-non-literal-null-conversion -Wno-objc-literal-conversion -Wshorten-64-to-32 -Wpointer-sign -Wno-newline-eof -Wno-selector -Wno-strict-selector-match -Wno-undeclared-selector -Wno-deprecated-implementations -Wno-implicit-fallthrough -fstrict-aliasing -Wprotocol -Wdeprecated-declarations -Wno-sign-conversion -Wno-infinite-recursion -Wno-comma -Wno-block-capture-autoreleasing -Wno-strict-prototypes -Wno-semicolon-before-method-body -index-store-path /Users/hectorgarcia/Library/Developer/Xcode/DerivedData/Lyo-eagkiegzrakogpczynhkaholsscs/Index.noindex/DataStore @/Users/hectorgarcia/Library/Developer/Xcode/DerivedData/Build/Intermediates.noindex/GoogleDataTransport.build/Debug-iphonesimulator/GoogleDataTransport.build/Objects-normal/x86_64/e6072d4f65d7061329687fe24e3d63a7-common-args.resp -include /Users/hectorgarcia/Library/Developer/Xcode/DerivedData/Build/Intermediates.noindex/GoogleDataTransport.build/Debug-iphonesimulator/GoogleDataTransport.build/DerivedSources/resource_bundle_accessor.h -MMD -MT dependencies -MF /Users/hectorgarcia/Library/Developer/Xcode/DerivedData/Build/Intermediates.noindex/GoogleDataTransport.build/Debug-iphonesimulator/GoogleDataTransport.build/Objects-normal/x86_64/GDTCORMetrics+GDTCCTSupport.d --serialize-diagnostics /Users/hectorgarcia/Library/Developer/Xcode/DerivedData/Build/Intermediates.noindex/GoogleDataTransport.build/Debug-iphonesimulator/GoogleDataTransport.build/Objects-normal/x86_64/GDTCORMetrics+GDTCCTSupport.dia -c /Users/hectorgarcia/Library/Developer/Xcode/DerivedData/Lyo-eagkiegzrakogpczynhkaholsscs/SourcePackages/checkouts/GoogleDataTransport/GoogleDataTransport/GDTCCTLibrary/GDTCORMetrics+GDTCCTSupport.m -o /Users/hectorgarcia/Library/Developer/Xcode/DerivedData/Build/Intermediates.noindex/GoogleDataTransport.build/Debug-iphonesimulator/GoogleDataTransport.build/Objects-normal/x86_64/GDTCORMetrics+GDTCCTSupport.o -index-unit-output-path /GoogleDataTransport.build/Debug-iphonesimulator/GoogleDataTransport.build/Objects-normal/x86_64/GDTCORMetrics+GDTCCTSupport.o

ScanDependencies /Users/hectorgarcia/Library/Developer/Xcode/DerivedData/Build/Intermediates.noindex/GoogleDataTransport.build/Debug-iphonesimulator/GoogleDataTransport.build/Objects-normal/x86_64/GDTCORLogSourceMetrics.o /Users/hectorgarcia/Library/Developer/Xcode/DerivedData/Lyo-eagkiegzrakogpczynhkaholsscs/SourcePackages/checkouts/GoogleDataTransport/GoogleDataTransport/GDTCORLibrary/GDTCORLogSourceMetrics.m normal x86_64 objective-c com.apple.compilers.llvm.clang.1_0.compiler (in target 'GoogleDataTransport' from project 'GoogleDataTransport')
    cd /Users/hectorgarcia/LYO_Da_ONE/Lyo.xcodeproj
    
    Using response file: /Users/hectorgarcia/Library/Developer/Xcode/DerivedData/Build/Intermediates.noindex/GoogleDataTransport.build/Debug-iphonesimulator/GoogleDataTransport.build/Objects-normal/x86_64/e6072d4f65d7061329687fe24e3d63a7-common-args.resp
    
    builtin-ScanDependencies -o /Users/hectorgarcia/Library/Developer/Xcode/DerivedData/Build/Intermediates.noindex/GoogleDataTransport.build/Debug-iphonesimulator/GoogleDataTransport.build/Objects-normal/x86_64/GDTCORLogSourceMetrics.o.scan -- /Users/hectorgarcia/Downloads/Xcode.app/Contents/Developer/Toolchains/XcodeDefault.xctoolchain/usr/bin/clang -x objective-c -ivfsstatcache /Users/hectorgarcia/Library/Developer/Xcode/DerivedData/SDKStatCaches.noindex/iphonesimulator26.2-23C53-823d3e8b6e60bc2018c189d3ca05ba9b.sdkstatcache -fmessage-length\=0 -fdiagnostics-show-note-include-stack -fmacro-backtrace-limit\=0 -fno-color-diagnostics -fmodules-prune-interval\=86400 -fmodules-prune-after\=345600 -fbuild-session-file\=/Users/hectorgarcia/Library/Developer/Xcode/DerivedData/ModuleCache.noindex/Session.modulevalidation -fmodules-validate-once-per-build-session -Wnon-modular-include-in-framework-module -Werror\=non-modular-include-in-framework-module -Wno-trigraphs -Wno-missing-field-initializers -Wno-missing-prototypes -Wno-return-type -Wno-implicit-atomic-properties -Wno-objc-interface-ivars -Wno-arc-repeated-use-of-weak -Wno-missing-braces -Wparentheses -Wswitch -Wno-unused-function -Wno-unused-label -Wno-unused-parameter -Wno-unused-variable -Wunused-value -Wno-empty-body -Wno-uninitialized -Wno-unknown-pragmas -w -Wno-shadow -Wno-four-char-constants -Wno-conversion -Wno-constant-conversion -Wno-int-conversion -Wno-bool-conversion -Wno-enum-conversion -Wno-float-conversion -Wno-non-literal-null-conversion -Wno-objc-literal-conversion -Wshorten-64-to-32 -Wpointer-sign -Wno-newline-eof -Wno-selector -Wno-strict-selector-match -Wno-undeclared-selector -Wno-deprecated-implementations -Wno-implicit-fallthrough -fstrict-aliasing -Wprotocol -Wdeprecated-declarations -Wno-sign-conversion -Wno-infinite-recursion -Wno-comma -Wno-block-capture-autoreleasing -Wno-strict-prototypes -Wno-semicolon-before-method-body -index-store-path /Users/hectorgarcia/Library/Developer/Xcode/DerivedData/Lyo-eagkiegzrakogpczynhkaholsscs/Index.noindex/DataStore @/Users/hectorgarcia/Library/Developer/Xcode/DerivedData/Build/Intermediates.noindex/GoogleDataTransport.build/Debug-iphonesimulator/GoogleDataTransport.build/Objects-normal/x86_64/e6072d4f65d7061329687fe24e3d63a7-common-args.resp -include /Users/hectorgarcia/Library/Developer/Xcode/DerivedData/Build/Intermediates.noindex/GoogleDataTransport.build/Debug-iphonesimulator/GoogleDataTransport.build/DerivedSources/resource_bundle_accessor.h -MMD -MT dependencies -MF /Users/hectorgarcia/Library/Developer/Xcode/DerivedData/Build/Intermediates.noindex/GoogleDataTransport.build/Debug-iphonesimulator/GoogleDataTransport.build/Objects-normal/x86_64/GDTCORLogSourceMetrics.d --serialize-diagnostics /Users/hectorgarcia/Library/Developer/Xcode/DerivedData/Build/Intermediates.noindex/GoogleDataTransport.build/Debug-iphonesimulator/GoogleDataTransport.build/Objects-normal/x86_64/GDTCORLogSourceMetrics.dia -c /Users/hectorgarcia/Library/Developer/Xcode/DerivedData/Lyo-eagkiegzrakogpczynhkaholsscs/SourcePackages/checkouts/GoogleDataTransport/GoogleDataTransport/GDTCORLibrary/GDTCORLogSourceMetrics.m -o /Users/hectorgarcia/Library/Developer/Xcode/DerivedData/Build/Intermediates.noindex/GoogleDataTransport.build/Debug-iphonesimulator/GoogleDataTransport.build/Objects-normal/x86_64/GDTCORLogSourceMetrics.o -index-unit-output-path /GoogleDataTransport.build/Debug-iphonesimulator/GoogleDataTransport.build/Objects-normal/x86_64/GDTCORLogSourceMetrics.o

ScanDependencies /Users/hectorgarcia/Library/Developer/Xcode/DerivedData/Build/Intermediates.noindex/GoogleDataTransport.build/Debug-iphonesimulator/GoogleDataTransport.build/Objects-normal/x86_64/GDTCORLifecycle.o /Users/hectorgarcia/Library/Developer/Xcode/DerivedData/Lyo-eagkiegzrakogpczynhkaholsscs/SourcePackages/checkouts/GoogleDataTransport/GoogleDataTransport/GDTCORLibrary/GDTCORLifecycle.m normal x86_64 objective-c com.apple.compilers.llvm.clang.1_0.compiler (in target 'GoogleDataTransport' from project 'GoogleDataTransport')
    cd /Users/hectorgarcia/LYO_Da_ONE/Lyo.xcodeproj
    
    Using response file: /Users/hectorgarcia/Library/Developer/Xcode/DerivedData/Build/Intermediates.noindex/GoogleDataTransport.build/Debug-iphonesimulator/GoogleDataTransport.build/Objects-normal/x86_64/e6072d4f65d7061329687fe24e3d63a7-common-args.resp
    
    builtin-ScanDependencies -o /Users/hectorgarcia/Library/Developer/Xcode/DerivedData/Build/Intermediates.noindex/GoogleDataTransport.build/Debug-iphonesimulator/GoogleDataTransport.build/Objects-normal/x86_64/GDTCORLifecycle.o.scan -- /Users/hectorgarcia/Downloads/Xcode.app/Contents/Developer/Toolchains/XcodeDefault.xctoolchain/usr/bin/clang -x objective-c -ivfsstatcache /Users/hectorgarcia/Library/Developer/Xcode/DerivedData/SDKStatCaches.noindex/iphonesimulator26.2-23C53-823d3e8b6e60bc2018c189d3ca05ba9b.sdkstatcache -fmessage-length\=0 -fdiagnostics-show-note-include-stack -fmacro-backtrace-limit\=0 -fno-color-diagnostics -fmodules-prune-interval\=86400 -fmodules-prune-after\=345600 -fbuild-session-file\=/Users/hectorgarcia/Library/Developer/Xcode/DerivedData/ModuleCache.noindex/Session.modulevalidation -fmodules-validate-once-per-build-session -Wnon-modular-include-in-framework-module -Werror\=non-modular-include-in-framework-module -Wno-trigraphs -Wno-missing-field-initializers -Wno-missing-prototypes -Wno-return-type -Wno-implicit-atomic-properties -Wno-objc-interface-ivars -Wno-arc-repeated-use-of-weak -Wno-missing-braces -Wparentheses -Wswitch -Wno-unused-function -Wno-unused-label -Wno-unused-parameter -Wno-unused-variable -Wunused-value -Wno-empty-body -Wno-uninitialized -Wno-unknown-pragmas -w -Wno-shadow -Wno-four-char-constants -Wno-conversion -Wno-constant-conversion -Wno-int-conversion -Wno-bool-conversion -Wno-enum-conversion -Wno-float-conversion -Wno-non-literal-null-conversion -Wno-objc-literal-conversion -Wshorten-64-to-32 -Wpointer-sign -Wno-newline-eof -Wno-selector -Wno-strict-selector-match -Wno-undeclared-selector -Wno-deprecated-implementations -Wno-implicit-fallthrough -fstrict-aliasing -Wprotocol -Wdeprecated-declarations -Wno-sign-conversion -Wno-infinite-recursion -Wno-comma -Wno-block-capture-autoreleasing -Wno-strict-prototypes -Wno-semicolon-before-method-body -index-store-path /Users/hectorgarcia/Library/Developer/Xcode/DerivedData/Lyo-eagkiegzrakogpczynhkaholsscs/Index.noindex/DataStore @/Users/hectorgarcia/Library/Developer/Xcode/DerivedData/Build/Intermediates.noindex/GoogleDataTransport.build/Debug-iphonesimulator/GoogleDataTransport.build/Objects-normal/x86_64/e6072d4f65d7061329687fe24e3d63a7-common-args.resp -include /Users/hectorgarcia/Library/Developer/Xcode/DerivedData/Build/Intermediates.noindex/GoogleDataTransport.build/Debug-iphonesimulator/GoogleDataTransport.build/DerivedSources/resource_bundle_accessor.h -MMD -MT dependencies -MF /Users/hectorgarcia/Library/Developer/Xcode/DerivedData/Build/Intermediates.noindex/GoogleDataTransport.build/Debug-iphonesimulator/GoogleDataTransport.build/Objects-normal/x86_64/GDTCORLifecycle.d --serialize-diagnostics /Users/hectorgarcia/Library/Developer/Xcode/DerivedData/Build/Intermediates.noindex/GoogleDataTransport.build/Debug-iphonesimulator/GoogleDataTransport.build/Objects-normal/x86_64/GDTCORLifecycle.dia -c /Users/hectorgarcia/Library/Developer/Xcode/DerivedData/Lyo-eagkiegzrakogpczynhkaholsscs/SourcePackages/checkouts/GoogleDataTransport/GoogleDataTransport/GDTCORLibrary/GDTCORLifecycle.m -o /Users/hectorgarcia/Library/Developer/Xcode/DerivedData/Build/Intermediates.noindex/GoogleDataTransport.build/Debug-iphonesimulator/GoogleDataTransport.build/Objects-normal/x86_64/GDTCORLifecycle.o -index-unit-output-path /GoogleDataTransport.build/Debug-iphonesimulator/GoogleDataTransport.build/Objects-normal/x86_64/GDTCORLifecycle.o

PrecompileModule /Users/hectorgarcia/Library/Developer/Xcode/DerivedData/Build/Intermediates.noindex/ExplicitPrecompiledModules/os_workgroup-1RT8LY3J3AQHX5Q0TUJFOM7JF.scan
    cd /
    builtin-precompileModule /Users/hectorgarcia/Library/Developer/Xcode/DerivedData/Build/Intermediates.noindex/ExplicitPrecompiledModules/os_workgroup-1RT8LY3J3AQHX5Q0TUJFOM7JF.scan

ScanDependencies /Users/hectorgarcia/Library/Developer/Xcode/DerivedData/Build/Intermediates.noindex/GoogleDataTransport.build/Debug-iphonesimulator/GoogleDataTransport.build/Objects-normal/x86_64/GDTCORFlatFileStorage.o /Users/hectorgarcia/Library/Developer/Xcode/DerivedData/Lyo-eagkiegzrakogpczynhkaholsscs/SourcePackages/checkouts/GoogleDataTransport/GoogleDataTransport/GDTCORLibrary/GDTCORFlatFileStorage.m normal x86_64 objective-c com.apple.compilers.llvm.clang.1_0.compiler (in target 'GoogleDataTransport' from project 'GoogleDataTransport')
    cd /Users/hectorgarcia/LYO_Da_ONE/Lyo.xcodeproj
    
    Using response file: /Users/hectorgarcia/Library/Developer/Xcode/DerivedData/Build/Intermediates.noindex/GoogleDataTransport.build/Debug-iphonesimulator/GoogleDataTransport.build/Objects-normal/x86_64/e6072d4f65d7061329687fe24e3d63a7-common-args.resp
    
    builtin-ScanDependencies -o /Users/hectorgarcia/Library/Developer/Xcode/DerivedData/Build/Intermediates.noindex/GoogleDataTransport.build/Debug-iphonesimulator/GoogleDataTransport.build/Objects-normal/x86_64/GDTCORFlatFileStorage.o.scan -- /Users/hectorgarcia/Downloads/Xcode.app/Contents/Developer/Toolchains/XcodeDefault.xctoolchain/usr/bin/clang -x objective-c -ivfsstatcache /Users/hectorgarcia/Library/Developer/Xcode/DerivedData/SDKStatCaches.noindex/iphonesimulator26.2-23C53-823d3e8b6e60bc2018c189d3ca05ba9b.sdkstatcache -fmessage-length\=0 -fdiagnostics-show-note-include-stack -fmacro-backtrace-limit\=0 -fno-color-diagnostics -fmodules-prune-interval\=86400 -fmodules-prune-after\=345600 -fbuild-session-file\=/Users/hectorgarcia/Library/Developer/Xcode/DerivedData/ModuleCache.noindex/Session.modulevalidation -fmodules-validate-once-per-build-session -Wnon-modular-include-in-framework-module -Werror\=non-modular-include-in-framework-module -Wno-trigraphs -Wno-missing-field-initializers -Wno-missing-prototypes -Wno-return-type -Wno-implicit-atomic-properties -Wno-objc-interface-ivars -Wno-arc-repeated-use-of-weak -Wno-missing-braces -Wparentheses -Wswitch -Wno-unused-function -Wno-unused-label -Wno-unused-parameter -Wno-unused-variable -Wunused-value -Wno-empty-body -Wno-uninitialized -Wno-unknown-pragmas -w -Wno-shadow -Wno-four-char-constants -Wno-conversion -Wno-constant-conversion -Wno-int-conversion -Wno-bool-conversion -Wno-enum-conversion -Wno-float-conversion -Wno-non-literal-null-conversion -Wno-objc-literal-conversion -Wshorten-64-to-32 -Wpointer-sign -Wno-newline-eof -Wno-selector -Wno-strict-selector-match -Wno-undeclared-selector -Wno-deprecated-implementations -Wno-implicit-fallthrough -fstrict-aliasing -Wprotocol -Wdeprecated-declarations -Wno-sign-conversion -Wno-infinite-recursion -Wno-comma -Wno-block-capture-autoreleasing -Wno-strict-prototypes -Wno-semicolon-before-method-body -index-store-path /Users/hectorgarcia/Library/Developer/Xcode/DerivedData/Lyo-eagkiegzrakogpczynhkaholsscs/Index.noindex/DataStore @/Users/hectorgarcia/Library/Developer/Xcode/DerivedData/Build/Intermediates.noindex/GoogleDataTransport.build/Debug-iphonesimulator/GoogleDataTransport.build/Objects-normal/x86_64/e6072d4f65d7061329687fe24e3d63a7-common-args.resp -include /Users/hectorgarcia/Library/Developer/Xcode/DerivedData/Build/Intermediates.noindex/GoogleDataTransport.build/Debug-iphonesimulator/GoogleDataTransport.build/DerivedSources/resource_bundle_accessor.h -MMD -MT dependencies -MF /Users/hectorgarcia/Library/Developer/Xcode/DerivedData/Build/Intermediates.noindex/GoogleDataTransport.build/Debug-iphonesimulator/GoogleDataTransport.build/Objects-normal/x86_64/GDTCORFlatFileStorage.d --serialize-diagnostics /Users/hectorgarcia/Library/Developer/Xcode/DerivedData/Build/Intermediates.noindex/GoogleDataTransport.build/Debug-iphonesimulator/GoogleDataTransport.build/Objects-normal/x86_64/GDTCORFlatFileStorage.dia -c /Users/hectorgarcia/Library/Developer/Xcode/DerivedData/Lyo-eagkiegzrakogpczynhkaholsscs/SourcePackages/checkouts/GoogleDataTransport/GoogleDataTransport/GDTCORLibrary/GDTCORFlatFileStorage.m -o /Users/hectorgarcia/Library/Developer/Xcode/DerivedData/Build/Intermediates.noindex/GoogleDataTransport.build/Debug-iphonesimulator/GoogleDataTransport.build/Objects-normal/x86_64/GDTCORFlatFileStorage.o -index-unit-output-path /GoogleDataTransport.build/Debug-iphonesimulator/GoogleDataTransport.build/Objects-normal/x86_64/GDTCORFlatFileStorage.o

ScanDependencies /Users/hectorgarcia/Library/Developer/Xcode/DerivedData/Build/Intermediates.noindex/GoogleDataTransport.build/Debug-iphonesimulator/GoogleDataTransport.build/Objects-normal/x86_64/GDTCORFlatFileStorage+Promises.o /Users/hectorgarcia/Library/Developer/Xcode/DerivedData/Lyo-eagkiegzrakogpczynhkaholsscs/SourcePackages/checkouts/GoogleDataTransport/GoogleDataTransport/GDTCORLibrary/GDTCORFlatFileStorage+Promises.m normal x86_64 objective-c com.apple.compilers.llvm.clang.1_0.compiler (in target 'GoogleDataTransport' from project 'GoogleDataTransport')
    cd /Users/hectorgarcia/LYO_Da_ONE/Lyo.xcodeproj
    
    Using response file: /Users/hectorgarcia/Library/Developer/Xcode/DerivedData/Build/Intermediates.noindex/GoogleDataTransport.build/Debug-iphonesimulator/GoogleDataTransport.build/Objects-normal/x86_64/e6072d4f65d7061329687fe24e3d63a7-common-args.resp
    
    builtin-ScanDependencies -o /Users/hectorgarcia/Library/Developer/Xcode/DerivedData/Build/Intermediates.noindex/GoogleDataTransport.build/Debug-iphonesimulator/GoogleDataTransport.build/Objects-normal/x86_64/GDTCORFlatFileStorage+Promises.o.scan -- /Users/hectorgarcia/Downloads/Xcode.app/Contents/Developer/Toolchains/XcodeDefault.xctoolchain/usr/bin/clang -x objective-c -ivfsstatcache /Users/hectorgarcia/Library/Developer/Xcode/DerivedData/SDKStatCaches.noindex/iphonesimulator26.2-23C53-823d3e8b6e60bc2018c189d3ca05ba9b.sdkstatcache -fmessage-length\=0 -fdiagnostics-show-note-include-stack -fmacro-backtrace-limit\=0 -fno-color-diagnostics -fmodules-prune-interval\=86400 -fmodules-prune-after\=345600 -fbuild-session-file\=/Users/hectorgarcia/Library/Developer/Xcode/DerivedData/ModuleCache.noindex/Session.modulevalidation -fmodules-validate-once-per-build-session -Wnon-modular-include-in-framework-module -Werror\=non-modular-include-in-framework-module -Wno-trigraphs -Wno-missing-field-initializers -Wno-missing-prototypes -Wno-return-type -Wno-implicit-atomic-properties -Wno-objc-interface-ivars -Wno-arc-repeated-use-of-weak -Wno-missing-braces -Wparentheses -Wswitch -Wno-unused-function -Wno-unused-label -Wno-unused-parameter -Wno-unused-variable -Wunused-value -Wno-empty-body -Wno-uninitialized -Wno-unknown-pragmas -w -Wno-shadow -Wno-four-char-constants -Wno-conversion -Wno-constant-conversion -Wno-int-conversion -Wno-bool-conversion -Wno-enum-conversion -Wno-float-conversion -Wno-non-literal-null-conversion -Wno-objc-literal-conversion -Wshorten-64-to-32 -Wpointer-sign -Wno-newline-eof -Wno-selector -Wno-strict-selector-match -Wno-undeclared-selector -Wno-deprecated-implementations -Wno-implicit-fallthrough -fstrict-aliasing -Wprotocol -Wdeprecated-declarations -Wno-sign-conversion -Wno-infinite-recursion -Wno-comma -Wno-block-capture-autoreleasing -Wno-strict-prototypes -Wno-semicolon-before-method-body -index-store-path /Users/hectorgarcia/Library/Developer/Xcode/DerivedData/Lyo-eagkiegzrakogpczynhkaholsscs/Index.noindex/DataStore @/Users/hectorgarcia/Library/Developer/Xcode/DerivedData/Build/Intermediates.noindex/GoogleDataTransport.build/Debug-iphonesimulator/GoogleDataTransport.build/Objects-normal/x86_64/e6072d4f65d7061329687fe24e3d63a7-common-args.resp -include /Users/hectorgarcia/Library/Developer/Xcode/DerivedData/Build/Intermediates.noindex/GoogleDataTransport.build/Debug-iphonesimulator/GoogleDataTransport.build/DerivedSources/resource_bundle_accessor.h -MMD -MT dependencies -MF /Users/hectorgarcia/Library/Developer/Xcode/DerivedData/Build/Intermediates.noindex/GoogleDataTransport.build/Debug-iphonesimulator/GoogleDataTransport.build/Objects-normal/x86_64/GDTCORFlatFileStorage+Promises.d --serialize-diagnostics /Users/hectorgarcia/Library/Developer/Xcode/DerivedData/Build/Intermediates.noindex/GoogleDataTransport.build/Debug-iphonesimulator/GoogleDataTransport.build/Objects-normal/x86_64/GDTCORFlatFileStorage+Promises.dia -c /Users/hectorgarcia/Library/Developer/Xcode/DerivedData/Lyo-eagkiegzrakogpczynhkaholsscs/SourcePackages/checkouts/GoogleDataTransport/GoogleDataTransport/GDTCORLibrary/GDTCORFlatFileStorage+Promises.m -o /Users/hectorgarcia/Library/Developer/Xcode/DerivedData/Build/Intermediates.noindex/GoogleDataTransport.build/Debug-iphonesimulator/GoogleDataTransport.build/Objects-normal/x86_64/GDTCORFlatFileStorage+Promises.o -index-unit-output-path /GoogleDataTransport.build/Debug-iphonesimulator/GoogleDataTransport.build/Objects-normal/x86_64/GDTCORFlatFileStorage+Promises.o

PrecompileModule /Users/hectorgarcia/Library/Developer/Xcode/DerivedData/Build/Intermediates.noindex/ExplicitPrecompiledModules/Dispatch-CBKSW8XO4A1XSZZ2M0U8K8AK6.scan
    cd /
    builtin-precompileModule /Users/hectorgarcia/Library/Developer/Xcode/DerivedData/Build/Intermediates.noindex/ExplicitPrecompiledModules/Dispatch-CBKSW8XO4A1XSZZ2M0U8K8AK6.scan

PrecompileModule /Users/hectorgarcia/Library/Developer/Xcode/DerivedData/Build/Intermediates.noindex/ExplicitPrecompiledModules/nanopb-4YQ9W18CCASV2T7NDNNSINNHU.scan
    cd /
    builtin-precompileModule /Users/hectorgarcia/Library/Developer/Xcode/DerivedData/Build/Intermediates.noindex/ExplicitPrecompiledModules/nanopb-4YQ9W18CCASV2T7NDNNSINNHU.scan

ScanDependencies /Users/hectorgarcia/Library/Developer/Xcode/DerivedData/Build/Intermediates.noindex/GoogleDataTransport.build/Debug-iphonesimulator/GoogleDataTransport.build/Objects-normal/x86_64/GDTCOREvent.o /Users/hectorgarcia/Library/Developer/Xcode/DerivedData/Lyo-eagkiegzrakogpczynhkaholsscs/SourcePackages/checkouts/GoogleDataTransport/GoogleDataTransport/GDTCORLibrary/GDTCOREvent.m normal x86_64 objective-c com.apple.compilers.llvm.clang.1_0.compiler (in target 'GoogleDataTransport' from project 'GoogleDataTransport')
    cd /Users/hectorgarcia/LYO_Da_ONE/Lyo.xcodeproj
    
    Using response file: /Users/hectorgarcia/Library/Developer/Xcode/DerivedData/Build/Intermediates.noindex/GoogleDataTransport.build/Debug-iphonesimulator/GoogleDataTransport.build/Objects-normal/x86_64/e6072d4f65d7061329687fe24e3d63a7-common-args.resp
    
    builtin-ScanDependencies -o /Users/hectorgarcia/Library/Developer/Xcode/DerivedData/Build/Intermediates.noindex/GoogleDataTransport.build/Debug-iphonesimulator/GoogleDataTransport.build/Objects-normal/x86_64/GDTCOREvent.o.scan -- /Users/hectorgarcia/Downloads/Xcode.app/Contents/Developer/Toolchains/XcodeDefault.xctoolchain/usr/bin/clang -x objective-c -ivfsstatcache /Users/hectorgarcia/Library/Developer/Xcode/DerivedData/SDKStatCaches.noindex/iphonesimulator26.2-23C53-823d3e8b6e60bc2018c189d3ca05ba9b.sdkstatcache -fmessage-length\=0 -fdiagnostics-show-note-include-stack -fmacro-backtrace-limit\=0 -fno-color-diagnostics -fmodules-prune-interval\=86400 -fmodules-prune-after\=345600 -fbuild-session-file\=/Users/hectorgarcia/Library/Developer/Xcode/DerivedData/ModuleCache.noindex/Session.modulevalidation -fmodules-validate-once-per-build-session -Wnon-modular-include-in-framework-module -Werror\=non-modular-include-in-framework-module -Wno-trigraphs -Wno-missing-field-initializers -Wno-missing-prototypes -Wno-return-type -Wno-implicit-atomic-properties -Wno-objc-interface-ivars -Wno-arc-repeated-use-of-weak -Wno-missing-braces -Wparentheses -Wswitch -Wno-unused-function -Wno-unused-label -Wno-unused-parameter -Wno-unused-variable -Wunused-value -Wno-empty-body -Wno-uninitialized -Wno-unknown-pragmas -w -Wno-shadow -Wno-four-char-constants -Wno-conversion -Wno-constant-conversion -Wno-int-conversion -Wno-bool-conversion -Wno-enum-conversion -Wno-float-conversion -Wno-non-literal-null-conversion -Wno-objc-literal-conversion -Wshorten-64-to-32 -Wpointer-sign -Wno-newline-eof -Wno-selector -Wno-strict-selector-match -Wno-undeclared-selector -Wno-deprecated-implementations -Wno-implicit-fallthrough -fstrict-aliasing -Wprotocol -Wdeprecated-declarations -Wno-sign-conversion -Wno-infinite-recursion -Wno-comma -Wno-block-capture-autoreleasing -Wno-strict-prototypes -Wno-semicolon-before-method-body -index-store-path /Users/hectorgarcia/Library/Developer/Xcode/DerivedData/Lyo-eagkiegzrakogpczynhkaholsscs/Index.noindex/DataStore @/Users/hectorgarcia/Library/Developer/Xcode/DerivedData/Build/Intermediates.noindex/GoogleDataTransport.build/Debug-iphonesimulator/GoogleDataTransport.build/Objects-normal/x86_64/e6072d4f65d7061329687fe24e3d63a7-common-args.resp -include /Users/hectorgarcia/Library/Developer/Xcode/DerivedData/Build/Intermediates.noindex/GoogleDataTransport.build/Debug-iphonesimulator/GoogleDataTransport.build/DerivedSources/resource_bundle_accessor.h -MMD -MT dependencies -MF /Users/hectorgarcia/Library/Developer/Xcode/DerivedData/Build/Intermediates.noindex/GoogleDataTransport.build/Debug-iphonesimulator/GoogleDataTransport.build/Objects-normal/x86_64/GDTCOREvent.d --serialize-diagnostics /Users/hectorgarcia/Library/Developer/Xcode/DerivedData/Build/Intermediates.noindex/GoogleDataTransport.build/Debug-iphonesimulator/GoogleDataTransport.build/Objects-normal/x86_64/GDTCOREvent.dia -c /Users/hectorgarcia/Library/Developer/Xcode/DerivedData/Lyo-eagkiegzrakogpczynhkaholsscs/SourcePackages/checkouts/GoogleDataTransport/GoogleDataTransport/GDTCORLibrary/GDTCOREvent.m -o /Users/hectorgarcia/Library/Developer/Xcode/DerivedData/Build/Intermediates.noindex/GoogleDataTransport.build/Debug-iphonesimulator/GoogleDataTransport.build/Objects-normal/x86_64/GDTCOREvent.o -index-unit-output-path /GoogleDataTransport.build/Debug-iphonesimulator/GoogleDataTransport.build/Objects-normal/x86_64/GDTCOREvent.o

ScanDependencies /Users/hectorgarcia/Library/Developer/Xcode/DerivedData/Build/Intermediates.noindex/GoogleDataTransport.build/Debug-iphonesimulator/GoogleDataTransport.build/Objects-normal/x86_64/GDTCOREvent+GDTMetricsSupport.o /Users/hectorgarcia/Library/Developer/Xcode/DerivedData/Lyo-eagkiegzrakogpczynhkaholsscs/SourcePackages/checkouts/GoogleDataTransport/GoogleDataTransport/GDTCCTLibrary/GDTCOREvent+GDTMetricsSupport.m normal x86_64 objective-c com.apple.compilers.llvm.clang.1_0.compiler (in target 'GoogleDataTransport' from project 'GoogleDataTransport')
    cd /Users/hectorgarcia/LYO_Da_ONE/Lyo.xcodeproj
    
    Using response file: /Users/hectorgarcia/Library/Developer/Xcode/DerivedData/Build/Intermediates.noindex/GoogleDataTransport.build/Debug-iphonesimulator/GoogleDataTransport.build/Objects-normal/x86_64/e6072d4f65d7061329687fe24e3d63a7-common-args.resp
    
    builtin-ScanDependencies -o /Users/hectorgarcia/Library/Developer/Xcode/DerivedData/Build/Intermediates.noindex/GoogleDataTransport.build/Debug-iphonesimulator/GoogleDataTransport.build/Objects-normal/x86_64/GDTCOREvent+GDTMetricsSupport.o.scan -- /Users/hectorgarcia/Downloads/Xcode.app/Contents/Developer/Toolchains/XcodeDefault.xctoolchain/usr/bin/clang -x objective-c -ivfsstatcache /Users/hectorgarcia/Library/Developer/Xcode/DerivedData/SDKStatCaches.noindex/iphonesimulator26.2-23C53-823d3e8b6e60bc2018c189d3ca05ba9b.sdkstatcache -fmessage-length\=0 -fdiagnostics-show-note-include-stack -fmacro-backtrace-limit\=0 -fno-color-diagnostics -fmodules-prune-interval\=86400 -fmodules-prune-after\=345600 -fbuild-session-file\=/Users/hectorgarcia/Library/Developer/Xcode/DerivedData/ModuleCache.noindex/Session.modulevalidation -fmodules-validate-once-per-build-session -Wnon-modular-include-in-framework-module -Werror\=non-modular-include-in-framework-module -Wno-trigraphs -Wno-missing-field-initializers -Wno-missing-prototypes -Wno-return-type -Wno-implicit-atomic-properties -Wno-objc-interface-ivars -Wno-arc-repeated-use-of-weak -Wno-missing-braces -Wparentheses -Wswitch -Wno-unused-function -Wno-unused-label -Wno-unused-parameter -Wno-unused-variable -Wunused-value -Wno-empty-body -Wno-uninitialized -Wno-unknown-pragmas -w -Wno-shadow -Wno-four-char-constants -Wno-conversion -Wno-constant-conversion -Wno-int-conversion -Wno-bool-conversion -Wno-enum-conversion -Wno-float-conversion -Wno-non-literal-null-conversion -Wno-objc-literal-conversion -Wshorten-64-to-32 -Wpointer-sign -Wno-newline-eof -Wno-selector -Wno-strict-selector-match -Wno-undeclared-selector -Wno-deprecated-implementations -Wno-implicit-fallthrough -fstrict-aliasing -Wprotocol -Wdeprecated-declarations -Wno-sign-conversion -Wno-infinite-recursion -Wno-comma -Wno-block-capture-autoreleasing -Wno-strict-prototypes -Wno-semicolon-before-method-body -index-store-path /Users/hectorgarcia/Library/Developer/Xcode/DerivedData/Lyo-eagkiegzrakogpczynhkaholsscs/Index.noindex/DataStore @/Users/hectorgarcia/Library/Developer/Xcode/DerivedData/Build/Intermediates.noindex/GoogleDataTransport.build/Debug-iphonesimulator/GoogleDataTransport.build/Objects-normal/x86_64/e6072d4f65d7061329687fe24e3d63a7-common-args.resp -include /Users/hectorgarcia/Library/Developer/Xcode/DerivedData/Build/Intermediates.noindex/GoogleDataTransport.build/Debug-iphonesimulator/GoogleDataTransport.build/DerivedSources/resource_bundle_accessor.h -MMD -MT dependencies -MF /Users/hectorgarcia/Library/Developer/Xcode/DerivedData/Build/Intermediates.noindex/GoogleDataTransport.build/Debug-iphonesimulator/GoogleDataTransport.build/Objects-normal/x86_64/GDTCOREvent+GDTMetricsSupport.d --serialize-diagnostics /Users/hectorgarcia/Library/Developer/Xcode/DerivedData/Build/Intermediates.noindex/GoogleDataTransport.build/Debug-iphonesimulator/GoogleDataTransport.build/Objects-normal/x86_64/GDTCOREvent+GDTMetricsSupport.dia -c /Users/hectorgarcia/Library/Developer/Xcode/DerivedData/Lyo-eagkiegzrakogpczynhkaholsscs/SourcePackages/checkouts/GoogleDataTransport/GoogleDataTransport/GDTCCTLibrary/GDTCOREvent+GDTMetricsSupport.m -o /Users/hectorgarcia/Library/Developer/Xcode/DerivedData/Build/Intermediates.noindex/GoogleDataTransport.build/Debug-iphonesimulator/GoogleDataTransport.build/Objects-normal/x86_64/GDTCOREvent+GDTMetricsSupport.o -index-unit-output-path /GoogleDataTransport.build/Debug-iphonesimulator/GoogleDataTransport.build/Objects-normal/x86_64/GDTCOREvent+GDTMetricsSupport.o

ScanDependencies /Users/hectorgarcia/Library/Developer/Xcode/DerivedData/Build/Intermediates.noindex/GoogleDataTransport.build/Debug-iphonesimulator/GoogleDataTransport.build/Objects-normal/x86_64/GDTCOREvent+GDTCCTSupport.o /Users/hectorgarcia/Library/Developer/Xcode/DerivedData/Lyo-eagkiegzrakogpczynhkaholsscs/SourcePackages/checkouts/GoogleDataTransport/GoogleDataTransport/GDTCCTLibrary/GDTCOREvent+GDTCCTSupport.m normal x86_64 objective-c com.apple.compilers.llvm.clang.1_0.compiler (in target 'GoogleDataTransport' from project 'GoogleDataTransport')
    cd /Users/hectorgarcia/LYO_Da_ONE/Lyo.xcodeproj
    
    Using response file: /Users/hectorgarcia/Library/Developer/Xcode/DerivedData/Build/Intermediates.noindex/GoogleDataTransport.build/Debug-iphonesimulator/GoogleDataTransport.build/Objects-normal/x86_64/e6072d4f65d7061329687fe24e3d63a7-common-args.resp
    
    builtin-ScanDependencies -o /Users/hectorgarcia/Library/Developer/Xcode/DerivedData/Build/Intermediates.noindex/GoogleDataTransport.build/Debug-iphonesimulator/GoogleDataTransport.build/Objects-normal/x86_64/GDTCOREvent+GDTCCTSupport.o.scan -- /Users/hectorgarcia/Downloads/Xcode.app/Contents/Developer/Toolchains/XcodeDefault.xctoolchain/usr/bin/clang -x objective-c -ivfsstatcache /Users/hectorgarcia/Library/Developer/Xcode/DerivedData/SDKStatCaches.noindex/iphonesimulator26.2-23C53-823d3e8b6e60bc2018c189d3ca05ba9b.sdkstatcache -fmessage-length\=0 -fdiagnostics-show-note-include-stack -fmacro-backtrace-limit\=0 -fno-color-diagnostics -fmodules-prune-interval\=86400 -fmodules-prune-after\=345600 -fbuild-session-file\=/Users/hectorgarcia/Library/Developer/Xcode/DerivedData/ModuleCache.noindex/Session.modulevalidation -fmodules-validate-once-per-build-session -Wnon-modular-include-in-framework-module -Werror\=non-modular-include-in-framework-module -Wno-trigraphs -Wno-missing-field-initializers -Wno-missing-prototypes -Wno-return-type -Wno-implicit-atomic-properties -Wno-objc-interface-ivars -Wno-arc-repeated-use-of-weak -Wno-missing-braces -Wparentheses -Wswitch -Wno-unused-function -Wno-unused-label -Wno-unused-parameter -Wno-unused-variable -Wunused-value -Wno-empty-body -Wno-uninitialized -Wno-unknown-pragmas -w -Wno-shadow -Wno-four-char-constants -Wno-conversion -Wno-constant-conversion -Wno-int-conversion -Wno-bool-conversion -Wno-enum-conversion -Wno-float-conversion -Wno-non-literal-null-conversion -Wno-objc-literal-conversion -Wshorten-64-to-32 -Wpointer-sign -Wno-newline-eof -Wno-selector -Wno-strict-selector-match -Wno-undeclared-selector -Wno-deprecated-implementations -Wno-implicit-fallthrough -fstrict-aliasing -Wprotocol -Wdeprecated-declarations -Wno-sign-conversion -Wno-infinite-recursion -Wno-comma -Wno-block-capture-autoreleasing -Wno-strict-prototypes -Wno-semicolon-before-method-body -index-store-path /Users/hectorgarcia/Library/Developer/Xcode/DerivedData/Lyo-eagkiegzrakogpczynhkaholsscs/Index.noindex/DataStore @/Users/hectorgarcia/Library/Developer/Xcode/DerivedData/Build/Intermediates.noindex/GoogleDataTransport.build/Debug-iphonesimulator/GoogleDataTransport.build/Objects-normal/x86_64/e6072d4f65d7061329687fe24e3d63a7-common-args.resp -include /Users/hectorgarcia/Library/Developer/Xcode/DerivedData/Build/Intermediates.noindex/GoogleDataTransport.build/Debug-iphonesimulator/GoogleDataTransport.build/DerivedSources/resource_bundle_accessor.h -MMD -MT dependencies -MF /Users/hectorgarcia/Library/Developer/Xcode/DerivedData/Build/Intermediates.noindex/GoogleDataTransport.build/Debug-iphonesimulator/GoogleDataTransport.build/Objects-normal/x86_64/GDTCOREvent+GDTCCTSupport.d --serialize-diagnostics /Users/hectorgarcia/Library/Developer/Xcode/DerivedData/Build/Intermediates.noindex/GoogleDataTransport.build/Debug-iphonesimulator/GoogleDataTransport.build/Objects-normal/x86_64/GDTCOREvent+GDTCCTSupport.dia -c /Users/hectorgarcia/Library/Developer/Xcode/DerivedData/Lyo-eagkiegzrakogpczynhkaholsscs/SourcePackages/checkouts/GoogleDataTransport/GoogleDataTransport/GDTCCTLibrary/GDTCOREvent+GDTCCTSupport.m -o /Users/hectorgarcia/Library/Developer/Xcode/DerivedData/Build/Intermediates.noindex/GoogleDataTransport.build/Debug-iphonesimulator/GoogleDataTransport.build/Objects-normal/x86_64/GDTCOREvent+GDTCCTSupport.o -index-unit-output-path /GoogleDataTransport.build/Debug-iphonesimulator/GoogleDataTransport.build/Objects-normal/x86_64/GDTCOREvent+GDTCCTSupport.o

ScanDependencies /Users/hectorgarcia/Library/Developer/Xcode/DerivedData/Build/Intermediates.noindex/GoogleDataTransport.build/Debug-iphonesimulator/GoogleDataTransport.build/Objects-normal/x86_64/GDTCOREndpoints.o /Users/hectorgarcia/Library/Developer/Xcode/DerivedData/Lyo-eagkiegzrakogpczynhkaholsscs/SourcePackages/checkouts/GoogleDataTransport/GoogleDataTransport/GDTCORLibrary/GDTCOREndpoints.m normal x86_64 objective-c com.apple.compilers.llvm.clang.1_0.compiler (in target 'GoogleDataTransport' from project 'GoogleDataTransport')
    cd /Users/hectorgarcia/LYO_Da_ONE/Lyo.xcodeproj
    
    Using response file: /Users/hectorgarcia/Library/Developer/Xcode/DerivedData/Build/Intermediates.noindex/GoogleDataTransport.build/Debug-iphonesimulator/GoogleDataTransport.build/Objects-normal/x86_64/e6072d4f65d7061329687fe24e3d63a7-common-args.resp
    
    builtin-ScanDependencies -o /Users/hectorgarcia/Library/Developer/Xcode/DerivedData/Build/Intermediates.noindex/GoogleDataTransport.build/Debug-iphonesimulator/GoogleDataTransport.build/Objects-normal/x86_64/GDTCOREndpoints.o.scan -- /Users/hectorgarcia/Downloads/Xcode.app/Contents/Developer/Toolchains/XcodeDefault.xctoolchain/usr/bin/clang -x objective-c -ivfsstatcache /Users/hectorgarcia/Library/Developer/Xcode/DerivedData/SDKStatCaches.noindex/iphonesimulator26.2-23C53-823d3e8b6e60bc2018c189d3ca05ba9b.sdkstatcache -fmessage-length\=0 -fdiagnostics-show-note-include-stack -fmacro-backtrace-limit\=0 -fno-color-diagnostics -fmodules-prune-interval\=86400 -fmodules-prune-after\=345600 -fbuild-session-file\=/Users/hectorgarcia/Library/Developer/Xcode/DerivedData/ModuleCache.noindex/Session.modulevalidation -fmodules-validate-once-per-build-session -Wnon-modular-include-in-framework-module -Werror\=non-modular-include-in-framework-module -Wno-trigraphs -Wno-missing-field-initializers -Wno-missing-prototypes -Wno-return-type -Wno-implicit-atomic-properties -Wno-objc-interface-ivars -Wno-arc-repeated-use-of-weak -Wno-missing-braces -Wparentheses -Wswitch -Wno-unused-function -Wno-unused-label -Wno-unused-parameter -Wno-unused-variable -Wunused-value -Wno-empty-body -Wno-uninitialized -Wno-unknown-pragmas -w -Wno-shadow -Wno-four-char-constants -Wno-conversion -Wno-constant-conversion -Wno-int-conversion -Wno-bool-conversion -Wno-enum-conversion -Wno-float-conversion -Wno-non-literal-null-conversion -Wno-objc-literal-conversion -Wshorten-64-to-32 -Wpointer-sign -Wno-newline-eof -Wno-selector -Wno-strict-selector-match -Wno-undeclared-selector -Wno-deprecated-implementations -Wno-implicit-fallthrough -fstrict-aliasing -Wprotocol -Wdeprecated-declarations -Wno-sign-conversion -Wno-infinite-recursion -Wno-comma -Wno-block-capture-autoreleasing -Wno-strict-prototypes -Wno-semicolon-before-method-body -index-store-path /Users/hectorgarcia/Library/Developer/Xcode/DerivedData/Lyo-eagkiegzrakogpczynhkaholsscs/Index.noindex/DataStore @/Users/hectorgarcia/Library/Developer/Xcode/DerivedData/Build/Intermediates.noindex/GoogleDataTransport.build/Debug-iphonesimulator/GoogleDataTransport.build/Objects-normal/x86_64/e6072d4f65d7061329687fe24e3d63a7-common-args.resp -include /Users/hectorgarcia/Library/Developer/Xcode/DerivedData/Build/Intermediates.noindex/GoogleDataTransport.build/Debug-iphonesimulator/GoogleDataTransport.build/DerivedSources/resource_bundle_accessor.h -MMD -MT dependencies -MF /Users/hectorgarcia/Library/Developer/Xcode/DerivedData/Build/Intermediates.noindex/GoogleDataTransport.build/Debug-iphonesimulator/GoogleDataTransport.build/Objects-normal/x86_64/GDTCOREndpoints.d --serialize-diagnostics /Users/hectorgarcia/Library/Developer/Xcode/DerivedData/Build/Intermediates.noindex/GoogleDataTransport.build/Debug-iphonesimulator/GoogleDataTransport.build/Objects-normal/x86_64/GDTCOREndpoints.dia -c /Users/hectorgarcia/Library/Developer/Xcode/DerivedData/Lyo-eagkiegzrakogpczynhkaholsscs/SourcePackages/checkouts/GoogleDataTransport/GoogleDataTransport/GDTCORLibrary/GDTCOREndpoints.m -o /Users/hectorgarcia/Library/Developer/Xcode/DerivedData/Build/Intermediates.noindex/GoogleDataTransport.build/Debug-iphonesimulator/GoogleDataTransport.build/Objects-normal/x86_64/GDTCOREndpoints.o -index-unit-output-path /GoogleDataTransport.build/Debug-iphonesimulator/GoogleDataTransport.build/Objects-normal/x86_64/GDTCOREndpoints.o

PrecompileModule /Users/hectorgarcia/Library/Developer/Xcode/DerivedData/Build/Intermediates.noindex/ExplicitPrecompiledModules/CoreFoundation-3H5CCSWMRX11FE3BC6FHRERTL.scan
    cd /
    builtin-precompileModule /Users/hectorgarcia/Library/Developer/Xcode/DerivedData/Build/Intermediates.noindex/ExplicitPrecompiledModules/CoreFoundation-3H5CCSWMRX11FE3BC6FHRERTL.scan

PrecompileModule /Users/hectorgarcia/Library/Developer/Xcode/DerivedData/Build/Intermediates.noindex/ExplicitPrecompiledModules/XPC-73PYM1KCRJHHWAFCCWA2GRO0P.scan
    cd /
    builtin-precompileModule /Users/hectorgarcia/Library/Developer/Xcode/DerivedData/Build/Intermediates.noindex/ExplicitPrecompiledModules/XPC-73PYM1KCRJHHWAFCCWA2GRO0P.scan

SwiftDriverJobDiscovery normal x86_64 Compiling Promise+Any.swift, Promise+Async.swift, Promise+Await.swift (in target 'Promises' from project 'Promises')

ScanDependencies /Users/hectorgarcia/Library/Developer/Xcode/DerivedData/Build/Intermediates.noindex/GoogleDataTransport.build/Debug-iphonesimulator/GoogleDataTransport.build/Objects-normal/x86_64/GDTCORDirectorySizeTracker.o /Users/hectorgarcia/Library/Developer/Xcode/DerivedData/Lyo-eagkiegzrakogpczynhkaholsscs/SourcePackages/checkouts/GoogleDataTransport/GoogleDataTransport/GDTCORLibrary/GDTCORDirectorySizeTracker.m normal x86_64 objective-c com.apple.compilers.llvm.clang.1_0.compiler (in target 'GoogleDataTransport' from project 'GoogleDataTransport')
    cd /Users/hectorgarcia/LYO_Da_ONE/Lyo.xcodeproj
    
    Using response file: /Users/hectorgarcia/Library/Developer/Xcode/DerivedData/Build/Intermediates.noindex/GoogleDataTransport.build/Debug-iphonesimulator/GoogleDataTransport.build/Objects-normal/x86_64/e6072d4f65d7061329687fe24e3d63a7-common-args.resp
    
    builtin-ScanDependencies -o /Users/hectorgarcia/Library/Developer/Xcode/DerivedData/Build/Intermediates.noindex/GoogleDataTransport.build/Debug-iphonesimulator/GoogleDataTransport.build/Objects-normal/x86_64/GDTCORDirectorySizeTracker.o.scan -- /Users/hectorgarcia/Downloads/Xcode.app/Contents/Developer/Toolchains/XcodeDefault.xctoolchain/usr/bin/clang -x objective-c -ivfsstatcache /Users/hectorgarcia/Library/Developer/Xcode/DerivedData/SDKStatCaches.noindex/iphonesimulator26.2-23C53-823d3e8b6e60bc2018c189d3ca05ba9b.sdkstatcache -fmessage-length\=0 -fdiagnostics-show-note-include-stack -fmacro-backtrace-limit\=0 -fno-color-diagnostics -fmodules-prune-interval\=86400 -fmodules-prune-after\=345600 -fbuild-session-file\=/Users/hectorgarcia/Library/Developer/Xcode/DerivedData/ModuleCache.noindex/Session.modulevalidation -fmodules-validate-once-per-build-session -Wnon-modular-include-in-framework-module -Werror\=non-modular-include-in-framework-module -Wno-trigraphs -Wno-missing-field-initializers -Wno-missing-prototypes -Wno-return-type -Wno-implicit-atomic-properties -Wno-objc-interface-ivars -Wno-arc-repeated-use-of-weak -Wno-missing-braces -Wparentheses -Wswitch -Wno-unused-function -Wno-unused-label -Wno-unused-parameter -Wno-unused-variable -Wunused-value -Wno-empty-body -Wno-uninitialized -Wno-unknown-pragmas -w -Wno-shadow -Wno-four-char-constants -Wno-conversion -Wno-constant-conversion -Wno-int-conversion -Wno-bool-conversion -Wno-enum-conversion -Wno-float-conversion -Wno-non-literal-null-conversion -Wno-objc-literal-conversion -Wshorten-64-to-32 -Wpointer-sign -Wno-newline-eof -Wno-selector -Wno-strict-selector-match -Wno-undeclared-selector -Wno-deprecated-implementations -Wno-implicit-fallthrough -fstrict-aliasing -Wprotocol -Wdeprecated-declarations -Wno-sign-conversion -Wno-infinite-recursion -Wno-comma -Wno-block-capture-autoreleasing -Wno-strict-prototypes -Wno-semicolon-before-method-body -index-store-path /Users/hectorgarcia/Library/Developer/Xcode/DerivedData/Lyo-eagkiegzrakogpczynhkaholsscs/Index.noindex/DataStore @/Users/hectorgarcia/Library/Developer/Xcode/DerivedData/Build/Intermediates.noindex/GoogleDataTransport.build/Debug-iphonesimulator/GoogleDataTransport.build/Objects-normal/x86_64/e6072d4f65d7061329687fe24e3d63a7-common-args.resp -include /Users/hectorgarcia/Library/Developer/Xcode/DerivedData/Build/Intermediates.noindex/GoogleDataTransport.build/Debug-iphonesimulator/GoogleDataTransport.build/DerivedSources/resource_bundle_accessor.h -MMD -MT dependencies -MF /Users/hectorgarcia/Library/Developer/Xcode/DerivedData/Build/Intermediates.noindex/GoogleDataTransport.build/Debug-iphonesimulator/GoogleDataTransport.build/Objects-normal/x86_64/GDTCORDirectorySizeTracker.d --serialize-diagnostics /Users/hectorgarcia/Library/Developer/Xcode/DerivedData/Build/Intermediates.noindex/GoogleDataTransport.build/Debug-iphonesimulator/GoogleDataTransport.build/Objects-normal/x86_64/GDTCORDirectorySizeTracker.dia -c /Users/hectorgarcia/Library/Developer/Xcode/DerivedData/Lyo-eagkiegzrakogpczynhkaholsscs/SourcePackages/checkouts/GoogleDataTransport/GoogleDataTransport/GDTCORLibrary/GDTCORDirectorySizeTracker.m -o /Users/hectorgarcia/Library/Developer/Xcode/DerivedData/Build/Intermediates.noindex/GoogleDataTransport.build/Debug-iphonesimulator/GoogleDataTransport.build/Objects-normal/x86_64/GDTCORDirectorySizeTracker.o -index-unit-output-path /GoogleDataTransport.build/Debug-iphonesimulator/GoogleDataTransport.build/Objects-normal/x86_64/GDTCORDirectorySizeTracker.o

SwiftDriverJobDiscovery normal x86_64 Compiling resource_bundle_accessor.swift, Promise+All.swift, Promise+Always.swift (in target 'Promises' from project 'Promises')

ScanDependencies /Users/hectorgarcia/Library/Developer/Xcode/DerivedData/Build/Intermediates.noindex/GoogleDataTransport.build/Debug-iphonesimulator/GoogleDataTransport.build/Objects-normal/x86_64/GDTCORConsoleLogger.o /Users/hectorgarcia/Library/Developer/Xcode/DerivedData/Lyo-eagkiegzrakogpczynhkaholsscs/SourcePackages/checkouts/GoogleDataTransport/GoogleDataTransport/GDTCORLibrary/GDTCORConsoleLogger.m normal x86_64 objective-c com.apple.compilers.llvm.clang.1_0.compiler (in target 'GoogleDataTransport' from project 'GoogleDataTransport')
    cd /Users/hectorgarcia/LYO_Da_ONE/Lyo.xcodeproj
    
    Using response file: /Users/hectorgarcia/Library/Developer/Xcode/DerivedData/Build/Intermediates.noindex/GoogleDataTransport.build/Debug-iphonesimulator/GoogleDataTransport.build/Objects-normal/x86_64/e6072d4f65d7061329687fe24e3d63a7-common-args.resp
    
    builtin-ScanDependencies -o /Users/hectorgarcia/Library/Developer/Xcode/DerivedData/Build/Intermediates.noindex/GoogleDataTransport.build/Debug-iphonesimulator/GoogleDataTransport.build/Objects-normal/x86_64/GDTCORConsoleLogger.o.scan -- /Users/hectorgarcia/Downloads/Xcode.app/Contents/Developer/Toolchains/XcodeDefault.xctoolchain/usr/bin/clang -x objective-c -ivfsstatcache /Users/hectorgarcia/Library/Developer/Xcode/DerivedData/SDKStatCaches.noindex/iphonesimulator26.2-23C53-823d3e8b6e60bc2018c189d3ca05ba9b.sdkstatcache -fmessage-length\=0 -fdiagnostics-show-note-include-stack -fmacro-backtrace-limit\=0 -fno-color-diagnostics -fmodules-prune-interval\=86400 -fmodules-prune-after\=345600 -fbuild-session-file\=/Users/hectorgarcia/Library/Developer/Xcode/DerivedData/ModuleCache.noindex/Session.modulevalidation -fmodules-validate-once-per-build-session -Wnon-modular-include-in-framework-module -Werror\=non-modular-include-in-framework-module -Wno-trigraphs -Wno-missing-field-initializers -Wno-missing-prototypes -Wno-return-type -Wno-implicit-atomic-properties -Wno-objc-interface-ivars -Wno-arc-repeated-use-of-weak -Wno-missing-braces -Wparentheses -Wswitch -Wno-unused-function -Wno-unused-label -Wno-unused-parameter -Wno-unused-variable -Wunused-value -Wno-empty-body -Wno-uninitialized -Wno-unknown-pragmas -w -Wno-shadow -Wno-four-char-constants -Wno-conversion -Wno-constant-conversion -Wno-int-conversion -Wno-bool-conversion -Wno-enum-conversion -Wno-float-conversion -Wno-non-literal-null-conversion -Wno-objc-literal-conversion -Wshorten-64-to-32 -Wpointer-sign -Wno-newline-eof -Wno-selector -Wno-strict-selector-match -Wno-undeclared-selector -Wno-deprecated-implementations -Wno-implicit-fallthrough -fstrict-aliasing -Wprotocol -Wdeprecated-declarations -Wno-sign-conversion -Wno-infinite-recursion -Wno-comma -Wno-block-capture-autoreleasing -Wno-strict-prototypes -Wno-semicolon-before-method-body -index-store-path /Users/hectorgarcia/Library/Developer/Xcode/DerivedData/Lyo-eagkiegzrakogpczynhkaholsscs/Index.noindex/DataStore @/Users/hectorgarcia/Library/Developer/Xcode/DerivedData/Build/Intermediates.noindex/GoogleDataTransport.build/Debug-iphonesimulator/GoogleDataTransport.build/Objects-normal/x86_64/e6072d4f65d7061329687fe24e3d63a7-common-args.resp -include /Users/hectorgarcia/Library/Developer/Xcode/DerivedData/Build/Intermediates.noindex/GoogleDataTransport.build/Debug-iphonesimulator/GoogleDataTransport.build/DerivedSources/resource_bundle_accessor.h -MMD -MT dependencies -MF /Users/hectorgarcia/Library/Developer/Xcode/DerivedData/Build/Intermediates.noindex/GoogleDataTransport.build/Debug-iphonesimulator/GoogleDataTransport.build/Objects-normal/x86_64/GDTCORConsoleLogger.d --serialize-diagnostics /Users/hectorgarcia/Library/Developer/Xcode/DerivedData/Build/Intermediates.noindex/GoogleDataTransport.build/Debug-iphonesimulator/GoogleDataTransport.build/Objects-normal/x86_64/GDTCORConsoleLogger.dia -c /Users/hectorgarcia/Library/Developer/Xcode/DerivedData/Lyo-eagkiegzrakogpczynhkaholsscs/SourcePackages/checkouts/GoogleDataTransport/GoogleDataTransport/GDTCORLibrary/GDTCORConsoleLogger.m -o /Users/hectorgarcia/Library/Developer/Xcode/DerivedData/Build/Intermediates.noindex/GoogleDataTransport.build/Debug-iphonesimulator/GoogleDataTransport.build/Objects-normal/x86_64/GDTCORConsoleLogger.o -index-unit-output-path /GoogleDataTransport.build/Debug-iphonesimulator/GoogleDataTransport.build/Objects-normal/x86_64/GDTCORConsoleLogger.o

SwiftDriver\ Compilation Promises normal x86_64 com.apple.xcode.tools.swift.compiler (in target 'Promises' from project 'Promises')
    cd /Users/hectorgarcia/LYO_Da_ONE/Lyo.xcodeproj
    builtin-Swift-Compilation -- /Users/hectorgarcia/Downloads/Xcode.app/Contents/Developer/Toolchains/XcodeDefault.xctoolchain/usr/bin/swiftc -module-name Promises -Onone -enforce-exclusivity\=checked @/Users/hectorgarcia/Library/Developer/Xcode/DerivedData/Build/Intermediates.noindex/Promises.build/Debug-iphonesimulator/Promises.build/Objects-normal/x86_64/Promises.SwiftFileList -DSWIFT_PACKAGE -DDEBUG -DSWIFT_MODULE_RESOURCE_BUNDLE_AVAILABLE -DXcode -plugin-path /Users/hectorgarcia/Downloads/Xcode.app/Contents/Developer/Toolchains/XcodeDefault.xctoolchain/usr/lib/swift/host/plugins/testing -enable-experimental-feature DebugDescriptionMacro -sdk /Users/hectorgarcia/Downloads/Xcode.app/Contents/Developer/Platforms/iPhoneSimulator.platform/Developer/SDKs/iPhoneSimulator26.2.sdk -target x86_64-apple-ios12.0-simulator -g -module-cache-path /Users/hectorgarcia/Library/Developer/Xcode/DerivedData/ModuleCache.noindex -Xfrontend -serialize-debugging-options -enable-testing -suppress-warnings -index-store-path /Users/hectorgarcia/Library/Developer/Xcode/DerivedData/Lyo-eagkiegzrakogpczynhkaholsscs/Index.noindex/DataStore -Xcc -D_LIBCPP_HARDENING_MODE\=_LIBCPP_HARDENING_MODE_DEBUG -swift-version 5 -I /Users/hectorgarcia/Library/Developer/Xcode/DerivedData/Build/Products/Debug-iphonesimulator -Isystem /Users/hectorgarcia/Downloads/Xcode.app/Contents/Developer/Platforms/iPhoneSimulator.platform/Developer/usr/lib -F /Users/hectorgarcia/Library/Developer/Xcode/DerivedData/Build/Products/Debug-iphonesimulator/PackageFrameworks -F /Users/hectorgarcia/Library/Developer/Xcode/DerivedData/Build/Products/Debug-iphonesimulator -F /Users/hectorgarcia/Downloads/Xcode.app/Contents/Developer/Platforms/iPhoneSimulator.platform/Developer/Library/Frameworks -F /Users/hectorgarcia/Downloads/Xcode.app/Contents/Developer/Platforms/iPhoneSimulator.platform/Developer/SDKs/iPhoneSimulator26.2.sdk/Developer/Library/Frameworks -c -j8 -enable-batch-mode -incremental -Xcc -ivfsstatcache -Xcc /Users/hectorgarcia/Library/Developer/Xcode/DerivedData/SDKStatCaches.noindex/iphonesimulator26.2-23C53-823d3e8b6e60bc2018c189d3ca05ba9b.sdkstatcache -output-file-map /Users/hectorgarcia/Library/Developer/Xcode/DerivedData/Build/Intermediates.noindex/Promises.build/Debug-iphonesimulator/Promises.build/Objects-normal/x86_64/Promises-OutputFileMap.json -use-frontend-parseable-output -save-temps -no-color-diagnostics -explicit-module-build -module-cache-path /Users/hectorgarcia/Library/Developer/Xcode/DerivedData/Build/Intermediates.noindex/SwiftExplicitPrecompiledModules -clang-scanner-module-cache-path /Users/hectorgarcia/Library/Developer/Xcode/DerivedData/ModuleCache.noindex -sdk-module-cache-path /Users/hectorgarcia/Library/Developer/Xcode/DerivedData/ModuleCache.noindex -serialize-diagnostics -emit-dependencies -emit-module -emit-module-path /Users/hectorgarcia/Library/Developer/Xcode/DerivedData/Build/Intermediates.noindex/Promises.build/Debug-iphonesimulator/Promises.build/Objects-normal/x86_64/Promises.swiftmodule -validate-clang-modules-once -clang-build-session-file /Users/hectorgarcia/Library/Developer/Xcode/DerivedData/ModuleCache.noindex/Session.modulevalidation -Xcc -I/Users/hectorgarcia/Library/Developer/Xcode/DerivedData/Build/Intermediates.noindex/Promises.build/Debug-iphonesimulator/Promises.build/swift-overrides.hmap -emit-const-values -Xfrontend -const-gather-protocols-file -Xfrontend /Users/hectorgarcia/Library/Developer/Xcode/DerivedData/Build/Intermediates.noindex/Promises.build/Debug-iphonesimulator/Promises.build/Objects-normal/x86_64/Promises_const_extract_protocols.json -Xcc -I/Users/hectorgarcia/Library/Developer/Xcode/DerivedData/Lyo-eagkiegzrakogpczynhkaholsscs/SourcePackages/checkouts/promises/Sources/FBLPromises/include -Xcc -I/Users/hectorgarcia/Library/Developer/Xcode/DerivedData/Build/Products/Debug-iphonesimulator/include -Xcc -I/Users/hectorgarcia/Library/Developer/Xcode/DerivedData/Build/Intermediates.noindex/Promises.build/Debug-iphonesimulator/Promises.build/DerivedSources-normal/x86_64 -Xcc -I/Users/hectorgarcia/Library/Developer/Xcode/DerivedData/Build/Intermediates.noindex/Promises.build/Debug-iphonesimulator/Promises.build/DerivedSources/x86_64 -Xcc -I/Users/hectorgarcia/Library/Developer/Xcode/DerivedData/Build/Intermediates.noindex/Promises.build/Debug-iphonesimulator/Promises.build/DerivedSources -Xcc -DSWIFT_PACKAGE -Xcc -DDEBUG\=1 -emit-objc-header -emit-objc-header-path /Users/hectorgarcia/Library/Developer/Xcode/DerivedData/Build/Intermediates.noindex/Promises.build/Debug-iphonesimulator/Promises.build/Objects-normal/x86_64/Promises-Swift.h -working-directory /Users/hectorgarcia/LYO_Da_ONE/Lyo.xcodeproj -experimental-emit-module-separately -disable-cmo

ScanDependencies /Users/hectorgarcia/Library/Developer/Xcode/DerivedData/Build/Intermediates.noindex/GoogleDataTransport.build/Debug-iphonesimulator/GoogleDataTransport.build/Objects-normal/x86_64/GDTCORClock.o /Users/hectorgarcia/Library/Developer/Xcode/DerivedData/Lyo-eagkiegzrakogpczynhkaholsscs/SourcePackages/checkouts/GoogleDataTransport/GoogleDataTransport/GDTCORLibrary/GDTCORClock.m normal x86_64 objective-c com.apple.compilers.llvm.clang.1_0.compiler (in target 'GoogleDataTransport' from project 'GoogleDataTransport')
    cd /Users/hectorgarcia/LYO_Da_ONE/Lyo.xcodeproj
    
    Using response file: /Users/hectorgarcia/Library/Developer/Xcode/DerivedData/Build/Intermediates.noindex/GoogleDataTransport.build/Debug-iphonesimulator/GoogleDataTransport.build/Objects-normal/x86_64/e6072d4f65d7061329687fe24e3d63a7-common-args.resp
    
    builtin-ScanDependencies -o /Users/hectorgarcia/Library/Developer/Xcode/DerivedData/Build/Intermediates.noindex/GoogleDataTransport.build/Debug-iphonesimulator/GoogleDataTransport.build/Objects-normal/x86_64/GDTCORClock.o.scan -- /Users/hectorgarcia/Downloads/Xcode.app/Contents/Developer/Toolchains/XcodeDefault.xctoolchain/usr/bin/clang -x objective-c -ivfsstatcache /Users/hectorgarcia/Library/Developer/Xcode/DerivedData/SDKStatCaches.noindex/iphonesimulator26.2-23C53-823d3e8b6e60bc2018c189d3ca05ba9b.sdkstatcache -fmessage-length\=0 -fdiagnostics-show-note-include-stack -fmacro-backtrace-limit\=0 -fno-color-diagnostics -fmodules-prune-interval\=86400 -fmodules-prune-after\=345600 -fbuild-session-file\=/Users/hectorgarcia/Library/Developer/Xcode/DerivedData/ModuleCache.noindex/Session.modulevalidation -fmodules-validate-once-per-build-session -Wnon-modular-include-in-framework-module -Werror\=non-modular-include-in-framework-module -Wno-trigraphs -Wno-missing-field-initializers -Wno-missing-prototypes -Wno-return-type -Wno-implicit-atomic-properties -Wno-objc-interface-ivars -Wno-arc-repeated-use-of-weak -Wno-missing-braces -Wparentheses -Wswitch -Wno-unused-function -Wno-unused-label -Wno-unused-parameter -Wno-unused-variable -Wunused-value -Wno-empty-body -Wno-uninitialized -Wno-unknown-pragmas -w -Wno-shadow -Wno-four-char-constants -Wno-conversion -Wno-constant-conversion -Wno-int-conversion -Wno-bool-conversion -Wno-enum-conversion -Wno-float-conversion -Wno-non-literal-null-conversion -Wno-objc-literal-conversion -Wshorten-64-to-32 -Wpointer-sign -Wno-newline-eof -Wno-selector -Wno-strict-selector-match -Wno-undeclared-selector -Wno-deprecated-implementations -Wno-implicit-fallthrough -fstrict-aliasing -Wprotocol -Wdeprecated-declarations -Wno-sign-conversion -Wno-infinite-recursion -Wno-comma -Wno-block-capture-autoreleasing -Wno-strict-prototypes -Wno-semicolon-before-method-body -index-store-path /Users/hectorgarcia/Library/Developer/Xcode/DerivedData/Lyo-eagkiegzrakogpczynhkaholsscs/Index.noindex/DataStore @/Users/hectorgarcia/Library/Developer/Xcode/DerivedData/Build/Intermediates.noindex/GoogleDataTransport.build/Debug-iphonesimulator/GoogleDataTransport.build/Objects-normal/x86_64/e6072d4f65d7061329687fe24e3d63a7-common-args.resp -include /Users/hectorgarcia/Library/Developer/Xcode/DerivedData/Build/Intermediates.noindex/GoogleDataTransport.build/Debug-iphonesimulator/GoogleDataTransport.build/DerivedSources/resource_bundle_accessor.h -MMD -MT dependencies -MF /Users/hectorgarcia/Library/Developer/Xcode/DerivedData/Build/Intermediates.noindex/GoogleDataTransport.build/Debug-iphonesimulator/GoogleDataTransport.build/Objects-normal/x86_64/GDTCORClock.d --serialize-diagnostics /Users/hectorgarcia/Library/Developer/Xcode/DerivedData/Build/Intermediates.noindex/GoogleDataTransport.build/Debug-iphonesimulator/GoogleDataTransport.build/Objects-normal/x86_64/GDTCORClock.dia -c /Users/hectorgarcia/Library/Developer/Xcode/DerivedData/Lyo-eagkiegzrakogpczynhkaholsscs/SourcePackages/checkouts/GoogleDataTransport/GoogleDataTransport/GDTCORLibrary/GDTCORClock.m -o /Users/hectorgarcia/Library/Developer/Xcode/DerivedData/Build/Intermediates.noindex/GoogleDataTransport.build/Debug-iphonesimulator/GoogleDataTransport.build/Objects-normal/x86_64/GDTCORClock.o -index-unit-output-path /GoogleDataTransport.build/Debug-iphonesimulator/GoogleDataTransport.build/Objects-normal/x86_64/GDTCORClock.o

ScanDependencies /Users/hectorgarcia/Library/Developer/Xcode/DerivedData/Build/Intermediates.noindex/GoogleDataTransport.build/Debug-iphonesimulator/GoogleDataTransport.build/Objects-normal/x86_64/GDTCORAssert.o /Users/hectorgarcia/Library/Developer/Xcode/DerivedData/Lyo-eagkiegzrakogpczynhkaholsscs/SourcePackages/checkouts/GoogleDataTransport/GoogleDataTransport/GDTCORLibrary/GDTCORAssert.m normal x86_64 objective-c com.apple.compilers.llvm.clang.1_0.compiler (in target 'GoogleDataTransport' from project 'GoogleDataTransport')
    cd /Users/hectorgarcia/LYO_Da_ONE/Lyo.xcodeproj
    
    Using response file: /Users/hectorgarcia/Library/Developer/Xcode/DerivedData/Build/Intermediates.noindex/GoogleDataTransport.build/Debug-iphonesimulator/GoogleDataTransport.build/Objects-normal/x86_64/e6072d4f65d7061329687fe24e3d63a7-common-args.resp
    
    builtin-ScanDependencies -o /Users/hectorgarcia/Library/Developer/Xcode/DerivedData/Build/Intermediates.noindex/GoogleDataTransport.build/Debug-iphonesimulator/GoogleDataTransport.build/Objects-normal/x86_64/GDTCORAssert.o.scan -- /Users/hectorgarcia/Downloads/Xcode.app/Contents/Developer/Toolchains/XcodeDefault.xctoolchain/usr/bin/clang -x objective-c -ivfsstatcache /Users/hectorgarcia/Library/Developer/Xcode/DerivedData/SDKStatCaches.noindex/iphonesimulator26.2-23C53-823d3e8b6e60bc2018c189d3ca05ba9b.sdkstatcache -fmessage-length\=0 -fdiagnostics-show-note-include-stack -fmacro-backtrace-limit\=0 -fno-color-diagnostics -fmodules-prune-interval\=86400 -fmodules-prune-after\=345600 -fbuild-session-file\=/Users/hectorgarcia/Library/Developer/Xcode/DerivedData/ModuleCache.noindex/Session.modulevalidation -fmodules-validate-once-per-build-session -Wnon-modular-include-in-framework-module -Werror\=non-modular-include-in-framework-module -Wno-trigraphs -Wno-missing-field-initializers -Wno-missing-prototypes -Wno-return-type -Wno-implicit-atomic-properties -Wno-objc-interface-ivars -Wno-arc-repeated-use-of-weak -Wno-missing-braces -Wparentheses -Wswitch -Wno-unused-function -Wno-unused-label -Wno-unused-parameter -Wno-unused-variable -Wunused-value -Wno-empty-body -Wno-uninitialized -Wno-unknown-pragmas -w -Wno-shadow -Wno-four-char-constants -Wno-conversion -Wno-constant-conversion -Wno-int-conversion -Wno-bool-conversion -Wno-enum-conversion -Wno-float-conversion -Wno-non-literal-null-conversion -Wno-objc-literal-conversion -Wshorten-64-to-32 -Wpointer-sign -Wno-newline-eof -Wno-selector -Wno-strict-selector-match -Wno-undeclared-selector -Wno-deprecated-implementations -Wno-implicit-fallthrough -fstrict-aliasing -Wprotocol -Wdeprecated-declarations -Wno-sign-conversion -Wno-infinite-recursion -Wno-comma -Wno-block-capture-autoreleasing -Wno-strict-prototypes -Wno-semicolon-before-method-body -index-store-path /Users/hectorgarcia/Library/Developer/Xcode/DerivedData/Lyo-eagkiegzrakogpczynhkaholsscs/Index.noindex/DataStore @/Users/hectorgarcia/Library/Developer/Xcode/DerivedData/Build/Intermediates.noindex/GoogleDataTransport.build/Debug-iphonesimulator/GoogleDataTransport.build/Objects-normal/x86_64/e6072d4f65d7061329687fe24e3d63a7-common-args.resp -include /Users/hectorgarcia/Library/Developer/Xcode/DerivedData/Build/Intermediates.noindex/GoogleDataTransport.build/Debug-iphonesimulator/GoogleDataTransport.build/DerivedSources/resource_bundle_accessor.h -MMD -MT dependencies -MF /Users/hectorgarcia/Library/Developer/Xcode/DerivedData/Build/Intermediates.noindex/GoogleDataTransport.build/Debug-iphonesimulator/GoogleDataTransport.build/Objects-normal/x86_64/GDTCORAssert.d --serialize-diagnostics /Users/hectorgarcia/Library/Developer/Xcode/DerivedData/Build/Intermediates.noindex/GoogleDataTransport.build/Debug-iphonesimulator/GoogleDataTransport.build/Objects-normal/x86_64/GDTCORAssert.dia -c /Users/hectorgarcia/Library/Developer/Xcode/DerivedData/Lyo-eagkiegzrakogpczynhkaholsscs/SourcePackages/checkouts/GoogleDataTransport/GoogleDataTransport/GDTCORLibrary/GDTCORAssert.m -o /Users/hectorgarcia/Library/Developer/Xcode/DerivedData/Build/Intermediates.noindex/GoogleDataTransport.build/Debug-iphonesimulator/GoogleDataTransport.build/Objects-normal/x86_64/GDTCORAssert.o -index-unit-output-path /GoogleDataTransport.build/Debug-iphonesimulator/GoogleDataTransport.build/Objects-normal/x86_64/GDTCORAssert.o

ScanDependencies /Users/hectorgarcia/Library/Developer/Xcode/DerivedData/Build/Intermediates.noindex/GoogleDataTransport.build/Debug-iphonesimulator/GoogleDataTransport.build/Objects-normal/x86_64/GDTCCTUploader.o /Users/hectorgarcia/Library/Developer/Xcode/DerivedData/Lyo-eagkiegzrakogpczynhkaholsscs/SourcePackages/checkouts/GoogleDataTransport/GoogleDataTransport/GDTCCTLibrary/GDTCCTUploader.m normal x86_64 objective-c com.apple.compilers.llvm.clang.1_0.compiler (in target 'GoogleDataTransport' from project 'GoogleDataTransport')
    cd /Users/hectorgarcia/LYO_Da_ONE/Lyo.xcodeproj
    
    Using response file: /Users/hectorgarcia/Library/Developer/Xcode/DerivedData/Build/Intermediates.noindex/GoogleDataTransport.build/Debug-iphonesimulator/GoogleDataTransport.build/Objects-normal/x86_64/e6072d4f65d7061329687fe24e3d63a7-common-args.resp
    
    builtin-ScanDependencies -o /Users/hectorgarcia/Library/Developer/Xcode/DerivedData/Build/Intermediates.noindex/GoogleDataTransport.build/Debug-iphonesimulator/GoogleDataTransport.build/Objects-normal/x86_64/GDTCCTUploader.o.scan -- /Users/hectorgarcia/Downloads/Xcode.app/Contents/Developer/Toolchains/XcodeDefault.xctoolchain/usr/bin/clang -x objective-c -ivfsstatcache /Users/hectorgarcia/Library/Developer/Xcode/DerivedData/SDKStatCaches.noindex/iphonesimulator26.2-23C53-823d3e8b6e60bc2018c189d3ca05ba9b.sdkstatcache -fmessage-length\=0 -fdiagnostics-show-note-include-stack -fmacro-backtrace-limit\=0 -fno-color-diagnostics -fmodules-prune-interval\=86400 -fmodules-prune-after\=345600 -fbuild-session-file\=/Users/hectorgarcia/Library/Developer/Xcode/DerivedData/ModuleCache.noindex/Session.modulevalidation -fmodules-validate-once-per-build-session -Wnon-modular-include-in-framework-module -Werror\=non-modular-include-in-framework-module -Wno-trigraphs -Wno-missing-field-initializers -Wno-missing-prototypes -Wno-return-type -Wno-implicit-atomic-properties -Wno-objc-interface-ivars -Wno-arc-repeated-use-of-weak -Wno-missing-braces -Wparentheses -Wswitch -Wno-unused-function -Wno-unused-label -Wno-unused-parameter -Wno-unused-variable -Wunused-value -Wno-empty-body -Wno-uninitialized -Wno-unknown-pragmas -w -Wno-shadow -Wno-four-char-constants -Wno-conversion -Wno-constant-conversion -Wno-int-conversion -Wno-bool-conversion -Wno-enum-conversion -Wno-float-conversion -Wno-non-literal-null-conversion -Wno-objc-literal-conversion -Wshorten-64-to-32 -Wpointer-sign -Wno-newline-eof -Wno-selector -Wno-strict-selector-match -Wno-undeclared-selector -Wno-deprecated-implementations -Wno-implicit-fallthrough -fstrict-aliasing -Wprotocol -Wdeprecated-declarations -Wno-sign-conversion -Wno-infinite-recursion -Wno-comma -Wno-block-capture-autoreleasing -Wno-strict-prototypes -Wno-semicolon-before-method-body -index-store-path /Users/hectorgarcia/Library/Developer/Xcode/DerivedData/Lyo-eagkiegzrakogpczynhkaholsscs/Index.noindex/DataStore @/Users/hectorgarcia/Library/Developer/Xcode/DerivedData/Build/Intermediates.noindex/GoogleDataTransport.build/Debug-iphonesimulator/GoogleDataTransport.build/Objects-normal/x86_64/e6072d4f65d7061329687fe24e3d63a7-common-args.resp -include /Users/hectorgarcia/Library/Developer/Xcode/DerivedData/Build/Intermediates.noindex/GoogleDataTransport.build/Debug-iphonesimulator/GoogleDataTransport.build/DerivedSources/resource_bundle_accessor.h -MMD -MT dependencies -MF /Users/hectorgarcia/Library/Developer/Xcode/DerivedData/Build/Intermediates.noindex/GoogleDataTransport.build/Debug-iphonesimulator/GoogleDataTransport.build/Objects-normal/x86_64/GDTCCTUploader.d --serialize-diagnostics /Users/hectorgarcia/Library/Developer/Xcode/DerivedData/Build/Intermediates.noindex/GoogleDataTransport.build/Debug-iphonesimulator/GoogleDataTransport.build/Objects-normal/x86_64/GDTCCTUploader.dia -c /Users/hectorgarcia/Library/Developer/Xcode/DerivedData/Lyo-eagkiegzrakogpczynhkaholsscs/SourcePackages/checkouts/GoogleDataTransport/GoogleDataTransport/GDTCCTLibrary/GDTCCTUploader.m -o /Users/hectorgarcia/Library/Developer/Xcode/DerivedData/Build/Intermediates.noindex/GoogleDataTransport.build/Debug-iphonesimulator/GoogleDataTransport.build/Objects-normal/x86_64/GDTCCTUploader.o -index-unit-output-path /GoogleDataTransport.build/Debug-iphonesimulator/GoogleDataTransport.build/Objects-normal/x86_64/GDTCCTUploader.o

ScanDependencies /Users/hectorgarcia/Library/Developer/Xcode/DerivedData/Build/Intermediates.noindex/GoogleDataTransport.build/Debug-iphonesimulator/GoogleDataTransport.build/Objects-normal/x86_64/GDTCCTUploadOperation.o /Users/hectorgarcia/Library/Developer/Xcode/DerivedData/Lyo-eagkiegzrakogpczynhkaholsscs/SourcePackages/checkouts/GoogleDataTransport/GoogleDataTransport/GDTCCTLibrary/GDTCCTUploadOperation.m normal x86_64 objective-c com.apple.compilers.llvm.clang.1_0.compiler (in target 'GoogleDataTransport' from project 'GoogleDataTransport')
    cd /Users/hectorgarcia/LYO_Da_ONE/Lyo.xcodeproj
    
    Using response file: /Users/hectorgarcia/Library/Developer/Xcode/DerivedData/Build/Intermediates.noindex/GoogleDataTransport.build/Debug-iphonesimulator/GoogleDataTransport.build/Objects-normal/x86_64/e6072d4f65d7061329687fe24e3d63a7-common-args.resp
    
    builtin-ScanDependencies -o /Users/hectorgarcia/Library/Developer/Xcode/DerivedData/Build/Intermediates.noindex/GoogleDataTransport.build/Debug-iphonesimulator/GoogleDataTransport.build/Objects-normal/x86_64/GDTCCTUploadOperation.o.scan -- /Users/hectorgarcia/Downloads/Xcode.app/Contents/Developer/Toolchains/XcodeDefault.xctoolchain/usr/bin/clang -x objective-c -ivfsstatcache /Users/hectorgarcia/Library/Developer/Xcode/DerivedData/SDKStatCaches.noindex/iphonesimulator26.2-23C53-823d3e8b6e60bc2018c189d3ca05ba9b.sdkstatcache -fmessage-length\=0 -fdiagnostics-show-note-include-stack -fmacro-backtrace-limit\=0 -fno-color-diagnostics -fmodules-prune-interval\=86400 -fmodules-prune-after\=345600 -fbuild-session-file\=/Users/hectorgarcia/Library/Developer/Xcode/DerivedData/ModuleCache.noindex/Session.modulevalidation -fmodules-validate-once-per-build-session -Wnon-modular-include-in-framework-module -Werror\=non-modular-include-in-framework-module -Wno-trigraphs -Wno-missing-field-initializers -Wno-missing-prototypes -Wno-return-type -Wno-implicit-atomic-properties -Wno-objc-interface-ivars -Wno-arc-repeated-use-of-weak -Wno-missing-braces -Wparentheses -Wswitch -Wno-unused-function -Wno-unused-label -Wno-unused-parameter -Wno-unused-variable -Wunused-value -Wno-empty-body -Wno-uninitialized -Wno-unknown-pragmas -w -Wno-shadow -Wno-four-char-constants -Wno-conversion -Wno-constant-conversion -Wno-int-conversion -Wno-bool-conversion -Wno-enum-conversion -Wno-float-conversion -Wno-non-literal-null-conversion -Wno-objc-literal-conversion -Wshorten-64-to-32 -Wpointer-sign -Wno-newline-eof -Wno-selector -Wno-strict-selector-match -Wno-undeclared-selector -Wno-deprecated-implementations -Wno-implicit-fallthrough -fstrict-aliasing -Wprotocol -Wdeprecated-declarations -Wno-sign-conversion -Wno-infinite-recursion -Wno-comma -Wno-block-capture-autoreleasing -Wno-strict-prototypes -Wno-semicolon-before-method-body -index-store-path /Users/hectorgarcia/Library/Developer/Xcode/DerivedData/Lyo-eagkiegzrakogpczynhkaholsscs/Index.noindex/DataStore @/Users/hectorgarcia/Library/Developer/Xcode/DerivedData/Build/Intermediates.noindex/GoogleDataTransport.build/Debug-iphonesimulator/GoogleDataTransport.build/Objects-normal/x86_64/e6072d4f65d7061329687fe24e3d63a7-common-args.resp -include /Users/hectorgarcia/Library/Developer/Xcode/DerivedData/Build/Intermediates.noindex/GoogleDataTransport.build/Debug-iphonesimulator/GoogleDataTransport.build/DerivedSources/resource_bundle_accessor.h -MMD -MT dependencies -MF /Users/hectorgarcia/Library/Developer/Xcode/DerivedData/Build/Intermediates.noindex/GoogleDataTransport.build/Debug-iphonesimulator/GoogleDataTransport.build/Objects-normal/x86_64/GDTCCTUploadOperation.d --serialize-diagnostics /Users/hectorgarcia/Library/Developer/Xcode/DerivedData/Build/Intermediates.noindex/GoogleDataTransport.build/Debug-iphonesimulator/GoogleDataTransport.build/Objects-normal/x86_64/GDTCCTUploadOperation.dia -c /Users/hectorgarcia/Library/Developer/Xcode/DerivedData/Lyo-eagkiegzrakogpczynhkaholsscs/SourcePackages/checkouts/GoogleDataTransport/GoogleDataTransport/GDTCCTLibrary/GDTCCTUploadOperation.m -o /Users/hectorgarcia/Library/Developer/Xcode/DerivedData/Build/Intermediates.noindex/GoogleDataTransport.build/Debug-iphonesimulator/GoogleDataTransport.build/Objects-normal/x86_64/GDTCCTUploadOperation.o -index-unit-output-path /GoogleDataTransport.build/Debug-iphonesimulator/GoogleDataTransport.build/Objects-normal/x86_64/GDTCCTUploadOperation.o

ScanDependencies /Users/hectorgarcia/Library/Developer/Xcode/DerivedData/Build/Intermediates.noindex/GoogleDataTransport.build/Debug-iphonesimulator/GoogleDataTransport.build/Objects-normal/x86_64/GDTCCTNanopbHelpers.o /Users/hectorgarcia/Library/Developer/Xcode/DerivedData/Lyo-eagkiegzrakogpczynhkaholsscs/SourcePackages/checkouts/GoogleDataTransport/GoogleDataTransport/GDTCCTLibrary/GDTCCTNanopbHelpers.m normal x86_64 objective-c com.apple.compilers.llvm.clang.1_0.compiler (in target 'GoogleDataTransport' from project 'GoogleDataTransport')
    cd /Users/hectorgarcia/LYO_Da_ONE/Lyo.xcodeproj
    
    Using response file: /Users/hectorgarcia/Library/Developer/Xcode/DerivedData/Build/Intermediates.noindex/GoogleDataTransport.build/Debug-iphonesimulator/GoogleDataTransport.build/Objects-normal/x86_64/e6072d4f65d7061329687fe24e3d63a7-common-args.resp
    
    builtin-ScanDependencies -o /Users/hectorgarcia/Library/Developer/Xcode/DerivedData/Build/Intermediates.noindex/GoogleDataTransport.build/Debug-iphonesimulator/GoogleDataTransport.build/Objects-normal/x86_64/GDTCCTNanopbHelpers.o.scan -- /Users/hectorgarcia/Downloads/Xcode.app/Contents/Developer/Toolchains/XcodeDefault.xctoolchain/usr/bin/clang -x objective-c -ivfsstatcache /Users/hectorgarcia/Library/Developer/Xcode/DerivedData/SDKStatCaches.noindex/iphonesimulator26.2-23C53-823d3e8b6e60bc2018c189d3ca05ba9b.sdkstatcache -fmessage-length\=0 -fdiagnostics-show-note-include-stack -fmacro-backtrace-limit\=0 -fno-color-diagnostics -fmodules-prune-interval\=86400 -fmodules-prune-after\=345600 -fbuild-session-file\=/Users/hectorgarcia/Library/Developer/Xcode/DerivedData/ModuleCache.noindex/Session.modulevalidation -fmodules-validate-once-per-build-session -Wnon-modular-include-in-framework-module -Werror\=non-modular-include-in-framework-module -Wno-trigraphs -Wno-missing-field-initializers -Wno-missing-prototypes -Wno-return-type -Wno-implicit-atomic-properties -Wno-objc-interface-ivars -Wno-arc-repeated-use-of-weak -Wno-missing-braces -Wparentheses -Wswitch -Wno-unused-function -Wno-unused-label -Wno-unused-parameter -Wno-unused-variable -Wunused-value -Wno-empty-body -Wno-uninitialized -Wno-unknown-pragmas -w -Wno-shadow -Wno-four-char-constants -Wno-conversion -Wno-constant-conversion -Wno-int-conversion -Wno-bool-conversion -Wno-enum-conversion -Wno-float-conversion -Wno-non-literal-null-conversion -Wno-objc-literal-conversion -Wshorten-64-to-32 -Wpointer-sign -Wno-newline-eof -Wno-selector -Wno-strict-selector-match -Wno-undeclared-selector -Wno-deprecated-implementations -Wno-implicit-fallthrough -fstrict-aliasing -Wprotocol -Wdeprecated-declarations -Wno-sign-conversion -Wno-infinite-recursion -Wno-comma -Wno-block-capture-autoreleasing -Wno-strict-prototypes -Wno-semicolon-before-method-body -index-store-path /Users/hectorgarcia/Library/Developer/Xcode/DerivedData/Lyo-eagkiegzrakogpczynhkaholsscs/Index.noindex/DataStore @/Users/hectorgarcia/Library/Developer/Xcode/DerivedData/Build/Intermediates.noindex/GoogleDataTransport.build/Debug-iphonesimulator/GoogleDataTransport.build/Objects-normal/x86_64/e6072d4f65d7061329687fe24e3d63a7-common-args.resp -include /Users/hectorgarcia/Library/Developer/Xcode/DerivedData/Build/Intermediates.noindex/GoogleDataTransport.build/Debug-iphonesimulator/GoogleDataTransport.build/DerivedSources/resource_bundle_accessor.h -MMD -MT dependencies -MF /Users/hectorgarcia/Library/Developer/Xcode/DerivedData/Build/Intermediates.noindex/GoogleDataTransport.build/Debug-iphonesimulator/GoogleDataTransport.build/Objects-normal/x86_64/GDTCCTNanopbHelpers.d --serialize-diagnostics /Users/hectorgarcia/Library/Developer/Xcode/DerivedData/Build/Intermediates.noindex/GoogleDataTransport.build/Debug-iphonesimulator/GoogleDataTransport.build/Objects-normal/x86_64/GDTCCTNanopbHelpers.dia -c /Users/hectorgarcia/Library/Developer/Xcode/DerivedData/Lyo-eagkiegzrakogpczynhkaholsscs/SourcePackages/checkouts/GoogleDataTransport/GoogleDataTransport/GDTCCTLibrary/GDTCCTNanopbHelpers.m -o /Users/hectorgarcia/Library/Developer/Xcode/DerivedData/Build/Intermediates.noindex/GoogleDataTransport.build/Debug-iphonesimulator/GoogleDataTransport.build/Objects-normal/x86_64/GDTCCTNanopbHelpers.o -index-unit-output-path /GoogleDataTransport.build/Debug-iphonesimulator/GoogleDataTransport.build/Objects-normal/x86_64/GDTCCTNanopbHelpers.o

ScanDependencies /Users/hectorgarcia/Library/Developer/Xcode/DerivedData/Build/Intermediates.noindex/GoogleDataTransport.build/Debug-iphonesimulator/GoogleDataTransport.build/Objects-normal/x86_64/GDTCCTCompressionHelper.o /Users/hectorgarcia/Library/Developer/Xcode/DerivedData/Lyo-eagkiegzrakogpczynhkaholsscs/SourcePackages/checkouts/GoogleDataTransport/GoogleDataTransport/GDTCCTLibrary/GDTCCTCompressionHelper.m normal x86_64 objective-c com.apple.compilers.llvm.clang.1_0.compiler (in target 'GoogleDataTransport' from project 'GoogleDataTransport')
    cd /Users/hectorgarcia/LYO_Da_ONE/Lyo.xcodeproj
    
    Using response file: /Users/hectorgarcia/Library/Developer/Xcode/DerivedData/Build/Intermediates.noindex/GoogleDataTransport.build/Debug-iphonesimulator/GoogleDataTransport.build/Objects-normal/x86_64/e6072d4f65d7061329687fe24e3d63a7-common-args.resp
    
    builtin-ScanDependencies -o /Users/hectorgarcia/Library/Developer/Xcode/DerivedData/Build/Intermediates.noindex/GoogleDataTransport.build/Debug-iphonesimulator/GoogleDataTransport.build/Objects-normal/x86_64/GDTCCTCompressionHelper.o.scan -- /Users/hectorgarcia/Downloads/Xcode.app/Contents/Developer/Toolchains/XcodeDefault.xctoolchain/usr/bin/clang -x objective-c -ivfsstatcache /Users/hectorgarcia/Library/Developer/Xcode/DerivedData/SDKStatCaches.noindex/iphonesimulator26.2-23C53-823d3e8b6e60bc2018c189d3ca05ba9b.sdkstatcache -fmessage-length\=0 -fdiagnostics-show-note-include-stack -fmacro-backtrace-limit\=0 -fno-color-diagnostics -fmodules-prune-interval\=86400 -fmodules-prune-after\=345600 -fbuild-session-file\=/Users/hectorgarcia/Library/Developer/Xcode/DerivedData/ModuleCache.noindex/Session.modulevalidation -fmodules-validate-once-per-build-session -Wnon-modular-include-in-framework-module -Werror\=non-modular-include-in-framework-module -Wno-trigraphs -Wno-missing-field-initializers -Wno-missing-prototypes -Wno-return-type -Wno-implicit-atomic-properties -Wno-objc-interface-ivars -Wno-arc-repeated-use-of-weak -Wno-missing-braces -Wparentheses -Wswitch -Wno-unused-function -Wno-unused-label -Wno-unused-parameter -Wno-unused-variable -Wunused-value -Wno-empty-body -Wno-uninitialized -Wno-unknown-pragmas -w -Wno-shadow -Wno-four-char-constants -Wno-conversion -Wno-constant-conversion -Wno-int-conversion -Wno-bool-conversion -Wno-enum-conversion -Wno-float-conversion -Wno-non-literal-null-conversion -Wno-objc-literal-conversion -Wshorten-64-to-32 -Wpointer-sign -Wno-newline-eof -Wno-selector -Wno-strict-selector-match -Wno-undeclared-selector -Wno-deprecated-implementations -Wno-implicit-fallthrough -fstrict-aliasing -Wprotocol -Wdeprecated-declarations -Wno-sign-conversion -Wno-infinite-recursion -Wno-comma -Wno-block-capture-autoreleasing -Wno-strict-prototypes -Wno-semicolon-before-method-body -index-store-path /Users/hectorgarcia/Library/Developer/Xcode/DerivedData/Lyo-eagkiegzrakogpczynhkaholsscs/Index.noindex/DataStore @/Users/hectorgarcia/Library/Developer/Xcode/DerivedData/Build/Intermediates.noindex/GoogleDataTransport.build/Debug-iphonesimulator/GoogleDataTransport.build/Objects-normal/x86_64/e6072d4f65d7061329687fe24e3d63a7-common-args.resp -include /Users/hectorgarcia/Library/Developer/Xcode/DerivedData/Build/Intermediates.noindex/GoogleDataTransport.build/Debug-iphonesimulator/GoogleDataTransport.build/DerivedSources/resource_bundle_accessor.h -MMD -MT dependencies -MF /Users/hectorgarcia/Library/Developer/Xcode/DerivedData/Build/Intermediates.noindex/GoogleDataTransport.build/Debug-iphonesimulator/GoogleDataTransport.build/Objects-normal/x86_64/GDTCCTCompressionHelper.d --serialize-diagnostics /Users/hectorgarcia/Library/Developer/Xcode/DerivedData/Build/Intermediates.noindex/GoogleDataTransport.build/Debug-iphonesimulator/GoogleDataTransport.build/Objects-normal/x86_64/GDTCCTCompressionHelper.dia -c /Users/hectorgarcia/Library/Developer/Xcode/DerivedData/Lyo-eagkiegzrakogpczynhkaholsscs/SourcePackages/checkouts/GoogleDataTransport/GoogleDataTransport/GDTCCTLibrary/GDTCCTCompressionHelper.m -o /Users/hectorgarcia/Library/Developer/Xcode/DerivedData/Build/Intermediates.noindex/GoogleDataTransport.build/Debug-iphonesimulator/GoogleDataTransport.build/Objects-normal/x86_64/GDTCCTCompressionHelper.o -index-unit-output-path /GoogleDataTransport.build/Debug-iphonesimulator/GoogleDataTransport.build/Objects-normal/x86_64/GDTCCTCompressionHelper.o

ProcessInfoPlistFile /Users/hectorgarcia/Library/Developer/Xcode/DerivedData/Build/Products/Debug-iphonesimulator/GTMSessionFetcher_GTMSessionFetcherCore.bundle/Info.plist /Users/hectorgarcia/Library/Developer/Xcode/DerivedData/Build/Intermediates.noindex/GTMSessionFetcher.build/Debug-iphonesimulator/GTMSessionFetcher_GTMSessionFetcherCore.build/empty-GTMSessionFetcher_GTMSessionFetcherCore.plist (in target 'GTMSessionFetcher_GTMSessionFetcherCore' from project 'GTMSessionFetcher')
    cd /Users/hectorgarcia/Library/Developer/Xcode/DerivedData/Lyo-eagkiegzrakogpczynhkaholsscs/SourcePackages/checkouts/gtm-session-fetcher
    builtin-infoPlistUtility /Users/hectorgarcia/Library/Developer/Xcode/DerivedData/Build/Intermediates.noindex/GTMSessionFetcher.build/Debug-iphonesimulator/GTMSessionFetcher_GTMSessionFetcherCore.build/empty-GTMSessionFetcher_GTMSessionFetcherCore.plist -producttype com.apple.product-type.bundle -expandbuildsettings -format binary -platform iphonesimulator -o /Users/hectorgarcia/Library/Developer/Xcode/DerivedData/Build/Products/Debug-iphonesimulator/GTMSessionFetcher_GTMSessionFetcherCore.bundle/Info.plist

CpResource /Users/hectorgarcia/Library/Developer/Xcode/DerivedData/Build/Products/Debug-iphonesimulator/GTMSessionFetcher_GTMSessionFetcherCore.bundle/PrivacyInfo.xcprivacy /Users/hectorgarcia/Library/Developer/Xcode/DerivedData/Lyo-eagkiegzrakogpczynhkaholsscs/SourcePackages/checkouts/gtm-session-fetcher/Sources/Core/Resources/PrivacyInfo.xcprivacy (in target 'GTMSessionFetcher_GTMSessionFetcherCore' from project 'GTMSessionFetcher')
    cd /Users/hectorgarcia/Library/Developer/Xcode/DerivedData/Lyo-eagkiegzrakogpczynhkaholsscs/SourcePackages/checkouts/gtm-session-fetcher
    builtin-copy -exclude .DS_Store -exclude CVS -exclude .svn -exclude .git -exclude .hg -resolve-src-symlinks /Users/hectorgarcia/Library/Developer/Xcode/DerivedData/Lyo-eagkiegzrakogpczynhkaholsscs/SourcePackages/checkouts/gtm-session-fetcher/Sources/Core/Resources/PrivacyInfo.xcprivacy /Users/hectorgarcia/Library/Developer/Xcode/DerivedData/Build/Products/Debug-iphonesimulator/GTMSessionFetcher_GTMSessionFetcherCore.bundle

ScanDependencies /Users/hectorgarcia/Library/Developer/Xcode/DerivedData/Build/Intermediates.noindex/GTMSessionFetcher.build/Debug-iphonesimulator/GTMSessionFetcherCore.build/Objects-normal/x86_64/resource_bundle_accessor.o /Users/hectorgarcia/Library/Developer/Xcode/DerivedData/Build/Intermediates.noindex/GTMSessionFetcher.build/Debug-iphonesimulator/GTMSessionFetcherCore.build/DerivedSources/resource_bundle_accessor.m normal x86_64 objective-c com.apple.compilers.llvm.clang.1_0.compiler (in target 'GTMSessionFetcherCore' from project 'GTMSessionFetcher')
    cd /Users/hectorgarcia/LYO_Da_ONE/Lyo.xcodeproj
    
    Using response file: /Users/hectorgarcia/Library/Developer/Xcode/DerivedData/Build/Intermediates.noindex/GTMSessionFetcher.build/Debug-iphonesimulator/GTMSessionFetcherCore.build/Objects-normal/x86_64/e6072d4f65d7061329687fe24e3d63a7-common-args.resp
    
    builtin-ScanDependencies -o /Users/hectorgarcia/Library/Developer/Xcode/DerivedData/Build/Intermediates.noindex/GTMSessionFetcher.build/Debug-iphonesimulator/GTMSessionFetcherCore.build/Objects-normal/x86_64/resource_bundle_accessor.o.scan -- /Users/hectorgarcia/Downloads/Xcode.app/Contents/Developer/Toolchains/XcodeDefault.xctoolchain/usr/bin/clang -x objective-c -ivfsstatcache /Users/hectorgarcia/Library/Developer/Xcode/DerivedData/SDKStatCaches.noindex/iphonesimulator26.2-23C53-823d3e8b6e60bc2018c189d3ca05ba9b.sdkstatcache -fmessage-length\=0 -fdiagnostics-show-note-include-stack -fmacro-backtrace-limit\=0 -fno-color-diagnostics -fmodules-prune-interval\=86400 -fmodules-prune-after\=345600 -fbuild-session-file\=/Users/hectorgarcia/Library/Developer/Xcode/DerivedData/ModuleCache.noindex/Session.modulevalidation -fmodules-validate-once-per-build-session -Wnon-modular-include-in-framework-module -Werror\=non-modular-include-in-framework-module -Wno-trigraphs -Wno-missing-field-initializers -Wno-missing-prototypes -Wno-return-type -Wno-implicit-atomic-properties -Wno-objc-interface-ivars -Wno-arc-repeated-use-of-weak -Wno-missing-braces -Wparentheses -Wswitch -Wno-unused-function -Wno-unused-label -Wno-unused-parameter -Wno-unused-variable -Wunused-value -Wno-empty-body -Wno-uninitialized -Wno-unknown-pragmas -w -Wno-shadow -Wno-four-char-constants -Wno-conversion -Wno-constant-conversion -Wno-int-conversion -Wno-bool-conversion -Wno-enum-conversion -Wno-float-conversion -Wno-non-literal-null-conversion -Wno-objc-literal-conversion -Wshorten-64-to-32 -Wpointer-sign -Wno-newline-eof -Wno-selector -Wno-strict-selector-match -Wno-undeclared-selector -Wno-deprecated-implementations -Wno-implicit-fallthrough -fstrict-aliasing -Wprotocol -Wdeprecated-declarations -Wno-sign-conversion -Wno-infinite-recursion -Wno-comma -Wno-block-capture-autoreleasing -Wno-strict-prototypes -Wno-semicolon-before-method-body -index-store-path /Users/hectorgarcia/Library/Developer/Xcode/DerivedData/Lyo-eagkiegzrakogpczynhkaholsscs/Index.noindex/DataStore @/Users/hectorgarcia/Library/Developer/Xcode/DerivedData/Build/Intermediates.noindex/GTMSessionFetcher.build/Debug-iphonesimulator/GTMSessionFetcherCore.build/Objects-normal/x86_64/e6072d4f65d7061329687fe24e3d63a7-common-args.resp -include /Users/hectorgarcia/Library/Developer/Xcode/DerivedData/Build/Intermediates.noindex/GTMSessionFetcher.build/Debug-iphonesimulator/GTMSessionFetcherCore.build/DerivedSources/resource_bundle_accessor.h -MMD -MT dependencies -MF /Users/hectorgarcia/Library/Developer/Xcode/DerivedData/Build/Intermediates.noindex/GTMSessionFetcher.build/Debug-iphonesimulator/GTMSessionFetcherCore.build/Objects-normal/x86_64/resource_bundle_accessor.d --serialize-diagnostics /Users/hectorgarcia/Library/Developer/Xcode/DerivedData/Build/Intermediates.noindex/GTMSessionFetcher.build/Debug-iphonesimulator/GTMSessionFetcherCore.build/Objects-normal/x86_64/resource_bundle_accessor.dia -c /Users/hectorgarcia/Library/Developer/Xcode/DerivedData/Build/Intermediates.noindex/GTMSessionFetcher.build/Debug-iphonesimulator/GTMSessionFetcherCore.build/DerivedSources/resource_bundle_accessor.m -o /Users/hectorgarcia/Library/Developer/Xcode/DerivedData/Build/Intermediates.noindex/GTMSessionFetcher.build/Debug-iphonesimulator/GTMSessionFetcherCore.build/Objects-normal/x86_64/resource_bundle_accessor.o -index-unit-output-path /GTMSessionFetcher.build/Debug-iphonesimulator/GTMSessionFetcherCore.build/Objects-normal/x86_64/resource_bundle_accessor.o

ScanDependencies /Users/hectorgarcia/Library/Developer/Xcode/DerivedData/Build/Intermediates.noindex/GTMSessionFetcher.build/Debug-iphonesimulator/GTMSessionFetcherCore.build/Objects-normal/x86_64/GTMSessionUploadFetcher.o /Users/hectorgarcia/Library/Developer/Xcode/DerivedData/Lyo-eagkiegzrakogpczynhkaholsscs/SourcePackages/checkouts/gtm-session-fetcher/Sources/Core/GTMSessionUploadFetcher.m normal x86_64 objective-c com.apple.compilers.llvm.clang.1_0.compiler (in target 'GTMSessionFetcherCore' from project 'GTMSessionFetcher')
    cd /Users/hectorgarcia/LYO_Da_ONE/Lyo.xcodeproj
    
    Using response file: /Users/hectorgarcia/Library/Developer/Xcode/DerivedData/Build/Intermediates.noindex/GTMSessionFetcher.build/Debug-iphonesimulator/GTMSessionFetcherCore.build/Objects-normal/x86_64/e6072d4f65d7061329687fe24e3d63a7-common-args.resp
    
    builtin-ScanDependencies -o /Users/hectorgarcia/Library/Developer/Xcode/DerivedData/Build/Intermediates.noindex/GTMSessionFetcher.build/Debug-iphonesimulator/GTMSessionFetcherCore.build/Objects-normal/x86_64/GTMSessionUploadFetcher.o.scan -- /Users/hectorgarcia/Downloads/Xcode.app/Contents/Developer/Toolchains/XcodeDefault.xctoolchain/usr/bin/clang -x objective-c -ivfsstatcache /Users/hectorgarcia/Library/Developer/Xcode/DerivedData/SDKStatCaches.noindex/iphonesimulator26.2-23C53-823d3e8b6e60bc2018c189d3ca05ba9b.sdkstatcache -fmessage-length\=0 -fdiagnostics-show-note-include-stack -fmacro-backtrace-limit\=0 -fno-color-diagnostics -fmodules-prune-interval\=86400 -fmodules-prune-after\=345600 -fbuild-session-file\=/Users/hectorgarcia/Library/Developer/Xcode/DerivedData/ModuleCache.noindex/Session.modulevalidation -fmodules-validate-once-per-build-session -Wnon-modular-include-in-framework-module -Werror\=non-modular-include-in-framework-module -Wno-trigraphs -Wno-missing-field-initializers -Wno-missing-prototypes -Wno-return-type -Wno-implicit-atomic-properties -Wno-objc-interface-ivars -Wno-arc-repeated-use-of-weak -Wno-missing-braces -Wparentheses -Wswitch -Wno-unused-function -Wno-unused-label -Wno-unused-parameter -Wno-unused-variable -Wunused-value -Wno-empty-body -Wno-uninitialized -Wno-unknown-pragmas -w -Wno-shadow -Wno-four-char-constants -Wno-conversion -Wno-constant-conversion -Wno-int-conversion -Wno-bool-conversion -Wno-enum-conversion -Wno-float-conversion -Wno-non-literal-null-conversion -Wno-objc-literal-conversion -Wshorten-64-to-32 -Wpointer-sign -Wno-newline-eof -Wno-selector -Wno-strict-selector-match -Wno-undeclared-selector -Wno-deprecated-implementations -Wno-implicit-fallthrough -fstrict-aliasing -Wprotocol -Wdeprecated-declarations -Wno-sign-conversion -Wno-infinite-recursion -Wno-comma -Wno-block-capture-autoreleasing -Wno-strict-prototypes -Wno-semicolon-before-method-body -index-store-path /Users/hectorgarcia/Library/Developer/Xcode/DerivedData/Lyo-eagkiegzrakogpczynhkaholsscs/Index.noindex/DataStore @/Users/hectorgarcia/Library/Developer/Xcode/DerivedData/Build/Intermediates.noindex/GTMSessionFetcher.build/Debug-iphonesimulator/GTMSessionFetcherCore.build/Objects-normal/x86_64/e6072d4f65d7061329687fe24e3d63a7-common-args.resp -include /Users/hectorgarcia/Library/Developer/Xcode/DerivedData/Build/Intermediates.noindex/GTMSessionFetcher.build/Debug-iphonesimulator/GTMSessionFetcherCore.build/DerivedSources/resource_bundle_accessor.h -MMD -MT dependencies -MF /Users/hectorgarcia/Library/Developer/Xcode/DerivedData/Build/Intermediates.noindex/GTMSessionFetcher.build/Debug-iphonesimulator/GTMSessionFetcherCore.build/Objects-normal/x86_64/GTMSessionUploadFetcher.d --serialize-diagnostics /Users/hectorgarcia/Library/Developer/Xcode/DerivedData/Build/Intermediates.noindex/GTMSessionFetcher.build/Debug-iphonesimulator/GTMSessionFetcherCore.build/Objects-normal/x86_64/GTMSessionUploadFetcher.dia -c /Users/hectorgarcia/Library/Developer/Xcode/DerivedData/Lyo-eagkiegzrakogpczynhkaholsscs/SourcePackages/checkouts/gtm-session-fetcher/Sources/Core/GTMSessionUploadFetcher.m -o /Users/hectorgarcia/Library/Developer/Xcode/DerivedData/Build/Intermediates.noindex/GTMSessionFetcher.build/Debug-iphonesimulator/GTMSessionFetcherCore.build/Objects-normal/x86_64/GTMSessionUploadFetcher.o -index-unit-output-path /GTMSessionFetcher.build/Debug-iphonesimulator/GTMSessionFetcherCore.build/Objects-normal/x86_64/GTMSessionUploadFetcher.o

ScanDependencies /Users/hectorgarcia/Library/Developer/Xcode/DerivedData/Build/Intermediates.noindex/GTMSessionFetcher.build/Debug-iphonesimulator/GTMSessionFetcherCore.build/Objects-normal/x86_64/GTMSessionFetcherService.o /Users/hectorgarcia/Library/Developer/Xcode/DerivedData/Lyo-eagkiegzrakogpczynhkaholsscs/SourcePackages/checkouts/gtm-session-fetcher/Sources/Core/GTMSessionFetcherService.m normal x86_64 objective-c com.apple.compilers.llvm.clang.1_0.compiler (in target 'GTMSessionFetcherCore' from project 'GTMSessionFetcher')
    cd /Users/hectorgarcia/LYO_Da_ONE/Lyo.xcodeproj
    
    Using response file: /Users/hectorgarcia/Library/Developer/Xcode/DerivedData/Build/Intermediates.noindex/GTMSessionFetcher.build/Debug-iphonesimulator/GTMSessionFetcherCore.build/Objects-normal/x86_64/e6072d4f65d7061329687fe24e3d63a7-common-args.resp
    
    builtin-ScanDependencies -o /Users/hectorgarcia/Library/Developer/Xcode/DerivedData/Build/Intermediates.noindex/GTMSessionFetcher.build/Debug-iphonesimulator/GTMSessionFetcherCore.build/Objects-normal/x86_64/GTMSessionFetcherService.o.scan -- /Users/hectorgarcia/Downloads/Xcode.app/Contents/Developer/Toolchains/XcodeDefault.xctoolchain/usr/bin/clang -x objective-c -ivfsstatcache /Users/hectorgarcia/Library/Developer/Xcode/DerivedData/SDKStatCaches.noindex/iphonesimulator26.2-23C53-823d3e8b6e60bc2018c189d3ca05ba9b.sdkstatcache -fmessage-length\=0 -fdiagnostics-show-note-include-stack -fmacro-backtrace-limit\=0 -fno-color-diagnostics -fmodules-prune-interval\=86400 -fmodules-prune-after\=345600 -fbuild-session-file\=/Users/hectorgarcia/Library/Developer/Xcode/DerivedData/ModuleCache.noindex/Session.modulevalidation -fmodules-validate-once-per-build-session -Wnon-modular-include-in-framework-module -Werror\=non-modular-include-in-framework-module -Wno-trigraphs -Wno-missing-field-initializers -Wno-missing-prototypes -Wno-return-type -Wno-implicit-atomic-properties -Wno-objc-interface-ivars -Wno-arc-repeated-use-of-weak -Wno-missing-braces -Wparentheses -Wswitch -Wno-unused-function -Wno-unused-label -Wno-unused-parameter -Wno-unused-variable -Wunused-value -Wno-empty-body -Wno-uninitialized -Wno-unknown-pragmas -w -Wno-shadow -Wno-four-char-constants -Wno-conversion -Wno-constant-conversion -Wno-int-conversion -Wno-bool-conversion -Wno-enum-conversion -Wno-float-conversion -Wno-non-literal-null-conversion -Wno-objc-literal-conversion -Wshorten-64-to-32 -Wpointer-sign -Wno-newline-eof -Wno-selector -Wno-strict-selector-match -Wno-undeclared-selector -Wno-deprecated-implementations -Wno-implicit-fallthrough -fstrict-aliasing -Wprotocol -Wdeprecated-declarations -Wno-sign-conversion -Wno-infinite-recursion -Wno-comma -Wno-block-capture-autoreleasing -Wno-strict-prototypes -Wno-semicolon-before-method-body -index-store-path /Users/hectorgarcia/Library/Developer/Xcode/DerivedData/Lyo-eagkiegzrakogpczynhkaholsscs/Index.noindex/DataStore @/Users/hectorgarcia/Library/Developer/Xcode/DerivedData/Build/Intermediates.noindex/GTMSessionFetcher.build/Debug-iphonesimulator/GTMSessionFetcherCore.build/Objects-normal/x86_64/e6072d4f65d7061329687fe24e3d63a7-common-args.resp -include /Users/hectorgarcia/Library/Developer/Xcode/DerivedData/Build/Intermediates.noindex/GTMSessionFetcher.build/Debug-iphonesimulator/GTMSessionFetcherCore.build/DerivedSources/resource_bundle_accessor.h -MMD -MT dependencies -MF /Users/hectorgarcia/Library/Developer/Xcode/DerivedData/Build/Intermediates.noindex/GTMSessionFetcher.build/Debug-iphonesimulator/GTMSessionFetcherCore.build/Objects-normal/x86_64/GTMSessionFetcherService.d --serialize-diagnostics /Users/hectorgarcia/Library/Developer/Xcode/DerivedData/Build/Intermediates.noindex/GTMSessionFetcher.build/Debug-iphonesimulator/GTMSessionFetcherCore.build/Objects-normal/x86_64/GTMSessionFetcherService.dia -c /Users/hectorgarcia/Library/Developer/Xcode/DerivedData/Lyo-eagkiegzrakogpczynhkaholsscs/SourcePackages/checkouts/gtm-session-fetcher/Sources/Core/GTMSessionFetcherService.m -o /Users/hectorgarcia/Library/Developer/Xcode/DerivedData/Build/Intermediates.noindex/GTMSessionFetcher.build/Debug-iphonesimulator/GTMSessionFetcherCore.build/Objects-normal/x86_64/GTMSessionFetcherService.o -index-unit-output-path /GTMSessionFetcher.build/Debug-iphonesimulator/GTMSessionFetcherCore.build/Objects-normal/x86_64/GTMSessionFetcherService.o

PrecompileModule /Users/hectorgarcia/Library/Developer/Xcode/DerivedData/Build/Intermediates.noindex/ExplicitPrecompiledModules/zlib-F12FB4PDY6FNYW2Y27JRI2ISR.scan
    cd /
    builtin-precompileModule /Users/hectorgarcia/Library/Developer/Xcode/DerivedData/Build/Intermediates.noindex/ExplicitPrecompiledModules/zlib-F12FB4PDY6FNYW2Y27JRI2ISR.scan

ScanDependencies /Users/hectorgarcia/Library/Developer/Xcode/DerivedData/Build/Intermediates.noindex/GTMSessionFetcher.build/Debug-iphonesimulator/GTMSessionFetcherCore.build/Objects-normal/x86_64/GTMSessionFetcherLogging.o /Users/hectorgarcia/Library/Developer/Xcode/DerivedData/Lyo-eagkiegzrakogpczynhkaholsscs/SourcePackages/checkouts/gtm-session-fetcher/Sources/Core/GTMSessionFetcherLogging.m normal x86_64 objective-c com.apple.compilers.llvm.clang.1_0.compiler (in target 'GTMSessionFetcherCore' from project 'GTMSessionFetcher')
    cd /Users/hectorgarcia/LYO_Da_ONE/Lyo.xcodeproj
    
    Using response file: /Users/hectorgarcia/Library/Developer/Xcode/DerivedData/Build/Intermediates.noindex/GTMSessionFetcher.build/Debug-iphonesimulator/GTMSessionFetcherCore.build/Objects-normal/x86_64/e6072d4f65d7061329687fe24e3d63a7-common-args.resp
    
    builtin-ScanDependencies -o /Users/hectorgarcia/Library/Developer/Xcode/DerivedData/Build/Intermediates.noindex/GTMSessionFetcher.build/Debug-iphonesimulator/GTMSessionFetcherCore.build/Objects-normal/x86_64/GTMSessionFetcherLogging.o.scan -- /Users/hectorgarcia/Downloads/Xcode.app/Contents/Developer/Toolchains/XcodeDefault.xctoolchain/usr/bin/clang -x objective-c -ivfsstatcache /Users/hectorgarcia/Library/Developer/Xcode/DerivedData/SDKStatCaches.noindex/iphonesimulator26.2-23C53-823d3e8b6e60bc2018c189d3ca05ba9b.sdkstatcache -fmessage-length\=0 -fdiagnostics-show-note-include-stack -fmacro-backtrace-limit\=0 -fno-color-diagnostics -fmodules-prune-interval\=86400 -fmodules-prune-after\=345600 -fbuild-session-file\=/Users/hectorgarcia/Library/Developer/Xcode/DerivedData/ModuleCache.noindex/Session.modulevalidation -fmodules-validate-once-per-build-session -Wnon-modular-include-in-framework-module -Werror\=non-modular-include-in-framework-module -Wno-trigraphs -Wno-missing-field-initializers -Wno-missing-prototypes -Wno-return-type -Wno-implicit-atomic-properties -Wno-objc-interface-ivars -Wno-arc-repeated-use-of-weak -Wno-missing-braces -Wparentheses -Wswitch -Wno-unused-function -Wno-unused-label -Wno-unused-parameter -Wno-unused-variable -Wunused-value -Wno-empty-body -Wno-uninitialized -Wno-unknown-pragmas -w -Wno-shadow -Wno-four-char-constants -Wno-conversion -Wno-constant-conversion -Wno-int-conversion -Wno-bool-conversion -Wno-enum-conversion -Wno-float-conversion -Wno-non-literal-null-conversion -Wno-objc-literal-conversion -Wshorten-64-to-32 -Wpointer-sign -Wno-newline-eof -Wno-selector -Wno-strict-selector-match -Wno-undeclared-selector -Wno-deprecated-implementations -Wno-implicit-fallthrough -fstrict-aliasing -Wprotocol -Wdeprecated-declarations -Wno-sign-conversion -Wno-infinite-recursion -Wno-comma -Wno-block-capture-autoreleasing -Wno-strict-prototypes -Wno-semicolon-before-method-body -index-store-path /Users/hectorgarcia/Library/Developer/Xcode/DerivedData/Lyo-eagkiegzrakogpczynhkaholsscs/Index.noindex/DataStore @/Users/hectorgarcia/Library/Developer/Xcode/DerivedData/Build/Intermediates.noindex/GTMSessionFetcher.build/Debug-iphonesimulator/GTMSessionFetcherCore.build/Objects-normal/x86_64/e6072d4f65d7061329687fe24e3d63a7-common-args.resp -include /Users/hectorgarcia/Library/Developer/Xcode/DerivedData/Build/Intermediates.noindex/GTMSessionFetcher.build/Debug-iphonesimulator/GTMSessionFetcherCore.build/DerivedSources/resource_bundle_accessor.h -MMD -MT dependencies -MF /Users/hectorgarcia/Library/Developer/Xcode/DerivedData/Build/Intermediates.noindex/GTMSessionFetcher.build/Debug-iphonesimulator/GTMSessionFetcherCore.build/Objects-normal/x86_64/GTMSessionFetcherLogging.d --serialize-diagnostics /Users/hectorgarcia/Library/Developer/Xcode/DerivedData/Build/Intermediates.noindex/GTMSessionFetcher.build/Debug-iphonesimulator/GTMSessionFetcherCore.build/Objects-normal/x86_64/GTMSessionFetcherLogging.dia -c /Users/hectorgarcia/Library/Developer/Xcode/DerivedData/Lyo-eagkiegzrakogpczynhkaholsscs/SourcePackages/checkouts/gtm-session-fetcher/Sources/Core/GTMSessionFetcherLogging.m -o /Users/hectorgarcia/Library/Developer/Xcode/DerivedData/Build/Intermediates.noindex/GTMSessionFetcher.build/Debug-iphonesimulator/GTMSessionFetcherCore.build/Objects-normal/x86_64/GTMSessionFetcherLogging.o -index-unit-output-path /GTMSessionFetcher.build/Debug-iphonesimulator/GTMSessionFetcherCore.build/Objects-normal/x86_64/GTMSessionFetcherLogging.o

ScanDependencies /Users/hectorgarcia/Library/Developer/Xcode/DerivedData/Build/Intermediates.noindex/GTMSessionFetcher.build/Debug-iphonesimulator/GTMSessionFetcherCore.build/Objects-normal/x86_64/GTMSessionFetcher.o /Users/hectorgarcia/Library/Developer/Xcode/DerivedData/Lyo-eagkiegzrakogpczynhkaholsscs/SourcePackages/checkouts/gtm-session-fetcher/Sources/Core/GTMSessionFetcher.m normal x86_64 objective-c com.apple.compilers.llvm.clang.1_0.compiler (in target 'GTMSessionFetcherCore' from project 'GTMSessionFetcher')
    cd /Users/hectorgarcia/LYO_Da_ONE/Lyo.xcodeproj
    
    Using response file: /Users/hectorgarcia/Library/Developer/Xcode/DerivedData/Build/Intermediates.noindex/GTMSessionFetcher.build/Debug-iphonesimulator/GTMSessionFetcherCore.build/Objects-normal/x86_64/e6072d4f65d7061329687fe24e3d63a7-common-args.resp
    
    builtin-ScanDependencies -o /Users/hectorgarcia/Library/Developer/Xcode/DerivedData/Build/Intermediates.noindex/GTMSessionFetcher.build/Debug-iphonesimulator/GTMSessionFetcherCore.build/Objects-normal/x86_64/GTMSessionFetcher.o.scan -- /Users/hectorgarcia/Downloads/Xcode.app/Contents/Developer/Toolchains/XcodeDefault.xctoolchain/usr/bin/clang -x objective-c -ivfsstatcache /Users/hectorgarcia/Library/Developer/Xcode/DerivedData/SDKStatCaches.noindex/iphonesimulator26.2-23C53-823d3e8b6e60bc2018c189d3ca05ba9b.sdkstatcache -fmessage-length\=0 -fdiagnostics-show-note-include-stack -fmacro-backtrace-limit\=0 -fno-color-diagnostics -fmodules-prune-interval\=86400 -fmodules-prune-after\=345600 -fbuild-session-file\=/Users/hectorgarcia/Library/Developer/Xcode/DerivedData/ModuleCache.noindex/Session.modulevalidation -fmodules-validate-once-per-build-session -Wnon-modular-include-in-framework-module -Werror\=non-modular-include-in-framework-module -Wno-trigraphs -Wno-missing-field-initializers -Wno-missing-prototypes -Wno-return-type -Wno-implicit-atomic-properties -Wno-objc-interface-ivars -Wno-arc-repeated-use-of-weak -Wno-missing-braces -Wparentheses -Wswitch -Wno-unused-function -Wno-unused-label -Wno-unused-parameter -Wno-unused-variable -Wunused-value -Wno-empty-body -Wno-uninitialized -Wno-unknown-pragmas -w -Wno-shadow -Wno-four-char-constants -Wno-conversion -Wno-constant-conversion -Wno-int-conversion -Wno-bool-conversion -Wno-enum-conversion -Wno-float-conversion -Wno-non-literal-null-conversion -Wno-objc-literal-conversion -Wshorten-64-to-32 -Wpointer-sign -Wno-newline-eof -Wno-selector -Wno-strict-selector-match -Wno-undeclared-selector -Wno-deprecated-implementations -Wno-implicit-fallthrough -fstrict-aliasing -Wprotocol -Wdeprecated-declarations -Wno-sign-conversion -Wno-infinite-recursion -Wno-comma -Wno-block-capture-autoreleasing -Wno-strict-prototypes -Wno-semicolon-before-method-body -index-store-path /Users/hectorgarcia/Library/Developer/Xcode/DerivedData/Lyo-eagkiegzrakogpczynhkaholsscs/Index.noindex/DataStore @/Users/hectorgarcia/Library/Developer/Xcode/DerivedData/Build/Intermediates.noindex/GTMSessionFetcher.build/Debug-iphonesimulator/GTMSessionFetcherCore.build/Objects-normal/x86_64/e6072d4f65d7061329687fe24e3d63a7-common-args.resp -include /Users/hectorgarcia/Library/Developer/Xcode/DerivedData/Build/Intermediates.noindex/GTMSessionFetcher.build/Debug-iphonesimulator/GTMSessionFetcherCore.build/DerivedSources/resource_bundle_accessor.h -MMD -MT dependencies -MF /Users/hectorgarcia/Library/Developer/Xcode/DerivedData/Build/Intermediates.noindex/GTMSessionFetcher.build/Debug-iphonesimulator/GTMSessionFetcherCore.build/Objects-normal/x86_64/GTMSessionFetcher.d --serialize-diagnostics /Users/hectorgarcia/Library/Developer/Xcode/DerivedData/Build/Intermediates.noindex/GTMSessionFetcher.build/Debug-iphonesimulator/GTMSessionFetcherCore.build/Objects-normal/x86_64/GTMSessionFetcher.dia -c /Users/hectorgarcia/Library/Developer/Xcode/DerivedData/Lyo-eagkiegzrakogpczynhkaholsscs/SourcePackages/checkouts/gtm-session-fetcher/Sources/Core/GTMSessionFetcher.m -o /Users/hectorgarcia/Library/Developer/Xcode/DerivedData/Build/Intermediates.noindex/GTMSessionFetcher.build/Debug-iphonesimulator/GTMSessionFetcherCore.build/Objects-normal/x86_64/GTMSessionFetcher.o -index-unit-output-path /GTMSessionFetcher.build/Debug-iphonesimulator/GTMSessionFetcherCore.build/Objects-normal/x86_64/GTMSessionFetcher.o

PrecompileModule /Users/hectorgarcia/Library/Developer/Xcode/DerivedData/Build/Intermediates.noindex/ExplicitPrecompiledModules/_Builtin_stdarg-45IUZQ005J0JIB5H96SKX3P53.scan
    cd /
    builtin-precompileModule /Users/hectorgarcia/Library/Developer/Xcode/DerivedData/Build/Intermediates.noindex/ExplicitPrecompiledModules/_Builtin_stdarg-45IUZQ005J0JIB5H96SKX3P53.scan

PrecompileModule /Users/hectorgarcia/Library/Developer/Xcode/DerivedData/Build/Intermediates.noindex/ExplicitPrecompiledModules/_Builtin_stdbool-A3D3RZ27FGQM63IXWT3G8JPGQ.scan
    cd /
    builtin-precompileModule /Users/hectorgarcia/Library/Developer/Xcode/DerivedData/Build/Intermediates.noindex/ExplicitPrecompiledModules/_Builtin_stdbool-A3D3RZ27FGQM63IXWT3G8JPGQ.scan

PrecompileModule /Users/hectorgarcia/Library/Developer/Xcode/DerivedData/Build/Intermediates.noindex/ExplicitPrecompiledModules/_Builtin_float-8MHQIEHDOMCEJISOWE2DHPK83.scan
    cd /
    builtin-precompileModule /Users/hectorgarcia/Library/Developer/Xcode/DerivedData/Build/Intermediates.noindex/ExplicitPrecompiledModules/_Builtin_float-8MHQIEHDOMCEJISOWE2DHPK83.scan

PrecompileModule /Users/hectorgarcia/Library/Developer/Xcode/DerivedData/Build/Intermediates.noindex/ExplicitPrecompiledModules/_AvailabilityInternal-5JR394NFXJ2FH1IOXMW3SQUM.scan
    cd /
    builtin-precompileModule /Users/hectorgarcia/Library/Developer/Xcode/DerivedData/Build/Intermediates.noindex/ExplicitPrecompiledModules/_AvailabilityInternal-5JR394NFXJ2FH1IOXMW3SQUM.scan

PrecompileModule /Users/hectorgarcia/Library/Developer/Xcode/DerivedData/Build/Intermediates.noindex/ExplicitPrecompiledModules/_Builtin_stddef-6TEOA0ZZ6LZWISRTDGXQF51OV.scan
    cd /
    builtin-precompileModule /Users/hectorgarcia/Library/Developer/Xcode/DerivedData/Build/Intermediates.noindex/ExplicitPrecompiledModules/_Builtin_stddef-6TEOA0ZZ6LZWISRTDGXQF51OV.scan

PrecompileModule /Users/hectorgarcia/Library/Developer/Xcode/DerivedData/Build/Intermediates.noindex/ExplicitPrecompiledModules/Security-1XKC0SC54E628HZ8GKJEZZ3FA.scan
    cd /
    builtin-precompileModule /Users/hectorgarcia/Library/Developer/Xcode/DerivedData/Build/Intermediates.noindex/ExplicitPrecompiledModules/Security-1XKC0SC54E628HZ8GKJEZZ3FA.scan

PrecompileModule /Users/hectorgarcia/Library/Developer/Xcode/DerivedData/Build/Intermediates.noindex/ExplicitPrecompiledModules/SystemConfiguration-8B8HDE0709UXFGLIUV4PQKK9A.scan
    cd /
    builtin-precompileModule /Users/hectorgarcia/Library/Developer/Xcode/DerivedData/Build/Intermediates.noindex/ExplicitPrecompiledModules/SystemConfiguration-8B8HDE0709UXFGLIUV4PQKK9A.scan

PrecompileModule /Users/hectorgarcia/Library/Developer/Xcode/DerivedData/Build/Intermediates.noindex/ExplicitPrecompiledModules/CoreGraphics-CCXTZPZ8WU7HD8U5NZSHH2R7T.scan
    cd /
    builtin-precompileModule /Users/hectorgarcia/Library/Developer/Xcode/DerivedData/Build/Intermediates.noindex/ExplicitPrecompiledModules/CoreGraphics-CCXTZPZ8WU7HD8U5NZSHH2R7T.scan

PrecompileModule /Users/hectorgarcia/Library/Developer/Xcode/DerivedData/Build/Intermediates.noindex/ExplicitPrecompiledModules/CFNetwork-6ES2C0NQ8DC2S4UO4T246C8J.scan
    cd /
    builtin-precompileModule /Users/hectorgarcia/Library/Developer/Xcode/DerivedData/Build/Intermediates.noindex/ExplicitPrecompiledModules/CFNetwork-6ES2C0NQ8DC2S4UO4T246C8J.scan

PrecompileModule /Users/hectorgarcia/Library/Developer/Xcode/DerivedData/Build/Intermediates.noindex/ExplicitPrecompiledModules/ptrauth-C2RJXNH97DM774RQMAXVRKBEO.scan
    cd /
    builtin-precompileModule /Users/hectorgarcia/Library/Developer/Xcode/DerivedData/Build/Intermediates.noindex/ExplicitPrecompiledModules/ptrauth-C2RJXNH97DM774RQMAXVRKBEO.scan

PrecompileModule /Users/hectorgarcia/Library/Developer/Xcode/DerivedData/Build/Intermediates.noindex/ExplicitPrecompiledModules/ptrcheck-3ZZK8Q2X4QPO39L1ATDKT5AOI.scan
    cd /
    builtin-precompileModule /Users/hectorgarcia/Library/Developer/Xcode/DerivedData/Build/Intermediates.noindex/ExplicitPrecompiledModules/ptrcheck-3ZZK8Q2X4QPO39L1ATDKT5AOI.scan

RegisterExecutionPolicyException /Users/hectorgarcia/Library/Developer/Xcode/DerivedData/Build/Products/Debug-iphonesimulator/third-party-IsAppEncrypted.o (in target 'third-party-IsAppEncrypted' from project 'GoogleUtilities')
    cd /Users/hectorgarcia/Library/Developer/Xcode/DerivedData/Lyo-eagkiegzrakogpczynhkaholsscs/SourcePackages/checkouts/GoogleUtilities
    builtin-RegisterExecutionPolicyException /Users/hectorgarcia/Library/Developer/Xcode/DerivedData/Build/Products/Debug-iphonesimulator/third-party-IsAppEncrypted.o

PrecompileModule /Users/hectorgarcia/Library/Developer/Xcode/DerivedData/Build/Intermediates.noindex/ExplicitPrecompiledModules/_DarwinFoundation1-8PYH0GWEM0UD80IWIMS2VR0U2.scan
    cd /
    builtin-precompileModule /Users/hectorgarcia/Library/Developer/Xcode/DerivedData/Build/Intermediates.noindex/ExplicitPrecompiledModules/_DarwinFoundation1-8PYH0GWEM0UD80IWIMS2VR0U2.scan

CodeSign /Users/hectorgarcia/Library/Developer/Xcode/DerivedData/Build/Products/Debug-iphonesimulator/GoogleSignIn_GoogleSignIn.bundle (in target 'GoogleSignIn_GoogleSignIn' from project 'GoogleSignIn')
    cd /Users/hectorgarcia/Library/Developer/Xcode/DerivedData/Lyo-eagkiegzrakogpczynhkaholsscs/SourcePackages/checkouts/GoogleSignIn-iOS
    
    Signing Identity:     "Sign to Run Locally"
    
    /usr/bin/codesign --force --sign - --timestamp\=none --generate-entitlement-der /Users/hectorgarcia/Library/Developer/Xcode/DerivedData/Build/Products/Debug-iphonesimulator/GoogleSignIn_GoogleSignIn.bundle

CodeSign /Users/hectorgarcia/Library/Developer/Xcode/DerivedData/Build/Products/Debug-iphonesimulator/GoogleDataTransport_GoogleDataTransport.bundle (in target 'GoogleDataTransport_GoogleDataTransport' from project 'GoogleDataTransport')
    cd /Users/hectorgarcia/Library/Developer/Xcode/DerivedData/Lyo-eagkiegzrakogpczynhkaholsscs/SourcePackages/checkouts/GoogleDataTransport
    
    Signing Identity:     "Sign to Run Locally"
    
    /usr/bin/codesign --force --sign - --timestamp\=none --generate-entitlement-der /Users/hectorgarcia/Library/Developer/Xcode/DerivedData/Build/Products/Debug-iphonesimulator/GoogleDataTransport_GoogleDataTransport.bundle

RegisterExecutionPolicyException /Users/hectorgarcia/Library/Developer/Xcode/DerivedData/Build/Products/Debug-iphonesimulator/GoogleSignIn_GoogleSignIn.bundle (in target 'GoogleSignIn_GoogleSignIn' from project 'GoogleSignIn')
    cd /Users/hectorgarcia/Library/Developer/Xcode/DerivedData/Lyo-eagkiegzrakogpczynhkaholsscs/SourcePackages/checkouts/GoogleSignIn-iOS
    builtin-RegisterExecutionPolicyException /Users/hectorgarcia/Library/Developer/Xcode/DerivedData/Build/Products/Debug-iphonesimulator/GoogleSignIn_GoogleSignIn.bundle

RegisterExecutionPolicyException /Users/hectorgarcia/Library/Developer/Xcode/DerivedData/Build/Products/Debug-iphonesimulator/GoogleDataTransport_GoogleDataTransport.bundle (in target 'GoogleDataTransport_GoogleDataTransport' from project 'GoogleDataTransport')
    cd /Users/hectorgarcia/Library/Developer/Xcode/DerivedData/Lyo-eagkiegzrakogpczynhkaholsscs/SourcePackages/checkouts/GoogleDataTransport
    builtin-RegisterExecutionPolicyException /Users/hectorgarcia/Library/Developer/Xcode/DerivedData/Build/Products/Debug-iphonesimulator/GoogleDataTransport_GoogleDataTransport.bundle

Touch /Users/hectorgarcia/Library/Developer/Xcode/DerivedData/Build/Products/Debug-iphonesimulator/GoogleSignIn_GoogleSignIn.bundle (in target 'GoogleSignIn_GoogleSignIn' from project 'GoogleSignIn')
    cd /Users/hectorgarcia/Library/Developer/Xcode/DerivedData/Lyo-eagkiegzrakogpczynhkaholsscs/SourcePackages/checkouts/GoogleSignIn-iOS
    /usr/bin/touch -c /Users/hectorgarcia/Library/Developer/Xcode/DerivedData/Build/Products/Debug-iphonesimulator/GoogleSignIn_GoogleSignIn.bundle

CodeSign /Users/hectorgarcia/Library/Developer/Xcode/DerivedData/Build/Products/Debug-iphonesimulator/GTMSessionFetcher_GTMSessionFetcherCore.bundle (in target 'GTMSessionFetcher_GTMSessionFetcherCore' from project 'GTMSessionFetcher')
    cd /Users/hectorgarcia/Library/Developer/Xcode/DerivedData/Lyo-eagkiegzrakogpczynhkaholsscs/SourcePackages/checkouts/gtm-session-fetcher
    
    Signing Identity:     "Sign to Run Locally"
    
    /usr/bin/codesign --force --sign - --timestamp\=none --generate-entitlement-der /Users/hectorgarcia/Library/Developer/Xcode/DerivedData/Build/Products/Debug-iphonesimulator/GTMSessionFetcher_GTMSessionFetcherCore.bundle

ProcessInfoPlistFile /Users/hectorgarcia/Library/Developer/Xcode/DerivedData/Build/Products/Debug-iphonesimulator/GTMAppAuth_GTMAppAuth.bundle/Info.plist /Users/hectorgarcia/Library/Developer/Xcode/DerivedData/Build/Intermediates.noindex/GTMAppAuth.build/Debug-iphonesimulator/GTMAppAuth_GTMAppAuth.build/empty-GTMAppAuth_GTMAppAuth.plist (in target 'GTMAppAuth_GTMAppAuth' from project 'GTMAppAuth')
    cd /Users/hectorgarcia/Library/Developer/Xcode/DerivedData/Lyo-eagkiegzrakogpczynhkaholsscs/SourcePackages/checkouts/GTMAppAuth
    builtin-infoPlistUtility /Users/hectorgarcia/Library/Developer/Xcode/DerivedData/Build/Intermediates.noindex/GTMAppAuth.build/Debug-iphonesimulator/GTMAppAuth_GTMAppAuth.build/empty-GTMAppAuth_GTMAppAuth.plist -producttype com.apple.product-type.bundle -expandbuildsettings -format binary -platform iphonesimulator -o /Users/hectorgarcia/Library/Developer/Xcode/DerivedData/Build/Products/Debug-iphonesimulator/GTMAppAuth_GTMAppAuth.bundle/Info.plist

CpResource /Users/hectorgarcia/Library/Developer/Xcode/DerivedData/Build/Products/Debug-iphonesimulator/GTMAppAuth_GTMAppAuth.bundle/PrivacyInfo.xcprivacy /Users/hectorgarcia/Library/Developer/Xcode/DerivedData/Lyo-eagkiegzrakogpczynhkaholsscs/SourcePackages/checkouts/GTMAppAuth/GTMAppAuth/Sources/Resources/PrivacyInfo.xcprivacy (in target 'GTMAppAuth_GTMAppAuth' from project 'GTMAppAuth')
    cd /Users/hectorgarcia/Library/Developer/Xcode/DerivedData/Lyo-eagkiegzrakogpczynhkaholsscs/SourcePackages/checkouts/GTMAppAuth
    builtin-copy -exclude .DS_Store -exclude CVS -exclude .svn -exclude .git -exclude .hg -resolve-src-symlinks /Users/hectorgarcia/Library/Developer/Xcode/DerivedData/Lyo-eagkiegzrakogpczynhkaholsscs/SourcePackages/checkouts/GTMAppAuth/GTMAppAuth/Sources/Resources/PrivacyInfo.xcprivacy /Users/hectorgarcia/Library/Developer/Xcode/DerivedData/Build/Products/Debug-iphonesimulator/GTMAppAuth_GTMAppAuth.bundle

SwiftDriver GTMAppAuth normal x86_64 com.apple.xcode.tools.swift.compiler (in target 'GTMAppAuth' from project 'GTMAppAuth')
    cd /Users/hectorgarcia/LYO_Da_ONE/Lyo.xcodeproj
    builtin-SwiftDriver -- /Users/hectorgarcia/Downloads/Xcode.app/Contents/Developer/Toolchains/XcodeDefault.xctoolchain/usr/bin/swiftc -module-name GTMAppAuth -Onone -enforce-exclusivity\=checked @/Users/hectorgarcia/Library/Developer/Xcode/DerivedData/Build/Intermediates.noindex/GTMAppAuth.build/Debug-iphonesimulator/GTMAppAuth.build/Objects-normal/x86_64/GTMAppAuth.SwiftFileList -DSWIFT_PACKAGE -DDEBUG -DSWIFT_MODULE_RESOURCE_BUNDLE_AVAILABLE -Xcc -fmodule-map-file\=/Users/hectorgarcia/Library/Developer/Xcode/DerivedData/Build/Intermediates.noindex/GeneratedModuleMaps-iphonesimulator/GTMSessionFetcherCore.modulemap -Xcc -fmodule-map-file\=/Users/hectorgarcia/Library/Developer/Xcode/DerivedData/Build/Intermediates.noindex/GeneratedModuleMaps-iphonesimulator/AppAuthCore.modulemap -DXcode -plugin-path /Users/hectorgarcia/Downloads/Xcode.app/Contents/Developer/Toolchains/XcodeDefault.xctoolchain/usr/lib/swift/host/plugins/testing -enable-experimental-feature DebugDescriptionMacro -sdk /Users/hectorgarcia/Downloads/Xcode.app/Contents/Developer/Platforms/iPhoneSimulator.platform/Developer/SDKs/iPhoneSimulator26.2.sdk -target x86_64-apple-ios12.0-simulator -g -module-cache-path /Users/hectorgarcia/Library/Developer/Xcode/DerivedData/ModuleCache.noindex -Xfrontend -serialize-debugging-options -enable-testing -suppress-warnings -index-store-path /Users/hectorgarcia/Library/Developer/Xcode/DerivedData/Lyo-eagkiegzrakogpczynhkaholsscs/Index.noindex/DataStore -Xcc -D_LIBCPP_HARDENING_MODE\=_LIBCPP_HARDENING_MODE_DEBUG -swift-version 5 -I /Users/hectorgarcia/Library/Developer/Xcode/DerivedData/Build/Products/Debug-iphonesimulator -Isystem /Users/hectorgarcia/Downloads/Xcode.app/Contents/Developer/Platforms/iPhoneSimulator.platform/Developer/usr/lib -F /Users/hectorgarcia/Library/Developer/Xcode/DerivedData/Build/Products/Debug-iphonesimulator/PackageFrameworks -F /Users/hectorgarcia/Library/Developer/Xcode/DerivedData/Build/Products/Debug-iphonesimulator/PackageFrameworks -F /Users/hectorgarcia/Library/Developer/Xcode/DerivedData/Build/Products/Debug-iphonesimulator -F /Users/hectorgarcia/Downloads/Xcode.app/Contents/Developer/Platforms/iPhoneSimulator.platform/Developer/Library/Frameworks -F /Users/hectorgarcia/Downloads/Xcode.app/Contents/Developer/Platforms/iPhoneSimulator.platform/Developer/SDKs/iPhoneSimulator26.2.sdk/Developer/Library/Frameworks -c -j8 -enable-batch-mode -incremental -Xcc -ivfsstatcache -Xcc /Users/hectorgarcia/Library/Developer/Xcode/DerivedData/SDKStatCaches.noindex/iphonesimulator26.2-23C53-823d3e8b6e60bc2018c189d3ca05ba9b.sdkstatcache -output-file-map /Users/hectorgarcia/Library/Developer/Xcode/DerivedData/Build/Intermediates.noindex/GTMAppAuth.build/Debug-iphonesimulator/GTMAppAuth.build/Objects-normal/x86_64/GTMAppAuth-OutputFileMap.json -use-frontend-parseable-output -save-temps -no-color-diagnostics -explicit-module-build -module-cache-path /Users/hectorgarcia/Library/Developer/Xcode/DerivedData/Build/Intermediates.noindex/SwiftExplicitPrecompiledModules -clang-scanner-module-cache-path /Users/hectorgarcia/Library/Developer/Xcode/DerivedData/ModuleCache.noindex -sdk-module-cache-path /Users/hectorgarcia/Library/Developer/Xcode/DerivedData/ModuleCache.noindex -serialize-diagnostics -emit-dependencies -emit-module -emit-module-path /Users/hectorgarcia/Library/Developer/Xcode/DerivedData/Build/Intermediates.noindex/GTMAppAuth.build/Debug-iphonesimulator/GTMAppAuth.build/Objects-normal/x86_64/GTMAppAuth.swiftmodule -validate-clang-modules-once -clang-build-session-file /Users/hectorgarcia/Library/Developer/Xcode/DerivedData/ModuleCache.noindex/Session.modulevalidation -Xcc -I/Users/hectorgarcia/Library/Developer/Xcode/DerivedData/Build/Intermediates.noindex/GTMAppAuth.build/Debug-iphonesimulator/GTMAppAuth.build/swift-overrides.hmap -emit-const-values -Xfrontend -const-gather-protocols-file -Xfrontend /Users/hectorgarcia/Library/Developer/Xcode/DerivedData/Build/Intermediates.noindex/GTMAppAuth.build/Debug-iphonesimulator/GTMAppAuth.build/Objects-normal/x86_64/GTMAppAuth_const_extract_protocols.json -Xcc -I/Users/hectorgarcia/Library/Developer/Xcode/DerivedData/Lyo-eagkiegzrakogpczynhkaholsscs/SourcePackages/checkouts/gtm-session-fetcher/Sources/Core/Public -Xcc -I/Users/hectorgarcia/Library/Developer/Xcode/DerivedData/Lyo-eagkiegzrakogpczynhkaholsscs/SourcePackages/checkouts/AppAuth-iOS/Sources/AppAuthCore -Xcc -I/Users/hectorgarcia/Library/Developer/Xcode/DerivedData/Build/Products/Debug-iphonesimulator/include -Xcc -I/Users/hectorgarcia/Library/Developer/Xcode/DerivedData/Build/Intermediates.noindex/GTMAppAuth.build/Debug-iphonesimulator/GTMAppAuth.build/DerivedSources-normal/x86_64 -Xcc -I/Users/hectorgarcia/Library/Developer/Xcode/DerivedData/Build/Intermediates.noindex/GTMAppAuth.build/Debug-iphonesimulator/GTMAppAuth.build/DerivedSources/x86_64 -Xcc -I/Users/hectorgarcia/Library/Developer/Xcode/DerivedData/Build/Intermediates.noindex/GTMAppAuth.build/Debug-iphonesimulator/GTMAppAuth.build/DerivedSources -Xcc -DSWIFT_PACKAGE -Xcc -DDEBUG\=1 -emit-objc-header -emit-objc-header-path /Users/hectorgarcia/Library/Developer/Xcode/DerivedData/Build/Intermediates.noindex/GTMAppAuth.build/Debug-iphonesimulator/GTMAppAuth.build/Objects-normal/x86_64/GTMAppAuth-Swift.h -working-directory /Users/hectorgarcia/LYO_Da_ONE/Lyo.xcodeproj -experimental-emit-module-separately -disable-cmo

ProcessInfoPlistFile /Users/hectorgarcia/Library/Developer/Xcode/DerivedData/Build/Products/Debug-iphonesimulator/Firebase_FirebaseInstallations.bundle/Info.plist /Users/hectorgarcia/Library/Developer/Xcode/DerivedData/Build/Intermediates.noindex/Firebase.build/Debug-iphonesimulator/Firebase_FirebaseInstallations.build/empty-Firebase_FirebaseInstallations.plist (in target 'Firebase_FirebaseInstallations' from project 'Firebase')
    cd /Users/hectorgarcia/Library/Developer/Xcode/DerivedData/Lyo-eagkiegzrakogpczynhkaholsscs/SourcePackages/checkouts/firebase-ios-sdk
    builtin-infoPlistUtility /Users/hectorgarcia/Library/Developer/Xcode/DerivedData/Build/Intermediates.noindex/Firebase.build/Debug-iphonesimulator/Firebase_FirebaseInstallations.build/empty-Firebase_FirebaseInstallations.plist -producttype com.apple.product-type.bundle -expandbuildsettings -format binary -platform iphonesimulator -o /Users/hectorgarcia/Library/Developer/Xcode/DerivedData/Build/Products/Debug-iphonesimulator/Firebase_FirebaseInstallations.bundle/Info.plist

CpResource /Users/hectorgarcia/Library/Developer/Xcode/DerivedData/Build/Products/Debug-iphonesimulator/Firebase_FirebaseInstallations.bundle/PrivacyInfo.xcprivacy /Users/hectorgarcia/Library/Developer/Xcode/DerivedData/Lyo-eagkiegzrakogpczynhkaholsscs/SourcePackages/checkouts/firebase-ios-sdk/FirebaseInstallations/Source/Library/Resources/PrivacyInfo.xcprivacy (in target 'Firebase_FirebaseInstallations' from project 'Firebase')
    cd /Users/hectorgarcia/Library/Developer/Xcode/DerivedData/Lyo-eagkiegzrakogpczynhkaholsscs/SourcePackages/checkouts/firebase-ios-sdk
    builtin-copy -exclude .DS_Store -exclude CVS -exclude .svn -exclude .git -exclude .hg -resolve-src-symlinks /Users/hectorgarcia/Library/Developer/Xcode/DerivedData/Lyo-eagkiegzrakogpczynhkaholsscs/SourcePackages/checkouts/firebase-ios-sdk/FirebaseInstallations/Source/Library/Resources/PrivacyInfo.xcprivacy /Users/hectorgarcia/Library/Developer/Xcode/DerivedData/Build/Products/Debug-iphonesimulator/Firebase_FirebaseInstallations.bundle

RegisterExecutionPolicyException /Users/hectorgarcia/Library/Developer/Xcode/DerivedData/Build/Products/Debug-iphonesimulator/GTMSessionFetcher_GTMSessionFetcherCore.bundle (in target 'GTMSessionFetcher_GTMSessionFetcherCore' from project 'GTMSessionFetcher')
    cd /Users/hectorgarcia/Library/Developer/Xcode/DerivedData/Lyo-eagkiegzrakogpczynhkaholsscs/SourcePackages/checkouts/gtm-session-fetcher
    builtin-RegisterExecutionPolicyException /Users/hectorgarcia/Library/Developer/Xcode/DerivedData/Build/Products/Debug-iphonesimulator/GTMSessionFetcher_GTMSessionFetcherCore.bundle

Touch /Users/hectorgarcia/Library/Developer/Xcode/DerivedData/Build/Products/Debug-iphonesimulator/GoogleDataTransport_GoogleDataTransport.bundle (in target 'GoogleDataTransport_GoogleDataTransport' from project 'GoogleDataTransport')
    cd /Users/hectorgarcia/Library/Developer/Xcode/DerivedData/Lyo-eagkiegzrakogpczynhkaholsscs/SourcePackages/checkouts/GoogleDataTransport
    /usr/bin/touch -c /Users/hectorgarcia/Library/Developer/Xcode/DerivedData/Build/Products/Debug-iphonesimulator/GoogleDataTransport_GoogleDataTransport.bundle

CodeSign /Users/hectorgarcia/Library/Developer/Xcode/DerivedData/Build/Products/Debug-iphonesimulator/GTMAppAuth_GTMAppAuth.bundle (in target 'GTMAppAuth_GTMAppAuth' from project 'GTMAppAuth')
    cd /Users/hectorgarcia/Library/Developer/Xcode/DerivedData/Lyo-eagkiegzrakogpczynhkaholsscs/SourcePackages/checkouts/GTMAppAuth
    
    Signing Identity:     "Sign to Run Locally"
    
    /usr/bin/codesign --force --sign - --timestamp\=none --generate-entitlement-der /Users/hectorgarcia/Library/Developer/Xcode/DerivedData/Build/Products/Debug-iphonesimulator/GTMAppAuth_GTMAppAuth.bundle

PrecompileModule /Users/hectorgarcia/Library/Developer/Xcode/DerivedData/Build/Intermediates.noindex/ExplicitPrecompiledModules/Foundation-2CLGRHZ0OXJ7FB9NVGOR0MB5D.scan
    cd /
    builtin-precompileModule /Users/hectorgarcia/Library/Developer/Xcode/DerivedData/Build/Intermediates.noindex/ExplicitPrecompiledModules/Foundation-2CLGRHZ0OXJ7FB9NVGOR0MB5D.scan

PrecompileModule /Users/hectorgarcia/Library/Developer/Xcode/DerivedData/Build/Intermediates.noindex/ExplicitPrecompiledModules/_Builtin_limits-47EB8R4HQIJKTHHX4W0KY12W9.scan
    cd /
    builtin-precompileModule /Users/hectorgarcia/Library/Developer/Xcode/DerivedData/Build/Intermediates.noindex/ExplicitPrecompiledModules/_Builtin_limits-47EB8R4HQIJKTHHX4W0KY12W9.scan

PrecompileModule /Users/hectorgarcia/Library/Developer/Xcode/DerivedData/Build/Intermediates.noindex/ExplicitPrecompiledModules/_DarwinFoundation2-5VM1DWXSVEML3DRI7WCYYQWLN.scan
    cd /
    builtin-precompileModule /Users/hectorgarcia/Library/Developer/Xcode/DerivedData/Build/Intermediates.noindex/ExplicitPrecompiledModules/_DarwinFoundation2-5VM1DWXSVEML3DRI7WCYYQWLN.scan

RegisterExecutionPolicyException /Users/hectorgarcia/Library/Developer/Xcode/DerivedData/Build/Products/Debug-iphonesimulator/GTMAppAuth_GTMAppAuth.bundle (in target 'GTMAppAuth_GTMAppAuth' from project 'GTMAppAuth')
    cd /Users/hectorgarcia/Library/Developer/Xcode/DerivedData/Lyo-eagkiegzrakogpczynhkaholsscs/SourcePackages/checkouts/GTMAppAuth
    builtin-RegisterExecutionPolicyException /Users/hectorgarcia/Library/Developer/Xcode/DerivedData/Build/Products/Debug-iphonesimulator/GTMAppAuth_GTMAppAuth.bundle

Touch /Users/hectorgarcia/Library/Developer/Xcode/DerivedData/Build/Products/Debug-iphonesimulator/GTMSessionFetcher_GTMSessionFetcherCore.bundle (in target 'GTMSessionFetcher_GTMSessionFetcherCore' from project 'GTMSessionFetcher')
    cd /Users/hectorgarcia/Library/Developer/Xcode/DerivedData/Lyo-eagkiegzrakogpczynhkaholsscs/SourcePackages/checkouts/gtm-session-fetcher
    /usr/bin/touch -c /Users/hectorgarcia/Library/Developer/Xcode/DerivedData/Build/Products/Debug-iphonesimulator/GTMSessionFetcher_GTMSessionFetcherCore.bundle

ProcessInfoPlistFile /Users/hectorgarcia/Library/Developer/Xcode/DerivedData/Build/Products/Debug-iphonesimulator/Firebase_FirebaseCrashlytics.bundle/Info.plist /Users/hectorgarcia/Library/Developer/Xcode/DerivedData/Build/Intermediates.noindex/Firebase.build/Debug-iphonesimulator/Firebase_FirebaseCrashlytics.build/empty-Firebase_FirebaseCrashlytics.plist (in target 'Firebase_FirebaseCrashlytics' from project 'Firebase')
    cd /Users/hectorgarcia/Library/Developer/Xcode/DerivedData/Lyo-eagkiegzrakogpczynhkaholsscs/SourcePackages/checkouts/firebase-ios-sdk
    builtin-infoPlistUtility /Users/hectorgarcia/Library/Developer/Xcode/DerivedData/Build/Intermediates.noindex/Firebase.build/Debug-iphonesimulator/Firebase_FirebaseCrashlytics.build/empty-Firebase_FirebaseCrashlytics.plist -producttype com.apple.product-type.bundle -expandbuildsettings -format binary -platform iphonesimulator -o /Users/hectorgarcia/Library/Developer/Xcode/DerivedData/Build/Products/Debug-iphonesimulator/Firebase_FirebaseCrashlytics.bundle/Info.plist

CpResource /Users/hectorgarcia/Library/Developer/Xcode/DerivedData/Build/Products/Debug-iphonesimulator/Firebase_FirebaseCrashlytics.bundle/PrivacyInfo.xcprivacy /Users/hectorgarcia/Library/Developer/Xcode/DerivedData/Lyo-eagkiegzrakogpczynhkaholsscs/SourcePackages/checkouts/firebase-ios-sdk/Crashlytics/Resources/PrivacyInfo.xcprivacy (in target 'Firebase_FirebaseCrashlytics' from project 'Firebase')
    cd /Users/hectorgarcia/Library/Developer/Xcode/DerivedData/Lyo-eagkiegzrakogpczynhkaholsscs/SourcePackages/checkouts/firebase-ios-sdk
    builtin-copy -exclude .DS_Store -exclude CVS -exclude .svn -exclude .git -exclude .hg -resolve-src-symlinks /Users/hectorgarcia/Library/Developer/Xcode/DerivedData/Lyo-eagkiegzrakogpczynhkaholsscs/SourcePackages/checkouts/firebase-ios-sdk/Crashlytics/Resources/PrivacyInfo.xcprivacy /Users/hectorgarcia/Library/Developer/Xcode/DerivedData/Build/Products/Debug-iphonesimulator/Firebase_FirebaseCrashlytics.bundle

ProcessInfoPlistFile /Users/hectorgarcia/Library/Developer/Xcode/DerivedData/Build/Products/Debug-iphonesimulator/Firebase_FirebaseCoreInternal.bundle/Info.plist /Users/hectorgarcia/Library/Developer/Xcode/DerivedData/Build/Intermediates.noindex/Firebase.build/Debug-iphonesimulator/Firebase_FirebaseCoreInternal.build/empty-Firebase_FirebaseCoreInternal.plist (in target 'Firebase_FirebaseCoreInternal' from project 'Firebase')
    cd /Users/hectorgarcia/Library/Developer/Xcode/DerivedData/Lyo-eagkiegzrakogpczynhkaholsscs/SourcePackages/checkouts/firebase-ios-sdk
    builtin-infoPlistUtility /Users/hectorgarcia/Library/Developer/Xcode/DerivedData/Build/Intermediates.noindex/Firebase.build/Debug-iphonesimulator/Firebase_FirebaseCoreInternal.build/empty-Firebase_FirebaseCoreInternal.plist -producttype com.apple.product-type.bundle -expandbuildsettings -format binary -platform iphonesimulator -o /Users/hectorgarcia/Library/Developer/Xcode/DerivedData/Build/Products/Debug-iphonesimulator/Firebase_FirebaseCoreInternal.bundle/Info.plist

CpResource /Users/hectorgarcia/Library/Developer/Xcode/DerivedData/Build/Products/Debug-iphonesimulator/Firebase_FirebaseCoreInternal.bundle/PrivacyInfo.xcprivacy /Users/hectorgarcia/Library/Developer/Xcode/DerivedData/Lyo-eagkiegzrakogpczynhkaholsscs/SourcePackages/checkouts/firebase-ios-sdk/FirebaseCore/Internal/Sources/Resources/PrivacyInfo.xcprivacy (in target 'Firebase_FirebaseCoreInternal' from project 'Firebase')
    cd /Users/hectorgarcia/Library/Developer/Xcode/DerivedData/Lyo-eagkiegzrakogpczynhkaholsscs/SourcePackages/checkouts/firebase-ios-sdk
    builtin-copy -exclude .DS_Store -exclude CVS -exclude .svn -exclude .git -exclude .hg -resolve-src-symlinks /Users/hectorgarcia/Library/Developer/Xcode/DerivedData/Lyo-eagkiegzrakogpczynhkaholsscs/SourcePackages/checkouts/firebase-ios-sdk/FirebaseCore/Internal/Sources/Resources/PrivacyInfo.xcprivacy /Users/hectorgarcia/Library/Developer/Xcode/DerivedData/Build/Products/Debug-iphonesimulator/Firebase_FirebaseCoreInternal.bundle

ProcessInfoPlistFile /Users/hectorgarcia/Library/Developer/Xcode/DerivedData/Build/Products/Debug-iphonesimulator/Firebase_FirebaseCoreExtension.bundle/Info.plist /Users/hectorgarcia/Library/Developer/Xcode/DerivedData/Build/Intermediates.noindex/Firebase.build/Debug-iphonesimulator/Firebase_FirebaseCoreExtension.build/empty-Firebase_FirebaseCoreExtension.plist (in target 'Firebase_FirebaseCoreExtension' from project 'Firebase')
    cd /Users/hectorgarcia/Library/Developer/Xcode/DerivedData/Lyo-eagkiegzrakogpczynhkaholsscs/SourcePackages/checkouts/firebase-ios-sdk
    builtin-infoPlistUtility /Users/hectorgarcia/Library/Developer/Xcode/DerivedData/Build/Intermediates.noindex/Firebase.build/Debug-iphonesimulator/Firebase_FirebaseCoreExtension.build/empty-Firebase_FirebaseCoreExtension.plist -producttype com.apple.product-type.bundle -expandbuildsettings -format binary -platform iphonesimulator -o /Users/hectorgarcia/Library/Developer/Xcode/DerivedData/Build/Products/Debug-iphonesimulator/Firebase_FirebaseCoreExtension.bundle/Info.plist

CpResource /Users/hectorgarcia/Library/Developer/Xcode/DerivedData/Build/Products/Debug-iphonesimulator/Firebase_FirebaseCoreExtension.bundle/PrivacyInfo.xcprivacy /Users/hectorgarcia/Library/Developer/Xcode/DerivedData/Lyo-eagkiegzrakogpczynhkaholsscs/SourcePackages/checkouts/firebase-ios-sdk/FirebaseCore/Extension/Resources/PrivacyInfo.xcprivacy (in target 'Firebase_FirebaseCoreExtension' from project 'Firebase')
    cd /Users/hectorgarcia/Library/Developer/Xcode/DerivedData/Lyo-eagkiegzrakogpczynhkaholsscs/SourcePackages/checkouts/firebase-ios-sdk
    builtin-copy -exclude .DS_Store -exclude CVS -exclude .svn -exclude .git -exclude .hg -resolve-src-symlinks /Users/hectorgarcia/Library/Developer/Xcode/DerivedData/Lyo-eagkiegzrakogpczynhkaholsscs/SourcePackages/checkouts/firebase-ios-sdk/FirebaseCore/Extension/Resources/PrivacyInfo.xcprivacy /Users/hectorgarcia/Library/Developer/Xcode/DerivedData/Build/Products/Debug-iphonesimulator/Firebase_FirebaseCoreExtension.bundle

ProcessInfoPlistFile /Users/hectorgarcia/Library/Developer/Xcode/DerivedData/Build/Products/Debug-iphonesimulator/Firebase_FirebaseCore.bundle/Info.plist /Users/hectorgarcia/Library/Developer/Xcode/DerivedData/Build/Intermediates.noindex/Firebase.build/Debug-iphonesimulator/Firebase_FirebaseCore.build/empty-Firebase_FirebaseCore.plist (in target 'Firebase_FirebaseCore' from project 'Firebase')
    cd /Users/hectorgarcia/Library/Developer/Xcode/DerivedData/Lyo-eagkiegzrakogpczynhkaholsscs/SourcePackages/checkouts/firebase-ios-sdk
    builtin-infoPlistUtility /Users/hectorgarcia/Library/Developer/Xcode/DerivedData/Build/Intermediates.noindex/Firebase.build/Debug-iphonesimulator/Firebase_FirebaseCore.build/empty-Firebase_FirebaseCore.plist -producttype com.apple.product-type.bundle -expandbuildsettings -format binary -platform iphonesimulator -o /Users/hectorgarcia/Library/Developer/Xcode/DerivedData/Build/Products/Debug-iphonesimulator/Firebase_FirebaseCore.bundle/Info.plist

CpResource /Users/hectorgarcia/Library/Developer/Xcode/DerivedData/Build/Products/Debug-iphonesimulator/Firebase_FirebaseCore.bundle/PrivacyInfo.xcprivacy /Users/hectorgarcia/Library/Developer/Xcode/DerivedData/Lyo-eagkiegzrakogpczynhkaholsscs/SourcePackages/checkouts/firebase-ios-sdk/FirebaseCore/Sources/Resources/PrivacyInfo.xcprivacy (in target 'Firebase_FirebaseCore' from project 'Firebase')
    cd /Users/hectorgarcia/Library/Developer/Xcode/DerivedData/Lyo-eagkiegzrakogpczynhkaholsscs/SourcePackages/checkouts/firebase-ios-sdk
    builtin-copy -exclude .DS_Store -exclude CVS -exclude .svn -exclude .git -exclude .hg -resolve-src-symlinks /Users/hectorgarcia/Library/Developer/Xcode/DerivedData/Lyo-eagkiegzrakogpczynhkaholsscs/SourcePackages/checkouts/firebase-ios-sdk/FirebaseCore/Sources/Resources/PrivacyInfo.xcprivacy /Users/hectorgarcia/Library/Developer/Xcode/DerivedData/Build/Products/Debug-iphonesimulator/Firebase_FirebaseCore.bundle

CompileC /Users/hectorgarcia/Library/Developer/Xcode/DerivedData/Build/Intermediates.noindex/nanopb.build/Debug-iphonesimulator/nanopb.build/Objects-normal/x86_64/resource_bundle_accessor.o /Users/hectorgarcia/Library/Developer/Xcode/DerivedData/Build/Intermediates.noindex/nanopb.build/Debug-iphonesimulator/nanopb.build/DerivedSources/resource_bundle_accessor.m normal x86_64 objective-c com.apple.compilers.llvm.clang.1_0.compiler (in target 'nanopb' from project 'nanopb')
    cd /Users/hectorgarcia/LYO_Da_ONE/Lyo.xcodeproj
    
    Using response file: /Users/hectorgarcia/Library/Developer/Xcode/DerivedData/Build/Intermediates.noindex/nanopb.build/Debug-iphonesimulator/nanopb.build/Objects-normal/x86_64/e6072d4f65d7061329687fe24e3d63a7-common-args.resp
    
    /Users/hectorgarcia/Downloads/Xcode.app/Contents/Developer/Toolchains/XcodeDefault.xctoolchain/usr/bin/clang -x objective-c -ivfsstatcache /Users/hectorgarcia/Library/Developer/Xcode/DerivedData/SDKStatCaches.noindex/iphonesimulator26.2-23C53-823d3e8b6e60bc2018c189d3ca05ba9b.sdkstatcache -fmessage-length\=0 -fdiagnostics-show-note-include-stack -fmacro-backtrace-limit\=0 -fno-color-diagnostics -fmodules-prune-interval\=86400 -fmodules-prune-after\=345600 -fbuild-session-file\=/Users/hectorgarcia/Library/Developer/Xcode/DerivedData/ModuleCache.noindex/Session.modulevalidation -fmodules-validate-once-per-build-session -Wnon-modular-include-in-framework-module -Werror\=non-modular-include-in-framework-module -Wno-trigraphs -Wno-missing-field-initializers -Wno-missing-prototypes -Wno-return-type -Wno-implicit-atomic-properties -Wno-objc-interface-ivars -Wno-arc-repeated-use-of-weak -Wno-missing-braces -Wparentheses -Wswitch -Wno-unused-function -Wno-unused-label -Wno-unused-parameter -Wno-unused-variable -Wunused-value -Wno-empty-body -Wno-uninitialized -Wno-unknown-pragmas -w -Wno-shadow -Wno-four-char-constants -Wno-conversion -Wno-constant-conversion -Wno-int-conversion -Wno-bool-conversion -Wno-enum-conversion -Wno-float-conversion -Wno-non-literal-null-conversion -Wno-objc-literal-conversion -Wshorten-64-to-32 -Wpointer-sign -Wno-newline-eof -Wno-selector -Wno-strict-selector-match -Wno-undeclared-selector -Wno-deprecated-implementations -Wno-implicit-fallthrough -fstrict-aliasing -Wprotocol -Wdeprecated-declarations -Wno-sign-conversion -Wno-infinite-recursion -Wno-comma -Wno-block-capture-autoreleasing -Wno-strict-prototypes -Wno-semicolon-before-method-body -index-store-path /Users/hectorgarcia/Library/Developer/Xcode/DerivedData/Lyo-eagkiegzrakogpczynhkaholsscs/Index.noindex/DataStore @/Users/hectorgarcia/Library/Developer/Xcode/DerivedData/Build/Intermediates.noindex/nanopb.build/Debug-iphonesimulator/nanopb.build/Objects-normal/x86_64/e6072d4f65d7061329687fe24e3d63a7-common-args.resp -include /Users/hectorgarcia/Library/Developer/Xcode/DerivedData/Build/Intermediates.noindex/nanopb.build/Debug-iphonesimulator/nanopb.build/DerivedSources/resource_bundle_accessor.h -MMD -MT dependencies -MF /Users/hectorgarcia/Library/Developer/Xcode/DerivedData/Build/Intermediates.noindex/nanopb.build/Debug-iphonesimulator/nanopb.build/Objects-normal/x86_64/resource_bundle_accessor.d --serialize-diagnostics /Users/hectorgarcia/Library/Developer/Xcode/DerivedData/Build/Intermediates.noindex/nanopb.build/Debug-iphonesimulator/nanopb.build/Objects-normal/x86_64/resource_bundle_accessor.dia -c /Users/hectorgarcia/Library/Developer/Xcode/DerivedData/Build/Intermediates.noindex/nanopb.build/Debug-iphonesimulator/nanopb.build/DerivedSources/resource_bundle_accessor.m -o /Users/hectorgarcia/Library/Developer/Xcode/DerivedData/Build/Intermediates.noindex/nanopb.build/Debug-iphonesimulator/nanopb.build/Objects-normal/x86_64/resource_bundle_accessor.o -index-unit-output-path /nanopb.build/Debug-iphonesimulator/nanopb.build/Objects-normal/x86_64/resource_bundle_accessor.o

Touch /Users/hectorgarcia/Library/Developer/Xcode/DerivedData/Build/Products/Debug-iphonesimulator/GTMAppAuth_GTMAppAuth.bundle (in target 'GTMAppAuth_GTMAppAuth' from project 'GTMAppAuth')
    cd /Users/hectorgarcia/Library/Developer/Xcode/DerivedData/Lyo-eagkiegzrakogpczynhkaholsscs/SourcePackages/checkouts/GTMAppAuth
    /usr/bin/touch -c /Users/hectorgarcia/Library/Developer/Xcode/DerivedData/Build/Products/Debug-iphonesimulator/GTMAppAuth_GTMAppAuth.bundle

CodeSign /Users/hectorgarcia/Library/Developer/Xcode/DerivedData/Build/Products/Debug-iphonesimulator/Firebase_FirebaseInstallations.bundle (in target 'Firebase_FirebaseInstallations' from project 'Firebase')
    cd /Users/hectorgarcia/Library/Developer/Xcode/DerivedData/Lyo-eagkiegzrakogpczynhkaholsscs/SourcePackages/checkouts/firebase-ios-sdk
    
    Signing Identity:     "Sign to Run Locally"
    
    /usr/bin/codesign --force --sign - --timestamp\=none --generate-entitlement-der /Users/hectorgarcia/Library/Developer/Xcode/DerivedData/Build/Products/Debug-iphonesimulator/Firebase_FirebaseInstallations.bundle

RegisterExecutionPolicyException /Users/hectorgarcia/Library/Developer/Xcode/DerivedData/Build/Products/Debug-iphonesimulator/Firebase_FirebaseInstallations.bundle (in target 'Firebase_FirebaseInstallations' from project 'Firebase')
    cd /Users/hectorgarcia/Library/Developer/Xcode/DerivedData/Lyo-eagkiegzrakogpczynhkaholsscs/SourcePackages/checkouts/firebase-ios-sdk
    builtin-RegisterExecutionPolicyException /Users/hectorgarcia/Library/Developer/Xcode/DerivedData/Build/Products/Debug-iphonesimulator/Firebase_FirebaseInstallations.bundle

CodeSign /Users/hectorgarcia/Library/Developer/Xcode/DerivedData/Build/Products/Debug-iphonesimulator/Firebase_FirebaseCrashlytics.bundle (in target 'Firebase_FirebaseCrashlytics' from project 'Firebase')
    cd /Users/hectorgarcia/Library/Developer/Xcode/DerivedData/Lyo-eagkiegzrakogpczynhkaholsscs/SourcePackages/checkouts/firebase-ios-sdk
    
    Signing Identity:     "Sign to Run Locally"
    
    /usr/bin/codesign --force --sign - --timestamp\=none --generate-entitlement-der /Users/hectorgarcia/Library/Developer/Xcode/DerivedData/Build/Products/Debug-iphonesimulator/Firebase_FirebaseCrashlytics.bundle

PrecompileModule /Users/hectorgarcia/Library/Developer/Xcode/DerivedData/Build/Intermediates.noindex/ExplicitPrecompiledModules/ImageIO-5W6MBSE098L25RAGT3LLF5206.scan
    cd /
    builtin-precompileModule /Users/hectorgarcia/Library/Developer/Xcode/DerivedData/Build/Intermediates.noindex/ExplicitPrecompiledModules/ImageIO-5W6MBSE098L25RAGT3LLF5206.scan

PrecompileModule /Users/hectorgarcia/Library/Developer/Xcode/DerivedData/Build/Intermediates.noindex/ExplicitPrecompiledModules/CoreText-5YG48FZ2BWO569UG557KSCDHH.scan
    cd /
    builtin-precompileModule /Users/hectorgarcia/Library/Developer/Xcode/DerivedData/Build/Intermediates.noindex/ExplicitPrecompiledModules/CoreText-5YG48FZ2BWO569UG557KSCDHH.scan

RegisterExecutionPolicyException /Users/hectorgarcia/Library/Developer/Xcode/DerivedData/Build/Products/Debug-iphonesimulator/Firebase_FirebaseCrashlytics.bundle (in target 'Firebase_FirebaseCrashlytics' from project 'Firebase')
    cd /Users/hectorgarcia/Library/Developer/Xcode/DerivedData/Lyo-eagkiegzrakogpczynhkaholsscs/SourcePackages/checkouts/firebase-ios-sdk
    builtin-RegisterExecutionPolicyException /Users/hectorgarcia/Library/Developer/Xcode/DerivedData/Build/Products/Debug-iphonesimulator/Firebase_FirebaseCrashlytics.bundle

Touch /Users/hectorgarcia/Library/Developer/Xcode/DerivedData/Build/Products/Debug-iphonesimulator/Firebase_FirebaseInstallations.bundle (in target 'Firebase_FirebaseInstallations' from project 'Firebase')
    cd /Users/hectorgarcia/Library/Developer/Xcode/DerivedData/Lyo-eagkiegzrakogpczynhkaholsscs/SourcePackages/checkouts/firebase-ios-sdk
    /usr/bin/touch -c /Users/hectorgarcia/Library/Developer/Xcode/DerivedData/Build/Products/Debug-iphonesimulator/Firebase_FirebaseInstallations.bundle

Touch /Users/hectorgarcia/Library/Developer/Xcode/DerivedData/Build/Products/Debug-iphonesimulator/Firebase_FirebaseCrashlytics.bundle (in target 'Firebase_FirebaseCrashlytics' from project 'Firebase')
    cd /Users/hectorgarcia/Library/Developer/Xcode/DerivedData/Lyo-eagkiegzrakogpczynhkaholsscs/SourcePackages/checkouts/firebase-ios-sdk
    /usr/bin/touch -c /Users/hectorgarcia/Library/Developer/Xcode/DerivedData/Build/Products/Debug-iphonesimulator/Firebase_FirebaseCrashlytics.bundle

CodeSign /Users/hectorgarcia/Library/Developer/Xcode/DerivedData/Build/Products/Debug-iphonesimulator/Firebase_FirebaseCoreInternal.bundle (in target 'Firebase_FirebaseCoreInternal' from project 'Firebase')
    cd /Users/hectorgarcia/Library/Developer/Xcode/DerivedData/Lyo-eagkiegzrakogpczynhkaholsscs/SourcePackages/checkouts/firebase-ios-sdk
    
    Signing Identity:     "Sign to Run Locally"
    
    /usr/bin/codesign --force --sign - --timestamp\=none --generate-entitlement-der /Users/hectorgarcia/Library/Developer/Xcode/DerivedData/Build/Products/Debug-iphonesimulator/Firebase_FirebaseCoreInternal.bundle

RegisterExecutionPolicyException /Users/hectorgarcia/Library/Developer/Xcode/DerivedData/Build/Products/Debug-iphonesimulator/Firebase_FirebaseCoreInternal.bundle (in target 'Firebase_FirebaseCoreInternal' from project 'Firebase')
    cd /Users/hectorgarcia/Library/Developer/Xcode/DerivedData/Lyo-eagkiegzrakogpczynhkaholsscs/SourcePackages/checkouts/firebase-ios-sdk
    builtin-RegisterExecutionPolicyException /Users/hectorgarcia/Library/Developer/Xcode/DerivedData/Build/Products/Debug-iphonesimulator/Firebase_FirebaseCoreInternal.bundle

Ld /Users/hectorgarcia/Library/Developer/Xcode/DerivedData/Build/Products/Debug-iphonesimulator/nanopb.o normal (in target 'nanopb' from project 'nanopb')
    cd /Users/hectorgarcia/Library/Developer/Xcode/DerivedData/Lyo-eagkiegzrakogpczynhkaholsscs/SourcePackages/checkouts/nanopb
    /Users/hectorgarcia/Downloads/Xcode.app/Contents/Developer/Toolchains/XcodeDefault.xctoolchain/usr/bin/clang -Xlinker -reproducible -target x86_64-apple-ios12.0-simulator -r -isysroot /Users/hectorgarcia/Downloads/Xcode.app/Contents/Developer/Platforms/iPhoneSimulator.platform/Developer/SDKs/iPhoneSimulator26.2.sdk -O0 -w -L/Users/hectorgarcia/Library/Developer/Xcode/DerivedData/Build/Intermediates.noindex/EagerLinkingTBDs/Debug-iphonesimulator -L/Users/hectorgarcia/Library/Developer/Xcode/DerivedData/Build/Products/Debug-iphonesimulator -L/Users/hectorgarcia/Downloads/Xcode.app/Contents/Developer/Platforms/iPhoneSimulator.platform/Developer/usr/lib -F/Users/hectorgarcia/Library/Developer/Xcode/DerivedData/Build/Intermediates.noindex/EagerLinkingTBDs/Debug-iphonesimulator -F/Users/hectorgarcia/Library/Developer/Xcode/DerivedData/Build/Products/Debug-iphonesimulator -iframework /Users/hectorgarcia/Downloads/Xcode.app/Contents/Developer/Platforms/iPhoneSimulator.platform/Developer/Library/Frameworks -iframework /Users/hectorgarcia/Downloads/Xcode.app/Contents/Developer/Platforms/iPhoneSimulator.platform/Developer/SDKs/iPhoneSimulator26.2.sdk/Developer/Library/Frameworks -filelist /Users/hectorgarcia/Library/Developer/Xcode/DerivedData/Build/Intermediates.noindex/nanopb.build/Debug-iphonesimulator/nanopb.build/Objects-normal/x86_64/nanopb.LinkFileList -nostdlib -Xlinker -object_path_lto -Xlinker /Users/hectorgarcia/Library/Developer/Xcode/DerivedData/Build/Intermediates.noindex/nanopb.build/Debug-iphonesimulator/nanopb.build/Objects-normal/x86_64/nanopb_lto.o -rdynamic -Xlinker -no_deduplicate -Xlinker -objc_abi_version -Xlinker 2 -Xlinker -dependency_info -Xlinker /Users/hectorgarcia/Library/Developer/Xcode/DerivedData/Build/Intermediates.noindex/nanopb.build/Debug-iphonesimulator/nanopb.build/Objects-normal/x86_64/nanopb_dependency_info.dat -fobjc-arc -fobjc-link-runtime -o /Users/hectorgarcia/Library/Developer/Xcode/DerivedData/Build/Products/Debug-iphonesimulator/nanopb.o

Touch /Users/hectorgarcia/Library/Developer/Xcode/DerivedData/Build/Products/Debug-iphonesimulator/Firebase_FirebaseCoreInternal.bundle (in target 'Firebase_FirebaseCoreInternal' from project 'Firebase')
    cd /Users/hectorgarcia/Library/Developer/Xcode/DerivedData/Lyo-eagkiegzrakogpczynhkaholsscs/SourcePackages/checkouts/firebase-ios-sdk
    /usr/bin/touch -c /Users/hectorgarcia/Library/Developer/Xcode/DerivedData/Build/Products/Debug-iphonesimulator/Firebase_FirebaseCoreInternal.bundle

CodeSign /Users/hectorgarcia/Library/Developer/Xcode/DerivedData/Build/Products/Debug-iphonesimulator/Firebase_FirebaseCoreExtension.bundle (in target 'Firebase_FirebaseCoreExtension' from project 'Firebase')
    cd /Users/hectorgarcia/Library/Developer/Xcode/DerivedData/Lyo-eagkiegzrakogpczynhkaholsscs/SourcePackages/checkouts/firebase-ios-sdk
    
    Signing Identity:     "Sign to Run Locally"
    
    /usr/bin/codesign --force --sign - --timestamp\=none --generate-entitlement-der /Users/hectorgarcia/Library/Developer/Xcode/DerivedData/Build/Products/Debug-iphonesimulator/Firebase_FirebaseCoreExtension.bundle

RegisterExecutionPolicyException /Users/hectorgarcia/Library/Developer/Xcode/DerivedData/Build/Products/Debug-iphonesimulator/Firebase_FirebaseCoreExtension.bundle (in target 'Firebase_FirebaseCoreExtension' from project 'Firebase')
    cd /Users/hectorgarcia/Library/Developer/Xcode/DerivedData/Lyo-eagkiegzrakogpczynhkaholsscs/SourcePackages/checkouts/firebase-ios-sdk
    builtin-RegisterExecutionPolicyException /Users/hectorgarcia/Library/Developer/Xcode/DerivedData/Build/Products/Debug-iphonesimulator/Firebase_FirebaseCoreExtension.bundle

ProcessInfoPlistFile /Users/hectorgarcia/Library/Developer/Xcode/DerivedData/Build/Products/Debug-iphonesimulator/Firebase_FirebaseAuth.bundle/Info.plist /Users/hectorgarcia/Library/Developer/Xcode/DerivedData/Build/Intermediates.noindex/Firebase.build/Debug-iphonesimulator/Firebase_FirebaseAuth.build/empty-Firebase_FirebaseAuth.plist (in target 'Firebase_FirebaseAuth' from project 'Firebase')
    cd /Users/hectorgarcia/Library/Developer/Xcode/DerivedData/Lyo-eagkiegzrakogpczynhkaholsscs/SourcePackages/checkouts/firebase-ios-sdk
    builtin-infoPlistUtility /Users/hectorgarcia/Library/Developer/Xcode/DerivedData/Build/Intermediates.noindex/Firebase.build/Debug-iphonesimulator/Firebase_FirebaseAuth.build/empty-Firebase_FirebaseAuth.plist -producttype com.apple.product-type.bundle -expandbuildsettings -format binary -platform iphonesimulator -o /Users/hectorgarcia/Library/Developer/Xcode/DerivedData/Build/Products/Debug-iphonesimulator/Firebase_FirebaseAuth.bundle/Info.plist

CpResource /Users/hectorgarcia/Library/Developer/Xcode/DerivedData/Build/Products/Debug-iphonesimulator/Firebase_FirebaseAuth.bundle/PrivacyInfo.xcprivacy /Users/hectorgarcia/Library/Developer/Xcode/DerivedData/Lyo-eagkiegzrakogpczynhkaholsscs/SourcePackages/checkouts/firebase-ios-sdk/FirebaseAuth/Sources/Resources/PrivacyInfo.xcprivacy (in target 'Firebase_FirebaseAuth' from project 'Firebase')
    cd /Users/hectorgarcia/Library/Developer/Xcode/DerivedData/Lyo-eagkiegzrakogpczynhkaholsscs/SourcePackages/checkouts/firebase-ios-sdk
    builtin-copy -exclude .DS_Store -exclude CVS -exclude .svn -exclude .git -exclude .hg -resolve-src-symlinks /Users/hectorgarcia/Library/Developer/Xcode/DerivedData/Lyo-eagkiegzrakogpczynhkaholsscs/SourcePackages/checkouts/firebase-ios-sdk/FirebaseAuth/Sources/Resources/PrivacyInfo.xcprivacy /Users/hectorgarcia/Library/Developer/Xcode/DerivedData/Build/Products/Debug-iphonesimulator/Firebase_FirebaseAuth.bundle

SwiftDriver FirebaseRemoteConfigInterop normal x86_64 com.apple.xcode.tools.swift.compiler (in target 'FirebaseRemoteConfigInterop' from project 'Firebase')
    cd /Users/hectorgarcia/LYO_Da_ONE/Lyo.xcodeproj
    builtin-SwiftDriver -- /Users/hectorgarcia/Downloads/Xcode.app/Contents/Developer/Toolchains/XcodeDefault.xctoolchain/usr/bin/swiftc -module-name FirebaseRemoteConfigInterop -Onone -enforce-exclusivity\=checked @/Users/hectorgarcia/Library/Developer/Xcode/DerivedData/Build/Intermediates.noindex/Firebase.build/Debug-iphonesimulator/FirebaseRemoteConfigInterop.build/Objects-normal/x86_64/FirebaseRemoteConfigInterop.SwiftFileList -DSWIFT_PACKAGE -DDEBUG -DSWIFT_MODULE_RESOURCE_BUNDLE_UNAVAILABLE -DXcode -plugin-path /Users/hectorgarcia/Downloads/Xcode.app/Contents/Developer/Toolchains/XcodeDefault.xctoolchain/usr/lib/swift/host/plugins/testing -enable-experimental-feature DebugDescriptionMacro -sdk /Users/hectorgarcia/Downloads/Xcode.app/Contents/Developer/Platforms/iPhoneSimulator.platform/Developer/SDKs/iPhoneSimulator26.2.sdk -target x86_64-apple-ios12.0-simulator -g -module-cache-path /Users/hectorgarcia/Library/Developer/Xcode/DerivedData/ModuleCache.noindex -Xfrontend -serialize-debugging-options -enable-testing -suppress-warnings -index-store-path /Users/hectorgarcia/Library/Developer/Xcode/DerivedData/Lyo-eagkiegzrakogpczynhkaholsscs/Index.noindex/DataStore -Xcc -D_LIBCPP_HARDENING_MODE\=_LIBCPP_HARDENING_MODE_DEBUG -swift-version 5 -I /Users/hectorgarcia/Library/Developer/Xcode/DerivedData/Build/Products/Debug-iphonesimulator -Isystem /Users/hectorgarcia/Downloads/Xcode.app/Contents/Developer/Platforms/iPhoneSimulator.platform/Developer/usr/lib -F /Users/hectorgarcia/Library/Developer/Xcode/DerivedData/Build/Products/Debug-iphonesimulator -F /Users/hectorgarcia/Downloads/Xcode.app/Contents/Developer/Platforms/iPhoneSimulator.platform/Developer/Library/Frameworks -F /Users/hectorgarcia/Downloads/Xcode.app/Contents/Developer/Platforms/iPhoneSimulator.platform/Developer/SDKs/iPhoneSimulator26.2.sdk/Developer/Library/Frameworks -c -j8 -enable-batch-mode -incremental -Xcc -ivfsstatcache -Xcc /Users/hectorgarcia/Library/Developer/Xcode/DerivedData/SDKStatCaches.noindex/iphonesimulator26.2-23C53-823d3e8b6e60bc2018c189d3ca05ba9b.sdkstatcache -output-file-map /Users/hectorgarcia/Library/Developer/Xcode/DerivedData/Build/Intermediates.noindex/Firebase.build/Debug-iphonesimulator/FirebaseRemoteConfigInterop.build/Objects-normal/x86_64/FirebaseRemoteConfigInterop-OutputFileMap.json -use-frontend-parseable-output -save-temps -no-color-diagnostics -explicit-module-build -module-cache-path /Users/hectorgarcia/Library/Developer/Xcode/DerivedData/Build/Intermediates.noindex/SwiftExplicitPrecompiledModules -clang-scanner-module-cache-path /Users/hectorgarcia/Library/Developer/Xcode/DerivedData/ModuleCache.noindex -sdk-module-cache-path /Users/hectorgarcia/Library/Developer/Xcode/DerivedData/ModuleCache.noindex -serialize-diagnostics -emit-dependencies -emit-module -emit-module-path /Users/hectorgarcia/Library/Developer/Xcode/DerivedData/Build/Intermediates.noindex/Firebase.build/Debug-iphonesimulator/FirebaseRemoteConfigInterop.build/Objects-normal/x86_64/FirebaseRemoteConfigInterop.swiftmodule -validate-clang-modules-once -clang-build-session-file /Users/hectorgarcia/Library/Developer/Xcode/DerivedData/ModuleCache.noindex/Session.modulevalidation -Xcc -I/Users/hectorgarcia/Library/Developer/Xcode/DerivedData/Build/Intermediates.noindex/Firebase.build/Debug-iphonesimulator/FirebaseRemoteConfigInterop.build/swift-overrides.hmap -emit-const-values -Xfrontend -const-gather-protocols-file -Xfrontend /Users/hectorgarcia/Library/Developer/Xcode/DerivedData/Build/Intermediates.noindex/Firebase.build/Debug-iphonesimulator/FirebaseRemoteConfigInterop.build/Objects-normal/x86_64/FirebaseRemoteConfigInterop_const_extract_protocols.json -Xcc -I/Users/hectorgarcia/Library/Developer/Xcode/DerivedData/Build/Products/Debug-iphonesimulator/include -Xcc -I/Users/hectorgarcia/Library/Developer/Xcode/DerivedData/Lyo-eagkiegzrakogpczynhkaholsscs/SourcePackages/checkouts/firebase-ios-sdk -Xcc -I/Users/hectorgarcia/Library/Developer/Xcode/DerivedData/Build/Intermediates.noindex/Firebase.build/Debug-iphonesimulator/FirebaseRemoteConfigInterop.build/DerivedSources-normal/x86_64 -Xcc -I/Users/hectorgarcia/Library/Developer/Xcode/DerivedData/Build/Intermediates.noindex/Firebase.build/Debug-iphonesimulator/FirebaseRemoteConfigInterop.build/DerivedSources/x86_64 -Xcc -I/Users/hectorgarcia/Library/Developer/Xcode/DerivedData/Build/Intermediates.noindex/Firebase.build/Debug-iphonesimulator/FirebaseRemoteConfigInterop.build/DerivedSources -Xcc -DSWIFT_PACKAGE -Xcc -DDEBUG\=1 -emit-objc-header -emit-objc-header-path /Users/hectorgarcia/Library/Developer/Xcode/DerivedData/Build/Intermediates.noindex/Firebase.build/Debug-iphonesimulator/FirebaseRemoteConfigInterop.build/Objects-normal/x86_64/FirebaseRemoteConfigInterop-Swift.h -working-directory /Users/hectorgarcia/LYO_Da_ONE/Lyo.xcodeproj -experimental-emit-module-separately -disable-cmo

SwiftDriver FirebaseCoreInternal normal x86_64 com.apple.xcode.tools.swift.compiler (in target 'FirebaseCoreInternal' from project 'Firebase')
    cd /Users/hectorgarcia/LYO_Da_ONE/Lyo.xcodeproj
    builtin-SwiftDriver -- /Users/hectorgarcia/Downloads/Xcode.app/Contents/Developer/Toolchains/XcodeDefault.xctoolchain/usr/bin/swiftc -module-name FirebaseCoreInternal -Onone -enforce-exclusivity\=checked @/Users/hectorgarcia/Library/Developer/Xcode/DerivedData/Build/Intermediates.noindex/Firebase.build/Debug-iphonesimulator/FirebaseCoreInternal.build/Objects-normal/x86_64/FirebaseCoreInternal.SwiftFileList -DSWIFT_PACKAGE -DDEBUG -DSWIFT_MODULE_RESOURCE_BUNDLE_AVAILABLE -Xcc -fmodule-map-file\=/Users/hectorgarcia/Library/Developer/Xcode/DerivedData/Build/Intermediates.noindex/GeneratedModuleMaps-iphonesimulator/GoogleUtilities-NSData.modulemap -DXcode -plugin-path /Users/hectorgarcia/Downloads/Xcode.app/Contents/Developer/Toolchains/XcodeDefault.xctoolchain/usr/lib/swift/host/plugins/testing -enable-experimental-feature DebugDescriptionMacro -sdk /Users/hectorgarcia/Downloads/Xcode.app/Contents/Developer/Platforms/iPhoneSimulator.platform/Developer/SDKs/iPhoneSimulator26.2.sdk -target x86_64-apple-ios12.0-simulator -g -module-cache-path /Users/hectorgarcia/Library/Developer/Xcode/DerivedData/ModuleCache.noindex -Xfrontend -serialize-debugging-options -enable-testing -suppress-warnings -index-store-path /Users/hectorgarcia/Library/Developer/Xcode/DerivedData/Lyo-eagkiegzrakogpczynhkaholsscs/Index.noindex/DataStore -Xcc -D_LIBCPP_HARDENING_MODE\=_LIBCPP_HARDENING_MODE_DEBUG -swift-version 5 -I /Users/hectorgarcia/Library/Developer/Xcode/DerivedData/Build/Products/Debug-iphonesimulator -Isystem /Users/hectorgarcia/Downloads/Xcode.app/Contents/Developer/Platforms/iPhoneSimulator.platform/Developer/usr/lib -F /Users/hectorgarcia/Library/Developer/Xcode/DerivedData/Build/Products/Debug-iphonesimulator/PackageFrameworks -F /Users/hectorgarcia/Library/Developer/Xcode/DerivedData/Build/Products/Debug-iphonesimulator -F /Users/hectorgarcia/Downloads/Xcode.app/Contents/Developer/Platforms/iPhoneSimulator.platform/Developer/Library/Frameworks -F /Users/hectorgarcia/Downloads/Xcode.app/Contents/Developer/Platforms/iPhoneSimulator.platform/Developer/SDKs/iPhoneSimulator26.2.sdk/Developer/Library/Frameworks -c -j8 -enable-batch-mode -incremental -Xcc -ivfsstatcache -Xcc /Users/hectorgarcia/Library/Developer/Xcode/DerivedData/SDKStatCaches.noindex/iphonesimulator26.2-23C53-823d3e8b6e60bc2018c189d3ca05ba9b.sdkstatcache -output-file-map /Users/hectorgarcia/Library/Developer/Xcode/DerivedData/Build/Intermediates.noindex/Firebase.build/Debug-iphonesimulator/FirebaseCoreInternal.build/Objects-normal/x86_64/FirebaseCoreInternal-OutputFileMap.json -use-frontend-parseable-output -save-temps -no-color-diagnostics -explicit-module-build -module-cache-path /Users/hectorgarcia/Library/Developer/Xcode/DerivedData/Build/Intermediates.noindex/SwiftExplicitPrecompiledModules -clang-scanner-module-cache-path /Users/hectorgarcia/Library/Developer/Xcode/DerivedData/ModuleCache.noindex -sdk-module-cache-path /Users/hectorgarcia/Library/Developer/Xcode/DerivedData/ModuleCache.noindex -serialize-diagnostics -emit-dependencies -emit-module -emit-module-path /Users/hectorgarcia/Library/Developer/Xcode/DerivedData/Build/Intermediates.noindex/Firebase.build/Debug-iphonesimulator/FirebaseCoreInternal.build/Objects-normal/x86_64/FirebaseCoreInternal.swiftmodule -validate-clang-modules-once -clang-build-session-file /Users/hectorgarcia/Library/Developer/Xcode/DerivedData/ModuleCache.noindex/Session.modulevalidation -Xcc -I/Users/hectorgarcia/Library/Developer/Xcode/DerivedData/Build/Intermediates.noindex/Firebase.build/Debug-iphonesimulator/FirebaseCoreInternal.build/swift-overrides.hmap -emit-const-values -Xfrontend -const-gather-protocols-file -Xfrontend /Users/hectorgarcia/Library/Developer/Xcode/DerivedData/Build/Intermediates.noindex/Firebase.build/Debug-iphonesimulator/FirebaseCoreInternal.build/Objects-normal/x86_64/FirebaseCoreInternal_const_extract_protocols.json -Xcc -I/Users/hectorgarcia/Library/Developer/Xcode/DerivedData/Lyo-eagkiegzrakogpczynhkaholsscs/SourcePackages/checkouts/GoogleUtilities/GoogleUtilities/NSData+zlib/Public -Xcc -I/Users/hectorgarcia/Library/Developer/Xcode/DerivedData/Build/Products/Debug-iphonesimulator/include -Xcc -I/Users/hectorgarcia/Library/Developer/Xcode/DerivedData/Build/Intermediates.noindex/Firebase.build/Debug-iphonesimulator/FirebaseCoreInternal.build/DerivedSources-normal/x86_64 -Xcc -I/Users/hectorgarcia/Library/Developer/Xcode/DerivedData/Build/Intermediates.noindex/Firebase.build/Debug-iphonesimulator/FirebaseCoreInternal.build/DerivedSources/x86_64 -Xcc -I/Users/hectorgarcia/Library/Developer/Xcode/DerivedData/Build/Intermediates.noindex/Firebase.build/Debug-iphonesimulator/FirebaseCoreInternal.build/DerivedSources -Xcc -DSWIFT_PACKAGE -Xcc -DDEBUG\=1 -emit-objc-header -emit-objc-header-path /Users/hectorgarcia/Library/Developer/Xcode/DerivedData/Build/Intermediates.noindex/Firebase.build/Debug-iphonesimulator/FirebaseCoreInternal.build/Objects-normal/x86_64/FirebaseCoreInternal-Swift.h -working-directory /Users/hectorgarcia/LYO_Da_ONE/Lyo.xcodeproj -experimental-emit-module-separately -disable-cmo

CompileC /Users/hectorgarcia/Library/Developer/Xcode/DerivedData/Build/Intermediates.noindex/GoogleUtilities.build/Debug-iphonesimulator/GoogleUtilities-UserDefaults.build/Objects-normal/x86_64/resource_bundle_accessor.o /Users/hectorgarcia/Library/Developer/Xcode/DerivedData/Build/Intermediates.noindex/GoogleUtilities.build/Debug-iphonesimulator/GoogleUtilities-UserDefaults.build/DerivedSources/resource_bundle_accessor.m normal x86_64 objective-c com.apple.compilers.llvm.clang.1_0.compiler (in target 'GoogleUtilities-UserDefaults' from project 'GoogleUtilities')
    cd /Users/hectorgarcia/LYO_Da_ONE/Lyo.xcodeproj
    
    Using response file: /Users/hectorgarcia/Library/Developer/Xcode/DerivedData/Build/Intermediates.noindex/GoogleUtilities.build/Debug-iphonesimulator/GoogleUtilities-UserDefaults.build/Objects-normal/x86_64/e6072d4f65d7061329687fe24e3d63a7-common-args.resp
    
    /Users/hectorgarcia/Downloads/Xcode.app/Contents/Developer/Toolchains/XcodeDefault.xctoolchain/usr/bin/clang -x objective-c -ivfsstatcache /Users/hectorgarcia/Library/Developer/Xcode/DerivedData/SDKStatCaches.noindex/iphonesimulator26.2-23C53-823d3e8b6e60bc2018c189d3ca05ba9b.sdkstatcache -fmessage-length\=0 -fdiagnostics-show-note-include-stack -fmacro-backtrace-limit\=0 -fno-color-diagnostics -fmodules-prune-interval\=86400 -fmodules-prune-after\=345600 -fbuild-session-file\=/Users/hectorgarcia/Library/Developer/Xcode/DerivedData/ModuleCache.noindex/Session.modulevalidation -fmodules-validate-once-per-build-session -Wnon-modular-include-in-framework-module -Werror\=non-modular-include-in-framework-module -Wno-trigraphs -Wno-missing-field-initializers -Wno-missing-prototypes -Wno-return-type -Wno-implicit-atomic-properties -Wno-objc-interface-ivars -Wno-arc-repeated-use-of-weak -Wno-missing-braces -Wparentheses -Wswitch -Wno-unused-function -Wno-unused-label -Wno-unused-parameter -Wno-unused-variable -Wunused-value -Wno-empty-body -Wno-uninitialized -Wno-unknown-pragmas -w -Wno-shadow -Wno-four-char-constants -Wno-conversion -Wno-constant-conversion -Wno-int-conversion -Wno-bool-conversion -Wno-enum-conversion -Wno-float-conversion -Wno-non-literal-null-conversion -Wno-objc-literal-conversion -Wshorten-64-to-32 -Wpointer-sign -Wno-newline-eof -Wno-selector -Wno-strict-selector-match -Wno-undeclared-selector -Wno-deprecated-implementations -Wno-implicit-fallthrough -fstrict-aliasing -Wprotocol -Wdeprecated-declarations -Wno-sign-conversion -Wno-infinite-recursion -Wno-comma -Wno-block-capture-autoreleasing -Wno-strict-prototypes -Wno-semicolon-before-method-body -index-store-path /Users/hectorgarcia/Library/Developer/Xcode/DerivedData/Lyo-eagkiegzrakogpczynhkaholsscs/Index.noindex/DataStore @/Users/hectorgarcia/Library/Developer/Xcode/DerivedData/Build/Intermediates.noindex/GoogleUtilities.build/Debug-iphonesimulator/GoogleUtilities-UserDefaults.build/Objects-normal/x86_64/e6072d4f65d7061329687fe24e3d63a7-common-args.resp -include /Users/hectorgarcia/Library/Developer/Xcode/DerivedData/Build/Intermediates.noindex/GoogleUtilities.build/Debug-iphonesimulator/GoogleUtilities-UserDefaults.build/DerivedSources/resource_bundle_accessor.h -MMD -MT dependencies -MF /Users/hectorgarcia/Library/Developer/Xcode/DerivedData/Build/Intermediates.noindex/GoogleUtilities.build/Debug-iphonesimulator/GoogleUtilities-UserDefaults.build/Objects-normal/x86_64/resource_bundle_accessor.d --serialize-diagnostics /Users/hectorgarcia/Library/Developer/Xcode/DerivedData/Build/Intermediates.noindex/GoogleUtilities.build/Debug-iphonesimulator/GoogleUtilities-UserDefaults.build/Objects-normal/x86_64/resource_bundle_accessor.dia -c /Users/hectorgarcia/Library/Developer/Xcode/DerivedData/Build/Intermediates.noindex/GoogleUtilities.build/Debug-iphonesimulator/GoogleUtilities-UserDefaults.build/DerivedSources/resource_bundle_accessor.m -o /Users/hectorgarcia/Library/Developer/Xcode/DerivedData/Build/Intermediates.noindex/GoogleUtilities.build/Debug-iphonesimulator/GoogleUtilities-UserDefaults.build/Objects-normal/x86_64/resource_bundle_accessor.o -index-unit-output-path /GoogleUtilities.build/Debug-iphonesimulator/GoogleUtilities-UserDefaults.build/Objects-normal/x86_64/resource_bundle_accessor.o

CompileC /Users/hectorgarcia/Library/Developer/Xcode/DerivedData/Build/Intermediates.noindex/GoogleUtilities.build/Debug-iphonesimulator/GoogleUtilities-Reachability.build/Objects-normal/x86_64/resource_bundle_accessor.o /Users/hectorgarcia/Library/Developer/Xcode/DerivedData/Build/Intermediates.noindex/GoogleUtilities.build/Debug-iphonesimulator/GoogleUtilities-Reachability.build/DerivedSources/resource_bundle_accessor.m normal x86_64 objective-c com.apple.compilers.llvm.clang.1_0.compiler (in target 'GoogleUtilities-Reachability' from project 'GoogleUtilities')
    cd /Users/hectorgarcia/LYO_Da_ONE/Lyo.xcodeproj
    
    Using response file: /Users/hectorgarcia/Library/Developer/Xcode/DerivedData/Build/Intermediates.noindex/GoogleUtilities.build/Debug-iphonesimulator/GoogleUtilities-Reachability.build/Objects-normal/x86_64/e6072d4f65d7061329687fe24e3d63a7-common-args.resp
    
    /Users/hectorgarcia/Downloads/Xcode.app/Contents/Developer/Toolchains/XcodeDefault.xctoolchain/usr/bin/clang -x objective-c -ivfsstatcache /Users/hectorgarcia/Library/Developer/Xcode/DerivedData/SDKStatCaches.noindex/iphonesimulator26.2-23C53-823d3e8b6e60bc2018c189d3ca05ba9b.sdkstatcache -fmessage-length\=0 -fdiagnostics-show-note-include-stack -fmacro-backtrace-limit\=0 -fno-color-diagnostics -fmodules-prune-interval\=86400 -fmodules-prune-after\=345600 -fbuild-session-file\=/Users/hectorgarcia/Library/Developer/Xcode/DerivedData/ModuleCache.noindex/Session.modulevalidation -fmodules-validate-once-per-build-session -Wnon-modular-include-in-framework-module -Werror\=non-modular-include-in-framework-module -Wno-trigraphs -Wno-missing-field-initializers -Wno-missing-prototypes -Wno-return-type -Wno-implicit-atomic-properties -Wno-objc-interface-ivars -Wno-arc-repeated-use-of-weak -Wno-missing-braces -Wparentheses -Wswitch -Wno-unused-function -Wno-unused-label -Wno-unused-parameter -Wno-unused-variable -Wunused-value -Wno-empty-body -Wno-uninitialized -Wno-unknown-pragmas -w -Wno-shadow -Wno-four-char-constants -Wno-conversion -Wno-constant-conversion -Wno-int-conversion -Wno-bool-conversion -Wno-enum-conversion -Wno-float-conversion -Wno-non-literal-null-conversion -Wno-objc-literal-conversion -Wshorten-64-to-32 -Wpointer-sign -Wno-newline-eof -Wno-selector -Wno-strict-selector-match -Wno-undeclared-selector -Wno-deprecated-implementations -Wno-implicit-fallthrough -fstrict-aliasing -Wprotocol -Wdeprecated-declarations -Wno-sign-conversion -Wno-infinite-recursion -Wno-comma -Wno-block-capture-autoreleasing -Wno-strict-prototypes -Wno-semicolon-before-method-body -index-store-path /Users/hectorgarcia/Library/Developer/Xcode/DerivedData/Lyo-eagkiegzrakogpczynhkaholsscs/Index.noindex/DataStore @/Users/hectorgarcia/Library/Developer/Xcode/DerivedData/Build/Intermediates.noindex/GoogleUtilities.build/Debug-iphonesimulator/GoogleUtilities-Reachability.build/Objects-normal/x86_64/e6072d4f65d7061329687fe24e3d63a7-common-args.resp -include /Users/hectorgarcia/Library/Developer/Xcode/DerivedData/Build/Intermediates.noindex/GoogleUtilities.build/Debug-iphonesimulator/GoogleUtilities-Reachability.build/DerivedSources/resource_bundle_accessor.h -MMD -MT dependencies -MF /Users/hectorgarcia/Library/Developer/Xcode/DerivedData/Build/Intermediates.noindex/GoogleUtilities.build/Debug-iphonesimulator/GoogleUtilities-Reachability.build/Objects-normal/x86_64/resource_bundle_accessor.d --serialize-diagnostics /Users/hectorgarcia/Library/Developer/Xcode/DerivedData/Build/Intermediates.noindex/GoogleUtilities.build/Debug-iphonesimulator/GoogleUtilities-Reachability.build/Objects-normal/x86_64/resource_bundle_accessor.dia -c /Users/hectorgarcia/Library/Developer/Xcode/DerivedData/Build/Intermediates.noindex/GoogleUtilities.build/Debug-iphonesimulator/GoogleUtilities-Reachability.build/DerivedSources/resource_bundle_accessor.m -o /Users/hectorgarcia/Library/Developer/Xcode/DerivedData/Build/Intermediates.noindex/GoogleUtilities.build/Debug-iphonesimulator/GoogleUtilities-Reachability.build/Objects-normal/x86_64/resource_bundle_accessor.o -index-unit-output-path /GoogleUtilities.build/Debug-iphonesimulator/GoogleUtilities-Reachability.build/Objects-normal/x86_64/resource_bundle_accessor.o

CompileC /Users/hectorgarcia/Library/Developer/Xcode/DerivedData/Build/Intermediates.noindex/GoogleUtilities.build/Debug-iphonesimulator/GoogleUtilities-Network.build/Objects-normal/x86_64/resource_bundle_accessor.o /Users/hectorgarcia/Library/Developer/Xcode/DerivedData/Build/Intermediates.noindex/GoogleUtilities.build/Debug-iphonesimulator/GoogleUtilities-Network.build/DerivedSources/resource_bundle_accessor.m normal x86_64 objective-c com.apple.compilers.llvm.clang.1_0.compiler (in target 'GoogleUtilities-Network' from project 'GoogleUtilities')
    cd /Users/hectorgarcia/LYO_Da_ONE/Lyo.xcodeproj
    
    Using response file: /Users/hectorgarcia/Library/Developer/Xcode/DerivedData/Build/Intermediates.noindex/GoogleUtilities.build/Debug-iphonesimulator/GoogleUtilities-Network.build/Objects-normal/x86_64/e6072d4f65d7061329687fe24e3d63a7-common-args.resp
    
    /Users/hectorgarcia/Downloads/Xcode.app/Contents/Developer/Toolchains/XcodeDefault.xctoolchain/usr/bin/clang -x objective-c -ivfsstatcache /Users/hectorgarcia/Library/Developer/Xcode/DerivedData/SDKStatCaches.noindex/iphonesimulator26.2-23C53-823d3e8b6e60bc2018c189d3ca05ba9b.sdkstatcache -fmessage-length\=0 -fdiagnostics-show-note-include-stack -fmacro-backtrace-limit\=0 -fno-color-diagnostics -fmodules-prune-interval\=86400 -fmodules-prune-after\=345600 -fbuild-session-file\=/Users/hectorgarcia/Library/Developer/Xcode/DerivedData/ModuleCache.noindex/Session.modulevalidation -fmodules-validate-once-per-build-session -Wnon-modular-include-in-framework-module -Werror\=non-modular-include-in-framework-module -Wno-trigraphs -Wno-missing-field-initializers -Wno-missing-prototypes -Wno-return-type -Wno-implicit-atomic-properties -Wno-objc-interface-ivars -Wno-arc-repeated-use-of-weak -Wno-missing-braces -Wparentheses -Wswitch -Wno-unused-function -Wno-unused-label -Wno-unused-parameter -Wno-unused-variable -Wunused-value -Wno-empty-body -Wno-uninitialized -Wno-unknown-pragmas -w -Wno-shadow -Wno-four-char-constants -Wno-conversion -Wno-constant-conversion -Wno-int-conversion -Wno-bool-conversion -Wno-enum-conversion -Wno-float-conversion -Wno-non-literal-null-conversion -Wno-objc-literal-conversion -Wshorten-64-to-32 -Wpointer-sign -Wno-newline-eof -Wno-selector -Wno-strict-selector-match -Wno-undeclared-selector -Wno-deprecated-implementations -Wno-implicit-fallthrough -fstrict-aliasing -Wprotocol -Wdeprecated-declarations -Wno-sign-conversion -Wno-infinite-recursion -Wno-comma -Wno-block-capture-autoreleasing -Wno-strict-prototypes -Wno-semicolon-before-method-body -index-store-path /Users/hectorgarcia/Library/Developer/Xcode/DerivedData/Lyo-eagkiegzrakogpczynhkaholsscs/Index.noindex/DataStore @/Users/hectorgarcia/Library/Developer/Xcode/DerivedData/Build/Intermediates.noindex/GoogleUtilities.build/Debug-iphonesimulator/GoogleUtilities-Network.build/Objects-normal/x86_64/e6072d4f65d7061329687fe24e3d63a7-common-args.resp -include /Users/hectorgarcia/Library/Developer/Xcode/DerivedData/Build/Intermediates.noindex/GoogleUtilities.build/Debug-iphonesimulator/GoogleUtilities-Network.build/DerivedSources/resource_bundle_accessor.h -MMD -MT dependencies -MF /Users/hectorgarcia/Library/Developer/Xcode/DerivedData/Build/Intermediates.noindex/GoogleUtilities.build/Debug-iphonesimulator/GoogleUtilities-Network.build/Objects-normal/x86_64/resource_bundle_accessor.d --serialize-diagnostics /Users/hectorgarcia/Library/Developer/Xcode/DerivedData/Build/Intermediates.noindex/GoogleUtilities.build/Debug-iphonesimulator/GoogleUtilities-Network.build/Objects-normal/x86_64/resource_bundle_accessor.dia -c /Users/hectorgarcia/Library/Developer/Xcode/DerivedData/Build/Intermediates.noindex/GoogleUtilities.build/Debug-iphonesimulator/GoogleUtilities-Network.build/DerivedSources/resource_bundle_accessor.m -o /Users/hectorgarcia/Library/Developer/Xcode/DerivedData/Build/Intermediates.noindex/GoogleUtilities.build/Debug-iphonesimulator/GoogleUtilities-Network.build/Objects-normal/x86_64/resource_bundle_accessor.o -index-unit-output-path /GoogleUtilities.build/Debug-iphonesimulator/GoogleUtilities-Network.build/Objects-normal/x86_64/resource_bundle_accessor.o

CompileC /Users/hectorgarcia/Library/Developer/Xcode/DerivedData/Build/Intermediates.noindex/GoogleUtilities.build/Debug-iphonesimulator/GoogleUtilities-Network.build/Objects-normal/x86_64/GULMutableDictionary.o /Users/hectorgarcia/Library/Developer/Xcode/DerivedData/Lyo-eagkiegzrakogpczynhkaholsscs/SourcePackages/checkouts/GoogleUtilities/GoogleUtilities/Network/GULMutableDictionary.m normal x86_64 objective-c com.apple.compilers.llvm.clang.1_0.compiler (in target 'GoogleUtilities-Network' from project 'GoogleUtilities')
    cd /Users/hectorgarcia/LYO_Da_ONE/Lyo.xcodeproj
    
    Using response file: /Users/hectorgarcia/Library/Developer/Xcode/DerivedData/Build/Intermediates.noindex/GoogleUtilities.build/Debug-iphonesimulator/GoogleUtilities-Network.build/Objects-normal/x86_64/e6072d4f65d7061329687fe24e3d63a7-common-args.resp
    
    /Users/hectorgarcia/Downloads/Xcode.app/Contents/Developer/Toolchains/XcodeDefault.xctoolchain/usr/bin/clang -x objective-c -ivfsstatcache /Users/hectorgarcia/Library/Developer/Xcode/DerivedData/SDKStatCaches.noindex/iphonesimulator26.2-23C53-823d3e8b6e60bc2018c189d3ca05ba9b.sdkstatcache -fmessage-length\=0 -fdiagnostics-show-note-include-stack -fmacro-backtrace-limit\=0 -fno-color-diagnostics -fmodules-prune-interval\=86400 -fmodules-prune-after\=345600 -fbuild-session-file\=/Users/hectorgarcia/Library/Developer/Xcode/DerivedData/ModuleCache.noindex/Session.modulevalidation -fmodules-validate-once-per-build-session -Wnon-modular-include-in-framework-module -Werror\=non-modular-include-in-framework-module -Wno-trigraphs -Wno-missing-field-initializers -Wno-missing-prototypes -Wno-return-type -Wno-implicit-atomic-properties -Wno-objc-interface-ivars -Wno-arc-repeated-use-of-weak -Wno-missing-braces -Wparentheses -Wswitch -Wno-unused-function -Wno-unused-label -Wno-unused-parameter -Wno-unused-variable -Wunused-value -Wno-empty-body -Wno-uninitialized -Wno-unknown-pragmas -w -Wno-shadow -Wno-four-char-constants -Wno-conversion -Wno-constant-conversion -Wno-int-conversion -Wno-bool-conversion -Wno-enum-conversion -Wno-float-conversion -Wno-non-literal-null-conversion -Wno-objc-literal-conversion -Wshorten-64-to-32 -Wpointer-sign -Wno-newline-eof -Wno-selector -Wno-strict-selector-match -Wno-undeclared-selector -Wno-deprecated-implementations -Wno-implicit-fallthrough -fstrict-aliasing -Wprotocol -Wdeprecated-declarations -Wno-sign-conversion -Wno-infinite-recursion -Wno-comma -Wno-block-capture-autoreleasing -Wno-strict-prototypes -Wno-semicolon-before-method-body -index-store-path /Users/hectorgarcia/Library/Developer/Xcode/DerivedData/Lyo-eagkiegzrakogpczynhkaholsscs/Index.noindex/DataStore @/Users/hectorgarcia/Library/Developer/Xcode/DerivedData/Build/Intermediates.noindex/GoogleUtilities.build/Debug-iphonesimulator/GoogleUtilities-Network.build/Objects-normal/x86_64/e6072d4f65d7061329687fe24e3d63a7-common-args.resp -include /Users/hectorgarcia/Library/Developer/Xcode/DerivedData/Build/Intermediates.noindex/GoogleUtilities.build/Debug-iphonesimulator/GoogleUtilities-Network.build/DerivedSources/resource_bundle_accessor.h -MMD -MT dependencies -MF /Users/hectorgarcia/Library/Developer/Xcode/DerivedData/Build/Intermediates.noindex/GoogleUtilities.build/Debug-iphonesimulator/GoogleUtilities-Network.build/Objects-normal/x86_64/GULMutableDictionary.d --serialize-diagnostics /Users/hectorgarcia/Library/Developer/Xcode/DerivedData/Build/Intermediates.noindex/GoogleUtilities.build/Debug-iphonesimulator/GoogleUtilities-Network.build/Objects-normal/x86_64/GULMutableDictionary.dia -c /Users/hectorgarcia/Library/Developer/Xcode/DerivedData/Lyo-eagkiegzrakogpczynhkaholsscs/SourcePackages/checkouts/GoogleUtilities/GoogleUtilities/Network/GULMutableDictionary.m -o /Users/hectorgarcia/Library/Developer/Xcode/DerivedData/Build/Intermediates.noindex/GoogleUtilities.build/Debug-iphonesimulator/GoogleUtilities-Network.build/Objects-normal/x86_64/GULMutableDictionary.o -index-unit-output-path /GoogleUtilities.build/Debug-iphonesimulator/GoogleUtilities-Network.build/Objects-normal/x86_64/GULMutableDictionary.o

CompileC /Users/hectorgarcia/Library/Developer/Xcode/DerivedData/Build/Intermediates.noindex/GoogleUtilities.build/Debug-iphonesimulator/GoogleUtilities-NSData.build/Objects-normal/x86_64/resource_bundle_accessor.o /Users/hectorgarcia/Library/Developer/Xcode/DerivedData/Build/Intermediates.noindex/GoogleUtilities.build/Debug-iphonesimulator/GoogleUtilities-NSData.build/DerivedSources/resource_bundle_accessor.m normal x86_64 objective-c com.apple.compilers.llvm.clang.1_0.compiler (in target 'GoogleUtilities-NSData' from project 'GoogleUtilities')
    cd /Users/hectorgarcia/LYO_Da_ONE/Lyo.xcodeproj
    
    Using response file: /Users/hectorgarcia/Library/Developer/Xcode/DerivedData/Build/Intermediates.noindex/GoogleUtilities.build/Debug-iphonesimulator/GoogleUtilities-NSData.build/Objects-normal/x86_64/e6072d4f65d7061329687fe24e3d63a7-common-args.resp
    
    /Users/hectorgarcia/Downloads/Xcode.app/Contents/Developer/Toolchains/XcodeDefault.xctoolchain/usr/bin/clang -x objective-c -ivfsstatcache /Users/hectorgarcia/Library/Developer/Xcode/DerivedData/SDKStatCaches.noindex/iphonesimulator26.2-23C53-823d3e8b6e60bc2018c189d3ca05ba9b.sdkstatcache -fmessage-length\=0 -fdiagnostics-show-note-include-stack -fmacro-backtrace-limit\=0 -fno-color-diagnostics -fmodules-prune-interval\=86400 -fmodules-prune-after\=345600 -fbuild-session-file\=/Users/hectorgarcia/Library/Developer/Xcode/DerivedData/ModuleCache.noindex/Session.modulevalidation -fmodules-validate-once-per-build-session -Wnon-modular-include-in-framework-module -Werror\=non-modular-include-in-framework-module -Wno-trigraphs -Wno-missing-field-initializers -Wno-missing-prototypes -Wno-return-type -Wno-implicit-atomic-properties -Wno-objc-interface-ivars -Wno-arc-repeated-use-of-weak -Wno-missing-braces -Wparentheses -Wswitch -Wno-unused-function -Wno-unused-label -Wno-unused-parameter -Wno-unused-variable -Wunused-value -Wno-empty-body -Wno-uninitialized -Wno-unknown-pragmas -w -Wno-shadow -Wno-four-char-constants -Wno-conversion -Wno-constant-conversion -Wno-int-conversion -Wno-bool-conversion -Wno-enum-conversion -Wno-float-conversion -Wno-non-literal-null-conversion -Wno-objc-literal-conversion -Wshorten-64-to-32 -Wpointer-sign -Wno-newline-eof -Wno-selector -Wno-strict-selector-match -Wno-undeclared-selector -Wno-deprecated-implementations -Wno-implicit-fallthrough -fstrict-aliasing -Wprotocol -Wdeprecated-declarations -Wno-sign-conversion -Wno-infinite-recursion -Wno-comma -Wno-block-capture-autoreleasing -Wno-strict-prototypes -Wno-semicolon-before-method-body -index-store-path /Users/hectorgarcia/Library/Developer/Xcode/DerivedData/Lyo-eagkiegzrakogpczynhkaholsscs/Index.noindex/DataStore @/Users/hectorgarcia/Library/Developer/Xcode/DerivedData/Build/Intermediates.noindex/GoogleUtilities.build/Debug-iphonesimulator/GoogleUtilities-NSData.build/Objects-normal/x86_64/e6072d4f65d7061329687fe24e3d63a7-common-args.resp -include /Users/hectorgarcia/Library/Developer/Xcode/DerivedData/Build/Intermediates.noindex/GoogleUtilities.build/Debug-iphonesimulator/GoogleUtilities-NSData.build/DerivedSources/resource_bundle_accessor.h -MMD -MT dependencies -MF /Users/hectorgarcia/Library/Developer/Xcode/DerivedData/Build/Intermediates.noindex/GoogleUtilities.build/Debug-iphonesimulator/GoogleUtilities-NSData.build/Objects-normal/x86_64/resource_bundle_accessor.d --serialize-diagnostics /Users/hectorgarcia/Library/Developer/Xcode/DerivedData/Build/Intermediates.noindex/GoogleUtilities.build/Debug-iphonesimulator/GoogleUtilities-NSData.build/Objects-normal/x86_64/resource_bundle_accessor.dia -c /Users/hectorgarcia/Library/Developer/Xcode/DerivedData/Build/Intermediates.noindex/GoogleUtilities.build/Debug-iphonesimulator/GoogleUtilities-NSData.build/DerivedSources/resource_bundle_accessor.m -o /Users/hectorgarcia/Library/Developer/Xcode/DerivedData/Build/Intermediates.noindex/GoogleUtilities.build/Debug-iphonesimulator/GoogleUtilities-NSData.build/Objects-normal/x86_64/resource_bundle_accessor.o -index-unit-output-path /GoogleUtilities.build/Debug-iphonesimulator/GoogleUtilities-NSData.build/Objects-normal/x86_64/resource_bundle_accessor.o

CompileC /Users/hectorgarcia/Library/Developer/Xcode/DerivedData/Build/Intermediates.noindex/GoogleUtilities.build/Debug-iphonesimulator/GoogleUtilities-NSData.build/Objects-normal/x86_64/GULNSData+zlib.o /Users/hectorgarcia/Library/Developer/Xcode/DerivedData/Lyo-eagkiegzrakogpczynhkaholsscs/SourcePackages/checkouts/GoogleUtilities/GoogleUtilities/NSData+zlib/GULNSData+zlib.m normal x86_64 objective-c com.apple.compilers.llvm.clang.1_0.compiler (in target 'GoogleUtilities-NSData' from project 'GoogleUtilities')
    cd /Users/hectorgarcia/LYO_Da_ONE/Lyo.xcodeproj
    
    Using response file: /Users/hectorgarcia/Library/Developer/Xcode/DerivedData/Build/Intermediates.noindex/GoogleUtilities.build/Debug-iphonesimulator/GoogleUtilities-NSData.build/Objects-normal/x86_64/e6072d4f65d7061329687fe24e3d63a7-common-args.resp
    
    /Users/hectorgarcia/Downloads/Xcode.app/Contents/Developer/Toolchains/XcodeDefault.xctoolchain/usr/bin/clang -x objective-c -ivfsstatcache /Users/hectorgarcia/Library/Developer/Xcode/DerivedData/SDKStatCaches.noindex/iphonesimulator26.2-23C53-823d3e8b6e60bc2018c189d3ca05ba9b.sdkstatcache -fmessage-length\=0 -fdiagnostics-show-note-include-stack -fmacro-backtrace-limit\=0 -fno-color-diagnostics -fmodules-prune-interval\=86400 -fmodules-prune-after\=345600 -fbuild-session-file\=/Users/hectorgarcia/Library/Developer/Xcode/DerivedData/ModuleCache.noindex/Session.modulevalidation -fmodules-validate-once-per-build-session -Wnon-modular-include-in-framework-module -Werror\=non-modular-include-in-framework-module -Wno-trigraphs -Wno-missing-field-initializers -Wno-missing-prototypes -Wno-return-type -Wno-implicit-atomic-properties -Wno-objc-interface-ivars -Wno-arc-repeated-use-of-weak -Wno-missing-braces -Wparentheses -Wswitch -Wno-unused-function -Wno-unused-label -Wno-unused-parameter -Wno-unused-variable -Wunused-value -Wno-empty-body -Wno-uninitialized -Wno-unknown-pragmas -w -Wno-shadow -Wno-four-char-constants -Wno-conversion -Wno-constant-conversion -Wno-int-conversion -Wno-bool-conversion -Wno-enum-conversion -Wno-float-conversion -Wno-non-literal-null-conversion -Wno-objc-literal-conversion -Wshorten-64-to-32 -Wpointer-sign -Wno-newline-eof -Wno-selector -Wno-strict-selector-match -Wno-undeclared-selector -Wno-deprecated-implementations -Wno-implicit-fallthrough -fstrict-aliasing -Wprotocol -Wdeprecated-declarations -Wno-sign-conversion -Wno-infinite-recursion -Wno-comma -Wno-block-capture-autoreleasing -Wno-strict-prototypes -Wno-semicolon-before-method-body -index-store-path /Users/hectorgarcia/Library/Developer/Xcode/DerivedData/Lyo-eagkiegzrakogpczynhkaholsscs/Index.noindex/DataStore @/Users/hectorgarcia/Library/Developer/Xcode/DerivedData/Build/Intermediates.noindex/GoogleUtilities.build/Debug-iphonesimulator/GoogleUtilities-NSData.build/Objects-normal/x86_64/e6072d4f65d7061329687fe24e3d63a7-common-args.resp -include /Users/hectorgarcia/Library/Developer/Xcode/DerivedData/Build/Intermediates.noindex/GoogleUtilities.build/Debug-iphonesimulator/GoogleUtilities-NSData.build/DerivedSources/resource_bundle_accessor.h -MMD -MT dependencies -MF /Users/hectorgarcia/Library/Developer/Xcode/DerivedData/Build/Intermediates.noindex/GoogleUtilities.build/Debug-iphonesimulator/GoogleUtilities-NSData.build/Objects-normal/x86_64/GULNSData+zlib.d --serialize-diagnostics /Users/hectorgarcia/Library/Developer/Xcode/DerivedData/Build/Intermediates.noindex/GoogleUtilities.build/Debug-iphonesimulator/GoogleUtilities-NSData.build/Objects-normal/x86_64/GULNSData+zlib.dia -c /Users/hectorgarcia/Library/Developer/Xcode/DerivedData/Lyo-eagkiegzrakogpczynhkaholsscs/SourcePackages/checkouts/GoogleUtilities/GoogleUtilities/NSData+zlib/GULNSData+zlib.m -o /Users/hectorgarcia/Library/Developer/Xcode/DerivedData/Build/Intermediates.noindex/GoogleUtilities.build/Debug-iphonesimulator/GoogleUtilities-NSData.build/Objects-normal/x86_64/GULNSData+zlib.o -index-unit-output-path /GoogleUtilities.build/Debug-iphonesimulator/GoogleUtilities-NSData.build/Objects-normal/x86_64/GULNSData+zlib.o

CompileC /Users/hectorgarcia/Library/Developer/Xcode/DerivedData/Build/Intermediates.noindex/GoogleUtilities.build/Debug-iphonesimulator/GoogleUtilities-Logger.build/Objects-normal/x86_64/resource_bundle_accessor.o /Users/hectorgarcia/Library/Developer/Xcode/DerivedData/Build/Intermediates.noindex/GoogleUtilities.build/Debug-iphonesimulator/GoogleUtilities-Logger.build/DerivedSources/resource_bundle_accessor.m normal x86_64 objective-c com.apple.compilers.llvm.clang.1_0.compiler (in target 'GoogleUtilities-Logger' from project 'GoogleUtilities')
    cd /Users/hectorgarcia/LYO_Da_ONE/Lyo.xcodeproj
    
    Using response file: /Users/hectorgarcia/Library/Developer/Xcode/DerivedData/Build/Intermediates.noindex/GoogleUtilities.build/Debug-iphonesimulator/GoogleUtilities-Logger.build/Objects-normal/x86_64/e6072d4f65d7061329687fe24e3d63a7-common-args.resp
    
    /Users/hectorgarcia/Downloads/Xcode.app/Contents/Developer/Toolchains/XcodeDefault.xctoolchain/usr/bin/clang -x objective-c -ivfsstatcache /Users/hectorgarcia/Library/Developer/Xcode/DerivedData/SDKStatCaches.noindex/iphonesimulator26.2-23C53-823d3e8b6e60bc2018c189d3ca05ba9b.sdkstatcache -fmessage-length\=0 -fdiagnostics-show-note-include-stack -fmacro-backtrace-limit\=0 -fno-color-diagnostics -fmodules-prune-interval\=86400 -fmodules-prune-after\=345600 -fbuild-session-file\=/Users/hectorgarcia/Library/Developer/Xcode/DerivedData/ModuleCache.noindex/Session.modulevalidation -fmodules-validate-once-per-build-session -Wnon-modular-include-in-framework-module -Werror\=non-modular-include-in-framework-module -Wno-trigraphs -Wno-missing-field-initializers -Wno-missing-prototypes -Wno-return-type -Wno-implicit-atomic-properties -Wno-objc-interface-ivars -Wno-arc-repeated-use-of-weak -Wno-missing-braces -Wparentheses -Wswitch -Wno-unused-function -Wno-unused-label -Wno-unused-parameter -Wno-unused-variable -Wunused-value -Wno-empty-body -Wno-uninitialized -Wno-unknown-pragmas -w -Wno-shadow -Wno-four-char-constants -Wno-conversion -Wno-constant-conversion -Wno-int-conversion -Wno-bool-conversion -Wno-enum-conversion -Wno-float-conversion -Wno-non-literal-null-conversion -Wno-objc-literal-conversion -Wshorten-64-to-32 -Wpointer-sign -Wno-newline-eof -Wno-selector -Wno-strict-selector-match -Wno-undeclared-selector -Wno-deprecated-implementations -Wno-implicit-fallthrough -fstrict-aliasing -Wprotocol -Wdeprecated-declarations -Wno-sign-conversion -Wno-infinite-recursion -Wno-comma -Wno-block-capture-autoreleasing -Wno-strict-prototypes -Wno-semicolon-before-method-body -index-store-path /Users/hectorgarcia/Library/Developer/Xcode/DerivedData/Lyo-eagkiegzrakogpczynhkaholsscs/Index.noindex/DataStore @/Users/hectorgarcia/Library/Developer/Xcode/DerivedData/Build/Intermediates.noindex/GoogleUtilities.build/Debug-iphonesimulator/GoogleUtilities-Logger.build/Objects-normal/x86_64/e6072d4f65d7061329687fe24e3d63a7-common-args.resp -include /Users/hectorgarcia/Library/Developer/Xcode/DerivedData/Build/Intermediates.noindex/GoogleUtilities.build/Debug-iphonesimulator/GoogleUtilities-Logger.build/DerivedSources/resource_bundle_accessor.h -MMD -MT dependencies -MF /Users/hectorgarcia/Library/Developer/Xcode/DerivedData/Build/Intermediates.noindex/GoogleUtilities.build/Debug-iphonesimulator/GoogleUtilities-Logger.build/Objects-normal/x86_64/resource_bundle_accessor.d --serialize-diagnostics /Users/hectorgarcia/Library/Developer/Xcode/DerivedData/Build/Intermediates.noindex/GoogleUtilities.build/Debug-iphonesimulator/GoogleUtilities-Logger.build/Objects-normal/x86_64/resource_bundle_accessor.dia -c /Users/hectorgarcia/Library/Developer/Xcode/DerivedData/Build/Intermediates.noindex/GoogleUtilities.build/Debug-iphonesimulator/GoogleUtilities-Logger.build/DerivedSources/resource_bundle_accessor.m -o /Users/hectorgarcia/Library/Developer/Xcode/DerivedData/Build/Intermediates.noindex/GoogleUtilities.build/Debug-iphonesimulator/GoogleUtilities-Logger.build/Objects-normal/x86_64/resource_bundle_accessor.o -index-unit-output-path /GoogleUtilities.build/Debug-iphonesimulator/GoogleUtilities-Logger.build/Objects-normal/x86_64/resource_bundle_accessor.o

CompileC /Users/hectorgarcia/Library/Developer/Xcode/DerivedData/Build/Intermediates.noindex/GoogleUtilities.build/Debug-iphonesimulator/GoogleUtilities-Environment.build/Objects-normal/x86_64/resource_bundle_accessor.o /Users/hectorgarcia/Library/Developer/Xcode/DerivedData/Build/Intermediates.noindex/GoogleUtilities.build/Debug-iphonesimulator/GoogleUtilities-Environment.build/DerivedSources/resource_bundle_accessor.m normal x86_64 objective-c com.apple.compilers.llvm.clang.1_0.compiler (in target 'GoogleUtilities-Environment' from project 'GoogleUtilities')
    cd /Users/hectorgarcia/LYO_Da_ONE/Lyo.xcodeproj
    
    Using response file: /Users/hectorgarcia/Library/Developer/Xcode/DerivedData/Build/Intermediates.noindex/GoogleUtilities.build/Debug-iphonesimulator/GoogleUtilities-Environment.build/Objects-normal/x86_64/e6072d4f65d7061329687fe24e3d63a7-common-args.resp
    
    /Users/hectorgarcia/Downloads/Xcode.app/Contents/Developer/Toolchains/XcodeDefault.xctoolchain/usr/bin/clang -x objective-c -ivfsstatcache /Users/hectorgarcia/Library/Developer/Xcode/DerivedData/SDKStatCaches.noindex/iphonesimulator26.2-23C53-823d3e8b6e60bc2018c189d3ca05ba9b.sdkstatcache -fmessage-length\=0 -fdiagnostics-show-note-include-stack -fmacro-backtrace-limit\=0 -fno-color-diagnostics -fmodules-prune-interval\=86400 -fmodules-prune-after\=345600 -fbuild-session-file\=/Users/hectorgarcia/Library/Developer/Xcode/DerivedData/ModuleCache.noindex/Session.modulevalidation -fmodules-validate-once-per-build-session -Wnon-modular-include-in-framework-module -Werror\=non-modular-include-in-framework-module -Wno-trigraphs -Wno-missing-field-initializers -Wno-missing-prototypes -Wno-return-type -Wno-implicit-atomic-properties -Wno-objc-interface-ivars -Wno-arc-repeated-use-of-weak -Wno-missing-braces -Wparentheses -Wswitch -Wno-unused-function -Wno-unused-label -Wno-unused-parameter -Wno-unused-variable -Wunused-value -Wno-empty-body -Wno-uninitialized -Wno-unknown-pragmas -w -Wno-shadow -Wno-four-char-constants -Wno-conversion -Wno-constant-conversion -Wno-int-conversion -Wno-bool-conversion -Wno-enum-conversion -Wno-float-conversion -Wno-non-literal-null-conversion -Wno-objc-literal-conversion -Wshorten-64-to-32 -Wpointer-sign -Wno-newline-eof -Wno-selector -Wno-strict-selector-match -Wno-undeclared-selector -Wno-deprecated-implementations -Wno-implicit-fallthrough -fstrict-aliasing -Wprotocol -Wdeprecated-declarations -Wno-sign-conversion -Wno-infinite-recursion -Wno-comma -Wno-block-capture-autoreleasing -Wno-strict-prototypes -Wno-semicolon-before-method-body -index-store-path /Users/hectorgarcia/Library/Developer/Xcode/DerivedData/Lyo-eagkiegzrakogpczynhkaholsscs/Index.noindex/DataStore @/Users/hectorgarcia/Library/Developer/Xcode/DerivedData/Build/Intermediates.noindex/GoogleUtilities.build/Debug-iphonesimulator/GoogleUtilities-Environment.build/Objects-normal/x86_64/e6072d4f65d7061329687fe24e3d63a7-common-args.resp -include /Users/hectorgarcia/Library/Developer/Xcode/DerivedData/Build/Intermediates.noindex/GoogleUtilities.build/Debug-iphonesimulator/GoogleUtilities-Environment.build/DerivedSources/resource_bundle_accessor.h -MMD -MT dependencies -MF /Users/hectorgarcia/Library/Developer/Xcode/DerivedData/Build/Intermediates.noindex/GoogleUtilities.build/Debug-iphonesimulator/GoogleUtilities-Environment.build/Objects-normal/x86_64/resource_bundle_accessor.d --serialize-diagnostics /Users/hectorgarcia/Library/Developer/Xcode/DerivedData/Build/Intermediates.noindex/GoogleUtilities.build/Debug-iphonesimulator/GoogleUtilities-Environment.build/Objects-normal/x86_64/resource_bundle_accessor.dia -c /Users/hectorgarcia/Library/Developer/Xcode/DerivedData/Build/Intermediates.noindex/GoogleUtilities.build/Debug-iphonesimulator/GoogleUtilities-Environment.build/DerivedSources/resource_bundle_accessor.m -o /Users/hectorgarcia/Library/Developer/Xcode/DerivedData/Build/Intermediates.noindex/GoogleUtilities.build/Debug-iphonesimulator/GoogleUtilities-Environment.build/Objects-normal/x86_64/resource_bundle_accessor.o -index-unit-output-path /GoogleUtilities.build/Debug-iphonesimulator/GoogleUtilities-Environment.build/Objects-normal/x86_64/resource_bundle_accessor.o

CompileC /Users/hectorgarcia/Library/Developer/Xcode/DerivedData/Build/Intermediates.noindex/GoogleUtilities.build/Debug-iphonesimulator/GoogleUtilities-Environment.build/Objects-normal/x86_64/GULURLSessionDataResponse.o /Users/hectorgarcia/Library/Developer/Xcode/DerivedData/Lyo-eagkiegzrakogpczynhkaholsscs/SourcePackages/checkouts/GoogleUtilities/GoogleUtilities/Environment/URLSessionPromiseWrapper/GULURLSessionDataResponse.m normal x86_64 objective-c com.apple.compilers.llvm.clang.1_0.compiler (in target 'GoogleUtilities-Environment' from project 'GoogleUtilities')
    cd /Users/hectorgarcia/LYO_Da_ONE/Lyo.xcodeproj
    
    Using response file: /Users/hectorgarcia/Library/Developer/Xcode/DerivedData/Build/Intermediates.noindex/GoogleUtilities.build/Debug-iphonesimulator/GoogleUtilities-Environment.build/Objects-normal/x86_64/e6072d4f65d7061329687fe24e3d63a7-common-args.resp
    
    /Users/hectorgarcia/Downloads/Xcode.app/Contents/Developer/Toolchains/XcodeDefault.xctoolchain/usr/bin/clang -x objective-c -ivfsstatcache /Users/hectorgarcia/Library/Developer/Xcode/DerivedData/SDKStatCaches.noindex/iphonesimulator26.2-23C53-823d3e8b6e60bc2018c189d3ca05ba9b.sdkstatcache -fmessage-length\=0 -fdiagnostics-show-note-include-stack -fmacro-backtrace-limit\=0 -fno-color-diagnostics -fmodules-prune-interval\=86400 -fmodules-prune-after\=345600 -fbuild-session-file\=/Users/hectorgarcia/Library/Developer/Xcode/DerivedData/ModuleCache.noindex/Session.modulevalidation -fmodules-validate-once-per-build-session -Wnon-modular-include-in-framework-module -Werror\=non-modular-include-in-framework-module -Wno-trigraphs -Wno-missing-field-initializers -Wno-missing-prototypes -Wno-return-type -Wno-implicit-atomic-properties -Wno-objc-interface-ivars -Wno-arc-repeated-use-of-weak -Wno-missing-braces -Wparentheses -Wswitch -Wno-unused-function -Wno-unused-label -Wno-unused-parameter -Wno-unused-variable -Wunused-value -Wno-empty-body -Wno-uninitialized -Wno-unknown-pragmas -w -Wno-shadow -Wno-four-char-constants -Wno-conversion -Wno-constant-conversion -Wno-int-conversion -Wno-bool-conversion -Wno-enum-conversion -Wno-float-conversion -Wno-non-literal-null-conversion -Wno-objc-literal-conversion -Wshorten-64-to-32 -Wpointer-sign -Wno-newline-eof -Wno-selector -Wno-strict-selector-match -Wno-undeclared-selector -Wno-deprecated-implementations -Wno-implicit-fallthrough -fstrict-aliasing -Wprotocol -Wdeprecated-declarations -Wno-sign-conversion -Wno-infinite-recursion -Wno-comma -Wno-block-capture-autoreleasing -Wno-strict-prototypes -Wno-semicolon-before-method-body -index-store-path /Users/hectorgarcia/Library/Developer/Xcode/DerivedData/Lyo-eagkiegzrakogpczynhkaholsscs/Index.noindex/DataStore @/Users/hectorgarcia/Library/Developer/Xcode/DerivedData/Build/Intermediates.noindex/GoogleUtilities.build/Debug-iphonesimulator/GoogleUtilities-Environment.build/Objects-normal/x86_64/e6072d4f65d7061329687fe24e3d63a7-common-args.resp -include /Users/hectorgarcia/Library/Developer/Xcode/DerivedData/Build/Intermediates.noindex/GoogleUtilities.build/Debug-iphonesimulator/GoogleUtilities-Environment.build/DerivedSources/resource_bundle_accessor.h -MMD -MT dependencies -MF /Users/hectorgarcia/Library/Developer/Xcode/DerivedData/Build/Intermediates.noindex/GoogleUtilities.build/Debug-iphonesimulator/GoogleUtilities-Environment.build/Objects-normal/x86_64/GULURLSessionDataResponse.d --serialize-diagnostics /Users/hectorgarcia/Library/Developer/Xcode/DerivedData/Build/Intermediates.noindex/GoogleUtilities.build/Debug-iphonesimulator/GoogleUtilities-Environment.build/Objects-normal/x86_64/GULURLSessionDataResponse.dia -c /Users/hectorgarcia/Library/Developer/Xcode/DerivedData/Lyo-eagkiegzrakogpczynhkaholsscs/SourcePackages/checkouts/GoogleUtilities/GoogleUtilities/Environment/URLSessionPromiseWrapper/GULURLSessionDataResponse.m -o /Users/hectorgarcia/Library/Developer/Xcode/DerivedData/Build/Intermediates.noindex/GoogleUtilities.build/Debug-iphonesimulator/GoogleUtilities-Environment.build/Objects-normal/x86_64/GULURLSessionDataResponse.o -index-unit-output-path /GoogleUtilities.build/Debug-iphonesimulator/GoogleUtilities-Environment.build/Objects-normal/x86_64/GULURLSessionDataResponse.o

Ld /Users/hectorgarcia/Library/Developer/Xcode/DerivedData/Build/Products/Debug-iphonesimulator/GoogleUtilities-NSData.o normal (in target 'GoogleUtilities-NSData' from project 'GoogleUtilities')
    cd /Users/hectorgarcia/Library/Developer/Xcode/DerivedData/Lyo-eagkiegzrakogpczynhkaholsscs/SourcePackages/checkouts/GoogleUtilities
    /Users/hectorgarcia/Downloads/Xcode.app/Contents/Developer/Toolchains/XcodeDefault.xctoolchain/usr/bin/clang -Xlinker -reproducible -target x86_64-apple-ios12.0-simulator -r -isysroot /Users/hectorgarcia/Downloads/Xcode.app/Contents/Developer/Platforms/iPhoneSimulator.platform/Developer/SDKs/iPhoneSimulator26.2.sdk -O0 -w -L/Users/hectorgarcia/Library/Developer/Xcode/DerivedData/Build/Intermediates.noindex/EagerLinkingTBDs/Debug-iphonesimulator -L/Users/hectorgarcia/Library/Developer/Xcode/DerivedData/Build/Products/Debug-iphonesimulator -L/Users/hectorgarcia/Downloads/Xcode.app/Contents/Developer/Platforms/iPhoneSimulator.platform/Developer/usr/lib -F/Users/hectorgarcia/Library/Developer/Xcode/DerivedData/Build/Intermediates.noindex/EagerLinkingTBDs/Debug-iphonesimulator -F/Users/hectorgarcia/Library/Developer/Xcode/DerivedData/Build/Products/Debug-iphonesimulator -iframework /Users/hectorgarcia/Downloads/Xcode.app/Contents/Developer/Platforms/iPhoneSimulator.platform/Developer/Library/Frameworks -iframework /Users/hectorgarcia/Downloads/Xcode.app/Contents/Developer/Platforms/iPhoneSimulator.platform/Developer/SDKs/iPhoneSimulator26.2.sdk/Developer/Library/Frameworks -filelist /Users/hectorgarcia/Library/Developer/Xcode/DerivedData/Build/Intermediates.noindex/GoogleUtilities.build/Debug-iphonesimulator/GoogleUtilities-NSData.build/Objects-normal/x86_64/GoogleUtilities-NSData.LinkFileList -nostdlib -Xlinker -object_path_lto -Xlinker /Users/hectorgarcia/Library/Developer/Xcode/DerivedData/Build/Intermediates.noindex/GoogleUtilities.build/Debug-iphonesimulator/GoogleUtilities-NSData.build/Objects-normal/x86_64/GoogleUtilities-NSData_lto.o -rdynamic -Xlinker -no_deduplicate -Xlinker -objc_abi_version -Xlinker 2 -Xlinker -dependency_info -Xlinker /Users/hectorgarcia/Library/Developer/Xcode/DerivedData/Build/Intermediates.noindex/GoogleUtilities.build/Debug-iphonesimulator/GoogleUtilities-NSData.build/Objects-normal/x86_64/GoogleUtilities-NSData_dependency_info.dat -fobjc-arc -fobjc-link-runtime -o /Users/hectorgarcia/Library/Developer/Xcode/DerivedData/Build/Products/Debug-iphonesimulator/GoogleUtilities-NSData.o

CompileC /Users/hectorgarcia/Library/Developer/Xcode/DerivedData/Build/Intermediates.noindex/GoogleUtilities.build/Debug-iphonesimulator/GoogleUtilities-Environment.build/Objects-normal/x86_64/GULSecureCoding.o /Users/hectorgarcia/Library/Developer/Xcode/DerivedData/Lyo-eagkiegzrakogpczynhkaholsscs/SourcePackages/checkouts/GoogleUtilities/GoogleUtilities/Environment/GULSecureCoding.m normal x86_64 objective-c com.apple.compilers.llvm.clang.1_0.compiler (in target 'GoogleUtilities-Environment' from project 'GoogleUtilities')
    cd /Users/hectorgarcia/LYO_Da_ONE/Lyo.xcodeproj
    
    Using response file: /Users/hectorgarcia/Library/Developer/Xcode/DerivedData/Build/Intermediates.noindex/GoogleUtilities.build/Debug-iphonesimulator/GoogleUtilities-Environment.build/Objects-normal/x86_64/e6072d4f65d7061329687fe24e3d63a7-common-args.resp
    
    /Users/hectorgarcia/Downloads/Xcode.app/Contents/Developer/Toolchains/XcodeDefault.xctoolchain/usr/bin/clang -x objective-c -ivfsstatcache /Users/hectorgarcia/Library/Developer/Xcode/DerivedData/SDKStatCaches.noindex/iphonesimulator26.2-23C53-823d3e8b6e60bc2018c189d3ca05ba9b.sdkstatcache -fmessage-length\=0 -fdiagnostics-show-note-include-stack -fmacro-backtrace-limit\=0 -fno-color-diagnostics -fmodules-prune-interval\=86400 -fmodules-prune-after\=345600 -fbuild-session-file\=/Users/hectorgarcia/Library/Developer/Xcode/DerivedData/ModuleCache.noindex/Session.modulevalidation -fmodules-validate-once-per-build-session -Wnon-modular-include-in-framework-module -Werror\=non-modular-include-in-framework-module -Wno-trigraphs -Wno-missing-field-initializers -Wno-missing-prototypes -Wno-return-type -Wno-implicit-atomic-properties -Wno-objc-interface-ivars -Wno-arc-repeated-use-of-weak -Wno-missing-braces -Wparentheses -Wswitch -Wno-unused-function -Wno-unused-label -Wno-unused-parameter -Wno-unused-variable -Wunused-value -Wno-empty-body -Wno-uninitialized -Wno-unknown-pragmas -w -Wno-shadow -Wno-four-char-constants -Wno-conversion -Wno-constant-conversion -Wno-int-conversion -Wno-bool-conversion -Wno-enum-conversion -Wno-float-conversion -Wno-non-literal-null-conversion -Wno-objc-literal-conversion -Wshorten-64-to-32 -Wpointer-sign -Wno-newline-eof -Wno-selector -Wno-strict-selector-match -Wno-undeclared-selector -Wno-deprecated-implementations -Wno-implicit-fallthrough -fstrict-aliasing -Wprotocol -Wdeprecated-declarations -Wno-sign-conversion -Wno-infinite-recursion -Wno-comma -Wno-block-capture-autoreleasing -Wno-strict-prototypes -Wno-semicolon-before-method-body -index-store-path /Users/hectorgarcia/Library/Developer/Xcode/DerivedData/Lyo-eagkiegzrakogpczynhkaholsscs/Index.noindex/DataStore @/Users/hectorgarcia/Library/Developer/Xcode/DerivedData/Build/Intermediates.noindex/GoogleUtilities.build/Debug-iphonesimulator/GoogleUtilities-Environment.build/Objects-normal/x86_64/e6072d4f65d7061329687fe24e3d63a7-common-args.resp -include /Users/hectorgarcia/Library/Developer/Xcode/DerivedData/Build/Intermediates.noindex/GoogleUtilities.build/Debug-iphonesimulator/GoogleUtilities-Environment.build/DerivedSources/resource_bundle_accessor.h -MMD -MT dependencies -MF /Users/hectorgarcia/Library/Developer/Xcode/DerivedData/Build/Intermediates.noindex/GoogleUtilities.build/Debug-iphonesimulator/GoogleUtilities-Environment.build/Objects-normal/x86_64/GULSecureCoding.d --serialize-diagnostics /Users/hectorgarcia/Library/Developer/Xcode/DerivedData/Build/Intermediates.noindex/GoogleUtilities.build/Debug-iphonesimulator/GoogleUtilities-Environment.build/Objects-normal/x86_64/GULSecureCoding.dia -c /Users/hectorgarcia/Library/Developer/Xcode/DerivedData/Lyo-eagkiegzrakogpczynhkaholsscs/SourcePackages/checkouts/GoogleUtilities/GoogleUtilities/Environment/GULSecureCoding.m -o /Users/hectorgarcia/Library/Developer/Xcode/DerivedData/Build/Intermediates.noindex/GoogleUtilities.build/Debug-iphonesimulator/GoogleUtilities-Environment.build/Objects-normal/x86_64/GULSecureCoding.o -index-unit-output-path /GoogleUtilities.build/Debug-iphonesimulator/GoogleUtilities-Environment.build/Objects-normal/x86_64/GULSecureCoding.o

CompileC /Users/hectorgarcia/Library/Developer/Xcode/DerivedData/Build/Intermediates.noindex/GoogleUtilities.build/Debug-iphonesimulator/GoogleUtilities-Environment.build/Objects-normal/x86_64/GULKeychainUtils.o /Users/hectorgarcia/Library/Developer/Xcode/DerivedData/Lyo-eagkiegzrakogpczynhkaholsscs/SourcePackages/checkouts/GoogleUtilities/GoogleUtilities/Environment/SecureStorage/GULKeychainUtils.m normal x86_64 objective-c com.apple.compilers.llvm.clang.1_0.compiler (in target 'GoogleUtilities-Environment' from project 'GoogleUtilities')
    cd /Users/hectorgarcia/LYO_Da_ONE/Lyo.xcodeproj
    
    Using response file: /Users/hectorgarcia/Library/Developer/Xcode/DerivedData/Build/Intermediates.noindex/GoogleUtilities.build/Debug-iphonesimulator/GoogleUtilities-Environment.build/Objects-normal/x86_64/e6072d4f65d7061329687fe24e3d63a7-common-args.resp
    
    /Users/hectorgarcia/Downloads/Xcode.app/Contents/Developer/Toolchains/XcodeDefault.xctoolchain/usr/bin/clang -x objective-c -ivfsstatcache /Users/hectorgarcia/Library/Developer/Xcode/DerivedData/SDKStatCaches.noindex/iphonesimulator26.2-23C53-823d3e8b6e60bc2018c189d3ca05ba9b.sdkstatcache -fmessage-length\=0 -fdiagnostics-show-note-include-stack -fmacro-backtrace-limit\=0 -fno-color-diagnostics -fmodules-prune-interval\=86400 -fmodules-prune-after\=345600 -fbuild-session-file\=/Users/hectorgarcia/Library/Developer/Xcode/DerivedData/ModuleCache.noindex/Session.modulevalidation -fmodules-validate-once-per-build-session -Wnon-modular-include-in-framework-module -Werror\=non-modular-include-in-framework-module -Wno-trigraphs -Wno-missing-field-initializers -Wno-missing-prototypes -Wno-return-type -Wno-implicit-atomic-properties -Wno-objc-interface-ivars -Wno-arc-repeated-use-of-weak -Wno-missing-braces -Wparentheses -Wswitch -Wno-unused-function -Wno-unused-label -Wno-unused-parameter -Wno-unused-variable -Wunused-value -Wno-empty-body -Wno-uninitialized -Wno-unknown-pragmas -w -Wno-shadow -Wno-four-char-constants -Wno-conversion -Wno-constant-conversion -Wno-int-conversion -Wno-bool-conversion -Wno-enum-conversion -Wno-float-conversion -Wno-non-literal-null-conversion -Wno-objc-literal-conversion -Wshorten-64-to-32 -Wpointer-sign -Wno-newline-eof -Wno-selector -Wno-strict-selector-match -Wno-undeclared-selector -Wno-deprecated-implementations -Wno-implicit-fallthrough -fstrict-aliasing -Wprotocol -Wdeprecated-declarations -Wno-sign-conversion -Wno-infinite-recursion -Wno-comma -Wno-block-capture-autoreleasing -Wno-strict-prototypes -Wno-semicolon-before-method-body -index-store-path /Users/hectorgarcia/Library/Developer/Xcode/DerivedData/Lyo-eagkiegzrakogpczynhkaholsscs/Index.noindex/DataStore @/Users/hectorgarcia/Library/Developer/Xcode/DerivedData/Build/Intermediates.noindex/GoogleUtilities.build/Debug-iphonesimulator/GoogleUtilities-Environment.build/Objects-normal/x86_64/e6072d4f65d7061329687fe24e3d63a7-common-args.resp -include /Users/hectorgarcia/Library/Developer/Xcode/DerivedData/Build/Intermediates.noindex/GoogleUtilities.build/Debug-iphonesimulator/GoogleUtilities-Environment.build/DerivedSources/resource_bundle_accessor.h -MMD -MT dependencies -MF /Users/hectorgarcia/Library/Developer/Xcode/DerivedData/Build/Intermediates.noindex/GoogleUtilities.build/Debug-iphonesimulator/GoogleUtilities-Environment.build/Objects-normal/x86_64/GULKeychainUtils.d --serialize-diagnostics /Users/hectorgarcia/Library/Developer/Xcode/DerivedData/Build/Intermediates.noindex/GoogleUtilities.build/Debug-iphonesimulator/GoogleUtilities-Environment.build/Objects-normal/x86_64/GULKeychainUtils.dia -c /Users/hectorgarcia/Library/Developer/Xcode/DerivedData/Lyo-eagkiegzrakogpczynhkaholsscs/SourcePackages/checkouts/GoogleUtilities/GoogleUtilities/Environment/SecureStorage/GULKeychainUtils.m -o /Users/hectorgarcia/Library/Developer/Xcode/DerivedData/Build/Intermediates.noindex/GoogleUtilities.build/Debug-iphonesimulator/GoogleUtilities-Environment.build/Objects-normal/x86_64/GULKeychainUtils.o -index-unit-output-path /GoogleUtilities.build/Debug-iphonesimulator/GoogleUtilities-Environment.build/Objects-normal/x86_64/GULKeychainUtils.o

CompileC /Users/hectorgarcia/Library/Developer/Xcode/DerivedData/Build/Intermediates.noindex/GoogleUtilities.build/Debug-iphonesimulator/GoogleUtilities-Environment.build/Objects-normal/x86_64/GULHeartbeatDateStorageUserDefaults.o /Users/hectorgarcia/Library/Developer/Xcode/DerivedData/Lyo-eagkiegzrakogpczynhkaholsscs/SourcePackages/checkouts/GoogleUtilities/GoogleUtilities/Environment/GULHeartbeatDateStorageUserDefaults.m normal x86_64 objective-c com.apple.compilers.llvm.clang.1_0.compiler (in target 'GoogleUtilities-Environment' from project 'GoogleUtilities')
    cd /Users/hectorgarcia/LYO_Da_ONE/Lyo.xcodeproj
    
    Using response file: /Users/hectorgarcia/Library/Developer/Xcode/DerivedData/Build/Intermediates.noindex/GoogleUtilities.build/Debug-iphonesimulator/GoogleUtilities-Environment.build/Objects-normal/x86_64/e6072d4f65d7061329687fe24e3d63a7-common-args.resp
    
    /Users/hectorgarcia/Downloads/Xcode.app/Contents/Developer/Toolchains/XcodeDefault.xctoolchain/usr/bin/clang -x objective-c -ivfsstatcache /Users/hectorgarcia/Library/Developer/Xcode/DerivedData/SDKStatCaches.noindex/iphonesimulator26.2-23C53-823d3e8b6e60bc2018c189d3ca05ba9b.sdkstatcache -fmessage-length\=0 -fdiagnostics-show-note-include-stack -fmacro-backtrace-limit\=0 -fno-color-diagnostics -fmodules-prune-interval\=86400 -fmodules-prune-after\=345600 -fbuild-session-file\=/Users/hectorgarcia/Library/Developer/Xcode/DerivedData/ModuleCache.noindex/Session.modulevalidation -fmodules-validate-once-per-build-session -Wnon-modular-include-in-framework-module -Werror\=non-modular-include-in-framework-module -Wno-trigraphs -Wno-missing-field-initializers -Wno-missing-prototypes -Wno-return-type -Wno-implicit-atomic-properties -Wno-objc-interface-ivars -Wno-arc-repeated-use-of-weak -Wno-missing-braces -Wparentheses -Wswitch -Wno-unused-function -Wno-unused-label -Wno-unused-parameter -Wno-unused-variable -Wunused-value -Wno-empty-body -Wno-uninitialized -Wno-unknown-pragmas -w -Wno-shadow -Wno-four-char-constants -Wno-conversion -Wno-constant-conversion -Wno-int-conversion -Wno-bool-conversion -Wno-enum-conversion -Wno-float-conversion -Wno-non-literal-null-conversion -Wno-objc-literal-conversion -Wshorten-64-to-32 -Wpointer-sign -Wno-newline-eof -Wno-selector -Wno-strict-selector-match -Wno-undeclared-selector -Wno-deprecated-implementations -Wno-implicit-fallthrough -fstrict-aliasing -Wprotocol -Wdeprecated-declarations -Wno-sign-conversion -Wno-infinite-recursion -Wno-comma -Wno-block-capture-autoreleasing -Wno-strict-prototypes -Wno-semicolon-before-method-body -index-store-path /Users/hectorgarcia/Library/Developer/Xcode/DerivedData/Lyo-eagkiegzrakogpczynhkaholsscs/Index.noindex/DataStore @/Users/hectorgarcia/Library/Developer/Xcode/DerivedData/Build/Intermediates.noindex/GoogleUtilities.build/Debug-iphonesimulator/GoogleUtilities-Environment.build/Objects-normal/x86_64/e6072d4f65d7061329687fe24e3d63a7-common-args.resp -include /Users/hectorgarcia/Library/Developer/Xcode/DerivedData/Build/Intermediates.noindex/GoogleUtilities.build/Debug-iphonesimulator/GoogleUtilities-Environment.build/DerivedSources/resource_bundle_accessor.h -MMD -MT dependencies -MF /Users/hectorgarcia/Library/Developer/Xcode/DerivedData/Build/Intermediates.noindex/GoogleUtilities.build/Debug-iphonesimulator/GoogleUtilities-Environment.build/Objects-normal/x86_64/GULHeartbeatDateStorageUserDefaults.d --serialize-diagnostics /Users/hectorgarcia/Library/Developer/Xcode/DerivedData/Build/Intermediates.noindex/GoogleUtilities.build/Debug-iphonesimulator/GoogleUtilities-Environment.build/Objects-normal/x86_64/GULHeartbeatDateStorageUserDefaults.dia -c /Users/hectorgarcia/Library/Developer/Xcode/DerivedData/Lyo-eagkiegzrakogpczynhkaholsscs/SourcePackages/checkouts/GoogleUtilities/GoogleUtilities/Environment/GULHeartbeatDateStorageUserDefaults.m -o /Users/hectorgarcia/Library/Developer/Xcode/DerivedData/Build/Intermediates.noindex/GoogleUtilities.build/Debug-iphonesimulator/GoogleUtilities-Environment.build/Objects-normal/x86_64/GULHeartbeatDateStorageUserDefaults.o -index-unit-output-path /GoogleUtilities.build/Debug-iphonesimulator/GoogleUtilities-Environment.build/Objects-normal/x86_64/GULHeartbeatDateStorageUserDefaults.o

CompileC /Users/hectorgarcia/Library/Developer/Xcode/DerivedData/Build/Intermediates.noindex/GoogleUtilities.build/Debug-iphonesimulator/GoogleUtilities-Environment.build/Objects-normal/x86_64/GULHeartbeatDateStorage.o /Users/hectorgarcia/Library/Developer/Xcode/DerivedData/Lyo-eagkiegzrakogpczynhkaholsscs/SourcePackages/checkouts/GoogleUtilities/GoogleUtilities/Environment/GULHeartbeatDateStorage.m normal x86_64 objective-c com.apple.compilers.llvm.clang.1_0.compiler (in target 'GoogleUtilities-Environment' from project 'GoogleUtilities')
    cd /Users/hectorgarcia/LYO_Da_ONE/Lyo.xcodeproj
    
    Using response file: /Users/hectorgarcia/Library/Developer/Xcode/DerivedData/Build/Intermediates.noindex/GoogleUtilities.build/Debug-iphonesimulator/GoogleUtilities-Environment.build/Objects-normal/x86_64/e6072d4f65d7061329687fe24e3d63a7-common-args.resp
    
    /Users/hectorgarcia/Downloads/Xcode.app/Contents/Developer/Toolchains/XcodeDefault.xctoolchain/usr/bin/clang -x objective-c -ivfsstatcache /Users/hectorgarcia/Library/Developer/Xcode/DerivedData/SDKStatCaches.noindex/iphonesimulator26.2-23C53-823d3e8b6e60bc2018c189d3ca05ba9b.sdkstatcache -fmessage-length\=0 -fdiagnostics-show-note-include-stack -fmacro-backtrace-limit\=0 -fno-color-diagnostics -fmodules-prune-interval\=86400 -fmodules-prune-after\=345600 -fbuild-session-file\=/Users/hectorgarcia/Library/Developer/Xcode/DerivedData/ModuleCache.noindex/Session.modulevalidation -fmodules-validate-once-per-build-session -Wnon-modular-include-in-framework-module -Werror\=non-modular-include-in-framework-module -Wno-trigraphs -Wno-missing-field-initializers -Wno-missing-prototypes -Wno-return-type -Wno-implicit-atomic-properties -Wno-objc-interface-ivars -Wno-arc-repeated-use-of-weak -Wno-missing-braces -Wparentheses -Wswitch -Wno-unused-function -Wno-unused-label -Wno-unused-parameter -Wno-unused-variable -Wunused-value -Wno-empty-body -Wno-uninitialized -Wno-unknown-pragmas -w -Wno-shadow -Wno-four-char-constants -Wno-conversion -Wno-constant-conversion -Wno-int-conversion -Wno-bool-conversion -Wno-enum-conversion -Wno-float-conversion -Wno-non-literal-null-conversion -Wno-objc-literal-conversion -Wshorten-64-to-32 -Wpointer-sign -Wno-newline-eof -Wno-selector -Wno-strict-selector-match -Wno-undeclared-selector -Wno-deprecated-implementations -Wno-implicit-fallthrough -fstrict-aliasing -Wprotocol -Wdeprecated-declarations -Wno-sign-conversion -Wno-infinite-recursion -Wno-comma -Wno-block-capture-autoreleasing -Wno-strict-prototypes -Wno-semicolon-before-method-body -index-store-path /Users/hectorgarcia/Library/Developer/Xcode/DerivedData/Lyo-eagkiegzrakogpczynhkaholsscs/Index.noindex/DataStore @/Users/hectorgarcia/Library/Developer/Xcode/DerivedData/Build/Intermediates.noindex/GoogleUtilities.build/Debug-iphonesimulator/GoogleUtilities-Environment.build/Objects-normal/x86_64/e6072d4f65d7061329687fe24e3d63a7-common-args.resp -include /Users/hectorgarcia/Library/Developer/Xcode/DerivedData/Build/Intermediates.noindex/GoogleUtilities.build/Debug-iphonesimulator/GoogleUtilities-Environment.build/DerivedSources/resource_bundle_accessor.h -MMD -MT dependencies -MF /Users/hectorgarcia/Library/Developer/Xcode/DerivedData/Build/Intermediates.noindex/GoogleUtilities.build/Debug-iphonesimulator/GoogleUtilities-Environment.build/Objects-normal/x86_64/GULHeartbeatDateStorage.d --serialize-diagnostics /Users/hectorgarcia/Library/Developer/Xcode/DerivedData/Build/Intermediates.noindex/GoogleUtilities.build/Debug-iphonesimulator/GoogleUtilities-Environment.build/Objects-normal/x86_64/GULHeartbeatDateStorage.dia -c /Users/hectorgarcia/Library/Developer/Xcode/DerivedData/Lyo-eagkiegzrakogpczynhkaholsscs/SourcePackages/checkouts/GoogleUtilities/GoogleUtilities/Environment/GULHeartbeatDateStorage.m -o /Users/hectorgarcia/Library/Developer/Xcode/DerivedData/Build/Intermediates.noindex/GoogleUtilities.build/Debug-iphonesimulator/GoogleUtilities-Environment.build/Objects-normal/x86_64/GULHeartbeatDateStorage.o -index-unit-output-path /GoogleUtilities.build/Debug-iphonesimulator/GoogleUtilities-Environment.build/Objects-normal/x86_64/GULHeartbeatDateStorage.o

CompileC /Users/hectorgarcia/Library/Developer/Xcode/DerivedData/Build/Intermediates.noindex/GoogleUtilities.build/Debug-iphonesimulator/GoogleUtilities-AppDelegateSwizzler.build/Objects-normal/x86_64/resource_bundle_accessor.o /Users/hectorgarcia/Library/Developer/Xcode/DerivedData/Build/Intermediates.noindex/GoogleUtilities.build/Debug-iphonesimulator/GoogleUtilities-AppDelegateSwizzler.build/DerivedSources/resource_bundle_accessor.m normal x86_64 objective-c com.apple.compilers.llvm.clang.1_0.compiler (in target 'GoogleUtilities-AppDelegateSwizzler' from project 'GoogleUtilities')
    cd /Users/hectorgarcia/LYO_Da_ONE/Lyo.xcodeproj
    
    Using response file: /Users/hectorgarcia/Library/Developer/Xcode/DerivedData/Build/Intermediates.noindex/GoogleUtilities.build/Debug-iphonesimulator/GoogleUtilities-AppDelegateSwizzler.build/Objects-normal/x86_64/e6072d4f65d7061329687fe24e3d63a7-common-args.resp
    
    /Users/hectorgarcia/Downloads/Xcode.app/Contents/Developer/Toolchains/XcodeDefault.xctoolchain/usr/bin/clang -x objective-c -ivfsstatcache /Users/hectorgarcia/Library/Developer/Xcode/DerivedData/SDKStatCaches.noindex/iphonesimulator26.2-23C53-823d3e8b6e60bc2018c189d3ca05ba9b.sdkstatcache -fmessage-length\=0 -fdiagnostics-show-note-include-stack -fmacro-backtrace-limit\=0 -fno-color-diagnostics -fmodules-prune-interval\=86400 -fmodules-prune-after\=345600 -fbuild-session-file\=/Users/hectorgarcia/Library/Developer/Xcode/DerivedData/ModuleCache.noindex/Session.modulevalidation -fmodules-validate-once-per-build-session -Wnon-modular-include-in-framework-module -Werror\=non-modular-include-in-framework-module -Wno-trigraphs -Wno-missing-field-initializers -Wno-missing-prototypes -Wno-return-type -Wno-implicit-atomic-properties -Wno-objc-interface-ivars -Wno-arc-repeated-use-of-weak -Wno-missing-braces -Wparentheses -Wswitch -Wno-unused-function -Wno-unused-label -Wno-unused-parameter -Wno-unused-variable -Wunused-value -Wno-empty-body -Wno-uninitialized -Wno-unknown-pragmas -w -Wno-shadow -Wno-four-char-constants -Wno-conversion -Wno-constant-conversion -Wno-int-conversion -Wno-bool-conversion -Wno-enum-conversion -Wno-float-conversion -Wno-non-literal-null-conversion -Wno-objc-literal-conversion -Wshorten-64-to-32 -Wpointer-sign -Wno-newline-eof -Wno-selector -Wno-strict-selector-match -Wno-undeclared-selector -Wno-deprecated-implementations -Wno-implicit-fallthrough -fstrict-aliasing -Wprotocol -Wdeprecated-declarations -Wno-sign-conversion -Wno-infinite-recursion -Wno-comma -Wno-block-capture-autoreleasing -Wno-strict-prototypes -Wno-semicolon-before-method-body -index-store-path /Users/hectorgarcia/Library/Developer/Xcode/DerivedData/Lyo-eagkiegzrakogpczynhkaholsscs/Index.noindex/DataStore @/Users/hectorgarcia/Library/Developer/Xcode/DerivedData/Build/Intermediates.noindex/GoogleUtilities.build/Debug-iphonesimulator/GoogleUtilities-AppDelegateSwizzler.build/Objects-normal/x86_64/e6072d4f65d7061329687fe24e3d63a7-common-args.resp -include /Users/hectorgarcia/Library/Developer/Xcode/DerivedData/Build/Intermediates.noindex/GoogleUtilities.build/Debug-iphonesimulator/GoogleUtilities-AppDelegateSwizzler.build/DerivedSources/resource_bundle_accessor.h -MMD -MT dependencies -MF /Users/hectorgarcia/Library/Developer/Xcode/DerivedData/Build/Intermediates.noindex/GoogleUtilities.build/Debug-iphonesimulator/GoogleUtilities-AppDelegateSwizzler.build/Objects-normal/x86_64/resource_bundle_accessor.d --serialize-diagnostics /Users/hectorgarcia/Library/Developer/Xcode/DerivedData/Build/Intermediates.noindex/GoogleUtilities.build/Debug-iphonesimulator/GoogleUtilities-AppDelegateSwizzler.build/Objects-normal/x86_64/resource_bundle_accessor.dia -c /Users/hectorgarcia/Library/Developer/Xcode/DerivedData/Build/Intermediates.noindex/GoogleUtilities.build/Debug-iphonesimulator/GoogleUtilities-AppDelegateSwizzler.build/DerivedSources/resource_bundle_accessor.m -o /Users/hectorgarcia/Library/Developer/Xcode/DerivedData/Build/Intermediates.noindex/GoogleUtilities.build/Debug-iphonesimulator/GoogleUtilities-AppDelegateSwizzler.build/Objects-normal/x86_64/resource_bundle_accessor.o -index-unit-output-path /GoogleUtilities.build/Debug-iphonesimulator/GoogleUtilities-AppDelegateSwizzler.build/Objects-normal/x86_64/resource_bundle_accessor.o

PrecompileModule /Users/hectorgarcia/Library/Developer/Xcode/DerivedData/Build/Intermediates.noindex/ExplicitPrecompiledModules/OpenGLES-3AAMZ2Z31FEUC1V7QCWBJ6Y4.scan
    cd /
    builtin-precompileModule /Users/hectorgarcia/Library/Developer/Xcode/DerivedData/Build/Intermediates.noindex/ExplicitPrecompiledModules/OpenGLES-3AAMZ2Z31FEUC1V7QCWBJ6Y4.scan

PrecompileModule /Users/hectorgarcia/Library/Developer/Xcode/DerivedData/Build/Intermediates.noindex/ExplicitPrecompiledModules/CoreTelephony-8C39AHLN61LYIKBGTNP7K1M5J.scan
    cd /
    builtin-precompileModule /Users/hectorgarcia/Library/Developer/Xcode/DerivedData/Build/Intermediates.noindex/ExplicitPrecompiledModules/CoreTelephony-8C39AHLN61LYIKBGTNP7K1M5J.scan

PrecompileModule /Users/hectorgarcia/Library/Developer/Xcode/DerivedData/Build/Intermediates.noindex/ExplicitPrecompiledModules/GoogleUtilities_NSData-3C5XMKL785Z5DTQDD77IAMQRW.scan
    cd /
    builtin-precompileModule /Users/hectorgarcia/Library/Developer/Xcode/DerivedData/Build/Intermediates.noindex/ExplicitPrecompiledModules/GoogleUtilities_NSData-3C5XMKL785Z5DTQDD77IAMQRW.scan

SwiftEmitModule normal x86_64 Emitting\ module\ for\ FirebaseRemoteConfigInterop (in target 'FirebaseRemoteConfigInterop' from project 'Firebase')

EmitSwiftModule normal x86_64 (in target 'FirebaseRemoteConfigInterop' from project 'Firebase')
    cd /Users/hectorgarcia/LYO_Da_ONE/Lyo.xcodeproj
    

PrecompileModule /Users/hectorgarcia/Library/Developer/Xcode/DerivedData/Build/Intermediates.noindex/ExplicitPrecompiledModules/_Builtin_stdint-BCF7TFDYQMP20GAA0RTL8LGWC.scan
    cd /
    builtin-precompileModule /Users/hectorgarcia/Library/Developer/Xcode/DerivedData/Build/Intermediates.noindex/ExplicitPrecompiledModules/_Builtin_stdint-BCF7TFDYQMP20GAA0RTL8LGWC.scan

PrecompileModule /Users/hectorgarcia/Library/Developer/Xcode/DerivedData/Build/Intermediates.noindex/ExplicitPrecompiledModules/UIUtilities-2VKEO5GVL0Y7IWWE3GU02MARE.scan
    cd /
    builtin-precompileModule /Users/hectorgarcia/Library/Developer/Xcode/DerivedData/Build/Intermediates.noindex/ExplicitPrecompiledModules/UIUtilities-2VKEO5GVL0Y7IWWE3GU02MARE.scan

PrecompileModule /Users/hectorgarcia/Library/Developer/Xcode/DerivedData/Build/Intermediates.noindex/ExplicitPrecompiledModules/_DarwinFoundation3-8CUU3WMAIJUUYPOQKVI4PC46A.scan
    cd /
    builtin-precompileModule /Users/hectorgarcia/Library/Developer/Xcode/DerivedData/Build/Intermediates.noindex/ExplicitPrecompiledModules/_DarwinFoundation3-8CUU3WMAIJUUYPOQKVI4PC46A.scan

PrecompileModule /Users/hectorgarcia/Library/Developer/Xcode/DerivedData/Build/Intermediates.noindex/ExplicitPrecompiledModules/IOSurface-7VP8LLH6SP2MNOCF0O1HLS36Z.scan
    cd /
    builtin-precompileModule /Users/hectorgarcia/Library/Developer/Xcode/DerivedData/Build/Intermediates.noindex/ExplicitPrecompiledModules/IOSurface-7VP8LLH6SP2MNOCF0O1HLS36Z.scan

CompileC /Users/hectorgarcia/Library/Developer/Xcode/DerivedData/Build/Intermediates.noindex/GoogleUtilities.build/Debug-iphonesimulator/GoogleUtilities-Environment.build/Objects-normal/x86_64/GULNetworkInfo.o /Users/hectorgarcia/Library/Developer/Xcode/DerivedData/Lyo-eagkiegzrakogpczynhkaholsscs/SourcePackages/checkouts/GoogleUtilities/GoogleUtilities/Environment/NetworkInfo/GULNetworkInfo.m normal x86_64 objective-c com.apple.compilers.llvm.clang.1_0.compiler (in target 'GoogleUtilities-Environment' from project 'GoogleUtilities')
    cd /Users/hectorgarcia/LYO_Da_ONE/Lyo.xcodeproj
    
    Using response file: /Users/hectorgarcia/Library/Developer/Xcode/DerivedData/Build/Intermediates.noindex/GoogleUtilities.build/Debug-iphonesimulator/GoogleUtilities-Environment.build/Objects-normal/x86_64/e6072d4f65d7061329687fe24e3d63a7-common-args.resp
    
    /Users/hectorgarcia/Downloads/Xcode.app/Contents/Developer/Toolchains/XcodeDefault.xctoolchain/usr/bin/clang -x objective-c -ivfsstatcache /Users/hectorgarcia/Library/Developer/Xcode/DerivedData/SDKStatCaches.noindex/iphonesimulator26.2-23C53-823d3e8b6e60bc2018c189d3ca05ba9b.sdkstatcache -fmessage-length\=0 -fdiagnostics-show-note-include-stack -fmacro-backtrace-limit\=0 -fno-color-diagnostics -fmodules-prune-interval\=86400 -fmodules-prune-after\=345600 -fbuild-session-file\=/Users/hectorgarcia/Library/Developer/Xcode/DerivedData/ModuleCache.noindex/Session.modulevalidation -fmodules-validate-once-per-build-session -Wnon-modular-include-in-framework-module -Werror\=non-modular-include-in-framework-module -Wno-trigraphs -Wno-missing-field-initializers -Wno-missing-prototypes -Wno-return-type -Wno-implicit-atomic-properties -Wno-objc-interface-ivars -Wno-arc-repeated-use-of-weak -Wno-missing-braces -Wparentheses -Wswitch -Wno-unused-function -Wno-unused-label -Wno-unused-parameter -Wno-unused-variable -Wunused-value -Wno-empty-body -Wno-uninitialized -Wno-unknown-pragmas -w -Wno-shadow -Wno-four-char-constants -Wno-conversion -Wno-constant-conversion -Wno-int-conversion -Wno-bool-conversion -Wno-enum-conversion -Wno-float-conversion -Wno-non-literal-null-conversion -Wno-objc-literal-conversion -Wshorten-64-to-32 -Wpointer-sign -Wno-newline-eof -Wno-selector -Wno-strict-selector-match -Wno-undeclared-selector -Wno-deprecated-implementations -Wno-implicit-fallthrough -fstrict-aliasing -Wprotocol -Wdeprecated-declarations -Wno-sign-conversion -Wno-infinite-recursion -Wno-comma -Wno-block-capture-autoreleasing -Wno-strict-prototypes -Wno-semicolon-before-method-body -index-store-path /Users/hectorgarcia/Library/Developer/Xcode/DerivedData/Lyo-eagkiegzrakogpczynhkaholsscs/Index.noindex/DataStore @/Users/hectorgarcia/Library/Developer/Xcode/DerivedData/Build/Intermediates.noindex/GoogleUtilities.build/Debug-iphonesimulator/GoogleUtilities-Environment.build/Objects-normal/x86_64/e6072d4f65d7061329687fe24e3d63a7-common-args.resp -include /Users/hectorgarcia/Library/Developer/Xcode/DerivedData/Build/Intermediates.noindex/GoogleUtilities.build/Debug-iphonesimulator/GoogleUtilities-Environment.build/DerivedSources/resource_bundle_accessor.h -MMD -MT dependencies -MF /Users/hectorgarcia/Library/Developer/Xcode/DerivedData/Build/Intermediates.noindex/GoogleUtilities.build/Debug-iphonesimulator/GoogleUtilities-Environment.build/Objects-normal/x86_64/GULNetworkInfo.d --serialize-diagnostics /Users/hectorgarcia/Library/Developer/Xcode/DerivedData/Build/Intermediates.noindex/GoogleUtilities.build/Debug-iphonesimulator/GoogleUtilities-Environment.build/Objects-normal/x86_64/GULNetworkInfo.dia -c /Users/hectorgarcia/Library/Developer/Xcode/DerivedData/Lyo-eagkiegzrakogpczynhkaholsscs/SourcePackages/checkouts/GoogleUtilities/GoogleUtilities/Environment/NetworkInfo/GULNetworkInfo.m -o /Users/hectorgarcia/Library/Developer/Xcode/DerivedData/Build/Intermediates.noindex/GoogleUtilities.build/Debug-iphonesimulator/GoogleUtilities-Environment.build/Objects-normal/x86_64/GULNetworkInfo.o -index-unit-output-path /GoogleUtilities.build/Debug-iphonesimulator/GoogleUtilities-Environment.build/Objects-normal/x86_64/GULNetworkInfo.o

PrecompileModule /Users/hectorgarcia/Library/Developer/Xcode/DerivedData/Build/Intermediates.noindex/ExplicitPrecompiledModules/GoogleUtilities_Environment-C3SJ1DJU683CU465EP84I3HXL.scan
    cd /
    builtin-precompileModule /Users/hectorgarcia/Library/Developer/Xcode/DerivedData/Build/Intermediates.noindex/ExplicitPrecompiledModules/GoogleUtilities_Environment-C3SJ1DJU683CU465EP84I3HXL.scan

SwiftExplicitDependencyGeneratePcm x86_64 /Users/hectorgarcia/Library/Developer/Xcode/DerivedData/Build/Intermediates.noindex/SwiftExplicitPrecompiledModules/GoogleUtilities_NSData-9SAKSRBFP4NUYH7TRECEMIKJP.pcm

CompileC /Users/hectorgarcia/Library/Developer/Xcode/DerivedData/Build/Intermediates.noindex/GoogleUtilities.build/Debug-iphonesimulator/GoogleUtilities-Logger.build/Objects-normal/x86_64/GULLogger.o /Users/hectorgarcia/Library/Developer/Xcode/DerivedData/Lyo-eagkiegzrakogpczynhkaholsscs/SourcePackages/checkouts/GoogleUtilities/GoogleUtilities/Logger/GULLogger.m normal x86_64 objective-c com.apple.compilers.llvm.clang.1_0.compiler (in target 'GoogleUtilities-Logger' from project 'GoogleUtilities')
    cd /Users/hectorgarcia/LYO_Da_ONE/Lyo.xcodeproj
    
    Using response file: /Users/hectorgarcia/Library/Developer/Xcode/DerivedData/Build/Intermediates.noindex/GoogleUtilities.build/Debug-iphonesimulator/GoogleUtilities-Logger.build/Objects-normal/x86_64/e6072d4f65d7061329687fe24e3d63a7-common-args.resp
    
    /Users/hectorgarcia/Downloads/Xcode.app/Contents/Developer/Toolchains/XcodeDefault.xctoolchain/usr/bin/clang -x objective-c -ivfsstatcache /Users/hectorgarcia/Library/Developer/Xcode/DerivedData/SDKStatCaches.noindex/iphonesimulator26.2-23C53-823d3e8b6e60bc2018c189d3ca05ba9b.sdkstatcache -fmessage-length\=0 -fdiagnostics-show-note-include-stack -fmacro-backtrace-limit\=0 -fno-color-diagnostics -fmodules-prune-interval\=86400 -fmodules-prune-after\=345600 -fbuild-session-file\=/Users/hectorgarcia/Library/Developer/Xcode/DerivedData/ModuleCache.noindex/Session.modulevalidation -fmodules-validate-once-per-build-session -Wnon-modular-include-in-framework-module -Werror\=non-modular-include-in-framework-module -Wno-trigraphs -Wno-missing-field-initializers -Wno-missing-prototypes -Wno-return-type -Wno-implicit-atomic-properties -Wno-objc-interface-ivars -Wno-arc-repeated-use-of-weak -Wno-missing-braces -Wparentheses -Wswitch -Wno-unused-function -Wno-unused-label -Wno-unused-parameter -Wno-unused-variable -Wunused-value -Wno-empty-body -Wno-uninitialized -Wno-unknown-pragmas -w -Wno-shadow -Wno-four-char-constants -Wno-conversion -Wno-constant-conversion -Wno-int-conversion -Wno-bool-conversion -Wno-enum-conversion -Wno-float-conversion -Wno-non-literal-null-conversion -Wno-objc-literal-conversion -Wshorten-64-to-32 -Wpointer-sign -Wno-newline-eof -Wno-selector -Wno-strict-selector-match -Wno-undeclared-selector -Wno-deprecated-implementations -Wno-implicit-fallthrough -fstrict-aliasing -Wprotocol -Wdeprecated-declarations -Wno-sign-conversion -Wno-infinite-recursion -Wno-comma -Wno-block-capture-autoreleasing -Wno-strict-prototypes -Wno-semicolon-before-method-body -index-store-path /Users/hectorgarcia/Library/Developer/Xcode/DerivedData/Lyo-eagkiegzrakogpczynhkaholsscs/Index.noindex/DataStore @/Users/hectorgarcia/Library/Developer/Xcode/DerivedData/Build/Intermediates.noindex/GoogleUtilities.build/Debug-iphonesimulator/GoogleUtilities-Logger.build/Objects-normal/x86_64/e6072d4f65d7061329687fe24e3d63a7-common-args.resp -include /Users/hectorgarcia/Library/Developer/Xcode/DerivedData/Build/Intermediates.noindex/GoogleUtilities.build/Debug-iphonesimulator/GoogleUtilities-Logger.build/DerivedSources/resource_bundle_accessor.h -MMD -MT dependencies -MF /Users/hectorgarcia/Library/Developer/Xcode/DerivedData/Build/Intermediates.noindex/GoogleUtilities.build/Debug-iphonesimulator/GoogleUtilities-Logger.build/Objects-normal/x86_64/GULLogger.d --serialize-diagnostics /Users/hectorgarcia/Library/Developer/Xcode/DerivedData/Build/Intermediates.noindex/GoogleUtilities.build/Debug-iphonesimulator/GoogleUtilities-Logger.build/Objects-normal/x86_64/GULLogger.dia -c /Users/hectorgarcia/Library/Developer/Xcode/DerivedData/Lyo-eagkiegzrakogpczynhkaholsscs/SourcePackages/checkouts/GoogleUtilities/GoogleUtilities/Logger/GULLogger.m -o /Users/hectorgarcia/Library/Developer/Xcode/DerivedData/Build/Intermediates.noindex/GoogleUtilities.build/Debug-iphonesimulator/GoogleUtilities-Logger.build/Objects-normal/x86_64/GULLogger.o -index-unit-output-path /GoogleUtilities.build/Debug-iphonesimulator/GoogleUtilities-Logger.build/Objects-normal/x86_64/GULLogger.o

PrecompileModule /Users/hectorgarcia/Library/Developer/Xcode/DerivedData/Build/Intermediates.noindex/ExplicitPrecompiledModules/Metal-6IMCMZSTYI9F7KRNQ8GH2Y7LM.scan
    cd /
    builtin-precompileModule /Users/hectorgarcia/Library/Developer/Xcode/DerivedData/Build/Intermediates.noindex/ExplicitPrecompiledModules/Metal-6IMCMZSTYI9F7KRNQ8GH2Y7LM.scan

PrecompileModule /Users/hectorgarcia/Library/Developer/Xcode/DerivedData/Build/Intermediates.noindex/ExplicitPrecompiledModules/GoogleUtilities_Reachability-1X6HJFPLTK79XQEPME3DAFKOW.scan
    cd /
    builtin-precompileModule /Users/hectorgarcia/Library/Developer/Xcode/DerivedData/Build/Intermediates.noindex/ExplicitPrecompiledModules/GoogleUtilities_Reachability-1X6HJFPLTK79XQEPME3DAFKOW.scan

PrecompileModule /Users/hectorgarcia/Library/Developer/Xcode/DerivedData/Build/Intermediates.noindex/ExplicitPrecompiledModules/FBLPromises-1OB7MHJRHHR2T74999K918I13.scan
    cd /
    builtin-precompileModule /Users/hectorgarcia/Library/Developer/Xcode/DerivedData/Build/Intermediates.noindex/ExplicitPrecompiledModules/FBLPromises-1OB7MHJRHHR2T74999K918I13.scan

SwiftEmitModule normal x86_64 Emitting\ module\ for\ FirebaseCoreInternal (in target 'FirebaseCoreInternal' from project 'Firebase')
EmitSwiftModule normal x86_64 (in target 'FirebaseCoreInternal' from project 'Firebase')
    cd /Users/hectorgarcia/LYO_Da_ONE/Lyo.xcodeproj
    

PrecompileModule /Users/hectorgarcia/Library/Developer/Xcode/DerivedData/Build/Intermediates.noindex/ExplicitPrecompiledModules/Symbols-EXLYH1THTBQ2Y7M377MIX1OQ2.scan
    cd /
    builtin-precompileModule /Users/hectorgarcia/Library/Developer/Xcode/DerivedData/Build/Intermediates.noindex/ExplicitPrecompiledModules/Symbols-EXLYH1THTBQ2Y7M377MIX1OQ2.scan

PrecompileModule /Users/hectorgarcia/Library/Developer/Xcode/DerivedData/Build/Intermediates.noindex/ExplicitPrecompiledModules/_Builtin_inttypes-4QIUPFG6FS4FH4WT172MTC4J4.scan
    cd /
    builtin-precompileModule /Users/hectorgarcia/Library/Developer/Xcode/DerivedData/Build/Intermediates.noindex/ExplicitPrecompiledModules/_Builtin_inttypes-4QIUPFG6FS4FH4WT172MTC4J4.scan

PrecompileModule /Users/hectorgarcia/Library/Developer/Xcode/DerivedData/Build/Intermediates.noindex/ExplicitPrecompiledModules/FileProvider-1GNPOSC6U4HO2I1EHKBNRW4DK.scan
    cd /
    builtin-precompileModule /Users/hectorgarcia/Library/Developer/Xcode/DerivedData/Build/Intermediates.noindex/ExplicitPrecompiledModules/FileProvider-1GNPOSC6U4HO2I1EHKBNRW4DK.scan

PrecompileModule /Users/hectorgarcia/Library/Developer/Xcode/DerivedData/Build/Intermediates.noindex/ExplicitPrecompiledModules/Darwin-61FNXDJX5TYWA2P21HWYXTB1U.scan
    cd /
    builtin-precompileModule /Users/hectorgarcia/Library/Developer/Xcode/DerivedData/Build/Intermediates.noindex/ExplicitPrecompiledModules/Darwin-61FNXDJX5TYWA2P21HWYXTB1U.scan

PrecompileModule /Users/hectorgarcia/Library/Developer/Xcode/DerivedData/Build/Intermediates.noindex/ExplicitPrecompiledModules/GoogleUtilities_Network-C0JP6WEO7JVJV811OW8DT6G4T.scan
    cd /
    builtin-precompileModule /Users/hectorgarcia/Library/Developer/Xcode/DerivedData/Build/Intermediates.noindex/ExplicitPrecompiledModules/GoogleUtilities_Network-C0JP6WEO7JVJV811OW8DT6G4T.scan

CompileC /Users/hectorgarcia/Library/Developer/Xcode/DerivedData/Build/Intermediates.noindex/GoogleUtilities.build/Debug-iphonesimulator/GoogleUtilities-Environment.build/Objects-normal/x86_64/NSURLSession+GULPromises.o /Users/hectorgarcia/Library/Developer/Xcode/DerivedData/Lyo-eagkiegzrakogpczynhkaholsscs/SourcePackages/checkouts/GoogleUtilities/GoogleUtilities/Environment/URLSessionPromiseWrapper/NSURLSession+GULPromises.m normal x86_64 objective-c com.apple.compilers.llvm.clang.1_0.compiler (in target 'GoogleUtilities-Environment' from project 'GoogleUtilities')
    cd /Users/hectorgarcia/LYO_Da_ONE/Lyo.xcodeproj
    
    Using response file: /Users/hectorgarcia/Library/Developer/Xcode/DerivedData/Build/Intermediates.noindex/GoogleUtilities.build/Debug-iphonesimulator/GoogleUtilities-Environment.build/Objects-normal/x86_64/e6072d4f65d7061329687fe24e3d63a7-common-args.resp
    
    /Users/hectorgarcia/Downloads/Xcode.app/Contents/Developer/Toolchains/XcodeDefault.xctoolchain/usr/bin/clang -x objective-c -ivfsstatcache /Users/hectorgarcia/Library/Developer/Xcode/DerivedData/SDKStatCaches.noindex/iphonesimulator26.2-23C53-823d3e8b6e60bc2018c189d3ca05ba9b.sdkstatcache -fmessage-length\=0 -fdiagnostics-show-note-include-stack -fmacro-backtrace-limit\=0 -fno-color-diagnostics -fmodules-prune-interval\=86400 -fmodules-prune-after\=345600 -fbuild-session-file\=/Users/hectorgarcia/Library/Developer/Xcode/DerivedData/ModuleCache.noindex/Session.modulevalidation -fmodules-validate-once-per-build-session -Wnon-modular-include-in-framework-module -Werror\=non-modular-include-in-framework-module -Wno-trigraphs -Wno-missing-field-initializers -Wno-missing-prototypes -Wno-return-type -Wno-implicit-atomic-properties -Wno-objc-interface-ivars -Wno-arc-repeated-use-of-weak -Wno-missing-braces -Wparentheses -Wswitch -Wno-unused-function -Wno-unused-label -Wno-unused-parameter -Wno-unused-variable -Wunused-value -Wno-empty-body -Wno-uninitialized -Wno-unknown-pragmas -w -Wno-shadow -Wno-four-char-constants -Wno-conversion -Wno-constant-conversion -Wno-int-conversion -Wno-bool-conversion -Wno-enum-conversion -Wno-float-conversion -Wno-non-literal-null-conversion -Wno-objc-literal-conversion -Wshorten-64-to-32 -Wpointer-sign -Wno-newline-eof -Wno-selector -Wno-strict-selector-match -Wno-undeclared-selector -Wno-deprecated-implementations -Wno-implicit-fallthrough -fstrict-aliasing -Wprotocol -Wdeprecated-declarations -Wno-sign-conversion -Wno-infinite-recursion -Wno-comma -Wno-block-capture-autoreleasing -Wno-strict-prototypes -Wno-semicolon-before-method-body -index-store-path /Users/hectorgarcia/Library/Developer/Xcode/DerivedData/Lyo-eagkiegzrakogpczynhkaholsscs/Index.noindex/DataStore @/Users/hectorgarcia/Library/Developer/Xcode/DerivedData/Build/Intermediates.noindex/GoogleUtilities.build/Debug-iphonesimulator/GoogleUtilities-Environment.build/Objects-normal/x86_64/e6072d4f65d7061329687fe24e3d63a7-common-args.resp -include /Users/hectorgarcia/Library/Developer/Xcode/DerivedData/Build/Intermediates.noindex/GoogleUtilities.build/Debug-iphonesimulator/GoogleUtilities-Environment.build/DerivedSources/resource_bundle_accessor.h -MMD -MT dependencies -MF /Users/hectorgarcia/Library/Developer/Xcode/DerivedData/Build/Intermediates.noindex/GoogleUtilities.build/Debug-iphonesimulator/GoogleUtilities-Environment.build/Objects-normal/x86_64/NSURLSession+GULPromises.d --serialize-diagnostics /Users/hectorgarcia/Library/Developer/Xcode/DerivedData/Build/Intermediates.noindex/GoogleUtilities.build/Debug-iphonesimulator/GoogleUtilities-Environment.build/Objects-normal/x86_64/NSURLSession+GULPromises.dia -c /Users/hectorgarcia/Library/Developer/Xcode/DerivedData/Lyo-eagkiegzrakogpczynhkaholsscs/SourcePackages/checkouts/GoogleUtilities/GoogleUtilities/Environment/URLSessionPromiseWrapper/NSURLSession+GULPromises.m -o /Users/hectorgarcia/Library/Developer/Xcode/DerivedData/Build/Intermediates.noindex/GoogleUtilities.build/Debug-iphonesimulator/GoogleUtilities-Environment.build/Objects-normal/x86_64/NSURLSession+GULPromises.o -index-unit-output-path /GoogleUtilities.build/Debug-iphonesimulator/GoogleUtilities-Environment.build/Objects-normal/x86_64/NSURLSession+GULPromises.o

SwiftExplicitDependencyGeneratePcm x86_64 /Users/hectorgarcia/Library/Developer/Xcode/DerivedData/Build/Intermediates.noindex/SwiftExplicitPrecompiledModules/GTMSessionFetcherCore-CBJM78E70BN3BAHOUHFGDJ6QC.pcm

SwiftExplicitDependencyGeneratePcm x86_64 /Users/hectorgarcia/Library/Developer/Xcode/DerivedData/Build/Intermediates.noindex/SwiftExplicitPrecompiledModules/AppAuthCore-31HDH937GCC9C5LRKRPWWU03G.pcm

SwiftDriverJobDiscovery normal x86_64 Emitting module for FirebaseRemoteConfigInterop (in target 'FirebaseRemoteConfigInterop' from project 'Firebase')

SwiftDriver\ Compilation\ Requirements FirebaseRemoteConfigInterop normal x86_64 com.apple.xcode.tools.swift.compiler (in target 'FirebaseRemoteConfigInterop' from project 'Firebase')
    cd /Users/hectorgarcia/LYO_Da_ONE/Lyo.xcodeproj
    builtin-Swift-Compilation-Requirements -- /Users/hectorgarcia/Downloads/Xcode.app/Contents/Developer/Toolchains/XcodeDefault.xctoolchain/usr/bin/swiftc -module-name FirebaseRemoteConfigInterop -Onone -enforce-exclusivity\=checked @/Users/hectorgarcia/Library/Developer/Xcode/DerivedData/Build/Intermediates.noindex/Firebase.build/Debug-iphonesimulator/FirebaseRemoteConfigInterop.build/Objects-normal/x86_64/FirebaseRemoteConfigInterop.SwiftFileList -DSWIFT_PACKAGE -DDEBUG -DSWIFT_MODULE_RESOURCE_BUNDLE_UNAVAILABLE -DXcode -plugin-path /Users/hectorgarcia/Downloads/Xcode.app/Contents/Developer/Toolchains/XcodeDefault.xctoolchain/usr/lib/swift/host/plugins/testing -enable-experimental-feature DebugDescriptionMacro -sdk /Users/hectorgarcia/Downloads/Xcode.app/Contents/Developer/Platforms/iPhoneSimulator.platform/Developer/SDKs/iPhoneSimulator26.2.sdk -target x86_64-apple-ios12.0-simulator -g -module-cache-path /Users/hectorgarcia/Library/Developer/Xcode/DerivedData/ModuleCache.noindex -Xfrontend -serialize-debugging-options -enable-testing -suppress-warnings -index-store-path /Users/hectorgarcia/Library/Developer/Xcode/DerivedData/Lyo-eagkiegzrakogpczynhkaholsscs/Index.noindex/DataStore -Xcc -D_LIBCPP_HARDENING_MODE\=_LIBCPP_HARDENING_MODE_DEBUG -swift-version 5 -I /Users/hectorgarcia/Library/Developer/Xcode/DerivedData/Build/Products/Debug-iphonesimulator -Isystem /Users/hectorgarcia/Downloads/Xcode.app/Contents/Developer/Platforms/iPhoneSimulator.platform/Developer/usr/lib -F /Users/hectorgarcia/Library/Developer/Xcode/DerivedData/Build/Products/Debug-iphonesimulator -F /Users/hectorgarcia/Downloads/Xcode.app/Contents/Developer/Platforms/iPhoneSimulator.platform/Developer/Library/Frameworks -F /Users/hectorgarcia/Downloads/Xcode.app/Contents/Developer/Platforms/iPhoneSimulator.platform/Developer/SDKs/iPhoneSimulator26.2.sdk/Developer/Library/Frameworks -c -j8 -enable-batch-mode -incremental -Xcc -ivfsstatcache -Xcc /Users/hectorgarcia/Library/Developer/Xcode/DerivedData/SDKStatCaches.noindex/iphonesimulator26.2-23C53-823d3e8b6e60bc2018c189d3ca05ba9b.sdkstatcache -output-file-map /Users/hectorgarcia/Library/Developer/Xcode/DerivedData/Build/Intermediates.noindex/Firebase.build/Debug-iphonesimulator/FirebaseRemoteConfigInterop.build/Objects-normal/x86_64/FirebaseRemoteConfigInterop-OutputFileMap.json -use-frontend-parseable-output -save-temps -no-color-diagnostics -explicit-module-build -module-cache-path /Users/hectorgarcia/Library/Developer/Xcode/DerivedData/Build/Intermediates.noindex/SwiftExplicitPrecompiledModules -clang-scanner-module-cache-path /Users/hectorgarcia/Library/Developer/Xcode/DerivedData/ModuleCache.noindex -sdk-module-cache-path /Users/hectorgarcia/Library/Developer/Xcode/DerivedData/ModuleCache.noindex -serialize-diagnostics -emit-dependencies -emit-module -emit-module-path /Users/hectorgarcia/Library/Developer/Xcode/DerivedData/Build/Intermediates.noindex/Firebase.build/Debug-iphonesimulator/FirebaseRemoteConfigInterop.build/Objects-normal/x86_64/FirebaseRemoteConfigInterop.swiftmodule -validate-clang-modules-once -clang-build-session-file /Users/hectorgarcia/Library/Developer/Xcode/DerivedData/ModuleCache.noindex/Session.modulevalidation -Xcc -I/Users/hectorgarcia/Library/Developer/Xcode/DerivedData/Build/Intermediates.noindex/Firebase.build/Debug-iphonesimulator/FirebaseRemoteConfigInterop.build/swift-overrides.hmap -emit-const-values -Xfrontend -const-gather-protocols-file -Xfrontend /Users/hectorgarcia/Library/Developer/Xcode/DerivedData/Build/Intermediates.noindex/Firebase.build/Debug-iphonesimulator/FirebaseRemoteConfigInterop.build/Objects-normal/x86_64/FirebaseRemoteConfigInterop_const_extract_protocols.json -Xcc -I/Users/hectorgarcia/Library/Developer/Xcode/DerivedData/Build/Products/Debug-iphonesimulator/include -Xcc -I/Users/hectorgarcia/Library/Developer/Xcode/DerivedData/Lyo-eagkiegzrakogpczynhkaholsscs/SourcePackages/checkouts/firebase-ios-sdk -Xcc -I/Users/hectorgarcia/Library/Developer/Xcode/DerivedData/Build/Intermediates.noindex/Firebase.build/Debug-iphonesimulator/FirebaseRemoteConfigInterop.build/DerivedSources-normal/x86_64 -Xcc -I/Users/hectorgarcia/Library/Developer/Xcode/DerivedData/Build/Intermediates.noindex/Firebase.build/Debug-iphonesimulator/FirebaseRemoteConfigInterop.build/DerivedSources/x86_64 -Xcc -I/Users/hectorgarcia/Library/Developer/Xcode/DerivedData/Build/Intermediates.noindex/Firebase.build/Debug-iphonesimulator/FirebaseRemoteConfigInterop.build/DerivedSources -Xcc -DSWIFT_PACKAGE -Xcc -DDEBUG\=1 -emit-objc-header -emit-objc-header-path /Users/hectorgarcia/Library/Developer/Xcode/DerivedData/Build/Intermediates.noindex/Firebase.build/Debug-iphonesimulator/FirebaseRemoteConfigInterop.build/Objects-normal/x86_64/FirebaseRemoteConfigInterop-Swift.h -working-directory /Users/hectorgarcia/LYO_Da_ONE/Lyo.xcodeproj -experimental-emit-module-separately -disable-cmo

CompileC /Users/hectorgarcia/Library/Developer/Xcode/DerivedData/Build/Intermediates.noindex/GoogleUtilities.build/Debug-iphonesimulator/GoogleUtilities-Environment.build/Objects-normal/x86_64/GULKeychainStorage.o /Users/hectorgarcia/Library/Developer/Xcode/DerivedData/Lyo-eagkiegzrakogpczynhkaholsscs/SourcePackages/checkouts/GoogleUtilities/GoogleUtilities/Environment/SecureStorage/GULKeychainStorage.m normal x86_64 objective-c com.apple.compilers.llvm.clang.1_0.compiler (in target 'GoogleUtilities-Environment' from project 'GoogleUtilities')
    cd /Users/hectorgarcia/LYO_Da_ONE/Lyo.xcodeproj
    
    Using response file: /Users/hectorgarcia/Library/Developer/Xcode/DerivedData/Build/Intermediates.noindex/GoogleUtilities.build/Debug-iphonesimulator/GoogleUtilities-Environment.build/Objects-normal/x86_64/e6072d4f65d7061329687fe24e3d63a7-common-args.resp
    
    /Users/hectorgarcia/Downloads/Xcode.app/Contents/Developer/Toolchains/XcodeDefault.xctoolchain/usr/bin/clang -x objective-c -ivfsstatcache /Users/hectorgarcia/Library/Developer/Xcode/DerivedData/SDKStatCaches.noindex/iphonesimulator26.2-23C53-823d3e8b6e60bc2018c189d3ca05ba9b.sdkstatcache -fmessage-length\=0 -fdiagnostics-show-note-include-stack -fmacro-backtrace-limit\=0 -fno-color-diagnostics -fmodules-prune-interval\=86400 -fmodules-prune-after\=345600 -fbuild-session-file\=/Users/hectorgarcia/Library/Developer/Xcode/DerivedData/ModuleCache.noindex/Session.modulevalidation -fmodules-validate-once-per-build-session -Wnon-modular-include-in-framework-module -Werror\=non-modular-include-in-framework-module -Wno-trigraphs -Wno-missing-field-initializers -Wno-missing-prototypes -Wno-return-type -Wno-implicit-atomic-properties -Wno-objc-interface-ivars -Wno-arc-repeated-use-of-weak -Wno-missing-braces -Wparentheses -Wswitch -Wno-unused-function -Wno-unused-label -Wno-unused-parameter -Wno-unused-variable -Wunused-value -Wno-empty-body -Wno-uninitialized -Wno-unknown-pragmas -w -Wno-shadow -Wno-four-char-constants -Wno-conversion -Wno-constant-conversion -Wno-int-conversion -Wno-bool-conversion -Wno-enum-conversion -Wno-float-conversion -Wno-non-literal-null-conversion -Wno-objc-literal-conversion -Wshorten-64-to-32 -Wpointer-sign -Wno-newline-eof -Wno-selector -Wno-strict-selector-match -Wno-undeclared-selector -Wno-deprecated-implementations -Wno-implicit-fallthrough -fstrict-aliasing -Wprotocol -Wdeprecated-declarations -Wno-sign-conversion -Wno-infinite-recursion -Wno-comma -Wno-block-capture-autoreleasing -Wno-strict-prototypes -Wno-semicolon-before-method-body -index-store-path /Users/hectorgarcia/Library/Developer/Xcode/DerivedData/Lyo-eagkiegzrakogpczynhkaholsscs/Index.noindex/DataStore @/Users/hectorgarcia/Library/Developer/Xcode/DerivedData/Build/Intermediates.noindex/GoogleUtilities.build/Debug-iphonesimulator/GoogleUtilities-Environment.build/Objects-normal/x86_64/e6072d4f65d7061329687fe24e3d63a7-common-args.resp -include /Users/hectorgarcia/Library/Developer/Xcode/DerivedData/Build/Intermediates.noindex/GoogleUtilities.build/Debug-iphonesimulator/GoogleUtilities-Environment.build/DerivedSources/resource_bundle_accessor.h -MMD -MT dependencies -MF /Users/hectorgarcia/Library/Developer/Xcode/DerivedData/Build/Intermediates.noindex/GoogleUtilities.build/Debug-iphonesimulator/GoogleUtilities-Environment.build/Objects-normal/x86_64/GULKeychainStorage.d --serialize-diagnostics /Users/hectorgarcia/Library/Developer/Xcode/DerivedData/Build/Intermediates.noindex/GoogleUtilities.build/Debug-iphonesimulator/GoogleUtilities-Environment.build/Objects-normal/x86_64/GULKeychainStorage.dia -c /Users/hectorgarcia/Library/Developer/Xcode/DerivedData/Lyo-eagkiegzrakogpczynhkaholsscs/SourcePackages/checkouts/GoogleUtilities/GoogleUtilities/Environment/SecureStorage/GULKeychainStorage.m -o /Users/hectorgarcia/Library/Developer/Xcode/DerivedData/Build/Intermediates.noindex/GoogleUtilities.build/Debug-iphonesimulator/GoogleUtilities-Environment.build/Objects-normal/x86_64/GULKeychainStorage.o -index-unit-output-path /GoogleUtilities.build/Debug-iphonesimulator/GoogleUtilities-Environment.build/Objects-normal/x86_64/GULKeychainStorage.o

SwiftMergeGeneratedHeaders /Users/hectorgarcia/Library/Developer/Xcode/DerivedData/Build/Intermediates.noindex/GeneratedModuleMaps-iphonesimulator/FirebaseRemoteConfigInterop-Swift.h /Users/hectorgarcia/Library/Developer/Xcode/DerivedData/Build/Intermediates.noindex/Firebase.build/Debug-iphonesimulator/FirebaseRemoteConfigInterop.build/Objects-normal/x86_64/FirebaseRemoteConfigInterop-Swift.h (in target 'FirebaseRemoteConfigInterop' from project 'Firebase')
    cd /Users/hectorgarcia/Library/Developer/Xcode/DerivedData/Lyo-eagkiegzrakogpczynhkaholsscs/SourcePackages/checkouts/firebase-ios-sdk
    builtin-swiftHeaderTool -arch x86_64 /Users/hectorgarcia/Library/Developer/Xcode/DerivedData/Build/Intermediates.noindex/Firebase.build/Debug-iphonesimulator/FirebaseRemoteConfigInterop.build/Objects-normal/x86_64/FirebaseRemoteConfigInterop-Swift.h -o /Users/hectorgarcia/Library/Developer/Xcode/DerivedData/Build/Intermediates.noindex/GeneratedModuleMaps-iphonesimulator/FirebaseRemoteConfigInterop-Swift.h

Copy /Users/hectorgarcia/Library/Developer/Xcode/DerivedData/Build/Products/Debug-iphonesimulator/FirebaseRemoteConfigInterop.swiftmodule/x86_64-apple-ios-simulator.swiftmodule /Users/hectorgarcia/Library/Developer/Xcode/DerivedData/Build/Intermediates.noindex/Firebase.build/Debug-iphonesimulator/FirebaseRemoteConfigInterop.build/Objects-normal/x86_64/FirebaseRemoteConfigInterop.swiftmodule (in target 'FirebaseRemoteConfigInterop' from project 'Firebase')
    cd /Users/hectorgarcia/Library/Developer/Xcode/DerivedData/Lyo-eagkiegzrakogpczynhkaholsscs/SourcePackages/checkouts/firebase-ios-sdk
    builtin-copy -exclude .DS_Store -exclude CVS -exclude .svn -exclude .git -exclude .hg -resolve-src-symlinks -rename /Users/hectorgarcia/Library/Developer/Xcode/DerivedData/Build/Intermediates.noindex/Firebase.build/Debug-iphonesimulator/FirebaseRemoteConfigInterop.build/Objects-normal/x86_64/FirebaseRemoteConfigInterop.swiftmodule /Users/hectorgarcia/Library/Developer/Xcode/DerivedData/Build/Products/Debug-iphonesimulator/FirebaseRemoteConfigInterop.swiftmodule/x86_64-apple-ios-simulator.swiftmodule

Copy /Users/hectorgarcia/Library/Developer/Xcode/DerivedData/Build/Products/Debug-iphonesimulator/FirebaseRemoteConfigInterop.swiftmodule/x86_64-apple-ios-simulator.swiftdoc /Users/hectorgarcia/Library/Developer/Xcode/DerivedData/Build/Intermediates.noindex/Firebase.build/Debug-iphonesimulator/FirebaseRemoteConfigInterop.build/Objects-normal/x86_64/FirebaseRemoteConfigInterop.swiftdoc (in target 'FirebaseRemoteConfigInterop' from project 'Firebase')
    cd /Users/hectorgarcia/Library/Developer/Xcode/DerivedData/Lyo-eagkiegzrakogpczynhkaholsscs/SourcePackages/checkouts/firebase-ios-sdk
    builtin-copy -exclude .DS_Store -exclude CVS -exclude .svn -exclude .git -exclude .hg -resolve-src-symlinks -rename /Users/hectorgarcia/Library/Developer/Xcode/DerivedData/Build/Intermediates.noindex/Firebase.build/Debug-iphonesimulator/FirebaseRemoteConfigInterop.build/Objects-normal/x86_64/FirebaseRemoteConfigInterop.swiftdoc /Users/hectorgarcia/Library/Developer/Xcode/DerivedData/Build/Products/Debug-iphonesimulator/FirebaseRemoteConfigInterop.swiftmodule/x86_64-apple-ios-simulator.swiftdoc

Copy /Users/hectorgarcia/Library/Developer/Xcode/DerivedData/Build/Products/Debug-iphonesimulator/FirebaseRemoteConfigInterop.swiftmodule/x86_64-apple-ios-simulator.abi.json /Users/hectorgarcia/Library/Developer/Xcode/DerivedData/Build/Intermediates.noindex/Firebase.build/Debug-iphonesimulator/FirebaseRemoteConfigInterop.build/Objects-normal/x86_64/FirebaseRemoteConfigInterop.abi.json (in target 'FirebaseRemoteConfigInterop' from project 'Firebase')
    cd /Users/hectorgarcia/Library/Developer/Xcode/DerivedData/Lyo-eagkiegzrakogpczynhkaholsscs/SourcePackages/checkouts/firebase-ios-sdk
    builtin-copy -exclude .DS_Store -exclude CVS -exclude .svn -exclude .git -exclude .hg -resolve-src-symlinks -rename /Users/hectorgarcia/Library/Developer/Xcode/DerivedData/Build/Intermediates.noindex/Firebase.build/Debug-iphonesimulator/FirebaseRemoteConfigInterop.build/Objects-normal/x86_64/FirebaseRemoteConfigInterop.abi.json /Users/hectorgarcia/Library/Developer/Xcode/DerivedData/Build/Products/Debug-iphonesimulator/FirebaseRemoteConfigInterop.swiftmodule/x86_64-apple-ios-simulator.abi.json

Copy /Users/hectorgarcia/Library/Developer/Xcode/DerivedData/Build/Products/Debug-iphonesimulator/FirebaseRemoteConfigInterop.swiftmodule/Project/x86_64-apple-ios-simulator.swiftsourceinfo /Users/hectorgarcia/Library/Developer/Xcode/DerivedData/Build/Intermediates.noindex/Firebase.build/Debug-iphonesimulator/FirebaseRemoteConfigInterop.build/Objects-normal/x86_64/FirebaseRemoteConfigInterop.swiftsourceinfo (in target 'FirebaseRemoteConfigInterop' from project 'Firebase')
    cd /Users/hectorgarcia/Library/Developer/Xcode/DerivedData/Lyo-eagkiegzrakogpczynhkaholsscs/SourcePackages/checkouts/firebase-ios-sdk
    builtin-copy -exclude .DS_Store -exclude CVS -exclude .svn -exclude .git -exclude .hg -resolve-src-symlinks -rename /Users/hectorgarcia/Library/Developer/Xcode/DerivedData/Build/Intermediates.noindex/Firebase.build/Debug-iphonesimulator/FirebaseRemoteConfigInterop.build/Objects-normal/x86_64/FirebaseRemoteConfigInterop.swiftsourceinfo /Users/hectorgarcia/Library/Developer/Xcode/DerivedData/Build/Products/Debug-iphonesimulator/FirebaseRemoteConfigInterop.swiftmodule/Project/x86_64-apple-ios-simulator.swiftsourceinfo

PrecompileModule /Users/hectorgarcia/Library/Developer/Xcode/DerivedData/Build/Intermediates.noindex/ExplicitPrecompiledModules/GoogleUtilities_Logger-17DAWNCI343145T9Q4DOSJUDR.scan
    cd /
    builtin-precompileModule /Users/hectorgarcia/Library/Developer/Xcode/DerivedData/Build/Intermediates.noindex/ExplicitPrecompiledModules/GoogleUtilities_Logger-17DAWNCI343145T9Q4DOSJUDR.scan

PrecompileModule /Users/hectorgarcia/Library/Developer/Xcode/DerivedData/Build/Intermediates.noindex/ExplicitPrecompiledModules/UserNotifications-A2QPKEY1Q6GKKGEYJV1UKTK48.scan
    cd /
    builtin-precompileModule /Users/hectorgarcia/Library/Developer/Xcode/DerivedData/Build/Intermediates.noindex/ExplicitPrecompiledModules/UserNotifications-A2QPKEY1Q6GKKGEYJV1UKTK48.scan

CompileC /Users/hectorgarcia/Library/Developer/Xcode/DerivedData/Build/Intermediates.noindex/GoogleUtilities.build/Debug-iphonesimulator/GoogleUtilities-UserDefaults.build/Objects-normal/x86_64/GULUserDefaults.o /Users/hectorgarcia/Library/Developer/Xcode/DerivedData/Lyo-eagkiegzrakogpczynhkaholsscs/SourcePackages/checkouts/GoogleUtilities/GoogleUtilities/UserDefaults/GULUserDefaults.m normal x86_64 objective-c com.apple.compilers.llvm.clang.1_0.compiler (in target 'GoogleUtilities-UserDefaults' from project 'GoogleUtilities')
    cd /Users/hectorgarcia/LYO_Da_ONE/Lyo.xcodeproj
    
    Using response file: /Users/hectorgarcia/Library/Developer/Xcode/DerivedData/Build/Intermediates.noindex/GoogleUtilities.build/Debug-iphonesimulator/GoogleUtilities-UserDefaults.build/Objects-normal/x86_64/e6072d4f65d7061329687fe24e3d63a7-common-args.resp
    
    /Users/hectorgarcia/Downloads/Xcode.app/Contents/Developer/Toolchains/XcodeDefault.xctoolchain/usr/bin/clang -x objective-c -ivfsstatcache /Users/hectorgarcia/Library/Developer/Xcode/DerivedData/SDKStatCaches.noindex/iphonesimulator26.2-23C53-823d3e8b6e60bc2018c189d3ca05ba9b.sdkstatcache -fmessage-length\=0 -fdiagnostics-show-note-include-stack -fmacro-backtrace-limit\=0 -fno-color-diagnostics -fmodules-prune-interval\=86400 -fmodules-prune-after\=345600 -fbuild-session-file\=/Users/hectorgarcia/Library/Developer/Xcode/DerivedData/ModuleCache.noindex/Session.modulevalidation -fmodules-validate-once-per-build-session -Wnon-modular-include-in-framework-module -Werror\=non-modular-include-in-framework-module -Wno-trigraphs -Wno-missing-field-initializers -Wno-missing-prototypes -Wno-return-type -Wno-implicit-atomic-properties -Wno-objc-interface-ivars -Wno-arc-repeated-use-of-weak -Wno-missing-braces -Wparentheses -Wswitch -Wno-unused-function -Wno-unused-label -Wno-unused-parameter -Wno-unused-variable -Wunused-value -Wno-empty-body -Wno-uninitialized -Wno-unknown-pragmas -w -Wno-shadow -Wno-four-char-constants -Wno-conversion -Wno-constant-conversion -Wno-int-conversion -Wno-bool-conversion -Wno-enum-conversion -Wno-float-conversion -Wno-non-literal-null-conversion -Wno-objc-literal-conversion -Wshorten-64-to-32 -Wpointer-sign -Wno-newline-eof -Wno-selector -Wno-strict-selector-match -Wno-undeclared-selector -Wno-deprecated-implementations -Wno-implicit-fallthrough -fstrict-aliasing -Wprotocol -Wdeprecated-declarations -Wno-sign-conversion -Wno-infinite-recursion -Wno-comma -Wno-block-capture-autoreleasing -Wno-strict-prototypes -Wno-semicolon-before-method-body -index-store-path /Users/hectorgarcia/Library/Developer/Xcode/DerivedData/Lyo-eagkiegzrakogpczynhkaholsscs/Index.noindex/DataStore @/Users/hectorgarcia/Library/Developer/Xcode/DerivedData/Build/Intermediates.noindex/GoogleUtilities.build/Debug-iphonesimulator/GoogleUtilities-UserDefaults.build/Objects-normal/x86_64/e6072d4f65d7061329687fe24e3d63a7-common-args.resp -include /Users/hectorgarcia/Library/Developer/Xcode/DerivedData/Build/Intermediates.noindex/GoogleUtilities.build/Debug-iphonesimulator/GoogleUtilities-UserDefaults.build/DerivedSources/resource_bundle_accessor.h -MMD -MT dependencies -MF /Users/hectorgarcia/Library/Developer/Xcode/DerivedData/Build/Intermediates.noindex/GoogleUtilities.build/Debug-iphonesimulator/GoogleUtilities-UserDefaults.build/Objects-normal/x86_64/GULUserDefaults.d --serialize-diagnostics /Users/hectorgarcia/Library/Developer/Xcode/DerivedData/Build/Intermediates.noindex/GoogleUtilities.build/Debug-iphonesimulator/GoogleUtilities-UserDefaults.build/Objects-normal/x86_64/GULUserDefaults.dia -c /Users/hectorgarcia/Library/Developer/Xcode/DerivedData/Lyo-eagkiegzrakogpczynhkaholsscs/SourcePackages/checkouts/GoogleUtilities/GoogleUtilities/UserDefaults/GULUserDefaults.m -o /Users/hectorgarcia/Library/Developer/Xcode/DerivedData/Build/Intermediates.noindex/GoogleUtilities.build/Debug-iphonesimulator/GoogleUtilities-UserDefaults.build/Objects-normal/x86_64/GULUserDefaults.o -index-unit-output-path /GoogleUtilities.build/Debug-iphonesimulator/GoogleUtilities-UserDefaults.build/Objects-normal/x86_64/GULUserDefaults.o

CompileC /Users/hectorgarcia/Library/Developer/Xcode/DerivedData/Build/Intermediates.noindex/GoogleUtilities.build/Debug-iphonesimulator/GoogleUtilities-Reachability.build/Objects-normal/x86_64/GULReachabilityChecker.o /Users/hectorgarcia/Library/Developer/Xcode/DerivedData/Lyo-eagkiegzrakogpczynhkaholsscs/SourcePackages/checkouts/GoogleUtilities/GoogleUtilities/Reachability/GULReachabilityChecker.m normal x86_64 objective-c com.apple.compilers.llvm.clang.1_0.compiler (in target 'GoogleUtilities-Reachability' from project 'GoogleUtilities')
    cd /Users/hectorgarcia/LYO_Da_ONE/Lyo.xcodeproj
    
    Using response file: /Users/hectorgarcia/Library/Developer/Xcode/DerivedData/Build/Intermediates.noindex/GoogleUtilities.build/Debug-iphonesimulator/GoogleUtilities-Reachability.build/Objects-normal/x86_64/e6072d4f65d7061329687fe24e3d63a7-common-args.resp
    
    /Users/hectorgarcia/Downloads/Xcode.app/Contents/Developer/Toolchains/XcodeDefault.xctoolchain/usr/bin/clang -x objective-c -ivfsstatcache /Users/hectorgarcia/Library/Developer/Xcode/DerivedData/SDKStatCaches.noindex/iphonesimulator26.2-23C53-823d3e8b6e60bc2018c189d3ca05ba9b.sdkstatcache -fmessage-length\=0 -fdiagnostics-show-note-include-stack -fmacro-backtrace-limit\=0 -fno-color-diagnostics -fmodules-prune-interval\=86400 -fmodules-prune-after\=345600 -fbuild-session-file\=/Users/hectorgarcia/Library/Developer/Xcode/DerivedData/ModuleCache.noindex/Session.modulevalidation -fmodules-validate-once-per-build-session -Wnon-modular-include-in-framework-module -Werror\=non-modular-include-in-framework-module -Wno-trigraphs -Wno-missing-field-initializers -Wno-missing-prototypes -Wno-return-type -Wno-implicit-atomic-properties -Wno-objc-interface-ivars -Wno-arc-repeated-use-of-weak -Wno-missing-braces -Wparentheses -Wswitch -Wno-unused-function -Wno-unused-label -Wno-unused-parameter -Wno-unused-variable -Wunused-value -Wno-empty-body -Wno-uninitialized -Wno-unknown-pragmas -w -Wno-shadow -Wno-four-char-constants -Wno-conversion -Wno-constant-conversion -Wno-int-conversion -Wno-bool-conversion -Wno-enum-conversion -Wno-float-conversion -Wno-non-literal-null-conversion -Wno-objc-literal-conversion -Wshorten-64-to-32 -Wpointer-sign -Wno-newline-eof -Wno-selector -Wno-strict-selector-match -Wno-undeclared-selector -Wno-deprecated-implementations -Wno-implicit-fallthrough -fstrict-aliasing -Wprotocol -Wdeprecated-declarations -Wno-sign-conversion -Wno-infinite-recursion -Wno-comma -Wno-block-capture-autoreleasing -Wno-strict-prototypes -Wno-semicolon-before-method-body -index-store-path /Users/hectorgarcia/Library/Developer/Xcode/DerivedData/Lyo-eagkiegzrakogpczynhkaholsscs/Index.noindex/DataStore @/Users/hectorgarcia/Library/Developer/Xcode/DerivedData/Build/Intermediates.noindex/GoogleUtilities.build/Debug-iphonesimulator/GoogleUtilities-Reachability.build/Objects-normal/x86_64/e6072d4f65d7061329687fe24e3d63a7-common-args.resp -include /Users/hectorgarcia/Library/Developer/Xcode/DerivedData/Build/Intermediates.noindex/GoogleUtilities.build/Debug-iphonesimulator/GoogleUtilities-Reachability.build/DerivedSources/resource_bundle_accessor.h -MMD -MT dependencies -MF /Users/hectorgarcia/Library/Developer/Xcode/DerivedData/Build/Intermediates.noindex/GoogleUtilities.build/Debug-iphonesimulator/GoogleUtilities-Reachability.build/Objects-normal/x86_64/GULReachabilityChecker.d --serialize-diagnostics /Users/hectorgarcia/Library/Developer/Xcode/DerivedData/Build/Intermediates.noindex/GoogleUtilities.build/Debug-iphonesimulator/GoogleUtilities-Reachability.build/Objects-normal/x86_64/GULReachabilityChecker.dia -c /Users/hectorgarcia/Library/Developer/Xcode/DerivedData/Lyo-eagkiegzrakogpczynhkaholsscs/SourcePackages/checkouts/GoogleUtilities/GoogleUtilities/Reachability/GULReachabilityChecker.m -o /Users/hectorgarcia/Library/Developer/Xcode/DerivedData/Build/Intermediates.noindex/GoogleUtilities.build/Debug-iphonesimulator/GoogleUtilities-Reachability.build/Objects-normal/x86_64/GULReachabilityChecker.o -index-unit-output-path /GoogleUtilities.build/Debug-iphonesimulator/GoogleUtilities-Reachability.build/Objects-normal/x86_64/GULReachabilityChecker.o

CompileC /Users/hectorgarcia/Library/Developer/Xcode/DerivedData/Build/Intermediates.noindex/GoogleUtilities.build/Debug-iphonesimulator/GoogleUtilities-Network.build/Objects-normal/x86_64/GULNetworkURLSession.o /Users/hectorgarcia/Library/Developer/Xcode/DerivedData/Lyo-eagkiegzrakogpczynhkaholsscs/SourcePackages/checkouts/GoogleUtilities/GoogleUtilities/Network/GULNetworkURLSession.m normal x86_64 objective-c com.apple.compilers.llvm.clang.1_0.compiler (in target 'GoogleUtilities-Network' from project 'GoogleUtilities')
    cd /Users/hectorgarcia/LYO_Da_ONE/Lyo.xcodeproj
    
    Using response file: /Users/hectorgarcia/Library/Developer/Xcode/DerivedData/Build/Intermediates.noindex/GoogleUtilities.build/Debug-iphonesimulator/GoogleUtilities-Network.build/Objects-normal/x86_64/e6072d4f65d7061329687fe24e3d63a7-common-args.resp
    
    /Users/hectorgarcia/Downloads/Xcode.app/Contents/Developer/Toolchains/XcodeDefault.xctoolchain/usr/bin/clang -x objective-c -ivfsstatcache /Users/hectorgarcia/Library/Developer/Xcode/DerivedData/SDKStatCaches.noindex/iphonesimulator26.2-23C53-823d3e8b6e60bc2018c189d3ca05ba9b.sdkstatcache -fmessage-length\=0 -fdiagnostics-show-note-include-stack -fmacro-backtrace-limit\=0 -fno-color-diagnostics -fmodules-prune-interval\=86400 -fmodules-prune-after\=345600 -fbuild-session-file\=/Users/hectorgarcia/Library/Developer/Xcode/DerivedData/ModuleCache.noindex/Session.modulevalidation -fmodules-validate-once-per-build-session -Wnon-modular-include-in-framework-module -Werror\=non-modular-include-in-framework-module -Wno-trigraphs -Wno-missing-field-initializers -Wno-missing-prototypes -Wno-return-type -Wno-implicit-atomic-properties -Wno-objc-interface-ivars -Wno-arc-repeated-use-of-weak -Wno-missing-braces -Wparentheses -Wswitch -Wno-unused-function -Wno-unused-label -Wno-unused-parameter -Wno-unused-variable -Wunused-value -Wno-empty-body -Wno-uninitialized -Wno-unknown-pragmas -w -Wno-shadow -Wno-four-char-constants -Wno-conversion -Wno-constant-conversion -Wno-int-conversion -Wno-bool-conversion -Wno-enum-conversion -Wno-float-conversion -Wno-non-literal-null-conversion -Wno-objc-literal-conversion -Wshorten-64-to-32 -Wpointer-sign -Wno-newline-eof -Wno-selector -Wno-strict-selector-match -Wno-undeclared-selector -Wno-deprecated-implementations -Wno-implicit-fallthrough -fstrict-aliasing -Wprotocol -Wdeprecated-declarations -Wno-sign-conversion -Wno-infinite-recursion -Wno-comma -Wno-block-capture-autoreleasing -Wno-strict-prototypes -Wno-semicolon-before-method-body -index-store-path /Users/hectorgarcia/Library/Developer/Xcode/DerivedData/Lyo-eagkiegzrakogpczynhkaholsscs/Index.noindex/DataStore @/Users/hectorgarcia/Library/Developer/Xcode/DerivedData/Build/Intermediates.noindex/GoogleUtilities.build/Debug-iphonesimulator/GoogleUtilities-Network.build/Objects-normal/x86_64/e6072d4f65d7061329687fe24e3d63a7-common-args.resp -include /Users/hectorgarcia/Library/Developer/Xcode/DerivedData/Build/Intermediates.noindex/GoogleUtilities.build/Debug-iphonesimulator/GoogleUtilities-Network.build/DerivedSources/resource_bundle_accessor.h -MMD -MT dependencies -MF /Users/hectorgarcia/Library/Developer/Xcode/DerivedData/Build/Intermediates.noindex/GoogleUtilities.build/Debug-iphonesimulator/GoogleUtilities-Network.build/Objects-normal/x86_64/GULNetworkURLSession.d --serialize-diagnostics /Users/hectorgarcia/Library/Developer/Xcode/DerivedData/Build/Intermediates.noindex/GoogleUtilities.build/Debug-iphonesimulator/GoogleUtilities-Network.build/Objects-normal/x86_64/GULNetworkURLSession.dia -c /Users/hectorgarcia/Library/Developer/Xcode/DerivedData/Lyo-eagkiegzrakogpczynhkaholsscs/SourcePackages/checkouts/GoogleUtilities/GoogleUtilities/Network/GULNetworkURLSession.m -o /Users/hectorgarcia/Library/Developer/Xcode/DerivedData/Build/Intermediates.noindex/GoogleUtilities.build/Debug-iphonesimulator/GoogleUtilities-Network.build/Objects-normal/x86_64/GULNetworkURLSession.o -index-unit-output-path /GoogleUtilities.build/Debug-iphonesimulator/GoogleUtilities-Network.build/Objects-normal/x86_64/GULNetworkURLSession.o

CompileC /Users/hectorgarcia/Library/Developer/Xcode/DerivedData/Build/Intermediates.noindex/GoogleUtilities.build/Debug-iphonesimulator/GoogleUtilities-Network.build/Objects-normal/x86_64/GULNetworkConstants.o /Users/hectorgarcia/Library/Developer/Xcode/DerivedData/Lyo-eagkiegzrakogpczynhkaholsscs/SourcePackages/checkouts/GoogleUtilities/GoogleUtilities/Network/GULNetworkConstants.m normal x86_64 objective-c com.apple.compilers.llvm.clang.1_0.compiler (in target 'GoogleUtilities-Network' from project 'GoogleUtilities')
    cd /Users/hectorgarcia/LYO_Da_ONE/Lyo.xcodeproj
    
    Using response file: /Users/hectorgarcia/Library/Developer/Xcode/DerivedData/Build/Intermediates.noindex/GoogleUtilities.build/Debug-iphonesimulator/GoogleUtilities-Network.build/Objects-normal/x86_64/e6072d4f65d7061329687fe24e3d63a7-common-args.resp
    
    /Users/hectorgarcia/Downloads/Xcode.app/Contents/Developer/Toolchains/XcodeDefault.xctoolchain/usr/bin/clang -x objective-c -ivfsstatcache /Users/hectorgarcia/Library/Developer/Xcode/DerivedData/SDKStatCaches.noindex/iphonesimulator26.2-23C53-823d3e8b6e60bc2018c189d3ca05ba9b.sdkstatcache -fmessage-length\=0 -fdiagnostics-show-note-include-stack -fmacro-backtrace-limit\=0 -fno-color-diagnostics -fmodules-prune-interval\=86400 -fmodules-prune-after\=345600 -fbuild-session-file\=/Users/hectorgarcia/Library/Developer/Xcode/DerivedData/ModuleCache.noindex/Session.modulevalidation -fmodules-validate-once-per-build-session -Wnon-modular-include-in-framework-module -Werror\=non-modular-include-in-framework-module -Wno-trigraphs -Wno-missing-field-initializers -Wno-missing-prototypes -Wno-return-type -Wno-implicit-atomic-properties -Wno-objc-interface-ivars -Wno-arc-repeated-use-of-weak -Wno-missing-braces -Wparentheses -Wswitch -Wno-unused-function -Wno-unused-label -Wno-unused-parameter -Wno-unused-variable -Wunused-value -Wno-empty-body -Wno-uninitialized -Wno-unknown-pragmas -w -Wno-shadow -Wno-four-char-constants -Wno-conversion -Wno-constant-conversion -Wno-int-conversion -Wno-bool-conversion -Wno-enum-conversion -Wno-float-conversion -Wno-non-literal-null-conversion -Wno-objc-literal-conversion -Wshorten-64-to-32 -Wpointer-sign -Wno-newline-eof -Wno-selector -Wno-strict-selector-match -Wno-undeclared-selector -Wno-deprecated-implementations -Wno-implicit-fallthrough -fstrict-aliasing -Wprotocol -Wdeprecated-declarations -Wno-sign-conversion -Wno-infinite-recursion -Wno-comma -Wno-block-capture-autoreleasing -Wno-strict-prototypes -Wno-semicolon-before-method-body -index-store-path /Users/hectorgarcia/Library/Developer/Xcode/DerivedData/Lyo-eagkiegzrakogpczynhkaholsscs/Index.noindex/DataStore @/Users/hectorgarcia/Library/Developer/Xcode/DerivedData/Build/Intermediates.noindex/GoogleUtilities.build/Debug-iphonesimulator/GoogleUtilities-Network.build/Objects-normal/x86_64/e6072d4f65d7061329687fe24e3d63a7-common-args.resp -include /Users/hectorgarcia/Library/Developer/Xcode/DerivedData/Build/Intermediates.noindex/GoogleUtilities.build/Debug-iphonesimulator/GoogleUtilities-Network.build/DerivedSources/resource_bundle_accessor.h -MMD -MT dependencies -MF /Users/hectorgarcia/Library/Developer/Xcode/DerivedData/Build/Intermediates.noindex/GoogleUtilities.build/Debug-iphonesimulator/GoogleUtilities-Network.build/Objects-normal/x86_64/GULNetworkConstants.d --serialize-diagnostics /Users/hectorgarcia/Library/Developer/Xcode/DerivedData/Build/Intermediates.noindex/GoogleUtilities.build/Debug-iphonesimulator/GoogleUtilities-Network.build/Objects-normal/x86_64/GULNetworkConstants.dia -c /Users/hectorgarcia/Library/Developer/Xcode/DerivedData/Lyo-eagkiegzrakogpczynhkaholsscs/SourcePackages/checkouts/GoogleUtilities/GoogleUtilities/Network/GULNetworkConstants.m -o /Users/hectorgarcia/Library/Developer/Xcode/DerivedData/Build/Intermediates.noindex/GoogleUtilities.build/Debug-iphonesimulator/GoogleUtilities-Network.build/Objects-normal/x86_64/GULNetworkConstants.o -index-unit-output-path /GoogleUtilities.build/Debug-iphonesimulator/GoogleUtilities-Network.build/Objects-normal/x86_64/GULNetworkConstants.o

CompileC /Users/hectorgarcia/Library/Developer/Xcode/DerivedData/Build/Intermediates.noindex/GoogleUtilities.build/Debug-iphonesimulator/GoogleUtilities-Network.build/Objects-normal/x86_64/GULNetwork.o /Users/hectorgarcia/Library/Developer/Xcode/DerivedData/Lyo-eagkiegzrakogpczynhkaholsscs/SourcePackages/checkouts/GoogleUtilities/GoogleUtilities/Network/GULNetwork.m normal x86_64 objective-c com.apple.compilers.llvm.clang.1_0.compiler (in target 'GoogleUtilities-Network' from project 'GoogleUtilities')
    cd /Users/hectorgarcia/LYO_Da_ONE/Lyo.xcodeproj
    
    Using response file: /Users/hectorgarcia/Library/Developer/Xcode/DerivedData/Build/Intermediates.noindex/GoogleUtilities.build/Debug-iphonesimulator/GoogleUtilities-Network.build/Objects-normal/x86_64/e6072d4f65d7061329687fe24e3d63a7-common-args.resp
    
    /Users/hectorgarcia/Downloads/Xcode.app/Contents/Developer/Toolchains/XcodeDefault.xctoolchain/usr/bin/clang -x objective-c -ivfsstatcache /Users/hectorgarcia/Library/Developer/Xcode/DerivedData/SDKStatCaches.noindex/iphonesimulator26.2-23C53-823d3e8b6e60bc2018c189d3ca05ba9b.sdkstatcache -fmessage-length\=0 -fdiagnostics-show-note-include-stack -fmacro-backtrace-limit\=0 -fno-color-diagnostics -fmodules-prune-interval\=86400 -fmodules-prune-after\=345600 -fbuild-session-file\=/Users/hectorgarcia/Library/Developer/Xcode/DerivedData/ModuleCache.noindex/Session.modulevalidation -fmodules-validate-once-per-build-session -Wnon-modular-include-in-framework-module -Werror\=non-modular-include-in-framework-module -Wno-trigraphs -Wno-missing-field-initializers -Wno-missing-prototypes -Wno-return-type -Wno-implicit-atomic-properties -Wno-objc-interface-ivars -Wno-arc-repeated-use-of-weak -Wno-missing-braces -Wparentheses -Wswitch -Wno-unused-function -Wno-unused-label -Wno-unused-parameter -Wno-unused-variable -Wunused-value -Wno-empty-body -Wno-uninitialized -Wno-unknown-pragmas -w -Wno-shadow -Wno-four-char-constants -Wno-conversion -Wno-constant-conversion -Wno-int-conversion -Wno-bool-conversion -Wno-enum-conversion -Wno-float-conversion -Wno-non-literal-null-conversion -Wno-objc-literal-conversion -Wshorten-64-to-32 -Wpointer-sign -Wno-newline-eof -Wno-selector -Wno-strict-selector-match -Wno-undeclared-selector -Wno-deprecated-implementations -Wno-implicit-fallthrough -fstrict-aliasing -Wprotocol -Wdeprecated-declarations -Wno-sign-conversion -Wno-infinite-recursion -Wno-comma -Wno-block-capture-autoreleasing -Wno-strict-prototypes -Wno-semicolon-before-method-body -index-store-path /Users/hectorgarcia/Library/Developer/Xcode/DerivedData/Lyo-eagkiegzrakogpczynhkaholsscs/Index.noindex/DataStore @/Users/hectorgarcia/Library/Developer/Xcode/DerivedData/Build/Intermediates.noindex/GoogleUtilities.build/Debug-iphonesimulator/GoogleUtilities-Network.build/Objects-normal/x86_64/e6072d4f65d7061329687fe24e3d63a7-common-args.resp -include /Users/hectorgarcia/Library/Developer/Xcode/DerivedData/Build/Intermediates.noindex/GoogleUtilities.build/Debug-iphonesimulator/GoogleUtilities-Network.build/DerivedSources/resource_bundle_accessor.h -MMD -MT dependencies -MF /Users/hectorgarcia/Library/Developer/Xcode/DerivedData/Build/Intermediates.noindex/GoogleUtilities.build/Debug-iphonesimulator/GoogleUtilities-Network.build/Objects-normal/x86_64/GULNetwork.d --serialize-diagnostics /Users/hectorgarcia/Library/Developer/Xcode/DerivedData/Build/Intermediates.noindex/GoogleUtilities.build/Debug-iphonesimulator/GoogleUtilities-Network.build/Objects-normal/x86_64/GULNetwork.dia -c /Users/hectorgarcia/Library/Developer/Xcode/DerivedData/Lyo-eagkiegzrakogpczynhkaholsscs/SourcePackages/checkouts/GoogleUtilities/GoogleUtilities/Network/GULNetwork.m -o /Users/hectorgarcia/Library/Developer/Xcode/DerivedData/Build/Intermediates.noindex/GoogleUtilities.build/Debug-iphonesimulator/GoogleUtilities-Network.build/Objects-normal/x86_64/GULNetwork.o -index-unit-output-path /GoogleUtilities.build/Debug-iphonesimulator/GoogleUtilities-Network.build/Objects-normal/x86_64/GULNetwork.o

CompileC /Users/hectorgarcia/Library/Developer/Xcode/DerivedData/Build/Intermediates.noindex/GoogleDataTransport.build/Debug-iphonesimulator/GoogleDataTransport.build/Objects-normal/x86_64/resource_bundle_accessor.o /Users/hectorgarcia/Library/Developer/Xcode/DerivedData/Build/Intermediates.noindex/GoogleDataTransport.build/Debug-iphonesimulator/GoogleDataTransport.build/DerivedSources/resource_bundle_accessor.m normal x86_64 objective-c com.apple.compilers.llvm.clang.1_0.compiler (in target 'GoogleDataTransport' from project 'GoogleDataTransport')
    cd /Users/hectorgarcia/LYO_Da_ONE/Lyo.xcodeproj
    
    Using response file: /Users/hectorgarcia/Library/Developer/Xcode/DerivedData/Build/Intermediates.noindex/GoogleDataTransport.build/Debug-iphonesimulator/GoogleDataTransport.build/Objects-normal/x86_64/e6072d4f65d7061329687fe24e3d63a7-common-args.resp
    
    /Users/hectorgarcia/Downloads/Xcode.app/Contents/Developer/Toolchains/XcodeDefault.xctoolchain/usr/bin/clang -x objective-c -ivfsstatcache /Users/hectorgarcia/Library/Developer/Xcode/DerivedData/SDKStatCaches.noindex/iphonesimulator26.2-23C53-823d3e8b6e60bc2018c189d3ca05ba9b.sdkstatcache -fmessage-length\=0 -fdiagnostics-show-note-include-stack -fmacro-backtrace-limit\=0 -fno-color-diagnostics -fmodules-prune-interval\=86400 -fmodules-prune-after\=345600 -fbuild-session-file\=/Users/hectorgarcia/Library/Developer/Xcode/DerivedData/ModuleCache.noindex/Session.modulevalidation -fmodules-validate-once-per-build-session -Wnon-modular-include-in-framework-module -Werror\=non-modular-include-in-framework-module -Wno-trigraphs -Wno-missing-field-initializers -Wno-missing-prototypes -Wno-return-type -Wno-implicit-atomic-properties -Wno-objc-interface-ivars -Wno-arc-repeated-use-of-weak -Wno-missing-braces -Wparentheses -Wswitch -Wno-unused-function -Wno-unused-label -Wno-unused-parameter -Wno-unused-variable -Wunused-value -Wno-empty-body -Wno-uninitialized -Wno-unknown-pragmas -w -Wno-shadow -Wno-four-char-constants -Wno-conversion -Wno-constant-conversion -Wno-int-conversion -Wno-bool-conversion -Wno-enum-conversion -Wno-float-conversion -Wno-non-literal-null-conversion -Wno-objc-literal-conversion -Wshorten-64-to-32 -Wpointer-sign -Wno-newline-eof -Wno-selector -Wno-strict-selector-match -Wno-undeclared-selector -Wno-deprecated-implementations -Wno-implicit-fallthrough -fstrict-aliasing -Wprotocol -Wdeprecated-declarations -Wno-sign-conversion -Wno-infinite-recursion -Wno-comma -Wno-block-capture-autoreleasing -Wno-strict-prototypes -Wno-semicolon-before-method-body -index-store-path /Users/hectorgarcia/Library/Developer/Xcode/DerivedData/Lyo-eagkiegzrakogpczynhkaholsscs/Index.noindex/DataStore @/Users/hectorgarcia/Library/Developer/Xcode/DerivedData/Build/Intermediates.noindex/GoogleDataTransport.build/Debug-iphonesimulator/GoogleDataTransport.build/Objects-normal/x86_64/e6072d4f65d7061329687fe24e3d63a7-common-args.resp -include /Users/hectorgarcia/Library/Developer/Xcode/DerivedData/Build/Intermediates.noindex/GoogleDataTransport.build/Debug-iphonesimulator/GoogleDataTransport.build/DerivedSources/resource_bundle_accessor.h -MMD -MT dependencies -MF /Users/hectorgarcia/Library/Developer/Xcode/DerivedData/Build/Intermediates.noindex/GoogleDataTransport.build/Debug-iphonesimulator/GoogleDataTransport.build/Objects-normal/x86_64/resource_bundle_accessor.d --serialize-diagnostics /Users/hectorgarcia/Library/Developer/Xcode/DerivedData/Build/Intermediates.noindex/GoogleDataTransport.build/Debug-iphonesimulator/GoogleDataTransport.build/Objects-normal/x86_64/resource_bundle_accessor.dia -c /Users/hectorgarcia/Library/Developer/Xcode/DerivedData/Build/Intermediates.noindex/GoogleDataTransport.build/Debug-iphonesimulator/GoogleDataTransport.build/DerivedSources/resource_bundle_accessor.m -o /Users/hectorgarcia/Library/Developer/Xcode/DerivedData/Build/Intermediates.noindex/GoogleDataTransport.build/Debug-iphonesimulator/GoogleDataTransport.build/Objects-normal/x86_64/resource_bundle_accessor.o -index-unit-output-path /GoogleDataTransport.build/Debug-iphonesimulator/GoogleDataTransport.build/Objects-normal/x86_64/resource_bundle_accessor.o

CompileC /Users/hectorgarcia/Library/Developer/Xcode/DerivedData/Build/Intermediates.noindex/GoogleDataTransport.build/Debug-iphonesimulator/GoogleDataTransport.build/Objects-normal/x86_64/GDTCORUploadBatch.o /Users/hectorgarcia/Library/Developer/Xcode/DerivedData/Lyo-eagkiegzrakogpczynhkaholsscs/SourcePackages/checkouts/GoogleDataTransport/GoogleDataTransport/GDTCORLibrary/GDTCORUploadBatch.m normal x86_64 objective-c com.apple.compilers.llvm.clang.1_0.compiler (in target 'GoogleDataTransport' from project 'GoogleDataTransport')
    cd /Users/hectorgarcia/LYO_Da_ONE/Lyo.xcodeproj
    
    Using response file: /Users/hectorgarcia/Library/Developer/Xcode/DerivedData/Build/Intermediates.noindex/GoogleDataTransport.build/Debug-iphonesimulator/GoogleDataTransport.build/Objects-normal/x86_64/e6072d4f65d7061329687fe24e3d63a7-common-args.resp
    
    /Users/hectorgarcia/Downloads/Xcode.app/Contents/Developer/Toolchains/XcodeDefault.xctoolchain/usr/bin/clang -x objective-c -ivfsstatcache /Users/hectorgarcia/Library/Developer/Xcode/DerivedData/SDKStatCaches.noindex/iphonesimulator26.2-23C53-823d3e8b6e60bc2018c189d3ca05ba9b.sdkstatcache -fmessage-length\=0 -fdiagnostics-show-note-include-stack -fmacro-backtrace-limit\=0 -fno-color-diagnostics -fmodules-prune-interval\=86400 -fmodules-prune-after\=345600 -fbuild-session-file\=/Users/hectorgarcia/Library/Developer/Xcode/DerivedData/ModuleCache.noindex/Session.modulevalidation -fmodules-validate-once-per-build-session -Wnon-modular-include-in-framework-module -Werror\=non-modular-include-in-framework-module -Wno-trigraphs -Wno-missing-field-initializers -Wno-missing-prototypes -Wno-return-type -Wno-implicit-atomic-properties -Wno-objc-interface-ivars -Wno-arc-repeated-use-of-weak -Wno-missing-braces -Wparentheses -Wswitch -Wno-unused-function -Wno-unused-label -Wno-unused-parameter -Wno-unused-variable -Wunused-value -Wno-empty-body -Wno-uninitialized -Wno-unknown-pragmas -w -Wno-shadow -Wno-four-char-constants -Wno-conversion -Wno-constant-conversion -Wno-int-conversion -Wno-bool-conversion -Wno-enum-conversion -Wno-float-conversion -Wno-non-literal-null-conversion -Wno-objc-literal-conversion -Wshorten-64-to-32 -Wpointer-sign -Wno-newline-eof -Wno-selector -Wno-strict-selector-match -Wno-undeclared-selector -Wno-deprecated-implementations -Wno-implicit-fallthrough -fstrict-aliasing -Wprotocol -Wdeprecated-declarations -Wno-sign-conversion -Wno-infinite-recursion -Wno-comma -Wno-block-capture-autoreleasing -Wno-strict-prototypes -Wno-semicolon-before-method-body -index-store-path /Users/hectorgarcia/Library/Developer/Xcode/DerivedData/Lyo-eagkiegzrakogpczynhkaholsscs/Index.noindex/DataStore @/Users/hectorgarcia/Library/Developer/Xcode/DerivedData/Build/Intermediates.noindex/GoogleDataTransport.build/Debug-iphonesimulator/GoogleDataTransport.build/Objects-normal/x86_64/e6072d4f65d7061329687fe24e3d63a7-common-args.resp -include /Users/hectorgarcia/Library/Developer/Xcode/DerivedData/Build/Intermediates.noindex/GoogleDataTransport.build/Debug-iphonesimulator/GoogleDataTransport.build/DerivedSources/resource_bundle_accessor.h -MMD -MT dependencies -MF /Users/hectorgarcia/Library/Developer/Xcode/DerivedData/Build/Intermediates.noindex/GoogleDataTransport.build/Debug-iphonesimulator/GoogleDataTransport.build/Objects-normal/x86_64/GDTCORUploadBatch.d --serialize-diagnostics /Users/hectorgarcia/Library/Developer/Xcode/DerivedData/Build/Intermediates.noindex/GoogleDataTransport.build/Debug-iphonesimulator/GoogleDataTransport.build/Objects-normal/x86_64/GDTCORUploadBatch.dia -c /Users/hectorgarcia/Library/Developer/Xcode/DerivedData/Lyo-eagkiegzrakogpczynhkaholsscs/SourcePackages/checkouts/GoogleDataTransport/GoogleDataTransport/GDTCORLibrary/GDTCORUploadBatch.m -o /Users/hectorgarcia/Library/Developer/Xcode/DerivedData/Build/Intermediates.noindex/GoogleDataTransport.build/Debug-iphonesimulator/GoogleDataTransport.build/Objects-normal/x86_64/GDTCORUploadBatch.o -index-unit-output-path /GoogleDataTransport.build/Debug-iphonesimulator/GoogleDataTransport.build/Objects-normal/x86_64/GDTCORUploadBatch.o

CompileC /Users/hectorgarcia/Library/Developer/Xcode/DerivedData/Build/Intermediates.noindex/GoogleDataTransport.build/Debug-iphonesimulator/GoogleDataTransport.build/Objects-normal/x86_64/GDTCORStorageMetadata.o /Users/hectorgarcia/Library/Developer/Xcode/DerivedData/Lyo-eagkiegzrakogpczynhkaholsscs/SourcePackages/checkouts/GoogleDataTransport/GoogleDataTransport/GDTCORLibrary/GDTCORStorageMetadata.m normal x86_64 objective-c com.apple.compilers.llvm.clang.1_0.compiler (in target 'GoogleDataTransport' from project 'GoogleDataTransport')
    cd /Users/hectorgarcia/LYO_Da_ONE/Lyo.xcodeproj
    
    Using response file: /Users/hectorgarcia/Library/Developer/Xcode/DerivedData/Build/Intermediates.noindex/GoogleDataTransport.build/Debug-iphonesimulator/GoogleDataTransport.build/Objects-normal/x86_64/e6072d4f65d7061329687fe24e3d63a7-common-args.resp
    
    /Users/hectorgarcia/Downloads/Xcode.app/Contents/Developer/Toolchains/XcodeDefault.xctoolchain/usr/bin/clang -x objective-c -ivfsstatcache /Users/hectorgarcia/Library/Developer/Xcode/DerivedData/SDKStatCaches.noindex/iphonesimulator26.2-23C53-823d3e8b6e60bc2018c189d3ca05ba9b.sdkstatcache -fmessage-length\=0 -fdiagnostics-show-note-include-stack -fmacro-backtrace-limit\=0 -fno-color-diagnostics -fmodules-prune-interval\=86400 -fmodules-prune-after\=345600 -fbuild-session-file\=/Users/hectorgarcia/Library/Developer/Xcode/DerivedData/ModuleCache.noindex/Session.modulevalidation -fmodules-validate-once-per-build-session -Wnon-modular-include-in-framework-module -Werror\=non-modular-include-in-framework-module -Wno-trigraphs -Wno-missing-field-initializers -Wno-missing-prototypes -Wno-return-type -Wno-implicit-atomic-properties -Wno-objc-interface-ivars -Wno-arc-repeated-use-of-weak -Wno-missing-braces -Wparentheses -Wswitch -Wno-unused-function -Wno-unused-label -Wno-unused-parameter -Wno-unused-variable -Wunused-value -Wno-empty-body -Wno-uninitialized -Wno-unknown-pragmas -w -Wno-shadow -Wno-four-char-constants -Wno-conversion -Wno-constant-conversion -Wno-int-conversion -Wno-bool-conversion -Wno-enum-conversion -Wno-float-conversion -Wno-non-literal-null-conversion -Wno-objc-literal-conversion -Wshorten-64-to-32 -Wpointer-sign -Wno-newline-eof -Wno-selector -Wno-strict-selector-match -Wno-undeclared-selector -Wno-deprecated-implementations -Wno-implicit-fallthrough -fstrict-aliasing -Wprotocol -Wdeprecated-declarations -Wno-sign-conversion -Wno-infinite-recursion -Wno-comma -Wno-block-capture-autoreleasing -Wno-strict-prototypes -Wno-semicolon-before-method-body -index-store-path /Users/hectorgarcia/Library/Developer/Xcode/DerivedData/Lyo-eagkiegzrakogpczynhkaholsscs/Index.noindex/DataStore @/Users/hectorgarcia/Library/Developer/Xcode/DerivedData/Build/Intermediates.noindex/GoogleDataTransport.build/Debug-iphonesimulator/GoogleDataTransport.build/Objects-normal/x86_64/e6072d4f65d7061329687fe24e3d63a7-common-args.resp -include /Users/hectorgarcia/Library/Developer/Xcode/DerivedData/Build/Intermediates.noindex/GoogleDataTransport.build/Debug-iphonesimulator/GoogleDataTransport.build/DerivedSources/resource_bundle_accessor.h -MMD -MT dependencies -MF /Users/hectorgarcia/Library/Developer/Xcode/DerivedData/Build/Intermediates.noindex/GoogleDataTransport.build/Debug-iphonesimulator/GoogleDataTransport.build/Objects-normal/x86_64/GDTCORStorageMetadata.d --serialize-diagnostics /Users/hectorgarcia/Library/Developer/Xcode/DerivedData/Build/Intermediates.noindex/GoogleDataTransport.build/Debug-iphonesimulator/GoogleDataTransport.build/Objects-normal/x86_64/GDTCORStorageMetadata.dia -c /Users/hectorgarcia/Library/Developer/Xcode/DerivedData/Lyo-eagkiegzrakogpczynhkaholsscs/SourcePackages/checkouts/GoogleDataTransport/GoogleDataTransport/GDTCORLibrary/GDTCORStorageMetadata.m -o /Users/hectorgarcia/Library/Developer/Xcode/DerivedData/Build/Intermediates.noindex/GoogleDataTransport.build/Debug-iphonesimulator/GoogleDataTransport.build/Objects-normal/x86_64/GDTCORStorageMetadata.o -index-unit-output-path /GoogleDataTransport.build/Debug-iphonesimulator/GoogleDataTransport.build/Objects-normal/x86_64/GDTCORStorageMetadata.o

CompileC /Users/hectorgarcia/Library/Developer/Xcode/DerivedData/Build/Intermediates.noindex/GoogleDataTransport.build/Debug-iphonesimulator/GoogleDataTransport.build/Objects-normal/x86_64/GDTCORStorageEventSelector.o /Users/hectorgarcia/Library/Developer/Xcode/DerivedData/Lyo-eagkiegzrakogpczynhkaholsscs/SourcePackages/checkouts/GoogleDataTransport/GoogleDataTransport/GDTCORLibrary/GDTCORStorageEventSelector.m normal x86_64 objective-c com.apple.compilers.llvm.clang.1_0.compiler (in target 'GoogleDataTransport' from project 'GoogleDataTransport')
    cd /Users/hectorgarcia/LYO_Da_ONE/Lyo.xcodeproj
    
    Using response file: /Users/hectorgarcia/Library/Developer/Xcode/DerivedData/Build/Intermediates.noindex/GoogleDataTransport.build/Debug-iphonesimulator/GoogleDataTransport.build/Objects-normal/x86_64/e6072d4f65d7061329687fe24e3d63a7-common-args.resp
    
    /Users/hectorgarcia/Downloads/Xcode.app/Contents/Developer/Toolchains/XcodeDefault.xctoolchain/usr/bin/clang -x objective-c -ivfsstatcache /Users/hectorgarcia/Library/Developer/Xcode/DerivedData/SDKStatCaches.noindex/iphonesimulator26.2-23C53-823d3e8b6e60bc2018c189d3ca05ba9b.sdkstatcache -fmessage-length\=0 -fdiagnostics-show-note-include-stack -fmacro-backtrace-limit\=0 -fno-color-diagnostics -fmodules-prune-interval\=86400 -fmodules-prune-after\=345600 -fbuild-session-file\=/Users/hectorgarcia/Library/Developer/Xcode/DerivedData/ModuleCache.noindex/Session.modulevalidation -fmodules-validate-once-per-build-session -Wnon-modular-include-in-framework-module -Werror\=non-modular-include-in-framework-module -Wno-trigraphs -Wno-missing-field-initializers -Wno-missing-prototypes -Wno-return-type -Wno-implicit-atomic-properties -Wno-objc-interface-ivars -Wno-arc-repeated-use-of-weak -Wno-missing-braces -Wparentheses -Wswitch -Wno-unused-function -Wno-unused-label -Wno-unused-parameter -Wno-unused-variable -Wunused-value -Wno-empty-body -Wno-uninitialized -Wno-unknown-pragmas -w -Wno-shadow -Wno-four-char-constants -Wno-conversion -Wno-constant-conversion -Wno-int-conversion -Wno-bool-conversion -Wno-enum-conversion -Wno-float-conversion -Wno-non-literal-null-conversion -Wno-objc-literal-conversion -Wshorten-64-to-32 -Wpointer-sign -Wno-newline-eof -Wno-selector -Wno-strict-selector-match -Wno-undeclared-selector -Wno-deprecated-implementations -Wno-implicit-fallthrough -fstrict-aliasing -Wprotocol -Wdeprecated-declarations -Wno-sign-conversion -Wno-infinite-recursion -Wno-comma -Wno-block-capture-autoreleasing -Wno-strict-prototypes -Wno-semicolon-before-method-body -index-store-path /Users/hectorgarcia/Library/Developer/Xcode/DerivedData/Lyo-eagkiegzrakogpczynhkaholsscs/Index.noindex/DataStore @/Users/hectorgarcia/Library/Developer/Xcode/DerivedData/Build/Intermediates.noindex/GoogleDataTransport.build/Debug-iphonesimulator/GoogleDataTransport.build/Objects-normal/x86_64/e6072d4f65d7061329687fe24e3d63a7-common-args.resp -include /Users/hectorgarcia/Library/Developer/Xcode/DerivedData/Build/Intermediates.noindex/GoogleDataTransport.build/Debug-iphonesimulator/GoogleDataTransport.build/DerivedSources/resource_bundle_accessor.h -MMD -MT dependencies -MF /Users/hectorgarcia/Library/Developer/Xcode/DerivedData/Build/Intermediates.noindex/GoogleDataTransport.build/Debug-iphonesimulator/GoogleDataTransport.build/Objects-normal/x86_64/GDTCORStorageEventSelector.d --serialize-diagnostics /Users/hectorgarcia/Library/Developer/Xcode/DerivedData/Build/Intermediates.noindex/GoogleDataTransport.build/Debug-iphonesimulator/GoogleDataTransport.build/Objects-normal/x86_64/GDTCORStorageEventSelector.dia -c /Users/hectorgarcia/Library/Developer/Xcode/DerivedData/Lyo-eagkiegzrakogpczynhkaholsscs/SourcePackages/checkouts/GoogleDataTransport/GoogleDataTransport/GDTCORLibrary/GDTCORStorageEventSelector.m -o /Users/hectorgarcia/Library/Developer/Xcode/DerivedData/Build/Intermediates.noindex/GoogleDataTransport.build/Debug-iphonesimulator/GoogleDataTransport.build/Objects-normal/x86_64/GDTCORStorageEventSelector.o -index-unit-output-path /GoogleDataTransport.build/Debug-iphonesimulator/GoogleDataTransport.build/Objects-normal/x86_64/GDTCORStorageEventSelector.o

CompileC /Users/hectorgarcia/Library/Developer/Xcode/DerivedData/Build/Intermediates.noindex/GoogleDataTransport.build/Debug-iphonesimulator/GoogleDataTransport.build/Objects-normal/x86_64/GDTCORProductData.o /Users/hectorgarcia/Library/Developer/Xcode/DerivedData/Lyo-eagkiegzrakogpczynhkaholsscs/SourcePackages/checkouts/GoogleDataTransport/GoogleDataTransport/GDTCORLibrary/GDTCORProductData.m normal x86_64 objective-c com.apple.compilers.llvm.clang.1_0.compiler (in target 'GoogleDataTransport' from project 'GoogleDataTransport')
    cd /Users/hectorgarcia/LYO_Da_ONE/Lyo.xcodeproj
    
    Using response file: /Users/hectorgarcia/Library/Developer/Xcode/DerivedData/Build/Intermediates.noindex/GoogleDataTransport.build/Debug-iphonesimulator/GoogleDataTransport.build/Objects-normal/x86_64/e6072d4f65d7061329687fe24e3d63a7-common-args.resp
    
    /Users/hectorgarcia/Downloads/Xcode.app/Contents/Developer/Toolchains/XcodeDefault.xctoolchain/usr/bin/clang -x objective-c -ivfsstatcache /Users/hectorgarcia/Library/Developer/Xcode/DerivedData/SDKStatCaches.noindex/iphonesimulator26.2-23C53-823d3e8b6e60bc2018c189d3ca05ba9b.sdkstatcache -fmessage-length\=0 -fdiagnostics-show-note-include-stack -fmacro-backtrace-limit\=0 -fno-color-diagnostics -fmodules-prune-interval\=86400 -fmodules-prune-after\=345600 -fbuild-session-file\=/Users/hectorgarcia/Library/Developer/Xcode/DerivedData/ModuleCache.noindex/Session.modulevalidation -fmodules-validate-once-per-build-session -Wnon-modular-include-in-framework-module -Werror\=non-modular-include-in-framework-module -Wno-trigraphs -Wno-missing-field-initializers -Wno-missing-prototypes -Wno-return-type -Wno-implicit-atomic-properties -Wno-objc-interface-ivars -Wno-arc-repeated-use-of-weak -Wno-missing-braces -Wparentheses -Wswitch -Wno-unused-function -Wno-unused-label -Wno-unused-parameter -Wno-unused-variable -Wunused-value -Wno-empty-body -Wno-uninitialized -Wno-unknown-pragmas -w -Wno-shadow -Wno-four-char-constants -Wno-conversion -Wno-constant-conversion -Wno-int-conversion -Wno-bool-conversion -Wno-enum-conversion -Wno-float-conversion -Wno-non-literal-null-conversion -Wno-objc-literal-conversion -Wshorten-64-to-32 -Wpointer-sign -Wno-newline-eof -Wno-selector -Wno-strict-selector-match -Wno-undeclared-selector -Wno-deprecated-implementations -Wno-implicit-fallthrough -fstrict-aliasing -Wprotocol -Wdeprecated-declarations -Wno-sign-conversion -Wno-infinite-recursion -Wno-comma -Wno-block-capture-autoreleasing -Wno-strict-prototypes -Wno-semicolon-before-method-body -index-store-path /Users/hectorgarcia/Library/Developer/Xcode/DerivedData/Lyo-eagkiegzrakogpczynhkaholsscs/Index.noindex/DataStore @/Users/hectorgarcia/Library/Developer/Xcode/DerivedData/Build/Intermediates.noindex/GoogleDataTransport.build/Debug-iphonesimulator/GoogleDataTransport.build/Objects-normal/x86_64/e6072d4f65d7061329687fe24e3d63a7-common-args.resp -include /Users/hectorgarcia/Library/Developer/Xcode/DerivedData/Build/Intermediates.noindex/GoogleDataTransport.build/Debug-iphonesimulator/GoogleDataTransport.build/DerivedSources/resource_bundle_accessor.h -MMD -MT dependencies -MF /Users/hectorgarcia/Library/Developer/Xcode/DerivedData/Build/Intermediates.noindex/GoogleDataTransport.build/Debug-iphonesimulator/GoogleDataTransport.build/Objects-normal/x86_64/GDTCORProductData.d --serialize-diagnostics /Users/hectorgarcia/Library/Developer/Xcode/DerivedData/Build/Intermediates.noindex/GoogleDataTransport.build/Debug-iphonesimulator/GoogleDataTransport.build/Objects-normal/x86_64/GDTCORProductData.dia -c /Users/hectorgarcia/Library/Developer/Xcode/DerivedData/Lyo-eagkiegzrakogpczynhkaholsscs/SourcePackages/checkouts/GoogleDataTransport/GoogleDataTransport/GDTCORLibrary/GDTCORProductData.m -o /Users/hectorgarcia/Library/Developer/Xcode/DerivedData/Build/Intermediates.noindex/GoogleDataTransport.build/Debug-iphonesimulator/GoogleDataTransport.build/Objects-normal/x86_64/GDTCORProductData.o -index-unit-output-path /GoogleDataTransport.build/Debug-iphonesimulator/GoogleDataTransport.build/Objects-normal/x86_64/GDTCORProductData.o

CompileC /Users/hectorgarcia/Library/Developer/Xcode/DerivedData/Build/Intermediates.noindex/GoogleDataTransport.build/Debug-iphonesimulator/GoogleDataTransport.build/Objects-normal/x86_64/GDTCORMetricsMetadata.o /Users/hectorgarcia/Library/Developer/Xcode/DerivedData/Lyo-eagkiegzrakogpczynhkaholsscs/SourcePackages/checkouts/GoogleDataTransport/GoogleDataTransport/GDTCORLibrary/GDTCORMetricsMetadata.m normal x86_64 objective-c com.apple.compilers.llvm.clang.1_0.compiler (in target 'GoogleDataTransport' from project 'GoogleDataTransport')
    cd /Users/hectorgarcia/LYO_Da_ONE/Lyo.xcodeproj
    
    Using response file: /Users/hectorgarcia/Library/Developer/Xcode/DerivedData/Build/Intermediates.noindex/GoogleDataTransport.build/Debug-iphonesimulator/GoogleDataTransport.build/Objects-normal/x86_64/e6072d4f65d7061329687fe24e3d63a7-common-args.resp
    
    /Users/hectorgarcia/Downloads/Xcode.app/Contents/Developer/Toolchains/XcodeDefault.xctoolchain/usr/bin/clang -x objective-c -ivfsstatcache /Users/hectorgarcia/Library/Developer/Xcode/DerivedData/SDKStatCaches.noindex/iphonesimulator26.2-23C53-823d3e8b6e60bc2018c189d3ca05ba9b.sdkstatcache -fmessage-length\=0 -fdiagnostics-show-note-include-stack -fmacro-backtrace-limit\=0 -fno-color-diagnostics -fmodules-prune-interval\=86400 -fmodules-prune-after\=345600 -fbuild-session-file\=/Users/hectorgarcia/Library/Developer/Xcode/DerivedData/ModuleCache.noindex/Session.modulevalidation -fmodules-validate-once-per-build-session -Wnon-modular-include-in-framework-module -Werror\=non-modular-include-in-framework-module -Wno-trigraphs -Wno-missing-field-initializers -Wno-missing-prototypes -Wno-return-type -Wno-implicit-atomic-properties -Wno-objc-interface-ivars -Wno-arc-repeated-use-of-weak -Wno-missing-braces -Wparentheses -Wswitch -Wno-unused-function -Wno-unused-label -Wno-unused-parameter -Wno-unused-variable -Wunused-value -Wno-empty-body -Wno-uninitialized -Wno-unknown-pragmas -w -Wno-shadow -Wno-four-char-constants -Wno-conversion -Wno-constant-conversion -Wno-int-conversion -Wno-bool-conversion -Wno-enum-conversion -Wno-float-conversion -Wno-non-literal-null-conversion -Wno-objc-literal-conversion -Wshorten-64-to-32 -Wpointer-sign -Wno-newline-eof -Wno-selector -Wno-strict-selector-match -Wno-undeclared-selector -Wno-deprecated-implementations -Wno-implicit-fallthrough -fstrict-aliasing -Wprotocol -Wdeprecated-declarations -Wno-sign-conversion -Wno-infinite-recursion -Wno-comma -Wno-block-capture-autoreleasing -Wno-strict-prototypes -Wno-semicolon-before-method-body -index-store-path /Users/hectorgarcia/Library/Developer/Xcode/DerivedData/Lyo-eagkiegzrakogpczynhkaholsscs/Index.noindex/DataStore @/Users/hectorgarcia/Library/Developer/Xcode/DerivedData/Build/Intermediates.noindex/GoogleDataTransport.build/Debug-iphonesimulator/GoogleDataTransport.build/Objects-normal/x86_64/e6072d4f65d7061329687fe24e3d63a7-common-args.resp -include /Users/hectorgarcia/Library/Developer/Xcode/DerivedData/Build/Intermediates.noindex/GoogleDataTransport.build/Debug-iphonesimulator/GoogleDataTransport.build/DerivedSources/resource_bundle_accessor.h -MMD -MT dependencies -MF /Users/hectorgarcia/Library/Developer/Xcode/DerivedData/Build/Intermediates.noindex/GoogleDataTransport.build/Debug-iphonesimulator/GoogleDataTransport.build/Objects-normal/x86_64/GDTCORMetricsMetadata.d --serialize-diagnostics /Users/hectorgarcia/Library/Developer/Xcode/DerivedData/Build/Intermediates.noindex/GoogleDataTransport.build/Debug-iphonesimulator/GoogleDataTransport.build/Objects-normal/x86_64/GDTCORMetricsMetadata.dia -c /Users/hectorgarcia/Library/Developer/Xcode/DerivedData/Lyo-eagkiegzrakogpczynhkaholsscs/SourcePackages/checkouts/GoogleDataTransport/GoogleDataTransport/GDTCORLibrary/GDTCORMetricsMetadata.m -o /Users/hectorgarcia/Library/Developer/Xcode/DerivedData/Build/Intermediates.noindex/GoogleDataTransport.build/Debug-iphonesimulator/GoogleDataTransport.build/Objects-normal/x86_64/GDTCORMetricsMetadata.o -index-unit-output-path /GoogleDataTransport.build/Debug-iphonesimulator/GoogleDataTransport.build/Objects-normal/x86_64/GDTCORMetricsMetadata.o

SwiftEmitModule normal x86_64 Emitting\ module\ for\ GTMAppAuth (in target 'GTMAppAuth' from project 'GTMAppAuth')
EmitSwiftModule normal x86_64 (in target 'GTMAppAuth' from project 'GTMAppAuth')
    cd /Users/hectorgarcia/LYO_Da_ONE/Lyo.xcodeproj
    

CompileC /Users/hectorgarcia/Library/Developer/Xcode/DerivedData/Build/Intermediates.noindex/GoogleDataTransport.build/Debug-iphonesimulator/GoogleDataTransport.build/Objects-normal/x86_64/GDTCORMetrics.o /Users/hectorgarcia/Library/Developer/Xcode/DerivedData/Lyo-eagkiegzrakogpczynhkaholsscs/SourcePackages/checkouts/GoogleDataTransport/GoogleDataTransport/GDTCORLibrary/GDTCORMetrics.m normal x86_64 objective-c com.apple.compilers.llvm.clang.1_0.compiler (in target 'GoogleDataTransport' from project 'GoogleDataTransport')
    cd /Users/hectorgarcia/LYO_Da_ONE/Lyo.xcodeproj
    
    Using response file: /Users/hectorgarcia/Library/Developer/Xcode/DerivedData/Build/Intermediates.noindex/GoogleDataTransport.build/Debug-iphonesimulator/GoogleDataTransport.build/Objects-normal/x86_64/e6072d4f65d7061329687fe24e3d63a7-common-args.resp
    
    /Users/hectorgarcia/Downloads/Xcode.app/Contents/Developer/Toolchains/XcodeDefault.xctoolchain/usr/bin/clang -x objective-c -ivfsstatcache /Users/hectorgarcia/Library/Developer/Xcode/DerivedData/SDKStatCaches.noindex/iphonesimulator26.2-23C53-823d3e8b6e60bc2018c189d3ca05ba9b.sdkstatcache -fmessage-length\=0 -fdiagnostics-show-note-include-stack -fmacro-backtrace-limit\=0 -fno-color-diagnostics -fmodules-prune-interval\=86400 -fmodules-prune-after\=345600 -fbuild-session-file\=/Users/hectorgarcia/Library/Developer/Xcode/DerivedData/ModuleCache.noindex/Session.modulevalidation -fmodules-validate-once-per-build-session -Wnon-modular-include-in-framework-module -Werror\=non-modular-include-in-framework-module -Wno-trigraphs -Wno-missing-field-initializers -Wno-missing-prototypes -Wno-return-type -Wno-implicit-atomic-properties -Wno-objc-interface-ivars -Wno-arc-repeated-use-of-weak -Wno-missing-braces -Wparentheses -Wswitch -Wno-unused-function -Wno-unused-label -Wno-unused-parameter -Wno-unused-variable -Wunused-value -Wno-empty-body -Wno-uninitialized -Wno-unknown-pragmas -w -Wno-shadow -Wno-four-char-constants -Wno-conversion -Wno-constant-conversion -Wno-int-conversion -Wno-bool-conversion -Wno-enum-conversion -Wno-float-conversion -Wno-non-literal-null-conversion -Wno-objc-literal-conversion -Wshorten-64-to-32 -Wpointer-sign -Wno-newline-eof -Wno-selector -Wno-strict-selector-match -Wno-undeclared-selector -Wno-deprecated-implementations -Wno-implicit-fallthrough -fstrict-aliasing -Wprotocol -Wdeprecated-declarations -Wno-sign-conversion -Wno-infinite-recursion -Wno-comma -Wno-block-capture-autoreleasing -Wno-strict-prototypes -Wno-semicolon-before-method-body -index-store-path /Users/hectorgarcia/Library/Developer/Xcode/DerivedData/Lyo-eagkiegzrakogpczynhkaholsscs/Index.noindex/DataStore @/Users/hectorgarcia/Library/Developer/Xcode/DerivedData/Build/Intermediates.noindex/GoogleDataTransport.build/Debug-iphonesimulator/GoogleDataTransport.build/Objects-normal/x86_64/e6072d4f65d7061329687fe24e3d63a7-common-args.resp -include /Users/hectorgarcia/Library/Developer/Xcode/DerivedData/Build/Intermediates.noindex/GoogleDataTransport.build/Debug-iphonesimulator/GoogleDataTransport.build/DerivedSources/resource_bundle_accessor.h -MMD -MT dependencies -MF /Users/hectorgarcia/Library/Developer/Xcode/DerivedData/Build/Intermediates.noindex/GoogleDataTransport.build/Debug-iphonesimulator/GoogleDataTransport.build/Objects-normal/x86_64/GDTCORMetrics.d --serialize-diagnostics /Users/hectorgarcia/Library/Developer/Xcode/DerivedData/Build/Intermediates.noindex/GoogleDataTransport.build/Debug-iphonesimulator/GoogleDataTransport.build/Objects-normal/x86_64/GDTCORMetrics.dia -c /Users/hectorgarcia/Library/Developer/Xcode/DerivedData/Lyo-eagkiegzrakogpczynhkaholsscs/SourcePackages/checkouts/GoogleDataTransport/GoogleDataTransport/GDTCORLibrary/GDTCORMetrics.m -o /Users/hectorgarcia/Library/Developer/Xcode/DerivedData/Build/Intermediates.noindex/GoogleDataTransport.build/Debug-iphonesimulator/GoogleDataTransport.build/Objects-normal/x86_64/GDTCORMetrics.o -index-unit-output-path /GoogleDataTransport.build/Debug-iphonesimulator/GoogleDataTransport.build/Objects-normal/x86_64/GDTCORMetrics.o

CompileC /Users/hectorgarcia/Library/Developer/Xcode/DerivedData/Build/Intermediates.noindex/GoogleDataTransport.build/Debug-iphonesimulator/GoogleDataTransport.build/Objects-normal/x86_64/GDTCORLogSourceMetrics.o /Users/hectorgarcia/Library/Developer/Xcode/DerivedData/Lyo-eagkiegzrakogpczynhkaholsscs/SourcePackages/checkouts/GoogleDataTransport/GoogleDataTransport/GDTCORLibrary/GDTCORLogSourceMetrics.m normal x86_64 objective-c com.apple.compilers.llvm.clang.1_0.compiler (in target 'GoogleDataTransport' from project 'GoogleDataTransport')
    cd /Users/hectorgarcia/LYO_Da_ONE/Lyo.xcodeproj
    
    Using response file: /Users/hectorgarcia/Library/Developer/Xcode/DerivedData/Build/Intermediates.noindex/GoogleDataTransport.build/Debug-iphonesimulator/GoogleDataTransport.build/Objects-normal/x86_64/e6072d4f65d7061329687fe24e3d63a7-common-args.resp
    
    /Users/hectorgarcia/Downloads/Xcode.app/Contents/Developer/Toolchains/XcodeDefault.xctoolchain/usr/bin/clang -x objective-c -ivfsstatcache /Users/hectorgarcia/Library/Developer/Xcode/DerivedData/SDKStatCaches.noindex/iphonesimulator26.2-23C53-823d3e8b6e60bc2018c189d3ca05ba9b.sdkstatcache -fmessage-length\=0 -fdiagnostics-show-note-include-stack -fmacro-backtrace-limit\=0 -fno-color-diagnostics -fmodules-prune-interval\=86400 -fmodules-prune-after\=345600 -fbuild-session-file\=/Users/hectorgarcia/Library/Developer/Xcode/DerivedData/ModuleCache.noindex/Session.modulevalidation -fmodules-validate-once-per-build-session -Wnon-modular-include-in-framework-module -Werror\=non-modular-include-in-framework-module -Wno-trigraphs -Wno-missing-field-initializers -Wno-missing-prototypes -Wno-return-type -Wno-implicit-atomic-properties -Wno-objc-interface-ivars -Wno-arc-repeated-use-of-weak -Wno-missing-braces -Wparentheses -Wswitch -Wno-unused-function -Wno-unused-label -Wno-unused-parameter -Wno-unused-variable -Wunused-value -Wno-empty-body -Wno-uninitialized -Wno-unknown-pragmas -w -Wno-shadow -Wno-four-char-constants -Wno-conversion -Wno-constant-conversion -Wno-int-conversion -Wno-bool-conversion -Wno-enum-conversion -Wno-float-conversion -Wno-non-literal-null-conversion -Wno-objc-literal-conversion -Wshorten-64-to-32 -Wpointer-sign -Wno-newline-eof -Wno-selector -Wno-strict-selector-match -Wno-undeclared-selector -Wno-deprecated-implementations -Wno-implicit-fallthrough -fstrict-aliasing -Wprotocol -Wdeprecated-declarations -Wno-sign-conversion -Wno-infinite-recursion -Wno-comma -Wno-block-capture-autoreleasing -Wno-strict-prototypes -Wno-semicolon-before-method-body -index-store-path /Users/hectorgarcia/Library/Developer/Xcode/DerivedData/Lyo-eagkiegzrakogpczynhkaholsscs/Index.noindex/DataStore @/Users/hectorgarcia/Library/Developer/Xcode/DerivedData/Build/Intermediates.noindex/GoogleDataTransport.build/Debug-iphonesimulator/GoogleDataTransport.build/Objects-normal/x86_64/e6072d4f65d7061329687fe24e3d63a7-common-args.resp -include /Users/hectorgarcia/Library/Developer/Xcode/DerivedData/Build/Intermediates.noindex/GoogleDataTransport.build/Debug-iphonesimulator/GoogleDataTransport.build/DerivedSources/resource_bundle_accessor.h -MMD -MT dependencies -MF /Users/hectorgarcia/Library/Developer/Xcode/DerivedData/Build/Intermediates.noindex/GoogleDataTransport.build/Debug-iphonesimulator/GoogleDataTransport.build/Objects-normal/x86_64/GDTCORLogSourceMetrics.d --serialize-diagnostics /Users/hectorgarcia/Library/Developer/Xcode/DerivedData/Build/Intermediates.noindex/GoogleDataTransport.build/Debug-iphonesimulator/GoogleDataTransport.build/Objects-normal/x86_64/GDTCORLogSourceMetrics.dia -c /Users/hectorgarcia/Library/Developer/Xcode/DerivedData/Lyo-eagkiegzrakogpczynhkaholsscs/SourcePackages/checkouts/GoogleDataTransport/GoogleDataTransport/GDTCORLibrary/GDTCORLogSourceMetrics.m -o /Users/hectorgarcia/Library/Developer/Xcode/DerivedData/Build/Intermediates.noindex/GoogleDataTransport.build/Debug-iphonesimulator/GoogleDataTransport.build/Objects-normal/x86_64/GDTCORLogSourceMetrics.o -index-unit-output-path /GoogleDataTransport.build/Debug-iphonesimulator/GoogleDataTransport.build/Objects-normal/x86_64/GDTCORLogSourceMetrics.o

CompileC /Users/hectorgarcia/Library/Developer/Xcode/DerivedData/Build/Intermediates.noindex/GoogleDataTransport.build/Debug-iphonesimulator/GoogleDataTransport.build/Objects-normal/x86_64/GDTCOREvent+GDTMetricsSupport.o /Users/hectorgarcia/Library/Developer/Xcode/DerivedData/Lyo-eagkiegzrakogpczynhkaholsscs/SourcePackages/checkouts/GoogleDataTransport/GoogleDataTransport/GDTCCTLibrary/GDTCOREvent+GDTMetricsSupport.m normal x86_64 objective-c com.apple.compilers.llvm.clang.1_0.compiler (in target 'GoogleDataTransport' from project 'GoogleDataTransport')
    cd /Users/hectorgarcia/LYO_Da_ONE/Lyo.xcodeproj
    
    Using response file: /Users/hectorgarcia/Library/Developer/Xcode/DerivedData/Build/Intermediates.noindex/GoogleDataTransport.build/Debug-iphonesimulator/GoogleDataTransport.build/Objects-normal/x86_64/e6072d4f65d7061329687fe24e3d63a7-common-args.resp
    
    /Users/hectorgarcia/Downloads/Xcode.app/Contents/Developer/Toolchains/XcodeDefault.xctoolchain/usr/bin/clang -x objective-c -ivfsstatcache /Users/hectorgarcia/Library/Developer/Xcode/DerivedData/SDKStatCaches.noindex/iphonesimulator26.2-23C53-823d3e8b6e60bc2018c189d3ca05ba9b.sdkstatcache -fmessage-length\=0 -fdiagnostics-show-note-include-stack -fmacro-backtrace-limit\=0 -fno-color-diagnostics -fmodules-prune-interval\=86400 -fmodules-prune-after\=345600 -fbuild-session-file\=/Users/hectorgarcia/Library/Developer/Xcode/DerivedData/ModuleCache.noindex/Session.modulevalidation -fmodules-validate-once-per-build-session -Wnon-modular-include-in-framework-module -Werror\=non-modular-include-in-framework-module -Wno-trigraphs -Wno-missing-field-initializers -Wno-missing-prototypes -Wno-return-type -Wno-implicit-atomic-properties -Wno-objc-interface-ivars -Wno-arc-repeated-use-of-weak -Wno-missing-braces -Wparentheses -Wswitch -Wno-unused-function -Wno-unused-label -Wno-unused-parameter -Wno-unused-variable -Wunused-value -Wno-empty-body -Wno-uninitialized -Wno-unknown-pragmas -w -Wno-shadow -Wno-four-char-constants -Wno-conversion -Wno-constant-conversion -Wno-int-conversion -Wno-bool-conversion -Wno-enum-conversion -Wno-float-conversion -Wno-non-literal-null-conversion -Wno-objc-literal-conversion -Wshorten-64-to-32 -Wpointer-sign -Wno-newline-eof -Wno-selector -Wno-strict-selector-match -Wno-undeclared-selector -Wno-deprecated-implementations -Wno-implicit-fallthrough -fstrict-aliasing -Wprotocol -Wdeprecated-declarations -Wno-sign-conversion -Wno-infinite-recursion -Wno-comma -Wno-block-capture-autoreleasing -Wno-strict-prototypes -Wno-semicolon-before-method-body -index-store-path /Users/hectorgarcia/Library/Developer/Xcode/DerivedData/Lyo-eagkiegzrakogpczynhkaholsscs/Index.noindex/DataStore @/Users/hectorgarcia/Library/Developer/Xcode/DerivedData/Build/Intermediates.noindex/GoogleDataTransport.build/Debug-iphonesimulator/GoogleDataTransport.build/Objects-normal/x86_64/e6072d4f65d7061329687fe24e3d63a7-common-args.resp -include /Users/hectorgarcia/Library/Developer/Xcode/DerivedData/Build/Intermediates.noindex/GoogleDataTransport.build/Debug-iphonesimulator/GoogleDataTransport.build/DerivedSources/resource_bundle_accessor.h -MMD -MT dependencies -MF /Users/hectorgarcia/Library/Developer/Xcode/DerivedData/Build/Intermediates.noindex/GoogleDataTransport.build/Debug-iphonesimulator/GoogleDataTransport.build/Objects-normal/x86_64/GDTCOREvent+GDTMetricsSupport.d --serialize-diagnostics /Users/hectorgarcia/Library/Developer/Xcode/DerivedData/Build/Intermediates.noindex/GoogleDataTransport.build/Debug-iphonesimulator/GoogleDataTransport.build/Objects-normal/x86_64/GDTCOREvent+GDTMetricsSupport.dia -c /Users/hectorgarcia/Library/Developer/Xcode/DerivedData/Lyo-eagkiegzrakogpczynhkaholsscs/SourcePackages/checkouts/GoogleDataTransport/GoogleDataTransport/GDTCCTLibrary/GDTCOREvent+GDTMetricsSupport.m -o /Users/hectorgarcia/Library/Developer/Xcode/DerivedData/Build/Intermediates.noindex/GoogleDataTransport.build/Debug-iphonesimulator/GoogleDataTransport.build/Objects-normal/x86_64/GDTCOREvent+GDTMetricsSupport.o -index-unit-output-path /GoogleDataTransport.build/Debug-iphonesimulator/GoogleDataTransport.build/Objects-normal/x86_64/GDTCOREvent+GDTMetricsSupport.o

CompileC /Users/hectorgarcia/Library/Developer/Xcode/DerivedData/Build/Intermediates.noindex/GoogleDataTransport.build/Debug-iphonesimulator/GoogleDataTransport.build/Objects-normal/x86_64/GDTCOREvent+GDTCCTSupport.o /Users/hectorgarcia/Library/Developer/Xcode/DerivedData/Lyo-eagkiegzrakogpczynhkaholsscs/SourcePackages/checkouts/GoogleDataTransport/GoogleDataTransport/GDTCCTLibrary/GDTCOREvent+GDTCCTSupport.m normal x86_64 objective-c com.apple.compilers.llvm.clang.1_0.compiler (in target 'GoogleDataTransport' from project 'GoogleDataTransport')
    cd /Users/hectorgarcia/LYO_Da_ONE/Lyo.xcodeproj
    
    Using response file: /Users/hectorgarcia/Library/Developer/Xcode/DerivedData/Build/Intermediates.noindex/GoogleDataTransport.build/Debug-iphonesimulator/GoogleDataTransport.build/Objects-normal/x86_64/e6072d4f65d7061329687fe24e3d63a7-common-args.resp
    
    /Users/hectorgarcia/Downloads/Xcode.app/Contents/Developer/Toolchains/XcodeDefault.xctoolchain/usr/bin/clang -x objective-c -ivfsstatcache /Users/hectorgarcia/Library/Developer/Xcode/DerivedData/SDKStatCaches.noindex/iphonesimulator26.2-23C53-823d3e8b6e60bc2018c189d3ca05ba9b.sdkstatcache -fmessage-length\=0 -fdiagnostics-show-note-include-stack -fmacro-backtrace-limit\=0 -fno-color-diagnostics -fmodules-prune-interval\=86400 -fmodules-prune-after\=345600 -fbuild-session-file\=/Users/hectorgarcia/Library/Developer/Xcode/DerivedData/ModuleCache.noindex/Session.modulevalidation -fmodules-validate-once-per-build-session -Wnon-modular-include-in-framework-module -Werror\=non-modular-include-in-framework-module -Wno-trigraphs -Wno-missing-field-initializers -Wno-missing-prototypes -Wno-return-type -Wno-implicit-atomic-properties -Wno-objc-interface-ivars -Wno-arc-repeated-use-of-weak -Wno-missing-braces -Wparentheses -Wswitch -Wno-unused-function -Wno-unused-label -Wno-unused-parameter -Wno-unused-variable -Wunused-value -Wno-empty-body -Wno-uninitialized -Wno-unknown-pragmas -w -Wno-shadow -Wno-four-char-constants -Wno-conversion -Wno-constant-conversion -Wno-int-conversion -Wno-bool-conversion -Wno-enum-conversion -Wno-float-conversion -Wno-non-literal-null-conversion -Wno-objc-literal-conversion -Wshorten-64-to-32 -Wpointer-sign -Wno-newline-eof -Wno-selector -Wno-strict-selector-match -Wno-undeclared-selector -Wno-deprecated-implementations -Wno-implicit-fallthrough -fstrict-aliasing -Wprotocol -Wdeprecated-declarations -Wno-sign-conversion -Wno-infinite-recursion -Wno-comma -Wno-block-capture-autoreleasing -Wno-strict-prototypes -Wno-semicolon-before-method-body -index-store-path /Users/hectorgarcia/Library/Developer/Xcode/DerivedData/Lyo-eagkiegzrakogpczynhkaholsscs/Index.noindex/DataStore @/Users/hectorgarcia/Library/Developer/Xcode/DerivedData/Build/Intermediates.noindex/GoogleDataTransport.build/Debug-iphonesimulator/GoogleDataTransport.build/Objects-normal/x86_64/e6072d4f65d7061329687fe24e3d63a7-common-args.resp -include /Users/hectorgarcia/Library/Developer/Xcode/DerivedData/Build/Intermediates.noindex/GoogleDataTransport.build/Debug-iphonesimulator/GoogleDataTransport.build/DerivedSources/resource_bundle_accessor.h -MMD -MT dependencies -MF /Users/hectorgarcia/Library/Developer/Xcode/DerivedData/Build/Intermediates.noindex/GoogleDataTransport.build/Debug-iphonesimulator/GoogleDataTransport.build/Objects-normal/x86_64/GDTCOREvent+GDTCCTSupport.d --serialize-diagnostics /Users/hectorgarcia/Library/Developer/Xcode/DerivedData/Build/Intermediates.noindex/GoogleDataTransport.build/Debug-iphonesimulator/GoogleDataTransport.build/Objects-normal/x86_64/GDTCOREvent+GDTCCTSupport.dia -c /Users/hectorgarcia/Library/Developer/Xcode/DerivedData/Lyo-eagkiegzrakogpczynhkaholsscs/SourcePackages/checkouts/GoogleDataTransport/GoogleDataTransport/GDTCCTLibrary/GDTCOREvent+GDTCCTSupport.m -o /Users/hectorgarcia/Library/Developer/Xcode/DerivedData/Build/Intermediates.noindex/GoogleDataTransport.build/Debug-iphonesimulator/GoogleDataTransport.build/Objects-normal/x86_64/GDTCOREvent+GDTCCTSupport.o -index-unit-output-path /GoogleDataTransport.build/Debug-iphonesimulator/GoogleDataTransport.build/Objects-normal/x86_64/GDTCOREvent+GDTCCTSupport.o

CompileC /Users/hectorgarcia/Library/Developer/Xcode/DerivedData/Build/Intermediates.noindex/GoogleDataTransport.build/Debug-iphonesimulator/GoogleDataTransport.build/Objects-normal/x86_64/GDTCOREndpoints.o /Users/hectorgarcia/Library/Developer/Xcode/DerivedData/Lyo-eagkiegzrakogpczynhkaholsscs/SourcePackages/checkouts/GoogleDataTransport/GoogleDataTransport/GDTCORLibrary/GDTCOREndpoints.m normal x86_64 objective-c com.apple.compilers.llvm.clang.1_0.compiler (in target 'GoogleDataTransport' from project 'GoogleDataTransport')
    cd /Users/hectorgarcia/LYO_Da_ONE/Lyo.xcodeproj
    
    Using response file: /Users/hectorgarcia/Library/Developer/Xcode/DerivedData/Build/Intermediates.noindex/GoogleDataTransport.build/Debug-iphonesimulator/GoogleDataTransport.build/Objects-normal/x86_64/e6072d4f65d7061329687fe24e3d63a7-common-args.resp
    
    /Users/hectorgarcia/Downloads/Xcode.app/Contents/Developer/Toolchains/XcodeDefault.xctoolchain/usr/bin/clang -x objective-c -ivfsstatcache /Users/hectorgarcia/Library/Developer/Xcode/DerivedData/SDKStatCaches.noindex/iphonesimulator26.2-23C53-823d3e8b6e60bc2018c189d3ca05ba9b.sdkstatcache -fmessage-length\=0 -fdiagnostics-show-note-include-stack -fmacro-backtrace-limit\=0 -fno-color-diagnostics -fmodules-prune-interval\=86400 -fmodules-prune-after\=345600 -fbuild-session-file\=/Users/hectorgarcia/Library/Developer/Xcode/DerivedData/ModuleCache.noindex/Session.modulevalidation -fmodules-validate-once-per-build-session -Wnon-modular-include-in-framework-module -Werror\=non-modular-include-in-framework-module -Wno-trigraphs -Wno-missing-field-initializers -Wno-missing-prototypes -Wno-return-type -Wno-implicit-atomic-properties -Wno-objc-interface-ivars -Wno-arc-repeated-use-of-weak -Wno-missing-braces -Wparentheses -Wswitch -Wno-unused-function -Wno-unused-label -Wno-unused-parameter -Wno-unused-variable -Wunused-value -Wno-empty-body -Wno-uninitialized -Wno-unknown-pragmas -w -Wno-shadow -Wno-four-char-constants -Wno-conversion -Wno-constant-conversion -Wno-int-conversion -Wno-bool-conversion -Wno-enum-conversion -Wno-float-conversion -Wno-non-literal-null-conversion -Wno-objc-literal-conversion -Wshorten-64-to-32 -Wpointer-sign -Wno-newline-eof -Wno-selector -Wno-strict-selector-match -Wno-undeclared-selector -Wno-deprecated-implementations -Wno-implicit-fallthrough -fstrict-aliasing -Wprotocol -Wdeprecated-declarations -Wno-sign-conversion -Wno-infinite-recursion -Wno-comma -Wno-block-capture-autoreleasing -Wno-strict-prototypes -Wno-semicolon-before-method-body -index-store-path /Users/hectorgarcia/Library/Developer/Xcode/DerivedData/Lyo-eagkiegzrakogpczynhkaholsscs/Index.noindex/DataStore @/Users/hectorgarcia/Library/Developer/Xcode/DerivedData/Build/Intermediates.noindex/GoogleDataTransport.build/Debug-iphonesimulator/GoogleDataTransport.build/Objects-normal/x86_64/e6072d4f65d7061329687fe24e3d63a7-common-args.resp -include /Users/hectorgarcia/Library/Developer/Xcode/DerivedData/Build/Intermediates.noindex/GoogleDataTransport.build/Debug-iphonesimulator/GoogleDataTransport.build/DerivedSources/resource_bundle_accessor.h -MMD -MT dependencies -MF /Users/hectorgarcia/Library/Developer/Xcode/DerivedData/Build/Intermediates.noindex/GoogleDataTransport.build/Debug-iphonesimulator/GoogleDataTransport.build/Objects-normal/x86_64/GDTCOREndpoints.d --serialize-diagnostics /Users/hectorgarcia/Library/Developer/Xcode/DerivedData/Build/Intermediates.noindex/GoogleDataTransport.build/Debug-iphonesimulator/GoogleDataTransport.build/Objects-normal/x86_64/GDTCOREndpoints.dia -c /Users/hectorgarcia/Library/Developer/Xcode/DerivedData/Lyo-eagkiegzrakogpczynhkaholsscs/SourcePackages/checkouts/GoogleDataTransport/GoogleDataTransport/GDTCORLibrary/GDTCOREndpoints.m -o /Users/hectorgarcia/Library/Developer/Xcode/DerivedData/Build/Intermediates.noindex/GoogleDataTransport.build/Debug-iphonesimulator/GoogleDataTransport.build/Objects-normal/x86_64/GDTCOREndpoints.o -index-unit-output-path /GoogleDataTransport.build/Debug-iphonesimulator/GoogleDataTransport.build/Objects-normal/x86_64/GDTCOREndpoints.o

CompileC /Users/hectorgarcia/Library/Developer/Xcode/DerivedData/Build/Intermediates.noindex/GoogleDataTransport.build/Debug-iphonesimulator/GoogleDataTransport.build/Objects-normal/x86_64/GDTCORConsoleLogger.o /Users/hectorgarcia/Library/Developer/Xcode/DerivedData/Lyo-eagkiegzrakogpczynhkaholsscs/SourcePackages/checkouts/GoogleDataTransport/GoogleDataTransport/GDTCORLibrary/GDTCORConsoleLogger.m normal x86_64 objective-c com.apple.compilers.llvm.clang.1_0.compiler (in target 'GoogleDataTransport' from project 'GoogleDataTransport')
    cd /Users/hectorgarcia/LYO_Da_ONE/Lyo.xcodeproj
    
    Using response file: /Users/hectorgarcia/Library/Developer/Xcode/DerivedData/Build/Intermediates.noindex/GoogleDataTransport.build/Debug-iphonesimulator/GoogleDataTransport.build/Objects-normal/x86_64/e6072d4f65d7061329687fe24e3d63a7-common-args.resp
    
    /Users/hectorgarcia/Downloads/Xcode.app/Contents/Developer/Toolchains/XcodeDefault.xctoolchain/usr/bin/clang -x objective-c -ivfsstatcache /Users/hectorgarcia/Library/Developer/Xcode/DerivedData/SDKStatCaches.noindex/iphonesimulator26.2-23C53-823d3e8b6e60bc2018c189d3ca05ba9b.sdkstatcache -fmessage-length\=0 -fdiagnostics-show-note-include-stack -fmacro-backtrace-limit\=0 -fno-color-diagnostics -fmodules-prune-interval\=86400 -fmodules-prune-after\=345600 -fbuild-session-file\=/Users/hectorgarcia/Library/Developer/Xcode/DerivedData/ModuleCache.noindex/Session.modulevalidation -fmodules-validate-once-per-build-session -Wnon-modular-include-in-framework-module -Werror\=non-modular-include-in-framework-module -Wno-trigraphs -Wno-missing-field-initializers -Wno-missing-prototypes -Wno-return-type -Wno-implicit-atomic-properties -Wno-objc-interface-ivars -Wno-arc-repeated-use-of-weak -Wno-missing-braces -Wparentheses -Wswitch -Wno-unused-function -Wno-unused-label -Wno-unused-parameter -Wno-unused-variable -Wunused-value -Wno-empty-body -Wno-uninitialized -Wno-unknown-pragmas -w -Wno-shadow -Wno-four-char-constants -Wno-conversion -Wno-constant-conversion -Wno-int-conversion -Wno-bool-conversion -Wno-enum-conversion -Wno-float-conversion -Wno-non-literal-null-conversion -Wno-objc-literal-conversion -Wshorten-64-to-32 -Wpointer-sign -Wno-newline-eof -Wno-selector -Wno-strict-selector-match -Wno-undeclared-selector -Wno-deprecated-implementations -Wno-implicit-fallthrough -fstrict-aliasing -Wprotocol -Wdeprecated-declarations -Wno-sign-conversion -Wno-infinite-recursion -Wno-comma -Wno-block-capture-autoreleasing -Wno-strict-prototypes -Wno-semicolon-before-method-body -index-store-path /Users/hectorgarcia/Library/Developer/Xcode/DerivedData/Lyo-eagkiegzrakogpczynhkaholsscs/Index.noindex/DataStore @/Users/hectorgarcia/Library/Developer/Xcode/DerivedData/Build/Intermediates.noindex/GoogleDataTransport.build/Debug-iphonesimulator/GoogleDataTransport.build/Objects-normal/x86_64/e6072d4f65d7061329687fe24e3d63a7-common-args.resp -include /Users/hectorgarcia/Library/Developer/Xcode/DerivedData/Build/Intermediates.noindex/GoogleDataTransport.build/Debug-iphonesimulator/GoogleDataTransport.build/DerivedSources/resource_bundle_accessor.h -MMD -MT dependencies -MF /Users/hectorgarcia/Library/Developer/Xcode/DerivedData/Build/Intermediates.noindex/GoogleDataTransport.build/Debug-iphonesimulator/GoogleDataTransport.build/Objects-normal/x86_64/GDTCORConsoleLogger.d --serialize-diagnostics /Users/hectorgarcia/Library/Developer/Xcode/DerivedData/Build/Intermediates.noindex/GoogleDataTransport.build/Debug-iphonesimulator/GoogleDataTransport.build/Objects-normal/x86_64/GDTCORConsoleLogger.dia -c /Users/hectorgarcia/Library/Developer/Xcode/DerivedData/Lyo-eagkiegzrakogpczynhkaholsscs/SourcePackages/checkouts/GoogleDataTransport/GoogleDataTransport/GDTCORLibrary/GDTCORConsoleLogger.m -o /Users/hectorgarcia/Library/Developer/Xcode/DerivedData/Build/Intermediates.noindex/GoogleDataTransport.build/Debug-iphonesimulator/GoogleDataTransport.build/Objects-normal/x86_64/GDTCORConsoleLogger.o -index-unit-output-path /GoogleDataTransport.build/Debug-iphonesimulator/GoogleDataTransport.build/Objects-normal/x86_64/GDTCORConsoleLogger.o

CompileC /Users/hectorgarcia/Library/Developer/Xcode/DerivedData/Build/Intermediates.noindex/GoogleDataTransport.build/Debug-iphonesimulator/GoogleDataTransport.build/Objects-normal/x86_64/GDTCORClock.o /Users/hectorgarcia/Library/Developer/Xcode/DerivedData/Lyo-eagkiegzrakogpczynhkaholsscs/SourcePackages/checkouts/GoogleDataTransport/GoogleDataTransport/GDTCORLibrary/GDTCORClock.m normal x86_64 objective-c com.apple.compilers.llvm.clang.1_0.compiler (in target 'GoogleDataTransport' from project 'GoogleDataTransport')
    cd /Users/hectorgarcia/LYO_Da_ONE/Lyo.xcodeproj
    
    Using response file: /Users/hectorgarcia/Library/Developer/Xcode/DerivedData/Build/Intermediates.noindex/GoogleDataTransport.build/Debug-iphonesimulator/GoogleDataTransport.build/Objects-normal/x86_64/e6072d4f65d7061329687fe24e3d63a7-common-args.resp
    
    /Users/hectorgarcia/Downloads/Xcode.app/Contents/Developer/Toolchains/XcodeDefault.xctoolchain/usr/bin/clang -x objective-c -ivfsstatcache /Users/hectorgarcia/Library/Developer/Xcode/DerivedData/SDKStatCaches.noindex/iphonesimulator26.2-23C53-823d3e8b6e60bc2018c189d3ca05ba9b.sdkstatcache -fmessage-length\=0 -fdiagnostics-show-note-include-stack -fmacro-backtrace-limit\=0 -fno-color-diagnostics -fmodules-prune-interval\=86400 -fmodules-prune-after\=345600 -fbuild-session-file\=/Users/hectorgarcia/Library/Developer/Xcode/DerivedData/ModuleCache.noindex/Session.modulevalidation -fmodules-validate-once-per-build-session -Wnon-modular-include-in-framework-module -Werror\=non-modular-include-in-framework-module -Wno-trigraphs -Wno-missing-field-initializers -Wno-missing-prototypes -Wno-return-type -Wno-implicit-atomic-properties -Wno-objc-interface-ivars -Wno-arc-repeated-use-of-weak -Wno-missing-braces -Wparentheses -Wswitch -Wno-unused-function -Wno-unused-label -Wno-unused-parameter -Wno-unused-variable -Wunused-value -Wno-empty-body -Wno-uninitialized -Wno-unknown-pragmas -w -Wno-shadow -Wno-four-char-constants -Wno-conversion -Wno-constant-conversion -Wno-int-conversion -Wno-bool-conversion -Wno-enum-conversion -Wno-float-conversion -Wno-non-literal-null-conversion -Wno-objc-literal-conversion -Wshorten-64-to-32 -Wpointer-sign -Wno-newline-eof -Wno-selector -Wno-strict-selector-match -Wno-undeclared-selector -Wno-deprecated-implementations -Wno-implicit-fallthrough -fstrict-aliasing -Wprotocol -Wdeprecated-declarations -Wno-sign-conversion -Wno-infinite-recursion -Wno-comma -Wno-block-capture-autoreleasing -Wno-strict-prototypes -Wno-semicolon-before-method-body -index-store-path /Users/hectorgarcia/Library/Developer/Xcode/DerivedData/Lyo-eagkiegzrakogpczynhkaholsscs/Index.noindex/DataStore @/Users/hectorgarcia/Library/Developer/Xcode/DerivedData/Build/Intermediates.noindex/GoogleDataTransport.build/Debug-iphonesimulator/GoogleDataTransport.build/Objects-normal/x86_64/e6072d4f65d7061329687fe24e3d63a7-common-args.resp -include /Users/hectorgarcia/Library/Developer/Xcode/DerivedData/Build/Intermediates.noindex/GoogleDataTransport.build/Debug-iphonesimulator/GoogleDataTransport.build/DerivedSources/resource_bundle_accessor.h -MMD -MT dependencies -MF /Users/hectorgarcia/Library/Developer/Xcode/DerivedData/Build/Intermediates.noindex/GoogleDataTransport.build/Debug-iphonesimulator/GoogleDataTransport.build/Objects-normal/x86_64/GDTCORClock.d --serialize-diagnostics /Users/hectorgarcia/Library/Developer/Xcode/DerivedData/Build/Intermediates.noindex/GoogleDataTransport.build/Debug-iphonesimulator/GoogleDataTransport.build/Objects-normal/x86_64/GDTCORClock.dia -c /Users/hectorgarcia/Library/Developer/Xcode/DerivedData/Lyo-eagkiegzrakogpczynhkaholsscs/SourcePackages/checkouts/GoogleDataTransport/GoogleDataTransport/GDTCORLibrary/GDTCORClock.m -o /Users/hectorgarcia/Library/Developer/Xcode/DerivedData/Build/Intermediates.noindex/GoogleDataTransport.build/Debug-iphonesimulator/GoogleDataTransport.build/Objects-normal/x86_64/GDTCORClock.o -index-unit-output-path /GoogleDataTransport.build/Debug-iphonesimulator/GoogleDataTransport.build/Objects-normal/x86_64/GDTCORClock.o

CompileC /Users/hectorgarcia/Library/Developer/Xcode/DerivedData/Build/Intermediates.noindex/GoogleDataTransport.build/Debug-iphonesimulator/GoogleDataTransport.build/Objects-normal/x86_64/GDTCORAssert.o /Users/hectorgarcia/Library/Developer/Xcode/DerivedData/Lyo-eagkiegzrakogpczynhkaholsscs/SourcePackages/checkouts/GoogleDataTransport/GoogleDataTransport/GDTCORLibrary/GDTCORAssert.m normal x86_64 objective-c com.apple.compilers.llvm.clang.1_0.compiler (in target 'GoogleDataTransport' from project 'GoogleDataTransport')
    cd /Users/hectorgarcia/LYO_Da_ONE/Lyo.xcodeproj
    
    Using response file: /Users/hectorgarcia/Library/Developer/Xcode/DerivedData/Build/Intermediates.noindex/GoogleDataTransport.build/Debug-iphonesimulator/GoogleDataTransport.build/Objects-normal/x86_64/e6072d4f65d7061329687fe24e3d63a7-common-args.resp
    
    /Users/hectorgarcia/Downloads/Xcode.app/Contents/Developer/Toolchains/XcodeDefault.xctoolchain/usr/bin/clang -x objective-c -ivfsstatcache /Users/hectorgarcia/Library/Developer/Xcode/DerivedData/SDKStatCaches.noindex/iphonesimulator26.2-23C53-823d3e8b6e60bc2018c189d3ca05ba9b.sdkstatcache -fmessage-length\=0 -fdiagnostics-show-note-include-stack -fmacro-backtrace-limit\=0 -fno-color-diagnostics -fmodules-prune-interval\=86400 -fmodules-prune-after\=345600 -fbuild-session-file\=/Users/hectorgarcia/Library/Developer/Xcode/DerivedData/ModuleCache.noindex/Session.modulevalidation -fmodules-validate-once-per-build-session -Wnon-modular-include-in-framework-module -Werror\=non-modular-include-in-framework-module -Wno-trigraphs -Wno-missing-field-initializers -Wno-missing-prototypes -Wno-return-type -Wno-implicit-atomic-properties -Wno-objc-interface-ivars -Wno-arc-repeated-use-of-weak -Wno-missing-braces -Wparentheses -Wswitch -Wno-unused-function -Wno-unused-label -Wno-unused-parameter -Wno-unused-variable -Wunused-value -Wno-empty-body -Wno-uninitialized -Wno-unknown-pragmas -w -Wno-shadow -Wno-four-char-constants -Wno-conversion -Wno-constant-conversion -Wno-int-conversion -Wno-bool-conversion -Wno-enum-conversion -Wno-float-conversion -Wno-non-literal-null-conversion -Wno-objc-literal-conversion -Wshorten-64-to-32 -Wpointer-sign -Wno-newline-eof -Wno-selector -Wno-strict-selector-match -Wno-undeclared-selector -Wno-deprecated-implementations -Wno-implicit-fallthrough -fstrict-aliasing -Wprotocol -Wdeprecated-declarations -Wno-sign-conversion -Wno-infinite-recursion -Wno-comma -Wno-block-capture-autoreleasing -Wno-strict-prototypes -Wno-semicolon-before-method-body -index-store-path /Users/hectorgarcia/Library/Developer/Xcode/DerivedData/Lyo-eagkiegzrakogpczynhkaholsscs/Index.noindex/DataStore @/Users/hectorgarcia/Library/Developer/Xcode/DerivedData/Build/Intermediates.noindex/GoogleDataTransport.build/Debug-iphonesimulator/GoogleDataTransport.build/Objects-normal/x86_64/e6072d4f65d7061329687fe24e3d63a7-common-args.resp -include /Users/hectorgarcia/Library/Developer/Xcode/DerivedData/Build/Intermediates.noindex/GoogleDataTransport.build/Debug-iphonesimulator/GoogleDataTransport.build/DerivedSources/resource_bundle_accessor.h -MMD -MT dependencies -MF /Users/hectorgarcia/Library/Developer/Xcode/DerivedData/Build/Intermediates.noindex/GoogleDataTransport.build/Debug-iphonesimulator/GoogleDataTransport.build/Objects-normal/x86_64/GDTCORAssert.d --serialize-diagnostics /Users/hectorgarcia/Library/Developer/Xcode/DerivedData/Build/Intermediates.noindex/GoogleDataTransport.build/Debug-iphonesimulator/GoogleDataTransport.build/Objects-normal/x86_64/GDTCORAssert.dia -c /Users/hectorgarcia/Library/Developer/Xcode/DerivedData/Lyo-eagkiegzrakogpczynhkaholsscs/SourcePackages/checkouts/GoogleDataTransport/GoogleDataTransport/GDTCORLibrary/GDTCORAssert.m -o /Users/hectorgarcia/Library/Developer/Xcode/DerivedData/Build/Intermediates.noindex/GoogleDataTransport.build/Debug-iphonesimulator/GoogleDataTransport.build/Objects-normal/x86_64/GDTCORAssert.o -index-unit-output-path /GoogleDataTransport.build/Debug-iphonesimulator/GoogleDataTransport.build/Objects-normal/x86_64/GDTCORAssert.o

CompileC /Users/hectorgarcia/Library/Developer/Xcode/DerivedData/Build/Intermediates.noindex/GoogleDataTransport.build/Debug-iphonesimulator/GoogleDataTransport.build/Objects-normal/x86_64/GDTCCTCompressionHelper.o /Users/hectorgarcia/Library/Developer/Xcode/DerivedData/Lyo-eagkiegzrakogpczynhkaholsscs/SourcePackages/checkouts/GoogleDataTransport/GoogleDataTransport/GDTCCTLibrary/GDTCCTCompressionHelper.m normal x86_64 objective-c com.apple.compilers.llvm.clang.1_0.compiler (in target 'GoogleDataTransport' from project 'GoogleDataTransport')
    cd /Users/hectorgarcia/LYO_Da_ONE/Lyo.xcodeproj
    
    Using response file: /Users/hectorgarcia/Library/Developer/Xcode/DerivedData/Build/Intermediates.noindex/GoogleDataTransport.build/Debug-iphonesimulator/GoogleDataTransport.build/Objects-normal/x86_64/e6072d4f65d7061329687fe24e3d63a7-common-args.resp
    
    /Users/hectorgarcia/Downloads/Xcode.app/Contents/Developer/Toolchains/XcodeDefault.xctoolchain/usr/bin/clang -x objective-c -ivfsstatcache /Users/hectorgarcia/Library/Developer/Xcode/DerivedData/SDKStatCaches.noindex/iphonesimulator26.2-23C53-823d3e8b6e60bc2018c189d3ca05ba9b.sdkstatcache -fmessage-length\=0 -fdiagnostics-show-note-include-stack -fmacro-backtrace-limit\=0 -fno-color-diagnostics -fmodules-prune-interval\=86400 -fmodules-prune-after\=345600 -fbuild-session-file\=/Users/hectorgarcia/Library/Developer/Xcode/DerivedData/ModuleCache.noindex/Session.modulevalidation -fmodules-validate-once-per-build-session -Wnon-modular-include-in-framework-module -Werror\=non-modular-include-in-framework-module -Wno-trigraphs -Wno-missing-field-initializers -Wno-missing-prototypes -Wno-return-type -Wno-implicit-atomic-properties -Wno-objc-interface-ivars -Wno-arc-repeated-use-of-weak -Wno-missing-braces -Wparentheses -Wswitch -Wno-unused-function -Wno-unused-label -Wno-unused-parameter -Wno-unused-variable -Wunused-value -Wno-empty-body -Wno-uninitialized -Wno-unknown-pragmas -w -Wno-shadow -Wno-four-char-constants -Wno-conversion -Wno-constant-conversion -Wno-int-conversion -Wno-bool-conversion -Wno-enum-conversion -Wno-float-conversion -Wno-non-literal-null-conversion -Wno-objc-literal-conversion -Wshorten-64-to-32 -Wpointer-sign -Wno-newline-eof -Wno-selector -Wno-strict-selector-match -Wno-undeclared-selector -Wno-deprecated-implementations -Wno-implicit-fallthrough -fstrict-aliasing -Wprotocol -Wdeprecated-declarations -Wno-sign-conversion -Wno-infinite-recursion -Wno-comma -Wno-block-capture-autoreleasing -Wno-strict-prototypes -Wno-semicolon-before-method-body -index-store-path /Users/hectorgarcia/Library/Developer/Xcode/DerivedData/Lyo-eagkiegzrakogpczynhkaholsscs/Index.noindex/DataStore @/Users/hectorgarcia/Library/Developer/Xcode/DerivedData/Build/Intermediates.noindex/GoogleDataTransport.build/Debug-iphonesimulator/GoogleDataTransport.build/Objects-normal/x86_64/e6072d4f65d7061329687fe24e3d63a7-common-args.resp -include /Users/hectorgarcia/Library/Developer/Xcode/DerivedData/Build/Intermediates.noindex/GoogleDataTransport.build/Debug-iphonesimulator/GoogleDataTransport.build/DerivedSources/resource_bundle_accessor.h -MMD -MT dependencies -MF /Users/hectorgarcia/Library/Developer/Xcode/DerivedData/Build/Intermediates.noindex/GoogleDataTransport.build/Debug-iphonesimulator/GoogleDataTransport.build/Objects-normal/x86_64/GDTCCTCompressionHelper.d --serialize-diagnostics /Users/hectorgarcia/Library/Developer/Xcode/DerivedData/Build/Intermediates.noindex/GoogleDataTransport.build/Debug-iphonesimulator/GoogleDataTransport.build/Objects-normal/x86_64/GDTCCTCompressionHelper.dia -c /Users/hectorgarcia/Library/Developer/Xcode/DerivedData/Lyo-eagkiegzrakogpczynhkaholsscs/SourcePackages/checkouts/GoogleDataTransport/GoogleDataTransport/GDTCCTLibrary/GDTCCTCompressionHelper.m -o /Users/hectorgarcia/Library/Developer/Xcode/DerivedData/Build/Intermediates.noindex/GoogleDataTransport.build/Debug-iphonesimulator/GoogleDataTransport.build/Objects-normal/x86_64/GDTCCTCompressionHelper.o -index-unit-output-path /GoogleDataTransport.build/Debug-iphonesimulator/GoogleDataTransport.build/Objects-normal/x86_64/GDTCCTCompressionHelper.o

PrecompileModule /Users/hectorgarcia/Library/Developer/Xcode/DerivedData/Build/Intermediates.noindex/ExplicitPrecompiledModules/Symbols-7TQMCUDD1W2KDXFI6FSZNVQXG.scan
    cd /
    builtin-precompileModule /Users/hectorgarcia/Library/Developer/Xcode/DerivedData/Build/Intermediates.noindex/ExplicitPrecompiledModules/Symbols-7TQMCUDD1W2KDXFI6FSZNVQXG.scan

PrecompileModule /Users/hectorgarcia/Library/Developer/Xcode/DerivedData/Build/Intermediates.noindex/ExplicitPrecompiledModules/FileProvider-6S49L834IGSMT5WVXPQYJ6SGX.scan
    cd /
    builtin-precompileModule /Users/hectorgarcia/Library/Developer/Xcode/DerivedData/Build/Intermediates.noindex/ExplicitPrecompiledModules/FileProvider-6S49L834IGSMT5WVXPQYJ6SGX.scan

PrecompileModule /Users/hectorgarcia/Library/Developer/Xcode/DerivedData/Build/Intermediates.noindex/ExplicitPrecompiledModules/GoogleUtilities_Environment-4FKDIOT98SZSZ5OV2TWSLY2SX.scan
    cd /
    builtin-precompileModule /Users/hectorgarcia/Library/Developer/Xcode/DerivedData/Build/Intermediates.noindex/ExplicitPrecompiledModules/GoogleUtilities_Environment-4FKDIOT98SZSZ5OV2TWSLY2SX.scan

PrecompileModule /Users/hectorgarcia/Library/Developer/Xcode/DerivedData/Build/Intermediates.noindex/ExplicitPrecompiledModules/UIUtilities-BYUB80EETK32ZLIF3WG66UIKC.scan
    cd /
    builtin-precompileModule /Users/hectorgarcia/Library/Developer/Xcode/DerivedData/Build/Intermediates.noindex/ExplicitPrecompiledModules/UIUtilities-BYUB80EETK32ZLIF3WG66UIKC.scan

PrecompileModule /Users/hectorgarcia/Library/Developer/Xcode/DerivedData/Build/Intermediates.noindex/ExplicitPrecompiledModules/UserNotifications-4526FVLYDPZNBJJ766EQFY09R.scan
    cd /
    builtin-precompileModule /Users/hectorgarcia/Library/Developer/Xcode/DerivedData/Build/Intermediates.noindex/ExplicitPrecompiledModules/UserNotifications-4526FVLYDPZNBJJ766EQFY09R.scan

PrecompileModule /Users/hectorgarcia/Library/Developer/Xcode/DerivedData/Build/Intermediates.noindex/ExplicitPrecompiledModules/CoreVideo-2AP3G8WGBPX4L3J2P3H3F5DE3.scan
    cd /
    builtin-precompileModule /Users/hectorgarcia/Library/Developer/Xcode/DerivedData/Build/Intermediates.noindex/ExplicitPrecompiledModules/CoreVideo-2AP3G8WGBPX4L3J2P3H3F5DE3.scan

PrecompileModule /Users/hectorgarcia/Library/Developer/Xcode/DerivedData/Build/Intermediates.noindex/ExplicitPrecompiledModules/OpenGLES-12JG6FF3C14OPK7WF2F411B08.scan
    cd /
    builtin-precompileModule /Users/hectorgarcia/Library/Developer/Xcode/DerivedData/Build/Intermediates.noindex/ExplicitPrecompiledModules/OpenGLES-12JG6FF3C14OPK7WF2F411B08.scan

PrecompileModule /Users/hectorgarcia/Library/Developer/Xcode/DerivedData/Build/Intermediates.noindex/ExplicitPrecompiledModules/CoreTelephony-CCUSEPPDYXNNDR1HOQO1DDMUL.scan
    cd /
    builtin-precompileModule /Users/hectorgarcia/Library/Developer/Xcode/DerivedData/Build/Intermediates.noindex/ExplicitPrecompiledModules/CoreTelephony-CCUSEPPDYXNNDR1HOQO1DDMUL.scan

PrecompileModule /Users/hectorgarcia/Library/Developer/Xcode/DerivedData/Build/Intermediates.noindex/ExplicitPrecompiledModules/FBLPromises-9KI3JRE1G39MSZ0WOVKGIMTPS.scan
    cd /
    builtin-precompileModule /Users/hectorgarcia/Library/Developer/Xcode/DerivedData/Build/Intermediates.noindex/ExplicitPrecompiledModules/FBLPromises-9KI3JRE1G39MSZ0WOVKGIMTPS.scan

PrecompileModule /Users/hectorgarcia/Library/Developer/Xcode/DerivedData/Build/Intermediates.noindex/ExplicitPrecompiledModules/IOSurface-2JQ2VKI7LZOCCZC6V22D6T3X.scan
    cd /
    builtin-precompileModule /Users/hectorgarcia/Library/Developer/Xcode/DerivedData/Build/Intermediates.noindex/ExplicitPrecompiledModules/IOSurface-2JQ2VKI7LZOCCZC6V22D6T3X.scan

SwiftCompile normal x86_64 Compiling\ KeychainHelper.swift /Users/hectorgarcia/Library/Developer/Xcode/DerivedData/Lyo-eagkiegzrakogpczynhkaholsscs/SourcePackages/checkouts/GTMAppAuth/GTMAppAuth/Sources/KeychainStore/KeychainHelper.swift (in target 'GTMAppAuth' from project 'GTMAppAuth')
SwiftCompile normal x86_64 /Users/hectorgarcia/Library/Developer/Xcode/DerivedData/Lyo-eagkiegzrakogpczynhkaholsscs/SourcePackages/checkouts/GTMAppAuth/GTMAppAuth/Sources/KeychainStore/KeychainHelper.swift (in target 'GTMAppAuth' from project 'GTMAppAuth')
    cd /Users/hectorgarcia/LYO_Da_ONE/Lyo.xcodeproj
    

SwiftCompile normal x86_64 Compiling\ KeychainAttribute.swift /Users/hectorgarcia/Library/Developer/Xcode/DerivedData/Lyo-eagkiegzrakogpczynhkaholsscs/SourcePackages/checkouts/GTMAppAuth/GTMAppAuth/Sources/KeychainStore/KeychainAttribute.swift (in target 'GTMAppAuth' from project 'GTMAppAuth')

SwiftCompile normal x86_64 /Users/hectorgarcia/Library/Developer/Xcode/DerivedData/Lyo-eagkiegzrakogpczynhkaholsscs/SourcePackages/checkouts/GTMAppAuth/GTMAppAuth/Sources/KeychainStore/KeychainAttribute.swift (in target 'GTMAppAuth' from project 'GTMAppAuth')
    cd /Users/hectorgarcia/LYO_Da_ONE/Lyo.xcodeproj
    

PrecompileModule /Users/hectorgarcia/Library/Developer/Xcode/DerivedData/Build/Intermediates.noindex/ExplicitPrecompiledModules/QuartzCore-1S3AJUGNQ5WV0BQIUBYTUUK31.scan
    cd /
    builtin-precompileModule /Users/hectorgarcia/Library/Developer/Xcode/DerivedData/Build/Intermediates.noindex/ExplicitPrecompiledModules/QuartzCore-1S3AJUGNQ5WV0BQIUBYTUUK31.scan

PrecompileModule /Users/hectorgarcia/Library/Developer/Xcode/DerivedData/Build/Intermediates.noindex/ExplicitPrecompiledModules/CoreImage-2TCA55FZ9QXD2S7YD4PCY14NT.scan
    cd /
    builtin-precompileModule /Users/hectorgarcia/Library/Developer/Xcode/DerivedData/Build/Intermediates.noindex/ExplicitPrecompiledModules/CoreImage-2TCA55FZ9QXD2S7YD4PCY14NT.scan

PrecompileModule /Users/hectorgarcia/Library/Developer/Xcode/DerivedData/Build/Intermediates.noindex/ExplicitPrecompiledModules/Metal-LPIB5ZUY9B3QF10EQCIT1H9U.scan
    cd /
    builtin-precompileModule /Users/hectorgarcia/Library/Developer/Xcode/DerivedData/Build/Intermediates.noindex/ExplicitPrecompiledModules/Metal-LPIB5ZUY9B3QF10EQCIT1H9U.scan

SwiftCompile normal x86_64 Compiling\ resource_bundle_accessor.swift /Users/hectorgarcia/Library/Developer/Xcode/DerivedData/Build/Intermediates.noindex/GTMAppAuth.build/Debug-iphonesimulator/GTMAppAuth.build/DerivedSources/resource_bundle_accessor.swift (in target 'GTMAppAuth' from project 'GTMAppAuth')

SwiftCompile normal x86_64 /Users/hectorgarcia/Library/Developer/Xcode/DerivedData/Build/Intermediates.noindex/GTMAppAuth.build/Debug-iphonesimulator/GTMAppAuth.build/DerivedSources/resource_bundle_accessor.swift (in target 'GTMAppAuth' from project 'GTMAppAuth')
    cd /Users/hectorgarcia/LYO_Da_ONE/Lyo.xcodeproj
    

SwiftCompile normal x86_64 Compiling\ GTMOAuth2Compatibility.swift /Users/hectorgarcia/Library/Developer/Xcode/DerivedData/Lyo-eagkiegzrakogpczynhkaholsscs/SourcePackages/checkouts/GTMAppAuth/GTMAppAuth/Sources/KeychainStore/GTMOAuth2Compatibility.swift (in target 'GTMAppAuth' from project 'GTMAppAuth')
SwiftCompile normal x86_64 /Users/hectorgarcia/Library/Developer/Xcode/DerivedData/Lyo-eagkiegzrakogpczynhkaholsscs/SourcePackages/checkouts/GTMAppAuth/GTMAppAuth/Sources/KeychainStore/GTMOAuth2Compatibility.swift (in target 'GTMAppAuth' from project 'GTMAppAuth')
    cd /Users/hectorgarcia/LYO_Da_ONE/Lyo.xcodeproj
    

SwiftDriverJobDiscovery normal x86_64 Emitting module for FirebaseCoreInternal (in target 'FirebaseCoreInternal' from project 'Firebase')

SwiftDriver\ Compilation\ Requirements FirebaseCoreInternal normal x86_64 com.apple.xcode.tools.swift.compiler (in target 'FirebaseCoreInternal' from project 'Firebase')
    cd /Users/hectorgarcia/LYO_Da_ONE/Lyo.xcodeproj
    builtin-Swift-Compilation-Requirements -- /Users/hectorgarcia/Downloads/Xcode.app/Contents/Developer/Toolchains/XcodeDefault.xctoolchain/usr/bin/swiftc -module-name FirebaseCoreInternal -Onone -enforce-exclusivity\=checked @/Users/hectorgarcia/Library/Developer/Xcode/DerivedData/Build/Intermediates.noindex/Firebase.build/Debug-iphonesimulator/FirebaseCoreInternal.build/Objects-normal/x86_64/FirebaseCoreInternal.SwiftFileList -DSWIFT_PACKAGE -DDEBUG -DSWIFT_MODULE_RESOURCE_BUNDLE_AVAILABLE -Xcc -fmodule-map-file\=/Users/hectorgarcia/Library/Developer/Xcode/DerivedData/Build/Intermediates.noindex/GeneratedModuleMaps-iphonesimulator/GoogleUtilities-NSData.modulemap -DXcode -plugin-path /Users/hectorgarcia/Downloads/Xcode.app/Contents/Developer/Toolchains/XcodeDefault.xctoolchain/usr/lib/swift/host/plugins/testing -enable-experimental-feature DebugDescriptionMacro -sdk /Users/hectorgarcia/Downloads/Xcode.app/Contents/Developer/Platforms/iPhoneSimulator.platform/Developer/SDKs/iPhoneSimulator26.2.sdk -target x86_64-apple-ios12.0-simulator -g -module-cache-path /Users/hectorgarcia/Library/Developer/Xcode/DerivedData/ModuleCache.noindex -Xfrontend -serialize-debugging-options -enable-testing -suppress-warnings -index-store-path /Users/hectorgarcia/Library/Developer/Xcode/DerivedData/Lyo-eagkiegzrakogpczynhkaholsscs/Index.noindex/DataStore -Xcc -D_LIBCPP_HARDENING_MODE\=_LIBCPP_HARDENING_MODE_DEBUG -swift-version 5 -I /Users/hectorgarcia/Library/Developer/Xcode/DerivedData/Build/Products/Debug-iphonesimulator -Isystem /Users/hectorgarcia/Downloads/Xcode.app/Contents/Developer/Platforms/iPhoneSimulator.platform/Developer/usr/lib -F /Users/hectorgarcia/Library/Developer/Xcode/DerivedData/Build/Products/Debug-iphonesimulator/PackageFrameworks -F /Users/hectorgarcia/Library/Developer/Xcode/DerivedData/Build/Products/Debug-iphonesimulator -F /Users/hectorgarcia/Downloads/Xcode.app/Contents/Developer/Platforms/iPhoneSimulator.platform/Developer/Library/Frameworks -F /Users/hectorgarcia/Downloads/Xcode.app/Contents/Developer/Platforms/iPhoneSimulator.platform/Developer/SDKs/iPhoneSimulator26.2.sdk/Developer/Library/Frameworks -c -j8 -enable-batch-mode -incremental -Xcc -ivfsstatcache -Xcc /Users/hectorgarcia/Library/Developer/Xcode/DerivedData/SDKStatCaches.noindex/iphonesimulator26.2-23C53-823d3e8b6e60bc2018c189d3ca05ba9b.sdkstatcache -output-file-map /Users/hectorgarcia/Library/Developer/Xcode/DerivedData/Build/Intermediates.noindex/Firebase.build/Debug-iphonesimulator/FirebaseCoreInternal.build/Objects-normal/x86_64/FirebaseCoreInternal-OutputFileMap.json -use-frontend-parseable-output -save-temps -no-color-diagnostics -explicit-module-build -module-cache-path /Users/hectorgarcia/Library/Developer/Xcode/DerivedData/Build/Intermediates.noindex/SwiftExplicitPrecompiledModules -clang-scanner-module-cache-path /Users/hectorgarcia/Library/Developer/Xcode/DerivedData/ModuleCache.noindex -sdk-module-cache-path /Users/hectorgarcia/Library/Developer/Xcode/DerivedData/ModuleCache.noindex -serialize-diagnostics -emit-dependencies -emit-module -emit-module-path /Users/hectorgarcia/Library/Developer/Xcode/DerivedData/Build/Intermediates.noindex/Firebase.build/Debug-iphonesimulator/FirebaseCoreInternal.build/Objects-normal/x86_64/FirebaseCoreInternal.swiftmodule -validate-clang-modules-once -clang-build-session-file /Users/hectorgarcia/Library/Developer/Xcode/DerivedData/ModuleCache.noindex/Session.modulevalidation -Xcc -I/Users/hectorgarcia/Library/Developer/Xcode/DerivedData/Build/Intermediates.noindex/Firebase.build/Debug-iphonesimulator/FirebaseCoreInternal.build/swift-overrides.hmap -emit-const-values -Xfrontend -const-gather-protocols-file -Xfrontend /Users/hectorgarcia/Library/Developer/Xcode/DerivedData/Build/Intermediates.noindex/Firebase.build/Debug-iphonesimulator/FirebaseCoreInternal.build/Objects-normal/x86_64/FirebaseCoreInternal_const_extract_protocols.json -Xcc -I/Users/hectorgarcia/Library/Developer/Xcode/DerivedData/Lyo-eagkiegzrakogpczynhkaholsscs/SourcePackages/checkouts/GoogleUtilities/GoogleUtilities/NSData+zlib/Public -Xcc -I/Users/hectorgarcia/Library/Developer/Xcode/DerivedData/Build/Products/Debug-iphonesimulator/include -Xcc -I/Users/hectorgarcia/Library/Developer/Xcode/DerivedData/Build/Intermediates.noindex/Firebase.build/Debug-iphonesimulator/FirebaseCoreInternal.build/DerivedSources-normal/x86_64 -Xcc -I/Users/hectorgarcia/Library/Developer/Xcode/DerivedData/Build/Intermediates.noindex/Firebase.build/Debug-iphonesimulator/FirebaseCoreInternal.build/DerivedSources/x86_64 -Xcc -I/Users/hectorgarcia/Library/Developer/Xcode/DerivedData/Build/Intermediates.noindex/Firebase.build/Debug-iphonesimulator/FirebaseCoreInternal.build/DerivedSources -Xcc -DSWIFT_PACKAGE -Xcc -DDEBUG\=1 -emit-objc-header -emit-objc-header-path /Users/hectorgarcia/Library/Developer/Xcode/DerivedData/Build/Intermediates.noindex/Firebase.build/Debug-iphonesimulator/FirebaseCoreInternal.build/Objects-normal/x86_64/FirebaseCoreInternal-Swift.h -working-directory /Users/hectorgarcia/LYO_Da_ONE/Lyo.xcodeproj -experimental-emit-module-separately -disable-cmo

PrecompileModule /Users/hectorgarcia/Library/Developer/Xcode/DerivedData/Build/Intermediates.noindex/ExplicitPrecompiledModules/ObjectiveC-8WMLWGFHHW08XXCMHXR1O20RV.scan
    cd /
    builtin-precompileModule /Users/hectorgarcia/Library/Developer/Xcode/DerivedData/Build/Intermediates.noindex/ExplicitPrecompiledModules/ObjectiveC-8WMLWGFHHW08XXCMHXR1O20RV.scan

SwiftMergeGeneratedHeaders /Users/hectorgarcia/Library/Developer/Xcode/DerivedData/Build/Intermediates.noindex/GeneratedModuleMaps-iphonesimulator/FirebaseCoreInternal-Swift.h /Users/hectorgarcia/Library/Developer/Xcode/DerivedData/Build/Intermediates.noindex/Firebase.build/Debug-iphonesimulator/FirebaseCoreInternal.build/Objects-normal/x86_64/FirebaseCoreInternal-Swift.h (in target 'FirebaseCoreInternal' from project 'Firebase')
    cd /Users/hectorgarcia/Library/Developer/Xcode/DerivedData/Lyo-eagkiegzrakogpczynhkaholsscs/SourcePackages/checkouts/firebase-ios-sdk
    builtin-swiftHeaderTool -arch x86_64 /Users/hectorgarcia/Library/Developer/Xcode/DerivedData/Build/Intermediates.noindex/Firebase.build/Debug-iphonesimulator/FirebaseCoreInternal.build/Objects-normal/x86_64/FirebaseCoreInternal-Swift.h -o /Users/hectorgarcia/Library/Developer/Xcode/DerivedData/Build/Intermediates.noindex/GeneratedModuleMaps-iphonesimulator/FirebaseCoreInternal-Swift.h

Copy /Users/hectorgarcia/Library/Developer/Xcode/DerivedData/Build/Products/Debug-iphonesimulator/FirebaseCoreInternal.swiftmodule/x86_64-apple-ios-simulator.swiftmodule /Users/hectorgarcia/Library/Developer/Xcode/DerivedData/Build/Intermediates.noindex/Firebase.build/Debug-iphonesimulator/FirebaseCoreInternal.build/Objects-normal/x86_64/FirebaseCoreInternal.swiftmodule (in target 'FirebaseCoreInternal' from project 'Firebase')
    cd /Users/hectorgarcia/Library/Developer/Xcode/DerivedData/Lyo-eagkiegzrakogpczynhkaholsscs/SourcePackages/checkouts/firebase-ios-sdk
    builtin-copy -exclude .DS_Store -exclude CVS -exclude .svn -exclude .git -exclude .hg -resolve-src-symlinks -rename /Users/hectorgarcia/Library/Developer/Xcode/DerivedData/Build/Intermediates.noindex/Firebase.build/Debug-iphonesimulator/FirebaseCoreInternal.build/Objects-normal/x86_64/FirebaseCoreInternal.swiftmodule /Users/hectorgarcia/Library/Developer/Xcode/DerivedData/Build/Products/Debug-iphonesimulator/FirebaseCoreInternal.swiftmodule/x86_64-apple-ios-simulator.swiftmodule

Copy /Users/hectorgarcia/Library/Developer/Xcode/DerivedData/Build/Products/Debug-iphonesimulator/FirebaseCoreInternal.swiftmodule/x86_64-apple-ios-simulator.swiftdoc /Users/hectorgarcia/Library/Developer/Xcode/DerivedData/Build/Intermediates.noindex/Firebase.build/Debug-iphonesimulator/FirebaseCoreInternal.build/Objects-normal/x86_64/FirebaseCoreInternal.swiftdoc (in target 'FirebaseCoreInternal' from project 'Firebase')
    cd /Users/hectorgarcia/Library/Developer/Xcode/DerivedData/Lyo-eagkiegzrakogpczynhkaholsscs/SourcePackages/checkouts/firebase-ios-sdk
    builtin-copy -exclude .DS_Store -exclude CVS -exclude .svn -exclude .git -exclude .hg -resolve-src-symlinks -rename /Users/hectorgarcia/Library/Developer/Xcode/DerivedData/Build/Intermediates.noindex/Firebase.build/Debug-iphonesimulator/FirebaseCoreInternal.build/Objects-normal/x86_64/FirebaseCoreInternal.swiftdoc /Users/hectorgarcia/Library/Developer/Xcode/DerivedData/Build/Products/Debug-iphonesimulator/FirebaseCoreInternal.swiftmodule/x86_64-apple-ios-simulator.swiftdoc

Copy /Users/hectorgarcia/Library/Developer/Xcode/DerivedData/Build/Products/Debug-iphonesimulator/FirebaseCoreInternal.swiftmodule/x86_64-apple-ios-simulator.abi.json /Users/hectorgarcia/Library/Developer/Xcode/DerivedData/Build/Intermediates.noindex/Firebase.build/Debug-iphonesimulator/FirebaseCoreInternal.build/Objects-normal/x86_64/FirebaseCoreInternal.abi.json (in target 'FirebaseCoreInternal' from project 'Firebase')
    cd /Users/hectorgarcia/Library/Developer/Xcode/DerivedData/Lyo-eagkiegzrakogpczynhkaholsscs/SourcePackages/checkouts/firebase-ios-sdk
    builtin-copy -exclude .DS_Store -exclude CVS -exclude .svn -exclude .git -exclude .hg -resolve-src-symlinks -rename /Users/hectorgarcia/Library/Developer/Xcode/DerivedData/Build/Intermediates.noindex/Firebase.build/Debug-iphonesimulator/FirebaseCoreInternal.build/Objects-normal/x86_64/FirebaseCoreInternal.abi.json /Users/hectorgarcia/Library/Developer/Xcode/DerivedData/Build/Products/Debug-iphonesimulator/FirebaseCoreInternal.swiftmodule/x86_64-apple-ios-simulator.abi.json

Copy /Users/hectorgarcia/Library/Developer/Xcode/DerivedData/Build/Products/Debug-iphonesimulator/FirebaseCoreInternal.swiftmodule/Project/x86_64-apple-ios-simulator.swiftsourceinfo /Users/hectorgarcia/Library/Developer/Xcode/DerivedData/Build/Intermediates.noindex/Firebase.build/Debug-iphonesimulator/FirebaseCoreInternal.build/Objects-normal/x86_64/FirebaseCoreInternal.swiftsourceinfo (in target 'FirebaseCoreInternal' from project 'Firebase')
    cd /Users/hectorgarcia/Library/Developer/Xcode/DerivedData/Lyo-eagkiegzrakogpczynhkaholsscs/SourcePackages/checkouts/firebase-ios-sdk
    builtin-copy -exclude .DS_Store -exclude CVS -exclude .svn -exclude .git -exclude .hg -resolve-src-symlinks -rename /Users/hectorgarcia/Library/Developer/Xcode/DerivedData/Build/Intermediates.noindex/Firebase.build/Debug-iphonesimulator/FirebaseCoreInternal.build/Objects-normal/x86_64/FirebaseCoreInternal.swiftsourceinfo /Users/hectorgarcia/Library/Developer/Xcode/DerivedData/Build/Products/Debug-iphonesimulator/FirebaseCoreInternal.swiftmodule/Project/x86_64-apple-ios-simulator.swiftsourceinfo

PrecompileModule /Users/hectorgarcia/Library/Developer/Xcode/DerivedData/Build/Intermediates.noindex/ExplicitPrecompiledModules/UIKit-44SMYU532CZ7GSMLFTDL3QHEJ.scan
    cd /
    builtin-precompileModule /Users/hectorgarcia/Library/Developer/Xcode/DerivedData/Build/Intermediates.noindex/ExplicitPrecompiledModules/UIKit-44SMYU532CZ7GSMLFTDL3QHEJ.scan

SwiftCompile normal x86_64 Compiling\ KeychainStore.swift /Users/hectorgarcia/Library/Developer/Xcode/DerivedData/Lyo-eagkiegzrakogpczynhkaholsscs/SourcePackages/checkouts/GTMAppAuth/GTMAppAuth/Sources/KeychainStore/KeychainStore.swift (in target 'GTMAppAuth' from project 'GTMAppAuth')

SwiftCompile normal x86_64 /Users/hectorgarcia/Library/Developer/Xcode/DerivedData/Lyo-eagkiegzrakogpczynhkaholsscs/SourcePackages/checkouts/GTMAppAuth/GTMAppAuth/Sources/KeychainStore/KeychainStore.swift (in target 'GTMAppAuth' from project 'GTMAppAuth')
    cd /Users/hectorgarcia/LYO_Da_ONE/Lyo.xcodeproj
    

PrecompileModule /Users/hectorgarcia/Library/Developer/Xcode/DerivedData/Build/Intermediates.noindex/ExplicitPrecompiledModules/os_object-5K66DSOVDTF3DAK3KP7DKLHG9.scan
    cd /
    builtin-precompileModule /Users/hectorgarcia/Library/Developer/Xcode/DerivedData/Build/Intermediates.noindex/ExplicitPrecompiledModules/os_object-5K66DSOVDTF3DAK3KP7DKLHG9.scan

PrecompileModule /Users/hectorgarcia/Library/Developer/Xcode/DerivedData/Build/Intermediates.noindex/ExplicitPrecompiledModules/CoreVideo-DGIRKY5PS3M2KQS2ETVAYMC27.scan
    cd /
    builtin-precompileModule /Users/hectorgarcia/Library/Developer/Xcode/DerivedData/Build/Intermediates.noindex/ExplicitPrecompiledModules/CoreVideo-DGIRKY5PS3M2KQS2ETVAYMC27.scan

PrecompileModule /Users/hectorgarcia/Library/Developer/Xcode/DerivedData/Build/Intermediates.noindex/ExplicitPrecompiledModules/os_workgroup-BL203ZLEG5RT5310PMQRVTRC4.scan
    cd /
    builtin-precompileModule /Users/hectorgarcia/Library/Developer/Xcode/DerivedData/Build/Intermediates.noindex/ExplicitPrecompiledModules/os_workgroup-BL203ZLEG5RT5310PMQRVTRC4.scan

PrecompileModule /Users/hectorgarcia/Library/Developer/Xcode/DerivedData/Build/Intermediates.noindex/ExplicitPrecompiledModules/CoreImage-27H5K7SZAIZ2IGGEH1KX2MDM.scan
    cd /
    builtin-precompileModule /Users/hectorgarcia/Library/Developer/Xcode/DerivedData/Build/Intermediates.noindex/ExplicitPrecompiledModules/CoreImage-27H5K7SZAIZ2IGGEH1KX2MDM.scan

SwiftDriverJobDiscovery normal x86_64 Compiling KeychainAttribute.swift (in target 'GTMAppAuth' from project 'GTMAppAuth')

PrecompileModule /Users/hectorgarcia/Library/Developer/Xcode/DerivedData/Build/Intermediates.noindex/ExplicitPrecompiledModules/QuartzCore-AUGCQE65BZHG24DEWMZWI5P0P.scan
    cd /
    builtin-precompileModule /Users/hectorgarcia/Library/Developer/Xcode/DerivedData/Build/Intermediates.noindex/ExplicitPrecompiledModules/QuartzCore-AUGCQE65BZHG24DEWMZWI5P0P.scan

PrecompileModule /Users/hectorgarcia/Library/Developer/Xcode/DerivedData/Build/Intermediates.noindex/ExplicitPrecompiledModules/Dispatch-73EKIYDK9NT1N8JVPSWRGMGFG.scan
    cd /
    builtin-precompileModule /Users/hectorgarcia/Library/Developer/Xcode/DerivedData/Build/Intermediates.noindex/ExplicitPrecompiledModules/Dispatch-73EKIYDK9NT1N8JVPSWRGMGFG.scan

SwiftDriverJobDiscovery normal x86_64 Emitting module for GTMAppAuth (in target 'GTMAppAuth' from project 'GTMAppAuth')

SwiftDriver\ Compilation\ Requirements GTMAppAuth normal x86_64 com.apple.xcode.tools.swift.compiler (in target 'GTMAppAuth' from project 'GTMAppAuth')
    cd /Users/hectorgarcia/LYO_Da_ONE/Lyo.xcodeproj
    builtin-Swift-Compilation-Requirements -- /Users/hectorgarcia/Downloads/Xcode.app/Contents/Developer/Toolchains/XcodeDefault.xctoolchain/usr/bin/swiftc -module-name GTMAppAuth -Onone -enforce-exclusivity\=checked @/Users/hectorgarcia/Library/Developer/Xcode/DerivedData/Build/Intermediates.noindex/GTMAppAuth.build/Debug-iphonesimulator/GTMAppAuth.build/Objects-normal/x86_64/GTMAppAuth.SwiftFileList -DSWIFT_PACKAGE -DDEBUG -DSWIFT_MODULE_RESOURCE_BUNDLE_AVAILABLE -Xcc -fmodule-map-file\=/Users/hectorgarcia/Library/Developer/Xcode/DerivedData/Build/Intermediates.noindex/GeneratedModuleMaps-iphonesimulator/GTMSessionFetcherCore.modulemap -Xcc -fmodule-map-file\=/Users/hectorgarcia/Library/Developer/Xcode/DerivedData/Build/Intermediates.noindex/GeneratedModuleMaps-iphonesimulator/AppAuthCore.modulemap -DXcode -plugin-path /Users/hectorgarcia/Downloads/Xcode.app/Contents/Developer/Toolchains/XcodeDefault.xctoolchain/usr/lib/swift/host/plugins/testing -enable-experimental-feature DebugDescriptionMacro -sdk /Users/hectorgarcia/Downloads/Xcode.app/Contents/Developer/Platforms/iPhoneSimulator.platform/Developer/SDKs/iPhoneSimulator26.2.sdk -target x86_64-apple-ios12.0-simulator -g -module-cache-path /Users/hectorgarcia/Library/Developer/Xcode/DerivedData/ModuleCache.noindex -Xfrontend -serialize-debugging-options -enable-testing -suppress-warnings -index-store-path /Users/hectorgarcia/Library/Developer/Xcode/DerivedData/Lyo-eagkiegzrakogpczynhkaholsscs/Index.noindex/DataStore -Xcc -D_LIBCPP_HARDENING_MODE\=_LIBCPP_HARDENING_MODE_DEBUG -swift-version 5 -I /Users/hectorgarcia/Library/Developer/Xcode/DerivedData/Build/Products/Debug-iphonesimulator -Isystem /Users/hectorgarcia/Downloads/Xcode.app/Contents/Developer/Platforms/iPhoneSimulator.platform/Developer/usr/lib -F /Users/hectorgarcia/Library/Developer/Xcode/DerivedData/Build/Products/Debug-iphonesimulator/PackageFrameworks -F /Users/hectorgarcia/Library/Developer/Xcode/DerivedData/Build/Products/Debug-iphonesimulator/PackageFrameworks -F /Users/hectorgarcia/Library/Developer/Xcode/DerivedData/Build/Products/Debug-iphonesimulator -F /Users/hectorgarcia/Downloads/Xcode.app/Contents/Developer/Platforms/iPhoneSimulator.platform/Developer/Library/Frameworks -F /Users/hectorgarcia/Downloads/Xcode.app/Contents/Developer/Platforms/iPhoneSimulator.platform/Developer/SDKs/iPhoneSimulator26.2.sdk/Developer/Library/Frameworks -c -j8 -enable-batch-mode -incremental -Xcc -ivfsstatcache -Xcc /Users/hectorgarcia/Library/Developer/Xcode/DerivedData/SDKStatCaches.noindex/iphonesimulator26.2-23C53-823d3e8b6e60bc2018c189d3ca05ba9b.sdkstatcache -output-file-map /Users/hectorgarcia/Library/Developer/Xcode/DerivedData/Build/Intermediates.noindex/GTMAppAuth.build/Debug-iphonesimulator/GTMAppAuth.build/Objects-normal/x86_64/GTMAppAuth-OutputFileMap.json -use-frontend-parseable-output -save-temps -no-color-diagnostics -explicit-module-build -module-cache-path /Users/hectorgarcia/Library/Developer/Xcode/DerivedData/Build/Intermediates.noindex/SwiftExplicitPrecompiledModules -clang-scanner-module-cache-path /Users/hectorgarcia/Library/Developer/Xcode/DerivedData/ModuleCache.noindex -sdk-module-cache-path /Users/hectorgarcia/Library/Developer/Xcode/DerivedData/ModuleCache.noindex -serialize-diagnostics -emit-dependencies -emit-module -emit-module-path /Users/hectorgarcia/Library/Developer/Xcode/DerivedData/Build/Intermediates.noindex/GTMAppAuth.build/Debug-iphonesimulator/GTMAppAuth.build/Objects-normal/x86_64/GTMAppAuth.swiftmodule -validate-clang-modules-once -clang-build-session-file /Users/hectorgarcia/Library/Developer/Xcode/DerivedData/ModuleCache.noindex/Session.modulevalidation -Xcc -I/Users/hectorgarcia/Library/Developer/Xcode/DerivedData/Build/Intermediates.noindex/GTMAppAuth.build/Debug-iphonesimulator/GTMAppAuth.build/swift-overrides.hmap -emit-const-values -Xfrontend -const-gather-protocols-file -Xfrontend /Users/hectorgarcia/Library/Developer/Xcode/DerivedData/Build/Intermediates.noindex/GTMAppAuth.build/Debug-iphonesimulator/GTMAppAuth.build/Objects-normal/x86_64/GTMAppAuth_const_extract_protocols.json -Xcc -I/Users/hectorgarcia/Library/Developer/Xcode/DerivedData/Lyo-eagkiegzrakogpczynhkaholsscs/SourcePackages/checkouts/gtm-session-fetcher/Sources/Core/Public -Xcc -I/Users/hectorgarcia/Library/Developer/Xcode/DerivedData/Lyo-eagkiegzrakogpczynhkaholsscs/SourcePackages/checkouts/AppAuth-iOS/Sources/AppAuthCore -Xcc -I/Users/hectorgarcia/Library/Developer/Xcode/DerivedData/Build/Products/Debug-iphonesimulator/include -Xcc -I/Users/hectorgarcia/Library/Developer/Xcode/DerivedData/Build/Intermediates.noindex/GTMAppAuth.build/Debug-iphonesimulator/GTMAppAuth.build/DerivedSources-normal/x86_64 -Xcc -I/Users/hectorgarcia/Library/Developer/Xcode/DerivedData/Build/Intermediates.noindex/GTMAppAuth.build/Debug-iphonesimulator/GTMAppAuth.build/DerivedSources/x86_64 -Xcc -I/Users/hectorgarcia/Library/Developer/Xcode/DerivedData/Build/Intermediates.noindex/GTMAppAuth.build/Debug-iphonesimulator/GTMAppAuth.build/DerivedSources -Xcc -DSWIFT_PACKAGE -Xcc -DDEBUG\=1 -emit-objc-header -emit-objc-header-path /Users/hectorgarcia/Library/Developer/Xcode/DerivedData/Build/Intermediates.noindex/GTMAppAuth.build/Debug-iphonesimulator/GTMAppAuth.build/Objects-normal/x86_64/GTMAppAuth-Swift.h -working-directory /Users/hectorgarcia/LYO_Da_ONE/Lyo.xcodeproj -experimental-emit-module-separately -disable-cmo

SwiftCompile normal x86_64 Compiling\ AuthSession.swift /Users/hectorgarcia/Library/Developer/Xcode/DerivedData/Lyo-eagkiegzrakogpczynhkaholsscs/SourcePackages/checkouts/GTMAppAuth/GTMAppAuth/Sources/AuthSession.swift (in target 'GTMAppAuth' from project 'GTMAppAuth')
SwiftCompile normal x86_64 /Users/hectorgarcia/Library/Developer/Xcode/DerivedData/Lyo-eagkiegzrakogpczynhkaholsscs/SourcePackages/checkouts/GTMAppAuth/GTMAppAuth/Sources/AuthSession.swift (in target 'GTMAppAuth' from project 'GTMAppAuth')
    cd /Users/hectorgarcia/LYO_Da_ONE/Lyo.xcodeproj
    

SwiftMergeGeneratedHeaders /Users/hectorgarcia/Library/Developer/Xcode/DerivedData/Build/Intermediates.noindex/GeneratedModuleMaps-iphonesimulator/GTMAppAuth-Swift.h /Users/hectorgarcia/Library/Developer/Xcode/DerivedData/Build/Intermediates.noindex/GTMAppAuth.build/Debug-iphonesimulator/GTMAppAuth.build/Objects-normal/x86_64/GTMAppAuth-Swift.h (in target 'GTMAppAuth' from project 'GTMAppAuth')
    cd /Users/hectorgarcia/Library/Developer/Xcode/DerivedData/Lyo-eagkiegzrakogpczynhkaholsscs/SourcePackages/checkouts/GTMAppAuth
    builtin-swiftHeaderTool -arch x86_64 /Users/hectorgarcia/Library/Developer/Xcode/DerivedData/Build/Intermediates.noindex/GTMAppAuth.build/Debug-iphonesimulator/GTMAppAuth.build/Objects-normal/x86_64/GTMAppAuth-Swift.h -o /Users/hectorgarcia/Library/Developer/Xcode/DerivedData/Build/Intermediates.noindex/GeneratedModuleMaps-iphonesimulator/GTMAppAuth-Swift.h

Copy /Users/hectorgarcia/Library/Developer/Xcode/DerivedData/Build/Products/Debug-iphonesimulator/GTMAppAuth.swiftmodule/x86_64-apple-ios-simulator.swiftmodule /Users/hectorgarcia/Library/Developer/Xcode/DerivedData/Build/Intermediates.noindex/GTMAppAuth.build/Debug-iphonesimulator/GTMAppAuth.build/Objects-normal/x86_64/GTMAppAuth.swiftmodule (in target 'GTMAppAuth' from project 'GTMAppAuth')
    cd /Users/hectorgarcia/Library/Developer/Xcode/DerivedData/Lyo-eagkiegzrakogpczynhkaholsscs/SourcePackages/checkouts/GTMAppAuth
    builtin-copy -exclude .DS_Store -exclude CVS -exclude .svn -exclude .git -exclude .hg -resolve-src-symlinks -rename /Users/hectorgarcia/Library/Developer/Xcode/DerivedData/Build/Intermediates.noindex/GTMAppAuth.build/Debug-iphonesimulator/GTMAppAuth.build/Objects-normal/x86_64/GTMAppAuth.swiftmodule /Users/hectorgarcia/Library/Developer/Xcode/DerivedData/Build/Products/Debug-iphonesimulator/GTMAppAuth.swiftmodule/x86_64-apple-ios-simulator.swiftmodule

Copy /Users/hectorgarcia/Library/Developer/Xcode/DerivedData/Build/Products/Debug-iphonesimulator/GTMAppAuth.swiftmodule/x86_64-apple-ios-simulator.swiftdoc /Users/hectorgarcia/Library/Developer/Xcode/DerivedData/Build/Intermediates.noindex/GTMAppAuth.build/Debug-iphonesimulator/GTMAppAuth.build/Objects-normal/x86_64/GTMAppAuth.swiftdoc (in target 'GTMAppAuth' from project 'GTMAppAuth')
    cd /Users/hectorgarcia/Library/Developer/Xcode/DerivedData/Lyo-eagkiegzrakogpczynhkaholsscs/SourcePackages/checkouts/GTMAppAuth
    builtin-copy -exclude .DS_Store -exclude CVS -exclude .svn -exclude .git -exclude .hg -resolve-src-symlinks -rename /Users/hectorgarcia/Library/Developer/Xcode/DerivedData/Build/Intermediates.noindex/GTMAppAuth.build/Debug-iphonesimulator/GTMAppAuth.build/Objects-normal/x86_64/GTMAppAuth.swiftdoc /Users/hectorgarcia/Library/Developer/Xcode/DerivedData/Build/Products/Debug-iphonesimulator/GTMAppAuth.swiftmodule/x86_64-apple-ios-simulator.swiftdoc

Copy /Users/hectorgarcia/Library/Developer/Xcode/DerivedData/Build/Products/Debug-iphonesimulator/GTMAppAuth.swiftmodule/x86_64-apple-ios-simulator.abi.json /Users/hectorgarcia/Library/Developer/Xcode/DerivedData/Build/Intermediates.noindex/GTMAppAuth.build/Debug-iphonesimulator/GTMAppAuth.build/Objects-normal/x86_64/GTMAppAuth.abi.json (in target 'GTMAppAuth' from project 'GTMAppAuth')
    cd /Users/hectorgarcia/Library/Developer/Xcode/DerivedData/Lyo-eagkiegzrakogpczynhkaholsscs/SourcePackages/checkouts/GTMAppAuth
    builtin-copy -exclude .DS_Store -exclude CVS -exclude .svn -exclude .git -exclude .hg -resolve-src-symlinks -rename /Users/hectorgarcia/Library/Developer/Xcode/DerivedData/Build/Intermediates.noindex/GTMAppAuth.build/Debug-iphonesimulator/GTMAppAuth.build/Objects-normal/x86_64/GTMAppAuth.abi.json /Users/hectorgarcia/Library/Developer/Xcode/DerivedData/Build/Products/Debug-iphonesimulator/GTMAppAuth.swiftmodule/x86_64-apple-ios-simulator.abi.json

Copy /Users/hectorgarcia/Library/Developer/Xcode/DerivedData/Build/Products/Debug-iphonesimulator/GTMAppAuth.swiftmodule/Project/x86_64-apple-ios-simulator.swiftsourceinfo /Users/hectorgarcia/Library/Developer/Xcode/DerivedData/Build/Intermediates.noindex/GTMAppAuth.build/Debug-iphonesimulator/GTMAppAuth.build/Objects-normal/x86_64/GTMAppAuth.swiftsourceinfo (in target 'GTMAppAuth' from project 'GTMAppAuth')
    cd /Users/hectorgarcia/Library/Developer/Xcode/DerivedData/Lyo-eagkiegzrakogpczynhkaholsscs/SourcePackages/checkouts/GTMAppAuth
    builtin-copy -exclude .DS_Store -exclude CVS -exclude .svn -exclude .git -exclude .hg -resolve-src-symlinks -rename /Users/hectorgarcia/Library/Developer/Xcode/DerivedData/Build/Intermediates.noindex/GTMAppAuth.build/Debug-iphonesimulator/GTMAppAuth.build/Objects-normal/x86_64/GTMAppAuth.swiftsourceinfo /Users/hectorgarcia/Library/Developer/Xcode/DerivedData/Build/Products/Debug-iphonesimulator/GTMAppAuth.swiftmodule/Project/x86_64-apple-ios-simulator.swiftsourceinfo

PrecompileModule /Users/hectorgarcia/Library/Developer/Xcode/DerivedData/Build/Intermediates.noindex/ExplicitPrecompiledModules/UIKit-CCVAAPEF92C7JC3PT1F0V0S2X.scan
    cd /
    builtin-precompileModule /Users/hectorgarcia/Library/Developer/Xcode/DerivedData/Build/Intermediates.noindex/ExplicitPrecompiledModules/UIKit-CCVAAPEF92C7JC3PT1F0V0S2X.scan

PrecompileModule /Users/hectorgarcia/Library/Developer/Xcode/DerivedData/Build/Intermediates.noindex/ExplicitPrecompiledModules/XPC-76LSXFYCH6HOY092H5L98O1GW.scan
    cd /
    builtin-precompileModule /Users/hectorgarcia/Library/Developer/Xcode/DerivedData/Build/Intermediates.noindex/ExplicitPrecompiledModules/XPC-76LSXFYCH6HOY092H5L98O1GW.scan

PrecompileModule /Users/hectorgarcia/Library/Developer/Xcode/DerivedData/Build/Intermediates.noindex/ExplicitPrecompiledModules/CoreFoundation-KMKEIZUK0I9D1960A4KAHR97.scan
    cd /
    builtin-precompileModule /Users/hectorgarcia/Library/Developer/Xcode/DerivedData/Build/Intermediates.noindex/ExplicitPrecompiledModules/CoreFoundation-KMKEIZUK0I9D1960A4KAHR97.scan

SwiftDriverJobDiscovery normal x86_64 Compiling resource_bundle_accessor.swift (in target 'GTMAppAuth' from project 'GTMAppAuth')

SwiftCompile normal x86_64 Compiling\ AuthSessionStore.swift /Users/hectorgarcia/Library/Developer/Xcode/DerivedData/Lyo-eagkiegzrakogpczynhkaholsscs/SourcePackages/checkouts/GTMAppAuth/GTMAppAuth/Sources/AuthSessionStore.swift (in target 'GTMAppAuth' from project 'GTMAppAuth')

SwiftCompile normal x86_64 /Users/hectorgarcia/Library/Developer/Xcode/DerivedData/Lyo-eagkiegzrakogpczynhkaholsscs/SourcePackages/checkouts/GTMAppAuth/GTMAppAuth/Sources/AuthSessionStore.swift (in target 'GTMAppAuth' from project 'GTMAppAuth')
    cd /Users/hectorgarcia/LYO_Da_ONE/Lyo.xcodeproj
    

SwiftDriverJobDiscovery normal x86_64 Compiling KeychainHelper.swift (in target 'GTMAppAuth' from project 'GTMAppAuth')

SwiftCompile normal x86_64 Compiling\ AuthSessionDelegate.swift /Users/hectorgarcia/Library/Developer/Xcode/DerivedData/Lyo-eagkiegzrakogpczynhkaholsscs/SourcePackages/checkouts/GTMAppAuth/GTMAppAuth/Sources/AuthSessionDelegate.swift (in target 'GTMAppAuth' from project 'GTMAppAuth')

SwiftCompile normal x86_64 /Users/hectorgarcia/Library/Developer/Xcode/DerivedData/Lyo-eagkiegzrakogpczynhkaholsscs/SourcePackages/checkouts/GTMAppAuth/GTMAppAuth/Sources/AuthSessionDelegate.swift (in target 'GTMAppAuth' from project 'GTMAppAuth')
    cd /Users/hectorgarcia/LYO_Da_ONE/Lyo.xcodeproj
    

PrecompileModule /Users/hectorgarcia/Library/Developer/Xcode/DerivedData/Build/Intermediates.noindex/ExplicitPrecompiledModules/CFNetwork-BFMC91702OLI0FS7285QUC2ZU.scan
    cd /
    builtin-precompileModule /Users/hectorgarcia/Library/Developer/Xcode/DerivedData/Build/Intermediates.noindex/ExplicitPrecompiledModules/CFNetwork-BFMC91702OLI0FS7285QUC2ZU.scan

PrecompileModule /Users/hectorgarcia/Library/Developer/Xcode/DerivedData/Build/Intermediates.noindex/ExplicitPrecompiledModules/CoreGraphics-E1CHVTYHE5OPM9PYW5A8IG4YA.scan
    cd /
    builtin-precompileModule /Users/hectorgarcia/Library/Developer/Xcode/DerivedData/Build/Intermediates.noindex/ExplicitPrecompiledModules/CoreGraphics-E1CHVTYHE5OPM9PYW5A8IG4YA.scan

PrecompileModule /Users/hectorgarcia/Library/Developer/Xcode/DerivedData/Build/Intermediates.noindex/ExplicitPrecompiledModules/Security-DA1MELWGX8X8R8JNVESD4GEXA.scan
    cd /
    builtin-precompileModule /Users/hectorgarcia/Library/Developer/Xcode/DerivedData/Build/Intermediates.noindex/ExplicitPrecompiledModules/Security-DA1MELWGX8X8R8JNVESD4GEXA.scan

SwiftDriverJobDiscovery normal x86_64 Compiling AuthSessionStore.swift (in target 'GTMAppAuth' from project 'GTMAppAuth')

SwiftDriverJobDiscovery normal x86_64 Compiling AuthSessionDelegate.swift (in target 'GTMAppAuth' from project 'GTMAppAuth')

SwiftCompile normal x86_64 Compiling\ RemoteConfigInterop.swift /Users/hectorgarcia/Library/Developer/Xcode/DerivedData/Lyo-eagkiegzrakogpczynhkaholsscs/SourcePackages/checkouts/firebase-ios-sdk/FirebaseRemoteConfig/Interop/RemoteConfigInterop.swift (in target 'FirebaseRemoteConfigInterop' from project 'Firebase')

SwiftCompile normal x86_64 /Users/hectorgarcia/Library/Developer/Xcode/DerivedData/Lyo-eagkiegzrakogpczynhkaholsscs/SourcePackages/checkouts/firebase-ios-sdk/FirebaseRemoteConfig/Interop/RemoteConfigInterop.swift (in target 'FirebaseRemoteConfigInterop' from project 'Firebase')
    cd /Users/hectorgarcia/LYO_Da_ONE/Lyo.xcodeproj
    

SwiftDriverJobDiscovery normal x86_64 Compiling GTMOAuth2Compatibility.swift (in target 'GTMAppAuth' from project 'GTMAppAuth')

SwiftCompile normal x86_64 Compiling\ RolloutsStateSubscriber.swift /Users/hectorgarcia/Library/Developer/Xcode/DerivedData/Lyo-eagkiegzrakogpczynhkaholsscs/SourcePackages/checkouts/firebase-ios-sdk/FirebaseRemoteConfig/Interop/RolloutsStateSubscriber.swift (in target 'FirebaseRemoteConfigInterop' from project 'Firebase')

SwiftCompile normal x86_64 /Users/hectorgarcia/Library/Developer/Xcode/DerivedData/Lyo-eagkiegzrakogpczynhkaholsscs/SourcePackages/checkouts/firebase-ios-sdk/FirebaseRemoteConfig/Interop/RolloutsStateSubscriber.swift (in target 'FirebaseRemoteConfigInterop' from project 'Firebase')
    cd /Users/hectorgarcia/LYO_Da_ONE/Lyo.xcodeproj
    

PrecompileModule /Users/hectorgarcia/Library/Developer/Xcode/DerivedData/Build/Intermediates.noindex/ExplicitPrecompiledModules/CoreText-CPYIK0INOD5F9NIVJOF9CZZXD.scan
    cd /
    builtin-precompileModule /Users/hectorgarcia/Library/Developer/Xcode/DerivedData/Build/Intermediates.noindex/ExplicitPrecompiledModules/CoreText-CPYIK0INOD5F9NIVJOF9CZZXD.scan

PrecompileModule /Users/hectorgarcia/Library/Developer/Xcode/DerivedData/Build/Intermediates.noindex/ExplicitPrecompiledModules/ImageIO-9IE78QLC2IMRH5V36N4X5G24M.scan
    cd /
    builtin-precompileModule /Users/hectorgarcia/Library/Developer/Xcode/DerivedData/Build/Intermediates.noindex/ExplicitPrecompiledModules/ImageIO-9IE78QLC2IMRH5V36N4X5G24M.scan

PrecompileModule /Users/hectorgarcia/Library/Developer/Xcode/DerivedData/Build/Intermediates.noindex/ExplicitPrecompiledModules/Foundation-8IHAZ1D6RFJXOVR2JEYM4VI6K.scan
    cd /
    builtin-precompileModule /Users/hectorgarcia/Library/Developer/Xcode/DerivedData/Build/Intermediates.noindex/ExplicitPrecompiledModules/Foundation-8IHAZ1D6RFJXOVR2JEYM4VI6K.scan

SwiftDriverJobDiscovery normal x86_64 Compiling RemoteConfigInterop.swift (in target 'FirebaseRemoteConfigInterop' from project 'Firebase')

SwiftCompile normal x86_64 Compiling\ RolloutAssignment.swift /Users/hectorgarcia/Library/Developer/Xcode/DerivedData/Lyo-eagkiegzrakogpczynhkaholsscs/SourcePackages/checkouts/firebase-ios-sdk/FirebaseRemoteConfig/Interop/RolloutAssignment.swift (in target 'FirebaseRemoteConfigInterop' from project 'Firebase')

SwiftCompile normal x86_64 /Users/hectorgarcia/Library/Developer/Xcode/DerivedData/Lyo-eagkiegzrakogpczynhkaholsscs/SourcePackages/checkouts/firebase-ios-sdk/FirebaseRemoteConfig/Interop/RolloutAssignment.swift (in target 'FirebaseRemoteConfigInterop' from project 'Firebase')
    cd /Users/hectorgarcia/LYO_Da_ONE/Lyo.xcodeproj
    

SwiftDriverJobDiscovery normal x86_64 Compiling RolloutsStateSubscriber.swift (in target 'FirebaseRemoteConfigInterop' from project 'Firebase')

SwiftCompile normal x86_64 Compiling\ RemoteConfigConstants.swift /Users/hectorgarcia/Library/Developer/Xcode/DerivedData/Lyo-eagkiegzrakogpczynhkaholsscs/SourcePackages/checkouts/firebase-ios-sdk/FirebaseRemoteConfig/Interop/RemoteConfigConstants.swift (in target 'FirebaseRemoteConfigInterop' from project 'Firebase')

SwiftCompile normal x86_64 /Users/hectorgarcia/Library/Developer/Xcode/DerivedData/Lyo-eagkiegzrakogpczynhkaholsscs/SourcePackages/checkouts/firebase-ios-sdk/FirebaseRemoteConfig/Interop/RemoteConfigConstants.swift (in target 'FirebaseRemoteConfigInterop' from project 'Firebase')
    cd /Users/hectorgarcia/LYO_Da_ONE/Lyo.xcodeproj
    

SwiftCompile normal x86_64 Compiling\ resource_bundle_accessor.swift,\ Heartbeat.swift /Users/hectorgarcia/Library/Developer/Xcode/DerivedData/Build/Intermediates.noindex/Firebase.build/Debug-iphonesimulator/FirebaseCoreInternal.build/DerivedSources/resource_bundle_accessor.swift /Users/hectorgarcia/Library/Developer/Xcode/DerivedData/Lyo-eagkiegzrakogpczynhkaholsscs/SourcePackages/checkouts/firebase-ios-sdk/FirebaseCore/Internal/Sources/HeartbeatLogging/Heartbeat.swift (in target 'FirebaseCoreInternal' from project 'Firebase')

SwiftCompile normal x86_64 /Users/hectorgarcia/Library/Developer/Xcode/DerivedData/Build/Intermediates.noindex/Firebase.build/Debug-iphonesimulator/FirebaseCoreInternal.build/DerivedSources/resource_bundle_accessor.swift (in target 'FirebaseCoreInternal' from project 'Firebase')
    cd /Users/hectorgarcia/LYO_Da_ONE/Lyo.xcodeproj
    

SwiftCompile normal x86_64 /Users/hectorgarcia/Library/Developer/Xcode/DerivedData/Lyo-eagkiegzrakogpczynhkaholsscs/SourcePackages/checkouts/firebase-ios-sdk/FirebaseCore/Internal/Sources/HeartbeatLogging/Heartbeat.swift (in target 'FirebaseCoreInternal' from project 'Firebase')
    cd /Users/hectorgarcia/LYO_Da_ONE/Lyo.xcodeproj
    

SwiftDriverJobDiscovery normal x86_64 Compiling KeychainStore.swift (in target 'GTMAppAuth' from project 'GTMAppAuth')

SwiftCompile normal x86_64 Compiling\ Storage.swift,\ StorageFactory.swift /Users/hectorgarcia/Library/Developer/Xcode/DerivedData/Lyo-eagkiegzrakogpczynhkaholsscs/SourcePackages/checkouts/firebase-ios-sdk/FirebaseCore/Internal/Sources/HeartbeatLogging/Storage.swift /Users/hectorgarcia/Library/Developer/Xcode/DerivedData/Lyo-eagkiegzrakogpczynhkaholsscs/SourcePackages/checkouts/firebase-ios-sdk/FirebaseCore/Internal/Sources/HeartbeatLogging/StorageFactory.swift (in target 'FirebaseCoreInternal' from project 'Firebase')

SwiftCompile normal x86_64 /Users/hectorgarcia/Library/Developer/Xcode/DerivedData/Lyo-eagkiegzrakogpczynhkaholsscs/SourcePackages/checkouts/firebase-ios-sdk/FirebaseCore/Internal/Sources/HeartbeatLogging/Storage.swift (in target 'FirebaseCoreInternal' from project 'Firebase')
    cd /Users/hectorgarcia/LYO_Da_ONE/Lyo.xcodeproj
    

SwiftCompile normal x86_64 /Users/hectorgarcia/Library/Developer/Xcode/DerivedData/Lyo-eagkiegzrakogpczynhkaholsscs/SourcePackages/checkouts/firebase-ios-sdk/FirebaseCore/Internal/Sources/HeartbeatLogging/StorageFactory.swift (in target 'FirebaseCoreInternal' from project 'Firebase')
    cd /Users/hectorgarcia/LYO_Da_ONE/Lyo.xcodeproj
    

SwiftDriverJobDiscovery normal x86_64 Compiling RemoteConfigConstants.swift (in target 'FirebaseRemoteConfigInterop' from project 'Firebase')

SwiftCompile normal x86_64 Compiling\ HeartbeatsPayload.swift,\ RingBuffer.swift /Users/hectorgarcia/Library/Developer/Xcode/DerivedData/Lyo-eagkiegzrakogpczynhkaholsscs/SourcePackages/checkouts/firebase-ios-sdk/FirebaseCore/Internal/Sources/HeartbeatLogging/HeartbeatsPayload.swift /Users/hectorgarcia/Library/Developer/Xcode/DerivedData/Lyo-eagkiegzrakogpczynhkaholsscs/SourcePackages/checkouts/firebase-ios-sdk/FirebaseCore/Internal/Sources/HeartbeatLogging/RingBuffer.swift (in target 'FirebaseCoreInternal' from project 'Firebase')
SwiftCompile normal x86_64 /Users/hectorgarcia/Library/Developer/Xcode/DerivedData/Lyo-eagkiegzrakogpczynhkaholsscs/SourcePackages/checkouts/firebase-ios-sdk/FirebaseCore/Internal/Sources/HeartbeatLogging/HeartbeatsPayload.swift (in target 'FirebaseCoreInternal' from project 'Firebase')
    cd /Users/hectorgarcia/LYO_Da_ONE/Lyo.xcodeproj
    

SwiftCompile normal x86_64 /Users/hectorgarcia/Library/Developer/Xcode/DerivedData/Lyo-eagkiegzrakogpczynhkaholsscs/SourcePackages/checkouts/firebase-ios-sdk/FirebaseCore/Internal/Sources/HeartbeatLogging/RingBuffer.swift (in target 'FirebaseCoreInternal' from project 'Firebase')
    cd /Users/hectorgarcia/LYO_Da_ONE/Lyo.xcodeproj
    

SwiftCompile normal x86_64 Compiling\ _ObjC_HeartbeatsPayload.swift /Users/hectorgarcia/Library/Developer/Xcode/DerivedData/Lyo-eagkiegzrakogpczynhkaholsscs/SourcePackages/checkouts/firebase-ios-sdk/FirebaseCore/Internal/Sources/HeartbeatLogging/_ObjC_HeartbeatsPayload.swift (in target 'FirebaseCoreInternal' from project 'Firebase')

SwiftCompile normal x86_64 /Users/hectorgarcia/Library/Developer/Xcode/DerivedData/Lyo-eagkiegzrakogpczynhkaholsscs/SourcePackages/checkouts/firebase-ios-sdk/FirebaseCore/Internal/Sources/HeartbeatLogging/_ObjC_HeartbeatsPayload.swift (in target 'FirebaseCoreInternal' from project 'Firebase')
    cd /Users/hectorgarcia/LYO_Da_ONE/Lyo.xcodeproj
    

SwiftDriverJobDiscovery normal x86_64 Compiling RolloutAssignment.swift (in target 'FirebaseRemoteConfigInterop' from project 'Firebase')

SwiftDriver\ Compilation FirebaseRemoteConfigInterop normal x86_64 com.apple.xcode.tools.swift.compiler (in target 'FirebaseRemoteConfigInterop' from project 'Firebase')
    cd /Users/hectorgarcia/LYO_Da_ONE/Lyo.xcodeproj
    builtin-Swift-Compilation -- /Users/hectorgarcia/Downloads/Xcode.app/Contents/Developer/Toolchains/XcodeDefault.xctoolchain/usr/bin/swiftc -module-name FirebaseRemoteConfigInterop -Onone -enforce-exclusivity\=checked @/Users/hectorgarcia/Library/Developer/Xcode/DerivedData/Build/Intermediates.noindex/Firebase.build/Debug-iphonesimulator/FirebaseRemoteConfigInterop.build/Objects-normal/x86_64/FirebaseRemoteConfigInterop.SwiftFileList -DSWIFT_PACKAGE -DDEBUG -DSWIFT_MODULE_RESOURCE_BUNDLE_UNAVAILABLE -DXcode -plugin-path /Users/hectorgarcia/Downloads/Xcode.app/Contents/Developer/Toolchains/XcodeDefault.xctoolchain/usr/lib/swift/host/plugins/testing -enable-experimental-feature DebugDescriptionMacro -sdk /Users/hectorgarcia/Downloads/Xcode.app/Contents/Developer/Platforms/iPhoneSimulator.platform/Developer/SDKs/iPhoneSimulator26.2.sdk -target x86_64-apple-ios12.0-simulator -g -module-cache-path /Users/hectorgarcia/Library/Developer/Xcode/DerivedData/ModuleCache.noindex -Xfrontend -serialize-debugging-options -enable-testing -suppress-warnings -index-store-path /Users/hectorgarcia/Library/Developer/Xcode/DerivedData/Lyo-eagkiegzrakogpczynhkaholsscs/Index.noindex/DataStore -Xcc -D_LIBCPP_HARDENING_MODE\=_LIBCPP_HARDENING_MODE_DEBUG -swift-version 5 -I /Users/hectorgarcia/Library/Developer/Xcode/DerivedData/Build/Products/Debug-iphonesimulator -Isystem /Users/hectorgarcia/Downloads/Xcode.app/Contents/Developer/Platforms/iPhoneSimulator.platform/Developer/usr/lib -F /Users/hectorgarcia/Library/Developer/Xcode/DerivedData/Build/Products/Debug-iphonesimulator -F /Users/hectorgarcia/Downloads/Xcode.app/Contents/Developer/Platforms/iPhoneSimulator.platform/Developer/Library/Frameworks -F /Users/hectorgarcia/Downloads/Xcode.app/Contents/Developer/Platforms/iPhoneSimulator.platform/Developer/SDKs/iPhoneSimulator26.2.sdk/Developer/Library/Frameworks -c -j8 -enable-batch-mode -incremental -Xcc -ivfsstatcache -Xcc /Users/hectorgarcia/Library/Developer/Xcode/DerivedData/SDKStatCaches.noindex/iphonesimulator26.2-23C53-823d3e8b6e60bc2018c189d3ca05ba9b.sdkstatcache -output-file-map /Users/hectorgarcia/Library/Developer/Xcode/DerivedData/Build/Intermediates.noindex/Firebase.build/Debug-iphonesimulator/FirebaseRemoteConfigInterop.build/Objects-normal/x86_64/FirebaseRemoteConfigInterop-OutputFileMap.json -use-frontend-parseable-output -save-temps -no-color-diagnostics -explicit-module-build -module-cache-path /Users/hectorgarcia/Library/Developer/Xcode/DerivedData/Build/Intermediates.noindex/SwiftExplicitPrecompiledModules -clang-scanner-module-cache-path /Users/hectorgarcia/Library/Developer/Xcode/DerivedData/ModuleCache.noindex -sdk-module-cache-path /Users/hectorgarcia/Library/Developer/Xcode/DerivedData/ModuleCache.noindex -serialize-diagnostics -emit-dependencies -emit-module -emit-module-path /Users/hectorgarcia/Library/Developer/Xcode/DerivedData/Build/Intermediates.noindex/Firebase.build/Debug-iphonesimulator/FirebaseRemoteConfigInterop.build/Objects-normal/x86_64/FirebaseRemoteConfigInterop.swiftmodule -validate-clang-modules-once -clang-build-session-file /Users/hectorgarcia/Library/Developer/Xcode/DerivedData/ModuleCache.noindex/Session.modulevalidation -Xcc -I/Users/hectorgarcia/Library/Developer/Xcode/DerivedData/Build/Intermediates.noindex/Firebase.build/Debug-iphonesimulator/FirebaseRemoteConfigInterop.build/swift-overrides.hmap -emit-const-values -Xfrontend -const-gather-protocols-file -Xfrontend /Users/hectorgarcia/Library/Developer/Xcode/DerivedData/Build/Intermediates.noindex/Firebase.build/Debug-iphonesimulator/FirebaseRemoteConfigInterop.build/Objects-normal/x86_64/FirebaseRemoteConfigInterop_const_extract_protocols.json -Xcc -I/Users/hectorgarcia/Library/Developer/Xcode/DerivedData/Build/Products/Debug-iphonesimulator/include -Xcc -I/Users/hectorgarcia/Library/Developer/Xcode/DerivedData/Lyo-eagkiegzrakogpczynhkaholsscs/SourcePackages/checkouts/firebase-ios-sdk -Xcc -I/Users/hectorgarcia/Library/Developer/Xcode/DerivedData/Build/Intermediates.noindex/Firebase.build/Debug-iphonesimulator/FirebaseRemoteConfigInterop.build/DerivedSources-normal/x86_64 -Xcc -I/Users/hectorgarcia/Library/Developer/Xcode/DerivedData/Build/Intermediates.noindex/Firebase.build/Debug-iphonesimulator/FirebaseRemoteConfigInterop.build/DerivedSources/x86_64 -Xcc -I/Users/hectorgarcia/Library/Developer/Xcode/DerivedData/Build/Intermediates.noindex/Firebase.build/Debug-iphonesimulator/FirebaseRemoteConfigInterop.build/DerivedSources -Xcc -DSWIFT_PACKAGE -Xcc -DDEBUG\=1 -emit-objc-header -emit-objc-header-path /Users/hectorgarcia/Library/Developer/Xcode/DerivedData/Build/Intermediates.noindex/Firebase.build/Debug-iphonesimulator/FirebaseRemoteConfigInterop.build/Objects-normal/x86_64/FirebaseRemoteConfigInterop-Swift.h -working-directory /Users/hectorgarcia/LYO_Da_ONE/Lyo.xcodeproj -experimental-emit-module-separately -disable-cmo

SwiftCompile normal x86_64 Compiling\ HeartbeatStorage.swift,\ HeartbeatsBundle.swift /Users/hectorgarcia/Library/Developer/Xcode/DerivedData/Lyo-eagkiegzrakogpczynhkaholsscs/SourcePackages/checkouts/firebase-ios-sdk/FirebaseCore/Internal/Sources/HeartbeatLogging/HeartbeatStorage.swift /Users/hectorgarcia/Library/Developer/Xcode/DerivedData/Lyo-eagkiegzrakogpczynhkaholsscs/SourcePackages/checkouts/firebase-ios-sdk/FirebaseCore/Internal/Sources/HeartbeatLogging/HeartbeatsBundle.swift (in target 'FirebaseCoreInternal' from project 'Firebase')
SwiftCompile normal x86_64 /Users/hectorgarcia/Library/Developer/Xcode/DerivedData/Lyo-eagkiegzrakogpczynhkaholsscs/SourcePackages/checkouts/firebase-ios-sdk/FirebaseCore/Internal/Sources/HeartbeatLogging/HeartbeatStorage.swift (in target 'FirebaseCoreInternal' from project 'Firebase')
    cd /Users/hectorgarcia/LYO_Da_ONE/Lyo.xcodeproj
    

SwiftCompile normal x86_64 /Users/hectorgarcia/Library/Developer/Xcode/DerivedData/Lyo-eagkiegzrakogpczynhkaholsscs/SourcePackages/checkouts/firebase-ios-sdk/FirebaseCore/Internal/Sources/HeartbeatLogging/HeartbeatsBundle.swift (in target 'FirebaseCoreInternal' from project 'Firebase')
    cd /Users/hectorgarcia/LYO_Da_ONE/Lyo.xcodeproj
    

CompileC /Users/hectorgarcia/Library/Developer/Xcode/DerivedData/Build/Intermediates.noindex/GoogleUtilities.build/Debug-iphonesimulator/GoogleUtilities-Environment.build/Objects-normal/x86_64/GULAppEnvironmentUtil.o /Users/hectorgarcia/Library/Developer/Xcode/DerivedData/Lyo-eagkiegzrakogpczynhkaholsscs/SourcePackages/checkouts/GoogleUtilities/GoogleUtilities/Environment/GULAppEnvironmentUtil.m normal x86_64 objective-c com.apple.compilers.llvm.clang.1_0.compiler (in target 'GoogleUtilities-Environment' from project 'GoogleUtilities')
    cd /Users/hectorgarcia/LYO_Da_ONE/Lyo.xcodeproj
    
    Using response file: /Users/hectorgarcia/Library/Developer/Xcode/DerivedData/Build/Intermediates.noindex/GoogleUtilities.build/Debug-iphonesimulator/GoogleUtilities-Environment.build/Objects-normal/x86_64/e6072d4f65d7061329687fe24e3d63a7-common-args.resp
    
    /Users/hectorgarcia/Downloads/Xcode.app/Contents/Developer/Toolchains/XcodeDefault.xctoolchain/usr/bin/clang -x objective-c -ivfsstatcache /Users/hectorgarcia/Library/Developer/Xcode/DerivedData/SDKStatCaches.noindex/iphonesimulator26.2-23C53-823d3e8b6e60bc2018c189d3ca05ba9b.sdkstatcache -fmessage-length\=0 -fdiagnostics-show-note-include-stack -fmacro-backtrace-limit\=0 -fno-color-diagnostics -fmodules-prune-interval\=86400 -fmodules-prune-after\=345600 -fbuild-session-file\=/Users/hectorgarcia/Library/Developer/Xcode/DerivedData/ModuleCache.noindex/Session.modulevalidation -fmodules-validate-once-per-build-session -Wnon-modular-include-in-framework-module -Werror\=non-modular-include-in-framework-module -Wno-trigraphs -Wno-missing-field-initializers -Wno-missing-prototypes -Wno-return-type -Wno-implicit-atomic-properties -Wno-objc-interface-ivars -Wno-arc-repeated-use-of-weak -Wno-missing-braces -Wparentheses -Wswitch -Wno-unused-function -Wno-unused-label -Wno-unused-parameter -Wno-unused-variable -Wunused-value -Wno-empty-body -Wno-uninitialized -Wno-unknown-pragmas -w -Wno-shadow -Wno-four-char-constants -Wno-conversion -Wno-constant-conversion -Wno-int-conversion -Wno-bool-conversion -Wno-enum-conversion -Wno-float-conversion -Wno-non-literal-null-conversion -Wno-objc-literal-conversion -Wshorten-64-to-32 -Wpointer-sign -Wno-newline-eof -Wno-selector -Wno-strict-selector-match -Wno-undeclared-selector -Wno-deprecated-implementations -Wno-implicit-fallthrough -fstrict-aliasing -Wprotocol -Wdeprecated-declarations -Wno-sign-conversion -Wno-infinite-recursion -Wno-comma -Wno-block-capture-autoreleasing -Wno-strict-prototypes -Wno-semicolon-before-method-body -index-store-path /Users/hectorgarcia/Library/Developer/Xcode/DerivedData/Lyo-eagkiegzrakogpczynhkaholsscs/Index.noindex/DataStore @/Users/hectorgarcia/Library/Developer/Xcode/DerivedData/Build/Intermediates.noindex/GoogleUtilities.build/Debug-iphonesimulator/GoogleUtilities-Environment.build/Objects-normal/x86_64/e6072d4f65d7061329687fe24e3d63a7-common-args.resp -include /Users/hectorgarcia/Library/Developer/Xcode/DerivedData/Build/Intermediates.noindex/GoogleUtilities.build/Debug-iphonesimulator/GoogleUtilities-Environment.build/DerivedSources/resource_bundle_accessor.h -MMD -MT dependencies -MF /Users/hectorgarcia/Library/Developer/Xcode/DerivedData/Build/Intermediates.noindex/GoogleUtilities.build/Debug-iphonesimulator/GoogleUtilities-Environment.build/Objects-normal/x86_64/GULAppEnvironmentUtil.d --serialize-diagnostics /Users/hectorgarcia/Library/Developer/Xcode/DerivedData/Build/Intermediates.noindex/GoogleUtilities.build/Debug-iphonesimulator/GoogleUtilities-Environment.build/Objects-normal/x86_64/GULAppEnvironmentUtil.dia -c /Users/hectorgarcia/Library/Developer/Xcode/DerivedData/Lyo-eagkiegzrakogpczynhkaholsscs/SourcePackages/checkouts/GoogleUtilities/GoogleUtilities/Environment/GULAppEnvironmentUtil.m -o /Users/hectorgarcia/Library/Developer/Xcode/DerivedData/Build/Intermediates.noindex/GoogleUtilities.build/Debug-iphonesimulator/GoogleUtilities-Environment.build/Objects-normal/x86_64/GULAppEnvironmentUtil.o -index-unit-output-path /GoogleUtilities.build/Debug-iphonesimulator/GoogleUtilities-Environment.build/Objects-normal/x86_64/GULAppEnvironmentUtil.o

CompileC /Users/hectorgarcia/Library/Developer/Xcode/DerivedData/Build/Intermediates.noindex/GoogleUtilities.build/Debug-iphonesimulator/GoogleUtilities-AppDelegateSwizzler.build/Objects-normal/x86_64/GULSceneDelegateSwizzler.o /Users/hectorgarcia/Library/Developer/Xcode/DerivedData/Lyo-eagkiegzrakogpczynhkaholsscs/SourcePackages/checkouts/GoogleUtilities/GoogleUtilities/AppDelegateSwizzler/GULSceneDelegateSwizzler.m normal x86_64 objective-c com.apple.compilers.llvm.clang.1_0.compiler (in target 'GoogleUtilities-AppDelegateSwizzler' from project 'GoogleUtilities')
    cd /Users/hectorgarcia/LYO_Da_ONE/Lyo.xcodeproj
    
    Using response file: /Users/hectorgarcia/Library/Developer/Xcode/DerivedData/Build/Intermediates.noindex/GoogleUtilities.build/Debug-iphonesimulator/GoogleUtilities-AppDelegateSwizzler.build/Objects-normal/x86_64/e6072d4f65d7061329687fe24e3d63a7-common-args.resp
    
    /Users/hectorgarcia/Downloads/Xcode.app/Contents/Developer/Toolchains/XcodeDefault.xctoolchain/usr/bin/clang -x objective-c -ivfsstatcache /Users/hectorgarcia/Library/Developer/Xcode/DerivedData/SDKStatCaches.noindex/iphonesimulator26.2-23C53-823d3e8b6e60bc2018c189d3ca05ba9b.sdkstatcache -fmessage-length\=0 -fdiagnostics-show-note-include-stack -fmacro-backtrace-limit\=0 -fno-color-diagnostics -fmodules-prune-interval\=86400 -fmodules-prune-after\=345600 -fbuild-session-file\=/Users/hectorgarcia/Library/Developer/Xcode/DerivedData/ModuleCache.noindex/Session.modulevalidation -fmodules-validate-once-per-build-session -Wnon-modular-include-in-framework-module -Werror\=non-modular-include-in-framework-module -Wno-trigraphs -Wno-missing-field-initializers -Wno-missing-prototypes -Wno-return-type -Wno-implicit-atomic-properties -Wno-objc-interface-ivars -Wno-arc-repeated-use-of-weak -Wno-missing-braces -Wparentheses -Wswitch -Wno-unused-function -Wno-unused-label -Wno-unused-parameter -Wno-unused-variable -Wunused-value -Wno-empty-body -Wno-uninitialized -Wno-unknown-pragmas -w -Wno-shadow -Wno-four-char-constants -Wno-conversion -Wno-constant-conversion -Wno-int-conversion -Wno-bool-conversion -Wno-enum-conversion -Wno-float-conversion -Wno-non-literal-null-conversion -Wno-objc-literal-conversion -Wshorten-64-to-32 -Wpointer-sign -Wno-newline-eof -Wno-selector -Wno-strict-selector-match -Wno-undeclared-selector -Wno-deprecated-implementations -Wno-implicit-fallthrough -fstrict-aliasing -Wprotocol -Wdeprecated-declarations -Wno-sign-conversion -Wno-infinite-recursion -Wno-comma -Wno-block-capture-autoreleasing -Wno-strict-prototypes -Wno-semicolon-before-method-body -index-store-path /Users/hectorgarcia/Library/Developer/Xcode/DerivedData/Lyo-eagkiegzrakogpczynhkaholsscs/Index.noindex/DataStore @/Users/hectorgarcia/Library/Developer/Xcode/DerivedData/Build/Intermediates.noindex/GoogleUtilities.build/Debug-iphonesimulator/GoogleUtilities-AppDelegateSwizzler.build/Objects-normal/x86_64/e6072d4f65d7061329687fe24e3d63a7-common-args.resp -include /Users/hectorgarcia/Library/Developer/Xcode/DerivedData/Build/Intermediates.noindex/GoogleUtilities.build/Debug-iphonesimulator/GoogleUtilities-AppDelegateSwizzler.build/DerivedSources/resource_bundle_accessor.h -MMD -MT dependencies -MF /Users/hectorgarcia/Library/Developer/Xcode/DerivedData/Build/Intermediates.noindex/GoogleUtilities.build/Debug-iphonesimulator/GoogleUtilities-AppDelegateSwizzler.build/Objects-normal/x86_64/GULSceneDelegateSwizzler.d --serialize-diagnostics /Users/hectorgarcia/Library/Developer/Xcode/DerivedData/Build/Intermediates.noindex/GoogleUtilities.build/Debug-iphonesimulator/GoogleUtilities-AppDelegateSwizzler.build/Objects-normal/x86_64/GULSceneDelegateSwizzler.dia -c /Users/hectorgarcia/Library/Developer/Xcode/DerivedData/Lyo-eagkiegzrakogpczynhkaholsscs/SourcePackages/checkouts/GoogleUtilities/GoogleUtilities/AppDelegateSwizzler/GULSceneDelegateSwizzler.m -o /Users/hectorgarcia/Library/Developer/Xcode/DerivedData/Build/Intermediates.noindex/GoogleUtilities.build/Debug-iphonesimulator/GoogleUtilities-AppDelegateSwizzler.build/Objects-normal/x86_64/GULSceneDelegateSwizzler.o -index-unit-output-path /GoogleUtilities.build/Debug-iphonesimulator/GoogleUtilities-AppDelegateSwizzler.build/Objects-normal/x86_64/GULSceneDelegateSwizzler.o

CompileC /Users/hectorgarcia/Library/Developer/Xcode/DerivedData/Build/Intermediates.noindex/GoogleUtilities.build/Debug-iphonesimulator/GoogleUtilities-AppDelegateSwizzler.build/Objects-normal/x86_64/GULAppDelegateSwizzler.o /Users/hectorgarcia/Library/Developer/Xcode/DerivedData/Lyo-eagkiegzrakogpczynhkaholsscs/SourcePackages/checkouts/GoogleUtilities/GoogleUtilities/AppDelegateSwizzler/GULAppDelegateSwizzler.m normal x86_64 objective-c com.apple.compilers.llvm.clang.1_0.compiler (in target 'GoogleUtilities-AppDelegateSwizzler' from project 'GoogleUtilities')
    cd /Users/hectorgarcia/LYO_Da_ONE/Lyo.xcodeproj
    
    Using response file: /Users/hectorgarcia/Library/Developer/Xcode/DerivedData/Build/Intermediates.noindex/GoogleUtilities.build/Debug-iphonesimulator/GoogleUtilities-AppDelegateSwizzler.build/Objects-normal/x86_64/e6072d4f65d7061329687fe24e3d63a7-common-args.resp
    
    /Users/hectorgarcia/Downloads/Xcode.app/Contents/Developer/Toolchains/XcodeDefault.xctoolchain/usr/bin/clang -x objective-c -ivfsstatcache /Users/hectorgarcia/Library/Developer/Xcode/DerivedData/SDKStatCaches.noindex/iphonesimulator26.2-23C53-823d3e8b6e60bc2018c189d3ca05ba9b.sdkstatcache -fmessage-length\=0 -fdiagnostics-show-note-include-stack -fmacro-backtrace-limit\=0 -fno-color-diagnostics -fmodules-prune-interval\=86400 -fmodules-prune-after\=345600 -fbuild-session-file\=/Users/hectorgarcia/Library/Developer/Xcode/DerivedData/ModuleCache.noindex/Session.modulevalidation -fmodules-validate-once-per-build-session -Wnon-modular-include-in-framework-module -Werror\=non-modular-include-in-framework-module -Wno-trigraphs -Wno-missing-field-initializers -Wno-missing-prototypes -Wno-return-type -Wno-implicit-atomic-properties -Wno-objc-interface-ivars -Wno-arc-repeated-use-of-weak -Wno-missing-braces -Wparentheses -Wswitch -Wno-unused-function -Wno-unused-label -Wno-unused-parameter -Wno-unused-variable -Wunused-value -Wno-empty-body -Wno-uninitialized -Wno-unknown-pragmas -w -Wno-shadow -Wno-four-char-constants -Wno-conversion -Wno-constant-conversion -Wno-int-conversion -Wno-bool-conversion -Wno-enum-conversion -Wno-float-conversion -Wno-non-literal-null-conversion -Wno-objc-literal-conversion -Wshorten-64-to-32 -Wpointer-sign -Wno-newline-eof -Wno-selector -Wno-strict-selector-match -Wno-undeclared-selector -Wno-deprecated-implementations -Wno-implicit-fallthrough -fstrict-aliasing -Wprotocol -Wdeprecated-declarations -Wno-sign-conversion -Wno-infinite-recursion -Wno-comma -Wno-block-capture-autoreleasing -Wno-strict-prototypes -Wno-semicolon-before-method-body -index-store-path /Users/hectorgarcia/Library/Developer/Xcode/DerivedData/Lyo-eagkiegzrakogpczynhkaholsscs/Index.noindex/DataStore @/Users/hectorgarcia/Library/Developer/Xcode/DerivedData/Build/Intermediates.noindex/GoogleUtilities.build/Debug-iphonesimulator/GoogleUtilities-AppDelegateSwizzler.build/Objects-normal/x86_64/e6072d4f65d7061329687fe24e3d63a7-common-args.resp -include /Users/hectorgarcia/Library/Developer/Xcode/DerivedData/Build/Intermediates.noindex/GoogleUtilities.build/Debug-iphonesimulator/GoogleUtilities-AppDelegateSwizzler.build/DerivedSources/resource_bundle_accessor.h -MMD -MT dependencies -MF /Users/hectorgarcia/Library/Developer/Xcode/DerivedData/Build/Intermediates.noindex/GoogleUtilities.build/Debug-iphonesimulator/GoogleUtilities-AppDelegateSwizzler.build/Objects-normal/x86_64/GULAppDelegateSwizzler.d --serialize-diagnostics /Users/hectorgarcia/Library/Developer/Xcode/DerivedData/Build/Intermediates.noindex/GoogleUtilities.build/Debug-iphonesimulator/GoogleUtilities-AppDelegateSwizzler.build/Objects-normal/x86_64/GULAppDelegateSwizzler.dia -c /Users/hectorgarcia/Library/Developer/Xcode/DerivedData/Lyo-eagkiegzrakogpczynhkaholsscs/SourcePackages/checkouts/GoogleUtilities/GoogleUtilities/AppDelegateSwizzler/GULAppDelegateSwizzler.m -o /Users/hectorgarcia/Library/Developer/Xcode/DerivedData/Build/Intermediates.noindex/GoogleUtilities.build/Debug-iphonesimulator/GoogleUtilities-AppDelegateSwizzler.build/Objects-normal/x86_64/GULAppDelegateSwizzler.o -index-unit-output-path /GoogleUtilities.build/Debug-iphonesimulator/GoogleUtilities-AppDelegateSwizzler.build/Objects-normal/x86_64/GULAppDelegateSwizzler.o

SwiftDriverJobDiscovery normal x86_64 Compiling _ObjC_HeartbeatsPayload.swift (in target 'FirebaseCoreInternal' from project 'Firebase')

CompileC /Users/hectorgarcia/Library/Developer/Xcode/DerivedData/Build/Intermediates.noindex/GTMSessionFetcher.build/Debug-iphonesimulator/GTMSessionFetcherCore.build/Objects-normal/x86_64/resource_bundle_accessor.o /Users/hectorgarcia/Library/Developer/Xcode/DerivedData/Build/Intermediates.noindex/GTMSessionFetcher.build/Debug-iphonesimulator/GTMSessionFetcherCore.build/DerivedSources/resource_bundle_accessor.m normal x86_64 objective-c com.apple.compilers.llvm.clang.1_0.compiler (in target 'GTMSessionFetcherCore' from project 'GTMSessionFetcher')
    cd /Users/hectorgarcia/LYO_Da_ONE/Lyo.xcodeproj
    
    Using response file: /Users/hectorgarcia/Library/Developer/Xcode/DerivedData/Build/Intermediates.noindex/GTMSessionFetcher.build/Debug-iphonesimulator/GTMSessionFetcherCore.build/Objects-normal/x86_64/e6072d4f65d7061329687fe24e3d63a7-common-args.resp
    
    /Users/hectorgarcia/Downloads/Xcode.app/Contents/Developer/Toolchains/XcodeDefault.xctoolchain/usr/bin/clang -x objective-c -ivfsstatcache /Users/hectorgarcia/Library/Developer/Xcode/DerivedData/SDKStatCaches.noindex/iphonesimulator26.2-23C53-823d3e8b6e60bc2018c189d3ca05ba9b.sdkstatcache -fmessage-length\=0 -fdiagnostics-show-note-include-stack -fmacro-backtrace-limit\=0 -fno-color-diagnostics -fmodules-prune-interval\=86400 -fmodules-prune-after\=345600 -fbuild-session-file\=/Users/hectorgarcia/Library/Developer/Xcode/DerivedData/ModuleCache.noindex/Session.modulevalidation -fmodules-validate-once-per-build-session -Wnon-modular-include-in-framework-module -Werror\=non-modular-include-in-framework-module -Wno-trigraphs -Wno-missing-field-initializers -Wno-missing-prototypes -Wno-return-type -Wno-implicit-atomic-properties -Wno-objc-interface-ivars -Wno-arc-repeated-use-of-weak -Wno-missing-braces -Wparentheses -Wswitch -Wno-unused-function -Wno-unused-label -Wno-unused-parameter -Wno-unused-variable -Wunused-value -Wno-empty-body -Wno-uninitialized -Wno-unknown-pragmas -w -Wno-shadow -Wno-four-char-constants -Wno-conversion -Wno-constant-conversion -Wno-int-conversion -Wno-bool-conversion -Wno-enum-conversion -Wno-float-conversion -Wno-non-literal-null-conversion -Wno-objc-literal-conversion -Wshorten-64-to-32 -Wpointer-sign -Wno-newline-eof -Wno-selector -Wno-strict-selector-match -Wno-undeclared-selector -Wno-deprecated-implementations -Wno-implicit-fallthrough -fstrict-aliasing -Wprotocol -Wdeprecated-declarations -Wno-sign-conversion -Wno-infinite-recursion -Wno-comma -Wno-block-capture-autoreleasing -Wno-strict-prototypes -Wno-semicolon-before-method-body -index-store-path /Users/hectorgarcia/Library/Developer/Xcode/DerivedData/Lyo-eagkiegzrakogpczynhkaholsscs/Index.noindex/DataStore @/Users/hectorgarcia/Library/Developer/Xcode/DerivedData/Build/Intermediates.noindex/GTMSessionFetcher.build/Debug-iphonesimulator/GTMSessionFetcherCore.build/Objects-normal/x86_64/e6072d4f65d7061329687fe24e3d63a7-common-args.resp -include /Users/hectorgarcia/Library/Developer/Xcode/DerivedData/Build/Intermediates.noindex/GTMSessionFetcher.build/Debug-iphonesimulator/GTMSessionFetcherCore.build/DerivedSources/resource_bundle_accessor.h -MMD -MT dependencies -MF /Users/hectorgarcia/Library/Developer/Xcode/DerivedData/Build/Intermediates.noindex/GTMSessionFetcher.build/Debug-iphonesimulator/GTMSessionFetcherCore.build/Objects-normal/x86_64/resource_bundle_accessor.d --serialize-diagnostics /Users/hectorgarcia/Library/Developer/Xcode/DerivedData/Build/Intermediates.noindex/GTMSessionFetcher.build/Debug-iphonesimulator/GTMSessionFetcherCore.build/Objects-normal/x86_64/resource_bundle_accessor.dia -c /Users/hectorgarcia/Library/Developer/Xcode/DerivedData/Build/Intermediates.noindex/GTMSessionFetcher.build/Debug-iphonesimulator/GTMSessionFetcherCore.build/DerivedSources/resource_bundle_accessor.m -o /Users/hectorgarcia/Library/Developer/Xcode/DerivedData/Build/Intermediates.noindex/GTMSessionFetcher.build/Debug-iphonesimulator/GTMSessionFetcherCore.build/Objects-normal/x86_64/resource_bundle_accessor.o -index-unit-output-path /GTMSessionFetcher.build/Debug-iphonesimulator/GTMSessionFetcherCore.build/Objects-normal/x86_64/resource_bundle_accessor.o

SwiftDriverJobDiscovery normal x86_64 Compiling resource_bundle_accessor.swift, Heartbeat.swift (in target 'FirebaseCoreInternal' from project 'Firebase')

PrecompileModule /Users/hectorgarcia/Library/Developer/Xcode/DerivedData/Build/Intermediates.noindex/ExplicitPrecompiledModules/UserNotifications-AJD2GWWN9005QEIR7LG4WIP7.scan
    cd /
    builtin-precompileModule /Users/hectorgarcia/Library/Developer/Xcode/DerivedData/Build/Intermediates.noindex/ExplicitPrecompiledModules/UserNotifications-AJD2GWWN9005QEIR7LG4WIP7.scan

PrecompileModule /Users/hectorgarcia/Library/Developer/Xcode/DerivedData/Build/Intermediates.noindex/ExplicitPrecompiledModules/Symbols-5DVS459D1HEC6JF6GB5EKUA3P.scan
    cd /
    builtin-precompileModule /Users/hectorgarcia/Library/Developer/Xcode/DerivedData/Build/Intermediates.noindex/ExplicitPrecompiledModules/Symbols-5DVS459D1HEC6JF6GB5EKUA3P.scan

PrecompileModule /Users/hectorgarcia/Library/Developer/Xcode/DerivedData/Build/Intermediates.noindex/ExplicitPrecompiledModules/FileProvider-AJQ51GLUWV7HSDKZLFXQ80N5G.scan
    cd /
    builtin-precompileModule /Users/hectorgarcia/Library/Developer/Xcode/DerivedData/Build/Intermediates.noindex/ExplicitPrecompiledModules/FileProvider-AJQ51GLUWV7HSDKZLFXQ80N5G.scan

SwiftDriverJobDiscovery normal x86_64 Compiling Storage.swift, StorageFactory.swift (in target 'FirebaseCoreInternal' from project 'Firebase')

PrecompileModule /Users/hectorgarcia/Library/Developer/Xcode/DerivedData/Build/Intermediates.noindex/ExplicitPrecompiledModules/OpenGLES-2AG7EJN8R3YS7GIRF9ZEHCLK7.scan
    cd /
    builtin-precompileModule /Users/hectorgarcia/Library/Developer/Xcode/DerivedData/Build/Intermediates.noindex/ExplicitPrecompiledModules/OpenGLES-2AG7EJN8R3YS7GIRF9ZEHCLK7.scan

PrecompileModule /Users/hectorgarcia/Library/Developer/Xcode/DerivedData/Build/Intermediates.noindex/ExplicitPrecompiledModules/UIUtilities-5C7ASIJ43YIN42A8QN762YEEW.scan
    cd /
    builtin-precompileModule /Users/hectorgarcia/Library/Developer/Xcode/DerivedData/Build/Intermediates.noindex/ExplicitPrecompiledModules/UIUtilities-5C7ASIJ43YIN42A8QN762YEEW.scan

PrecompileModule /Users/hectorgarcia/Library/Developer/Xcode/DerivedData/Build/Intermediates.noindex/ExplicitPrecompiledModules/IOSurface-DILOCFNRA757X7C3VR295BNAD.scan
    cd /
    builtin-precompileModule /Users/hectorgarcia/Library/Developer/Xcode/DerivedData/Build/Intermediates.noindex/ExplicitPrecompiledModules/IOSurface-DILOCFNRA757X7C3VR295BNAD.scan

SwiftCompile normal x86_64 Compiling\ _ObjC_HeartbeatController.swift /Users/hectorgarcia/Library/Developer/Xcode/DerivedData/Lyo-eagkiegzrakogpczynhkaholsscs/SourcePackages/checkouts/firebase-ios-sdk/FirebaseCore/Internal/Sources/HeartbeatLogging/_ObjC_HeartbeatController.swift (in target 'FirebaseCoreInternal' from project 'Firebase')

SwiftCompile normal x86_64 /Users/hectorgarcia/Library/Developer/Xcode/DerivedData/Lyo-eagkiegzrakogpczynhkaholsscs/SourcePackages/checkouts/firebase-ios-sdk/FirebaseCore/Internal/Sources/HeartbeatLogging/_ObjC_HeartbeatController.swift (in target 'FirebaseCoreInternal' from project 'Firebase')
    cd /Users/hectorgarcia/LYO_Da_ONE/Lyo.xcodeproj
    

SwiftCompile normal x86_64 Compiling\ HeartbeatController.swift,\ HeartbeatLoggingTestUtils.swift /Users/hectorgarcia/Library/Developer/Xcode/DerivedData/Lyo-eagkiegzrakogpczynhkaholsscs/SourcePackages/checkouts/firebase-ios-sdk/FirebaseCore/Internal/Sources/HeartbeatLogging/HeartbeatController.swift /Users/hectorgarcia/Library/Developer/Xcode/DerivedData/Lyo-eagkiegzrakogpczynhkaholsscs/SourcePackages/checkouts/firebase-ios-sdk/FirebaseCore/Internal/Sources/HeartbeatLogging/HeartbeatLoggingTestUtils.swift (in target 'FirebaseCoreInternal' from project 'Firebase')
SwiftCompile normal x86_64 /Users/hectorgarcia/Library/Developer/Xcode/DerivedData/Lyo-eagkiegzrakogpczynhkaholsscs/SourcePackages/checkouts/firebase-ios-sdk/FirebaseCore/Internal/Sources/HeartbeatLogging/HeartbeatController.swift (in target 'FirebaseCoreInternal' from project 'Firebase')
    cd /Users/hectorgarcia/LYO_Da_ONE/Lyo.xcodeproj
    

SwiftCompile normal x86_64 /Users/hectorgarcia/Library/Developer/Xcode/DerivedData/Lyo-eagkiegzrakogpczynhkaholsscs/SourcePackages/checkouts/firebase-ios-sdk/FirebaseCore/Internal/Sources/HeartbeatLogging/HeartbeatLoggingTestUtils.swift (in target 'FirebaseCoreInternal' from project 'Firebase')
    cd /Users/hectorgarcia/LYO_Da_ONE/Lyo.xcodeproj
    

PrecompileModule /Users/hectorgarcia/Library/Developer/Xcode/DerivedData/Build/Intermediates.noindex/ExplicitPrecompiledModules/Metal-4Q7JD6M3IK93XMOWDQ62J4H4W.scan
    cd /
    builtin-precompileModule /Users/hectorgarcia/Library/Developer/Xcode/DerivedData/Build/Intermediates.noindex/ExplicitPrecompiledModules/Metal-4Q7JD6M3IK93XMOWDQ62J4H4W.scan

SwiftCompile normal x86_64 Compiling\ WeakContainer.swift /Users/hectorgarcia/Library/Developer/Xcode/DerivedData/Lyo-eagkiegzrakogpczynhkaholsscs/SourcePackages/checkouts/firebase-ios-sdk/FirebaseCore/Internal/Sources/HeartbeatLogging/WeakContainer.swift (in target 'FirebaseCoreInternal' from project 'Firebase')

SwiftCompile normal x86_64 /Users/hectorgarcia/Library/Developer/Xcode/DerivedData/Lyo-eagkiegzrakogpczynhkaholsscs/SourcePackages/checkouts/firebase-ios-sdk/FirebaseCore/Internal/Sources/HeartbeatLogging/WeakContainer.swift (in target 'FirebaseCoreInternal' from project 'Firebase')
    cd /Users/hectorgarcia/LYO_Da_ONE/Lyo.xcodeproj
    

ScanDependencies /Users/hectorgarcia/Library/Developer/Xcode/DerivedData/Build/Intermediates.noindex/Firebase.build/Debug-iphonesimulator/FirebaseCoreExtension.build/Objects-normal/x86_64/resource_bundle_accessor.o /Users/hectorgarcia/Library/Developer/Xcode/DerivedData/Build/Intermediates.noindex/Firebase.build/Debug-iphonesimulator/FirebaseCoreExtension.build/DerivedSources/resource_bundle_accessor.m normal x86_64 objective-c com.apple.compilers.llvm.clang.1_0.compiler (in target 'FirebaseCoreExtension' from project 'Firebase')
    cd /Users/hectorgarcia/LYO_Da_ONE/Lyo.xcodeproj
    
    Using response file: /Users/hectorgarcia/Library/Developer/Xcode/DerivedData/Build/Intermediates.noindex/Firebase.build/Debug-iphonesimulator/FirebaseCoreExtension.build/Objects-normal/x86_64/e6072d4f65d7061329687fe24e3d63a7-common-args.resp
    
    builtin-ScanDependencies -o /Users/hectorgarcia/Library/Developer/Xcode/DerivedData/Build/Intermediates.noindex/Firebase.build/Debug-iphonesimulator/FirebaseCoreExtension.build/Objects-normal/x86_64/resource_bundle_accessor.o.scan -- /Users/hectorgarcia/Downloads/Xcode.app/Contents/Developer/Toolchains/XcodeDefault.xctoolchain/usr/bin/clang -x objective-c -ivfsstatcache /Users/hectorgarcia/Library/Developer/Xcode/DerivedData/SDKStatCaches.noindex/iphonesimulator26.2-23C53-823d3e8b6e60bc2018c189d3ca05ba9b.sdkstatcache -fmessage-length\=0 -fdiagnostics-show-note-include-stack -fmacro-backtrace-limit\=0 -fno-color-diagnostics -fmodules-prune-interval\=86400 -fmodules-prune-after\=345600 -fbuild-session-file\=/Users/hectorgarcia/Library/Developer/Xcode/DerivedData/ModuleCache.noindex/Session.modulevalidation -fmodules-validate-once-per-build-session -Wnon-modular-include-in-framework-module -Werror\=non-modular-include-in-framework-module -Wno-trigraphs -Wno-missing-field-initializers -Wno-missing-prototypes -Wno-return-type -Wno-implicit-atomic-properties -Wno-objc-interface-ivars -Wno-arc-repeated-use-of-weak -Wno-missing-braces -Wparentheses -Wswitch -Wno-unused-function -Wno-unused-label -Wno-unused-parameter -Wno-unused-variable -Wunused-value -Wno-empty-body -Wno-uninitialized -Wno-unknown-pragmas -w -Wno-shadow -Wno-four-char-constants -Wno-conversion -Wno-constant-conversion -Wno-int-conversion -Wno-bool-conversion -Wno-enum-conversion -Wno-float-conversion -Wno-non-literal-null-conversion -Wno-objc-literal-conversion -Wshorten-64-to-32 -Wpointer-sign -Wno-newline-eof -Wno-selector -Wno-strict-selector-match -Wno-undeclared-selector -Wno-deprecated-implementations -Wno-implicit-fallthrough -fstrict-aliasing -Wprotocol -Wdeprecated-declarations -Wno-sign-conversion -Wno-infinite-recursion -Wno-comma -Wno-block-capture-autoreleasing -Wno-strict-prototypes -Wno-semicolon-before-method-body -index-store-path /Users/hectorgarcia/Library/Developer/Xcode/DerivedData/Lyo-eagkiegzrakogpczynhkaholsscs/Index.noindex/DataStore @/Users/hectorgarcia/Library/Developer/Xcode/DerivedData/Build/Intermediates.noindex/Firebase.build/Debug-iphonesimulator/FirebaseCoreExtension.build/Objects-normal/x86_64/e6072d4f65d7061329687fe24e3d63a7-common-args.resp -include /Users/hectorgarcia/Library/Developer/Xcode/DerivedData/Build/Intermediates.noindex/Firebase.build/Debug-iphonesimulator/FirebaseCoreExtension.build/DerivedSources/resource_bundle_accessor.h -MMD -MT dependencies -MF /Users/hectorgarcia/Library/Developer/Xcode/DerivedData/Build/Intermediates.noindex/Firebase.build/Debug-iphonesimulator/FirebaseCoreExtension.build/Objects-normal/x86_64/resource_bundle_accessor.d --serialize-diagnostics /Users/hectorgarcia/Library/Developer/Xcode/DerivedData/Build/Intermediates.noindex/Firebase.build/Debug-iphonesimulator/FirebaseCoreExtension.build/Objects-normal/x86_64/resource_bundle_accessor.dia -c /Users/hectorgarcia/Library/Developer/Xcode/DerivedData/Build/Intermediates.noindex/Firebase.build/Debug-iphonesimulator/FirebaseCoreExtension.build/DerivedSources/resource_bundle_accessor.m -o /Users/hectorgarcia/Library/Developer/Xcode/DerivedData/Build/Intermediates.noindex/Firebase.build/Debug-iphonesimulator/FirebaseCoreExtension.build/Objects-normal/x86_64/resource_bundle_accessor.o -index-unit-output-path /Firebase.build/Debug-iphonesimulator/FirebaseCoreExtension.build/Objects-normal/x86_64/resource_bundle_accessor.o

SwiftDriverJobDiscovery normal x86_64 Compiling AuthSession.swift (in target 'GTMAppAuth' from project 'GTMAppAuth')

SwiftDriver\ Compilation GTMAppAuth normal x86_64 com.apple.xcode.tools.swift.compiler (in target 'GTMAppAuth' from project 'GTMAppAuth')
    cd /Users/hectorgarcia/LYO_Da_ONE/Lyo.xcodeproj
    builtin-Swift-Compilation -- /Users/hectorgarcia/Downloads/Xcode.app/Contents/Developer/Toolchains/XcodeDefault.xctoolchain/usr/bin/swiftc -module-name GTMAppAuth -Onone -enforce-exclusivity\=checked @/Users/hectorgarcia/Library/Developer/Xcode/DerivedData/Build/Intermediates.noindex/GTMAppAuth.build/Debug-iphonesimulator/GTMAppAuth.build/Objects-normal/x86_64/GTMAppAuth.SwiftFileList -DSWIFT_PACKAGE -DDEBUG -DSWIFT_MODULE_RESOURCE_BUNDLE_AVAILABLE -Xcc -fmodule-map-file\=/Users/hectorgarcia/Library/Developer/Xcode/DerivedData/Build/Intermediates.noindex/GeneratedModuleMaps-iphonesimulator/GTMSessionFetcherCore.modulemap -Xcc -fmodule-map-file\=/Users/hectorgarcia/Library/Developer/Xcode/DerivedData/Build/Intermediates.noindex/GeneratedModuleMaps-iphonesimulator/AppAuthCore.modulemap -DXcode -plugin-path /Users/hectorgarcia/Downloads/Xcode.app/Contents/Developer/Toolchains/XcodeDefault.xctoolchain/usr/lib/swift/host/plugins/testing -enable-experimental-feature DebugDescriptionMacro -sdk /Users/hectorgarcia/Downloads/Xcode.app/Contents/Developer/Platforms/iPhoneSimulator.platform/Developer/SDKs/iPhoneSimulator26.2.sdk -target x86_64-apple-ios12.0-simulator -g -module-cache-path /Users/hectorgarcia/Library/Developer/Xcode/DerivedData/ModuleCache.noindex -Xfrontend -serialize-debugging-options -enable-testing -suppress-warnings -index-store-path /Users/hectorgarcia/Library/Developer/Xcode/DerivedData/Lyo-eagkiegzrakogpczynhkaholsscs/Index.noindex/DataStore -Xcc -D_LIBCPP_HARDENING_MODE\=_LIBCPP_HARDENING_MODE_DEBUG -swift-version 5 -I /Users/hectorgarcia/Library/Developer/Xcode/DerivedData/Build/Products/Debug-iphonesimulator -Isystem /Users/hectorgarcia/Downloads/Xcode.app/Contents/Developer/Platforms/iPhoneSimulator.platform/Developer/usr/lib -F /Users/hectorgarcia/Library/Developer/Xcode/DerivedData/Build/Products/Debug-iphonesimulator/PackageFrameworks -F /Users/hectorgarcia/Library/Developer/Xcode/DerivedData/Build/Products/Debug-iphonesimulator/PackageFrameworks -F /Users/hectorgarcia/Library/Developer/Xcode/DerivedData/Build/Products/Debug-iphonesimulator -F /Users/hectorgarcia/Downloads/Xcode.app/Contents/Developer/Platforms/iPhoneSimulator.platform/Developer/Library/Frameworks -F /Users/hectorgarcia/Downloads/Xcode.app/Contents/Developer/Platforms/iPhoneSimulator.platform/Developer/SDKs/iPhoneSimulator26.2.sdk/Developer/Library/Frameworks -c -j8 -enable-batch-mode -incremental -Xcc -ivfsstatcache -Xcc /Users/hectorgarcia/Library/Developer/Xcode/DerivedData/SDKStatCaches.noindex/iphonesimulator26.2-23C53-823d3e8b6e60bc2018c189d3ca05ba9b.sdkstatcache -output-file-map /Users/hectorgarcia/Library/Developer/Xcode/DerivedData/Build/Intermediates.noindex/GTMAppAuth.build/Debug-iphonesimulator/GTMAppAuth.build/Objects-normal/x86_64/GTMAppAuth-OutputFileMap.json -use-frontend-parseable-output -save-temps -no-color-diagnostics -explicit-module-build -module-cache-path /Users/hectorgarcia/Library/Developer/Xcode/DerivedData/Build/Intermediates.noindex/SwiftExplicitPrecompiledModules -clang-scanner-module-cache-path /Users/hectorgarcia/Library/Developer/Xcode/DerivedData/ModuleCache.noindex -sdk-module-cache-path /Users/hectorgarcia/Library/Developer/Xcode/DerivedData/ModuleCache.noindex -serialize-diagnostics -emit-dependencies -emit-module -emit-module-path /Users/hectorgarcia/Library/Developer/Xcode/DerivedData/Build/Intermediates.noindex/GTMAppAuth.build/Debug-iphonesimulator/GTMAppAuth.build/Objects-normal/x86_64/GTMAppAuth.swiftmodule -validate-clang-modules-once -clang-build-session-file /Users/hectorgarcia/Library/Developer/Xcode/DerivedData/ModuleCache.noindex/Session.modulevalidation -Xcc -I/Users/hectorgarcia/Library/Developer/Xcode/DerivedData/Build/Intermediates.noindex/GTMAppAuth.build/Debug-iphonesimulator/GTMAppAuth.build/swift-overrides.hmap -emit-const-values -Xfrontend -const-gather-protocols-file -Xfrontend /Users/hectorgarcia/Library/Developer/Xcode/DerivedData/Build/Intermediates.noindex/GTMAppAuth.build/Debug-iphonesimulator/GTMAppAuth.build/Objects-normal/x86_64/GTMAppAuth_const_extract_protocols.json -Xcc -I/Users/hectorgarcia/Library/Developer/Xcode/DerivedData/Lyo-eagkiegzrakogpczynhkaholsscs/SourcePackages/checkouts/gtm-session-fetcher/Sources/Core/Public -Xcc -I/Users/hectorgarcia/Library/Developer/Xcode/DerivedData/Lyo-eagkiegzrakogpczynhkaholsscs/SourcePackages/checkouts/AppAuth-iOS/Sources/AppAuthCore -Xcc -I/Users/hectorgarcia/Library/Developer/Xcode/DerivedData/Build/Products/Debug-iphonesimulator/include -Xcc -I/Users/hectorgarcia/Library/Developer/Xcode/DerivedData/Build/Intermediates.noindex/GTMAppAuth.build/Debug-iphonesimulator/GTMAppAuth.build/DerivedSources-normal/x86_64 -Xcc -I/Users/hectorgarcia/Library/Developer/Xcode/DerivedData/Build/Intermediates.noindex/GTMAppAuth.build/Debug-iphonesimulator/GTMAppAuth.build/DerivedSources/x86_64 -Xcc -I/Users/hectorgarcia/Library/Developer/Xcode/DerivedData/Build/Intermediates.noindex/GTMAppAuth.build/Debug-iphonesimulator/GTMAppAuth.build/DerivedSources -Xcc -DSWIFT_PACKAGE -Xcc -DDEBUG\=1 -emit-objc-header -emit-objc-header-path /Users/hectorgarcia/Library/Developer/Xcode/DerivedData/Build/Intermediates.noindex/GTMAppAuth.build/Debug-iphonesimulator/GTMAppAuth.build/Objects-normal/x86_64/GTMAppAuth-Swift.h -working-directory /Users/hectorgarcia/LYO_Da_ONE/Lyo.xcodeproj -experimental-emit-module-separately -disable-cmo

CompileC /Users/hectorgarcia/Library/Developer/Xcode/DerivedData/Build/Intermediates.noindex/GoogleDataTransport.build/Debug-iphonesimulator/GoogleDataTransport.build/Objects-normal/x86_64/GDTCORUploadCoordinator.o /Users/hectorgarcia/Library/Developer/Xcode/DerivedData/Lyo-eagkiegzrakogpczynhkaholsscs/SourcePackages/checkouts/GoogleDataTransport/GoogleDataTransport/GDTCORLibrary/GDTCORUploadCoordinator.m normal x86_64 objective-c com.apple.compilers.llvm.clang.1_0.compiler (in target 'GoogleDataTransport' from project 'GoogleDataTransport')
    cd /Users/hectorgarcia/LYO_Da_ONE/Lyo.xcodeproj
    
    Using response file: /Users/hectorgarcia/Library/Developer/Xcode/DerivedData/Build/Intermediates.noindex/GoogleDataTransport.build/Debug-iphonesimulator/GoogleDataTransport.build/Objects-normal/x86_64/e6072d4f65d7061329687fe24e3d63a7-common-args.resp
    
    /Users/hectorgarcia/Downloads/Xcode.app/Contents/Developer/Toolchains/XcodeDefault.xctoolchain/usr/bin/clang -x objective-c -ivfsstatcache /Users/hectorgarcia/Library/Developer/Xcode/DerivedData/SDKStatCaches.noindex/iphonesimulator26.2-23C53-823d3e8b6e60bc2018c189d3ca05ba9b.sdkstatcache -fmessage-length\=0 -fdiagnostics-show-note-include-stack -fmacro-backtrace-limit\=0 -fno-color-diagnostics -fmodules-prune-interval\=86400 -fmodules-prune-after\=345600 -fbuild-session-file\=/Users/hectorgarcia/Library/Developer/Xcode/DerivedData/ModuleCache.noindex/Session.modulevalidation -fmodules-validate-once-per-build-session -Wnon-modular-include-in-framework-module -Werror\=non-modular-include-in-framework-module -Wno-trigraphs -Wno-missing-field-initializers -Wno-missing-prototypes -Wno-return-type -Wno-implicit-atomic-properties -Wno-objc-interface-ivars -Wno-arc-repeated-use-of-weak -Wno-missing-braces -Wparentheses -Wswitch -Wno-unused-function -Wno-unused-label -Wno-unused-parameter -Wno-unused-variable -Wunused-value -Wno-empty-body -Wno-uninitialized -Wno-unknown-pragmas -w -Wno-shadow -Wno-four-char-constants -Wno-conversion -Wno-constant-conversion -Wno-int-conversion -Wno-bool-conversion -Wno-enum-conversion -Wno-float-conversion -Wno-non-literal-null-conversion -Wno-objc-literal-conversion -Wshorten-64-to-32 -Wpointer-sign -Wno-newline-eof -Wno-selector -Wno-strict-selector-match -Wno-undeclared-selector -Wno-deprecated-implementations -Wno-implicit-fallthrough -fstrict-aliasing -Wprotocol -Wdeprecated-declarations -Wno-sign-conversion -Wno-infinite-recursion -Wno-comma -Wno-block-capture-autoreleasing -Wno-strict-prototypes -Wno-semicolon-before-method-body -index-store-path /Users/hectorgarcia/Library/Developer/Xcode/DerivedData/Lyo-eagkiegzrakogpczynhkaholsscs/Index.noindex/DataStore @/Users/hectorgarcia/Library/Developer/Xcode/DerivedData/Build/Intermediates.noindex/GoogleDataTransport.build/Debug-iphonesimulator/GoogleDataTransport.build/Objects-normal/x86_64/e6072d4f65d7061329687fe24e3d63a7-common-args.resp -include /Users/hectorgarcia/Library/Developer/Xcode/DerivedData/Build/Intermediates.noindex/GoogleDataTransport.build/Debug-iphonesimulator/GoogleDataTransport.build/DerivedSources/resource_bundle_accessor.h -MMD -MT dependencies -MF /Users/hectorgarcia/Library/Developer/Xcode/DerivedData/Build/Intermediates.noindex/GoogleDataTransport.build/Debug-iphonesimulator/GoogleDataTransport.build/Objects-normal/x86_64/GDTCORUploadCoordinator.d --serialize-diagnostics /Users/hectorgarcia/Library/Developer/Xcode/DerivedData/Build/Intermediates.noindex/GoogleDataTransport.build/Debug-iphonesimulator/GoogleDataTransport.build/Objects-normal/x86_64/GDTCORUploadCoordinator.dia -c /Users/hectorgarcia/Library/Developer/Xcode/DerivedData/Lyo-eagkiegzrakogpczynhkaholsscs/SourcePackages/checkouts/GoogleDataTransport/GoogleDataTransport/GDTCORLibrary/GDTCORUploadCoordinator.m -o /Users/hectorgarcia/Library/Developer/Xcode/DerivedData/Build/Intermediates.noindex/GoogleDataTransport.build/Debug-iphonesimulator/GoogleDataTransport.build/Objects-normal/x86_64/GDTCORUploadCoordinator.o -index-unit-output-path /GoogleDataTransport.build/Debug-iphonesimulator/GoogleDataTransport.build/Objects-normal/x86_64/GDTCORUploadCoordinator.o

CompileC /Users/hectorgarcia/Library/Developer/Xcode/DerivedData/Build/Intermediates.noindex/GoogleDataTransport.build/Debug-iphonesimulator/GoogleDataTransport.build/Objects-normal/x86_64/GDTCORTransport.o /Users/hectorgarcia/Library/Developer/Xcode/DerivedData/Lyo-eagkiegzrakogpczynhkaholsscs/SourcePackages/checkouts/GoogleDataTransport/GoogleDataTransport/GDTCORLibrary/GDTCORTransport.m normal x86_64 objective-c com.apple.compilers.llvm.clang.1_0.compiler (in target 'GoogleDataTransport' from project 'GoogleDataTransport')
    cd /Users/hectorgarcia/LYO_Da_ONE/Lyo.xcodeproj
    
    Using response file: /Users/hectorgarcia/Library/Developer/Xcode/DerivedData/Build/Intermediates.noindex/GoogleDataTransport.build/Debug-iphonesimulator/GoogleDataTransport.build/Objects-normal/x86_64/e6072d4f65d7061329687fe24e3d63a7-common-args.resp
    
    /Users/hectorgarcia/Downloads/Xcode.app/Contents/Developer/Toolchains/XcodeDefault.xctoolchain/usr/bin/clang -x objective-c -ivfsstatcache /Users/hectorgarcia/Library/Developer/Xcode/DerivedData/SDKStatCaches.noindex/iphonesimulator26.2-23C53-823d3e8b6e60bc2018c189d3ca05ba9b.sdkstatcache -fmessage-length\=0 -fdiagnostics-show-note-include-stack -fmacro-backtrace-limit\=0 -fno-color-diagnostics -fmodules-prune-interval\=86400 -fmodules-prune-after\=345600 -fbuild-session-file\=/Users/hectorgarcia/Library/Developer/Xcode/DerivedData/ModuleCache.noindex/Session.modulevalidation -fmodules-validate-once-per-build-session -Wnon-modular-include-in-framework-module -Werror\=non-modular-include-in-framework-module -Wno-trigraphs -Wno-missing-field-initializers -Wno-missing-prototypes -Wno-return-type -Wno-implicit-atomic-properties -Wno-objc-interface-ivars -Wno-arc-repeated-use-of-weak -Wno-missing-braces -Wparentheses -Wswitch -Wno-unused-function -Wno-unused-label -Wno-unused-parameter -Wno-unused-variable -Wunused-value -Wno-empty-body -Wno-uninitialized -Wno-unknown-pragmas -w -Wno-shadow -Wno-four-char-constants -Wno-conversion -Wno-constant-conversion -Wno-int-conversion -Wno-bool-conversion -Wno-enum-conversion -Wno-float-conversion -Wno-non-literal-null-conversion -Wno-objc-literal-conversion -Wshorten-64-to-32 -Wpointer-sign -Wno-newline-eof -Wno-selector -Wno-strict-selector-match -Wno-undeclared-selector -Wno-deprecated-implementations -Wno-implicit-fallthrough -fstrict-aliasing -Wprotocol -Wdeprecated-declarations -Wno-sign-conversion -Wno-infinite-recursion -Wno-comma -Wno-block-capture-autoreleasing -Wno-strict-prototypes -Wno-semicolon-before-method-body -index-store-path /Users/hectorgarcia/Library/Developer/Xcode/DerivedData/Lyo-eagkiegzrakogpczynhkaholsscs/Index.noindex/DataStore @/Users/hectorgarcia/Library/Developer/Xcode/DerivedData/Build/Intermediates.noindex/GoogleDataTransport.build/Debug-iphonesimulator/GoogleDataTransport.build/Objects-normal/x86_64/e6072d4f65d7061329687fe24e3d63a7-common-args.resp -include /Users/hectorgarcia/Library/Developer/Xcode/DerivedData/Build/Intermediates.noindex/GoogleDataTransport.build/Debug-iphonesimulator/GoogleDataTransport.build/DerivedSources/resource_bundle_accessor.h -MMD -MT dependencies -MF /Users/hectorgarcia/Library/Developer/Xcode/DerivedData/Build/Intermediates.noindex/GoogleDataTransport.build/Debug-iphonesimulator/GoogleDataTransport.build/Objects-normal/x86_64/GDTCORTransport.d --serialize-diagnostics /Users/hectorgarcia/Library/Developer/Xcode/DerivedData/Build/Intermediates.noindex/GoogleDataTransport.build/Debug-iphonesimulator/GoogleDataTransport.build/Objects-normal/x86_64/GDTCORTransport.dia -c /Users/hectorgarcia/Library/Developer/Xcode/DerivedData/Lyo-eagkiegzrakogpczynhkaholsscs/SourcePackages/checkouts/GoogleDataTransport/GoogleDataTransport/GDTCORLibrary/GDTCORTransport.m -o /Users/hectorgarcia/Library/Developer/Xcode/DerivedData/Build/Intermediates.noindex/GoogleDataTransport.build/Debug-iphonesimulator/GoogleDataTransport.build/Objects-normal/x86_64/GDTCORTransport.o -index-unit-output-path /GoogleDataTransport.build/Debug-iphonesimulator/GoogleDataTransport.build/Objects-normal/x86_64/GDTCORTransport.o

CompileC /Users/hectorgarcia/Library/Developer/Xcode/DerivedData/Build/Intermediates.noindex/GoogleDataTransport.build/Debug-iphonesimulator/GoogleDataTransport.build/Objects-normal/x86_64/GDTCORTransformer.o /Users/hectorgarcia/Library/Developer/Xcode/DerivedData/Lyo-eagkiegzrakogpczynhkaholsscs/SourcePackages/checkouts/GoogleDataTransport/GoogleDataTransport/GDTCORLibrary/GDTCORTransformer.m normal x86_64 objective-c com.apple.compilers.llvm.clang.1_0.compiler (in target 'GoogleDataTransport' from project 'GoogleDataTransport')
    cd /Users/hectorgarcia/LYO_Da_ONE/Lyo.xcodeproj
    
    Using response file: /Users/hectorgarcia/Library/Developer/Xcode/DerivedData/Build/Intermediates.noindex/GoogleDataTransport.build/Debug-iphonesimulator/GoogleDataTransport.build/Objects-normal/x86_64/e6072d4f65d7061329687fe24e3d63a7-common-args.resp
    
    /Users/hectorgarcia/Downloads/Xcode.app/Contents/Developer/Toolchains/XcodeDefault.xctoolchain/usr/bin/clang -x objective-c -ivfsstatcache /Users/hectorgarcia/Library/Developer/Xcode/DerivedData/SDKStatCaches.noindex/iphonesimulator26.2-23C53-823d3e8b6e60bc2018c189d3ca05ba9b.sdkstatcache -fmessage-length\=0 -fdiagnostics-show-note-include-stack -fmacro-backtrace-limit\=0 -fno-color-diagnostics -fmodules-prune-interval\=86400 -fmodules-prune-after\=345600 -fbuild-session-file\=/Users/hectorgarcia/Library/Developer/Xcode/DerivedData/ModuleCache.noindex/Session.modulevalidation -fmodules-validate-once-per-build-session -Wnon-modular-include-in-framework-module -Werror\=non-modular-include-in-framework-module -Wno-trigraphs -Wno-missing-field-initializers -Wno-missing-prototypes -Wno-return-type -Wno-implicit-atomic-properties -Wno-objc-interface-ivars -Wno-arc-repeated-use-of-weak -Wno-missing-braces -Wparentheses -Wswitch -Wno-unused-function -Wno-unused-label -Wno-unused-parameter -Wno-unused-variable -Wunused-value -Wno-empty-body -Wno-uninitialized -Wno-unknown-pragmas -w -Wno-shadow -Wno-four-char-constants -Wno-conversion -Wno-constant-conversion -Wno-int-conversion -Wno-bool-conversion -Wno-enum-conversion -Wno-float-conversion -Wno-non-literal-null-conversion -Wno-objc-literal-conversion -Wshorten-64-to-32 -Wpointer-sign -Wno-newline-eof -Wno-selector -Wno-strict-selector-match -Wno-undeclared-selector -Wno-deprecated-implementations -Wno-implicit-fallthrough -fstrict-aliasing -Wprotocol -Wdeprecated-declarations -Wno-sign-conversion -Wno-infinite-recursion -Wno-comma -Wno-block-capture-autoreleasing -Wno-strict-prototypes -Wno-semicolon-before-method-body -index-store-path /Users/hectorgarcia/Library/Developer/Xcode/DerivedData/Lyo-eagkiegzrakogpczynhkaholsscs/Index.noindex/DataStore @/Users/hectorgarcia/Library/Developer/Xcode/DerivedData/Build/Intermediates.noindex/GoogleDataTransport.build/Debug-iphonesimulator/GoogleDataTransport.build/Objects-normal/x86_64/e6072d4f65d7061329687fe24e3d63a7-common-args.resp -include /Users/hectorgarcia/Library/Developer/Xcode/DerivedData/Build/Intermediates.noindex/GoogleDataTransport.build/Debug-iphonesimulator/GoogleDataTransport.build/DerivedSources/resource_bundle_accessor.h -MMD -MT dependencies -MF /Users/hectorgarcia/Library/Developer/Xcode/DerivedData/Build/Intermediates.noindex/GoogleDataTransport.build/Debug-iphonesimulator/GoogleDataTransport.build/Objects-normal/x86_64/GDTCORTransformer.d --serialize-diagnostics /Users/hectorgarcia/Library/Developer/Xcode/DerivedData/Build/Intermediates.noindex/GoogleDataTransport.build/Debug-iphonesimulator/GoogleDataTransport.build/Objects-normal/x86_64/GDTCORTransformer.dia -c /Users/hectorgarcia/Library/Developer/Xcode/DerivedData/Lyo-eagkiegzrakogpczynhkaholsscs/SourcePackages/checkouts/GoogleDataTransport/GoogleDataTransport/GDTCORLibrary/GDTCORTransformer.m -o /Users/hectorgarcia/Library/Developer/Xcode/DerivedData/Build/Intermediates.noindex/GoogleDataTransport.build/Debug-iphonesimulator/GoogleDataTransport.build/Objects-normal/x86_64/GDTCORTransformer.o -index-unit-output-path /GoogleDataTransport.build/Debug-iphonesimulator/GoogleDataTransport.build/Objects-normal/x86_64/GDTCORTransformer.o

CompileC /Users/hectorgarcia/Library/Developer/Xcode/DerivedData/Build/Intermediates.noindex/GoogleDataTransport.build/Debug-iphonesimulator/GoogleDataTransport.build/Objects-normal/x86_64/GDTCORRegistrar.o /Users/hectorgarcia/Library/Developer/Xcode/DerivedData/Lyo-eagkiegzrakogpczynhkaholsscs/SourcePackages/checkouts/GoogleDataTransport/GoogleDataTransport/GDTCORLibrary/GDTCORRegistrar.m normal x86_64 objective-c com.apple.compilers.llvm.clang.1_0.compiler (in target 'GoogleDataTransport' from project 'GoogleDataTransport')
    cd /Users/hectorgarcia/LYO_Da_ONE/Lyo.xcodeproj
    
    Using response file: /Users/hectorgarcia/Library/Developer/Xcode/DerivedData/Build/Intermediates.noindex/GoogleDataTransport.build/Debug-iphonesimulator/GoogleDataTransport.build/Objects-normal/x86_64/e6072d4f65d7061329687fe24e3d63a7-common-args.resp
    
    /Users/hectorgarcia/Downloads/Xcode.app/Contents/Developer/Toolchains/XcodeDefault.xctoolchain/usr/bin/clang -x objective-c -ivfsstatcache /Users/hectorgarcia/Library/Developer/Xcode/DerivedData/SDKStatCaches.noindex/iphonesimulator26.2-23C53-823d3e8b6e60bc2018c189d3ca05ba9b.sdkstatcache -fmessage-length\=0 -fdiagnostics-show-note-include-stack -fmacro-backtrace-limit\=0 -fno-color-diagnostics -fmodules-prune-interval\=86400 -fmodules-prune-after\=345600 -fbuild-session-file\=/Users/hectorgarcia/Library/Developer/Xcode/DerivedData/ModuleCache.noindex/Session.modulevalidation -fmodules-validate-once-per-build-session -Wnon-modular-include-in-framework-module -Werror\=non-modular-include-in-framework-module -Wno-trigraphs -Wno-missing-field-initializers -Wno-missing-prototypes -Wno-return-type -Wno-implicit-atomic-properties -Wno-objc-interface-ivars -Wno-arc-repeated-use-of-weak -Wno-missing-braces -Wparentheses -Wswitch -Wno-unused-function -Wno-unused-label -Wno-unused-parameter -Wno-unused-variable -Wunused-value -Wno-empty-body -Wno-uninitialized -Wno-unknown-pragmas -w -Wno-shadow -Wno-four-char-constants -Wno-conversion -Wno-constant-conversion -Wno-int-conversion -Wno-bool-conversion -Wno-enum-conversion -Wno-float-conversion -Wno-non-literal-null-conversion -Wno-objc-literal-conversion -Wshorten-64-to-32 -Wpointer-sign -Wno-newline-eof -Wno-selector -Wno-strict-selector-match -Wno-undeclared-selector -Wno-deprecated-implementations -Wno-implicit-fallthrough -fstrict-aliasing -Wprotocol -Wdeprecated-declarations -Wno-sign-conversion -Wno-infinite-recursion -Wno-comma -Wno-block-capture-autoreleasing -Wno-strict-prototypes -Wno-semicolon-before-method-body -index-store-path /Users/hectorgarcia/Library/Developer/Xcode/DerivedData/Lyo-eagkiegzrakogpczynhkaholsscs/Index.noindex/DataStore @/Users/hectorgarcia/Library/Developer/Xcode/DerivedData/Build/Intermediates.noindex/GoogleDataTransport.build/Debug-iphonesimulator/GoogleDataTransport.build/Objects-normal/x86_64/e6072d4f65d7061329687fe24e3d63a7-common-args.resp -include /Users/hectorgarcia/Library/Developer/Xcode/DerivedData/Build/Intermediates.noindex/GoogleDataTransport.build/Debug-iphonesimulator/GoogleDataTransport.build/DerivedSources/resource_bundle_accessor.h -MMD -MT dependencies -MF /Users/hectorgarcia/Library/Developer/Xcode/DerivedData/Build/Intermediates.noindex/GoogleDataTransport.build/Debug-iphonesimulator/GoogleDataTransport.build/Objects-normal/x86_64/GDTCORRegistrar.d --serialize-diagnostics /Users/hectorgarcia/Library/Developer/Xcode/DerivedData/Build/Intermediates.noindex/GoogleDataTransport.build/Debug-iphonesimulator/GoogleDataTransport.build/Objects-normal/x86_64/GDTCORRegistrar.dia -c /Users/hectorgarcia/Library/Developer/Xcode/DerivedData/Lyo-eagkiegzrakogpczynhkaholsscs/SourcePackages/checkouts/GoogleDataTransport/GoogleDataTransport/GDTCORLibrary/GDTCORRegistrar.m -o /Users/hectorgarcia/Library/Developer/Xcode/DerivedData/Build/Intermediates.noindex/GoogleDataTransport.build/Debug-iphonesimulator/GoogleDataTransport.build/Objects-normal/x86_64/GDTCORRegistrar.o -index-unit-output-path /GoogleDataTransport.build/Debug-iphonesimulator/GoogleDataTransport.build/Objects-normal/x86_64/GDTCORRegistrar.o

SwiftDriverJobDiscovery normal x86_64 Compiling WeakContainer.swift (in target 'FirebaseCoreInternal' from project 'Firebase')

CompileC /Users/hectorgarcia/Library/Developer/Xcode/DerivedData/Build/Intermediates.noindex/GoogleDataTransport.build/Debug-iphonesimulator/GoogleDataTransport.build/Objects-normal/x86_64/GDTCORReachability.o /Users/hectorgarcia/Library/Developer/Xcode/DerivedData/Lyo-eagkiegzrakogpczynhkaholsscs/SourcePackages/checkouts/GoogleDataTransport/GoogleDataTransport/GDTCORLibrary/GDTCORReachability.m normal x86_64 objective-c com.apple.compilers.llvm.clang.1_0.compiler (in target 'GoogleDataTransport' from project 'GoogleDataTransport')
    cd /Users/hectorgarcia/LYO_Da_ONE/Lyo.xcodeproj
    
    Using response file: /Users/hectorgarcia/Library/Developer/Xcode/DerivedData/Build/Intermediates.noindex/GoogleDataTransport.build/Debug-iphonesimulator/GoogleDataTransport.build/Objects-normal/x86_64/e6072d4f65d7061329687fe24e3d63a7-common-args.resp
    
    /Users/hectorgarcia/Downloads/Xcode.app/Contents/Developer/Toolchains/XcodeDefault.xctoolchain/usr/bin/clang -x objective-c -ivfsstatcache /Users/hectorgarcia/Library/Developer/Xcode/DerivedData/SDKStatCaches.noindex/iphonesimulator26.2-23C53-823d3e8b6e60bc2018c189d3ca05ba9b.sdkstatcache -fmessage-length\=0 -fdiagnostics-show-note-include-stack -fmacro-backtrace-limit\=0 -fno-color-diagnostics -fmodules-prune-interval\=86400 -fmodules-prune-after\=345600 -fbuild-session-file\=/Users/hectorgarcia/Library/Developer/Xcode/DerivedData/ModuleCache.noindex/Session.modulevalidation -fmodules-validate-once-per-build-session -Wnon-modular-include-in-framework-module -Werror\=non-modular-include-in-framework-module -Wno-trigraphs -Wno-missing-field-initializers -Wno-missing-prototypes -Wno-return-type -Wno-implicit-atomic-properties -Wno-objc-interface-ivars -Wno-arc-repeated-use-of-weak -Wno-missing-braces -Wparentheses -Wswitch -Wno-unused-function -Wno-unused-label -Wno-unused-parameter -Wno-unused-variable -Wunused-value -Wno-empty-body -Wno-uninitialized -Wno-unknown-pragmas -w -Wno-shadow -Wno-four-char-constants -Wno-conversion -Wno-constant-conversion -Wno-int-conversion -Wno-bool-conversion -Wno-enum-conversion -Wno-float-conversion -Wno-non-literal-null-conversion -Wno-objc-literal-conversion -Wshorten-64-to-32 -Wpointer-sign -Wno-newline-eof -Wno-selector -Wno-strict-selector-match -Wno-undeclared-selector -Wno-deprecated-implementations -Wno-implicit-fallthrough -fstrict-aliasing -Wprotocol -Wdeprecated-declarations -Wno-sign-conversion -Wno-infinite-recursion -Wno-comma -Wno-block-capture-autoreleasing -Wno-strict-prototypes -Wno-semicolon-before-method-body -index-store-path /Users/hectorgarcia/Library/Developer/Xcode/DerivedData/Lyo-eagkiegzrakogpczynhkaholsscs/Index.noindex/DataStore @/Users/hectorgarcia/Library/Developer/Xcode/DerivedData/Build/Intermediates.noindex/GoogleDataTransport.build/Debug-iphonesimulator/GoogleDataTransport.build/Objects-normal/x86_64/e6072d4f65d7061329687fe24e3d63a7-common-args.resp -include /Users/hectorgarcia/Library/Developer/Xcode/DerivedData/Build/Intermediates.noindex/GoogleDataTransport.build/Debug-iphonesimulator/GoogleDataTransport.build/DerivedSources/resource_bundle_accessor.h -MMD -MT dependencies -MF /Users/hectorgarcia/Library/Developer/Xcode/DerivedData/Build/Intermediates.noindex/GoogleDataTransport.build/Debug-iphonesimulator/GoogleDataTransport.build/Objects-normal/x86_64/GDTCORReachability.d --serialize-diagnostics /Users/hectorgarcia/Library/Developer/Xcode/DerivedData/Build/Intermediates.noindex/GoogleDataTransport.build/Debug-iphonesimulator/GoogleDataTransport.build/Objects-normal/x86_64/GDTCORReachability.dia -c /Users/hectorgarcia/Library/Developer/Xcode/DerivedData/Lyo-eagkiegzrakogpczynhkaholsscs/SourcePackages/checkouts/GoogleDataTransport/GoogleDataTransport/GDTCORLibrary/GDTCORReachability.m -o /Users/hectorgarcia/Library/Developer/Xcode/DerivedData/Build/Intermediates.noindex/GoogleDataTransport.build/Debug-iphonesimulator/GoogleDataTransport.build/Objects-normal/x86_64/GDTCORReachability.o -index-unit-output-path /GoogleDataTransport.build/Debug-iphonesimulator/GoogleDataTransport.build/Objects-normal/x86_64/GDTCORReachability.o

CompileC /Users/hectorgarcia/Library/Developer/Xcode/DerivedData/Build/Intermediates.noindex/GoogleDataTransport.build/Debug-iphonesimulator/GoogleDataTransport.build/Objects-normal/x86_64/GDTCORPlatform.o /Users/hectorgarcia/Library/Developer/Xcode/DerivedData/Lyo-eagkiegzrakogpczynhkaholsscs/SourcePackages/checkouts/GoogleDataTransport/GoogleDataTransport/GDTCORLibrary/GDTCORPlatform.m normal x86_64 objective-c com.apple.compilers.llvm.clang.1_0.compiler (in target 'GoogleDataTransport' from project 'GoogleDataTransport')
    cd /Users/hectorgarcia/LYO_Da_ONE/Lyo.xcodeproj
    
    Using response file: /Users/hectorgarcia/Library/Developer/Xcode/DerivedData/Build/Intermediates.noindex/GoogleDataTransport.build/Debug-iphonesimulator/GoogleDataTransport.build/Objects-normal/x86_64/e6072d4f65d7061329687fe24e3d63a7-common-args.resp
    
    /Users/hectorgarcia/Downloads/Xcode.app/Contents/Developer/Toolchains/XcodeDefault.xctoolchain/usr/bin/clang -x objective-c -ivfsstatcache /Users/hectorgarcia/Library/Developer/Xcode/DerivedData/SDKStatCaches.noindex/iphonesimulator26.2-23C53-823d3e8b6e60bc2018c189d3ca05ba9b.sdkstatcache -fmessage-length\=0 -fdiagnostics-show-note-include-stack -fmacro-backtrace-limit\=0 -fno-color-diagnostics -fmodules-prune-interval\=86400 -fmodules-prune-after\=345600 -fbuild-session-file\=/Users/hectorgarcia/Library/Developer/Xcode/DerivedData/ModuleCache.noindex/Session.modulevalidation -fmodules-validate-once-per-build-session -Wnon-modular-include-in-framework-module -Werror\=non-modular-include-in-framework-module -Wno-trigraphs -Wno-missing-field-initializers -Wno-missing-prototypes -Wno-return-type -Wno-implicit-atomic-properties -Wno-objc-interface-ivars -Wno-arc-repeated-use-of-weak -Wno-missing-braces -Wparentheses -Wswitch -Wno-unused-function -Wno-unused-label -Wno-unused-parameter -Wno-unused-variable -Wunused-value -Wno-empty-body -Wno-uninitialized -Wno-unknown-pragmas -w -Wno-shadow -Wno-four-char-constants -Wno-conversion -Wno-constant-conversion -Wno-int-conversion -Wno-bool-conversion -Wno-enum-conversion -Wno-float-conversion -Wno-non-literal-null-conversion -Wno-objc-literal-conversion -Wshorten-64-to-32 -Wpointer-sign -Wno-newline-eof -Wno-selector -Wno-strict-selector-match -Wno-undeclared-selector -Wno-deprecated-implementations -Wno-implicit-fallthrough -fstrict-aliasing -Wprotocol -Wdeprecated-declarations -Wno-sign-conversion -Wno-infinite-recursion -Wno-comma -Wno-block-capture-autoreleasing -Wno-strict-prototypes -Wno-semicolon-before-method-body -index-store-path /Users/hectorgarcia/Library/Developer/Xcode/DerivedData/Lyo-eagkiegzrakogpczynhkaholsscs/Index.noindex/DataStore @/Users/hectorgarcia/Library/Developer/Xcode/DerivedData/Build/Intermediates.noindex/GoogleDataTransport.build/Debug-iphonesimulator/GoogleDataTransport.build/Objects-normal/x86_64/e6072d4f65d7061329687fe24e3d63a7-common-args.resp -include /Users/hectorgarcia/Library/Developer/Xcode/DerivedData/Build/Intermediates.noindex/GoogleDataTransport.build/Debug-iphonesimulator/GoogleDataTransport.build/DerivedSources/resource_bundle_accessor.h -MMD -MT dependencies -MF /Users/hectorgarcia/Library/Developer/Xcode/DerivedData/Build/Intermediates.noindex/GoogleDataTransport.build/Debug-iphonesimulator/GoogleDataTransport.build/Objects-normal/x86_64/GDTCORPlatform.d --serialize-diagnostics /Users/hectorgarcia/Library/Developer/Xcode/DerivedData/Build/Intermediates.noindex/GoogleDataTransport.build/Debug-iphonesimulator/GoogleDataTransport.build/Objects-normal/x86_64/GDTCORPlatform.dia -c /Users/hectorgarcia/Library/Developer/Xcode/DerivedData/Lyo-eagkiegzrakogpczynhkaholsscs/SourcePackages/checkouts/GoogleDataTransport/GoogleDataTransport/GDTCORLibrary/GDTCORPlatform.m -o /Users/hectorgarcia/Library/Developer/Xcode/DerivedData/Build/Intermediates.noindex/GoogleDataTransport.build/Debug-iphonesimulator/GoogleDataTransport.build/Objects-normal/x86_64/GDTCORPlatform.o -index-unit-output-path /GoogleDataTransport.build/Debug-iphonesimulator/GoogleDataTransport.build/Objects-normal/x86_64/GDTCORPlatform.o

CompileC /Users/hectorgarcia/Library/Developer/Xcode/DerivedData/Build/Intermediates.noindex/GoogleDataTransport.build/Debug-iphonesimulator/GoogleDataTransport.build/Objects-normal/x86_64/GDTCORMetricsController.o /Users/hectorgarcia/Library/Developer/Xcode/DerivedData/Lyo-eagkiegzrakogpczynhkaholsscs/SourcePackages/checkouts/GoogleDataTransport/GoogleDataTransport/GDTCORLibrary/GDTCORMetricsController.m normal x86_64 objective-c com.apple.compilers.llvm.clang.1_0.compiler (in target 'GoogleDataTransport' from project 'GoogleDataTransport')
    cd /Users/hectorgarcia/LYO_Da_ONE/Lyo.xcodeproj
    
    Using response file: /Users/hectorgarcia/Library/Developer/Xcode/DerivedData/Build/Intermediates.noindex/GoogleDataTransport.build/Debug-iphonesimulator/GoogleDataTransport.build/Objects-normal/x86_64/e6072d4f65d7061329687fe24e3d63a7-common-args.resp
    
    /Users/hectorgarcia/Downloads/Xcode.app/Contents/Developer/Toolchains/XcodeDefault.xctoolchain/usr/bin/clang -x objective-c -ivfsstatcache /Users/hectorgarcia/Library/Developer/Xcode/DerivedData/SDKStatCaches.noindex/iphonesimulator26.2-23C53-823d3e8b6e60bc2018c189d3ca05ba9b.sdkstatcache -fmessage-length\=0 -fdiagnostics-show-note-include-stack -fmacro-backtrace-limit\=0 -fno-color-diagnostics -fmodules-prune-interval\=86400 -fmodules-prune-after\=345600 -fbuild-session-file\=/Users/hectorgarcia/Library/Developer/Xcode/DerivedData/ModuleCache.noindex/Session.modulevalidation -fmodules-validate-once-per-build-session -Wnon-modular-include-in-framework-module -Werror\=non-modular-include-in-framework-module -Wno-trigraphs -Wno-missing-field-initializers -Wno-missing-prototypes -Wno-return-type -Wno-implicit-atomic-properties -Wno-objc-interface-ivars -Wno-arc-repeated-use-of-weak -Wno-missing-braces -Wparentheses -Wswitch -Wno-unused-function -Wno-unused-label -Wno-unused-parameter -Wno-unused-variable -Wunused-value -Wno-empty-body -Wno-uninitialized -Wno-unknown-pragmas -w -Wno-shadow -Wno-four-char-constants -Wno-conversion -Wno-constant-conversion -Wno-int-conversion -Wno-bool-conversion -Wno-enum-conversion -Wno-float-conversion -Wno-non-literal-null-conversion -Wno-objc-literal-conversion -Wshorten-64-to-32 -Wpointer-sign -Wno-newline-eof -Wno-selector -Wno-strict-selector-match -Wno-undeclared-selector -Wno-deprecated-implementations -Wno-implicit-fallthrough -fstrict-aliasing -Wprotocol -Wdeprecated-declarations -Wno-sign-conversion -Wno-infinite-recursion -Wno-comma -Wno-block-capture-autoreleasing -Wno-strict-prototypes -Wno-semicolon-before-method-body -index-store-path /Users/hectorgarcia/Library/Developer/Xcode/DerivedData/Lyo-eagkiegzrakogpczynhkaholsscs/Index.noindex/DataStore @/Users/hectorgarcia/Library/Developer/Xcode/DerivedData/Build/Intermediates.noindex/GoogleDataTransport.build/Debug-iphonesimulator/GoogleDataTransport.build/Objects-normal/x86_64/e6072d4f65d7061329687fe24e3d63a7-common-args.resp -include /Users/hectorgarcia/Library/Developer/Xcode/DerivedData/Build/Intermediates.noindex/GoogleDataTransport.build/Debug-iphonesimulator/GoogleDataTransport.build/DerivedSources/resource_bundle_accessor.h -MMD -MT dependencies -MF /Users/hectorgarcia/Library/Developer/Xcode/DerivedData/Build/Intermediates.noindex/GoogleDataTransport.build/Debug-iphonesimulator/GoogleDataTransport.build/Objects-normal/x86_64/GDTCORMetricsController.d --serialize-diagnostics /Users/hectorgarcia/Library/Developer/Xcode/DerivedData/Build/Intermediates.noindex/GoogleDataTransport.build/Debug-iphonesimulator/GoogleDataTransport.build/Objects-normal/x86_64/GDTCORMetricsController.dia -c /Users/hectorgarcia/Library/Developer/Xcode/DerivedData/Lyo-eagkiegzrakogpczynhkaholsscs/SourcePackages/checkouts/GoogleDataTransport/GoogleDataTransport/GDTCORLibrary/GDTCORMetricsController.m -o /Users/hectorgarcia/Library/Developer/Xcode/DerivedData/Build/Intermediates.noindex/GoogleDataTransport.build/Debug-iphonesimulator/GoogleDataTransport.build/Objects-normal/x86_64/GDTCORMetricsController.o -index-unit-output-path /GoogleDataTransport.build/Debug-iphonesimulator/GoogleDataTransport.build/Objects-normal/x86_64/GDTCORMetricsController.o

SwiftDriverJobDiscovery normal x86_64 Compiling _ObjC_HeartbeatController.swift (in target 'FirebaseCoreInternal' from project 'Firebase')

CompileC /Users/hectorgarcia/Library/Developer/Xcode/DerivedData/Build/Intermediates.noindex/GoogleDataTransport.build/Debug-iphonesimulator/GoogleDataTransport.build/Objects-normal/x86_64/GDTCORMetrics+GDTCCTSupport.o /Users/hectorgarcia/Library/Developer/Xcode/DerivedData/Lyo-eagkiegzrakogpczynhkaholsscs/SourcePackages/checkouts/GoogleDataTransport/GoogleDataTransport/GDTCCTLibrary/GDTCORMetrics+GDTCCTSupport.m normal x86_64 objective-c com.apple.compilers.llvm.clang.1_0.compiler (in target 'GoogleDataTransport' from project 'GoogleDataTransport')
    cd /Users/hectorgarcia/LYO_Da_ONE/Lyo.xcodeproj
    
    Using response file: /Users/hectorgarcia/Library/Developer/Xcode/DerivedData/Build/Intermediates.noindex/GoogleDataTransport.build/Debug-iphonesimulator/GoogleDataTransport.build/Objects-normal/x86_64/e6072d4f65d7061329687fe24e3d63a7-common-args.resp
    
    /Users/hectorgarcia/Downloads/Xcode.app/Contents/Developer/Toolchains/XcodeDefault.xctoolchain/usr/bin/clang -x objective-c -ivfsstatcache /Users/hectorgarcia/Library/Developer/Xcode/DerivedData/SDKStatCaches.noindex/iphonesimulator26.2-23C53-823d3e8b6e60bc2018c189d3ca05ba9b.sdkstatcache -fmessage-length\=0 -fdiagnostics-show-note-include-stack -fmacro-backtrace-limit\=0 -fno-color-diagnostics -fmodules-prune-interval\=86400 -fmodules-prune-after\=345600 -fbuild-session-file\=/Users/hectorgarcia/Library/Developer/Xcode/DerivedData/ModuleCache.noindex/Session.modulevalidation -fmodules-validate-once-per-build-session -Wnon-modular-include-in-framework-module -Werror\=non-modular-include-in-framework-module -Wno-trigraphs -Wno-missing-field-initializers -Wno-missing-prototypes -Wno-return-type -Wno-implicit-atomic-properties -Wno-objc-interface-ivars -Wno-arc-repeated-use-of-weak -Wno-missing-braces -Wparentheses -Wswitch -Wno-unused-function -Wno-unused-label -Wno-unused-parameter -Wno-unused-variable -Wunused-value -Wno-empty-body -Wno-uninitialized -Wno-unknown-pragmas -w -Wno-shadow -Wno-four-char-constants -Wno-conversion -Wno-constant-conversion -Wno-int-conversion -Wno-bool-conversion -Wno-enum-conversion -Wno-float-conversion -Wno-non-literal-null-conversion -Wno-objc-literal-conversion -Wshorten-64-to-32 -Wpointer-sign -Wno-newline-eof -Wno-selector -Wno-strict-selector-match -Wno-undeclared-selector -Wno-deprecated-implementations -Wno-implicit-fallthrough -fstrict-aliasing -Wprotocol -Wdeprecated-declarations -Wno-sign-conversion -Wno-infinite-recursion -Wno-comma -Wno-block-capture-autoreleasing -Wno-strict-prototypes -Wno-semicolon-before-method-body -index-store-path /Users/hectorgarcia/Library/Developer/Xcode/DerivedData/Lyo-eagkiegzrakogpczynhkaholsscs/Index.noindex/DataStore @/Users/hectorgarcia/Library/Developer/Xcode/DerivedData/Build/Intermediates.noindex/GoogleDataTransport.build/Debug-iphonesimulator/GoogleDataTransport.build/Objects-normal/x86_64/e6072d4f65d7061329687fe24e3d63a7-common-args.resp -include /Users/hectorgarcia/Library/Developer/Xcode/DerivedData/Build/Intermediates.noindex/GoogleDataTransport.build/Debug-iphonesimulator/GoogleDataTransport.build/DerivedSources/resource_bundle_accessor.h -MMD -MT dependencies -MF /Users/hectorgarcia/Library/Developer/Xcode/DerivedData/Build/Intermediates.noindex/GoogleDataTransport.build/Debug-iphonesimulator/GoogleDataTransport.build/Objects-normal/x86_64/GDTCORMetrics+GDTCCTSupport.d --serialize-diagnostics /Users/hectorgarcia/Library/Developer/Xcode/DerivedData/Build/Intermediates.noindex/GoogleDataTransport.build/Debug-iphonesimulator/GoogleDataTransport.build/Objects-normal/x86_64/GDTCORMetrics+GDTCCTSupport.dia -c /Users/hectorgarcia/Library/Developer/Xcode/DerivedData/Lyo-eagkiegzrakogpczynhkaholsscs/SourcePackages/checkouts/GoogleDataTransport/GoogleDataTransport/GDTCCTLibrary/GDTCORMetrics+GDTCCTSupport.m -o /Users/hectorgarcia/Library/Developer/Xcode/DerivedData/Build/Intermediates.noindex/GoogleDataTransport.build/Debug-iphonesimulator/GoogleDataTransport.build/Objects-normal/x86_64/GDTCORMetrics+GDTCCTSupport.o -index-unit-output-path /GoogleDataTransport.build/Debug-iphonesimulator/GoogleDataTransport.build/Objects-normal/x86_64/GDTCORMetrics+GDTCCTSupport.o

CompileC /Users/hectorgarcia/Library/Developer/Xcode/DerivedData/Build/Intermediates.noindex/GoogleDataTransport.build/Debug-iphonesimulator/GoogleDataTransport.build/Objects-normal/x86_64/GDTCORLifecycle.o /Users/hectorgarcia/Library/Developer/Xcode/DerivedData/Lyo-eagkiegzrakogpczynhkaholsscs/SourcePackages/checkouts/GoogleDataTransport/GoogleDataTransport/GDTCORLibrary/GDTCORLifecycle.m normal x86_64 objective-c com.apple.compilers.llvm.clang.1_0.compiler (in target 'GoogleDataTransport' from project 'GoogleDataTransport')
    cd /Users/hectorgarcia/LYO_Da_ONE/Lyo.xcodeproj
    
    Using response file: /Users/hectorgarcia/Library/Developer/Xcode/DerivedData/Build/Intermediates.noindex/GoogleDataTransport.build/Debug-iphonesimulator/GoogleDataTransport.build/Objects-normal/x86_64/e6072d4f65d7061329687fe24e3d63a7-common-args.resp
    
    /Users/hectorgarcia/Downloads/Xcode.app/Contents/Developer/Toolchains/XcodeDefault.xctoolchain/usr/bin/clang -x objective-c -ivfsstatcache /Users/hectorgarcia/Library/Developer/Xcode/DerivedData/SDKStatCaches.noindex/iphonesimulator26.2-23C53-823d3e8b6e60bc2018c189d3ca05ba9b.sdkstatcache -fmessage-length\=0 -fdiagnostics-show-note-include-stack -fmacro-backtrace-limit\=0 -fno-color-diagnostics -fmodules-prune-interval\=86400 -fmodules-prune-after\=345600 -fbuild-session-file\=/Users/hectorgarcia/Library/Developer/Xcode/DerivedData/ModuleCache.noindex/Session.modulevalidation -fmodules-validate-once-per-build-session -Wnon-modular-include-in-framework-module -Werror\=non-modular-include-in-framework-module -Wno-trigraphs -Wno-missing-field-initializers -Wno-missing-prototypes -Wno-return-type -Wno-implicit-atomic-properties -Wno-objc-interface-ivars -Wno-arc-repeated-use-of-weak -Wno-missing-braces -Wparentheses -Wswitch -Wno-unused-function -Wno-unused-label -Wno-unused-parameter -Wno-unused-variable -Wunused-value -Wno-empty-body -Wno-uninitialized -Wno-unknown-pragmas -w -Wno-shadow -Wno-four-char-constants -Wno-conversion -Wno-constant-conversion -Wno-int-conversion -Wno-bool-conversion -Wno-enum-conversion -Wno-float-conversion -Wno-non-literal-null-conversion -Wno-objc-literal-conversion -Wshorten-64-to-32 -Wpointer-sign -Wno-newline-eof -Wno-selector -Wno-strict-selector-match -Wno-undeclared-selector -Wno-deprecated-implementations -Wno-implicit-fallthrough -fstrict-aliasing -Wprotocol -Wdeprecated-declarations -Wno-sign-conversion -Wno-infinite-recursion -Wno-comma -Wno-block-capture-autoreleasing -Wno-strict-prototypes -Wno-semicolon-before-method-body -index-store-path /Users/hectorgarcia/Library/Developer/Xcode/DerivedData/Lyo-eagkiegzrakogpczynhkaholsscs/Index.noindex/DataStore @/Users/hectorgarcia/Library/Developer/Xcode/DerivedData/Build/Intermediates.noindex/GoogleDataTransport.build/Debug-iphonesimulator/GoogleDataTransport.build/Objects-normal/x86_64/e6072d4f65d7061329687fe24e3d63a7-common-args.resp -include /Users/hectorgarcia/Library/Developer/Xcode/DerivedData/Build/Intermediates.noindex/GoogleDataTransport.build/Debug-iphonesimulator/GoogleDataTransport.build/DerivedSources/resource_bundle_accessor.h -MMD -MT dependencies -MF /Users/hectorgarcia/Library/Developer/Xcode/DerivedData/Build/Intermediates.noindex/GoogleDataTransport.build/Debug-iphonesimulator/GoogleDataTransport.build/Objects-normal/x86_64/GDTCORLifecycle.d --serialize-diagnostics /Users/hectorgarcia/Library/Developer/Xcode/DerivedData/Build/Intermediates.noindex/GoogleDataTransport.build/Debug-iphonesimulator/GoogleDataTransport.build/Objects-normal/x86_64/GDTCORLifecycle.dia -c /Users/hectorgarcia/Library/Developer/Xcode/DerivedData/Lyo-eagkiegzrakogpczynhkaholsscs/SourcePackages/checkouts/GoogleDataTransport/GoogleDataTransport/GDTCORLibrary/GDTCORLifecycle.m -o /Users/hectorgarcia/Library/Developer/Xcode/DerivedData/Build/Intermediates.noindex/GoogleDataTransport.build/Debug-iphonesimulator/GoogleDataTransport.build/Objects-normal/x86_64/GDTCORLifecycle.o -index-unit-output-path /GoogleDataTransport.build/Debug-iphonesimulator/GoogleDataTransport.build/Objects-normal/x86_64/GDTCORLifecycle.o

CompileC /Users/hectorgarcia/Library/Developer/Xcode/DerivedData/Build/Intermediates.noindex/GoogleDataTransport.build/Debug-iphonesimulator/GoogleDataTransport.build/Objects-normal/x86_64/GDTCORFlatFileStorage.o /Users/hectorgarcia/Library/Developer/Xcode/DerivedData/Lyo-eagkiegzrakogpczynhkaholsscs/SourcePackages/checkouts/GoogleDataTransport/GoogleDataTransport/GDTCORLibrary/GDTCORFlatFileStorage.m normal x86_64 objective-c com.apple.compilers.llvm.clang.1_0.compiler (in target 'GoogleDataTransport' from project 'GoogleDataTransport')
    cd /Users/hectorgarcia/LYO_Da_ONE/Lyo.xcodeproj
    
    Using response file: /Users/hectorgarcia/Library/Developer/Xcode/DerivedData/Build/Intermediates.noindex/GoogleDataTransport.build/Debug-iphonesimulator/GoogleDataTransport.build/Objects-normal/x86_64/e6072d4f65d7061329687fe24e3d63a7-common-args.resp
    
    /Users/hectorgarcia/Downloads/Xcode.app/Contents/Developer/Toolchains/XcodeDefault.xctoolchain/usr/bin/clang -x objective-c -ivfsstatcache /Users/hectorgarcia/Library/Developer/Xcode/DerivedData/SDKStatCaches.noindex/iphonesimulator26.2-23C53-823d3e8b6e60bc2018c189d3ca05ba9b.sdkstatcache -fmessage-length\=0 -fdiagnostics-show-note-include-stack -fmacro-backtrace-limit\=0 -fno-color-diagnostics -fmodules-prune-interval\=86400 -fmodules-prune-after\=345600 -fbuild-session-file\=/Users/hectorgarcia/Library/Developer/Xcode/DerivedData/ModuleCache.noindex/Session.modulevalidation -fmodules-validate-once-per-build-session -Wnon-modular-include-in-framework-module -Werror\=non-modular-include-in-framework-module -Wno-trigraphs -Wno-missing-field-initializers -Wno-missing-prototypes -Wno-return-type -Wno-implicit-atomic-properties -Wno-objc-interface-ivars -Wno-arc-repeated-use-of-weak -Wno-missing-braces -Wparentheses -Wswitch -Wno-unused-function -Wno-unused-label -Wno-unused-parameter -Wno-unused-variable -Wunused-value -Wno-empty-body -Wno-uninitialized -Wno-unknown-pragmas -w -Wno-shadow -Wno-four-char-constants -Wno-conversion -Wno-constant-conversion -Wno-int-conversion -Wno-bool-conversion -Wno-enum-conversion -Wno-float-conversion -Wno-non-literal-null-conversion -Wno-objc-literal-conversion -Wshorten-64-to-32 -Wpointer-sign -Wno-newline-eof -Wno-selector -Wno-strict-selector-match -Wno-undeclared-selector -Wno-deprecated-implementations -Wno-implicit-fallthrough -fstrict-aliasing -Wprotocol -Wdeprecated-declarations -Wno-sign-conversion -Wno-infinite-recursion -Wno-comma -Wno-block-capture-autoreleasing -Wno-strict-prototypes -Wno-semicolon-before-method-body -index-store-path /Users/hectorgarcia/Library/Developer/Xcode/DerivedData/Lyo-eagkiegzrakogpczynhkaholsscs/Index.noindex/DataStore @/Users/hectorgarcia/Library/Developer/Xcode/DerivedData/Build/Intermediates.noindex/GoogleDataTransport.build/Debug-iphonesimulator/GoogleDataTransport.build/Objects-normal/x86_64/e6072d4f65d7061329687fe24e3d63a7-common-args.resp -include /Users/hectorgarcia/Library/Developer/Xcode/DerivedData/Build/Intermediates.noindex/GoogleDataTransport.build/Debug-iphonesimulator/GoogleDataTransport.build/DerivedSources/resource_bundle_accessor.h -MMD -MT dependencies -MF /Users/hectorgarcia/Library/Developer/Xcode/DerivedData/Build/Intermediates.noindex/GoogleDataTransport.build/Debug-iphonesimulator/GoogleDataTransport.build/Objects-normal/x86_64/GDTCORFlatFileStorage.d --serialize-diagnostics /Users/hectorgarcia/Library/Developer/Xcode/DerivedData/Build/Intermediates.noindex/GoogleDataTransport.build/Debug-iphonesimulator/GoogleDataTransport.build/Objects-normal/x86_64/GDTCORFlatFileStorage.dia -c /Users/hectorgarcia/Library/Developer/Xcode/DerivedData/Lyo-eagkiegzrakogpczynhkaholsscs/SourcePackages/checkouts/GoogleDataTransport/GoogleDataTransport/GDTCORLibrary/GDTCORFlatFileStorage.m -o /Users/hectorgarcia/Library/Developer/Xcode/DerivedData/Build/Intermediates.noindex/GoogleDataTransport.build/Debug-iphonesimulator/GoogleDataTransport.build/Objects-normal/x86_64/GDTCORFlatFileStorage.o -index-unit-output-path /GoogleDataTransport.build/Debug-iphonesimulator/GoogleDataTransport.build/Objects-normal/x86_64/GDTCORFlatFileStorage.o

CompileC /Users/hectorgarcia/Library/Developer/Xcode/DerivedData/Build/Intermediates.noindex/GoogleDataTransport.build/Debug-iphonesimulator/GoogleDataTransport.build/Objects-normal/x86_64/GDTCORFlatFileStorage+Promises.o /Users/hectorgarcia/Library/Developer/Xcode/DerivedData/Lyo-eagkiegzrakogpczynhkaholsscs/SourcePackages/checkouts/GoogleDataTransport/GoogleDataTransport/GDTCORLibrary/GDTCORFlatFileStorage+Promises.m normal x86_64 objective-c com.apple.compilers.llvm.clang.1_0.compiler (in target 'GoogleDataTransport' from project 'GoogleDataTransport')
    cd /Users/hectorgarcia/LYO_Da_ONE/Lyo.xcodeproj
    
    Using response file: /Users/hectorgarcia/Library/Developer/Xcode/DerivedData/Build/Intermediates.noindex/GoogleDataTransport.build/Debug-iphonesimulator/GoogleDataTransport.build/Objects-normal/x86_64/e6072d4f65d7061329687fe24e3d63a7-common-args.resp
    
    /Users/hectorgarcia/Downloads/Xcode.app/Contents/Developer/Toolchains/XcodeDefault.xctoolchain/usr/bin/clang -x objective-c -ivfsstatcache /Users/hectorgarcia/Library/Developer/Xcode/DerivedData/SDKStatCaches.noindex/iphonesimulator26.2-23C53-823d3e8b6e60bc2018c189d3ca05ba9b.sdkstatcache -fmessage-length\=0 -fdiagnostics-show-note-include-stack -fmacro-backtrace-limit\=0 -fno-color-diagnostics -fmodules-prune-interval\=86400 -fmodules-prune-after\=345600 -fbuild-session-file\=/Users/hectorgarcia/Library/Developer/Xcode/DerivedData/ModuleCache.noindex/Session.modulevalidation -fmodules-validate-once-per-build-session -Wnon-modular-include-in-framework-module -Werror\=non-modular-include-in-framework-module -Wno-trigraphs -Wno-missing-field-initializers -Wno-missing-prototypes -Wno-return-type -Wno-implicit-atomic-properties -Wno-objc-interface-ivars -Wno-arc-repeated-use-of-weak -Wno-missing-braces -Wparentheses -Wswitch -Wno-unused-function -Wno-unused-label -Wno-unused-parameter -Wno-unused-variable -Wunused-value -Wno-empty-body -Wno-uninitialized -Wno-unknown-pragmas -w -Wno-shadow -Wno-four-char-constants -Wno-conversion -Wno-constant-conversion -Wno-int-conversion -Wno-bool-conversion -Wno-enum-conversion -Wno-float-conversion -Wno-non-literal-null-conversion -Wno-objc-literal-conversion -Wshorten-64-to-32 -Wpointer-sign -Wno-newline-eof -Wno-selector -Wno-strict-selector-match -Wno-undeclared-selector -Wno-deprecated-implementations -Wno-implicit-fallthrough -fstrict-aliasing -Wprotocol -Wdeprecated-declarations -Wno-sign-conversion -Wno-infinite-recursion -Wno-comma -Wno-block-capture-autoreleasing -Wno-strict-prototypes -Wno-semicolon-before-method-body -index-store-path /Users/hectorgarcia/Library/Developer/Xcode/DerivedData/Lyo-eagkiegzrakogpczynhkaholsscs/Index.noindex/DataStore @/Users/hectorgarcia/Library/Developer/Xcode/DerivedData/Build/Intermediates.noindex/GoogleDataTransport.build/Debug-iphonesimulator/GoogleDataTransport.build/Objects-normal/x86_64/e6072d4f65d7061329687fe24e3d63a7-common-args.resp -include /Users/hectorgarcia/Library/Developer/Xcode/DerivedData/Build/Intermediates.noindex/GoogleDataTransport.build/Debug-iphonesimulator/GoogleDataTransport.build/DerivedSources/resource_bundle_accessor.h -MMD -MT dependencies -MF /Users/hectorgarcia/Library/Developer/Xcode/DerivedData/Build/Intermediates.noindex/GoogleDataTransport.build/Debug-iphonesimulator/GoogleDataTransport.build/Objects-normal/x86_64/GDTCORFlatFileStorage+Promises.d --serialize-diagnostics /Users/hectorgarcia/Library/Developer/Xcode/DerivedData/Build/Intermediates.noindex/GoogleDataTransport.build/Debug-iphonesimulator/GoogleDataTransport.build/Objects-normal/x86_64/GDTCORFlatFileStorage+Promises.dia -c /Users/hectorgarcia/Library/Developer/Xcode/DerivedData/Lyo-eagkiegzrakogpczynhkaholsscs/SourcePackages/checkouts/GoogleDataTransport/GoogleDataTransport/GDTCORLibrary/GDTCORFlatFileStorage+Promises.m -o /Users/hectorgarcia/Library/Developer/Xcode/DerivedData/Build/Intermediates.noindex/GoogleDataTransport.build/Debug-iphonesimulator/GoogleDataTransport.build/Objects-normal/x86_64/GDTCORFlatFileStorage+Promises.o -index-unit-output-path /GoogleDataTransport.build/Debug-iphonesimulator/GoogleDataTransport.build/Objects-normal/x86_64/GDTCORFlatFileStorage+Promises.o

CompileC /Users/hectorgarcia/Library/Developer/Xcode/DerivedData/Build/Intermediates.noindex/GoogleDataTransport.build/Debug-iphonesimulator/GoogleDataTransport.build/Objects-normal/x86_64/GDTCOREvent.o /Users/hectorgarcia/Library/Developer/Xcode/DerivedData/Lyo-eagkiegzrakogpczynhkaholsscs/SourcePackages/checkouts/GoogleDataTransport/GoogleDataTransport/GDTCORLibrary/GDTCOREvent.m normal x86_64 objective-c com.apple.compilers.llvm.clang.1_0.compiler (in target 'GoogleDataTransport' from project 'GoogleDataTransport')
    cd /Users/hectorgarcia/LYO_Da_ONE/Lyo.xcodeproj
    
    Using response file: /Users/hectorgarcia/Library/Developer/Xcode/DerivedData/Build/Intermediates.noindex/GoogleDataTransport.build/Debug-iphonesimulator/GoogleDataTransport.build/Objects-normal/x86_64/e6072d4f65d7061329687fe24e3d63a7-common-args.resp
    
    /Users/hectorgarcia/Downloads/Xcode.app/Contents/Developer/Toolchains/XcodeDefault.xctoolchain/usr/bin/clang -x objective-c -ivfsstatcache /Users/hectorgarcia/Library/Developer/Xcode/DerivedData/SDKStatCaches.noindex/iphonesimulator26.2-23C53-823d3e8b6e60bc2018c189d3ca05ba9b.sdkstatcache -fmessage-length\=0 -fdiagnostics-show-note-include-stack -fmacro-backtrace-limit\=0 -fno-color-diagnostics -fmodules-prune-interval\=86400 -fmodules-prune-after\=345600 -fbuild-session-file\=/Users/hectorgarcia/Library/Developer/Xcode/DerivedData/ModuleCache.noindex/Session.modulevalidation -fmodules-validate-once-per-build-session -Wnon-modular-include-in-framework-module -Werror\=non-modular-include-in-framework-module -Wno-trigraphs -Wno-missing-field-initializers -Wno-missing-prototypes -Wno-return-type -Wno-implicit-atomic-properties -Wno-objc-interface-ivars -Wno-arc-repeated-use-of-weak -Wno-missing-braces -Wparentheses -Wswitch -Wno-unused-function -Wno-unused-label -Wno-unused-parameter -Wno-unused-variable -Wunused-value -Wno-empty-body -Wno-uninitialized -Wno-unknown-pragmas -w -Wno-shadow -Wno-four-char-constants -Wno-conversion -Wno-constant-conversion -Wno-int-conversion -Wno-bool-conversion -Wno-enum-conversion -Wno-float-conversion -Wno-non-literal-null-conversion -Wno-objc-literal-conversion -Wshorten-64-to-32 -Wpointer-sign -Wno-newline-eof -Wno-selector -Wno-strict-selector-match -Wno-undeclared-selector -Wno-deprecated-implementations -Wno-implicit-fallthrough -fstrict-aliasing -Wprotocol -Wdeprecated-declarations -Wno-sign-conversion -Wno-infinite-recursion -Wno-comma -Wno-block-capture-autoreleasing -Wno-strict-prototypes -Wno-semicolon-before-method-body -index-store-path /Users/hectorgarcia/Library/Developer/Xcode/DerivedData/Lyo-eagkiegzrakogpczynhkaholsscs/Index.noindex/DataStore @/Users/hectorgarcia/Library/Developer/Xcode/DerivedData/Build/Intermediates.noindex/GoogleDataTransport.build/Debug-iphonesimulator/GoogleDataTransport.build/Objects-normal/x86_64/e6072d4f65d7061329687fe24e3d63a7-common-args.resp -include /Users/hectorgarcia/Library/Developer/Xcode/DerivedData/Build/Intermediates.noindex/GoogleDataTransport.build/Debug-iphonesimulator/GoogleDataTransport.build/DerivedSources/resource_bundle_accessor.h -MMD -MT dependencies -MF /Users/hectorgarcia/Library/Developer/Xcode/DerivedData/Build/Intermediates.noindex/GoogleDataTransport.build/Debug-iphonesimulator/GoogleDataTransport.build/Objects-normal/x86_64/GDTCOREvent.d --serialize-diagnostics /Users/hectorgarcia/Library/Developer/Xcode/DerivedData/Build/Intermediates.noindex/GoogleDataTransport.build/Debug-iphonesimulator/GoogleDataTransport.build/Objects-normal/x86_64/GDTCOREvent.dia -c /Users/hectorgarcia/Library/Developer/Xcode/DerivedData/Lyo-eagkiegzrakogpczynhkaholsscs/SourcePackages/checkouts/GoogleDataTransport/GoogleDataTransport/GDTCORLibrary/GDTCOREvent.m -o /Users/hectorgarcia/Library/Developer/Xcode/DerivedData/Build/Intermediates.noindex/GoogleDataTransport.build/Debug-iphonesimulator/GoogleDataTransport.build/Objects-normal/x86_64/GDTCOREvent.o -index-unit-output-path /GoogleDataTransport.build/Debug-iphonesimulator/GoogleDataTransport.build/Objects-normal/x86_64/GDTCOREvent.o

CompileC /Users/hectorgarcia/Library/Developer/Xcode/DerivedData/Build/Intermediates.noindex/GoogleDataTransport.build/Debug-iphonesimulator/GoogleDataTransport.build/Objects-normal/x86_64/GDTCORDirectorySizeTracker.o /Users/hectorgarcia/Library/Developer/Xcode/DerivedData/Lyo-eagkiegzrakogpczynhkaholsscs/SourcePackages/checkouts/GoogleDataTransport/GoogleDataTransport/GDTCORLibrary/GDTCORDirectorySizeTracker.m normal x86_64 objective-c com.apple.compilers.llvm.clang.1_0.compiler (in target 'GoogleDataTransport' from project 'GoogleDataTransport')
    cd /Users/hectorgarcia/LYO_Da_ONE/Lyo.xcodeproj
    
    Using response file: /Users/hectorgarcia/Library/Developer/Xcode/DerivedData/Build/Intermediates.noindex/GoogleDataTransport.build/Debug-iphonesimulator/GoogleDataTransport.build/Objects-normal/x86_64/e6072d4f65d7061329687fe24e3d63a7-common-args.resp
    
    /Users/hectorgarcia/Downloads/Xcode.app/Contents/Developer/Toolchains/XcodeDefault.xctoolchain/usr/bin/clang -x objective-c -ivfsstatcache /Users/hectorgarcia/Library/Developer/Xcode/DerivedData/SDKStatCaches.noindex/iphonesimulator26.2-23C53-823d3e8b6e60bc2018c189d3ca05ba9b.sdkstatcache -fmessage-length\=0 -fdiagnostics-show-note-include-stack -fmacro-backtrace-limit\=0 -fno-color-diagnostics -fmodules-prune-interval\=86400 -fmodules-prune-after\=345600 -fbuild-session-file\=/Users/hectorgarcia/Library/Developer/Xcode/DerivedData/ModuleCache.noindex/Session.modulevalidation -fmodules-validate-once-per-build-session -Wnon-modular-include-in-framework-module -Werror\=non-modular-include-in-framework-module -Wno-trigraphs -Wno-missing-field-initializers -Wno-missing-prototypes -Wno-return-type -Wno-implicit-atomic-properties -Wno-objc-interface-ivars -Wno-arc-repeated-use-of-weak -Wno-missing-braces -Wparentheses -Wswitch -Wno-unused-function -Wno-unused-label -Wno-unused-parameter -Wno-unused-variable -Wunused-value -Wno-empty-body -Wno-uninitialized -Wno-unknown-pragmas -w -Wno-shadow -Wno-four-char-constants -Wno-conversion -Wno-constant-conversion -Wno-int-conversion -Wno-bool-conversion -Wno-enum-conversion -Wno-float-conversion -Wno-non-literal-null-conversion -Wno-objc-literal-conversion -Wshorten-64-to-32 -Wpointer-sign -Wno-newline-eof -Wno-selector -Wno-strict-selector-match -Wno-undeclared-selector -Wno-deprecated-implementations -Wno-implicit-fallthrough -fstrict-aliasing -Wprotocol -Wdeprecated-declarations -Wno-sign-conversion -Wno-infinite-recursion -Wno-comma -Wno-block-capture-autoreleasing -Wno-strict-prototypes -Wno-semicolon-before-method-body -index-store-path /Users/hectorgarcia/Library/Developer/Xcode/DerivedData/Lyo-eagkiegzrakogpczynhkaholsscs/Index.noindex/DataStore @/Users/hectorgarcia/Library/Developer/Xcode/DerivedData/Build/Intermediates.noindex/GoogleDataTransport.build/Debug-iphonesimulator/GoogleDataTransport.build/Objects-normal/x86_64/e6072d4f65d7061329687fe24e3d63a7-common-args.resp -include /Users/hectorgarcia/Library/Developer/Xcode/DerivedData/Build/Intermediates.noindex/GoogleDataTransport.build/Debug-iphonesimulator/GoogleDataTransport.build/DerivedSources/resource_bundle_accessor.h -MMD -MT dependencies -MF /Users/hectorgarcia/Library/Developer/Xcode/DerivedData/Build/Intermediates.noindex/GoogleDataTransport.build/Debug-iphonesimulator/GoogleDataTransport.build/Objects-normal/x86_64/GDTCORDirectorySizeTracker.d --serialize-diagnostics /Users/hectorgarcia/Library/Developer/Xcode/DerivedData/Build/Intermediates.noindex/GoogleDataTransport.build/Debug-iphonesimulator/GoogleDataTransport.build/Objects-normal/x86_64/GDTCORDirectorySizeTracker.dia -c /Users/hectorgarcia/Library/Developer/Xcode/DerivedData/Lyo-eagkiegzrakogpczynhkaholsscs/SourcePackages/checkouts/GoogleDataTransport/GoogleDataTransport/GDTCORLibrary/GDTCORDirectorySizeTracker.m -o /Users/hectorgarcia/Library/Developer/Xcode/DerivedData/Build/Intermediates.noindex/GoogleDataTransport.build/Debug-iphonesimulator/GoogleDataTransport.build/Objects-normal/x86_64/GDTCORDirectorySizeTracker.o -index-unit-output-path /GoogleDataTransport.build/Debug-iphonesimulator/GoogleDataTransport.build/Objects-normal/x86_64/GDTCORDirectorySizeTracker.o

CompileC /Users/hectorgarcia/Library/Developer/Xcode/DerivedData/Build/Intermediates.noindex/GoogleDataTransport.build/Debug-iphonesimulator/GoogleDataTransport.build/Objects-normal/x86_64/GDTCCTUploader.o /Users/hectorgarcia/Library/Developer/Xcode/DerivedData/Lyo-eagkiegzrakogpczynhkaholsscs/SourcePackages/checkouts/GoogleDataTransport/GoogleDataTransport/GDTCCTLibrary/GDTCCTUploader.m normal x86_64 objective-c com.apple.compilers.llvm.clang.1_0.compiler (in target 'GoogleDataTransport' from project 'GoogleDataTransport')
    cd /Users/hectorgarcia/LYO_Da_ONE/Lyo.xcodeproj
    
    Using response file: /Users/hectorgarcia/Library/Developer/Xcode/DerivedData/Build/Intermediates.noindex/GoogleDataTransport.build/Debug-iphonesimulator/GoogleDataTransport.build/Objects-normal/x86_64/e6072d4f65d7061329687fe24e3d63a7-common-args.resp
    
    /Users/hectorgarcia/Downloads/Xcode.app/Contents/Developer/Toolchains/XcodeDefault.xctoolchain/usr/bin/clang -x objective-c -ivfsstatcache /Users/hectorgarcia/Library/Developer/Xcode/DerivedData/SDKStatCaches.noindex/iphonesimulator26.2-23C53-823d3e8b6e60bc2018c189d3ca05ba9b.sdkstatcache -fmessage-length\=0 -fdiagnostics-show-note-include-stack -fmacro-backtrace-limit\=0 -fno-color-diagnostics -fmodules-prune-interval\=86400 -fmodules-prune-after\=345600 -fbuild-session-file\=/Users/hectorgarcia/Library/Developer/Xcode/DerivedData/ModuleCache.noindex/Session.modulevalidation -fmodules-validate-once-per-build-session -Wnon-modular-include-in-framework-module -Werror\=non-modular-include-in-framework-module -Wno-trigraphs -Wno-missing-field-initializers -Wno-missing-prototypes -Wno-return-type -Wno-implicit-atomic-properties -Wno-objc-interface-ivars -Wno-arc-repeated-use-of-weak -Wno-missing-braces -Wparentheses -Wswitch -Wno-unused-function -Wno-unused-label -Wno-unused-parameter -Wno-unused-variable -Wunused-value -Wno-empty-body -Wno-uninitialized -Wno-unknown-pragmas -w -Wno-shadow -Wno-four-char-constants -Wno-conversion -Wno-constant-conversion -Wno-int-conversion -Wno-bool-conversion -Wno-enum-conversion -Wno-float-conversion -Wno-non-literal-null-conversion -Wno-objc-literal-conversion -Wshorten-64-to-32 -Wpointer-sign -Wno-newline-eof -Wno-selector -Wno-strict-selector-match -Wno-undeclared-selector -Wno-deprecated-implementations -Wno-implicit-fallthrough -fstrict-aliasing -Wprotocol -Wdeprecated-declarations -Wno-sign-conversion -Wno-infinite-recursion -Wno-comma -Wno-block-capture-autoreleasing -Wno-strict-prototypes -Wno-semicolon-before-method-body -index-store-path /Users/hectorgarcia/Library/Developer/Xcode/DerivedData/Lyo-eagkiegzrakogpczynhkaholsscs/Index.noindex/DataStore @/Users/hectorgarcia/Library/Developer/Xcode/DerivedData/Build/Intermediates.noindex/GoogleDataTransport.build/Debug-iphonesimulator/GoogleDataTransport.build/Objects-normal/x86_64/e6072d4f65d7061329687fe24e3d63a7-common-args.resp -include /Users/hectorgarcia/Library/Developer/Xcode/DerivedData/Build/Intermediates.noindex/GoogleDataTransport.build/Debug-iphonesimulator/GoogleDataTransport.build/DerivedSources/resource_bundle_accessor.h -MMD -MT dependencies -MF /Users/hectorgarcia/Library/Developer/Xcode/DerivedData/Build/Intermediates.noindex/GoogleDataTransport.build/Debug-iphonesimulator/GoogleDataTransport.build/Objects-normal/x86_64/GDTCCTUploader.d --serialize-diagnostics /Users/hectorgarcia/Library/Developer/Xcode/DerivedData/Build/Intermediates.noindex/GoogleDataTransport.build/Debug-iphonesimulator/GoogleDataTransport.build/Objects-normal/x86_64/GDTCCTUploader.dia -c /Users/hectorgarcia/Library/Developer/Xcode/DerivedData/Lyo-eagkiegzrakogpczynhkaholsscs/SourcePackages/checkouts/GoogleDataTransport/GoogleDataTransport/GDTCCTLibrary/GDTCCTUploader.m -o /Users/hectorgarcia/Library/Developer/Xcode/DerivedData/Build/Intermediates.noindex/GoogleDataTransport.build/Debug-iphonesimulator/GoogleDataTransport.build/Objects-normal/x86_64/GDTCCTUploader.o -index-unit-output-path /GoogleDataTransport.build/Debug-iphonesimulator/GoogleDataTransport.build/Objects-normal/x86_64/GDTCCTUploader.o

CompileC /Users/hectorgarcia/Library/Developer/Xcode/DerivedData/Build/Intermediates.noindex/GoogleDataTransport.build/Debug-iphonesimulator/GoogleDataTransport.build/Objects-normal/x86_64/GDTCCTUploadOperation.o /Users/hectorgarcia/Library/Developer/Xcode/DerivedData/Lyo-eagkiegzrakogpczynhkaholsscs/SourcePackages/checkouts/GoogleDataTransport/GoogleDataTransport/GDTCCTLibrary/GDTCCTUploadOperation.m normal x86_64 objective-c com.apple.compilers.llvm.clang.1_0.compiler (in target 'GoogleDataTransport' from project 'GoogleDataTransport')
    cd /Users/hectorgarcia/LYO_Da_ONE/Lyo.xcodeproj
    
    Using response file: /Users/hectorgarcia/Library/Developer/Xcode/DerivedData/Build/Intermediates.noindex/GoogleDataTransport.build/Debug-iphonesimulator/GoogleDataTransport.build/Objects-normal/x86_64/e6072d4f65d7061329687fe24e3d63a7-common-args.resp
    
    /Users/hectorgarcia/Downloads/Xcode.app/Contents/Developer/Toolchains/XcodeDefault.xctoolchain/usr/bin/clang -x objective-c -ivfsstatcache /Users/hectorgarcia/Library/Developer/Xcode/DerivedData/SDKStatCaches.noindex/iphonesimulator26.2-23C53-823d3e8b6e60bc2018c189d3ca05ba9b.sdkstatcache -fmessage-length\=0 -fdiagnostics-show-note-include-stack -fmacro-backtrace-limit\=0 -fno-color-diagnostics -fmodules-prune-interval\=86400 -fmodules-prune-after\=345600 -fbuild-session-file\=/Users/hectorgarcia/Library/Developer/Xcode/DerivedData/ModuleCache.noindex/Session.modulevalidation -fmodules-validate-once-per-build-session -Wnon-modular-include-in-framework-module -Werror\=non-modular-include-in-framework-module -Wno-trigraphs -Wno-missing-field-initializers -Wno-missing-prototypes -Wno-return-type -Wno-implicit-atomic-properties -Wno-objc-interface-ivars -Wno-arc-repeated-use-of-weak -Wno-missing-braces -Wparentheses -Wswitch -Wno-unused-function -Wno-unused-label -Wno-unused-parameter -Wno-unused-variable -Wunused-value -Wno-empty-body -Wno-uninitialized -Wno-unknown-pragmas -w -Wno-shadow -Wno-four-char-constants -Wno-conversion -Wno-constant-conversion -Wno-int-conversion -Wno-bool-conversion -Wno-enum-conversion -Wno-float-conversion -Wno-non-literal-null-conversion -Wno-objc-literal-conversion -Wshorten-64-to-32 -Wpointer-sign -Wno-newline-eof -Wno-selector -Wno-strict-selector-match -Wno-undeclared-selector -Wno-deprecated-implementations -Wno-implicit-fallthrough -fstrict-aliasing -Wprotocol -Wdeprecated-declarations -Wno-sign-conversion -Wno-infinite-recursion -Wno-comma -Wno-block-capture-autoreleasing -Wno-strict-prototypes -Wno-semicolon-before-method-body -index-store-path /Users/hectorgarcia/Library/Developer/Xcode/DerivedData/Lyo-eagkiegzrakogpczynhkaholsscs/Index.noindex/DataStore @/Users/hectorgarcia/Library/Developer/Xcode/DerivedData/Build/Intermediates.noindex/GoogleDataTransport.build/Debug-iphonesimulator/GoogleDataTransport.build/Objects-normal/x86_64/e6072d4f65d7061329687fe24e3d63a7-common-args.resp -include /Users/hectorgarcia/Library/Developer/Xcode/DerivedData/Build/Intermediates.noindex/GoogleDataTransport.build/Debug-iphonesimulator/GoogleDataTransport.build/DerivedSources/resource_bundle_accessor.h -MMD -MT dependencies -MF /Users/hectorgarcia/Library/Developer/Xcode/DerivedData/Build/Intermediates.noindex/GoogleDataTransport.build/Debug-iphonesimulator/GoogleDataTransport.build/Objects-normal/x86_64/GDTCCTUploadOperation.d --serialize-diagnostics /Users/hectorgarcia/Library/Developer/Xcode/DerivedData/Build/Intermediates.noindex/GoogleDataTransport.build/Debug-iphonesimulator/GoogleDataTransport.build/Objects-normal/x86_64/GDTCCTUploadOperation.dia -c /Users/hectorgarcia/Library/Developer/Xcode/DerivedData/Lyo-eagkiegzrakogpczynhkaholsscs/SourcePackages/checkouts/GoogleDataTransport/GoogleDataTransport/GDTCCTLibrary/GDTCCTUploadOperation.m -o /Users/hectorgarcia/Library/Developer/Xcode/DerivedData/Build/Intermediates.noindex/GoogleDataTransport.build/Debug-iphonesimulator/GoogleDataTransport.build/Objects-normal/x86_64/GDTCCTUploadOperation.o -index-unit-output-path /GoogleDataTransport.build/Debug-iphonesimulator/GoogleDataTransport.build/Objects-normal/x86_64/GDTCCTUploadOperation.o

SwiftDriverJobDiscovery normal x86_64 Compiling HeartbeatsPayload.swift, RingBuffer.swift (in target 'FirebaseCoreInternal' from project 'Firebase')

CompileC /Users/hectorgarcia/Library/Developer/Xcode/DerivedData/Build/Intermediates.noindex/GoogleDataTransport.build/Debug-iphonesimulator/GoogleDataTransport.build/Objects-normal/x86_64/GDTCCTNanopbHelpers.o /Users/hectorgarcia/Library/Developer/Xcode/DerivedData/Lyo-eagkiegzrakogpczynhkaholsscs/SourcePackages/checkouts/GoogleDataTransport/GoogleDataTransport/GDTCCTLibrary/GDTCCTNanopbHelpers.m normal x86_64 objective-c com.apple.compilers.llvm.clang.1_0.compiler (in target 'GoogleDataTransport' from project 'GoogleDataTransport')
    cd /Users/hectorgarcia/LYO_Da_ONE/Lyo.xcodeproj
    
    Using response file: /Users/hectorgarcia/Library/Developer/Xcode/DerivedData/Build/Intermediates.noindex/GoogleDataTransport.build/Debug-iphonesimulator/GoogleDataTransport.build/Objects-normal/x86_64/e6072d4f65d7061329687fe24e3d63a7-common-args.resp
    
    /Users/hectorgarcia/Downloads/Xcode.app/Contents/Developer/Toolchains/XcodeDefault.xctoolchain/usr/bin/clang -x objective-c -ivfsstatcache /Users/hectorgarcia/Library/Developer/Xcode/DerivedData/SDKStatCaches.noindex/iphonesimulator26.2-23C53-823d3e8b6e60bc2018c189d3ca05ba9b.sdkstatcache -fmessage-length\=0 -fdiagnostics-show-note-include-stack -fmacro-backtrace-limit\=0 -fno-color-diagnostics -fmodules-prune-interval\=86400 -fmodules-prune-after\=345600 -fbuild-session-file\=/Users/hectorgarcia/Library/Developer/Xcode/DerivedData/ModuleCache.noindex/Session.modulevalidation -fmodules-validate-once-per-build-session -Wnon-modular-include-in-framework-module -Werror\=non-modular-include-in-framework-module -Wno-trigraphs -Wno-missing-field-initializers -Wno-missing-prototypes -Wno-return-type -Wno-implicit-atomic-properties -Wno-objc-interface-ivars -Wno-arc-repeated-use-of-weak -Wno-missing-braces -Wparentheses -Wswitch -Wno-unused-function -Wno-unused-label -Wno-unused-parameter -Wno-unused-variable -Wunused-value -Wno-empty-body -Wno-uninitialized -Wno-unknown-pragmas -w -Wno-shadow -Wno-four-char-constants -Wno-conversion -Wno-constant-conversion -Wno-int-conversion -Wno-bool-conversion -Wno-enum-conversion -Wno-float-conversion -Wno-non-literal-null-conversion -Wno-objc-literal-conversion -Wshorten-64-to-32 -Wpointer-sign -Wno-newline-eof -Wno-selector -Wno-strict-selector-match -Wno-undeclared-selector -Wno-deprecated-implementations -Wno-implicit-fallthrough -fstrict-aliasing -Wprotocol -Wdeprecated-declarations -Wno-sign-conversion -Wno-infinite-recursion -Wno-comma -Wno-block-capture-autoreleasing -Wno-strict-prototypes -Wno-semicolon-before-method-body -index-store-path /Users/hectorgarcia/Library/Developer/Xcode/DerivedData/Lyo-eagkiegzrakogpczynhkaholsscs/Index.noindex/DataStore @/Users/hectorgarcia/Library/Developer/Xcode/DerivedData/Build/Intermediates.noindex/GoogleDataTransport.build/Debug-iphonesimulator/GoogleDataTransport.build/Objects-normal/x86_64/e6072d4f65d7061329687fe24e3d63a7-common-args.resp -include /Users/hectorgarcia/Library/Developer/Xcode/DerivedData/Build/Intermediates.noindex/GoogleDataTransport.build/Debug-iphonesimulator/GoogleDataTransport.build/DerivedSources/resource_bundle_accessor.h -MMD -MT dependencies -MF /Users/hectorgarcia/Library/Developer/Xcode/DerivedData/Build/Intermediates.noindex/GoogleDataTransport.build/Debug-iphonesimulator/GoogleDataTransport.build/Objects-normal/x86_64/GDTCCTNanopbHelpers.d --serialize-diagnostics /Users/hectorgarcia/Library/Developer/Xcode/DerivedData/Build/Intermediates.noindex/GoogleDataTransport.build/Debug-iphonesimulator/GoogleDataTransport.build/Objects-normal/x86_64/GDTCCTNanopbHelpers.dia -c /Users/hectorgarcia/Library/Developer/Xcode/DerivedData/Lyo-eagkiegzrakogpczynhkaholsscs/SourcePackages/checkouts/GoogleDataTransport/GoogleDataTransport/GDTCCTLibrary/GDTCCTNanopbHelpers.m -o /Users/hectorgarcia/Library/Developer/Xcode/DerivedData/Build/Intermediates.noindex/GoogleDataTransport.build/Debug-iphonesimulator/GoogleDataTransport.build/Objects-normal/x86_64/GDTCCTNanopbHelpers.o -index-unit-output-path /GoogleDataTransport.build/Debug-iphonesimulator/GoogleDataTransport.build/Objects-normal/x86_64/GDTCCTNanopbHelpers.o

CompileC /Users/hectorgarcia/Library/Developer/Xcode/DerivedData/Build/Intermediates.noindex/Firebase.build/Debug-iphonesimulator/FirebaseCoreExtension.build/Objects-normal/x86_64/resource_bundle_accessor.o /Users/hectorgarcia/Library/Developer/Xcode/DerivedData/Build/Intermediates.noindex/Firebase.build/Debug-iphonesimulator/FirebaseCoreExtension.build/DerivedSources/resource_bundle_accessor.m normal x86_64 objective-c com.apple.compilers.llvm.clang.1_0.compiler (in target 'FirebaseCoreExtension' from project 'Firebase')
    cd /Users/hectorgarcia/LYO_Da_ONE/Lyo.xcodeproj
    
    Using response file: /Users/hectorgarcia/Library/Developer/Xcode/DerivedData/Build/Intermediates.noindex/Firebase.build/Debug-iphonesimulator/FirebaseCoreExtension.build/Objects-normal/x86_64/e6072d4f65d7061329687fe24e3d63a7-common-args.resp
    
    /Users/hectorgarcia/Downloads/Xcode.app/Contents/Developer/Toolchains/XcodeDefault.xctoolchain/usr/bin/clang -x objective-c -ivfsstatcache /Users/hectorgarcia/Library/Developer/Xcode/DerivedData/SDKStatCaches.noindex/iphonesimulator26.2-23C53-823d3e8b6e60bc2018c189d3ca05ba9b.sdkstatcache -fmessage-length\=0 -fdiagnostics-show-note-include-stack -fmacro-backtrace-limit\=0 -fno-color-diagnostics -fmodules-prune-interval\=86400 -fmodules-prune-after\=345600 -fbuild-session-file\=/Users/hectorgarcia/Library/Developer/Xcode/DerivedData/ModuleCache.noindex/Session.modulevalidation -fmodules-validate-once-per-build-session -Wnon-modular-include-in-framework-module -Werror\=non-modular-include-in-framework-module -Wno-trigraphs -Wno-missing-field-initializers -Wno-missing-prototypes -Wno-return-type -Wno-implicit-atomic-properties -Wno-objc-interface-ivars -Wno-arc-repeated-use-of-weak -Wno-missing-braces -Wparentheses -Wswitch -Wno-unused-function -Wno-unused-label -Wno-unused-parameter -Wno-unused-variable -Wunused-value -Wno-empty-body -Wno-uninitialized -Wno-unknown-pragmas -w -Wno-shadow -Wno-four-char-constants -Wno-conversion -Wno-constant-conversion -Wno-int-conversion -Wno-bool-conversion -Wno-enum-conversion -Wno-float-conversion -Wno-non-literal-null-conversion -Wno-objc-literal-conversion -Wshorten-64-to-32 -Wpointer-sign -Wno-newline-eof -Wno-selector -Wno-strict-selector-match -Wno-undeclared-selector -Wno-deprecated-implementations -Wno-implicit-fallthrough -fstrict-aliasing -Wprotocol -Wdeprecated-declarations -Wno-sign-conversion -Wno-infinite-recursion -Wno-comma -Wno-block-capture-autoreleasing -Wno-strict-prototypes -Wno-semicolon-before-method-body -index-store-path /Users/hectorgarcia/Library/Developer/Xcode/DerivedData/Lyo-eagkiegzrakogpczynhkaholsscs/Index.noindex/DataStore @/Users/hectorgarcia/Library/Developer/Xcode/DerivedData/Build/Intermediates.noindex/Firebase.build/Debug-iphonesimulator/FirebaseCoreExtension.build/Objects-normal/x86_64/e6072d4f65d7061329687fe24e3d63a7-common-args.resp -include /Users/hectorgarcia/Library/Developer/Xcode/DerivedData/Build/Intermediates.noindex/Firebase.build/Debug-iphonesimulator/FirebaseCoreExtension.build/DerivedSources/resource_bundle_accessor.h -MMD -MT dependencies -MF /Users/hectorgarcia/Library/Developer/Xcode/DerivedData/Build/Intermediates.noindex/Firebase.build/Debug-iphonesimulator/FirebaseCoreExtension.build/Objects-normal/x86_64/resource_bundle_accessor.d --serialize-diagnostics /Users/hectorgarcia/Library/Developer/Xcode/DerivedData/Build/Intermediates.noindex/Firebase.build/Debug-iphonesimulator/FirebaseCoreExtension.build/Objects-normal/x86_64/resource_bundle_accessor.dia -c /Users/hectorgarcia/Library/Developer/Xcode/DerivedData/Build/Intermediates.noindex/Firebase.build/Debug-iphonesimulator/FirebaseCoreExtension.build/DerivedSources/resource_bundle_accessor.m -o /Users/hectorgarcia/Library/Developer/Xcode/DerivedData/Build/Intermediates.noindex/Firebase.build/Debug-iphonesimulator/FirebaseCoreExtension.build/Objects-normal/x86_64/resource_bundle_accessor.o -index-unit-output-path /Firebase.build/Debug-iphonesimulator/FirebaseCoreExtension.build/Objects-normal/x86_64/resource_bundle_accessor.o

PrecompileModule /Users/hectorgarcia/Library/Developer/Xcode/DerivedData/Build/Intermediates.noindex/ExplicitPrecompiledModules/CoreVideo-28DKBWKPOXYJFATH925BR6QKH.scan
    cd /
    builtin-precompileModule /Users/hectorgarcia/Library/Developer/Xcode/DerivedData/Build/Intermediates.noindex/ExplicitPrecompiledModules/CoreVideo-28DKBWKPOXYJFATH925BR6QKH.scan

ScanDependencies /Users/hectorgarcia/Library/Developer/Xcode/DerivedData/Build/Intermediates.noindex/Firebase.build/Debug-iphonesimulator/FirebaseCoreExtension.build/Objects-normal/x86_64/dummy.o /Users/hectorgarcia/Library/Developer/Xcode/DerivedData/Lyo-eagkiegzrakogpczynhkaholsscs/SourcePackages/checkouts/firebase-ios-sdk/FirebaseCore/Extension/dummy.m normal x86_64 objective-c com.apple.compilers.llvm.clang.1_0.compiler (in target 'FirebaseCoreExtension' from project 'Firebase')
    cd /Users/hectorgarcia/LYO_Da_ONE/Lyo.xcodeproj
    
    Using response file: /Users/hectorgarcia/Library/Developer/Xcode/DerivedData/Build/Intermediates.noindex/Firebase.build/Debug-iphonesimulator/FirebaseCoreExtension.build/Objects-normal/x86_64/e6072d4f65d7061329687fe24e3d63a7-common-args.resp
    
    builtin-ScanDependencies -o /Users/hectorgarcia/Library/Developer/Xcode/DerivedData/Build/Intermediates.noindex/Firebase.build/Debug-iphonesimulator/FirebaseCoreExtension.build/Objects-normal/x86_64/dummy.o.scan -- /Users/hectorgarcia/Downloads/Xcode.app/Contents/Developer/Toolchains/XcodeDefault.xctoolchain/usr/bin/clang -x objective-c -ivfsstatcache /Users/hectorgarcia/Library/Developer/Xcode/DerivedData/SDKStatCaches.noindex/iphonesimulator26.2-23C53-823d3e8b6e60bc2018c189d3ca05ba9b.sdkstatcache -fmessage-length\=0 -fdiagnostics-show-note-include-stack -fmacro-backtrace-limit\=0 -fno-color-diagnostics -fmodules-prune-interval\=86400 -fmodules-prune-after\=345600 -fbuild-session-file\=/Users/hectorgarcia/Library/Developer/Xcode/DerivedData/ModuleCache.noindex/Session.modulevalidation -fmodules-validate-once-per-build-session -Wnon-modular-include-in-framework-module -Werror\=non-modular-include-in-framework-module -Wno-trigraphs -Wno-missing-field-initializers -Wno-missing-prototypes -Wno-return-type -Wno-implicit-atomic-properties -Wno-objc-interface-ivars -Wno-arc-repeated-use-of-weak -Wno-missing-braces -Wparentheses -Wswitch -Wno-unused-function -Wno-unused-label -Wno-unused-parameter -Wno-unused-variable -Wunused-value -Wno-empty-body -Wno-uninitialized -Wno-unknown-pragmas -w -Wno-shadow -Wno-four-char-constants -Wno-conversion -Wno-constant-conversion -Wno-int-conversion -Wno-bool-conversion -Wno-enum-conversion -Wno-float-conversion -Wno-non-literal-null-conversion -Wno-objc-literal-conversion -Wshorten-64-to-32 -Wpointer-sign -Wno-newline-eof -Wno-selector -Wno-strict-selector-match -Wno-undeclared-selector -Wno-deprecated-implementations -Wno-implicit-fallthrough -fstrict-aliasing -Wprotocol -Wdeprecated-declarations -Wno-sign-conversion -Wno-infinite-recursion -Wno-comma -Wno-block-capture-autoreleasing -Wno-strict-prototypes -Wno-semicolon-before-method-body -index-store-path /Users/hectorgarcia/Library/Developer/Xcode/DerivedData/Lyo-eagkiegzrakogpczynhkaholsscs/Index.noindex/DataStore @/Users/hectorgarcia/Library/Developer/Xcode/DerivedData/Build/Intermediates.noindex/Firebase.build/Debug-iphonesimulator/FirebaseCoreExtension.build/Objects-normal/x86_64/e6072d4f65d7061329687fe24e3d63a7-common-args.resp -include /Users/hectorgarcia/Library/Developer/Xcode/DerivedData/Build/Intermediates.noindex/Firebase.build/Debug-iphonesimulator/FirebaseCoreExtension.build/DerivedSources/resource_bundle_accessor.h -MMD -MT dependencies -MF /Users/hectorgarcia/Library/Developer/Xcode/DerivedData/Build/Intermediates.noindex/Firebase.build/Debug-iphonesimulator/FirebaseCoreExtension.build/Objects-normal/x86_64/dummy.d --serialize-diagnostics /Users/hectorgarcia/Library/Developer/Xcode/DerivedData/Build/Intermediates.noindex/Firebase.build/Debug-iphonesimulator/FirebaseCoreExtension.build/Objects-normal/x86_64/dummy.dia -c /Users/hectorgarcia/Library/Developer/Xcode/DerivedData/Lyo-eagkiegzrakogpczynhkaholsscs/SourcePackages/checkouts/firebase-ios-sdk/FirebaseCore/Extension/dummy.m -o /Users/hectorgarcia/Library/Developer/Xcode/DerivedData/Build/Intermediates.noindex/Firebase.build/Debug-iphonesimulator/FirebaseCoreExtension.build/Objects-normal/x86_64/dummy.o -index-unit-output-path /Firebase.build/Debug-iphonesimulator/FirebaseCoreExtension.build/Objects-normal/x86_64/dummy.o

Ld /Users/hectorgarcia/Library/Developer/Xcode/DerivedData/Build/Products/Debug-iphonesimulator/FirebaseRemoteConfigInterop.o normal (in target 'FirebaseRemoteConfigInterop' from project 'Firebase')
    cd /Users/hectorgarcia/Library/Developer/Xcode/DerivedData/Lyo-eagkiegzrakogpczynhkaholsscs/SourcePackages/checkouts/firebase-ios-sdk
    /Users/hectorgarcia/Downloads/Xcode.app/Contents/Developer/Toolchains/XcodeDefault.xctoolchain/usr/bin/clang -Xlinker -reproducible -target x86_64-apple-ios12.0-simulator -r -isysroot /Users/hectorgarcia/Downloads/Xcode.app/Contents/Developer/Platforms/iPhoneSimulator.platform/Developer/SDKs/iPhoneSimulator26.2.sdk -O0 -w -L/Users/hectorgarcia/Library/Developer/Xcode/DerivedData/Build/Intermediates.noindex/EagerLinkingTBDs/Debug-iphonesimulator -L/Users/hectorgarcia/Library/Developer/Xcode/DerivedData/Build/Products/Debug-iphonesimulator -L/Users/hectorgarcia/Downloads/Xcode.app/Contents/Developer/Platforms/iPhoneSimulator.platform/Developer/usr/lib -F/Users/hectorgarcia/Library/Developer/Xcode/DerivedData/Build/Intermediates.noindex/EagerLinkingTBDs/Debug-iphonesimulator -F/Users/hectorgarcia/Library/Developer/Xcode/DerivedData/Build/Products/Debug-iphonesimulator -iframework /Users/hectorgarcia/Downloads/Xcode.app/Contents/Developer/Platforms/iPhoneSimulator.platform/Developer/Library/Frameworks -iframework /Users/hectorgarcia/Downloads/Xcode.app/Contents/Developer/Platforms/iPhoneSimulator.platform/Developer/SDKs/iPhoneSimulator26.2.sdk/Developer/Library/Frameworks -filelist /Users/hectorgarcia/Library/Developer/Xcode/DerivedData/Build/Intermediates.noindex/Firebase.build/Debug-iphonesimulator/FirebaseRemoteConfigInterop.build/Objects-normal/x86_64/FirebaseRemoteConfigInterop.LinkFileList -nostdlib -Xlinker -object_path_lto -Xlinker /Users/hectorgarcia/Library/Developer/Xcode/DerivedData/Build/Intermediates.noindex/Firebase.build/Debug-iphonesimulator/FirebaseRemoteConfigInterop.build/Objects-normal/x86_64/FirebaseRemoteConfigInterop_lto.o -rdynamic -Xlinker -no_deduplicate -Xlinker -objc_abi_version -Xlinker 2 -Xlinker -dependency_info -Xlinker /Users/hectorgarcia/Library/Developer/Xcode/DerivedData/Build/Intermediates.noindex/Firebase.build/Debug-iphonesimulator/FirebaseRemoteConfigInterop.build/Objects-normal/x86_64/FirebaseRemoteConfigInterop_dependency_info.dat -fobjc-link-runtime -L/Users/hectorgarcia/Downloads/Xcode.app/Contents/Developer/Toolchains/XcodeDefault.xctoolchain/usr/lib/swift/iphonesimulator -L/usr/lib/swift -Xlinker -add_ast_path -Xlinker /Users/hectorgarcia/Library/Developer/Xcode/DerivedData/Build/Intermediates.noindex/Firebase.build/Debug-iphonesimulator/FirebaseRemoteConfigInterop.build/Objects-normal/x86_64/FirebaseRemoteConfigInterop.swiftmodule @/Users/hectorgarcia/Library/Developer/Xcode/DerivedData/Build/Intermediates.noindex/Firebase.build/Debug-iphonesimulator/FirebaseRemoteConfigInterop.build/Objects-normal/x86_64/FirebaseRemoteConfigInterop-linker-args.resp -o /Users/hectorgarcia/Library/Developer/Xcode/DerivedData/Build/Products/Debug-iphonesimulator/FirebaseRemoteConfigInterop.o

CompileC /Users/hectorgarcia/Library/Developer/Xcode/DerivedData/Build/Intermediates.noindex/Firebase.build/Debug-iphonesimulator/FirebaseCoreExtension.build/Objects-normal/x86_64/dummy.o /Users/hectorgarcia/Library/Developer/Xcode/DerivedData/Lyo-eagkiegzrakogpczynhkaholsscs/SourcePackages/checkouts/firebase-ios-sdk/FirebaseCore/Extension/dummy.m normal x86_64 objective-c com.apple.compilers.llvm.clang.1_0.compiler (in target 'FirebaseCoreExtension' from project 'Firebase')
    cd /Users/hectorgarcia/LYO_Da_ONE/Lyo.xcodeproj
    
    Using response file: /Users/hectorgarcia/Library/Developer/Xcode/DerivedData/Build/Intermediates.noindex/Firebase.build/Debug-iphonesimulator/FirebaseCoreExtension.build/Objects-normal/x86_64/e6072d4f65d7061329687fe24e3d63a7-common-args.resp
    
    /Users/hectorgarcia/Downloads/Xcode.app/Contents/Developer/Toolchains/XcodeDefault.xctoolchain/usr/bin/clang -x objective-c -ivfsstatcache /Users/hectorgarcia/Library/Developer/Xcode/DerivedData/SDKStatCaches.noindex/iphonesimulator26.2-23C53-823d3e8b6e60bc2018c189d3ca05ba9b.sdkstatcache -fmessage-length\=0 -fdiagnostics-show-note-include-stack -fmacro-backtrace-limit\=0 -fno-color-diagnostics -fmodules-prune-interval\=86400 -fmodules-prune-after\=345600 -fbuild-session-file\=/Users/hectorgarcia/Library/Developer/Xcode/DerivedData/ModuleCache.noindex/Session.modulevalidation -fmodules-validate-once-per-build-session -Wnon-modular-include-in-framework-module -Werror\=non-modular-include-in-framework-module -Wno-trigraphs -Wno-missing-field-initializers -Wno-missing-prototypes -Wno-return-type -Wno-implicit-atomic-properties -Wno-objc-interface-ivars -Wno-arc-repeated-use-of-weak -Wno-missing-braces -Wparentheses -Wswitch -Wno-unused-function -Wno-unused-label -Wno-unused-parameter -Wno-unused-variable -Wunused-value -Wno-empty-body -Wno-uninitialized -Wno-unknown-pragmas -w -Wno-shadow -Wno-four-char-constants -Wno-conversion -Wno-constant-conversion -Wno-int-conversion -Wno-bool-conversion -Wno-enum-conversion -Wno-float-conversion -Wno-non-literal-null-conversion -Wno-objc-literal-conversion -Wshorten-64-to-32 -Wpointer-sign -Wno-newline-eof -Wno-selector -Wno-strict-selector-match -Wno-undeclared-selector -Wno-deprecated-implementations -Wno-implicit-fallthrough -fstrict-aliasing -Wprotocol -Wdeprecated-declarations -Wno-sign-conversion -Wno-infinite-recursion -Wno-comma -Wno-block-capture-autoreleasing -Wno-strict-prototypes -Wno-semicolon-before-method-body -index-store-path /Users/hectorgarcia/Library/Developer/Xcode/DerivedData/Lyo-eagkiegzrakogpczynhkaholsscs/Index.noindex/DataStore @/Users/hectorgarcia/Library/Developer/Xcode/DerivedData/Build/Intermediates.noindex/Firebase.build/Debug-iphonesimulator/FirebaseCoreExtension.build/Objects-normal/x86_64/e6072d4f65d7061329687fe24e3d63a7-common-args.resp -include /Users/hectorgarcia/Library/Developer/Xcode/DerivedData/Build/Intermediates.noindex/Firebase.build/Debug-iphonesimulator/FirebaseCoreExtension.build/DerivedSources/resource_bundle_accessor.h -MMD -MT dependencies -MF /Users/hectorgarcia/Library/Developer/Xcode/DerivedData/Build/Intermediates.noindex/Firebase.build/Debug-iphonesimulator/FirebaseCoreExtension.build/Objects-normal/x86_64/dummy.d --serialize-diagnostics /Users/hectorgarcia/Library/Developer/Xcode/DerivedData/Build/Intermediates.noindex/Firebase.build/Debug-iphonesimulator/FirebaseCoreExtension.build/Objects-normal/x86_64/dummy.dia -c /Users/hectorgarcia/Library/Developer/Xcode/DerivedData/Lyo-eagkiegzrakogpczynhkaholsscs/SourcePackages/checkouts/firebase-ios-sdk/FirebaseCore/Extension/dummy.m -o /Users/hectorgarcia/Library/Developer/Xcode/DerivedData/Build/Intermediates.noindex/Firebase.build/Debug-iphonesimulator/FirebaseCoreExtension.build/Objects-normal/x86_64/dummy.o -index-unit-output-path /Firebase.build/Debug-iphonesimulator/FirebaseCoreExtension.build/Objects-normal/x86_64/dummy.o

PrecompileModule /Users/hectorgarcia/Library/Developer/Xcode/DerivedData/Build/Intermediates.noindex/ExplicitPrecompiledModules/QuartzCore-1PNUBLFEUT44XHCJI764EICRE.scan
    cd /
    builtin-precompileModule /Users/hectorgarcia/Library/Developer/Xcode/DerivedData/Build/Intermediates.noindex/ExplicitPrecompiledModules/QuartzCore-1PNUBLFEUT44XHCJI764EICRE.scan

PrecompileModule /Users/hectorgarcia/Library/Developer/Xcode/DerivedData/Build/Intermediates.noindex/ExplicitPrecompiledModules/CoreImage-7AWOAEUAY9T3O17EKK606RPVW.scan
    cd /
    builtin-precompileModule /Users/hectorgarcia/Library/Developer/Xcode/DerivedData/Build/Intermediates.noindex/ExplicitPrecompiledModules/CoreImage-7AWOAEUAY9T3O17EKK606RPVW.scan

RegisterExecutionPolicyException /Users/hectorgarcia/Library/Developer/Xcode/DerivedData/Build/Products/Debug-iphonesimulator/nanopb.o (in target 'nanopb' from project 'nanopb')
    cd /Users/hectorgarcia/Library/Developer/Xcode/DerivedData/Lyo-eagkiegzrakogpczynhkaholsscs/SourcePackages/checkouts/nanopb
    builtin-RegisterExecutionPolicyException /Users/hectorgarcia/Library/Developer/Xcode/DerivedData/Build/Products/Debug-iphonesimulator/nanopb.o

Touch /Users/hectorgarcia/Library/Developer/Xcode/DerivedData/Build/Products/Debug-iphonesimulator/Firebase_FirebaseCoreExtension.bundle (in target 'Firebase_FirebaseCoreExtension' from project 'Firebase')
    cd /Users/hectorgarcia/Library/Developer/Xcode/DerivedData/Lyo-eagkiegzrakogpczynhkaholsscs/SourcePackages/checkouts/firebase-ios-sdk
    /usr/bin/touch -c /Users/hectorgarcia/Library/Developer/Xcode/DerivedData/Build/Products/Debug-iphonesimulator/Firebase_FirebaseCoreExtension.bundle

Ld /Users/hectorgarcia/Library/Developer/Xcode/DerivedData/Build/Products/Debug-iphonesimulator/FirebaseCoreExtension.o normal (in target 'FirebaseCoreExtension' from project 'Firebase')
    cd /Users/hectorgarcia/Library/Developer/Xcode/DerivedData/Lyo-eagkiegzrakogpczynhkaholsscs/SourcePackages/checkouts/firebase-ios-sdk
    /Users/hectorgarcia/Downloads/Xcode.app/Contents/Developer/Toolchains/XcodeDefault.xctoolchain/usr/bin/clang -Xlinker -reproducible -target x86_64-apple-ios12.0-simulator -r -isysroot /Users/hectorgarcia/Downloads/Xcode.app/Contents/Developer/Platforms/iPhoneSimulator.platform/Developer/SDKs/iPhoneSimulator26.2.sdk -O0 -w -L/Users/hectorgarcia/Library/Developer/Xcode/DerivedData/Build/Intermediates.noindex/EagerLinkingTBDs/Debug-iphonesimulator -L/Users/hectorgarcia/Library/Developer/Xcode/DerivedData/Build/Products/Debug-iphonesimulator -L/Users/hectorgarcia/Downloads/Xcode.app/Contents/Developer/Platforms/iPhoneSimulator.platform/Developer/usr/lib -F/Users/hectorgarcia/Library/Developer/Xcode/DerivedData/Build/Intermediates.noindex/EagerLinkingTBDs/Debug-iphonesimulator -F/Users/hectorgarcia/Library/Developer/Xcode/DerivedData/Build/Products/Debug-iphonesimulator -iframework /Users/hectorgarcia/Downloads/Xcode.app/Contents/Developer/Platforms/iPhoneSimulator.platform/Developer/Library/Frameworks -iframework /Users/hectorgarcia/Downloads/Xcode.app/Contents/Developer/Platforms/iPhoneSimulator.platform/Developer/SDKs/iPhoneSimulator26.2.sdk/Developer/Library/Frameworks -filelist /Users/hectorgarcia/Library/Developer/Xcode/DerivedData/Build/Intermediates.noindex/Firebase.build/Debug-iphonesimulator/FirebaseCoreExtension.build/Objects-normal/x86_64/FirebaseCoreExtension.LinkFileList -nostdlib -Xlinker -object_path_lto -Xlinker /Users/hectorgarcia/Library/Developer/Xcode/DerivedData/Build/Intermediates.noindex/Firebase.build/Debug-iphonesimulator/FirebaseCoreExtension.build/Objects-normal/x86_64/FirebaseCoreExtension_lto.o -rdynamic -Xlinker -no_deduplicate -Xlinker -objc_abi_version -Xlinker 2 -Xlinker -dependency_info -Xlinker /Users/hectorgarcia/Library/Developer/Xcode/DerivedData/Build/Intermediates.noindex/Firebase.build/Debug-iphonesimulator/FirebaseCoreExtension.build/Objects-normal/x86_64/FirebaseCoreExtension_dependency_info.dat -fobjc-arc -fobjc-link-runtime -o /Users/hectorgarcia/Library/Developer/Xcode/DerivedData/Build/Products/Debug-iphonesimulator/FirebaseCoreExtension.o

RegisterExecutionPolicyException /Users/hectorgarcia/Library/Developer/Xcode/DerivedData/Build/Products/Debug-iphonesimulator/GoogleUtilities-NSData.o (in target 'GoogleUtilities-NSData' from project 'GoogleUtilities')
    cd /Users/hectorgarcia/Library/Developer/Xcode/DerivedData/Lyo-eagkiegzrakogpczynhkaholsscs/SourcePackages/checkouts/GoogleUtilities
    builtin-RegisterExecutionPolicyException /Users/hectorgarcia/Library/Developer/Xcode/DerivedData/Build/Products/Debug-iphonesimulator/GoogleUtilities-NSData.o

ScanDependencies /Users/hectorgarcia/Library/Developer/Xcode/DerivedData/Build/Intermediates.noindex/GoogleSignIn.build/Debug-iphonesimulator/GoogleSignIn.build/Objects-normal/x86_64/resource_bundle_accessor.o /Users/hectorgarcia/Library/Developer/Xcode/DerivedData/Build/Intermediates.noindex/GoogleSignIn.build/Debug-iphonesimulator/GoogleSignIn.build/DerivedSources/resource_bundle_accessor.m normal x86_64 objective-c com.apple.compilers.llvm.clang.1_0.compiler (in target 'GoogleSignIn' from project 'GoogleSignIn')
    cd /Users/hectorgarcia/LYO_Da_ONE/Lyo.xcodeproj
    
    Using response file: /Users/hectorgarcia/Library/Developer/Xcode/DerivedData/Build/Intermediates.noindex/GoogleSignIn.build/Debug-iphonesimulator/GoogleSignIn.build/Objects-normal/x86_64/e6072d4f65d7061329687fe24e3d63a7-common-args.resp
    
    builtin-ScanDependencies -o /Users/hectorgarcia/Library/Developer/Xcode/DerivedData/Build/Intermediates.noindex/GoogleSignIn.build/Debug-iphonesimulator/GoogleSignIn.build/Objects-normal/x86_64/resource_bundle_accessor.o.scan -- /Users/hectorgarcia/Downloads/Xcode.app/Contents/Developer/Toolchains/XcodeDefault.xctoolchain/usr/bin/clang -x objective-c -ivfsstatcache /Users/hectorgarcia/Library/Developer/Xcode/DerivedData/SDKStatCaches.noindex/iphonesimulator26.2-23C53-823d3e8b6e60bc2018c189d3ca05ba9b.sdkstatcache -fmessage-length\=0 -fdiagnostics-show-note-include-stack -fmacro-backtrace-limit\=0 -fno-color-diagnostics -fmodules-prune-interval\=86400 -fmodules-prune-after\=345600 -fbuild-session-file\=/Users/hectorgarcia/Library/Developer/Xcode/DerivedData/ModuleCache.noindex/Session.modulevalidation -fmodules-validate-once-per-build-session -Wnon-modular-include-in-framework-module -Werror\=non-modular-include-in-framework-module -Wno-trigraphs -Wno-missing-field-initializers -Wno-missing-prototypes -Wno-return-type -Wno-implicit-atomic-properties -Wno-objc-interface-ivars -Wno-arc-repeated-use-of-weak -Wno-missing-braces -Wparentheses -Wswitch -Wno-unused-function -Wno-unused-label -Wno-unused-parameter -Wno-unused-variable -Wunused-value -Wno-empty-body -Wno-uninitialized -Wno-unknown-pragmas -w -Wno-shadow -Wno-four-char-constants -Wno-conversion -Wno-constant-conversion -Wno-int-conversion -Wno-bool-conversion -Wno-enum-conversion -Wno-float-conversion -Wno-non-literal-null-conversion -Wno-objc-literal-conversion -Wshorten-64-to-32 -Wpointer-sign -Wno-newline-eof -Wno-selector -Wno-strict-selector-match -Wno-undeclared-selector -Wno-deprecated-implementations -Wno-implicit-fallthrough -fstrict-aliasing -Wprotocol -Wdeprecated-declarations -Wno-sign-conversion -Wno-infinite-recursion -Wno-comma -Wno-block-capture-autoreleasing -Wno-strict-prototypes -Wno-semicolon-before-method-body -index-store-path /Users/hectorgarcia/Library/Developer/Xcode/DerivedData/Lyo-eagkiegzrakogpczynhkaholsscs/Index.noindex/DataStore @/Users/hectorgarcia/Library/Developer/Xcode/DerivedData/Build/Intermediates.noindex/GoogleSignIn.build/Debug-iphonesimulator/GoogleSignIn.build/Objects-normal/x86_64/e6072d4f65d7061329687fe24e3d63a7-common-args.resp -include /Users/hectorgarcia/Library/Developer/Xcode/DerivedData/Build/Intermediates.noindex/GoogleSignIn.build/Debug-iphonesimulator/GoogleSignIn.build/DerivedSources/resource_bundle_accessor.h -MMD -MT dependencies -MF /Users/hectorgarcia/Library/Developer/Xcode/DerivedData/Build/Intermediates.noindex/GoogleSignIn.build/Debug-iphonesimulator/GoogleSignIn.build/Objects-normal/x86_64/resource_bundle_accessor.d --serialize-diagnostics /Users/hectorgarcia/Library/Developer/Xcode/DerivedData/Build/Intermediates.noindex/GoogleSignIn.build/Debug-iphonesimulator/GoogleSignIn.build/Objects-normal/x86_64/resource_bundle_accessor.dia -c /Users/hectorgarcia/Library/Developer/Xcode/DerivedData/Build/Intermediates.noindex/GoogleSignIn.build/Debug-iphonesimulator/GoogleSignIn.build/DerivedSources/resource_bundle_accessor.m -o /Users/hectorgarcia/Library/Developer/Xcode/DerivedData/Build/Intermediates.noindex/GoogleSignIn.build/Debug-iphonesimulator/GoogleSignIn.build/Objects-normal/x86_64/resource_bundle_accessor.o -index-unit-output-path /GoogleSignIn.build/Debug-iphonesimulator/GoogleSignIn.build/Objects-normal/x86_64/resource_bundle_accessor.o

ScanDependencies /Users/hectorgarcia/Library/Developer/Xcode/DerivedData/Build/Intermediates.noindex/GoogleSignIn.build/Debug-iphonesimulator/GoogleSignIn.build/Objects-normal/x86_64/NSBundle+GID3PAdditions.o /Users/hectorgarcia/Library/Developer/Xcode/DerivedData/Lyo-eagkiegzrakogpczynhkaholsscs/SourcePackages/checkouts/GoogleSignIn-iOS/GoogleSignIn/Sources/NSBundle+GID3PAdditions.m normal x86_64 objective-c com.apple.compilers.llvm.clang.1_0.compiler (in target 'GoogleSignIn' from project 'GoogleSignIn')
    cd /Users/hectorgarcia/LYO_Da_ONE/Lyo.xcodeproj
    
    Using response file: /Users/hectorgarcia/Library/Developer/Xcode/DerivedData/Build/Intermediates.noindex/GoogleSignIn.build/Debug-iphonesimulator/GoogleSignIn.build/Objects-normal/x86_64/e6072d4f65d7061329687fe24e3d63a7-common-args.resp
    
    builtin-ScanDependencies -o /Users/hectorgarcia/Library/Developer/Xcode/DerivedData/Build/Intermediates.noindex/GoogleSignIn.build/Debug-iphonesimulator/GoogleSignIn.build/Objects-normal/x86_64/NSBundle+GID3PAdditions.o.scan -- /Users/hectorgarcia/Downloads/Xcode.app/Contents/Developer/Toolchains/XcodeDefault.xctoolchain/usr/bin/clang -x objective-c -ivfsstatcache /Users/hectorgarcia/Library/Developer/Xcode/DerivedData/SDKStatCaches.noindex/iphonesimulator26.2-23C53-823d3e8b6e60bc2018c189d3ca05ba9b.sdkstatcache -fmessage-length\=0 -fdiagnostics-show-note-include-stack -fmacro-backtrace-limit\=0 -fno-color-diagnostics -fmodules-prune-interval\=86400 -fmodules-prune-after\=345600 -fbuild-session-file\=/Users/hectorgarcia/Library/Developer/Xcode/DerivedData/ModuleCache.noindex/Session.modulevalidation -fmodules-validate-once-per-build-session -Wnon-modular-include-in-framework-module -Werror\=non-modular-include-in-framework-module -Wno-trigraphs -Wno-missing-field-initializers -Wno-missing-prototypes -Wno-return-type -Wno-implicit-atomic-properties -Wno-objc-interface-ivars -Wno-arc-repeated-use-of-weak -Wno-missing-braces -Wparentheses -Wswitch -Wno-unused-function -Wno-unused-label -Wno-unused-parameter -Wno-unused-variable -Wunused-value -Wno-empty-body -Wno-uninitialized -Wno-unknown-pragmas -w -Wno-shadow -Wno-four-char-constants -Wno-conversion -Wno-constant-conversion -Wno-int-conversion -Wno-bool-conversion -Wno-enum-conversion -Wno-float-conversion -Wno-non-literal-null-conversion -Wno-objc-literal-conversion -Wshorten-64-to-32 -Wpointer-sign -Wno-newline-eof -Wno-selector -Wno-strict-selector-match -Wno-undeclared-selector -Wno-deprecated-implementations -Wno-implicit-fallthrough -fstrict-aliasing -Wprotocol -Wdeprecated-declarations -Wno-sign-conversion -Wno-infinite-recursion -Wno-comma -Wno-block-capture-autoreleasing -Wno-strict-prototypes -Wno-semicolon-before-method-body -index-store-path /Users/hectorgarcia/Library/Developer/Xcode/DerivedData/Lyo-eagkiegzrakogpczynhkaholsscs/Index.noindex/DataStore @/Users/hectorgarcia/Library/Developer/Xcode/DerivedData/Build/Intermediates.noindex/GoogleSignIn.build/Debug-iphonesimulator/GoogleSignIn.build/Objects-normal/x86_64/e6072d4f65d7061329687fe24e3d63a7-common-args.resp -include /Users/hectorgarcia/Library/Developer/Xcode/DerivedData/Build/Intermediates.noindex/GoogleSignIn.build/Debug-iphonesimulator/GoogleSignIn.build/DerivedSources/resource_bundle_accessor.h -MMD -MT dependencies -MF /Users/hectorgarcia/Library/Developer/Xcode/DerivedData/Build/Intermediates.noindex/GoogleSignIn.build/Debug-iphonesimulator/GoogleSignIn.build/Objects-normal/x86_64/NSBundle+GID3PAdditions.d --serialize-diagnostics /Users/hectorgarcia/Library/Developer/Xcode/DerivedData/Build/Intermediates.noindex/GoogleSignIn.build/Debug-iphonesimulator/GoogleSignIn.build/Objects-normal/x86_64/NSBundle+GID3PAdditions.dia -c /Users/hectorgarcia/Library/Developer/Xcode/DerivedData/Lyo-eagkiegzrakogpczynhkaholsscs/SourcePackages/checkouts/GoogleSignIn-iOS/GoogleSignIn/Sources/NSBundle+GID3PAdditions.m -o /Users/hectorgarcia/Library/Developer/Xcode/DerivedData/Build/Intermediates.noindex/GoogleSignIn.build/Debug-iphonesimulator/GoogleSignIn.build/Objects-normal/x86_64/NSBundle+GID3PAdditions.o -index-unit-output-path /GoogleSignIn.build/Debug-iphonesimulator/GoogleSignIn.build/Objects-normal/x86_64/NSBundle+GID3PAdditions.o

SwiftDriverJobDiscovery normal x86_64 Compiling HeartbeatStorage.swift, HeartbeatsBundle.swift (in target 'FirebaseCoreInternal' from project 'Firebase')

ScanDependencies /Users/hectorgarcia/Library/Developer/Xcode/DerivedData/Build/Intermediates.noindex/GoogleSignIn.build/Debug-iphonesimulator/GoogleSignIn.build/Objects-normal/x86_64/GIDToken.o /Users/hectorgarcia/Library/Developer/Xcode/DerivedData/Lyo-eagkiegzrakogpczynhkaholsscs/SourcePackages/checkouts/GoogleSignIn-iOS/GoogleSignIn/Sources/GIDToken.m normal x86_64 objective-c com.apple.compilers.llvm.clang.1_0.compiler (in target 'GoogleSignIn' from project 'GoogleSignIn')
    cd /Users/hectorgarcia/LYO_Da_ONE/Lyo.xcodeproj
    
    Using response file: /Users/hectorgarcia/Library/Developer/Xcode/DerivedData/Build/Intermediates.noindex/GoogleSignIn.build/Debug-iphonesimulator/GoogleSignIn.build/Objects-normal/x86_64/e6072d4f65d7061329687fe24e3d63a7-common-args.resp
    
    builtin-ScanDependencies -o /Users/hectorgarcia/Library/Developer/Xcode/DerivedData/Build/Intermediates.noindex/GoogleSignIn.build/Debug-iphonesimulator/GoogleSignIn.build/Objects-normal/x86_64/GIDToken.o.scan -- /Users/hectorgarcia/Downloads/Xcode.app/Contents/Developer/Toolchains/XcodeDefault.xctoolchain/usr/bin/clang -x objective-c -ivfsstatcache /Users/hectorgarcia/Library/Developer/Xcode/DerivedData/SDKStatCaches.noindex/iphonesimulator26.2-23C53-823d3e8b6e60bc2018c189d3ca05ba9b.sdkstatcache -fmessage-length\=0 -fdiagnostics-show-note-include-stack -fmacro-backtrace-limit\=0 -fno-color-diagnostics -fmodules-prune-interval\=86400 -fmodules-prune-after\=345600 -fbuild-session-file\=/Users/hectorgarcia/Library/Developer/Xcode/DerivedData/ModuleCache.noindex/Session.modulevalidation -fmodules-validate-once-per-build-session -Wnon-modular-include-in-framework-module -Werror\=non-modular-include-in-framework-module -Wno-trigraphs -Wno-missing-field-initializers -Wno-missing-prototypes -Wno-return-type -Wno-implicit-atomic-properties -Wno-objc-interface-ivars -Wno-arc-repeated-use-of-weak -Wno-missing-braces -Wparentheses -Wswitch -Wno-unused-function -Wno-unused-label -Wno-unused-parameter -Wno-unused-variable -Wunused-value -Wno-empty-body -Wno-uninitialized -Wno-unknown-pragmas -w -Wno-shadow -Wno-four-char-constants -Wno-conversion -Wno-constant-conversion -Wno-int-conversion -Wno-bool-conversion -Wno-enum-conversion -Wno-float-conversion -Wno-non-literal-null-conversion -Wno-objc-literal-conversion -Wshorten-64-to-32 -Wpointer-sign -Wno-newline-eof -Wno-selector -Wno-strict-selector-match -Wno-undeclared-selector -Wno-deprecated-implementations -Wno-implicit-fallthrough -fstrict-aliasing -Wprotocol -Wdeprecated-declarations -Wno-sign-conversion -Wno-infinite-recursion -Wno-comma -Wno-block-capture-autoreleasing -Wno-strict-prototypes -Wno-semicolon-before-method-body -index-store-path /Users/hectorgarcia/Library/Developer/Xcode/DerivedData/Lyo-eagkiegzrakogpczynhkaholsscs/Index.noindex/DataStore @/Users/hectorgarcia/Library/Developer/Xcode/DerivedData/Build/Intermediates.noindex/GoogleSignIn.build/Debug-iphonesimulator/GoogleSignIn.build/Objects-normal/x86_64/e6072d4f65d7061329687fe24e3d63a7-common-args.resp -include /Users/hectorgarcia/Library/Developer/Xcode/DerivedData/Build/Intermediates.noindex/GoogleSignIn.build/Debug-iphonesimulator/GoogleSignIn.build/DerivedSources/resource_bundle_accessor.h -MMD -MT dependencies -MF /Users/hectorgarcia/Library/Developer/Xcode/DerivedData/Build/Intermediates.noindex/GoogleSignIn.build/Debug-iphonesimulator/GoogleSignIn.build/Objects-normal/x86_64/GIDToken.d --serialize-diagnostics /Users/hectorgarcia/Library/Developer/Xcode/DerivedData/Build/Intermediates.noindex/GoogleSignIn.build/Debug-iphonesimulator/GoogleSignIn.build/Objects-normal/x86_64/GIDToken.dia -c /Users/hectorgarcia/Library/Developer/Xcode/DerivedData/Lyo-eagkiegzrakogpczynhkaholsscs/SourcePackages/checkouts/GoogleSignIn-iOS/GoogleSignIn/Sources/GIDToken.m -o /Users/hectorgarcia/Library/Developer/Xcode/DerivedData/Build/Intermediates.noindex/GoogleSignIn.build/Debug-iphonesimulator/GoogleSignIn.build/Objects-normal/x86_64/GIDToken.o -index-unit-output-path /GoogleSignIn.build/Debug-iphonesimulator/GoogleSignIn.build/Objects-normal/x86_64/GIDToken.o

ScanDependencies /Users/hectorgarcia/Library/Developer/Xcode/DerivedData/Build/Intermediates.noindex/GoogleSignIn.build/Debug-iphonesimulator/GoogleSignIn.build/Objects-normal/x86_64/GIDSignInStrings.o /Users/hectorgarcia/Library/Developer/Xcode/DerivedData/Lyo-eagkiegzrakogpczynhkaholsscs/SourcePackages/checkouts/GoogleSignIn-iOS/GoogleSignIn/Sources/GIDSignInStrings.m normal x86_64 objective-c com.apple.compilers.llvm.clang.1_0.compiler (in target 'GoogleSignIn' from project 'GoogleSignIn')
    cd /Users/hectorgarcia/LYO_Da_ONE/Lyo.xcodeproj
    
    Using response file: /Users/hectorgarcia/Library/Developer/Xcode/DerivedData/Build/Intermediates.noindex/GoogleSignIn.build/Debug-iphonesimulator/GoogleSignIn.build/Objects-normal/x86_64/e6072d4f65d7061329687fe24e3d63a7-common-args.resp
    
    builtin-ScanDependencies -o /Users/hectorgarcia/Library/Developer/Xcode/DerivedData/Build/Intermediates.noindex/GoogleSignIn.build/Debug-iphonesimulator/GoogleSignIn.build/Objects-normal/x86_64/GIDSignInStrings.o.scan -- /Users/hectorgarcia/Downloads/Xcode.app/Contents/Developer/Toolchains/XcodeDefault.xctoolchain/usr/bin/clang -x objective-c -ivfsstatcache /Users/hectorgarcia/Library/Developer/Xcode/DerivedData/SDKStatCaches.noindex/iphonesimulator26.2-23C53-823d3e8b6e60bc2018c189d3ca05ba9b.sdkstatcache -fmessage-length\=0 -fdiagnostics-show-note-include-stack -fmacro-backtrace-limit\=0 -fno-color-diagnostics -fmodules-prune-interval\=86400 -fmodules-prune-after\=345600 -fbuild-session-file\=/Users/hectorgarcia/Library/Developer/Xcode/DerivedData/ModuleCache.noindex/Session.modulevalidation -fmodules-validate-once-per-build-session -Wnon-modular-include-in-framework-module -Werror\=non-modular-include-in-framework-module -Wno-trigraphs -Wno-missing-field-initializers -Wno-missing-prototypes -Wno-return-type -Wno-implicit-atomic-properties -Wno-objc-interface-ivars -Wno-arc-repeated-use-of-weak -Wno-missing-braces -Wparentheses -Wswitch -Wno-unused-function -Wno-unused-label -Wno-unused-parameter -Wno-unused-variable -Wunused-value -Wno-empty-body -Wno-uninitialized -Wno-unknown-pragmas -w -Wno-shadow -Wno-four-char-constants -Wno-conversion -Wno-constant-conversion -Wno-int-conversion -Wno-bool-conversion -Wno-enum-conversion -Wno-float-conversion -Wno-non-literal-null-conversion -Wno-objc-literal-conversion -Wshorten-64-to-32 -Wpointer-sign -Wno-newline-eof -Wno-selector -Wno-strict-selector-match -Wno-undeclared-selector -Wno-deprecated-implementations -Wno-implicit-fallthrough -fstrict-aliasing -Wprotocol -Wdeprecated-declarations -Wno-sign-conversion -Wno-infinite-recursion -Wno-comma -Wno-block-capture-autoreleasing -Wno-strict-prototypes -Wno-semicolon-before-method-body -index-store-path /Users/hectorgarcia/Library/Developer/Xcode/DerivedData/Lyo-eagkiegzrakogpczynhkaholsscs/Index.noindex/DataStore @/Users/hectorgarcia/Library/Developer/Xcode/DerivedData/Build/Intermediates.noindex/GoogleSignIn.build/Debug-iphonesimulator/GoogleSignIn.build/Objects-normal/x86_64/e6072d4f65d7061329687fe24e3d63a7-common-args.resp -include /Users/hectorgarcia/Library/Developer/Xcode/DerivedData/Build/Intermediates.noindex/GoogleSignIn.build/Debug-iphonesimulator/GoogleSignIn.build/DerivedSources/resource_bundle_accessor.h -MMD -MT dependencies -MF /Users/hectorgarcia/Library/Developer/Xcode/DerivedData/Build/Intermediates.noindex/GoogleSignIn.build/Debug-iphonesimulator/GoogleSignIn.build/Objects-normal/x86_64/GIDSignInStrings.d --serialize-diagnostics /Users/hectorgarcia/Library/Developer/Xcode/DerivedData/Build/Intermediates.noindex/GoogleSignIn.build/Debug-iphonesimulator/GoogleSignIn.build/Objects-normal/x86_64/GIDSignInStrings.dia -c /Users/hectorgarcia/Library/Developer/Xcode/DerivedData/Lyo-eagkiegzrakogpczynhkaholsscs/SourcePackages/checkouts/GoogleSignIn-iOS/GoogleSignIn/Sources/GIDSignInStrings.m -o /Users/hectorgarcia/Library/Developer/Xcode/DerivedData/Build/Intermediates.noindex/GoogleSignIn.build/Debug-iphonesimulator/GoogleSignIn.build/Objects-normal/x86_64/GIDSignInStrings.o -index-unit-output-path /GoogleSignIn.build/Debug-iphonesimulator/GoogleSignIn.build/Objects-normal/x86_64/GIDSignInStrings.o

ScanDependencies /Users/hectorgarcia/Library/Developer/Xcode/DerivedData/Build/Intermediates.noindex/GoogleSignIn.build/Debug-iphonesimulator/GoogleSignIn.build/Objects-normal/x86_64/GIDSignInResult.o /Users/hectorgarcia/Library/Developer/Xcode/DerivedData/Lyo-eagkiegzrakogpczynhkaholsscs/SourcePackages/checkouts/GoogleSignIn-iOS/GoogleSignIn/Sources/GIDSignInResult.m normal x86_64 objective-c com.apple.compilers.llvm.clang.1_0.compiler (in target 'GoogleSignIn' from project 'GoogleSignIn')
    cd /Users/hectorgarcia/LYO_Da_ONE/Lyo.xcodeproj
    
    Using response file: /Users/hectorgarcia/Library/Developer/Xcode/DerivedData/Build/Intermediates.noindex/GoogleSignIn.build/Debug-iphonesimulator/GoogleSignIn.build/Objects-normal/x86_64/e6072d4f65d7061329687fe24e3d63a7-common-args.resp
    
    builtin-ScanDependencies -o /Users/hectorgarcia/Library/Developer/Xcode/DerivedData/Build/Intermediates.noindex/GoogleSignIn.build/Debug-iphonesimulator/GoogleSignIn.build/Objects-normal/x86_64/GIDSignInResult.o.scan -- /Users/hectorgarcia/Downloads/Xcode.app/Contents/Developer/Toolchains/XcodeDefault.xctoolchain/usr/bin/clang -x objective-c -ivfsstatcache /Users/hectorgarcia/Library/Developer/Xcode/DerivedData/SDKStatCaches.noindex/iphonesimulator26.2-23C53-823d3e8b6e60bc2018c189d3ca05ba9b.sdkstatcache -fmessage-length\=0 -fdiagnostics-show-note-include-stack -fmacro-backtrace-limit\=0 -fno-color-diagnostics -fmodules-prune-interval\=86400 -fmodules-prune-after\=345600 -fbuild-session-file\=/Users/hectorgarcia/Library/Developer/Xcode/DerivedData/ModuleCache.noindex/Session.modulevalidation -fmodules-validate-once-per-build-session -Wnon-modular-include-in-framework-module -Werror\=non-modular-include-in-framework-module -Wno-trigraphs -Wno-missing-field-initializers -Wno-missing-prototypes -Wno-return-type -Wno-implicit-atomic-properties -Wno-objc-interface-ivars -Wno-arc-repeated-use-of-weak -Wno-missing-braces -Wparentheses -Wswitch -Wno-unused-function -Wno-unused-label -Wno-unused-parameter -Wno-unused-variable -Wunused-value -Wno-empty-body -Wno-uninitialized -Wno-unknown-pragmas -w -Wno-shadow -Wno-four-char-constants -Wno-conversion -Wno-constant-conversion -Wno-int-conversion -Wno-bool-conversion -Wno-enum-conversion -Wno-float-conversion -Wno-non-literal-null-conversion -Wno-objc-literal-conversion -Wshorten-64-to-32 -Wpointer-sign -Wno-newline-eof -Wno-selector -Wno-strict-selector-match -Wno-undeclared-selector -Wno-deprecated-implementations -Wno-implicit-fallthrough -fstrict-aliasing -Wprotocol -Wdeprecated-declarations -Wno-sign-conversion -Wno-infinite-recursion -Wno-comma -Wno-block-capture-autoreleasing -Wno-strict-prototypes -Wno-semicolon-before-method-body -index-store-path /Users/hectorgarcia/Library/Developer/Xcode/DerivedData/Lyo-eagkiegzrakogpczynhkaholsscs/Index.noindex/DataStore @/Users/hectorgarcia/Library/Developer/Xcode/DerivedData/Build/Intermediates.noindex/GoogleSignIn.build/Debug-iphonesimulator/GoogleSignIn.build/Objects-normal/x86_64/e6072d4f65d7061329687fe24e3d63a7-common-args.resp -include /Users/hectorgarcia/Library/Developer/Xcode/DerivedData/Build/Intermediates.noindex/GoogleSignIn.build/Debug-iphonesimulator/GoogleSignIn.build/DerivedSources/resource_bundle_accessor.h -MMD -MT dependencies -MF /Users/hectorgarcia/Library/Developer/Xcode/DerivedData/Build/Intermediates.noindex/GoogleSignIn.build/Debug-iphonesimulator/GoogleSignIn.build/Objects-normal/x86_64/GIDSignInResult.d --serialize-diagnostics /Users/hectorgarcia/Library/Developer/Xcode/DerivedData/Build/Intermediates.noindex/GoogleSignIn.build/Debug-iphonesimulator/GoogleSignIn.build/Objects-normal/x86_64/GIDSignInResult.dia -c /Users/hectorgarcia/Library/Developer/Xcode/DerivedData/Lyo-eagkiegzrakogpczynhkaholsscs/SourcePackages/checkouts/GoogleSignIn-iOS/GoogleSignIn/Sources/GIDSignInResult.m -o /Users/hectorgarcia/Library/Developer/Xcode/DerivedData/Build/Intermediates.noindex/GoogleSignIn.build/Debug-iphonesimulator/GoogleSignIn.build/Objects-normal/x86_64/GIDSignInResult.o -index-unit-output-path /GoogleSignIn.build/Debug-iphonesimulator/GoogleSignIn.build/Objects-normal/x86_64/GIDSignInResult.o

PrecompileModule /Users/hectorgarcia/Library/Developer/Xcode/DerivedData/Build/Intermediates.noindex/ExplicitPrecompiledModules/_Builtin_stddef-EY1OZOVBZ71YVAZPFTD47QCO0.scan
    cd /
    builtin-precompileModule /Users/hectorgarcia/Library/Developer/Xcode/DerivedData/Build/Intermediates.noindex/ExplicitPrecompiledModules/_Builtin_stddef-EY1OZOVBZ71YVAZPFTD47QCO0.scan

PrecompileModule /Users/hectorgarcia/Library/Developer/Xcode/DerivedData/Build/Intermediates.noindex/ExplicitPrecompiledModules/_AvailabilityInternal-DLWXON5YY73ESJMU6DMKJWZ38.scan
    cd /
    builtin-precompileModule /Users/hectorgarcia/Library/Developer/Xcode/DerivedData/Build/Intermediates.noindex/ExplicitPrecompiledModules/_AvailabilityInternal-DLWXON5YY73ESJMU6DMKJWZ38.scan

PrecompileModule /Users/hectorgarcia/Library/Developer/Xcode/DerivedData/Build/Intermediates.noindex/ExplicitPrecompiledModules/_Builtin_float-24I7XNRB5JGVCALP40SNGVQO0.scan
    cd /
    builtin-precompileModule /Users/hectorgarcia/Library/Developer/Xcode/DerivedData/Build/Intermediates.noindex/ExplicitPrecompiledModules/_Builtin_float-24I7XNRB5JGVCALP40SNGVQO0.scan

PrecompileModule /Users/hectorgarcia/Library/Developer/Xcode/DerivedData/Build/Intermediates.noindex/ExplicitPrecompiledModules/_Builtin_stdarg-CGDCUZC2Y2GFRYJXUP96IXIUM.scan
    cd /
    builtin-precompileModule /Users/hectorgarcia/Library/Developer/Xcode/DerivedData/Build/Intermediates.noindex/ExplicitPrecompiledModules/_Builtin_stdarg-CGDCUZC2Y2GFRYJXUP96IXIUM.scan

PrecompileModule /Users/hectorgarcia/Library/Developer/Xcode/DerivedData/Build/Intermediates.noindex/ExplicitPrecompiledModules/ptrauth-97LD73D2KP7GC546II5NWLVNP.scan
    cd /
    builtin-precompileModule /Users/hectorgarcia/Library/Developer/Xcode/DerivedData/Build/Intermediates.noindex/ExplicitPrecompiledModules/ptrauth-97LD73D2KP7GC546II5NWLVNP.scan

PrecompileModule /Users/hectorgarcia/Library/Developer/Xcode/DerivedData/Build/Intermediates.noindex/ExplicitPrecompiledModules/_Builtin_stdbool-610QTM7PYFVNBI1NVF6GNYDBH.scan
    cd /
    builtin-precompileModule /Users/hectorgarcia/Library/Developer/Xcode/DerivedData/Build/Intermediates.noindex/ExplicitPrecompiledModules/_Builtin_stdbool-610QTM7PYFVNBI1NVF6GNYDBH.scan

PrecompileModule /Users/hectorgarcia/Library/Developer/Xcode/DerivedData/Build/Intermediates.noindex/ExplicitPrecompiledModules/ptrcheck-A2W69WFC8PV5PEHEWPO9YEPHW.scan
    cd /
    builtin-precompileModule /Users/hectorgarcia/Library/Developer/Xcode/DerivedData/Build/Intermediates.noindex/ExplicitPrecompiledModules/ptrcheck-A2W69WFC8PV5PEHEWPO9YEPHW.scan

ScanDependencies /Users/hectorgarcia/Library/Developer/Xcode/DerivedData/Build/Intermediates.noindex/GoogleSignIn.build/Debug-iphonesimulator/GoogleSignIn.build/Objects-normal/x86_64/GIDSignInPreferences.o /Users/hectorgarcia/Library/Developer/Xcode/DerivedData/Lyo-eagkiegzrakogpczynhkaholsscs/SourcePackages/checkouts/GoogleSignIn-iOS/GoogleSignIn/Sources/GIDSignInPreferences.m normal x86_64 objective-c com.apple.compilers.llvm.clang.1_0.compiler (in target 'GoogleSignIn' from project 'GoogleSignIn')
    cd /Users/hectorgarcia/LYO_Da_ONE/Lyo.xcodeproj
    
    Using response file: /Users/hectorgarcia/Library/Developer/Xcode/DerivedData/Build/Intermediates.noindex/GoogleSignIn.build/Debug-iphonesimulator/GoogleSignIn.build/Objects-normal/x86_64/e6072d4f65d7061329687fe24e3d63a7-common-args.resp
    
    builtin-ScanDependencies -o /Users/hectorgarcia/Library/Developer/Xcode/DerivedData/Build/Intermediates.noindex/GoogleSignIn.build/Debug-iphonesimulator/GoogleSignIn.build/Objects-normal/x86_64/GIDSignInPreferences.o.scan -- /Users/hectorgarcia/Downloads/Xcode.app/Contents/Developer/Toolchains/XcodeDefault.xctoolchain/usr/bin/clang -x objective-c -ivfsstatcache /Users/hectorgarcia/Library/Developer/Xcode/DerivedData/SDKStatCaches.noindex/iphonesimulator26.2-23C53-823d3e8b6e60bc2018c189d3ca05ba9b.sdkstatcache -fmessage-length\=0 -fdiagnostics-show-note-include-stack -fmacro-backtrace-limit\=0 -fno-color-diagnostics -fmodules-prune-interval\=86400 -fmodules-prune-after\=345600 -fbuild-session-file\=/Users/hectorgarcia/Library/Developer/Xcode/DerivedData/ModuleCache.noindex/Session.modulevalidation -fmodules-validate-once-per-build-session -Wnon-modular-include-in-framework-module -Werror\=non-modular-include-in-framework-module -Wno-trigraphs -Wno-missing-field-initializers -Wno-missing-prototypes -Wno-return-type -Wno-implicit-atomic-properties -Wno-objc-interface-ivars -Wno-arc-repeated-use-of-weak -Wno-missing-braces -Wparentheses -Wswitch -Wno-unused-function -Wno-unused-label -Wno-unused-parameter -Wno-unused-variable -Wunused-value -Wno-empty-body -Wno-uninitialized -Wno-unknown-pragmas -w -Wno-shadow -Wno-four-char-constants -Wno-conversion -Wno-constant-conversion -Wno-int-conversion -Wno-bool-conversion -Wno-enum-conversion -Wno-float-conversion -Wno-non-literal-null-conversion -Wno-objc-literal-conversion -Wshorten-64-to-32 -Wpointer-sign -Wno-newline-eof -Wno-selector -Wno-strict-selector-match -Wno-undeclared-selector -Wno-deprecated-implementations -Wno-implicit-fallthrough -fstrict-aliasing -Wprotocol -Wdeprecated-declarations -Wno-sign-conversion -Wno-infinite-recursion -Wno-comma -Wno-block-capture-autoreleasing -Wno-strict-prototypes -Wno-semicolon-before-method-body -index-store-path /Users/hectorgarcia/Library/Developer/Xcode/DerivedData/Lyo-eagkiegzrakogpczynhkaholsscs/Index.noindex/DataStore @/Users/hectorgarcia/Library/Developer/Xcode/DerivedData/Build/Intermediates.noindex/GoogleSignIn.build/Debug-iphonesimulator/GoogleSignIn.build/Objects-normal/x86_64/e6072d4f65d7061329687fe24e3d63a7-common-args.resp -include /Users/hectorgarcia/Library/Developer/Xcode/DerivedData/Build/Intermediates.noindex/GoogleSignIn.build/Debug-iphonesimulator/GoogleSignIn.build/DerivedSources/resource_bundle_accessor.h -MMD -MT dependencies -MF /Users/hectorgarcia/Library/Developer/Xcode/DerivedData/Build/Intermediates.noindex/GoogleSignIn.build/Debug-iphonesimulator/GoogleSignIn.build/Objects-normal/x86_64/GIDSignInPreferences.d --serialize-diagnostics /Users/hectorgarcia/Library/Developer/Xcode/DerivedData/Build/Intermediates.noindex/GoogleSignIn.build/Debug-iphonesimulator/GoogleSignIn.build/Objects-normal/x86_64/GIDSignInPreferences.dia -c /Users/hectorgarcia/Library/Developer/Xcode/DerivedData/Lyo-eagkiegzrakogpczynhkaholsscs/SourcePackages/checkouts/GoogleSignIn-iOS/GoogleSignIn/Sources/GIDSignInPreferences.m -o /Users/hectorgarcia/Library/Developer/Xcode/DerivedData/Build/Intermediates.noindex/GoogleSignIn.build/Debug-iphonesimulator/GoogleSignIn.build/Objects-normal/x86_64/GIDSignInPreferences.o -index-unit-output-path /GoogleSignIn.build/Debug-iphonesimulator/GoogleSignIn.build/Objects-normal/x86_64/GIDSignInPreferences.o

ScanDependencies /Users/hectorgarcia/Library/Developer/Xcode/DerivedData/Build/Intermediates.noindex/GoogleSignIn.build/Debug-iphonesimulator/GoogleSignIn.build/Objects-normal/x86_64/GIDSignInInternalOptions.o /Users/hectorgarcia/Library/Developer/Xcode/DerivedData/Lyo-eagkiegzrakogpczynhkaholsscs/SourcePackages/checkouts/GoogleSignIn-iOS/GoogleSignIn/Sources/GIDSignInInternalOptions.m normal x86_64 objective-c com.apple.compilers.llvm.clang.1_0.compiler (in target 'GoogleSignIn' from project 'GoogleSignIn')
    cd /Users/hectorgarcia/LYO_Da_ONE/Lyo.xcodeproj
    
    Using response file: /Users/hectorgarcia/Library/Developer/Xcode/DerivedData/Build/Intermediates.noindex/GoogleSignIn.build/Debug-iphonesimulator/GoogleSignIn.build/Objects-normal/x86_64/e6072d4f65d7061329687fe24e3d63a7-common-args.resp
    
    builtin-ScanDependencies -o /Users/hectorgarcia/Library/Developer/Xcode/DerivedData/Build/Intermediates.noindex/GoogleSignIn.build/Debug-iphonesimulator/GoogleSignIn.build/Objects-normal/x86_64/GIDSignInInternalOptions.o.scan -- /Users/hectorgarcia/Downloads/Xcode.app/Contents/Developer/Toolchains/XcodeDefault.xctoolchain/usr/bin/clang -x objective-c -ivfsstatcache /Users/hectorgarcia/Library/Developer/Xcode/DerivedData/SDKStatCaches.noindex/iphonesimulator26.2-23C53-823d3e8b6e60bc2018c189d3ca05ba9b.sdkstatcache -fmessage-length\=0 -fdiagnostics-show-note-include-stack -fmacro-backtrace-limit\=0 -fno-color-diagnostics -fmodules-prune-interval\=86400 -fmodules-prune-after\=345600 -fbuild-session-file\=/Users/hectorgarcia/Library/Developer/Xcode/DerivedData/ModuleCache.noindex/Session.modulevalidation -fmodules-validate-once-per-build-session -Wnon-modular-include-in-framework-module -Werror\=non-modular-include-in-framework-module -Wno-trigraphs -Wno-missing-field-initializers -Wno-missing-prototypes -Wno-return-type -Wno-implicit-atomic-properties -Wno-objc-interface-ivars -Wno-arc-repeated-use-of-weak -Wno-missing-braces -Wparentheses -Wswitch -Wno-unused-function -Wno-unused-label -Wno-unused-parameter -Wno-unused-variable -Wunused-value -Wno-empty-body -Wno-uninitialized -Wno-unknown-pragmas -w -Wno-shadow -Wno-four-char-constants -Wno-conversion -Wno-constant-conversion -Wno-int-conversion -Wno-bool-conversion -Wno-enum-conversion -Wno-float-conversion -Wno-non-literal-null-conversion -Wno-objc-literal-conversion -Wshorten-64-to-32 -Wpointer-sign -Wno-newline-eof -Wno-selector -Wno-strict-selector-match -Wno-undeclared-selector -Wno-deprecated-implementations -Wno-implicit-fallthrough -fstrict-aliasing -Wprotocol -Wdeprecated-declarations -Wno-sign-conversion -Wno-infinite-recursion -Wno-comma -Wno-block-capture-autoreleasing -Wno-strict-prototypes -Wno-semicolon-before-method-body -index-store-path /Users/hectorgarcia/Library/Developer/Xcode/DerivedData/Lyo-eagkiegzrakogpczynhkaholsscs/Index.noindex/DataStore @/Users/hectorgarcia/Library/Developer/Xcode/DerivedData/Build/Intermediates.noindex/GoogleSignIn.build/Debug-iphonesimulator/GoogleSignIn.build/Objects-normal/x86_64/e6072d4f65d7061329687fe24e3d63a7-common-args.resp -include /Users/hectorgarcia/Library/Developer/Xcode/DerivedData/Build/Intermediates.noindex/GoogleSignIn.build/Debug-iphonesimulator/GoogleSignIn.build/DerivedSources/resource_bundle_accessor.h -MMD -MT dependencies -MF /Users/hectorgarcia/Library/Developer/Xcode/DerivedData/Build/Intermediates.noindex/GoogleSignIn.build/Debug-iphonesimulator/GoogleSignIn.build/Objects-normal/x86_64/GIDSignInInternalOptions.d --serialize-diagnostics /Users/hectorgarcia/Library/Developer/Xcode/DerivedData/Build/Intermediates.noindex/GoogleSignIn.build/Debug-iphonesimulator/GoogleSignIn.build/Objects-normal/x86_64/GIDSignInInternalOptions.dia -c /Users/hectorgarcia/Library/Developer/Xcode/DerivedData/Lyo-eagkiegzrakogpczynhkaholsscs/SourcePackages/checkouts/GoogleSignIn-iOS/GoogleSignIn/Sources/GIDSignInInternalOptions.m -o /Users/hectorgarcia/Library/Developer/Xcode/DerivedData/Build/Intermediates.noindex/GoogleSignIn.build/Debug-iphonesimulator/GoogleSignIn.build/Objects-normal/x86_64/GIDSignInInternalOptions.o -index-unit-output-path /GoogleSignIn.build/Debug-iphonesimulator/GoogleSignIn.build/Objects-normal/x86_64/GIDSignInInternalOptions.o

ScanDependencies /Users/hectorgarcia/Library/Developer/Xcode/DerivedData/Build/Intermediates.noindex/GoogleSignIn.build/Debug-iphonesimulator/GoogleSignIn.build/Objects-normal/x86_64/GIDSignInCallbackSchemes.o /Users/hectorgarcia/Library/Developer/Xcode/DerivedData/Lyo-eagkiegzrakogpczynhkaholsscs/SourcePackages/checkouts/GoogleSignIn-iOS/GoogleSignIn/Sources/GIDSignInCallbackSchemes.m normal x86_64 objective-c com.apple.compilers.llvm.clang.1_0.compiler (in target 'GoogleSignIn' from project 'GoogleSignIn')
    cd /Users/hectorgarcia/LYO_Da_ONE/Lyo.xcodeproj
    
    Using response file: /Users/hectorgarcia/Library/Developer/Xcode/DerivedData/Build/Intermediates.noindex/GoogleSignIn.build/Debug-iphonesimulator/GoogleSignIn.build/Objects-normal/x86_64/e6072d4f65d7061329687fe24e3d63a7-common-args.resp
    
    builtin-ScanDependencies -o /Users/hectorgarcia/Library/Developer/Xcode/DerivedData/Build/Intermediates.noindex/GoogleSignIn.build/Debug-iphonesimulator/GoogleSignIn.build/Objects-normal/x86_64/GIDSignInCallbackSchemes.o.scan -- /Users/hectorgarcia/Downloads/Xcode.app/Contents/Developer/Toolchains/XcodeDefault.xctoolchain/usr/bin/clang -x objective-c -ivfsstatcache /Users/hectorgarcia/Library/Developer/Xcode/DerivedData/SDKStatCaches.noindex/iphonesimulator26.2-23C53-823d3e8b6e60bc2018c189d3ca05ba9b.sdkstatcache -fmessage-length\=0 -fdiagnostics-show-note-include-stack -fmacro-backtrace-limit\=0 -fno-color-diagnostics -fmodules-prune-interval\=86400 -fmodules-prune-after\=345600 -fbuild-session-file\=/Users/hectorgarcia/Library/Developer/Xcode/DerivedData/ModuleCache.noindex/Session.modulevalidation -fmodules-validate-once-per-build-session -Wnon-modular-include-in-framework-module -Werror\=non-modular-include-in-framework-module -Wno-trigraphs -Wno-missing-field-initializers -Wno-missing-prototypes -Wno-return-type -Wno-implicit-atomic-properties -Wno-objc-interface-ivars -Wno-arc-repeated-use-of-weak -Wno-missing-braces -Wparentheses -Wswitch -Wno-unused-function -Wno-unused-label -Wno-unused-parameter -Wno-unused-variable -Wunused-value -Wno-empty-body -Wno-uninitialized -Wno-unknown-pragmas -w -Wno-shadow -Wno-four-char-constants -Wno-conversion -Wno-constant-conversion -Wno-int-conversion -Wno-bool-conversion -Wno-enum-conversion -Wno-float-conversion -Wno-non-literal-null-conversion -Wno-objc-literal-conversion -Wshorten-64-to-32 -Wpointer-sign -Wno-newline-eof -Wno-selector -Wno-strict-selector-match -Wno-undeclared-selector -Wno-deprecated-implementations -Wno-implicit-fallthrough -fstrict-aliasing -Wprotocol -Wdeprecated-declarations -Wno-sign-conversion -Wno-infinite-recursion -Wno-comma -Wno-block-capture-autoreleasing -Wno-strict-prototypes -Wno-semicolon-before-method-body -index-store-path /Users/hectorgarcia/Library/Developer/Xcode/DerivedData/Lyo-eagkiegzrakogpczynhkaholsscs/Index.noindex/DataStore @/Users/hectorgarcia/Library/Developer/Xcode/DerivedData/Build/Intermediates.noindex/GoogleSignIn.build/Debug-iphonesimulator/GoogleSignIn.build/Objects-normal/x86_64/e6072d4f65d7061329687fe24e3d63a7-common-args.resp -include /Users/hectorgarcia/Library/Developer/Xcode/DerivedData/Build/Intermediates.noindex/GoogleSignIn.build/Debug-iphonesimulator/GoogleSignIn.build/DerivedSources/resource_bundle_accessor.h -MMD -MT dependencies -MF /Users/hectorgarcia/Library/Developer/Xcode/DerivedData/Build/Intermediates.noindex/GoogleSignIn.build/Debug-iphonesimulator/GoogleSignIn.build/Objects-normal/x86_64/GIDSignInCallbackSchemes.d --serialize-diagnostics /Users/hectorgarcia/Library/Developer/Xcode/DerivedData/Build/Intermediates.noindex/GoogleSignIn.build/Debug-iphonesimulator/GoogleSignIn.build/Objects-normal/x86_64/GIDSignInCallbackSchemes.dia -c /Users/hectorgarcia/Library/Developer/Xcode/DerivedData/Lyo-eagkiegzrakogpczynhkaholsscs/SourcePackages/checkouts/GoogleSignIn-iOS/GoogleSignIn/Sources/GIDSignInCallbackSchemes.m -o /Users/hectorgarcia/Library/Developer/Xcode/DerivedData/Build/Intermediates.noindex/GoogleSignIn.build/Debug-iphonesimulator/GoogleSignIn.build/Objects-normal/x86_64/GIDSignInCallbackSchemes.o -index-unit-output-path /GoogleSignIn.build/Debug-iphonesimulator/GoogleSignIn.build/Objects-normal/x86_64/GIDSignInCallbackSchemes.o

ScanDependencies /Users/hectorgarcia/Library/Developer/Xcode/DerivedData/Build/Intermediates.noindex/GoogleSignIn.build/Debug-iphonesimulator/GoogleSignIn.build/Objects-normal/x86_64/GIDSignInButton.o /Users/hectorgarcia/Library/Developer/Xcode/DerivedData/Lyo-eagkiegzrakogpczynhkaholsscs/SourcePackages/checkouts/GoogleSignIn-iOS/GoogleSignIn/Sources/GIDSignInButton.m normal x86_64 objective-c com.apple.compilers.llvm.clang.1_0.compiler (in target 'GoogleSignIn' from project 'GoogleSignIn')
    cd /Users/hectorgarcia/LYO_Da_ONE/Lyo.xcodeproj
    
    Using response file: /Users/hectorgarcia/Library/Developer/Xcode/DerivedData/Build/Intermediates.noindex/GoogleSignIn.build/Debug-iphonesimulator/GoogleSignIn.build/Objects-normal/x86_64/e6072d4f65d7061329687fe24e3d63a7-common-args.resp
    
    builtin-ScanDependencies -o /Users/hectorgarcia/Library/Developer/Xcode/DerivedData/Build/Intermediates.noindex/GoogleSignIn.build/Debug-iphonesimulator/GoogleSignIn.build/Objects-normal/x86_64/GIDSignInButton.o.scan -- /Users/hectorgarcia/Downloads/Xcode.app/Contents/Developer/Toolchains/XcodeDefault.xctoolchain/usr/bin/clang -x objective-c -ivfsstatcache /Users/hectorgarcia/Library/Developer/Xcode/DerivedData/SDKStatCaches.noindex/iphonesimulator26.2-23C53-823d3e8b6e60bc2018c189d3ca05ba9b.sdkstatcache -fmessage-length\=0 -fdiagnostics-show-note-include-stack -fmacro-backtrace-limit\=0 -fno-color-diagnostics -fmodules-prune-interval\=86400 -fmodules-prune-after\=345600 -fbuild-session-file\=/Users/hectorgarcia/Library/Developer/Xcode/DerivedData/ModuleCache.noindex/Session.modulevalidation -fmodules-validate-once-per-build-session -Wnon-modular-include-in-framework-module -Werror\=non-modular-include-in-framework-module -Wno-trigraphs -Wno-missing-field-initializers -Wno-missing-prototypes -Wno-return-type -Wno-implicit-atomic-properties -Wno-objc-interface-ivars -Wno-arc-repeated-use-of-weak -Wno-missing-braces -Wparentheses -Wswitch -Wno-unused-function -Wno-unused-label -Wno-unused-parameter -Wno-unused-variable -Wunused-value -Wno-empty-body -Wno-uninitialized -Wno-unknown-pragmas -w -Wno-shadow -Wno-four-char-constants -Wno-conversion -Wno-constant-conversion -Wno-int-conversion -Wno-bool-conversion -Wno-enum-conversion -Wno-float-conversion -Wno-non-literal-null-conversion -Wno-objc-literal-conversion -Wshorten-64-to-32 -Wpointer-sign -Wno-newline-eof -Wno-selector -Wno-strict-selector-match -Wno-undeclared-selector -Wno-deprecated-implementations -Wno-implicit-fallthrough -fstrict-aliasing -Wprotocol -Wdeprecated-declarations -Wno-sign-conversion -Wno-infinite-recursion -Wno-comma -Wno-block-capture-autoreleasing -Wno-strict-prototypes -Wno-semicolon-before-method-body -index-store-path /Users/hectorgarcia/Library/Developer/Xcode/DerivedData/Lyo-eagkiegzrakogpczynhkaholsscs/Index.noindex/DataStore @/Users/hectorgarcia/Library/Developer/Xcode/DerivedData/Build/Intermediates.noindex/GoogleSignIn.build/Debug-iphonesimulator/GoogleSignIn.build/Objects-normal/x86_64/e6072d4f65d7061329687fe24e3d63a7-common-args.resp -include /Users/hectorgarcia/Library/Developer/Xcode/DerivedData/Build/Intermediates.noindex/GoogleSignIn.build/Debug-iphonesimulator/GoogleSignIn.build/DerivedSources/resource_bundle_accessor.h -MMD -MT dependencies -MF /Users/hectorgarcia/Library/Developer/Xcode/DerivedData/Build/Intermediates.noindex/GoogleSignIn.build/Debug-iphonesimulator/GoogleSignIn.build/Objects-normal/x86_64/GIDSignInButton.d --serialize-diagnostics /Users/hectorgarcia/Library/Developer/Xcode/DerivedData/Build/Intermediates.noindex/GoogleSignIn.build/Debug-iphonesimulator/GoogleSignIn.build/Objects-normal/x86_64/GIDSignInButton.dia -c /Users/hectorgarcia/Library/Developer/Xcode/DerivedData/Lyo-eagkiegzrakogpczynhkaholsscs/SourcePackages/checkouts/GoogleSignIn-iOS/GoogleSignIn/Sources/GIDSignInButton.m -o /Users/hectorgarcia/Library/Developer/Xcode/DerivedData/Build/Intermediates.noindex/GoogleSignIn.build/Debug-iphonesimulator/GoogleSignIn.build/Objects-normal/x86_64/GIDSignInButton.o -index-unit-output-path /GoogleSignIn.build/Debug-iphonesimulator/GoogleSignIn.build/Objects-normal/x86_64/GIDSignInButton.o

PrecompileModule /Users/hectorgarcia/Library/Developer/Xcode/DerivedData/Build/Intermediates.noindex/ExplicitPrecompiledModules/_DarwinFoundation1-6TQHFAGC59U06SKCS95PRBNKF.scan
    cd /
    builtin-precompileModule /Users/hectorgarcia/Library/Developer/Xcode/DerivedData/Build/Intermediates.noindex/ExplicitPrecompiledModules/_DarwinFoundation1-6TQHFAGC59U06SKCS95PRBNKF.scan

ScanDependencies /Users/hectorgarcia/Library/Developer/Xcode/DerivedData/Build/Intermediates.noindex/GoogleSignIn.build/Debug-iphonesimulator/GoogleSignIn.build/Objects-normal/x86_64/GIDSignIn.o /Users/hectorgarcia/Library/Developer/Xcode/DerivedData/Lyo-eagkiegzrakogpczynhkaholsscs/SourcePackages/checkouts/GoogleSignIn-iOS/GoogleSignIn/Sources/GIDSignIn.m normal x86_64 objective-c com.apple.compilers.llvm.clang.1_0.compiler (in target 'GoogleSignIn' from project 'GoogleSignIn')
    cd /Users/hectorgarcia/LYO_Da_ONE/Lyo.xcodeproj
    
    Using response file: /Users/hectorgarcia/Library/Developer/Xcode/DerivedData/Build/Intermediates.noindex/GoogleSignIn.build/Debug-iphonesimulator/GoogleSignIn.build/Objects-normal/x86_64/e6072d4f65d7061329687fe24e3d63a7-common-args.resp
    
    builtin-ScanDependencies -o /Users/hectorgarcia/Library/Developer/Xcode/DerivedData/Build/Intermediates.noindex/GoogleSignIn.build/Debug-iphonesimulator/GoogleSignIn.build/Objects-normal/x86_64/GIDSignIn.o.scan -- /Users/hectorgarcia/Downloads/Xcode.app/Contents/Developer/Toolchains/XcodeDefault.xctoolchain/usr/bin/clang -x objective-c -ivfsstatcache /Users/hectorgarcia/Library/Developer/Xcode/DerivedData/SDKStatCaches.noindex/iphonesimulator26.2-23C53-823d3e8b6e60bc2018c189d3ca05ba9b.sdkstatcache -fmessage-length\=0 -fdiagnostics-show-note-include-stack -fmacro-backtrace-limit\=0 -fno-color-diagnostics -fmodules-prune-interval\=86400 -fmodules-prune-after\=345600 -fbuild-session-file\=/Users/hectorgarcia/Library/Developer/Xcode/DerivedData/ModuleCache.noindex/Session.modulevalidation -fmodules-validate-once-per-build-session -Wnon-modular-include-in-framework-module -Werror\=non-modular-include-in-framework-module -Wno-trigraphs -Wno-missing-field-initializers -Wno-missing-prototypes -Wno-return-type -Wno-implicit-atomic-properties -Wno-objc-interface-ivars -Wno-arc-repeated-use-of-weak -Wno-missing-braces -Wparentheses -Wswitch -Wno-unused-function -Wno-unused-label -Wno-unused-parameter -Wno-unused-variable -Wunused-value -Wno-empty-body -Wno-uninitialized -Wno-unknown-pragmas -w -Wno-shadow -Wno-four-char-constants -Wno-conversion -Wno-constant-conversion -Wno-int-conversion -Wno-bool-conversion -Wno-enum-conversion -Wno-float-conversion -Wno-non-literal-null-conversion -Wno-objc-literal-conversion -Wshorten-64-to-32 -Wpointer-sign -Wno-newline-eof -Wno-selector -Wno-strict-selector-match -Wno-undeclared-selector -Wno-deprecated-implementations -Wno-implicit-fallthrough -fstrict-aliasing -Wprotocol -Wdeprecated-declarations -Wno-sign-conversion -Wno-infinite-recursion -Wno-comma -Wno-block-capture-autoreleasing -Wno-strict-prototypes -Wno-semicolon-before-method-body -index-store-path /Users/hectorgarcia/Library/Developer/Xcode/DerivedData/Lyo-eagkiegzrakogpczynhkaholsscs/Index.noindex/DataStore @/Users/hectorgarcia/Library/Developer/Xcode/DerivedData/Build/Intermediates.noindex/GoogleSignIn.build/Debug-iphonesimulator/GoogleSignIn.build/Objects-normal/x86_64/e6072d4f65d7061329687fe24e3d63a7-common-args.resp -include /Users/hectorgarcia/Library/Developer/Xcode/DerivedData/Build/Intermediates.noindex/GoogleSignIn.build/Debug-iphonesimulator/GoogleSignIn.build/DerivedSources/resource_bundle_accessor.h -MMD -MT dependencies -MF /Users/hectorgarcia/Library/Developer/Xcode/DerivedData/Build/Intermediates.noindex/GoogleSignIn.build/Debug-iphonesimulator/GoogleSignIn.build/Objects-normal/x86_64/GIDSignIn.d --serialize-diagnostics /Users/hectorgarcia/Library/Developer/Xcode/DerivedData/Build/Intermediates.noindex/GoogleSignIn.build/Debug-iphonesimulator/GoogleSignIn.build/Objects-normal/x86_64/GIDSignIn.dia -c /Users/hectorgarcia/Library/Developer/Xcode/DerivedData/Lyo-eagkiegzrakogpczynhkaholsscs/SourcePackages/checkouts/GoogleSignIn-iOS/GoogleSignIn/Sources/GIDSignIn.m -o /Users/hectorgarcia/Library/Developer/Xcode/DerivedData/Build/Intermediates.noindex/GoogleSignIn.build/Debug-iphonesimulator/GoogleSignIn.build/Objects-normal/x86_64/GIDSignIn.o -index-unit-output-path /GoogleSignIn.build/Debug-iphonesimulator/GoogleSignIn.build/Objects-normal/x86_64/GIDSignIn.o

ScanDependencies /Users/hectorgarcia/Library/Developer/Xcode/DerivedData/Build/Intermediates.noindex/GoogleSignIn.build/Debug-iphonesimulator/GoogleSignIn.build/Objects-normal/x86_64/GIDScopes.o /Users/hectorgarcia/Library/Developer/Xcode/DerivedData/Lyo-eagkiegzrakogpczynhkaholsscs/SourcePackages/checkouts/GoogleSignIn-iOS/GoogleSignIn/Sources/GIDScopes.m normal x86_64 objective-c com.apple.compilers.llvm.clang.1_0.compiler (in target 'GoogleSignIn' from project 'GoogleSignIn')
    cd /Users/hectorgarcia/LYO_Da_ONE/Lyo.xcodeproj
    
    Using response file: /Users/hectorgarcia/Library/Developer/Xcode/DerivedData/Build/Intermediates.noindex/GoogleSignIn.build/Debug-iphonesimulator/GoogleSignIn.build/Objects-normal/x86_64/e6072d4f65d7061329687fe24e3d63a7-common-args.resp
    
    builtin-ScanDependencies -o /Users/hectorgarcia/Library/Developer/Xcode/DerivedData/Build/Intermediates.noindex/GoogleSignIn.build/Debug-iphonesimulator/GoogleSignIn.build/Objects-normal/x86_64/GIDScopes.o.scan -- /Users/hectorgarcia/Downloads/Xcode.app/Contents/Developer/Toolchains/XcodeDefault.xctoolchain/usr/bin/clang -x objective-c -ivfsstatcache /Users/hectorgarcia/Library/Developer/Xcode/DerivedData/SDKStatCaches.noindex/iphonesimulator26.2-23C53-823d3e8b6e60bc2018c189d3ca05ba9b.sdkstatcache -fmessage-length\=0 -fdiagnostics-show-note-include-stack -fmacro-backtrace-limit\=0 -fno-color-diagnostics -fmodules-prune-interval\=86400 -fmodules-prune-after\=345600 -fbuild-session-file\=/Users/hectorgarcia/Library/Developer/Xcode/DerivedData/ModuleCache.noindex/Session.modulevalidation -fmodules-validate-once-per-build-session -Wnon-modular-include-in-framework-module -Werror\=non-modular-include-in-framework-module -Wno-trigraphs -Wno-missing-field-initializers -Wno-missing-prototypes -Wno-return-type -Wno-implicit-atomic-properties -Wno-objc-interface-ivars -Wno-arc-repeated-use-of-weak -Wno-missing-braces -Wparentheses -Wswitch -Wno-unused-function -Wno-unused-label -Wno-unused-parameter -Wno-unused-variable -Wunused-value -Wno-empty-body -Wno-uninitialized -Wno-unknown-pragmas -w -Wno-shadow -Wno-four-char-constants -Wno-conversion -Wno-constant-conversion -Wno-int-conversion -Wno-bool-conversion -Wno-enum-conversion -Wno-float-conversion -Wno-non-literal-null-conversion -Wno-objc-literal-conversion -Wshorten-64-to-32 -Wpointer-sign -Wno-newline-eof -Wno-selector -Wno-strict-selector-match -Wno-undeclared-selector -Wno-deprecated-implementations -Wno-implicit-fallthrough -fstrict-aliasing -Wprotocol -Wdeprecated-declarations -Wno-sign-conversion -Wno-infinite-recursion -Wno-comma -Wno-block-capture-autoreleasing -Wno-strict-prototypes -Wno-semicolon-before-method-body -index-store-path /Users/hectorgarcia/Library/Developer/Xcode/DerivedData/Lyo-eagkiegzrakogpczynhkaholsscs/Index.noindex/DataStore @/Users/hectorgarcia/Library/Developer/Xcode/DerivedData/Build/Intermediates.noindex/GoogleSignIn.build/Debug-iphonesimulator/GoogleSignIn.build/Objects-normal/x86_64/e6072d4f65d7061329687fe24e3d63a7-common-args.resp -include /Users/hectorgarcia/Library/Developer/Xcode/DerivedData/Build/Intermediates.noindex/GoogleSignIn.build/Debug-iphonesimulator/GoogleSignIn.build/DerivedSources/resource_bundle_accessor.h -MMD -MT dependencies -MF /Users/hectorgarcia/Library/Developer/Xcode/DerivedData/Build/Intermediates.noindex/GoogleSignIn.build/Debug-iphonesimulator/GoogleSignIn.build/Objects-normal/x86_64/GIDScopes.d --serialize-diagnostics /Users/hectorgarcia/Library/Developer/Xcode/DerivedData/Build/Intermediates.noindex/GoogleSignIn.build/Debug-iphonesimulator/GoogleSignIn.build/Objects-normal/x86_64/GIDScopes.dia -c /Users/hectorgarcia/Library/Developer/Xcode/DerivedData/Lyo-eagkiegzrakogpczynhkaholsscs/SourcePackages/checkouts/GoogleSignIn-iOS/GoogleSignIn/Sources/GIDScopes.m -o /Users/hectorgarcia/Library/Developer/Xcode/DerivedData/Build/Intermediates.noindex/GoogleSignIn.build/Debug-iphonesimulator/GoogleSignIn.build/Objects-normal/x86_64/GIDScopes.o -index-unit-output-path /GoogleSignIn.build/Debug-iphonesimulator/GoogleSignIn.build/Objects-normal/x86_64/GIDScopes.o

ScanDependencies /Users/hectorgarcia/Library/Developer/Xcode/DerivedData/Build/Intermediates.noindex/GoogleSignIn.build/Debug-iphonesimulator/GoogleSignIn.build/Objects-normal/x86_64/GIDProfileData.o /Users/hectorgarcia/Library/Developer/Xcode/DerivedData/Lyo-eagkiegzrakogpczynhkaholsscs/SourcePackages/checkouts/GoogleSignIn-iOS/GoogleSignIn/Sources/GIDProfileData.m normal x86_64 objective-c com.apple.compilers.llvm.clang.1_0.compiler (in target 'GoogleSignIn' from project 'GoogleSignIn')
    cd /Users/hectorgarcia/LYO_Da_ONE/Lyo.xcodeproj
    
    Using response file: /Users/hectorgarcia/Library/Developer/Xcode/DerivedData/Build/Intermediates.noindex/GoogleSignIn.build/Debug-iphonesimulator/GoogleSignIn.build/Objects-normal/x86_64/e6072d4f65d7061329687fe24e3d63a7-common-args.resp
    
    builtin-ScanDependencies -o /Users/hectorgarcia/Library/Developer/Xcode/DerivedData/Build/Intermediates.noindex/GoogleSignIn.build/Debug-iphonesimulator/GoogleSignIn.build/Objects-normal/x86_64/GIDProfileData.o.scan -- /Users/hectorgarcia/Downloads/Xcode.app/Contents/Developer/Toolchains/XcodeDefault.xctoolchain/usr/bin/clang -x objective-c -ivfsstatcache /Users/hectorgarcia/Library/Developer/Xcode/DerivedData/SDKStatCaches.noindex/iphonesimulator26.2-23C53-823d3e8b6e60bc2018c189d3ca05ba9b.sdkstatcache -fmessage-length\=0 -fdiagnostics-show-note-include-stack -fmacro-backtrace-limit\=0 -fno-color-diagnostics -fmodules-prune-interval\=86400 -fmodules-prune-after\=345600 -fbuild-session-file\=/Users/hectorgarcia/Library/Developer/Xcode/DerivedData/ModuleCache.noindex/Session.modulevalidation -fmodules-validate-once-per-build-session -Wnon-modular-include-in-framework-module -Werror\=non-modular-include-in-framework-module -Wno-trigraphs -Wno-missing-field-initializers -Wno-missing-prototypes -Wno-return-type -Wno-implicit-atomic-properties -Wno-objc-interface-ivars -Wno-arc-repeated-use-of-weak -Wno-missing-braces -Wparentheses -Wswitch -Wno-unused-function -Wno-unused-label -Wno-unused-parameter -Wno-unused-variable -Wunused-value -Wno-empty-body -Wno-uninitialized -Wno-unknown-pragmas -w -Wno-shadow -Wno-four-char-constants -Wno-conversion -Wno-constant-conversion -Wno-int-conversion -Wno-bool-conversion -Wno-enum-conversion -Wno-float-conversion -Wno-non-literal-null-conversion -Wno-objc-literal-conversion -Wshorten-64-to-32 -Wpointer-sign -Wno-newline-eof -Wno-selector -Wno-strict-selector-match -Wno-undeclared-selector -Wno-deprecated-implementations -Wno-implicit-fallthrough -fstrict-aliasing -Wprotocol -Wdeprecated-declarations -Wno-sign-conversion -Wno-infinite-recursion -Wno-comma -Wno-block-capture-autoreleasing -Wno-strict-prototypes -Wno-semicolon-before-method-body -index-store-path /Users/hectorgarcia/Library/Developer/Xcode/DerivedData/Lyo-eagkiegzrakogpczynhkaholsscs/Index.noindex/DataStore @/Users/hectorgarcia/Library/Developer/Xcode/DerivedData/Build/Intermediates.noindex/GoogleSignIn.build/Debug-iphonesimulator/GoogleSignIn.build/Objects-normal/x86_64/e6072d4f65d7061329687fe24e3d63a7-common-args.resp -include /Users/hectorgarcia/Library/Developer/Xcode/DerivedData/Build/Intermediates.noindex/GoogleSignIn.build/Debug-iphonesimulator/GoogleSignIn.build/DerivedSources/resource_bundle_accessor.h -MMD -MT dependencies -MF /Users/hectorgarcia/Library/Developer/Xcode/DerivedData/Build/Intermediates.noindex/GoogleSignIn.build/Debug-iphonesimulator/GoogleSignIn.build/Objects-normal/x86_64/GIDProfileData.d --serialize-diagnostics /Users/hectorgarcia/Library/Developer/Xcode/DerivedData/Build/Intermediates.noindex/GoogleSignIn.build/Debug-iphonesimulator/GoogleSignIn.build/Objects-normal/x86_64/GIDProfileData.dia -c /Users/hectorgarcia/Library/Developer/Xcode/DerivedData/Lyo-eagkiegzrakogpczynhkaholsscs/SourcePackages/checkouts/GoogleSignIn-iOS/GoogleSignIn/Sources/GIDProfileData.m -o /Users/hectorgarcia/Library/Developer/Xcode/DerivedData/Build/Intermediates.noindex/GoogleSignIn.build/Debug-iphonesimulator/GoogleSignIn.build/Objects-normal/x86_64/GIDProfileData.o -index-unit-output-path /GoogleSignIn.build/Debug-iphonesimulator/GoogleSignIn.build/Objects-normal/x86_64/GIDProfileData.o

PrecompileModule /Users/hectorgarcia/Library/Developer/Xcode/DerivedData/Build/Intermediates.noindex/ExplicitPrecompiledModules/UIKit-83GV06XZ6SEYE43YQYZFER8ZL.scan
    cd /
    builtin-precompileModule /Users/hectorgarcia/Library/Developer/Xcode/DerivedData/Build/Intermediates.noindex/ExplicitPrecompiledModules/UIKit-83GV06XZ6SEYE43YQYZFER8ZL.scan

ScanDependencies /Users/hectorgarcia/Library/Developer/Xcode/DerivedData/Build/Intermediates.noindex/GoogleSignIn.build/Debug-iphonesimulator/GoogleSignIn.build/Objects-normal/x86_64/GIDMDMPasscodeState.o /Users/hectorgarcia/Library/Developer/Xcode/DerivedData/Lyo-eagkiegzrakogpczynhkaholsscs/SourcePackages/checkouts/GoogleSignIn-iOS/GoogleSignIn/Sources/GIDMDMPasscodeState.m normal x86_64 objective-c com.apple.compilers.llvm.clang.1_0.compiler (in target 'GoogleSignIn' from project 'GoogleSignIn')
    cd /Users/hectorgarcia/LYO_Da_ONE/Lyo.xcodeproj
    
    Using response file: /Users/hectorgarcia/Library/Developer/Xcode/DerivedData/Build/Intermediates.noindex/GoogleSignIn.build/Debug-iphonesimulator/GoogleSignIn.build/Objects-normal/x86_64/e6072d4f65d7061329687fe24e3d63a7-common-args.resp
    
    builtin-ScanDependencies -o /Users/hectorgarcia/Library/Developer/Xcode/DerivedData/Build/Intermediates.noindex/GoogleSignIn.build/Debug-iphonesimulator/GoogleSignIn.build/Objects-normal/x86_64/GIDMDMPasscodeState.o.scan -- /Users/hectorgarcia/Downloads/Xcode.app/Contents/Developer/Toolchains/XcodeDefault.xctoolchain/usr/bin/clang -x objective-c -ivfsstatcache /Users/hectorgarcia/Library/Developer/Xcode/DerivedData/SDKStatCaches.noindex/iphonesimulator26.2-23C53-823d3e8b6e60bc2018c189d3ca05ba9b.sdkstatcache -fmessage-length\=0 -fdiagnostics-show-note-include-stack -fmacro-backtrace-limit\=0 -fno-color-diagnostics -fmodules-prune-interval\=86400 -fmodules-prune-after\=345600 -fbuild-session-file\=/Users/hectorgarcia/Library/Developer/Xcode/DerivedData/ModuleCache.noindex/Session.modulevalidation -fmodules-validate-once-per-build-session -Wnon-modular-include-in-framework-module -Werror\=non-modular-include-in-framework-module -Wno-trigraphs -Wno-missing-field-initializers -Wno-missing-prototypes -Wno-return-type -Wno-implicit-atomic-properties -Wno-objc-interface-ivars -Wno-arc-repeated-use-of-weak -Wno-missing-braces -Wparentheses -Wswitch -Wno-unused-function -Wno-unused-label -Wno-unused-parameter -Wno-unused-variable -Wunused-value -Wno-empty-body -Wno-uninitialized -Wno-unknown-pragmas -w -Wno-shadow -Wno-four-char-constants -Wno-conversion -Wno-constant-conversion -Wno-int-conversion -Wno-bool-conversion -Wno-enum-conversion -Wno-float-conversion -Wno-non-literal-null-conversion -Wno-objc-literal-conversion -Wshorten-64-to-32 -Wpointer-sign -Wno-newline-eof -Wno-selector -Wno-strict-selector-match -Wno-undeclared-selector -Wno-deprecated-implementations -Wno-implicit-fallthrough -fstrict-aliasing -Wprotocol -Wdeprecated-declarations -Wno-sign-conversion -Wno-infinite-recursion -Wno-comma -Wno-block-capture-autoreleasing -Wno-strict-prototypes -Wno-semicolon-before-method-body -index-store-path /Users/hectorgarcia/Library/Developer/Xcode/DerivedData/Lyo-eagkiegzrakogpczynhkaholsscs/Index.noindex/DataStore @/Users/hectorgarcia/Library/Developer/Xcode/DerivedData/Build/Intermediates.noindex/GoogleSignIn.build/Debug-iphonesimulator/GoogleSignIn.build/Objects-normal/x86_64/e6072d4f65d7061329687fe24e3d63a7-common-args.resp -include /Users/hectorgarcia/Library/Developer/Xcode/DerivedData/Build/Intermediates.noindex/GoogleSignIn.build/Debug-iphonesimulator/GoogleSignIn.build/DerivedSources/resource_bundle_accessor.h -MMD -MT dependencies -MF /Users/hectorgarcia/Library/Developer/Xcode/DerivedData/Build/Intermediates.noindex/GoogleSignIn.build/Debug-iphonesimulator/GoogleSignIn.build/Objects-normal/x86_64/GIDMDMPasscodeState.d --serialize-diagnostics /Users/hectorgarcia/Library/Developer/Xcode/DerivedData/Build/Intermediates.noindex/GoogleSignIn.build/Debug-iphonesimulator/GoogleSignIn.build/Objects-normal/x86_64/GIDMDMPasscodeState.dia -c /Users/hectorgarcia/Library/Developer/Xcode/DerivedData/Lyo-eagkiegzrakogpczynhkaholsscs/SourcePackages/checkouts/GoogleSignIn-iOS/GoogleSignIn/Sources/GIDMDMPasscodeState.m -o /Users/hectorgarcia/Library/Developer/Xcode/DerivedData/Build/Intermediates.noindex/GoogleSignIn.build/Debug-iphonesimulator/GoogleSignIn.build/Objects-normal/x86_64/GIDMDMPasscodeState.o -index-unit-output-path /GoogleSignIn.build/Debug-iphonesimulator/GoogleSignIn.build/Objects-normal/x86_64/GIDMDMPasscodeState.o

ScanDependencies /Users/hectorgarcia/Library/Developer/Xcode/DerivedData/Build/Intermediates.noindex/GoogleSignIn.build/Debug-iphonesimulator/GoogleSignIn.build/Objects-normal/x86_64/GIDMDMPasscodeCache.o /Users/hectorgarcia/Library/Developer/Xcode/DerivedData/Lyo-eagkiegzrakogpczynhkaholsscs/SourcePackages/checkouts/GoogleSignIn-iOS/GoogleSignIn/Sources/GIDMDMPasscodeCache.m normal x86_64 objective-c com.apple.compilers.llvm.clang.1_0.compiler (in target 'GoogleSignIn' from project 'GoogleSignIn')
    cd /Users/hectorgarcia/LYO_Da_ONE/Lyo.xcodeproj
    
    Using response file: /Users/hectorgarcia/Library/Developer/Xcode/DerivedData/Build/Intermediates.noindex/GoogleSignIn.build/Debug-iphonesimulator/GoogleSignIn.build/Objects-normal/x86_64/e6072d4f65d7061329687fe24e3d63a7-common-args.resp
    
    builtin-ScanDependencies -o /Users/hectorgarcia/Library/Developer/Xcode/DerivedData/Build/Intermediates.noindex/GoogleSignIn.build/Debug-iphonesimulator/GoogleSignIn.build/Objects-normal/x86_64/GIDMDMPasscodeCache.o.scan -- /Users/hectorgarcia/Downloads/Xcode.app/Contents/Developer/Toolchains/XcodeDefault.xctoolchain/usr/bin/clang -x objective-c -ivfsstatcache /Users/hectorgarcia/Library/Developer/Xcode/DerivedData/SDKStatCaches.noindex/iphonesimulator26.2-23C53-823d3e8b6e60bc2018c189d3ca05ba9b.sdkstatcache -fmessage-length\=0 -fdiagnostics-show-note-include-stack -fmacro-backtrace-limit\=0 -fno-color-diagnostics -fmodules-prune-interval\=86400 -fmodules-prune-after\=345600 -fbuild-session-file\=/Users/hectorgarcia/Library/Developer/Xcode/DerivedData/ModuleCache.noindex/Session.modulevalidation -fmodules-validate-once-per-build-session -Wnon-modular-include-in-framework-module -Werror\=non-modular-include-in-framework-module -Wno-trigraphs -Wno-missing-field-initializers -Wno-missing-prototypes -Wno-return-type -Wno-implicit-atomic-properties -Wno-objc-interface-ivars -Wno-arc-repeated-use-of-weak -Wno-missing-braces -Wparentheses -Wswitch -Wno-unused-function -Wno-unused-label -Wno-unused-parameter -Wno-unused-variable -Wunused-value -Wno-empty-body -Wno-uninitialized -Wno-unknown-pragmas -w -Wno-shadow -Wno-four-char-constants -Wno-conversion -Wno-constant-conversion -Wno-int-conversion -Wno-bool-conversion -Wno-enum-conversion -Wno-float-conversion -Wno-non-literal-null-conversion -Wno-objc-literal-conversion -Wshorten-64-to-32 -Wpointer-sign -Wno-newline-eof -Wno-selector -Wno-strict-selector-match -Wno-undeclared-selector -Wno-deprecated-implementations -Wno-implicit-fallthrough -fstrict-aliasing -Wprotocol -Wdeprecated-declarations -Wno-sign-conversion -Wno-infinite-recursion -Wno-comma -Wno-block-capture-autoreleasing -Wno-strict-prototypes -Wno-semicolon-before-method-body -index-store-path /Users/hectorgarcia/Library/Developer/Xcode/DerivedData/Lyo-eagkiegzrakogpczynhkaholsscs/Index.noindex/DataStore @/Users/hectorgarcia/Library/Developer/Xcode/DerivedData/Build/Intermediates.noindex/GoogleSignIn.build/Debug-iphonesimulator/GoogleSignIn.build/Objects-normal/x86_64/e6072d4f65d7061329687fe24e3d63a7-common-args.resp -include /Users/hectorgarcia/Library/Developer/Xcode/DerivedData/Build/Intermediates.noindex/GoogleSignIn.build/Debug-iphonesimulator/GoogleSignIn.build/DerivedSources/resource_bundle_accessor.h -MMD -MT dependencies -MF /Users/hectorgarcia/Library/Developer/Xcode/DerivedData/Build/Intermediates.noindex/GoogleSignIn.build/Debug-iphonesimulator/GoogleSignIn.build/Objects-normal/x86_64/GIDMDMPasscodeCache.d --serialize-diagnostics /Users/hectorgarcia/Library/Developer/Xcode/DerivedData/Build/Intermediates.noindex/GoogleSignIn.build/Debug-iphonesimulator/GoogleSignIn.build/Objects-normal/x86_64/GIDMDMPasscodeCache.dia -c /Users/hectorgarcia/Library/Developer/Xcode/DerivedData/Lyo-eagkiegzrakogpczynhkaholsscs/SourcePackages/checkouts/GoogleSignIn-iOS/GoogleSignIn/Sources/GIDMDMPasscodeCache.m -o /Users/hectorgarcia/Library/Developer/Xcode/DerivedData/Build/Intermediates.noindex/GoogleSignIn.build/Debug-iphonesimulator/GoogleSignIn.build/Objects-normal/x86_64/GIDMDMPasscodeCache.o -index-unit-output-path /GoogleSignIn.build/Debug-iphonesimulator/GoogleSignIn.build/Objects-normal/x86_64/GIDMDMPasscodeCache.o

ScanDependencies /Users/hectorgarcia/Library/Developer/Xcode/DerivedData/Build/Intermediates.noindex/GoogleSignIn.build/Debug-iphonesimulator/GoogleSignIn.build/Objects-normal/x86_64/GIDGoogleUser.o /Users/hectorgarcia/Library/Developer/Xcode/DerivedData/Lyo-eagkiegzrakogpczynhkaholsscs/SourcePackages/checkouts/GoogleSignIn-iOS/GoogleSignIn/Sources/GIDGoogleUser.m normal x86_64 objective-c com.apple.compilers.llvm.clang.1_0.compiler (in target 'GoogleSignIn' from project 'GoogleSignIn')
    cd /Users/hectorgarcia/LYO_Da_ONE/Lyo.xcodeproj
    
    Using response file: /Users/hectorgarcia/Library/Developer/Xcode/DerivedData/Build/Intermediates.noindex/GoogleSignIn.build/Debug-iphonesimulator/GoogleSignIn.build/Objects-normal/x86_64/e6072d4f65d7061329687fe24e3d63a7-common-args.resp
    
    builtin-ScanDependencies -o /Users/hectorgarcia/Library/Developer/Xcode/DerivedData/Build/Intermediates.noindex/GoogleSignIn.build/Debug-iphonesimulator/GoogleSignIn.build/Objects-normal/x86_64/GIDGoogleUser.o.scan -- /Users/hectorgarcia/Downloads/Xcode.app/Contents/Developer/Toolchains/XcodeDefault.xctoolchain/usr/bin/clang -x objective-c -ivfsstatcache /Users/hectorgarcia/Library/Developer/Xcode/DerivedData/SDKStatCaches.noindex/iphonesimulator26.2-23C53-823d3e8b6e60bc2018c189d3ca05ba9b.sdkstatcache -fmessage-length\=0 -fdiagnostics-show-note-include-stack -fmacro-backtrace-limit\=0 -fno-color-diagnostics -fmodules-prune-interval\=86400 -fmodules-prune-after\=345600 -fbuild-session-file\=/Users/hectorgarcia/Library/Developer/Xcode/DerivedData/ModuleCache.noindex/Session.modulevalidation -fmodules-validate-once-per-build-session -Wnon-modular-include-in-framework-module -Werror\=non-modular-include-in-framework-module -Wno-trigraphs -Wno-missing-field-initializers -Wno-missing-prototypes -Wno-return-type -Wno-implicit-atomic-properties -Wno-objc-interface-ivars -Wno-arc-repeated-use-of-weak -Wno-missing-braces -Wparentheses -Wswitch -Wno-unused-function -Wno-unused-label -Wno-unused-parameter -Wno-unused-variable -Wunused-value -Wno-empty-body -Wno-uninitialized -Wno-unknown-pragmas -w -Wno-shadow -Wno-four-char-constants -Wno-conversion -Wno-constant-conversion -Wno-int-conversion -Wno-bool-conversion -Wno-enum-conversion -Wno-float-conversion -Wno-non-literal-null-conversion -Wno-objc-literal-conversion -Wshorten-64-to-32 -Wpointer-sign -Wno-newline-eof -Wno-selector -Wno-strict-selector-match -Wno-undeclared-selector -Wno-deprecated-implementations -Wno-implicit-fallthrough -fstrict-aliasing -Wprotocol -Wdeprecated-declarations -Wno-sign-conversion -Wno-infinite-recursion -Wno-comma -Wno-block-capture-autoreleasing -Wno-strict-prototypes -Wno-semicolon-before-method-body -index-store-path /Users/hectorgarcia/Library/Developer/Xcode/DerivedData/Lyo-eagkiegzrakogpczynhkaholsscs/Index.noindex/DataStore @/Users/hectorgarcia/Library/Developer/Xcode/DerivedData/Build/Intermediates.noindex/GoogleSignIn.build/Debug-iphonesimulator/GoogleSignIn.build/Objects-normal/x86_64/e6072d4f65d7061329687fe24e3d63a7-common-args.resp -include /Users/hectorgarcia/Library/Developer/Xcode/DerivedData/Build/Intermediates.noindex/GoogleSignIn.build/Debug-iphonesimulator/GoogleSignIn.build/DerivedSources/resource_bundle_accessor.h -MMD -MT dependencies -MF /Users/hectorgarcia/Library/Developer/Xcode/DerivedData/Build/Intermediates.noindex/GoogleSignIn.build/Debug-iphonesimulator/GoogleSignIn.build/Objects-normal/x86_64/GIDGoogleUser.d --serialize-diagnostics /Users/hectorgarcia/Library/Developer/Xcode/DerivedData/Build/Intermediates.noindex/GoogleSignIn.build/Debug-iphonesimulator/GoogleSignIn.build/Objects-normal/x86_64/GIDGoogleUser.dia -c /Users/hectorgarcia/Library/Developer/Xcode/DerivedData/Lyo-eagkiegzrakogpczynhkaholsscs/SourcePackages/checkouts/GoogleSignIn-iOS/GoogleSignIn/Sources/GIDGoogleUser.m -o /Users/hectorgarcia/Library/Developer/Xcode/DerivedData/Build/Intermediates.noindex/GoogleSignIn.build/Debug-iphonesimulator/GoogleSignIn.build/Objects-normal/x86_64/GIDGoogleUser.o -index-unit-output-path /GoogleSignIn.build/Debug-iphonesimulator/GoogleSignIn.build/Objects-normal/x86_64/GIDGoogleUser.o

ScanDependencies /Users/hectorgarcia/Library/Developer/Xcode/DerivedData/Build/Intermediates.noindex/GoogleSignIn.build/Debug-iphonesimulator/GoogleSignIn.build/Objects-normal/x86_64/GIDEMMSupport.o /Users/hectorgarcia/Library/Developer/Xcode/DerivedData/Lyo-eagkiegzrakogpczynhkaholsscs/SourcePackages/checkouts/GoogleSignIn-iOS/GoogleSignIn/Sources/GIDEMMSupport.m normal x86_64 objective-c com.apple.compilers.llvm.clang.1_0.compiler (in target 'GoogleSignIn' from project 'GoogleSignIn')
    cd /Users/hectorgarcia/LYO_Da_ONE/Lyo.xcodeproj
    
    Using response file: /Users/hectorgarcia/Library/Developer/Xcode/DerivedData/Build/Intermediates.noindex/GoogleSignIn.build/Debug-iphonesimulator/GoogleSignIn.build/Objects-normal/x86_64/e6072d4f65d7061329687fe24e3d63a7-common-args.resp
    
    builtin-ScanDependencies -o /Users/hectorgarcia/Library/Developer/Xcode/DerivedData/Build/Intermediates.noindex/GoogleSignIn.build/Debug-iphonesimulator/GoogleSignIn.build/Objects-normal/x86_64/GIDEMMSupport.o.scan -- /Users/hectorgarcia/Downloads/Xcode.app/Contents/Developer/Toolchains/XcodeDefault.xctoolchain/usr/bin/clang -x objective-c -ivfsstatcache /Users/hectorgarcia/Library/Developer/Xcode/DerivedData/SDKStatCaches.noindex/iphonesimulator26.2-23C53-823d3e8b6e60bc2018c189d3ca05ba9b.sdkstatcache -fmessage-length\=0 -fdiagnostics-show-note-include-stack -fmacro-backtrace-limit\=0 -fno-color-diagnostics -fmodules-prune-interval\=86400 -fmodules-prune-after\=345600 -fbuild-session-file\=/Users/hectorgarcia/Library/Developer/Xcode/DerivedData/ModuleCache.noindex/Session.modulevalidation -fmodules-validate-once-per-build-session -Wnon-modular-include-in-framework-module -Werror\=non-modular-include-in-framework-module -Wno-trigraphs -Wno-missing-field-initializers -Wno-missing-prototypes -Wno-return-type -Wno-implicit-atomic-properties -Wno-objc-interface-ivars -Wno-arc-repeated-use-of-weak -Wno-missing-braces -Wparentheses -Wswitch -Wno-unused-function -Wno-unused-label -Wno-unused-parameter -Wno-unused-variable -Wunused-value -Wno-empty-body -Wno-uninitialized -Wno-unknown-pragmas -w -Wno-shadow -Wno-four-char-constants -Wno-conversion -Wno-constant-conversion -Wno-int-conversion -Wno-bool-conversion -Wno-enum-conversion -Wno-float-conversion -Wno-non-literal-null-conversion -Wno-objc-literal-conversion -Wshorten-64-to-32 -Wpointer-sign -Wno-newline-eof -Wno-selector -Wno-strict-selector-match -Wno-undeclared-selector -Wno-deprecated-implementations -Wno-implicit-fallthrough -fstrict-aliasing -Wprotocol -Wdeprecated-declarations -Wno-sign-conversion -Wno-infinite-recursion -Wno-comma -Wno-block-capture-autoreleasing -Wno-strict-prototypes -Wno-semicolon-before-method-body -index-store-path /Users/hectorgarcia/Library/Developer/Xcode/DerivedData/Lyo-eagkiegzrakogpczynhkaholsscs/Index.noindex/DataStore @/Users/hectorgarcia/Library/Developer/Xcode/DerivedData/Build/Intermediates.noindex/GoogleSignIn.build/Debug-iphonesimulator/GoogleSignIn.build/Objects-normal/x86_64/e6072d4f65d7061329687fe24e3d63a7-common-args.resp -include /Users/hectorgarcia/Library/Developer/Xcode/DerivedData/Build/Intermediates.noindex/GoogleSignIn.build/Debug-iphonesimulator/GoogleSignIn.build/DerivedSources/resource_bundle_accessor.h -MMD -MT dependencies -MF /Users/hectorgarcia/Library/Developer/Xcode/DerivedData/Build/Intermediates.noindex/GoogleSignIn.build/Debug-iphonesimulator/GoogleSignIn.build/Objects-normal/x86_64/GIDEMMSupport.d --serialize-diagnostics /Users/hectorgarcia/Library/Developer/Xcode/DerivedData/Build/Intermediates.noindex/GoogleSignIn.build/Debug-iphonesimulator/GoogleSignIn.build/Objects-normal/x86_64/GIDEMMSupport.dia -c /Users/hectorgarcia/Library/Developer/Xcode/DerivedData/Lyo-eagkiegzrakogpczynhkaholsscs/SourcePackages/checkouts/GoogleSignIn-iOS/GoogleSignIn/Sources/GIDEMMSupport.m -o /Users/hectorgarcia/Library/Developer/Xcode/DerivedData/Build/Intermediates.noindex/GoogleSignIn.build/Debug-iphonesimulator/GoogleSignIn.build/Objects-normal/x86_64/GIDEMMSupport.o -index-unit-output-path /GoogleSignIn.build/Debug-iphonesimulator/GoogleSignIn.build/Objects-normal/x86_64/GIDEMMSupport.o

PrecompileModule /Users/hectorgarcia/Library/Developer/Xcode/DerivedData/Build/Intermediates.noindex/ExplicitPrecompiledModules/_Builtin_limits-9YFNVP95VKXD44F8LF230URUI.scan
    cd /
    builtin-precompileModule /Users/hectorgarcia/Library/Developer/Xcode/DerivedData/Build/Intermediates.noindex/ExplicitPrecompiledModules/_Builtin_limits-9YFNVP95VKXD44F8LF230URUI.scan

PrecompileModule /Users/hectorgarcia/Library/Developer/Xcode/DerivedData/Build/Intermediates.noindex/ExplicitPrecompiledModules/_DarwinFoundation2-D17PZJFG49OX52R8RJNK2AWAC.scan
    cd /
    builtin-precompileModule /Users/hectorgarcia/Library/Developer/Xcode/DerivedData/Build/Intermediates.noindex/ExplicitPrecompiledModules/_DarwinFoundation2-D17PZJFG49OX52R8RJNK2AWAC.scan

ScanDependencies /Users/hectorgarcia/Library/Developer/Xcode/DerivedData/Build/Intermediates.noindex/GoogleSignIn.build/Debug-iphonesimulator/GoogleSignIn.build/Objects-normal/x86_64/GIDEMMErrorHandler.o /Users/hectorgarcia/Library/Developer/Xcode/DerivedData/Lyo-eagkiegzrakogpczynhkaholsscs/SourcePackages/checkouts/GoogleSignIn-iOS/GoogleSignIn/Sources/GIDEMMErrorHandler.m normal x86_64 objective-c com.apple.compilers.llvm.clang.1_0.compiler (in target 'GoogleSignIn' from project 'GoogleSignIn')
    cd /Users/hectorgarcia/LYO_Da_ONE/Lyo.xcodeproj
    
    Using response file: /Users/hectorgarcia/Library/Developer/Xcode/DerivedData/Build/Intermediates.noindex/GoogleSignIn.build/Debug-iphonesimulator/GoogleSignIn.build/Objects-normal/x86_64/e6072d4f65d7061329687fe24e3d63a7-common-args.resp
    
    builtin-ScanDependencies -o /Users/hectorgarcia/Library/Developer/Xcode/DerivedData/Build/Intermediates.noindex/GoogleSignIn.build/Debug-iphonesimulator/GoogleSignIn.build/Objects-normal/x86_64/GIDEMMErrorHandler.o.scan -- /Users/hectorgarcia/Downloads/Xcode.app/Contents/Developer/Toolchains/XcodeDefault.xctoolchain/usr/bin/clang -x objective-c -ivfsstatcache /Users/hectorgarcia/Library/Developer/Xcode/DerivedData/SDKStatCaches.noindex/iphonesimulator26.2-23C53-823d3e8b6e60bc2018c189d3ca05ba9b.sdkstatcache -fmessage-length\=0 -fdiagnostics-show-note-include-stack -fmacro-backtrace-limit\=0 -fno-color-diagnostics -fmodules-prune-interval\=86400 -fmodules-prune-after\=345600 -fbuild-session-file\=/Users/hectorgarcia/Library/Developer/Xcode/DerivedData/ModuleCache.noindex/Session.modulevalidation -fmodules-validate-once-per-build-session -Wnon-modular-include-in-framework-module -Werror\=non-modular-include-in-framework-module -Wno-trigraphs -Wno-missing-field-initializers -Wno-missing-prototypes -Wno-return-type -Wno-implicit-atomic-properties -Wno-objc-interface-ivars -Wno-arc-repeated-use-of-weak -Wno-missing-braces -Wparentheses -Wswitch -Wno-unused-function -Wno-unused-label -Wno-unused-parameter -Wno-unused-variable -Wunused-value -Wno-empty-body -Wno-uninitialized -Wno-unknown-pragmas -w -Wno-shadow -Wno-four-char-constants -Wno-conversion -Wno-constant-conversion -Wno-int-conversion -Wno-bool-conversion -Wno-enum-conversion -Wno-float-conversion -Wno-non-literal-null-conversion -Wno-objc-literal-conversion -Wshorten-64-to-32 -Wpointer-sign -Wno-newline-eof -Wno-selector -Wno-strict-selector-match -Wno-undeclared-selector -Wno-deprecated-implementations -Wno-implicit-fallthrough -fstrict-aliasing -Wprotocol -Wdeprecated-declarations -Wno-sign-conversion -Wno-infinite-recursion -Wno-comma -Wno-block-capture-autoreleasing -Wno-strict-prototypes -Wno-semicolon-before-method-body -index-store-path /Users/hectorgarcia/Library/Developer/Xcode/DerivedData/Lyo-eagkiegzrakogpczynhkaholsscs/Index.noindex/DataStore @/Users/hectorgarcia/Library/Developer/Xcode/DerivedData/Build/Intermediates.noindex/GoogleSignIn.build/Debug-iphonesimulator/GoogleSignIn.build/Objects-normal/x86_64/e6072d4f65d7061329687fe24e3d63a7-common-args.resp -include /Users/hectorgarcia/Library/Developer/Xcode/DerivedData/Build/Intermediates.noindex/GoogleSignIn.build/Debug-iphonesimulator/GoogleSignIn.build/DerivedSources/resource_bundle_accessor.h -MMD -MT dependencies -MF /Users/hectorgarcia/Library/Developer/Xcode/DerivedData/Build/Intermediates.noindex/GoogleSignIn.build/Debug-iphonesimulator/GoogleSignIn.build/Objects-normal/x86_64/GIDEMMErrorHandler.d --serialize-diagnostics /Users/hectorgarcia/Library/Developer/Xcode/DerivedData/Build/Intermediates.noindex/GoogleSignIn.build/Debug-iphonesimulator/GoogleSignIn.build/Objects-normal/x86_64/GIDEMMErrorHandler.dia -c /Users/hectorgarcia/Library/Developer/Xcode/DerivedData/Lyo-eagkiegzrakogpczynhkaholsscs/SourcePackages/checkouts/GoogleSignIn-iOS/GoogleSignIn/Sources/GIDEMMErrorHandler.m -o /Users/hectorgarcia/Library/Developer/Xcode/DerivedData/Build/Intermediates.noindex/GoogleSignIn.build/Debug-iphonesimulator/GoogleSignIn.build/Objects-normal/x86_64/GIDEMMErrorHandler.o -index-unit-output-path /GoogleSignIn.build/Debug-iphonesimulator/GoogleSignIn.build/Objects-normal/x86_64/GIDEMMErrorHandler.o

ScanDependencies /Users/hectorgarcia/Library/Developer/Xcode/DerivedData/Build/Intermediates.noindex/GoogleSignIn.build/Debug-iphonesimulator/GoogleSignIn.build/Objects-normal/x86_64/GIDConfiguration.o /Users/hectorgarcia/Library/Developer/Xcode/DerivedData/Lyo-eagkiegzrakogpczynhkaholsscs/SourcePackages/checkouts/GoogleSignIn-iOS/GoogleSignIn/Sources/GIDConfiguration.m normal x86_64 objective-c com.apple.compilers.llvm.clang.1_0.compiler (in target 'GoogleSignIn' from project 'GoogleSignIn')
    cd /Users/hectorgarcia/LYO_Da_ONE/Lyo.xcodeproj
    
    Using response file: /Users/hectorgarcia/Library/Developer/Xcode/DerivedData/Build/Intermediates.noindex/GoogleSignIn.build/Debug-iphonesimulator/GoogleSignIn.build/Objects-normal/x86_64/e6072d4f65d7061329687fe24e3d63a7-common-args.resp
    
    builtin-ScanDependencies -o /Users/hectorgarcia/Library/Developer/Xcode/DerivedData/Build/Intermediates.noindex/GoogleSignIn.build/Debug-iphonesimulator/GoogleSignIn.build/Objects-normal/x86_64/GIDConfiguration.o.scan -- /Users/hectorgarcia/Downloads/Xcode.app/Contents/Developer/Toolchains/XcodeDefault.xctoolchain/usr/bin/clang -x objective-c -ivfsstatcache /Users/hectorgarcia/Library/Developer/Xcode/DerivedData/SDKStatCaches.noindex/iphonesimulator26.2-23C53-823d3e8b6e60bc2018c189d3ca05ba9b.sdkstatcache -fmessage-length\=0 -fdiagnostics-show-note-include-stack -fmacro-backtrace-limit\=0 -fno-color-diagnostics -fmodules-prune-interval\=86400 -fmodules-prune-after\=345600 -fbuild-session-file\=/Users/hectorgarcia/Library/Developer/Xcode/DerivedData/ModuleCache.noindex/Session.modulevalidation -fmodules-validate-once-per-build-session -Wnon-modular-include-in-framework-module -Werror\=non-modular-include-in-framework-module -Wno-trigraphs -Wno-missing-field-initializers -Wno-missing-prototypes -Wno-return-type -Wno-implicit-atomic-properties -Wno-objc-interface-ivars -Wno-arc-repeated-use-of-weak -Wno-missing-braces -Wparentheses -Wswitch -Wno-unused-function -Wno-unused-label -Wno-unused-parameter -Wno-unused-variable -Wunused-value -Wno-empty-body -Wno-uninitialized -Wno-unknown-pragmas -w -Wno-shadow -Wno-four-char-constants -Wno-conversion -Wno-constant-conversion -Wno-int-conversion -Wno-bool-conversion -Wno-enum-conversion -Wno-float-conversion -Wno-non-literal-null-conversion -Wno-objc-literal-conversion -Wshorten-64-to-32 -Wpointer-sign -Wno-newline-eof -Wno-selector -Wno-strict-selector-match -Wno-undeclared-selector -Wno-deprecated-implementations -Wno-implicit-fallthrough -fstrict-aliasing -Wprotocol -Wdeprecated-declarations -Wno-sign-conversion -Wno-infinite-recursion -Wno-comma -Wno-block-capture-autoreleasing -Wno-strict-prototypes -Wno-semicolon-before-method-body -index-store-path /Users/hectorgarcia/Library/Developer/Xcode/DerivedData/Lyo-eagkiegzrakogpczynhkaholsscs/Index.noindex/DataStore @/Users/hectorgarcia/Library/Developer/Xcode/DerivedData/Build/Intermediates.noindex/GoogleSignIn.build/Debug-iphonesimulator/GoogleSignIn.build/Objects-normal/x86_64/e6072d4f65d7061329687fe24e3d63a7-common-args.resp -include /Users/hectorgarcia/Library/Developer/Xcode/DerivedData/Build/Intermediates.noindex/GoogleSignIn.build/Debug-iphonesimulator/GoogleSignIn.build/DerivedSources/resource_bundle_accessor.h -MMD -MT dependencies -MF /Users/hectorgarcia/Library/Developer/Xcode/DerivedData/Build/Intermediates.noindex/GoogleSignIn.build/Debug-iphonesimulator/GoogleSignIn.build/Objects-normal/x86_64/GIDConfiguration.d --serialize-diagnostics /Users/hectorgarcia/Library/Developer/Xcode/DerivedData/Build/Intermediates.noindex/GoogleSignIn.build/Debug-iphonesimulator/GoogleSignIn.build/Objects-normal/x86_64/GIDConfiguration.dia -c /Users/hectorgarcia/Library/Developer/Xcode/DerivedData/Lyo-eagkiegzrakogpczynhkaholsscs/SourcePackages/checkouts/GoogleSignIn-iOS/GoogleSignIn/Sources/GIDConfiguration.m -o /Users/hectorgarcia/Library/Developer/Xcode/DerivedData/Build/Intermediates.noindex/GoogleSignIn.build/Debug-iphonesimulator/GoogleSignIn.build/Objects-normal/x86_64/GIDConfiguration.o -index-unit-output-path /GoogleSignIn.build/Debug-iphonesimulator/GoogleSignIn.build/Objects-normal/x86_64/GIDConfiguration.o

ScanDependencies /Users/hectorgarcia/Library/Developer/Xcode/DerivedData/Build/Intermediates.noindex/GoogleSignIn.build/Debug-iphonesimulator/GoogleSignIn.build/Objects-normal/x86_64/GIDCallbackQueue.o /Users/hectorgarcia/Library/Developer/Xcode/DerivedData/Lyo-eagkiegzrakogpczynhkaholsscs/SourcePackages/checkouts/GoogleSignIn-iOS/GoogleSignIn/Sources/GIDCallbackQueue.m normal x86_64 objective-c com.apple.compilers.llvm.clang.1_0.compiler (in target 'GoogleSignIn' from project 'GoogleSignIn')
    cd /Users/hectorgarcia/LYO_Da_ONE/Lyo.xcodeproj
    
    Using response file: /Users/hectorgarcia/Library/Developer/Xcode/DerivedData/Build/Intermediates.noindex/GoogleSignIn.build/Debug-iphonesimulator/GoogleSignIn.build/Objects-normal/x86_64/e6072d4f65d7061329687fe24e3d63a7-common-args.resp
    
    builtin-ScanDependencies -o /Users/hectorgarcia/Library/Developer/Xcode/DerivedData/Build/Intermediates.noindex/GoogleSignIn.build/Debug-iphonesimulator/GoogleSignIn.build/Objects-normal/x86_64/GIDCallbackQueue.o.scan -- /Users/hectorgarcia/Downloads/Xcode.app/Contents/Developer/Toolchains/XcodeDefault.xctoolchain/usr/bin/clang -x objective-c -ivfsstatcache /Users/hectorgarcia/Library/Developer/Xcode/DerivedData/SDKStatCaches.noindex/iphonesimulator26.2-23C53-823d3e8b6e60bc2018c189d3ca05ba9b.sdkstatcache -fmessage-length\=0 -fdiagnostics-show-note-include-stack -fmacro-backtrace-limit\=0 -fno-color-diagnostics -fmodules-prune-interval\=86400 -fmodules-prune-after\=345600 -fbuild-session-file\=/Users/hectorgarcia/Library/Developer/Xcode/DerivedData/ModuleCache.noindex/Session.modulevalidation -fmodules-validate-once-per-build-session -Wnon-modular-include-in-framework-module -Werror\=non-modular-include-in-framework-module -Wno-trigraphs -Wno-missing-field-initializers -Wno-missing-prototypes -Wno-return-type -Wno-implicit-atomic-properties -Wno-objc-interface-ivars -Wno-arc-repeated-use-of-weak -Wno-missing-braces -Wparentheses -Wswitch -Wno-unused-function -Wno-unused-label -Wno-unused-parameter -Wno-unused-variable -Wunused-value -Wno-empty-body -Wno-uninitialized -Wno-unknown-pragmas -w -Wno-shadow -Wno-four-char-constants -Wno-conversion -Wno-constant-conversion -Wno-int-conversion -Wno-bool-conversion -Wno-enum-conversion -Wno-float-conversion -Wno-non-literal-null-conversion -Wno-objc-literal-conversion -Wshorten-64-to-32 -Wpointer-sign -Wno-newline-eof -Wno-selector -Wno-strict-selector-match -Wno-undeclared-selector -Wno-deprecated-implementations -Wno-implicit-fallthrough -fstrict-aliasing -Wprotocol -Wdeprecated-declarations -Wno-sign-conversion -Wno-infinite-recursion -Wno-comma -Wno-block-capture-autoreleasing -Wno-strict-prototypes -Wno-semicolon-before-method-body -index-store-path /Users/hectorgarcia/Library/Developer/Xcode/DerivedData/Lyo-eagkiegzrakogpczynhkaholsscs/Index.noindex/DataStore @/Users/hectorgarcia/Library/Developer/Xcode/DerivedData/Build/Intermediates.noindex/GoogleSignIn.build/Debug-iphonesimulator/GoogleSignIn.build/Objects-normal/x86_64/e6072d4f65d7061329687fe24e3d63a7-common-args.resp -include /Users/hectorgarcia/Library/Developer/Xcode/DerivedData/Build/Intermediates.noindex/GoogleSignIn.build/Debug-iphonesimulator/GoogleSignIn.build/DerivedSources/resource_bundle_accessor.h -MMD -MT dependencies -MF /Users/hectorgarcia/Library/Developer/Xcode/DerivedData/Build/Intermediates.noindex/GoogleSignIn.build/Debug-iphonesimulator/GoogleSignIn.build/Objects-normal/x86_64/GIDCallbackQueue.d --serialize-diagnostics /Users/hectorgarcia/Library/Developer/Xcode/DerivedData/Build/Intermediates.noindex/GoogleSignIn.build/Debug-iphonesimulator/GoogleSignIn.build/Objects-normal/x86_64/GIDCallbackQueue.dia -c /Users/hectorgarcia/Library/Developer/Xcode/DerivedData/Lyo-eagkiegzrakogpczynhkaholsscs/SourcePackages/checkouts/GoogleSignIn-iOS/GoogleSignIn/Sources/GIDCallbackQueue.m -o /Users/hectorgarcia/Library/Developer/Xcode/DerivedData/Build/Intermediates.noindex/GoogleSignIn.build/Debug-iphonesimulator/GoogleSignIn.build/Objects-normal/x86_64/GIDCallbackQueue.o -index-unit-output-path /GoogleSignIn.build/Debug-iphonesimulator/GoogleSignIn.build/Objects-normal/x86_64/GIDCallbackQueue.o

SwiftDriverJobDiscovery normal x86_64 Compiling HeartbeatController.swift, HeartbeatLoggingTestUtils.swift (in target 'FirebaseCoreInternal' from project 'Firebase')

ScanDependencies /Users/hectorgarcia/Library/Developer/Xcode/DerivedData/Build/Intermediates.noindex/GoogleSignIn.build/Debug-iphonesimulator/GoogleSignIn.build/Objects-normal/x86_64/GIDAuthentication.o /Users/hectorgarcia/Library/Developer/Xcode/DerivedData/Lyo-eagkiegzrakogpczynhkaholsscs/SourcePackages/checkouts/GoogleSignIn-iOS/GoogleSignIn/Sources/GIDAuthentication.m normal x86_64 objective-c com.apple.compilers.llvm.clang.1_0.compiler (in target 'GoogleSignIn' from project 'GoogleSignIn')
    cd /Users/hectorgarcia/LYO_Da_ONE/Lyo.xcodeproj
    
    Using response file: /Users/hectorgarcia/Library/Developer/Xcode/DerivedData/Build/Intermediates.noindex/GoogleSignIn.build/Debug-iphonesimulator/GoogleSignIn.build/Objects-normal/x86_64/e6072d4f65d7061329687fe24e3d63a7-common-args.resp
    
    builtin-ScanDependencies -o /Users/hectorgarcia/Library/Developer/Xcode/DerivedData/Build/Intermediates.noindex/GoogleSignIn.build/Debug-iphonesimulator/GoogleSignIn.build/Objects-normal/x86_64/GIDAuthentication.o.scan -- /Users/hectorgarcia/Downloads/Xcode.app/Contents/Developer/Toolchains/XcodeDefault.xctoolchain/usr/bin/clang -x objective-c -ivfsstatcache /Users/hectorgarcia/Library/Developer/Xcode/DerivedData/SDKStatCaches.noindex/iphonesimulator26.2-23C53-823d3e8b6e60bc2018c189d3ca05ba9b.sdkstatcache -fmessage-length\=0 -fdiagnostics-show-note-include-stack -fmacro-backtrace-limit\=0 -fno-color-diagnostics -fmodules-prune-interval\=86400 -fmodules-prune-after\=345600 -fbuild-session-file\=/Users/hectorgarcia/Library/Developer/Xcode/DerivedData/ModuleCache.noindex/Session.modulevalidation -fmodules-validate-once-per-build-session -Wnon-modular-include-in-framework-module -Werror\=non-modular-include-in-framework-module -Wno-trigraphs -Wno-missing-field-initializers -Wno-missing-prototypes -Wno-return-type -Wno-implicit-atomic-properties -Wno-objc-interface-ivars -Wno-arc-repeated-use-of-weak -Wno-missing-braces -Wparentheses -Wswitch -Wno-unused-function -Wno-unused-label -Wno-unused-parameter -Wno-unused-variable -Wunused-value -Wno-empty-body -Wno-uninitialized -Wno-unknown-pragmas -w -Wno-shadow -Wno-four-char-constants -Wno-conversion -Wno-constant-conversion -Wno-int-conversion -Wno-bool-conversion -Wno-enum-conversion -Wno-float-conversion -Wno-non-literal-null-conversion -Wno-objc-literal-conversion -Wshorten-64-to-32 -Wpointer-sign -Wno-newline-eof -Wno-selector -Wno-strict-selector-match -Wno-undeclared-selector -Wno-deprecated-implementations -Wno-implicit-fallthrough -fstrict-aliasing -Wprotocol -Wdeprecated-declarations -Wno-sign-conversion -Wno-infinite-recursion -Wno-comma -Wno-block-capture-autoreleasing -Wno-strict-prototypes -Wno-semicolon-before-method-body -index-store-path /Users/hectorgarcia/Library/Developer/Xcode/DerivedData/Lyo-eagkiegzrakogpczynhkaholsscs/Index.noindex/DataStore @/Users/hectorgarcia/Library/Developer/Xcode/DerivedData/Build/Intermediates.noindex/GoogleSignIn.build/Debug-iphonesimulator/GoogleSignIn.build/Objects-normal/x86_64/e6072d4f65d7061329687fe24e3d63a7-common-args.resp -include /Users/hectorgarcia/Library/Developer/Xcode/DerivedData/Build/Intermediates.noindex/GoogleSignIn.build/Debug-iphonesimulator/GoogleSignIn.build/DerivedSources/resource_bundle_accessor.h -MMD -MT dependencies -MF /Users/hectorgarcia/Library/Developer/Xcode/DerivedData/Build/Intermediates.noindex/GoogleSignIn.build/Debug-iphonesimulator/GoogleSignIn.build/Objects-normal/x86_64/GIDAuthentication.d --serialize-diagnostics /Users/hectorgarcia/Library/Developer/Xcode/DerivedData/Build/Intermediates.noindex/GoogleSignIn.build/Debug-iphonesimulator/GoogleSignIn.build/Objects-normal/x86_64/GIDAuthentication.dia -c /Users/hectorgarcia/Library/Developer/Xcode/DerivedData/Lyo-eagkiegzrakogpczynhkaholsscs/SourcePackages/checkouts/GoogleSignIn-iOS/GoogleSignIn/Sources/GIDAuthentication.m -o /Users/hectorgarcia/Library/Developer/Xcode/DerivedData/Build/Intermediates.noindex/GoogleSignIn.build/Debug-iphonesimulator/GoogleSignIn.build/Objects-normal/x86_64/GIDAuthentication.o -index-unit-output-path /GoogleSignIn.build/Debug-iphonesimulator/GoogleSignIn.build/Objects-normal/x86_64/GIDAuthentication.o

ScanDependencies /Users/hectorgarcia/Library/Developer/Xcode/DerivedData/Build/Intermediates.noindex/GoogleSignIn.build/Debug-iphonesimulator/GoogleSignIn.build/Objects-normal/x86_64/GIDAuthStateMigration.o /Users/hectorgarcia/Library/Developer/Xcode/DerivedData/Lyo-eagkiegzrakogpczynhkaholsscs/SourcePackages/checkouts/GoogleSignIn-iOS/GoogleSignIn/Sources/GIDAuthStateMigration.m normal x86_64 objective-c com.apple.compilers.llvm.clang.1_0.compiler (in target 'GoogleSignIn' from project 'GoogleSignIn')
    cd /Users/hectorgarcia/LYO_Da_ONE/Lyo.xcodeproj
    
    Using response file: /Users/hectorgarcia/Library/Developer/Xcode/DerivedData/Build/Intermediates.noindex/GoogleSignIn.build/Debug-iphonesimulator/GoogleSignIn.build/Objects-normal/x86_64/e6072d4f65d7061329687fe24e3d63a7-common-args.resp
    
    builtin-ScanDependencies -o /Users/hectorgarcia/Library/Developer/Xcode/DerivedData/Build/Intermediates.noindex/GoogleSignIn.build/Debug-iphonesimulator/GoogleSignIn.build/Objects-normal/x86_64/GIDAuthStateMigration.o.scan -- /Users/hectorgarcia/Downloads/Xcode.app/Contents/Developer/Toolchains/XcodeDefault.xctoolchain/usr/bin/clang -x objective-c -ivfsstatcache /Users/hectorgarcia/Library/Developer/Xcode/DerivedData/SDKStatCaches.noindex/iphonesimulator26.2-23C53-823d3e8b6e60bc2018c189d3ca05ba9b.sdkstatcache -fmessage-length\=0 -fdiagnostics-show-note-include-stack -fmacro-backtrace-limit\=0 -fno-color-diagnostics -fmodules-prune-interval\=86400 -fmodules-prune-after\=345600 -fbuild-session-file\=/Users/hectorgarcia/Library/Developer/Xcode/DerivedData/ModuleCache.noindex/Session.modulevalidation -fmodules-validate-once-per-build-session -Wnon-modular-include-in-framework-module -Werror\=non-modular-include-in-framework-module -Wno-trigraphs -Wno-missing-field-initializers -Wno-missing-prototypes -Wno-return-type -Wno-implicit-atomic-properties -Wno-objc-interface-ivars -Wno-arc-repeated-use-of-weak -Wno-missing-braces -Wparentheses -Wswitch -Wno-unused-function -Wno-unused-label -Wno-unused-parameter -Wno-unused-variable -Wunused-value -Wno-empty-body -Wno-uninitialized -Wno-unknown-pragmas -w -Wno-shadow -Wno-four-char-constants -Wno-conversion -Wno-constant-conversion -Wno-int-conversion -Wno-bool-conversion -Wno-enum-conversion -Wno-float-conversion -Wno-non-literal-null-conversion -Wno-objc-literal-conversion -Wshorten-64-to-32 -Wpointer-sign -Wno-newline-eof -Wno-selector -Wno-strict-selector-match -Wno-undeclared-selector -Wno-deprecated-implementations -Wno-implicit-fallthrough -fstrict-aliasing -Wprotocol -Wdeprecated-declarations -Wno-sign-conversion -Wno-infinite-recursion -Wno-comma -Wno-block-capture-autoreleasing -Wno-strict-prototypes -Wno-semicolon-before-method-body -index-store-path /Users/hectorgarcia/Library/Developer/Xcode/DerivedData/Lyo-eagkiegzrakogpczynhkaholsscs/Index.noindex/DataStore @/Users/hectorgarcia/Library/Developer/Xcode/DerivedData/Build/Intermediates.noindex/GoogleSignIn.build/Debug-iphonesimulator/GoogleSignIn.build/Objects-normal/x86_64/e6072d4f65d7061329687fe24e3d63a7-common-args.resp -include /Users/hectorgarcia/Library/Developer/Xcode/DerivedData/Build/Intermediates.noindex/GoogleSignIn.build/Debug-iphonesimulator/GoogleSignIn.build/DerivedSources/resource_bundle_accessor.h -MMD -MT dependencies -MF /Users/hectorgarcia/Library/Developer/Xcode/DerivedData/Build/Intermediates.noindex/GoogleSignIn.build/Debug-iphonesimulator/GoogleSignIn.build/Objects-normal/x86_64/GIDAuthStateMigration.d --serialize-diagnostics /Users/hectorgarcia/Library/Developer/Xcode/DerivedData/Build/Intermediates.noindex/GoogleSignIn.build/Debug-iphonesimulator/GoogleSignIn.build/Objects-normal/x86_64/GIDAuthStateMigration.dia -c /Users/hectorgarcia/Library/Developer/Xcode/DerivedData/Lyo-eagkiegzrakogpczynhkaholsscs/SourcePackages/checkouts/GoogleSignIn-iOS/GoogleSignIn/Sources/GIDAuthStateMigration.m -o /Users/hectorgarcia/Library/Developer/Xcode/DerivedData/Build/Intermediates.noindex/GoogleSignIn.build/Debug-iphonesimulator/GoogleSignIn.build/Objects-normal/x86_64/GIDAuthStateMigration.o -index-unit-output-path /GoogleSignIn.build/Debug-iphonesimulator/GoogleSignIn.build/Objects-normal/x86_64/GIDAuthStateMigration.o

SwiftDriver\ Compilation FirebaseCoreInternal normal x86_64 com.apple.xcode.tools.swift.compiler (in target 'FirebaseCoreInternal' from project 'Firebase')
    cd /Users/hectorgarcia/LYO_Da_ONE/Lyo.xcodeproj
    builtin-Swift-Compilation -- /Users/hectorgarcia/Downloads/Xcode.app/Contents/Developer/Toolchains/XcodeDefault.xctoolchain/usr/bin/swiftc -module-name FirebaseCoreInternal -Onone -enforce-exclusivity\=checked @/Users/hectorgarcia/Library/Developer/Xcode/DerivedData/Build/Intermediates.noindex/Firebase.build/Debug-iphonesimulator/FirebaseCoreInternal.build/Objects-normal/x86_64/FirebaseCoreInternal.SwiftFileList -DSWIFT_PACKAGE -DDEBUG -DSWIFT_MODULE_RESOURCE_BUNDLE_AVAILABLE -Xcc -fmodule-map-file\=/Users/hectorgarcia/Library/Developer/Xcode/DerivedData/Build/Intermediates.noindex/GeneratedModuleMaps-iphonesimulator/GoogleUtilities-NSData.modulemap -DXcode -plugin-path /Users/hectorgarcia/Downloads/Xcode.app/Contents/Developer/Toolchains/XcodeDefault.xctoolchain/usr/lib/swift/host/plugins/testing -enable-experimental-feature DebugDescriptionMacro -sdk /Users/hectorgarcia/Downloads/Xcode.app/Contents/Developer/Platforms/iPhoneSimulator.platform/Developer/SDKs/iPhoneSimulator26.2.sdk -target x86_64-apple-ios12.0-simulator -g -module-cache-path /Users/hectorgarcia/Library/Developer/Xcode/DerivedData/ModuleCache.noindex -Xfrontend -serialize-debugging-options -enable-testing -suppress-warnings -index-store-path /Users/hectorgarcia/Library/Developer/Xcode/DerivedData/Lyo-eagkiegzrakogpczynhkaholsscs/Index.noindex/DataStore -Xcc -D_LIBCPP_HARDENING_MODE\=_LIBCPP_HARDENING_MODE_DEBUG -swift-version 5 -I /Users/hectorgarcia/Library/Developer/Xcode/DerivedData/Build/Products/Debug-iphonesimulator -Isystem /Users/hectorgarcia/Downloads/Xcode.app/Contents/Developer/Platforms/iPhoneSimulator.platform/Developer/usr/lib -F /Users/hectorgarcia/Library/Developer/Xcode/DerivedData/Build/Products/Debug-iphonesimulator/PackageFrameworks -F /Users/hectorgarcia/Library/Developer/Xcode/DerivedData/Build/Products/Debug-iphonesimulator -F /Users/hectorgarcia/Downloads/Xcode.app/Contents/Developer/Platforms/iPhoneSimulator.platform/Developer/Library/Frameworks -F /Users/hectorgarcia/Downloads/Xcode.app/Contents/Developer/Platforms/iPhoneSimulator.platform/Developer/SDKs/iPhoneSimulator26.2.sdk/Developer/Library/Frameworks -c -j8 -enable-batch-mode -incremental -Xcc -ivfsstatcache -Xcc /Users/hectorgarcia/Library/Developer/Xcode/DerivedData/SDKStatCaches.noindex/iphonesimulator26.2-23C53-823d3e8b6e60bc2018c189d3ca05ba9b.sdkstatcache -output-file-map /Users/hectorgarcia/Library/Developer/Xcode/DerivedData/Build/Intermediates.noindex/Firebase.build/Debug-iphonesimulator/FirebaseCoreInternal.build/Objects-normal/x86_64/FirebaseCoreInternal-OutputFileMap.json -use-frontend-parseable-output -save-temps -no-color-diagnostics -explicit-module-build -module-cache-path /Users/hectorgarcia/Library/Developer/Xcode/DerivedData/Build/Intermediates.noindex/SwiftExplicitPrecompiledModules -clang-scanner-module-cache-path /Users/hectorgarcia/Library/Developer/Xcode/DerivedData/ModuleCache.noindex -sdk-module-cache-path /Users/hectorgarcia/Library/Developer/Xcode/DerivedData/ModuleCache.noindex -serialize-diagnostics -emit-dependencies -emit-module -emit-module-path /Users/hectorgarcia/Library/Developer/Xcode/DerivedData/Build/Intermediates.noindex/Firebase.build/Debug-iphonesimulator/FirebaseCoreInternal.build/Objects-normal/x86_64/FirebaseCoreInternal.swiftmodule -validate-clang-modules-once -clang-build-session-file /Users/hectorgarcia/Library/Developer/Xcode/DerivedData/ModuleCache.noindex/Session.modulevalidation -Xcc -I/Users/hectorgarcia/Library/Developer/Xcode/DerivedData/Build/Intermediates.noindex/Firebase.build/Debug-iphonesimulator/FirebaseCoreInternal.build/swift-overrides.hmap -emit-const-values -Xfrontend -const-gather-protocols-file -Xfrontend /Users/hectorgarcia/Library/Developer/Xcode/DerivedData/Build/Intermediates.noindex/Firebase.build/Debug-iphonesimulator/FirebaseCoreInternal.build/Objects-normal/x86_64/FirebaseCoreInternal_const_extract_protocols.json -Xcc -I/Users/hectorgarcia/Library/Developer/Xcode/DerivedData/Lyo-eagkiegzrakogpczynhkaholsscs/SourcePackages/checkouts/GoogleUtilities/GoogleUtilities/NSData+zlib/Public -Xcc -I/Users/hectorgarcia/Library/Developer/Xcode/DerivedData/Build/Products/Debug-iphonesimulator/include -Xcc -I/Users/hectorgarcia/Library/Developer/Xcode/DerivedData/Build/Intermediates.noindex/Firebase.build/Debug-iphonesimulator/FirebaseCoreInternal.build/DerivedSources-normal/x86_64 -Xcc -I/Users/hectorgarcia/Library/Developer/Xcode/DerivedData/Build/Intermediates.noindex/Firebase.build/Debug-iphonesimulator/FirebaseCoreInternal.build/DerivedSources/x86_64 -Xcc -I/Users/hectorgarcia/Library/Developer/Xcode/DerivedData/Build/Intermediates.noindex/Firebase.build/Debug-iphonesimulator/FirebaseCoreInternal.build/DerivedSources -Xcc -DSWIFT_PACKAGE -Xcc -DDEBUG\=1 -emit-objc-header -emit-objc-header-path /Users/hectorgarcia/Library/Developer/Xcode/DerivedData/Build/Intermediates.noindex/Firebase.build/Debug-iphonesimulator/FirebaseCoreInternal.build/Objects-normal/x86_64/FirebaseCoreInternal-Swift.h -working-directory /Users/hectorgarcia/LYO_Da_ONE/Lyo.xcodeproj -experimental-emit-module-separately -disable-cmo

CodeSign /Users/hectorgarcia/Library/Developer/Xcode/DerivedData/Build/Products/Debug-iphonesimulator/Firebase_FirebaseCore.bundle (in target 'Firebase_FirebaseCore' from project 'Firebase')
    cd /Users/hectorgarcia/Library/Developer/Xcode/DerivedData/Lyo-eagkiegzrakogpczynhkaholsscs/SourcePackages/checkouts/firebase-ios-sdk
    
    Signing Identity:     "Sign to Run Locally"
    
    /usr/bin/codesign --force --sign - --timestamp\=none --generate-entitlement-der /Users/hectorgarcia/Library/Developer/Xcode/DerivedData/Build/Products/Debug-iphonesimulator/Firebase_FirebaseCore.bundle

ExtractAppIntentsMetadata (in target 'FirebaseRemoteConfigInterop' from project 'Firebase')
    cd /Users/hectorgarcia/Library/Developer/Xcode/DerivedData/Lyo-eagkiegzrakogpczynhkaholsscs/SourcePackages/checkouts/firebase-ios-sdk
    /Users/hectorgarcia/Downloads/Xcode.app/Contents/Developer/Toolchains/XcodeDefault.xctoolchain/usr/bin/appintentsmetadataprocessor --toolchain-dir /Users/hectorgarcia/Downloads/Xcode.app/Contents/Developer/Toolchains/XcodeDefault.xctoolchain --module-name FirebaseRemoteConfigInterop --sdk-root /Users/hectorgarcia/Downloads/Xcode.app/Contents/Developer/Platforms/iPhoneSimulator.platform/Developer/SDKs/iPhoneSimulator26.2.sdk --xcode-version 17C52 --platform-family iOS --deployment-target 12.0 --bundle-identifier firebase-ios-sdk.FirebaseRemoteConfigInterop --output /Users/hectorgarcia/Library/Developer/Xcode/DerivedData/Build/Products/Debug-iphonesimulator/FirebaseRemoteConfigInterop.appintents --target-triple x86_64-apple-ios12.0-simulator --binary-file /Users/hectorgarcia/Library/Developer/Xcode/DerivedData/Build/Products/Debug-iphonesimulator/FirebaseRemoteConfigInterop.o --dependency-file /Users/hectorgarcia/Library/Developer/Xcode/DerivedData/Build/Intermediates.noindex/Firebase.build/Debug-iphonesimulator/FirebaseRemoteConfigInterop.build/Objects-normal/x86_64/FirebaseRemoteConfigInterop_dependency_info.dat --stringsdata-file /Users/hectorgarcia/Library/Developer/Xcode/DerivedData/Build/Intermediates.noindex/Firebase.build/Debug-iphonesimulator/FirebaseRemoteConfigInterop.build/Objects-normal/x86_64/ExtractedAppShortcutsMetadata.stringsdata --source-file-list /Users/hectorgarcia/Library/Developer/Xcode/DerivedData/Build/Intermediates.noindex/Firebase.build/Debug-iphonesimulator/FirebaseRemoteConfigInterop.build/Objects-normal/x86_64/FirebaseRemoteConfigInterop.SwiftFileList --metadata-file-list /Users/hectorgarcia/Library/Developer/Xcode/DerivedData/Build/Intermediates.noindex/Firebase.build/Debug-iphonesimulator/FirebaseRemoteConfigInterop.build/FirebaseRemoteConfigInterop.DependencyMetadataFileList --static-metadata-file-list /Users/hectorgarcia/Library/Developer/Xcode/DerivedData/Build/Intermediates.noindex/Firebase.build/Debug-iphonesimulator/FirebaseRemoteConfigInterop.build/FirebaseRemoteConfigInterop.DependencyStaticMetadataFileList --swift-const-vals-list /Users/hectorgarcia/Library/Developer/Xcode/DerivedData/Build/Intermediates.noindex/Firebase.build/Debug-iphonesimulator/FirebaseRemoteConfigInterop.build/Objects-normal/x86_64/FirebaseRemoteConfigInterop.SwiftConstValuesFileList --force --compile-time-extraction --deployment-aware-processing --validate-assistant-intents --no-app-shortcuts-localization
2026-01-31 22:58:53.829 appintentsmetadataprocessor[95847:705843] Starting appintentsmetadataprocessor export
2026-01-31 22:58:57.227 appintentsmetadataprocessor[95847:705843] Extracted no relevant App Intents symbols, skipping writing output

ScanDependencies /Users/hectorgarcia/Library/Developer/Xcode/DerivedData/Build/Intermediates.noindex/Firebase.build/Debug-iphonesimulator/FirebaseSessionsObjC.build/Objects-normal/x86_64/sessions.nanopb.o /Users/hectorgarcia/Library/Developer/Xcode/DerivedData/Lyo-eagkiegzrakogpczynhkaholsscs/SourcePackages/checkouts/firebase-ios-sdk/FirebaseSessions/SourcesObjC/Protogen/nanopb/sessions.nanopb.c normal x86_64 c com.apple.compilers.llvm.clang.1_0.compiler (in target 'FirebaseSessionsObjC' from project 'Firebase')
    cd /Users/hectorgarcia/LYO_Da_ONE/Lyo.xcodeproj
    
    Using response file: /Users/hectorgarcia/Library/Developer/Xcode/DerivedData/Build/Intermediates.noindex/Firebase.build/Debug-iphonesimulator/FirebaseSessionsObjC.build/Objects-normal/x86_64/7187679823f38a2a940e0043cdf9d637-common-args.resp
    
    builtin-ScanDependencies -o /Users/hectorgarcia/Library/Developer/Xcode/DerivedData/Build/Intermediates.noindex/Firebase.build/Debug-iphonesimulator/FirebaseSessionsObjC.build/Objects-normal/x86_64/sessions.nanopb.o.scan -- /Users/hectorgarcia/Downloads/Xcode.app/Contents/Developer/Toolchains/XcodeDefault.xctoolchain/usr/bin/clang -x c -ivfsstatcache /Users/hectorgarcia/Library/Developer/Xcode/DerivedData/SDKStatCaches.noindex/iphonesimulator26.2-23C53-823d3e8b6e60bc2018c189d3ca05ba9b.sdkstatcache -fmessage-length\=0 -fdiagnostics-show-note-include-stack -fmacro-backtrace-limit\=0 -fno-color-diagnostics -fmodules-prune-interval\=86400 -fmodules-prune-after\=345600 -fbuild-session-file\=/Users/hectorgarcia/Library/Developer/Xcode/DerivedData/ModuleCache.noindex/Session.modulevalidation -fmodules-validate-once-per-build-session -Wnon-modular-include-in-framework-module -Werror\=non-modular-include-in-framework-module -Wno-trigraphs -Wno-missing-field-initializers -Wno-missing-prototypes -Wno-return-type -Wno-missing-braces -Wparentheses -Wswitch -Wno-unused-function -Wno-unused-label -Wno-unused-parameter -Wno-unused-variable -Wunused-value -Wno-empty-body -Wno-uninitialized -Wno-unknown-pragmas -w -Wno-shadow -Wno-four-char-constants -Wno-conversion -Wno-constant-conversion -Wno-int-conversion -Wno-bool-conversion -Wno-enum-conversion -Wno-float-conversion -Wno-non-literal-null-conversion -Wno-objc-literal-conversion -Wshorten-64-to-32 -Wpointer-sign -Wno-newline-eof -Wno-implicit-fallthrough -fstrict-aliasing -Wdeprecated-declarations -Wno-sign-conversion -Wno-infinite-recursion -Wno-comma -Wno-block-capture-autoreleasing -Wno-strict-prototypes -Wno-semicolon-before-method-body -index-store-path /Users/hectorgarcia/Library/Developer/Xcode/DerivedData/Lyo-eagkiegzrakogpczynhkaholsscs/Index.noindex/DataStore @/Users/hectorgarcia/Library/Developer/Xcode/DerivedData/Build/Intermediates.noindex/Firebase.build/Debug-iphonesimulator/FirebaseSessionsObjC.build/Objects-normal/x86_64/7187679823f38a2a940e0043cdf9d637-common-args.resp -MMD -MT dependencies -MF /Users/hectorgarcia/Library/Developer/Xcode/DerivedData/Build/Intermediates.noindex/Firebase.build/Debug-iphonesimulator/FirebaseSessionsObjC.build/Objects-normal/x86_64/sessions.nanopb.d --serialize-diagnostics /Users/hectorgarcia/Library/Developer/Xcode/DerivedData/Build/Intermediates.noindex/Firebase.build/Debug-iphonesimulator/FirebaseSessionsObjC.build/Objects-normal/x86_64/sessions.nanopb.dia -c /Users/hectorgarcia/Library/Developer/Xcode/DerivedData/Lyo-eagkiegzrakogpczynhkaholsscs/SourcePackages/checkouts/firebase-ios-sdk/FirebaseSessions/SourcesObjC/Protogen/nanopb/sessions.nanopb.c -o /Users/hectorgarcia/Library/Developer/Xcode/DerivedData/Build/Intermediates.noindex/Firebase.build/Debug-iphonesimulator/FirebaseSessionsObjC.build/Objects-normal/x86_64/sessions.nanopb.o -index-unit-output-path /Firebase.build/Debug-iphonesimulator/FirebaseSessionsObjC.build/Objects-normal/x86_64/sessions.nanopb.o

ScanDependencies /Users/hectorgarcia/Library/Developer/Xcode/DerivedData/Build/Intermediates.noindex/Firebase.build/Debug-iphonesimulator/FirebaseSessionsObjC.build/Objects-normal/x86_64/FIRSESNanoPBHelpers.o /Users/hectorgarcia/Library/Developer/Xcode/DerivedData/Lyo-eagkiegzrakogpczynhkaholsscs/SourcePackages/checkouts/firebase-ios-sdk/FirebaseSessions/SourcesObjC/NanoPB/FIRSESNanoPBHelpers.m normal x86_64 objective-c com.apple.compilers.llvm.clang.1_0.compiler (in target 'FirebaseSessionsObjC' from project 'Firebase')
    cd /Users/hectorgarcia/LYO_Da_ONE/Lyo.xcodeproj
    
    Using response file: /Users/hectorgarcia/Library/Developer/Xcode/DerivedData/Build/Intermediates.noindex/Firebase.build/Debug-iphonesimulator/FirebaseSessionsObjC.build/Objects-normal/x86_64/e6072d4f65d7061329687fe24e3d63a7-common-args.resp
    
    builtin-ScanDependencies -o /Users/hectorgarcia/Library/Developer/Xcode/DerivedData/Build/Intermediates.noindex/Firebase.build/Debug-iphonesimulator/FirebaseSessionsObjC.build/Objects-normal/x86_64/FIRSESNanoPBHelpers.o.scan -- /Users/hectorgarcia/Downloads/Xcode.app/Contents/Developer/Toolchains/XcodeDefault.xctoolchain/usr/bin/clang -x objective-c -ivfsstatcache /Users/hectorgarcia/Library/Developer/Xcode/DerivedData/SDKStatCaches.noindex/iphonesimulator26.2-23C53-823d3e8b6e60bc2018c189d3ca05ba9b.sdkstatcache -fmessage-length\=0 -fdiagnostics-show-note-include-stack -fmacro-backtrace-limit\=0 -fno-color-diagnostics -fmodules-prune-interval\=86400 -fmodules-prune-after\=345600 -fbuild-session-file\=/Users/hectorgarcia/Library/Developer/Xcode/DerivedData/ModuleCache.noindex/Session.modulevalidation -fmodules-validate-once-per-build-session -Wnon-modular-include-in-framework-module -Werror\=non-modular-include-in-framework-module -Wno-trigraphs -Wno-missing-field-initializers -Wno-missing-prototypes -Wno-return-type -Wno-implicit-atomic-properties -Wno-objc-interface-ivars -Wno-arc-repeated-use-of-weak -Wno-missing-braces -Wparentheses -Wswitch -Wno-unused-function -Wno-unused-label -Wno-unused-parameter -Wno-unused-variable -Wunused-value -Wno-empty-body -Wno-uninitialized -Wno-unknown-pragmas -w -Wno-shadow -Wno-four-char-constants -Wno-conversion -Wno-constant-conversion -Wno-int-conversion -Wno-bool-conversion -Wno-enum-conversion -Wno-float-conversion -Wno-non-literal-null-conversion -Wno-objc-literal-conversion -Wshorten-64-to-32 -Wpointer-sign -Wno-newline-eof -Wno-selector -Wno-strict-selector-match -Wno-undeclared-selector -Wno-deprecated-implementations -Wno-implicit-fallthrough -fstrict-aliasing -Wprotocol -Wdeprecated-declarations -Wno-sign-conversion -Wno-infinite-recursion -Wno-comma -Wno-block-capture-autoreleasing -Wno-strict-prototypes -Wno-semicolon-before-method-body -index-store-path /Users/hectorgarcia/Library/Developer/Xcode/DerivedData/Lyo-eagkiegzrakogpczynhkaholsscs/Index.noindex/DataStore @/Users/hectorgarcia/Library/Developer/Xcode/DerivedData/Build/Intermediates.noindex/Firebase.build/Debug-iphonesimulator/FirebaseSessionsObjC.build/Objects-normal/x86_64/e6072d4f65d7061329687fe24e3d63a7-common-args.resp -MMD -MT dependencies -MF /Users/hectorgarcia/Library/Developer/Xcode/DerivedData/Build/Intermediates.noindex/Firebase.build/Debug-iphonesimulator/FirebaseSessionsObjC.build/Objects-normal/x86_64/FIRSESNanoPBHelpers.d --serialize-diagnostics /Users/hectorgarcia/Library/Developer/Xcode/DerivedData/Build/Intermediates.noindex/Firebase.build/Debug-iphonesimulator/FirebaseSessionsObjC.build/Objects-normal/x86_64/FIRSESNanoPBHelpers.dia -c /Users/hectorgarcia/Library/Developer/Xcode/DerivedData/Lyo-eagkiegzrakogpczynhkaholsscs/SourcePackages/checkouts/firebase-ios-sdk/FirebaseSessions/SourcesObjC/NanoPB/FIRSESNanoPBHelpers.m -o /Users/hectorgarcia/Library/Developer/Xcode/DerivedData/Build/Intermediates.noindex/Firebase.build/Debug-iphonesimulator/FirebaseSessionsObjC.build/Objects-normal/x86_64/FIRSESNanoPBHelpers.o -index-unit-output-path /Firebase.build/Debug-iphonesimulator/FirebaseSessionsObjC.build/Objects-normal/x86_64/FIRSESNanoPBHelpers.o

CodeSign /Users/hectorgarcia/Library/Developer/Xcode/DerivedData/Build/Products/Debug-iphonesimulator/Firebase_FirebaseAuth.bundle (in target 'Firebase_FirebaseAuth' from project 'Firebase')
    cd /Users/hectorgarcia/Library/Developer/Xcode/DerivedData/Lyo-eagkiegzrakogpczynhkaholsscs/SourcePackages/checkouts/firebase-ios-sdk
    
    Signing Identity:     "Sign to Run Locally"
    
    /usr/bin/codesign --force --sign - --timestamp\=none --generate-entitlement-der /Users/hectorgarcia/Library/Developer/Xcode/DerivedData/Build/Products/Debug-iphonesimulator/Firebase_FirebaseAuth.bundle

RegisterExecutionPolicyException /Users/hectorgarcia/Library/Developer/Xcode/DerivedData/Build/Products/Debug-iphonesimulator/Firebase_FirebaseCore.bundle (in target 'Firebase_FirebaseCore' from project 'Firebase')
    cd /Users/hectorgarcia/Library/Developer/Xcode/DerivedData/Lyo-eagkiegzrakogpczynhkaholsscs/SourcePackages/checkouts/firebase-ios-sdk
    builtin-RegisterExecutionPolicyException /Users/hectorgarcia/Library/Developer/Xcode/DerivedData/Build/Products/Debug-iphonesimulator/Firebase_FirebaseCore.bundle

PrecompileModule /Users/hectorgarcia/Library/Developer/Xcode/DerivedData/Build/Intermediates.noindex/ExplicitPrecompiledModules/_Builtin_stddef-9UYAAWPDES68Q9C5BCPHHVGBN.scan
    cd /
    builtin-precompileModule /Users/hectorgarcia/Library/Developer/Xcode/DerivedData/Build/Intermediates.noindex/ExplicitPrecompiledModules/_Builtin_stddef-9UYAAWPDES68Q9C5BCPHHVGBN.scan

PrecompileModule /Users/hectorgarcia/Library/Developer/Xcode/DerivedData/Build/Intermediates.noindex/ExplicitPrecompiledModules/_AvailabilityInternal-36QD5RW6ACLYMO578NOW0LVJL.scan
    cd /
    builtin-precompileModule /Users/hectorgarcia/Library/Developer/Xcode/DerivedData/Build/Intermediates.noindex/ExplicitPrecompiledModules/_AvailabilityInternal-36QD5RW6ACLYMO578NOW0LVJL.scan

PrecompileModule /Users/hectorgarcia/Library/Developer/Xcode/DerivedData/Build/Intermediates.noindex/ExplicitPrecompiledModules/ptrcheck-4UMK0R2U81OKVKRQ4F2PQR5MS.scan
    cd /
    builtin-precompileModule /Users/hectorgarcia/Library/Developer/Xcode/DerivedData/Build/Intermediates.noindex/ExplicitPrecompiledModules/ptrcheck-4UMK0R2U81OKVKRQ4F2PQR5MS.scan

PrecompileModule /Users/hectorgarcia/Library/Developer/Xcode/DerivedData/Build/Intermediates.noindex/ExplicitPrecompiledModules/_Builtin_stdarg-4GYZ1IFH37L32QL1SU1X3K31H.scan
    cd /
    builtin-precompileModule /Users/hectorgarcia/Library/Developer/Xcode/DerivedData/Build/Intermediates.noindex/ExplicitPrecompiledModules/_Builtin_stdarg-4GYZ1IFH37L32QL1SU1X3K31H.scan

PrecompileModule /Users/hectorgarcia/Library/Developer/Xcode/DerivedData/Build/Intermediates.noindex/ExplicitPrecompiledModules/_Builtin_stdbool-46O63GRS25VNZTQ87YXCKB8JP.scan
    cd /
    builtin-precompileModule /Users/hectorgarcia/Library/Developer/Xcode/DerivedData/Build/Intermediates.noindex/ExplicitPrecompiledModules/_Builtin_stdbool-46O63GRS25VNZTQ87YXCKB8JP.scan

PrecompileModule /Users/hectorgarcia/Library/Developer/Xcode/DerivedData/Build/Intermediates.noindex/ExplicitPrecompiledModules/_DarwinFoundation1-3561A5MAJ1I380EC7C7B9RP8X.scan
    cd /
    builtin-precompileModule /Users/hectorgarcia/Library/Developer/Xcode/DerivedData/Build/Intermediates.noindex/ExplicitPrecompiledModules/_DarwinFoundation1-3561A5MAJ1I380EC7C7B9RP8X.scan

Touch /Users/hectorgarcia/Library/Developer/Xcode/DerivedData/Build/Products/Debug-iphonesimulator/Firebase_FirebaseCore.bundle (in target 'Firebase_FirebaseCore' from project 'Firebase')
    cd /Users/hectorgarcia/Library/Developer/Xcode/DerivedData/Lyo-eagkiegzrakogpczynhkaholsscs/SourcePackages/checkouts/firebase-ios-sdk
    /usr/bin/touch -c /Users/hectorgarcia/Library/Developer/Xcode/DerivedData/Build/Products/Debug-iphonesimulator/Firebase_FirebaseCore.bundle

RegisterExecutionPolicyException /Users/hectorgarcia/Library/Developer/Xcode/DerivedData/Build/Products/Debug-iphonesimulator/Firebase_FirebaseAuth.bundle (in target 'Firebase_FirebaseAuth' from project 'Firebase')
    cd /Users/hectorgarcia/Library/Developer/Xcode/DerivedData/Lyo-eagkiegzrakogpczynhkaholsscs/SourcePackages/checkouts/firebase-ios-sdk
    builtin-RegisterExecutionPolicyException /Users/hectorgarcia/Library/Developer/Xcode/DerivedData/Build/Products/Debug-iphonesimulator/Firebase_FirebaseAuth.bundle

SwiftDriver FirebaseSessions normal x86_64 com.apple.xcode.tools.swift.compiler (in target 'FirebaseSessions' from project 'Firebase')
    cd /Users/hectorgarcia/LYO_Da_ONE/Lyo.xcodeproj
    builtin-SwiftDriver -- /Users/hectorgarcia/Downloads/Xcode.app/Contents/Developer/Toolchains/XcodeDefault.xctoolchain/usr/bin/swiftc -module-name FirebaseSessions -Onone -enforce-exclusivity\=checked @/Users/hectorgarcia/Library/Developer/Xcode/DerivedData/Build/Intermediates.noindex/Firebase.build/Debug-iphonesimulator/FirebaseSessions.build/Objects-normal/x86_64/FirebaseSessions.SwiftFileList -DSWIFT_PACKAGE -DDEBUG -DSWIFT_MODULE_RESOURCE_BUNDLE_UNAVAILABLE -Xcc -fmodule-map-file\=/Users/hectorgarcia/Library/Developer/Xcode/DerivedData/Build/Intermediates.noindex/GeneratedModuleMaps-iphonesimulator/GoogleUtilities-NSData.modulemap -Xcc -fmodule-map-file\=/Users/hectorgarcia/Library/Developer/Xcode/DerivedData/Build/Intermediates.noindex/GeneratedModuleMaps-iphonesimulator/GoogleUtilities-Logger.modulemap -Xcc -fmodule-map-file\=/Users/hectorgarcia/Library/Developer/Xcode/DerivedData/Build/Intermediates.noindex/GeneratedModuleMaps-iphonesimulator/GoogleUtilities-Environment.modulemap -Xcc -fmodule-map-file\=/Users/hectorgarcia/Library/Developer/Xcode/DerivedData/Build/Intermediates.noindex/GeneratedModuleMaps-iphonesimulator/third-party-IsAppEncrypted.modulemap -Xcc -fmodule-map-file\=/Users/hectorgarcia/Library/Developer/Xcode/DerivedData/Build/Intermediates.noindex/GeneratedModuleMaps-iphonesimulator/GoogleUtilities-UserDefaults.modulemap -Xcc -fmodule-map-file\=/Users/hectorgarcia/Library/Developer/Xcode/DerivedData/Build/Intermediates.noindex/GeneratedModuleMaps-iphonesimulator/nanopb.modulemap -Xcc -fmodule-map-file\=/Users/hectorgarcia/Library/Developer/Xcode/DerivedData/Build/Intermediates.noindex/GeneratedModuleMaps-iphonesimulator/GoogleDataTransport.modulemap -Xcc -fmodule-map-file\=/Users/hectorgarcia/Library/Developer/Xcode/DerivedData/Build/Intermediates.noindex/GeneratedModuleMaps-iphonesimulator/FirebaseSessionsObjC.modulemap -Xcc -fmodule-map-file\=/Users/hectorgarcia/Library/Developer/Xcode/DerivedData/Build/Intermediates.noindex/GeneratedModuleMaps-iphonesimulator/FirebaseCoreExtension.modulemap -Xcc -fmodule-map-file\=/Users/hectorgarcia/Library/Developer/Xcode/DerivedData/Build/Intermediates.noindex/GeneratedModuleMaps-iphonesimulator/FirebaseInstallations.modulemap -Xcc -fmodule-map-file\=/Users/hectorgarcia/Library/Developer/Xcode/DerivedData/Build/Intermediates.noindex/GeneratedModuleMaps-iphonesimulator/FirebaseCore.modulemap -DXcode -plugin-path /Users/hectorgarcia/Downloads/Xcode.app/Contents/Developer/Toolchains/XcodeDefault.xctoolchain/usr/lib/swift/host/plugins/testing -enable-experimental-feature DebugDescriptionMacro -sdk /Users/hectorgarcia/Downloads/Xcode.app/Contents/Developer/Platforms/iPhoneSimulator.platform/Developer/SDKs/iPhoneSimulator26.2.sdk -target x86_64-apple-ios12.0-simulator -g -module-cache-path /Users/hectorgarcia/Library/Developer/Xcode/DerivedData/ModuleCache.noindex -Xfrontend -serialize-debugging-options -enable-testing -suppress-warnings -index-store-path /Users/hectorgarcia/Library/Developer/Xcode/DerivedData/Lyo-eagkiegzrakogpczynhkaholsscs/Index.noindex/DataStore -Xcc -D_LIBCPP_HARDENING_MODE\=_LIBCPP_HARDENING_MODE_DEBUG -swift-version 5 -I /Users/hectorgarcia/Library/Developer/Xcode/DerivedData/Build/Products/Debug-iphonesimulator -Isystem /Users/hectorgarcia/Downloads/Xcode.app/Contents/Developer/Platforms/iPhoneSimulator.platform/Developer/usr/lib -F /Users/hectorgarcia/Library/Developer/Xcode/DerivedData/Build/Products/Debug-iphonesimulator/PackageFrameworks -F /Users/hectorgarcia/Library/Developer/Xcode/DerivedData/Build/Products/Debug-iphonesimulator/PackageFrameworks -F /Users/hectorgarcia/Library/Developer/Xcode/DerivedData/Build/Products/Debug-iphonesimulator/PackageFrameworks -F /Users/hectorgarcia/Library/Developer/Xcode/DerivedData/Build/Products/Debug-iphonesimulator/PackageFrameworks -F /Users/hectorgarcia/Library/Developer/Xcode/DerivedData/Build/Products/Debug-iphonesimulator/PackageFrameworks -F /Users/hectorgarcia/Library/Developer/Xcode/DerivedData/Build/Products/Debug-iphonesimulator/PackageFrameworks -F /Users/hectorgarcia/Library/Developer/Xcode/DerivedData/Build/Products/Debug-iphonesimulator/PackageFrameworks -F /Users/hectorgarcia/Library/Developer/Xcode/DerivedData/Build/Products/Debug-iphonesimulator/PackageFrameworks -F /Users/hectorgarcia/Library/Developer/Xcode/DerivedData/Build/Products/Debug-iphonesimulator/PackageFrameworks -F /Users/hectorgarcia/Library/Developer/Xcode/DerivedData/Build/Products/Debug-iphonesimulator/PackageFrameworks -F /Users/hectorgarcia/Library/Developer/Xcode/DerivedData/Build/Products/Debug-iphonesimulator/PackageFrameworks -F /Users/hectorgarcia/Library/Developer/Xcode/DerivedData/Build/Products/Debug-iphonesimulator/PackageFrameworks -F /Users/hectorgarcia/Library/Developer/Xcode/DerivedData/Build/Products/Debug-iphonesimulator/PackageFrameworks -F /Users/hectorgarcia/Library/Developer/Xcode/DerivedData/Build/Products/Debug-iphonesimulator/PackageFrameworks -F /Users/hectorgarcia/Library/Developer/Xcode/DerivedData/Build/Products/Debug-iphonesimulator/PackageFrameworks -F /Users/hectorgarcia/Library/Developer/Xcode/DerivedData/Build/Products/Debug-iphonesimulator -F /Users/hectorgarcia/Downloads/Xcode.app/Contents/Developer/Platforms/iPhoneSimulator.platform/Developer/Library/Frameworks -F /Users/hectorgarcia/Downloads/Xcode.app/Contents/Developer/Platforms/iPhoneSimulator.platform/Developer/SDKs/iPhoneSimulator26.2.sdk/Developer/Library/Frameworks -c -j8 -enable-batch-mode -incremental -Xcc -ivfsstatcache -Xcc /Users/hectorgarcia/Library/Developer/Xcode/DerivedData/SDKStatCaches.noindex/iphonesimulator26.2-23C53-823d3e8b6e60bc2018c189d3ca05ba9b.sdkstatcache -output-file-map /Users/hectorgarcia/Library/Developer/Xcode/DerivedData/Build/Intermediates.noindex/Firebase.build/Debug-iphonesimulator/FirebaseSessions.build/Objects-normal/x86_64/FirebaseSessions-OutputFileMap.json -use-frontend-parseable-output -save-temps -no-color-diagnostics -explicit-module-build -module-cache-path /Users/hectorgarcia/Library/Developer/Xcode/DerivedData/Build/Intermediates.noindex/SwiftExplicitPrecompiledModules -clang-scanner-module-cache-path /Users/hectorgarcia/Library/Developer/Xcode/DerivedData/ModuleCache.noindex -sdk-module-cache-path /Users/hectorgarcia/Library/Developer/Xcode/DerivedData/ModuleCache.noindex -serialize-diagnostics -emit-dependencies -emit-module -emit-module-path /Users/hectorgarcia/Library/Developer/Xcode/DerivedData/Build/Intermediates.noindex/Firebase.build/Debug-iphonesimulator/FirebaseSessions.build/Objects-normal/x86_64/FirebaseSessions.swiftmodule -validate-clang-modules-once -clang-build-session-file /Users/hectorgarcia/Library/Developer/Xcode/DerivedData/ModuleCache.noindex/Session.modulevalidation -Xcc -I/Users/hectorgarcia/Library/Developer/Xcode/DerivedData/Build/Intermediates.noindex/Firebase.build/Debug-iphonesimulator/FirebaseSessions.build/swift-overrides.hmap -emit-const-values -Xfrontend -const-gather-protocols-file -Xfrontend /Users/hectorgarcia/Library/Developer/Xcode/DerivedData/Build/Intermediates.noindex/Firebase.build/Debug-iphonesimulator/FirebaseSessions.build/Objects-normal/x86_64/FirebaseSessions_const_extract_protocols.json -Xcc -I/Users/hectorgarcia/Library/Developer/Xcode/DerivedData/Lyo-eagkiegzrakogpczynhkaholsscs/SourcePackages/checkouts/GoogleUtilities/GoogleUtilities/NSData+zlib/Public -Xcc -I/Users/hectorgarcia/Library/Developer/Xcode/DerivedData/Lyo-eagkiegzrakogpczynhkaholsscs/SourcePackages/checkouts/GoogleUtilities/GoogleUtilities/Logger/Public -Xcc -I/Users/hectorgarcia/Library/Developer/Xcode/DerivedData/Lyo-eagkiegzrakogpczynhkaholsscs/SourcePackages/checkouts/GoogleUtilities/GoogleUtilities/Environment/Public -Xcc -I/Users/hectorgarcia/Library/Developer/Xcode/DerivedData/Lyo-eagkiegzrakogpczynhkaholsscs/SourcePackages/checkouts/GoogleUtilities/third_party/IsAppEncrypted/Public -Xcc -I/Users/hectorgarcia/Library/Developer/Xcode/DerivedData/Lyo-eagkiegzrakogpczynhkaholsscs/SourcePackages/checkouts/GoogleUtilities/GoogleUtilities/UserDefaults/Public -Xcc -I/Users/hectorgarcia/Library/Developer/Xcode/DerivedData/Lyo-eagkiegzrakogpczynhkaholsscs/SourcePackages/checkouts/nanopb/spm_headers -Xcc -I/Users/hectorgarcia/Library/Developer/Xcode/DerivedData/Lyo-eagkiegzrakogpczynhkaholsscs/SourcePackages/checkouts/promises/Sources/FBLPromises/include -Xcc -I/Users/hectorgarcia/Library/Developer/Xcode/DerivedData/Lyo-eagkiegzrakogpczynhkaholsscs/SourcePackages/checkouts/GoogleDataTransport/GoogleDataTransport/GDTCORLibrary/Public -Xcc -I/Users/hectorgarcia/Library/Developer/Xcode/DerivedData/Lyo-eagkiegzrakogpczynhkaholsscs/SourcePackages/checkouts/firebase-ios-sdk/FirebaseSessions/SourcesObjC -Xcc -I/Users/hectorgarcia/Library/Developer/Xcode/DerivedData/Lyo-eagkiegzrakogpczynhkaholsscs/SourcePackages/checkouts/firebase-ios-sdk/FirebaseCore/Extension -Xcc -I/Users/hectorgarcia/Library/Developer/Xcode/DerivedData/Lyo-eagkiegzrakogpczynhkaholsscs/SourcePackages/checkouts/firebase-ios-sdk/FirebaseInstallations/Source/Library/Public -Xcc -I/Users/hectorgarcia/Library/Developer/Xcode/DerivedData/Lyo-eagkiegzrakogpczynhkaholsscs/SourcePackages/checkouts/firebase-ios-sdk/FirebaseCore/Sources/Public -Xcc -I/Users/hectorgarcia/Library/Developer/Xcode/DerivedData/Lyo-eagkiegzrakogpczynhkaholsscs/SourcePackages/checkouts/firebase-ios-sdk/CoreOnly/Sources -Xcc -I/Users/hectorgarcia/Library/Developer/Xcode/DerivedData/Build/Products/Debug-iphonesimulator/include -Xcc -I/Users/hectorgarcia/Library/Developer/Xcode/DerivedData/Lyo-eagkiegzrakogpczynhkaholsscs/SourcePackages/checkouts/firebase-ios-sdk/FirebaseSessions -Xcc -I/Users/hectorgarcia/Library/Developer/Xcode/DerivedData/Build/Intermediates.noindex/Firebase.build/Debug-iphonesimulator/FirebaseSessions.build/DerivedSources-normal/x86_64 -Xcc -I/Users/hectorgarcia/Library/Developer/Xcode/DerivedData/Build/Intermediates.noindex/Firebase.build/Debug-iphonesimulator/FirebaseSessions.build/DerivedSources/x86_64 -Xcc -I/Users/hectorgarcia/Library/Developer/Xcode/DerivedData/Build/Intermediates.noindex/Firebase.build/Debug-iphonesimulator/FirebaseSessions.build/DerivedSources -Xcc -DSWIFT_PACKAGE -Xcc -DDEBUG\=1 -Xcc -DDISPLAY_VERSION\=10.29.0 -Xcc -DPB_FIELD_32BIT\=1 -Xcc -DPB_NO_PACKED_STRUCTS\=1 -Xcc -DPB_ENABLE_MALLOC\=1 -emit-objc-header -emit-objc-header-path /Users/hectorgarcia/Library/Developer/Xcode/DerivedData/Build/Intermediates.noindex/Firebase.build/Debug-iphonesimulator/FirebaseSessions.build/Objects-normal/x86_64/FirebaseSessions-Swift.h -working-directory /Users/hectorgarcia/LYO_Da_ONE/Lyo.xcodeproj -experimental-emit-module-separately -disable-cmo

Ld /Users/hectorgarcia/Library/Developer/Xcode/DerivedData/Build/Products/Debug-iphonesimulator/FirebaseCoreInternal.o normal (in target 'FirebaseCoreInternal' from project 'Firebase')
    cd /Users/hectorgarcia/Library/Developer/Xcode/DerivedData/Lyo-eagkiegzrakogpczynhkaholsscs/SourcePackages/checkouts/firebase-ios-sdk
    /Users/hectorgarcia/Downloads/Xcode.app/Contents/Developer/Toolchains/XcodeDefault.xctoolchain/usr/bin/clang -Xlinker -reproducible -target x86_64-apple-ios12.0-simulator -r -isysroot /Users/hectorgarcia/Downloads/Xcode.app/Contents/Developer/Platforms/iPhoneSimulator.platform/Developer/SDKs/iPhoneSimulator26.2.sdk -O0 -w -L/Users/hectorgarcia/Library/Developer/Xcode/DerivedData/Build/Intermediates.noindex/EagerLinkingTBDs/Debug-iphonesimulator -L/Users/hectorgarcia/Library/Developer/Xcode/DerivedData/Build/Products/Debug-iphonesimulator -L/Users/hectorgarcia/Downloads/Xcode.app/Contents/Developer/Platforms/iPhoneSimulator.platform/Developer/usr/lib -F/Users/hectorgarcia/Library/Developer/Xcode/DerivedData/Build/Intermediates.noindex/EagerLinkingTBDs/Debug-iphonesimulator -F/Users/hectorgarcia/Library/Developer/Xcode/DerivedData/Build/Products/Debug-iphonesimulator/PackageFrameworks -F/Users/hectorgarcia/Library/Developer/Xcode/DerivedData/Build/Products/Debug-iphonesimulator -iframework /Users/hectorgarcia/Downloads/Xcode.app/Contents/Developer/Platforms/iPhoneSimulator.platform/Developer/Library/Frameworks -iframework /Users/hectorgarcia/Downloads/Xcode.app/Contents/Developer/Platforms/iPhoneSimulator.platform/Developer/SDKs/iPhoneSimulator26.2.sdk/Developer/Library/Frameworks -filelist /Users/hectorgarcia/Library/Developer/Xcode/DerivedData/Build/Intermediates.noindex/Firebase.build/Debug-iphonesimulator/FirebaseCoreInternal.build/Objects-normal/x86_64/FirebaseCoreInternal.LinkFileList -nostdlib -Xlinker -object_path_lto -Xlinker /Users/hectorgarcia/Library/Developer/Xcode/DerivedData/Build/Intermediates.noindex/Firebase.build/Debug-iphonesimulator/FirebaseCoreInternal.build/Objects-normal/x86_64/FirebaseCoreInternal_lto.o -rdynamic -Xlinker -no_deduplicate -Xlinker -objc_abi_version -Xlinker 2 -Xlinker -dependency_info -Xlinker /Users/hectorgarcia/Library/Developer/Xcode/DerivedData/Build/Intermediates.noindex/Firebase.build/Debug-iphonesimulator/FirebaseCoreInternal.build/Objects-normal/x86_64/FirebaseCoreInternal_dependency_info.dat -fobjc-link-runtime -L/Users/hectorgarcia/Downloads/Xcode.app/Contents/Developer/Toolchains/XcodeDefault.xctoolchain/usr/lib/swift/iphonesimulator -L/usr/lib/swift -Xlinker -add_ast_path -Xlinker /Users/hectorgarcia/Library/Developer/Xcode/DerivedData/Build/Intermediates.noindex/Firebase.build/Debug-iphonesimulator/FirebaseCoreInternal.build/Objects-normal/x86_64/FirebaseCoreInternal.swiftmodule @/Users/hectorgarcia/Library/Developer/Xcode/DerivedData/Build/Intermediates.noindex/Firebase.build/Debug-iphonesimulator/FirebaseCoreInternal.build/Objects-normal/x86_64/FirebaseCoreInternal-linker-args.resp -o /Users/hectorgarcia/Library/Developer/Xcode/DerivedData/Build/Products/Debug-iphonesimulator/FirebaseCoreInternal.o

PrecompileModule /Users/hectorgarcia/Library/Developer/Xcode/DerivedData/Build/Intermediates.noindex/ExplicitPrecompiledModules/_Builtin_stdint-AMAF56TAXRKIJY0XIUZAROMAE.scan
    cd /
    builtin-precompileModule /Users/hectorgarcia/Library/Developer/Xcode/DerivedData/Build/Intermediates.noindex/ExplicitPrecompiledModules/_Builtin_stdint-AMAF56TAXRKIJY0XIUZAROMAE.scan

PrecompileModule /Users/hectorgarcia/Library/Developer/Xcode/DerivedData/Build/Intermediates.noindex/ExplicitPrecompiledModules/_DarwinFoundation2-2OQGVHG5ZH4KPAIP8L5U3828J.scan
    cd /
    builtin-precompileModule /Users/hectorgarcia/Library/Developer/Xcode/DerivedData/Build/Intermediates.noindex/ExplicitPrecompiledModules/_DarwinFoundation2-2OQGVHG5ZH4KPAIP8L5U3828J.scan

Touch /Users/hectorgarcia/Library/Developer/Xcode/DerivedData/Build/Products/Debug-iphonesimulator/Firebase_FirebaseAuth.bundle (in target 'Firebase_FirebaseAuth' from project 'Firebase')
    cd /Users/hectorgarcia/Library/Developer/Xcode/DerivedData/Lyo-eagkiegzrakogpczynhkaholsscs/SourcePackages/checkouts/firebase-ios-sdk
    /usr/bin/touch -c /Users/hectorgarcia/Library/Developer/Xcode/DerivedData/Build/Products/Debug-iphonesimulator/Firebase_FirebaseAuth.bundle

ExtractAppIntentsMetadata (in target 'FirebaseCoreInternal' from project 'Firebase')
    cd /Users/hectorgarcia/Library/Developer/Xcode/DerivedData/Lyo-eagkiegzrakogpczynhkaholsscs/SourcePackages/checkouts/firebase-ios-sdk
    /Users/hectorgarcia/Downloads/Xcode.app/Contents/Developer/Toolchains/XcodeDefault.xctoolchain/usr/bin/appintentsmetadataprocessor --toolchain-dir /Users/hectorgarcia/Downloads/Xcode.app/Contents/Developer/Toolchains/XcodeDefault.xctoolchain --module-name FirebaseCoreInternal --sdk-root /Users/hectorgarcia/Downloads/Xcode.app/Contents/Developer/Platforms/iPhoneSimulator.platform/Developer/SDKs/iPhoneSimulator26.2.sdk --xcode-version 17C52 --platform-family iOS --deployment-target 12.0 --bundle-identifier firebase-ios-sdk.FirebaseCoreInternal --output /Users/hectorgarcia/Library/Developer/Xcode/DerivedData/Build/Products/Debug-iphonesimulator/FirebaseCoreInternal.appintents --target-triple x86_64-apple-ios12.0-simulator --binary-file /Users/hectorgarcia/Library/Developer/Xcode/DerivedData/Build/Products/Debug-iphonesimulator/FirebaseCoreInternal.o --dependency-file /Users/hectorgarcia/Library/Developer/Xcode/DerivedData/Build/Intermediates.noindex/Firebase.build/Debug-iphonesimulator/FirebaseCoreInternal.build/Objects-normal/x86_64/FirebaseCoreInternal_dependency_info.dat --stringsdata-file /Users/hectorgarcia/Library/Developer/Xcode/DerivedData/Build/Intermediates.noindex/Firebase.build/Debug-iphonesimulator/FirebaseCoreInternal.build/Objects-normal/x86_64/ExtractedAppShortcutsMetadata.stringsdata --source-file-list /Users/hectorgarcia/Library/Developer/Xcode/DerivedData/Build/Intermediates.noindex/Firebase.build/Debug-iphonesimulator/FirebaseCoreInternal.build/Objects-normal/x86_64/FirebaseCoreInternal.SwiftFileList --metadata-file-list /Users/hectorgarcia/Library/Developer/Xcode/DerivedData/Build/Intermediates.noindex/Firebase.build/Debug-iphonesimulator/FirebaseCoreInternal.build/FirebaseCoreInternal.DependencyMetadataFileList --static-metadata-file-list /Users/hectorgarcia/Library/Developer/Xcode/DerivedData/Build/Intermediates.noindex/Firebase.build/Debug-iphonesimulator/FirebaseCoreInternal.build/FirebaseCoreInternal.DependencyStaticMetadataFileList --swift-const-vals-list /Users/hectorgarcia/Library/Developer/Xcode/DerivedData/Build/Intermediates.noindex/Firebase.build/Debug-iphonesimulator/FirebaseCoreInternal.build/Objects-normal/x86_64/FirebaseCoreInternal.SwiftConstValuesFileList --force --compile-time-extraction --deployment-aware-processing --validate-assistant-intents --no-app-shortcuts-localization
2026-01-31 22:58:54.078 appintentsmetadataprocessor[95862:705892] Starting appintentsmetadataprocessor export
2026-01-31 22:58:57.255 appintentsmetadataprocessor[95862:705892] Extracted no relevant App Intents symbols, skipping writing output

PrecompileModule /Users/hectorgarcia/Library/Developer/Xcode/DerivedData/Build/Intermediates.noindex/ExplicitPrecompiledModules/_Builtin_float-O9KWJT23O18PGDDI4BDYUBAJ.scan
    cd /
    builtin-precompileModule /Users/hectorgarcia/Library/Developer/Xcode/DerivedData/Build/Intermediates.noindex/ExplicitPrecompiledModules/_Builtin_float-O9KWJT23O18PGDDI4BDYUBAJ.scan

PrecompileModule /Users/hectorgarcia/Library/Developer/Xcode/DerivedData/Build/Intermediates.noindex/ExplicitPrecompiledModules/ptrcheck-12YR5RBM4UYZ7W3DKH4C3I2D5.scan
    cd /
    builtin-precompileModule /Users/hectorgarcia/Library/Developer/Xcode/DerivedData/Build/Intermediates.noindex/ExplicitPrecompiledModules/ptrcheck-12YR5RBM4UYZ7W3DKH4C3I2D5.scan

PrecompileModule /Users/hectorgarcia/Library/Developer/Xcode/DerivedData/Build/Intermediates.noindex/ExplicitPrecompiledModules/_Builtin_stdbool-AVYNOPKMTE11LXQ3UCDT21KIJ.scan
    cd /
    builtin-precompileModule /Users/hectorgarcia/Library/Developer/Xcode/DerivedData/Build/Intermediates.noindex/ExplicitPrecompiledModules/_Builtin_stdbool-AVYNOPKMTE11LXQ3UCDT21KIJ.scan

PrecompileModule /Users/hectorgarcia/Library/Developer/Xcode/DerivedData/Build/Intermediates.noindex/ExplicitPrecompiledModules/ptrauth-9C8P6U46D6JFBNCYI26YAP0WR.scan
    cd /
    builtin-precompileModule /Users/hectorgarcia/Library/Developer/Xcode/DerivedData/Build/Intermediates.noindex/ExplicitPrecompiledModules/ptrauth-9C8P6U46D6JFBNCYI26YAP0WR.scan

PrecompileModule /Users/hectorgarcia/Library/Developer/Xcode/DerivedData/Build/Intermediates.noindex/ExplicitPrecompiledModules/_AvailabilityInternal-26QRBHAF69WJZCONDHLGV2IRR.scan
    cd /
    builtin-precompileModule /Users/hectorgarcia/Library/Developer/Xcode/DerivedData/Build/Intermediates.noindex/ExplicitPrecompiledModules/_AvailabilityInternal-26QRBHAF69WJZCONDHLGV2IRR.scan

PrecompileModule /Users/hectorgarcia/Library/Developer/Xcode/DerivedData/Build/Intermediates.noindex/ExplicitPrecompiledModules/_Builtin_stddef-EL1BEG0F70WE7OW4WXFFMWR3W.scan
    cd /
    builtin-precompileModule /Users/hectorgarcia/Library/Developer/Xcode/DerivedData/Build/Intermediates.noindex/ExplicitPrecompiledModules/_Builtin_stddef-EL1BEG0F70WE7OW4WXFFMWR3W.scan

PrecompileModule /Users/hectorgarcia/Library/Developer/Xcode/DerivedData/Build/Intermediates.noindex/ExplicitPrecompiledModules/_DarwinFoundation3-677HJN6HB52Z8M0OOVHZF4ZL7.scan
    cd /
    builtin-precompileModule /Users/hectorgarcia/Library/Developer/Xcode/DerivedData/Build/Intermediates.noindex/ExplicitPrecompiledModules/_DarwinFoundation3-677HJN6HB52Z8M0OOVHZF4ZL7.scan

PrecompileModule /Users/hectorgarcia/Library/Developer/Xcode/DerivedData/Build/Intermediates.noindex/ExplicitPrecompiledModules/_Builtin_stdarg-B6WH88SBMI9BEI1AJ15XLYAAO.scan
    cd /
    builtin-precompileModule /Users/hectorgarcia/Library/Developer/Xcode/DerivedData/Build/Intermediates.noindex/ExplicitPrecompiledModules/_Builtin_stdarg-B6WH88SBMI9BEI1AJ15XLYAAO.scan

ScanDependencies /Users/hectorgarcia/Library/Developer/Xcode/DerivedData/Build/Intermediates.noindex/Firebase.build/Debug-iphonesimulator/FirebaseAppCheckInterop.build/Objects-normal/x86_64/dummy.o /Users/hectorgarcia/Library/Developer/Xcode/DerivedData/Lyo-eagkiegzrakogpczynhkaholsscs/SourcePackages/checkouts/firebase-ios-sdk/FirebaseAppCheck/Interop/dummy.m normal x86_64 objective-c com.apple.compilers.llvm.clang.1_0.compiler (in target 'FirebaseAppCheckInterop' from project 'Firebase')
    cd /Users/hectorgarcia/LYO_Da_ONE/Lyo.xcodeproj
    
    Using response file: /Users/hectorgarcia/Library/Developer/Xcode/DerivedData/Build/Intermediates.noindex/Firebase.build/Debug-iphonesimulator/FirebaseAppCheckInterop.build/Objects-normal/x86_64/e6072d4f65d7061329687fe24e3d63a7-common-args.resp
    
    builtin-ScanDependencies -o /Users/hectorgarcia/Library/Developer/Xcode/DerivedData/Build/Intermediates.noindex/Firebase.build/Debug-iphonesimulator/FirebaseAppCheckInterop.build/Objects-normal/x86_64/dummy.o.scan -- /Users/hectorgarcia/Downloads/Xcode.app/Contents/Developer/Toolchains/XcodeDefault.xctoolchain/usr/bin/clang -x objective-c -ivfsstatcache /Users/hectorgarcia/Library/Developer/Xcode/DerivedData/SDKStatCaches.noindex/iphonesimulator26.2-23C53-823d3e8b6e60bc2018c189d3ca05ba9b.sdkstatcache -fmessage-length\=0 -fdiagnostics-show-note-include-stack -fmacro-backtrace-limit\=0 -fno-color-diagnostics -fmodules-prune-interval\=86400 -fmodules-prune-after\=345600 -fbuild-session-file\=/Users/hectorgarcia/Library/Developer/Xcode/DerivedData/ModuleCache.noindex/Session.modulevalidation -fmodules-validate-once-per-build-session -Wnon-modular-include-in-framework-module -Werror\=non-modular-include-in-framework-module -Wno-trigraphs -Wno-missing-field-initializers -Wno-missing-prototypes -Wno-return-type -Wno-implicit-atomic-properties -Wno-objc-interface-ivars -Wno-arc-repeated-use-of-weak -Wno-missing-braces -Wparentheses -Wswitch -Wno-unused-function -Wno-unused-label -Wno-unused-parameter -Wno-unused-variable -Wunused-value -Wno-empty-body -Wno-uninitialized -Wno-unknown-pragmas -w -Wno-shadow -Wno-four-char-constants -Wno-conversion -Wno-constant-conversion -Wno-int-conversion -Wno-bool-conversion -Wno-enum-conversion -Wno-float-conversion -Wno-non-literal-null-conversion -Wno-objc-literal-conversion -Wshorten-64-to-32 -Wpointer-sign -Wno-newline-eof -Wno-selector -Wno-strict-selector-match -Wno-undeclared-selector -Wno-deprecated-implementations -Wno-implicit-fallthrough -fstrict-aliasing -Wprotocol -Wdeprecated-declarations -Wno-sign-conversion -Wno-infinite-recursion -Wno-comma -Wno-block-capture-autoreleasing -Wno-strict-prototypes -Wno-semicolon-before-method-body -index-store-path /Users/hectorgarcia/Library/Developer/Xcode/DerivedData/Lyo-eagkiegzrakogpczynhkaholsscs/Index.noindex/DataStore @/Users/hectorgarcia/Library/Developer/Xcode/DerivedData/Build/Intermediates.noindex/Firebase.build/Debug-iphonesimulator/FirebaseAppCheckInterop.build/Objects-normal/x86_64/e6072d4f65d7061329687fe24e3d63a7-common-args.resp -MMD -MT dependencies -MF /Users/hectorgarcia/Library/Developer/Xcode/DerivedData/Build/Intermediates.noindex/Firebase.build/Debug-iphonesimulator/FirebaseAppCheckInterop.build/Objects-normal/x86_64/dummy.d --serialize-diagnostics /Users/hectorgarcia/Library/Developer/Xcode/DerivedData/Build/Intermediates.noindex/Firebase.build/Debug-iphonesimulator/FirebaseAppCheckInterop.build/Objects-normal/x86_64/dummy.dia -c /Users/hectorgarcia/Library/Developer/Xcode/DerivedData/Lyo-eagkiegzrakogpczynhkaholsscs/SourcePackages/checkouts/firebase-ios-sdk/FirebaseAppCheck/Interop/dummy.m -o /Users/hectorgarcia/Library/Developer/Xcode/DerivedData/Build/Intermediates.noindex/Firebase.build/Debug-iphonesimulator/FirebaseAppCheckInterop.build/Objects-normal/x86_64/dummy.o -index-unit-output-path /Firebase.build/Debug-iphonesimulator/FirebaseAppCheckInterop.build/Objects-normal/x86_64/dummy.o

PrecompileModule /Users/hectorgarcia/Library/Developer/Xcode/DerivedData/Build/Intermediates.noindex/ExplicitPrecompiledModules/_DarwinFoundation1-76MFL62DM7JLRWEZAE0V6R9K5.scan
    cd /
    builtin-precompileModule /Users/hectorgarcia/Library/Developer/Xcode/DerivedData/Build/Intermediates.noindex/ExplicitPrecompiledModules/_DarwinFoundation1-76MFL62DM7JLRWEZAE0V6R9K5.scan

CompileC /Users/hectorgarcia/Library/Developer/Xcode/DerivedData/Build/Intermediates.noindex/Firebase.build/Debug-iphonesimulator/FirebaseAppCheckInterop.build/Objects-normal/x86_64/dummy.o /Users/hectorgarcia/Library/Developer/Xcode/DerivedData/Lyo-eagkiegzrakogpczynhkaholsscs/SourcePackages/checkouts/firebase-ios-sdk/FirebaseAppCheck/Interop/dummy.m normal x86_64 objective-c com.apple.compilers.llvm.clang.1_0.compiler (in target 'FirebaseAppCheckInterop' from project 'Firebase')
    cd /Users/hectorgarcia/LYO_Da_ONE/Lyo.xcodeproj
    
    Using response file: /Users/hectorgarcia/Library/Developer/Xcode/DerivedData/Build/Intermediates.noindex/Firebase.build/Debug-iphonesimulator/FirebaseAppCheckInterop.build/Objects-normal/x86_64/e6072d4f65d7061329687fe24e3d63a7-common-args.resp
    
    /Users/hectorgarcia/Downloads/Xcode.app/Contents/Developer/Toolchains/XcodeDefault.xctoolchain/usr/bin/clang -x objective-c -ivfsstatcache /Users/hectorgarcia/Library/Developer/Xcode/DerivedData/SDKStatCaches.noindex/iphonesimulator26.2-23C53-823d3e8b6e60bc2018c189d3ca05ba9b.sdkstatcache -fmessage-length\=0 -fdiagnostics-show-note-include-stack -fmacro-backtrace-limit\=0 -fno-color-diagnostics -fmodules-prune-interval\=86400 -fmodules-prune-after\=345600 -fbuild-session-file\=/Users/hectorgarcia/Library/Developer/Xcode/DerivedData/ModuleCache.noindex/Session.modulevalidation -fmodules-validate-once-per-build-session -Wnon-modular-include-in-framework-module -Werror\=non-modular-include-in-framework-module -Wno-trigraphs -Wno-missing-field-initializers -Wno-missing-prototypes -Wno-return-type -Wno-implicit-atomic-properties -Wno-objc-interface-ivars -Wno-arc-repeated-use-of-weak -Wno-missing-braces -Wparentheses -Wswitch -Wno-unused-function -Wno-unused-label -Wno-unused-parameter -Wno-unused-variable -Wunused-value -Wno-empty-body -Wno-uninitialized -Wno-unknown-pragmas -w -Wno-shadow -Wno-four-char-constants -Wno-conversion -Wno-constant-conversion -Wno-int-conversion -Wno-bool-conversion -Wno-enum-conversion -Wno-float-conversion -Wno-non-literal-null-conversion -Wno-objc-literal-conversion -Wshorten-64-to-32 -Wpointer-sign -Wno-newline-eof -Wno-selector -Wno-strict-selector-match -Wno-undeclared-selector -Wno-deprecated-implementations -Wno-implicit-fallthrough -fstrict-aliasing -Wprotocol -Wdeprecated-declarations -Wno-sign-conversion -Wno-infinite-recursion -Wno-comma -Wno-block-capture-autoreleasing -Wno-strict-prototypes -Wno-semicolon-before-method-body -index-store-path /Users/hectorgarcia/Library/Developer/Xcode/DerivedData/Lyo-eagkiegzrakogpczynhkaholsscs/Index.noindex/DataStore @/Users/hectorgarcia/Library/Developer/Xcode/DerivedData/Build/Intermediates.noindex/Firebase.build/Debug-iphonesimulator/FirebaseAppCheckInterop.build/Objects-normal/x86_64/e6072d4f65d7061329687fe24e3d63a7-common-args.resp -MMD -MT dependencies -MF /Users/hectorgarcia/Library/Developer/Xcode/DerivedData/Build/Intermediates.noindex/Firebase.build/Debug-iphonesimulator/FirebaseAppCheckInterop.build/Objects-normal/x86_64/dummy.d --serialize-diagnostics /Users/hectorgarcia/Library/Developer/Xcode/DerivedData/Build/Intermediates.noindex/Firebase.build/Debug-iphonesimulator/FirebaseAppCheckInterop.build/Objects-normal/x86_64/dummy.dia -c /Users/hectorgarcia/Library/Developer/Xcode/DerivedData/Lyo-eagkiegzrakogpczynhkaholsscs/SourcePackages/checkouts/firebase-ios-sdk/FirebaseAppCheck/Interop/dummy.m -o /Users/hectorgarcia/Library/Developer/Xcode/DerivedData/Build/Intermediates.noindex/Firebase.build/Debug-iphonesimulator/FirebaseAppCheckInterop.build/Objects-normal/x86_64/dummy.o -index-unit-output-path /Firebase.build/Debug-iphonesimulator/FirebaseAppCheckInterop.build/Objects-normal/x86_64/dummy.o

Ld /Users/hectorgarcia/Library/Developer/Xcode/DerivedData/Build/Products/Debug-iphonesimulator/FirebaseAppCheckInterop.o normal (in target 'FirebaseAppCheckInterop' from project 'Firebase')
    cd /Users/hectorgarcia/Library/Developer/Xcode/DerivedData/Lyo-eagkiegzrakogpczynhkaholsscs/SourcePackages/checkouts/firebase-ios-sdk
    /Users/hectorgarcia/Downloads/Xcode.app/Contents/Developer/Toolchains/XcodeDefault.xctoolchain/usr/bin/clang -Xlinker -reproducible -target x86_64-apple-ios12.0-simulator -r -isysroot /Users/hectorgarcia/Downloads/Xcode.app/Contents/Developer/Platforms/iPhoneSimulator.platform/Developer/SDKs/iPhoneSimulator26.2.sdk -O0 -w -L/Users/hectorgarcia/Library/Developer/Xcode/DerivedData/Build/Intermediates.noindex/EagerLinkingTBDs/Debug-iphonesimulator -L/Users/hectorgarcia/Library/Developer/Xcode/DerivedData/Build/Products/Debug-iphonesimulator -L/Users/hectorgarcia/Downloads/Xcode.app/Contents/Developer/Platforms/iPhoneSimulator.platform/Developer/usr/lib -F/Users/hectorgarcia/Library/Developer/Xcode/DerivedData/Build/Intermediates.noindex/EagerLinkingTBDs/Debug-iphonesimulator -F/Users/hectorgarcia/Library/Developer/Xcode/DerivedData/Build/Products/Debug-iphonesimulator -iframework /Users/hectorgarcia/Downloads/Xcode.app/Contents/Developer/Platforms/iPhoneSimulator.platform/Developer/Library/Frameworks -iframework /Users/hectorgarcia/Downloads/Xcode.app/Contents/Developer/Platforms/iPhoneSimulator.platform/Developer/SDKs/iPhoneSimulator26.2.sdk/Developer/Library/Frameworks -filelist /Users/hectorgarcia/Library/Developer/Xcode/DerivedData/Build/Intermediates.noindex/Firebase.build/Debug-iphonesimulator/FirebaseAppCheckInterop.build/Objects-normal/x86_64/FirebaseAppCheckInterop.LinkFileList -nostdlib -Xlinker -object_path_lto -Xlinker /Users/hectorgarcia/Library/Developer/Xcode/DerivedData/Build/Intermediates.noindex/Firebase.build/Debug-iphonesimulator/FirebaseAppCheckInterop.build/Objects-normal/x86_64/FirebaseAppCheckInterop_lto.o -rdynamic -Xlinker -no_deduplicate -Xlinker -objc_abi_version -Xlinker 2 -Xlinker -dependency_info -Xlinker /Users/hectorgarcia/Library/Developer/Xcode/DerivedData/Build/Intermediates.noindex/Firebase.build/Debug-iphonesimulator/FirebaseAppCheckInterop.build/Objects-normal/x86_64/FirebaseAppCheckInterop_dependency_info.dat -fobjc-arc -fobjc-link-runtime -o /Users/hectorgarcia/Library/Developer/Xcode/DerivedData/Build/Products/Debug-iphonesimulator/FirebaseAppCheckInterop.o

ScanDependencies /Users/hectorgarcia/Library/Developer/Xcode/DerivedData/Build/Intermediates.noindex/Firebase.build/Debug-iphonesimulator/FirebaseInstallations.build/Objects-normal/x86_64/resource_bundle_accessor.o /Users/hectorgarcia/Library/Developer/Xcode/DerivedData/Build/Intermediates.noindex/Firebase.build/Debug-iphonesimulator/FirebaseInstallations.build/DerivedSources/resource_bundle_accessor.m normal x86_64 objective-c com.apple.compilers.llvm.clang.1_0.compiler (in target 'FirebaseInstallations' from project 'Firebase')
    cd /Users/hectorgarcia/LYO_Da_ONE/Lyo.xcodeproj
    
    Using response file: /Users/hectorgarcia/Library/Developer/Xcode/DerivedData/Build/Intermediates.noindex/Firebase.build/Debug-iphonesimulator/FirebaseInstallations.build/Objects-normal/x86_64/e6072d4f65d7061329687fe24e3d63a7-common-args.resp
    
    builtin-ScanDependencies -o /Users/hectorgarcia/Library/Developer/Xcode/DerivedData/Build/Intermediates.noindex/Firebase.build/Debug-iphonesimulator/FirebaseInstallations.build/Objects-normal/x86_64/resource_bundle_accessor.o.scan -- /Users/hectorgarcia/Downloads/Xcode.app/Contents/Developer/Toolchains/XcodeDefault.xctoolchain/usr/bin/clang -x objective-c -ivfsstatcache /Users/hectorgarcia/Library/Developer/Xcode/DerivedData/SDKStatCaches.noindex/iphonesimulator26.2-23C53-823d3e8b6e60bc2018c189d3ca05ba9b.sdkstatcache -fmessage-length\=0 -fdiagnostics-show-note-include-stack -fmacro-backtrace-limit\=0 -fno-color-diagnostics -fmodules-prune-interval\=86400 -fmodules-prune-after\=345600 -fbuild-session-file\=/Users/hectorgarcia/Library/Developer/Xcode/DerivedData/ModuleCache.noindex/Session.modulevalidation -fmodules-validate-once-per-build-session -Wnon-modular-include-in-framework-module -Werror\=non-modular-include-in-framework-module -Wno-trigraphs -Wno-missing-field-initializers -Wno-missing-prototypes -Wno-return-type -Wno-implicit-atomic-properties -Wno-objc-interface-ivars -Wno-arc-repeated-use-of-weak -Wno-missing-braces -Wparentheses -Wswitch -Wno-unused-function -Wno-unused-label -Wno-unused-parameter -Wno-unused-variable -Wunused-value -Wno-empty-body -Wno-uninitialized -Wno-unknown-pragmas -w -Wno-shadow -Wno-four-char-constants -Wno-conversion -Wno-constant-conversion -Wno-int-conversion -Wno-bool-conversion -Wno-enum-conversion -Wno-float-conversion -Wno-non-literal-null-conversion -Wno-objc-literal-conversion -Wshorten-64-to-32 -Wpointer-sign -Wno-newline-eof -Wno-selector -Wno-strict-selector-match -Wno-undeclared-selector -Wno-deprecated-implementations -Wno-implicit-fallthrough -fstrict-aliasing -Wprotocol -Wdeprecated-declarations -Wno-sign-conversion -Wno-infinite-recursion -Wno-comma -Wno-block-capture-autoreleasing -Wno-strict-prototypes -Wno-semicolon-before-method-body -index-store-path /Users/hectorgarcia/Library/Developer/Xcode/DerivedData/Lyo-eagkiegzrakogpczynhkaholsscs/Index.noindex/DataStore @/Users/hectorgarcia/Library/Developer/Xcode/DerivedData/Build/Intermediates.noindex/Firebase.build/Debug-iphonesimulator/FirebaseInstallations.build/Objects-normal/x86_64/e6072d4f65d7061329687fe24e3d63a7-common-args.resp -include /Users/hectorgarcia/Library/Developer/Xcode/DerivedData/Build/Intermediates.noindex/Firebase.build/Debug-iphonesimulator/FirebaseInstallations.build/DerivedSources/resource_bundle_accessor.h -MMD -MT dependencies -MF /Users/hectorgarcia/Library/Developer/Xcode/DerivedData/Build/Intermediates.noindex/Firebase.build/Debug-iphonesimulator/FirebaseInstallations.build/Objects-normal/x86_64/resource_bundle_accessor.d --serialize-diagnostics /Users/hectorgarcia/Library/Developer/Xcode/DerivedData/Build/Intermediates.noindex/Firebase.build/Debug-iphonesimulator/FirebaseInstallations.build/Objects-normal/x86_64/resource_bundle_accessor.dia -c /Users/hectorgarcia/Library/Developer/Xcode/DerivedData/Build/Intermediates.noindex/Firebase.build/Debug-iphonesimulator/FirebaseInstallations.build/DerivedSources/resource_bundle_accessor.m -o /Users/hectorgarcia/Library/Developer/Xcode/DerivedData/Build/Intermediates.noindex/Firebase.build/Debug-iphonesimulator/FirebaseInstallations.build/Objects-normal/x86_64/resource_bundle_accessor.o -index-unit-output-path /Firebase.build/Debug-iphonesimulator/FirebaseInstallations.build/Objects-normal/x86_64/resource_bundle_accessor.o

ScanDependencies /Users/hectorgarcia/Library/Developer/Xcode/DerivedData/Build/Intermediates.noindex/Firebase.build/Debug-iphonesimulator/FirebaseInstallations.build/Objects-normal/x86_64/FIRInstallationsStoredItem.o /Users/hectorgarcia/Library/Developer/Xcode/DerivedData/Lyo-eagkiegzrakogpczynhkaholsscs/SourcePackages/checkouts/firebase-ios-sdk/FirebaseInstallations/Source/Library/InstallationsStore/FIRInstallationsStoredItem.m normal x86_64 objective-c com.apple.compilers.llvm.clang.1_0.compiler (in target 'FirebaseInstallations' from project 'Firebase')
    cd /Users/hectorgarcia/LYO_Da_ONE/Lyo.xcodeproj
    
    Using response file: /Users/hectorgarcia/Library/Developer/Xcode/DerivedData/Build/Intermediates.noindex/Firebase.build/Debug-iphonesimulator/FirebaseInstallations.build/Objects-normal/x86_64/e6072d4f65d7061329687fe24e3d63a7-common-args.resp
    
    builtin-ScanDependencies -o /Users/hectorgarcia/Library/Developer/Xcode/DerivedData/Build/Intermediates.noindex/Firebase.build/Debug-iphonesimulator/FirebaseInstallations.build/Objects-normal/x86_64/FIRInstallationsStoredItem.o.scan -- /Users/hectorgarcia/Downloads/Xcode.app/Contents/Developer/Toolchains/XcodeDefault.xctoolchain/usr/bin/clang -x objective-c -ivfsstatcache /Users/hectorgarcia/Library/Developer/Xcode/DerivedData/SDKStatCaches.noindex/iphonesimulator26.2-23C53-823d3e8b6e60bc2018c189d3ca05ba9b.sdkstatcache -fmessage-length\=0 -fdiagnostics-show-note-include-stack -fmacro-backtrace-limit\=0 -fno-color-diagnostics -fmodules-prune-interval\=86400 -fmodules-prune-after\=345600 -fbuild-session-file\=/Users/hectorgarcia/Library/Developer/Xcode/DerivedData/ModuleCache.noindex/Session.modulevalidation -fmodules-validate-once-per-build-session -Wnon-modular-include-in-framework-module -Werror\=non-modular-include-in-framework-module -Wno-trigraphs -Wno-missing-field-initializers -Wno-missing-prototypes -Wno-return-type -Wno-implicit-atomic-properties -Wno-objc-interface-ivars -Wno-arc-repeated-use-of-weak -Wno-missing-braces -Wparentheses -Wswitch -Wno-unused-function -Wno-unused-label -Wno-unused-parameter -Wno-unused-variable -Wunused-value -Wno-empty-body -Wno-uninitialized -Wno-unknown-pragmas -w -Wno-shadow -Wno-four-char-constants -Wno-conversion -Wno-constant-conversion -Wno-int-conversion -Wno-bool-conversion -Wno-enum-conversion -Wno-float-conversion -Wno-non-literal-null-conversion -Wno-objc-literal-conversion -Wshorten-64-to-32 -Wpointer-sign -Wno-newline-eof -Wno-selector -Wno-strict-selector-match -Wno-undeclared-selector -Wno-deprecated-implementations -Wno-implicit-fallthrough -fstrict-aliasing -Wprotocol -Wdeprecated-declarations -Wno-sign-conversion -Wno-infinite-recursion -Wno-comma -Wno-block-capture-autoreleasing -Wno-strict-prototypes -Wno-semicolon-before-method-body -index-store-path /Users/hectorgarcia/Library/Developer/Xcode/DerivedData/Lyo-eagkiegzrakogpczynhkaholsscs/Index.noindex/DataStore @/Users/hectorgarcia/Library/Developer/Xcode/DerivedData/Build/Intermediates.noindex/Firebase.build/Debug-iphonesimulator/FirebaseInstallations.build/Objects-normal/x86_64/e6072d4f65d7061329687fe24e3d63a7-common-args.resp -include /Users/hectorgarcia/Library/Developer/Xcode/DerivedData/Build/Intermediates.noindex/Firebase.build/Debug-iphonesimulator/FirebaseInstallations.build/DerivedSources/resource_bundle_accessor.h -MMD -MT dependencies -MF /Users/hectorgarcia/Library/Developer/Xcode/DerivedData/Build/Intermediates.noindex/Firebase.build/Debug-iphonesimulator/FirebaseInstallations.build/Objects-normal/x86_64/FIRInstallationsStoredItem.d --serialize-diagnostics /Users/hectorgarcia/Library/Developer/Xcode/DerivedData/Build/Intermediates.noindex/Firebase.build/Debug-iphonesimulator/FirebaseInstallations.build/Objects-normal/x86_64/FIRInstallationsStoredItem.dia -c /Users/hectorgarcia/Library/Developer/Xcode/DerivedData/Lyo-eagkiegzrakogpczynhkaholsscs/SourcePackages/checkouts/firebase-ios-sdk/FirebaseInstallations/Source/Library/InstallationsStore/FIRInstallationsStoredItem.m -o /Users/hectorgarcia/Library/Developer/Xcode/DerivedData/Build/Intermediates.noindex/Firebase.build/Debug-iphonesimulator/FirebaseInstallations.build/Objects-normal/x86_64/FIRInstallationsStoredItem.o -index-unit-output-path /Firebase.build/Debug-iphonesimulator/FirebaseInstallations.build/Objects-normal/x86_64/FIRInstallationsStoredItem.o

PrecompileModule /Users/hectorgarcia/Library/Developer/Xcode/DerivedData/Build/Intermediates.noindex/ExplicitPrecompiledModules/_Builtin_stdint-8QVY82PNOM2AVJYM3T6GXS069.scan
    cd /
    builtin-precompileModule /Users/hectorgarcia/Library/Developer/Xcode/DerivedData/Build/Intermediates.noindex/ExplicitPrecompiledModules/_Builtin_stdint-8QVY82PNOM2AVJYM3T6GXS069.scan

PrecompileModule /Users/hectorgarcia/Library/Developer/Xcode/DerivedData/Build/Intermediates.noindex/ExplicitPrecompiledModules/_Builtin_limits-UZL9FE7LQVCD6B0AL582N4LZ.scan
    cd /
    builtin-precompileModule /Users/hectorgarcia/Library/Developer/Xcode/DerivedData/Build/Intermediates.noindex/ExplicitPrecompiledModules/_Builtin_limits-UZL9FE7LQVCD6B0AL582N4LZ.scan

PrecompileModule /Users/hectorgarcia/Library/Developer/Xcode/DerivedData/Build/Intermediates.noindex/ExplicitPrecompiledModules/_DarwinFoundation3-EYM0PLRC2J9JR8JRRC2Q5DMJW.scan
    cd /
    builtin-precompileModule /Users/hectorgarcia/Library/Developer/Xcode/DerivedData/Build/Intermediates.noindex/ExplicitPrecompiledModules/_DarwinFoundation3-EYM0PLRC2J9JR8JRRC2Q5DMJW.scan

CompileC /Users/hectorgarcia/Library/Developer/Xcode/DerivedData/Build/Intermediates.noindex/Firebase.build/Debug-iphonesimulator/FirebaseInstallations.build/Objects-normal/x86_64/resource_bundle_accessor.o /Users/hectorgarcia/Library/Developer/Xcode/DerivedData/Build/Intermediates.noindex/Firebase.build/Debug-iphonesimulator/FirebaseInstallations.build/DerivedSources/resource_bundle_accessor.m normal x86_64 objective-c com.apple.compilers.llvm.clang.1_0.compiler (in target 'FirebaseInstallations' from project 'Firebase')
    cd /Users/hectorgarcia/LYO_Da_ONE/Lyo.xcodeproj
    
    Using response file: /Users/hectorgarcia/Library/Developer/Xcode/DerivedData/Build/Intermediates.noindex/Firebase.build/Debug-iphonesimulator/FirebaseInstallations.build/Objects-normal/x86_64/e6072d4f65d7061329687fe24e3d63a7-common-args.resp
    
    /Users/hectorgarcia/Downloads/Xcode.app/Contents/Developer/Toolchains/XcodeDefault.xctoolchain/usr/bin/clang -x objective-c -ivfsstatcache /Users/hectorgarcia/Library/Developer/Xcode/DerivedData/SDKStatCaches.noindex/iphonesimulator26.2-23C53-823d3e8b6e60bc2018c189d3ca05ba9b.sdkstatcache -fmessage-length\=0 -fdiagnostics-show-note-include-stack -fmacro-backtrace-limit\=0 -fno-color-diagnostics -fmodules-prune-interval\=86400 -fmodules-prune-after\=345600 -fbuild-session-file\=/Users/hectorgarcia/Library/Developer/Xcode/DerivedData/ModuleCache.noindex/Session.modulevalidation -fmodules-validate-once-per-build-session -Wnon-modular-include-in-framework-module -Werror\=non-modular-include-in-framework-module -Wno-trigraphs -Wno-missing-field-initializers -Wno-missing-prototypes -Wno-return-type -Wno-implicit-atomic-properties -Wno-objc-interface-ivars -Wno-arc-repeated-use-of-weak -Wno-missing-braces -Wparentheses -Wswitch -Wno-unused-function -Wno-unused-label -Wno-unused-parameter -Wno-unused-variable -Wunused-value -Wno-empty-body -Wno-uninitialized -Wno-unknown-pragmas -w -Wno-shadow -Wno-four-char-constants -Wno-conversion -Wno-constant-conversion -Wno-int-conversion -Wno-bool-conversion -Wno-enum-conversion -Wno-float-conversion -Wno-non-literal-null-conversion -Wno-objc-literal-conversion -Wshorten-64-to-32 -Wpointer-sign -Wno-newline-eof -Wno-selector -Wno-strict-selector-match -Wno-undeclared-selector -Wno-deprecated-implementations -Wno-implicit-fallthrough -fstrict-aliasing -Wprotocol -Wdeprecated-declarations -Wno-sign-conversion -Wno-infinite-recursion -Wno-comma -Wno-block-capture-autoreleasing -Wno-strict-prototypes -Wno-semicolon-before-method-body -index-store-path /Users/hectorgarcia/Library/Developer/Xcode/DerivedData/Lyo-eagkiegzrakogpczynhkaholsscs/Index.noindex/DataStore @/Users/hectorgarcia/Library/Developer/Xcode/DerivedData/Build/Intermediates.noindex/Firebase.build/Debug-iphonesimulator/FirebaseInstallations.build/Objects-normal/x86_64/e6072d4f65d7061329687fe24e3d63a7-common-args.resp -include /Users/hectorgarcia/Library/Developer/Xcode/DerivedData/Build/Intermediates.noindex/Firebase.build/Debug-iphonesimulator/FirebaseInstallations.build/DerivedSources/resource_bundle_accessor.h -MMD -MT dependencies -MF /Users/hectorgarcia/Library/Developer/Xcode/DerivedData/Build/Intermediates.noindex/Firebase.build/Debug-iphonesimulator/FirebaseInstallations.build/Objects-normal/x86_64/resource_bundle_accessor.d --serialize-diagnostics /Users/hectorgarcia/Library/Developer/Xcode/DerivedData/Build/Intermediates.noindex/Firebase.build/Debug-iphonesimulator/FirebaseInstallations.build/Objects-normal/x86_64/resource_bundle_accessor.dia -c /Users/hectorgarcia/Library/Developer/Xcode/DerivedData/Build/Intermediates.noindex/Firebase.build/Debug-iphonesimulator/FirebaseInstallations.build/DerivedSources/resource_bundle_accessor.m -o /Users/hectorgarcia/Library/Developer/Xcode/DerivedData/Build/Intermediates.noindex/Firebase.build/Debug-iphonesimulator/FirebaseInstallations.build/Objects-normal/x86_64/resource_bundle_accessor.o -index-unit-output-path /Firebase.build/Debug-iphonesimulator/FirebaseInstallations.build/Objects-normal/x86_64/resource_bundle_accessor.o

PrecompileModule /Users/hectorgarcia/Library/Developer/Xcode/DerivedData/Build/Intermediates.noindex/ExplicitPrecompiledModules/FirebaseCore-XMD4EGCU3ZHOC0NHHU7ZG4VE.scan
    cd /
    builtin-precompileModule /Users/hectorgarcia/Library/Developer/Xcode/DerivedData/Build/Intermediates.noindex/ExplicitPrecompiledModules/FirebaseCore-XMD4EGCU3ZHOC0NHHU7ZG4VE.scan

PrecompileModule /Users/hectorgarcia/Library/Developer/Xcode/DerivedData/Build/Intermediates.noindex/ExplicitPrecompiledModules/_DarwinFoundation2-E7D03GWKXW98OJQ0XBETMU1OG.scan
    cd /
    builtin-precompileModule /Users/hectorgarcia/Library/Developer/Xcode/DerivedData/Build/Intermediates.noindex/ExplicitPrecompiledModules/_DarwinFoundation2-E7D03GWKXW98OJQ0XBETMU1OG.scan

PrecompileModule /Users/hectorgarcia/Library/Developer/Xcode/DerivedData/Build/Intermediates.noindex/ExplicitPrecompiledModules/_Builtin_inttypes-CGCWWK55VFNYEOUOWZB7FBYGJ.scan
    cd /
    builtin-precompileModule /Users/hectorgarcia/Library/Developer/Xcode/DerivedData/Build/Intermediates.noindex/ExplicitPrecompiledModules/_Builtin_inttypes-CGCWWK55VFNYEOUOWZB7FBYGJ.scan

CompileC /Users/hectorgarcia/Library/Developer/Xcode/DerivedData/Build/Intermediates.noindex/Firebase.build/Debug-iphonesimulator/FirebaseInstallations.build/Objects-normal/x86_64/FIRInstallationsStoredItem.o /Users/hectorgarcia/Library/Developer/Xcode/DerivedData/Lyo-eagkiegzrakogpczynhkaholsscs/SourcePackages/checkouts/firebase-ios-sdk/FirebaseInstallations/Source/Library/InstallationsStore/FIRInstallationsStoredItem.m normal x86_64 objective-c com.apple.compilers.llvm.clang.1_0.compiler (in target 'FirebaseInstallations' from project 'Firebase')
    cd /Users/hectorgarcia/LYO_Da_ONE/Lyo.xcodeproj
    
    Using response file: /Users/hectorgarcia/Library/Developer/Xcode/DerivedData/Build/Intermediates.noindex/Firebase.build/Debug-iphonesimulator/FirebaseInstallations.build/Objects-normal/x86_64/e6072d4f65d7061329687fe24e3d63a7-common-args.resp
    
    /Users/hectorgarcia/Downloads/Xcode.app/Contents/Developer/Toolchains/XcodeDefault.xctoolchain/usr/bin/clang -x objective-c -ivfsstatcache /Users/hectorgarcia/Library/Developer/Xcode/DerivedData/SDKStatCaches.noindex/iphonesimulator26.2-23C53-823d3e8b6e60bc2018c189d3ca05ba9b.sdkstatcache -fmessage-length\=0 -fdiagnostics-show-note-include-stack -fmacro-backtrace-limit\=0 -fno-color-diagnostics -fmodules-prune-interval\=86400 -fmodules-prune-after\=345600 -fbuild-session-file\=/Users/hectorgarcia/Library/Developer/Xcode/DerivedData/ModuleCache.noindex/Session.modulevalidation -fmodules-validate-once-per-build-session -Wnon-modular-include-in-framework-module -Werror\=non-modular-include-in-framework-module -Wno-trigraphs -Wno-missing-field-initializers -Wno-missing-prototypes -Wno-return-type -Wno-implicit-atomic-properties -Wno-objc-interface-ivars -Wno-arc-repeated-use-of-weak -Wno-missing-braces -Wparentheses -Wswitch -Wno-unused-function -Wno-unused-label -Wno-unused-parameter -Wno-unused-variable -Wunused-value -Wno-empty-body -Wno-uninitialized -Wno-unknown-pragmas -w -Wno-shadow -Wno-four-char-constants -Wno-conversion -Wno-constant-conversion -Wno-int-conversion -Wno-bool-conversion -Wno-enum-conversion -Wno-float-conversion -Wno-non-literal-null-conversion -Wno-objc-literal-conversion -Wshorten-64-to-32 -Wpointer-sign -Wno-newline-eof -Wno-selector -Wno-strict-selector-match -Wno-undeclared-selector -Wno-deprecated-implementations -Wno-implicit-fallthrough -fstrict-aliasing -Wprotocol -Wdeprecated-declarations -Wno-sign-conversion -Wno-infinite-recursion -Wno-comma -Wno-block-capture-autoreleasing -Wno-strict-prototypes -Wno-semicolon-before-method-body -index-store-path /Users/hectorgarcia/Library/Developer/Xcode/DerivedData/Lyo-eagkiegzrakogpczynhkaholsscs/Index.noindex/DataStore @/Users/hectorgarcia/Library/Developer/Xcode/DerivedData/Build/Intermediates.noindex/Firebase.build/Debug-iphonesimulator/FirebaseInstallations.build/Objects-normal/x86_64/e6072d4f65d7061329687fe24e3d63a7-common-args.resp -include /Users/hectorgarcia/Library/Developer/Xcode/DerivedData/Build/Intermediates.noindex/Firebase.build/Debug-iphonesimulator/FirebaseInstallations.build/DerivedSources/resource_bundle_accessor.h -MMD -MT dependencies -MF /Users/hectorgarcia/Library/Developer/Xcode/DerivedData/Build/Intermediates.noindex/Firebase.build/Debug-iphonesimulator/FirebaseInstallations.build/Objects-normal/x86_64/FIRInstallationsStoredItem.d --serialize-diagnostics /Users/hectorgarcia/Library/Developer/Xcode/DerivedData/Build/Intermediates.noindex/Firebase.build/Debug-iphonesimulator/FirebaseInstallations.build/Objects-normal/x86_64/FIRInstallationsStoredItem.dia -c /Users/hectorgarcia/Library/Developer/Xcode/DerivedData/Lyo-eagkiegzrakogpczynhkaholsscs/SourcePackages/checkouts/firebase-ios-sdk/FirebaseInstallations/Source/Library/InstallationsStore/FIRInstallationsStoredItem.m -o /Users/hectorgarcia/Library/Developer/Xcode/DerivedData/Build/Intermediates.noindex/Firebase.build/Debug-iphonesimulator/FirebaseInstallations.build/Objects-normal/x86_64/FIRInstallationsStoredItem.o -index-unit-output-path /Firebase.build/Debug-iphonesimulator/FirebaseInstallations.build/Objects-normal/x86_64/FIRInstallationsStoredItem.o

ScanDependencies /Users/hectorgarcia/Library/Developer/Xcode/DerivedData/Build/Intermediates.noindex/Firebase.build/Debug-iphonesimulator/FirebaseInstallations.build/Objects-normal/x86_64/FIRInstallationsStoredAuthToken.o /Users/hectorgarcia/Library/Developer/Xcode/DerivedData/Lyo-eagkiegzrakogpczynhkaholsscs/SourcePackages/checkouts/firebase-ios-sdk/FirebaseInstallations/Source/Library/InstallationsStore/FIRInstallationsStoredAuthToken.m normal x86_64 objective-c com.apple.compilers.llvm.clang.1_0.compiler (in target 'FirebaseInstallations' from project 'Firebase')
    cd /Users/hectorgarcia/LYO_Da_ONE/Lyo.xcodeproj
    
    Using response file: /Users/hectorgarcia/Library/Developer/Xcode/DerivedData/Build/Intermediates.noindex/Firebase.build/Debug-iphonesimulator/FirebaseInstallations.build/Objects-normal/x86_64/e6072d4f65d7061329687fe24e3d63a7-common-args.resp
    
    builtin-ScanDependencies -o /Users/hectorgarcia/Library/Developer/Xcode/DerivedData/Build/Intermediates.noindex/Firebase.build/Debug-iphonesimulator/FirebaseInstallations.build/Objects-normal/x86_64/FIRInstallationsStoredAuthToken.o.scan -- /Users/hectorgarcia/Downloads/Xcode.app/Contents/Developer/Toolchains/XcodeDefault.xctoolchain/usr/bin/clang -x objective-c -ivfsstatcache /Users/hectorgarcia/Library/Developer/Xcode/DerivedData/SDKStatCaches.noindex/iphonesimulator26.2-23C53-823d3e8b6e60bc2018c189d3ca05ba9b.sdkstatcache -fmessage-length\=0 -fdiagnostics-show-note-include-stack -fmacro-backtrace-limit\=0 -fno-color-diagnostics -fmodules-prune-interval\=86400 -fmodules-prune-after\=345600 -fbuild-session-file\=/Users/hectorgarcia/Library/Developer/Xcode/DerivedData/ModuleCache.noindex/Session.modulevalidation -fmodules-validate-once-per-build-session -Wnon-modular-include-in-framework-module -Werror\=non-modular-include-in-framework-module -Wno-trigraphs -Wno-missing-field-initializers -Wno-missing-prototypes -Wno-return-type -Wno-implicit-atomic-properties -Wno-objc-interface-ivars -Wno-arc-repeated-use-of-weak -Wno-missing-braces -Wparentheses -Wswitch -Wno-unused-function -Wno-unused-label -Wno-unused-parameter -Wno-unused-variable -Wunused-value -Wno-empty-body -Wno-uninitialized -Wno-unknown-pragmas -w -Wno-shadow -Wno-four-char-constants -Wno-conversion -Wno-constant-conversion -Wno-int-conversion -Wno-bool-conversion -Wno-enum-conversion -Wno-float-conversion -Wno-non-literal-null-conversion -Wno-objc-literal-conversion -Wshorten-64-to-32 -Wpointer-sign -Wno-newline-eof -Wno-selector -Wno-strict-selector-match -Wno-undeclared-selector -Wno-deprecated-implementations -Wno-implicit-fallthrough -fstrict-aliasing -Wprotocol -Wdeprecated-declarations -Wno-sign-conversion -Wno-infinite-recursion -Wno-comma -Wno-block-capture-autoreleasing -Wno-strict-prototypes -Wno-semicolon-before-method-body -index-store-path /Users/hectorgarcia/Library/Developer/Xcode/DerivedData/Lyo-eagkiegzrakogpczynhkaholsscs/Index.noindex/DataStore @/Users/hectorgarcia/Library/Developer/Xcode/DerivedData/Build/Intermediates.noindex/Firebase.build/Debug-iphonesimulator/FirebaseInstallations.build/Objects-normal/x86_64/e6072d4f65d7061329687fe24e3d63a7-common-args.resp -include /Users/hectorgarcia/Library/Developer/Xcode/DerivedData/Build/Intermediates.noindex/Firebase.build/Debug-iphonesimulator/FirebaseInstallations.build/DerivedSources/resource_bundle_accessor.h -MMD -MT dependencies -MF /Users/hectorgarcia/Library/Developer/Xcode/DerivedData/Build/Intermediates.noindex/Firebase.build/Debug-iphonesimulator/FirebaseInstallations.build/Objects-normal/x86_64/FIRInstallationsStoredAuthToken.d --serialize-diagnostics /Users/hectorgarcia/Library/Developer/Xcode/DerivedData/Build/Intermediates.noindex/Firebase.build/Debug-iphonesimulator/FirebaseInstallations.build/Objects-normal/x86_64/FIRInstallationsStoredAuthToken.dia -c /Users/hectorgarcia/Library/Developer/Xcode/DerivedData/Lyo-eagkiegzrakogpczynhkaholsscs/SourcePackages/checkouts/firebase-ios-sdk/FirebaseInstallations/Source/Library/InstallationsStore/FIRInstallationsStoredAuthToken.m -o /Users/hectorgarcia/Library/Developer/Xcode/DerivedData/Build/Intermediates.noindex/Firebase.build/Debug-iphonesimulator/FirebaseInstallations.build/Objects-normal/x86_64/FIRInstallationsStoredAuthToken.o -index-unit-output-path /Firebase.build/Debug-iphonesimulator/FirebaseInstallations.build/Objects-normal/x86_64/FIRInstallationsStoredAuthToken.o

PrecompileModule /Users/hectorgarcia/Library/Developer/Xcode/DerivedData/Build/Intermediates.noindex/ExplicitPrecompiledModules/Darwin-6LFRTOZXT9XVPD34JXJRQ9B09.scan
    cd /
    builtin-precompileModule /Users/hectorgarcia/Library/Developer/Xcode/DerivedData/Build/Intermediates.noindex/ExplicitPrecompiledModules/Darwin-6LFRTOZXT9XVPD34JXJRQ9B09.scan

CompileC /Users/hectorgarcia/Library/Developer/Xcode/DerivedData/Build/Intermediates.noindex/Firebase.build/Debug-iphonesimulator/FirebaseInstallations.build/Objects-normal/x86_64/FIRInstallationsStoredAuthToken.o /Users/hectorgarcia/Library/Developer/Xcode/DerivedData/Lyo-eagkiegzrakogpczynhkaholsscs/SourcePackages/checkouts/firebase-ios-sdk/FirebaseInstallations/Source/Library/InstallationsStore/FIRInstallationsStoredAuthToken.m normal x86_64 objective-c com.apple.compilers.llvm.clang.1_0.compiler (in target 'FirebaseInstallations' from project 'Firebase')
    cd /Users/hectorgarcia/LYO_Da_ONE/Lyo.xcodeproj
    
    Using response file: /Users/hectorgarcia/Library/Developer/Xcode/DerivedData/Build/Intermediates.noindex/Firebase.build/Debug-iphonesimulator/FirebaseInstallations.build/Objects-normal/x86_64/e6072d4f65d7061329687fe24e3d63a7-common-args.resp
    
    /Users/hectorgarcia/Downloads/Xcode.app/Contents/Developer/Toolchains/XcodeDefault.xctoolchain/usr/bin/clang -x objective-c -ivfsstatcache /Users/hectorgarcia/Library/Developer/Xcode/DerivedData/SDKStatCaches.noindex/iphonesimulator26.2-23C53-823d3e8b6e60bc2018c189d3ca05ba9b.sdkstatcache -fmessage-length\=0 -fdiagnostics-show-note-include-stack -fmacro-backtrace-limit\=0 -fno-color-diagnostics -fmodules-prune-interval\=86400 -fmodules-prune-after\=345600 -fbuild-session-file\=/Users/hectorgarcia/Library/Developer/Xcode/DerivedData/ModuleCache.noindex/Session.modulevalidation -fmodules-validate-once-per-build-session -Wnon-modular-include-in-framework-module -Werror\=non-modular-include-in-framework-module -Wno-trigraphs -Wno-missing-field-initializers -Wno-missing-prototypes -Wno-return-type -Wno-implicit-atomic-properties -Wno-objc-interface-ivars -Wno-arc-repeated-use-of-weak -Wno-missing-braces -Wparentheses -Wswitch -Wno-unused-function -Wno-unused-label -Wno-unused-parameter -Wno-unused-variable -Wunused-value -Wno-empty-body -Wno-uninitialized -Wno-unknown-pragmas -w -Wno-shadow -Wno-four-char-constants -Wno-conversion -Wno-constant-conversion -Wno-int-conversion -Wno-bool-conversion -Wno-enum-conversion -Wno-float-conversion -Wno-non-literal-null-conversion -Wno-objc-literal-conversion -Wshorten-64-to-32 -Wpointer-sign -Wno-newline-eof -Wno-selector -Wno-strict-selector-match -Wno-undeclared-selector -Wno-deprecated-implementations -Wno-implicit-fallthrough -fstrict-aliasing -Wprotocol -Wdeprecated-declarations -Wno-sign-conversion -Wno-infinite-recursion -Wno-comma -Wno-block-capture-autoreleasing -Wno-strict-prototypes -Wno-semicolon-before-method-body -index-store-path /Users/hectorgarcia/Library/Developer/Xcode/DerivedData/Lyo-eagkiegzrakogpczynhkaholsscs/Index.noindex/DataStore @/Users/hectorgarcia/Library/Developer/Xcode/DerivedData/Build/Intermediates.noindex/Firebase.build/Debug-iphonesimulator/FirebaseInstallations.build/Objects-normal/x86_64/e6072d4f65d7061329687fe24e3d63a7-common-args.resp -include /Users/hectorgarcia/Library/Developer/Xcode/DerivedData/Build/Intermediates.noindex/Firebase.build/Debug-iphonesimulator/FirebaseInstallations.build/DerivedSources/resource_bundle_accessor.h -MMD -MT dependencies -MF /Users/hectorgarcia/Library/Developer/Xcode/DerivedData/Build/Intermediates.noindex/Firebase.build/Debug-iphonesimulator/FirebaseInstallations.build/Objects-normal/x86_64/FIRInstallationsStoredAuthToken.d --serialize-diagnostics /Users/hectorgarcia/Library/Developer/Xcode/DerivedData/Build/Intermediates.noindex/Firebase.build/Debug-iphonesimulator/FirebaseInstallations.build/Objects-normal/x86_64/FIRInstallationsStoredAuthToken.dia -c /Users/hectorgarcia/Library/Developer/Xcode/DerivedData/Lyo-eagkiegzrakogpczynhkaholsscs/SourcePackages/checkouts/firebase-ios-sdk/FirebaseInstallations/Source/Library/InstallationsStore/FIRInstallationsStoredAuthToken.m -o /Users/hectorgarcia/Library/Developer/Xcode/DerivedData/Build/Intermediates.noindex/Firebase.build/Debug-iphonesimulator/FirebaseInstallations.build/Objects-normal/x86_64/FIRInstallationsStoredAuthToken.o -index-unit-output-path /Firebase.build/Debug-iphonesimulator/FirebaseInstallations.build/Objects-normal/x86_64/FIRInstallationsStoredAuthToken.o

ScanDependencies /Users/hectorgarcia/Library/Developer/Xcode/DerivedData/Build/Intermediates.noindex/Firebase.build/Debug-iphonesimulator/FirebaseInstallations.build/Objects-normal/x86_64/FIRInstallationsStore.o /Users/hectorgarcia/Library/Developer/Xcode/DerivedData/Lyo-eagkiegzrakogpczynhkaholsscs/SourcePackages/checkouts/firebase-ios-sdk/FirebaseInstallations/Source/Library/InstallationsStore/FIRInstallationsStore.m normal x86_64 objective-c com.apple.compilers.llvm.clang.1_0.compiler (in target 'FirebaseInstallations' from project 'Firebase')
    cd /Users/hectorgarcia/LYO_Da_ONE/Lyo.xcodeproj
    
    Using response file: /Users/hectorgarcia/Library/Developer/Xcode/DerivedData/Build/Intermediates.noindex/Firebase.build/Debug-iphonesimulator/FirebaseInstallations.build/Objects-normal/x86_64/e6072d4f65d7061329687fe24e3d63a7-common-args.resp
    
    builtin-ScanDependencies -o /Users/hectorgarcia/Library/Developer/Xcode/DerivedData/Build/Intermediates.noindex/Firebase.build/Debug-iphonesimulator/FirebaseInstallations.build/Objects-normal/x86_64/FIRInstallationsStore.o.scan -- /Users/hectorgarcia/Downloads/Xcode.app/Contents/Developer/Toolchains/XcodeDefault.xctoolchain/usr/bin/clang -x objective-c -ivfsstatcache /Users/hectorgarcia/Library/Developer/Xcode/DerivedData/SDKStatCaches.noindex/iphonesimulator26.2-23C53-823d3e8b6e60bc2018c189d3ca05ba9b.sdkstatcache -fmessage-length\=0 -fdiagnostics-show-note-include-stack -fmacro-backtrace-limit\=0 -fno-color-diagnostics -fmodules-prune-interval\=86400 -fmodules-prune-after\=345600 -fbuild-session-file\=/Users/hectorgarcia/Library/Developer/Xcode/DerivedData/ModuleCache.noindex/Session.modulevalidation -fmodules-validate-once-per-build-session -Wnon-modular-include-in-framework-module -Werror\=non-modular-include-in-framework-module -Wno-trigraphs -Wno-missing-field-initializers -Wno-missing-prototypes -Wno-return-type -Wno-implicit-atomic-properties -Wno-objc-interface-ivars -Wno-arc-repeated-use-of-weak -Wno-missing-braces -Wparentheses -Wswitch -Wno-unused-function -Wno-unused-label -Wno-unused-parameter -Wno-unused-variable -Wunused-value -Wno-empty-body -Wno-uninitialized -Wno-unknown-pragmas -w -Wno-shadow -Wno-four-char-constants -Wno-conversion -Wno-constant-conversion -Wno-int-conversion -Wno-bool-conversion -Wno-enum-conversion -Wno-float-conversion -Wno-non-literal-null-conversion -Wno-objc-literal-conversion -Wshorten-64-to-32 -Wpointer-sign -Wno-newline-eof -Wno-selector -Wno-strict-selector-match -Wno-undeclared-selector -Wno-deprecated-implementations -Wno-implicit-fallthrough -fstrict-aliasing -Wprotocol -Wdeprecated-declarations -Wno-sign-conversion -Wno-infinite-recursion -Wno-comma -Wno-block-capture-autoreleasing -Wno-strict-prototypes -Wno-semicolon-before-method-body -index-store-path /Users/hectorgarcia/Library/Developer/Xcode/DerivedData/Lyo-eagkiegzrakogpczynhkaholsscs/Index.noindex/DataStore @/Users/hectorgarcia/Library/Developer/Xcode/DerivedData/Build/Intermediates.noindex/Firebase.build/Debug-iphonesimulator/FirebaseInstallations.build/Objects-normal/x86_64/e6072d4f65d7061329687fe24e3d63a7-common-args.resp -include /Users/hectorgarcia/Library/Developer/Xcode/DerivedData/Build/Intermediates.noindex/Firebase.build/Debug-iphonesimulator/FirebaseInstallations.build/DerivedSources/resource_bundle_accessor.h -MMD -MT dependencies -MF /Users/hectorgarcia/Library/Developer/Xcode/DerivedData/Build/Intermediates.noindex/Firebase.build/Debug-iphonesimulator/FirebaseInstallations.build/Objects-normal/x86_64/FIRInstallationsStore.d --serialize-diagnostics /Users/hectorgarcia/Library/Developer/Xcode/DerivedData/Build/Intermediates.noindex/Firebase.build/Debug-iphonesimulator/FirebaseInstallations.build/Objects-normal/x86_64/FIRInstallationsStore.dia -c /Users/hectorgarcia/Library/Developer/Xcode/DerivedData/Lyo-eagkiegzrakogpczynhkaholsscs/SourcePackages/checkouts/firebase-ios-sdk/FirebaseInstallations/Source/Library/InstallationsStore/FIRInstallationsStore.m -o /Users/hectorgarcia/Library/Developer/Xcode/DerivedData/Build/Intermediates.noindex/Firebase.build/Debug-iphonesimulator/FirebaseInstallations.build/Objects-normal/x86_64/FIRInstallationsStore.o -index-unit-output-path /Firebase.build/Debug-iphonesimulator/FirebaseInstallations.build/Objects-normal/x86_64/FIRInstallationsStore.o

PrecompileModule /Users/hectorgarcia/Library/Developer/Xcode/DerivedData/Build/Intermediates.noindex/ExplicitPrecompiledModules/_Builtin_stdint-E4CO2RP4B9DCK8IXJDCBU4DJY.scan
    cd /
    builtin-precompileModule /Users/hectorgarcia/Library/Developer/Xcode/DerivedData/Build/Intermediates.noindex/ExplicitPrecompiledModules/_Builtin_stdint-E4CO2RP4B9DCK8IXJDCBU4DJY.scan

PrecompileModule /Users/hectorgarcia/Library/Developer/Xcode/DerivedData/Build/Intermediates.noindex/ExplicitPrecompiledModules/nanopb-6R7B56FIYCR8UBGLB99SSIT1E.scan
    cd /
    builtin-precompileModule /Users/hectorgarcia/Library/Developer/Xcode/DerivedData/Build/Intermediates.noindex/ExplicitPrecompiledModules/nanopb-6R7B56FIYCR8UBGLB99SSIT1E.scan

PrecompileModule /Users/hectorgarcia/Library/Developer/Xcode/DerivedData/Build/Intermediates.noindex/ExplicitPrecompiledModules/_DarwinFoundation3-F2NB5FW7AM8FYNGU2AGASRD5V.scan
    cd /
    builtin-precompileModule /Users/hectorgarcia/Library/Developer/Xcode/DerivedData/Build/Intermediates.noindex/ExplicitPrecompiledModules/_DarwinFoundation3-F2NB5FW7AM8FYNGU2AGASRD5V.scan

ScanDependencies /Users/hectorgarcia/Library/Developer/Xcode/DerivedData/Build/Intermediates.noindex/Firebase.build/Debug-iphonesimulator/FirebaseInstallations.build/Objects-normal/x86_64/FIRInstallationsSingleOperationPromiseCache.o /Users/hectorgarcia/Library/Developer/Xcode/DerivedData/Lyo-eagkiegzrakogpczynhkaholsscs/SourcePackages/checkouts/firebase-ios-sdk/FirebaseInstallations/Source/Library/InstallationsIDController/FIRInstallationsSingleOperationPromiseCache.m normal x86_64 objective-c com.apple.compilers.llvm.clang.1_0.compiler (in target 'FirebaseInstallations' from project 'Firebase')
    cd /Users/hectorgarcia/LYO_Da_ONE/Lyo.xcodeproj
    
    Using response file: /Users/hectorgarcia/Library/Developer/Xcode/DerivedData/Build/Intermediates.noindex/Firebase.build/Debug-iphonesimulator/FirebaseInstallations.build/Objects-normal/x86_64/e6072d4f65d7061329687fe24e3d63a7-common-args.resp
    
    builtin-ScanDependencies -o /Users/hectorgarcia/Library/Developer/Xcode/DerivedData/Build/Intermediates.noindex/Firebase.build/Debug-iphonesimulator/FirebaseInstallations.build/Objects-normal/x86_64/FIRInstallationsSingleOperationPromiseCache.o.scan -- /Users/hectorgarcia/Downloads/Xcode.app/Contents/Developer/Toolchains/XcodeDefault.xctoolchain/usr/bin/clang -x objective-c -ivfsstatcache /Users/hectorgarcia/Library/Developer/Xcode/DerivedData/SDKStatCaches.noindex/iphonesimulator26.2-23C53-823d3e8b6e60bc2018c189d3ca05ba9b.sdkstatcache -fmessage-length\=0 -fdiagnostics-show-note-include-stack -fmacro-backtrace-limit\=0 -fno-color-diagnostics -fmodules-prune-interval\=86400 -fmodules-prune-after\=345600 -fbuild-session-file\=/Users/hectorgarcia/Library/Developer/Xcode/DerivedData/ModuleCache.noindex/Session.modulevalidation -fmodules-validate-once-per-build-session -Wnon-modular-include-in-framework-module -Werror\=non-modular-include-in-framework-module -Wno-trigraphs -Wno-missing-field-initializers -Wno-missing-prototypes -Wno-return-type -Wno-implicit-atomic-properties -Wno-objc-interface-ivars -Wno-arc-repeated-use-of-weak -Wno-missing-braces -Wparentheses -Wswitch -Wno-unused-function -Wno-unused-label -Wno-unused-parameter -Wno-unused-variable -Wunused-value -Wno-empty-body -Wno-uninitialized -Wno-unknown-pragmas -w -Wno-shadow -Wno-four-char-constants -Wno-conversion -Wno-constant-conversion -Wno-int-conversion -Wno-bool-conversion -Wno-enum-conversion -Wno-float-conversion -Wno-non-literal-null-conversion -Wno-objc-literal-conversion -Wshorten-64-to-32 -Wpointer-sign -Wno-newline-eof -Wno-selector -Wno-strict-selector-match -Wno-undeclared-selector -Wno-deprecated-implementations -Wno-implicit-fallthrough -fstrict-aliasing -Wprotocol -Wdeprecated-declarations -Wno-sign-conversion -Wno-infinite-recursion -Wno-comma -Wno-block-capture-autoreleasing -Wno-strict-prototypes -Wno-semicolon-before-method-body -index-store-path /Users/hectorgarcia/Library/Developer/Xcode/DerivedData/Lyo-eagkiegzrakogpczynhkaholsscs/Index.noindex/DataStore @/Users/hectorgarcia/Library/Developer/Xcode/DerivedData/Build/Intermediates.noindex/Firebase.build/Debug-iphonesimulator/FirebaseInstallations.build/Objects-normal/x86_64/e6072d4f65d7061329687fe24e3d63a7-common-args.resp -include /Users/hectorgarcia/Library/Developer/Xcode/DerivedData/Build/Intermediates.noindex/Firebase.build/Debug-iphonesimulator/FirebaseInstallations.build/DerivedSources/resource_bundle_accessor.h -MMD -MT dependencies -MF /Users/hectorgarcia/Library/Developer/Xcode/DerivedData/Build/Intermediates.noindex/Firebase.build/Debug-iphonesimulator/FirebaseInstallations.build/Objects-normal/x86_64/FIRInstallationsSingleOperationPromiseCache.d --serialize-diagnostics /Users/hectorgarcia/Library/Developer/Xcode/DerivedData/Build/Intermediates.noindex/Firebase.build/Debug-iphonesimulator/FirebaseInstallations.build/Objects-normal/x86_64/FIRInstallationsSingleOperationPromiseCache.dia -c /Users/hectorgarcia/Library/Developer/Xcode/DerivedData/Lyo-eagkiegzrakogpczynhkaholsscs/SourcePackages/checkouts/firebase-ios-sdk/FirebaseInstallations/Source/Library/InstallationsIDController/FIRInstallationsSingleOperationPromiseCache.m -o /Users/hectorgarcia/Library/Developer/Xcode/DerivedData/Build/Intermediates.noindex/Firebase.build/Debug-iphonesimulator/FirebaseInstallations.build/Objects-normal/x86_64/FIRInstallationsSingleOperationPromiseCache.o -index-unit-output-path /Firebase.build/Debug-iphonesimulator/FirebaseInstallations.build/Objects-normal/x86_64/FIRInstallationsSingleOperationPromiseCache.o

PrecompileModule /Users/hectorgarcia/Library/Developer/Xcode/DerivedData/Build/Intermediates.noindex/ExplicitPrecompiledModules/GoogleUtilities_UserDefaults-3VG91NO5ZY20U4LYPO368OSDF.scan
    cd /
    builtin-precompileModule /Users/hectorgarcia/Library/Developer/Xcode/DerivedData/Build/Intermediates.noindex/ExplicitPrecompiledModules/GoogleUtilities_UserDefaults-3VG91NO5ZY20U4LYPO368OSDF.scan

CompileC /Users/hectorgarcia/Library/Developer/Xcode/DerivedData/Build/Intermediates.noindex/Firebase.build/Debug-iphonesimulator/FirebaseSessionsObjC.build/Objects-normal/x86_64/sessions.nanopb.o /Users/hectorgarcia/Library/Developer/Xcode/DerivedData/Lyo-eagkiegzrakogpczynhkaholsscs/SourcePackages/checkouts/firebase-ios-sdk/FirebaseSessions/SourcesObjC/Protogen/nanopb/sessions.nanopb.c normal x86_64 c com.apple.compilers.llvm.clang.1_0.compiler (in target 'FirebaseSessionsObjC' from project 'Firebase')
    cd /Users/hectorgarcia/LYO_Da_ONE/Lyo.xcodeproj
    
    Using response file: /Users/hectorgarcia/Library/Developer/Xcode/DerivedData/Build/Intermediates.noindex/Firebase.build/Debug-iphonesimulator/FirebaseSessionsObjC.build/Objects-normal/x86_64/7187679823f38a2a940e0043cdf9d637-common-args.resp
    
    /Users/hectorgarcia/Downloads/Xcode.app/Contents/Developer/Toolchains/XcodeDefault.xctoolchain/usr/bin/clang -x c -ivfsstatcache /Users/hectorgarcia/Library/Developer/Xcode/DerivedData/SDKStatCaches.noindex/iphonesimulator26.2-23C53-823d3e8b6e60bc2018c189d3ca05ba9b.sdkstatcache -fmessage-length\=0 -fdiagnostics-show-note-include-stack -fmacro-backtrace-limit\=0 -fno-color-diagnostics -fmodules-prune-interval\=86400 -fmodules-prune-after\=345600 -fbuild-session-file\=/Users/hectorgarcia/Library/Developer/Xcode/DerivedData/ModuleCache.noindex/Session.modulevalidation -fmodules-validate-once-per-build-session -Wnon-modular-include-in-framework-module -Werror\=non-modular-include-in-framework-module -Wno-trigraphs -Wno-missing-field-initializers -Wno-missing-prototypes -Wno-return-type -Wno-missing-braces -Wparentheses -Wswitch -Wno-unused-function -Wno-unused-label -Wno-unused-parameter -Wno-unused-variable -Wunused-value -Wno-empty-body -Wno-uninitialized -Wno-unknown-pragmas -w -Wno-shadow -Wno-four-char-constants -Wno-conversion -Wno-constant-conversion -Wno-int-conversion -Wno-bool-conversion -Wno-enum-conversion -Wno-float-conversion -Wno-non-literal-null-conversion -Wno-objc-literal-conversion -Wshorten-64-to-32 -Wpointer-sign -Wno-newline-eof -Wno-implicit-fallthrough -fstrict-aliasing -Wdeprecated-declarations -Wno-sign-conversion -Wno-infinite-recursion -Wno-comma -Wno-block-capture-autoreleasing -Wno-strict-prototypes -Wno-semicolon-before-method-body -index-store-path /Users/hectorgarcia/Library/Developer/Xcode/DerivedData/Lyo-eagkiegzrakogpczynhkaholsscs/Index.noindex/DataStore @/Users/hectorgarcia/Library/Developer/Xcode/DerivedData/Build/Intermediates.noindex/Firebase.build/Debug-iphonesimulator/FirebaseSessionsObjC.build/Objects-normal/x86_64/7187679823f38a2a940e0043cdf9d637-common-args.resp -MMD -MT dependencies -MF /Users/hectorgarcia/Library/Developer/Xcode/DerivedData/Build/Intermediates.noindex/Firebase.build/Debug-iphonesimulator/FirebaseSessionsObjC.build/Objects-normal/x86_64/sessions.nanopb.d --serialize-diagnostics /Users/hectorgarcia/Library/Developer/Xcode/DerivedData/Build/Intermediates.noindex/Firebase.build/Debug-iphonesimulator/FirebaseSessionsObjC.build/Objects-normal/x86_64/sessions.nanopb.dia -c /Users/hectorgarcia/Library/Developer/Xcode/DerivedData/Lyo-eagkiegzrakogpczynhkaholsscs/SourcePackages/checkouts/firebase-ios-sdk/FirebaseSessions/SourcesObjC/Protogen/nanopb/sessions.nanopb.c -o /Users/hectorgarcia/Library/Developer/Xcode/DerivedData/Build/Intermediates.noindex/Firebase.build/Debug-iphonesimulator/FirebaseSessionsObjC.build/Objects-normal/x86_64/sessions.nanopb.o -index-unit-output-path /Firebase.build/Debug-iphonesimulator/FirebaseSessionsObjC.build/Objects-normal/x86_64/sessions.nanopb.o

CompileC /Users/hectorgarcia/Library/Developer/Xcode/DerivedData/Build/Intermediates.noindex/Firebase.build/Debug-iphonesimulator/FirebaseInstallations.build/Objects-normal/x86_64/FIRInstallationsSingleOperationPromiseCache.o /Users/hectorgarcia/Library/Developer/Xcode/DerivedData/Lyo-eagkiegzrakogpczynhkaholsscs/SourcePackages/checkouts/firebase-ios-sdk/FirebaseInstallations/Source/Library/InstallationsIDController/FIRInstallationsSingleOperationPromiseCache.m normal x86_64 objective-c com.apple.compilers.llvm.clang.1_0.compiler (in target 'FirebaseInstallations' from project 'Firebase')
    cd /Users/hectorgarcia/LYO_Da_ONE/Lyo.xcodeproj
    
    Using response file: /Users/hectorgarcia/Library/Developer/Xcode/DerivedData/Build/Intermediates.noindex/Firebase.build/Debug-iphonesimulator/FirebaseInstallations.build/Objects-normal/x86_64/e6072d4f65d7061329687fe24e3d63a7-common-args.resp
    
    /Users/hectorgarcia/Downloads/Xcode.app/Contents/Developer/Toolchains/XcodeDefault.xctoolchain/usr/bin/clang -x objective-c -ivfsstatcache /Users/hectorgarcia/Library/Developer/Xcode/DerivedData/SDKStatCaches.noindex/iphonesimulator26.2-23C53-823d3e8b6e60bc2018c189d3ca05ba9b.sdkstatcache -fmessage-length\=0 -fdiagnostics-show-note-include-stack -fmacro-backtrace-limit\=0 -fno-color-diagnostics -fmodules-prune-interval\=86400 -fmodules-prune-after\=345600 -fbuild-session-file\=/Users/hectorgarcia/Library/Developer/Xcode/DerivedData/ModuleCache.noindex/Session.modulevalidation -fmodules-validate-once-per-build-session -Wnon-modular-include-in-framework-module -Werror\=non-modular-include-in-framework-module -Wno-trigraphs -Wno-missing-field-initializers -Wno-missing-prototypes -Wno-return-type -Wno-implicit-atomic-properties -Wno-objc-interface-ivars -Wno-arc-repeated-use-of-weak -Wno-missing-braces -Wparentheses -Wswitch -Wno-unused-function -Wno-unused-label -Wno-unused-parameter -Wno-unused-variable -Wunused-value -Wno-empty-body -Wno-uninitialized -Wno-unknown-pragmas -w -Wno-shadow -Wno-four-char-constants -Wno-conversion -Wno-constant-conversion -Wno-int-conversion -Wno-bool-conversion -Wno-enum-conversion -Wno-float-conversion -Wno-non-literal-null-conversion -Wno-objc-literal-conversion -Wshorten-64-to-32 -Wpointer-sign -Wno-newline-eof -Wno-selector -Wno-strict-selector-match -Wno-undeclared-selector -Wno-deprecated-implementations -Wno-implicit-fallthrough -fstrict-aliasing -Wprotocol -Wdeprecated-declarations -Wno-sign-conversion -Wno-infinite-recursion -Wno-comma -Wno-block-capture-autoreleasing -Wno-strict-prototypes -Wno-semicolon-before-method-body -index-store-path /Users/hectorgarcia/Library/Developer/Xcode/DerivedData/Lyo-eagkiegzrakogpczynhkaholsscs/Index.noindex/DataStore @/Users/hectorgarcia/Library/Developer/Xcode/DerivedData/Build/Intermediates.noindex/Firebase.build/Debug-iphonesimulator/FirebaseInstallations.build/Objects-normal/x86_64/e6072d4f65d7061329687fe24e3d63a7-common-args.resp -include /Users/hectorgarcia/Library/Developer/Xcode/DerivedData/Build/Intermediates.noindex/Firebase.build/Debug-iphonesimulator/FirebaseInstallations.build/DerivedSources/resource_bundle_accessor.h -MMD -MT dependencies -MF /Users/hectorgarcia/Library/Developer/Xcode/DerivedData/Build/Intermediates.noindex/Firebase.build/Debug-iphonesimulator/FirebaseInstallations.build/Objects-normal/x86_64/FIRInstallationsSingleOperationPromiseCache.d --serialize-diagnostics /Users/hectorgarcia/Library/Developer/Xcode/DerivedData/Build/Intermediates.noindex/Firebase.build/Debug-iphonesimulator/FirebaseInstallations.build/Objects-normal/x86_64/FIRInstallationsSingleOperationPromiseCache.dia -c /Users/hectorgarcia/Library/Developer/Xcode/DerivedData/Lyo-eagkiegzrakogpczynhkaholsscs/SourcePackages/checkouts/firebase-ios-sdk/FirebaseInstallations/Source/Library/InstallationsIDController/FIRInstallationsSingleOperationPromiseCache.m -o /Users/hectorgarcia/Library/Developer/Xcode/DerivedData/Build/Intermediates.noindex/Firebase.build/Debug-iphonesimulator/FirebaseInstallations.build/Objects-normal/x86_64/FIRInstallationsSingleOperationPromiseCache.o -index-unit-output-path /Firebase.build/Debug-iphonesimulator/FirebaseInstallations.build/Objects-normal/x86_64/FIRInstallationsSingleOperationPromiseCache.o

CompileC /Users/hectorgarcia/Library/Developer/Xcode/DerivedData/Build/Intermediates.noindex/Firebase.build/Debug-iphonesimulator/FirebaseInstallations.build/Objects-normal/x86_64/FIRInstallationsStore.o /Users/hectorgarcia/Library/Developer/Xcode/DerivedData/Lyo-eagkiegzrakogpczynhkaholsscs/SourcePackages/checkouts/firebase-ios-sdk/FirebaseInstallations/Source/Library/InstallationsStore/FIRInstallationsStore.m normal x86_64 objective-c com.apple.compilers.llvm.clang.1_0.compiler (in target 'FirebaseInstallations' from project 'Firebase')
    cd /Users/hectorgarcia/LYO_Da_ONE/Lyo.xcodeproj
    
    Using response file: /Users/hectorgarcia/Library/Developer/Xcode/DerivedData/Build/Intermediates.noindex/Firebase.build/Debug-iphonesimulator/FirebaseInstallations.build/Objects-normal/x86_64/e6072d4f65d7061329687fe24e3d63a7-common-args.resp
    
    /Users/hectorgarcia/Downloads/Xcode.app/Contents/Developer/Toolchains/XcodeDefault.xctoolchain/usr/bin/clang -x objective-c -ivfsstatcache /Users/hectorgarcia/Library/Developer/Xcode/DerivedData/SDKStatCaches.noindex/iphonesimulator26.2-23C53-823d3e8b6e60bc2018c189d3ca05ba9b.sdkstatcache -fmessage-length\=0 -fdiagnostics-show-note-include-stack -fmacro-backtrace-limit\=0 -fno-color-diagnostics -fmodules-prune-interval\=86400 -fmodules-prune-after\=345600 -fbuild-session-file\=/Users/hectorgarcia/Library/Developer/Xcode/DerivedData/ModuleCache.noindex/Session.modulevalidation -fmodules-validate-once-per-build-session -Wnon-modular-include-in-framework-module -Werror\=non-modular-include-in-framework-module -Wno-trigraphs -Wno-missing-field-initializers -Wno-missing-prototypes -Wno-return-type -Wno-implicit-atomic-properties -Wno-objc-interface-ivars -Wno-arc-repeated-use-of-weak -Wno-missing-braces -Wparentheses -Wswitch -Wno-unused-function -Wno-unused-label -Wno-unused-parameter -Wno-unused-variable -Wunused-value -Wno-empty-body -Wno-uninitialized -Wno-unknown-pragmas -w -Wno-shadow -Wno-four-char-constants -Wno-conversion -Wno-constant-conversion -Wno-int-conversion -Wno-bool-conversion -Wno-enum-conversion -Wno-float-conversion -Wno-non-literal-null-conversion -Wno-objc-literal-conversion -Wshorten-64-to-32 -Wpointer-sign -Wno-newline-eof -Wno-selector -Wno-strict-selector-match -Wno-undeclared-selector -Wno-deprecated-implementations -Wno-implicit-fallthrough -fstrict-aliasing -Wprotocol -Wdeprecated-declarations -Wno-sign-conversion -Wno-infinite-recursion -Wno-comma -Wno-block-capture-autoreleasing -Wno-strict-prototypes -Wno-semicolon-before-method-body -index-store-path /Users/hectorgarcia/Library/Developer/Xcode/DerivedData/Lyo-eagkiegzrakogpczynhkaholsscs/Index.noindex/DataStore @/Users/hectorgarcia/Library/Developer/Xcode/DerivedData/Build/Intermediates.noindex/Firebase.build/Debug-iphonesimulator/FirebaseInstallations.build/Objects-normal/x86_64/e6072d4f65d7061329687fe24e3d63a7-common-args.resp -include /Users/hectorgarcia/Library/Developer/Xcode/DerivedData/Build/Intermediates.noindex/Firebase.build/Debug-iphonesimulator/FirebaseInstallations.build/DerivedSources/resource_bundle_accessor.h -MMD -MT dependencies -MF /Users/hectorgarcia/Library/Developer/Xcode/DerivedData/Build/Intermediates.noindex/Firebase.build/Debug-iphonesimulator/FirebaseInstallations.build/Objects-normal/x86_64/FIRInstallationsStore.d --serialize-diagnostics /Users/hectorgarcia/Library/Developer/Xcode/DerivedData/Build/Intermediates.noindex/Firebase.build/Debug-iphonesimulator/FirebaseInstallations.build/Objects-normal/x86_64/FIRInstallationsStore.dia -c /Users/hectorgarcia/Library/Developer/Xcode/DerivedData/Lyo-eagkiegzrakogpczynhkaholsscs/SourcePackages/checkouts/firebase-ios-sdk/FirebaseInstallations/Source/Library/InstallationsStore/FIRInstallationsStore.m -o /Users/hectorgarcia/Library/Developer/Xcode/DerivedData/Build/Intermediates.noindex/Firebase.build/Debug-iphonesimulator/FirebaseInstallations.build/Objects-normal/x86_64/FIRInstallationsStore.o -index-unit-output-path /Firebase.build/Debug-iphonesimulator/FirebaseInstallations.build/Objects-normal/x86_64/FIRInstallationsStore.o

ScanDependencies /Users/hectorgarcia/Library/Developer/Xcode/DerivedData/Build/Intermediates.noindex/Firebase.build/Debug-iphonesimulator/FirebaseInstallations.build/Objects-normal/x86_64/FIRInstallationsLogger.o /Users/hectorgarcia/Library/Developer/Xcode/DerivedData/Lyo-eagkiegzrakogpczynhkaholsscs/SourcePackages/checkouts/firebase-ios-sdk/FirebaseInstallations/Source/Library/FIRInstallationsLogger.m normal x86_64 objective-c com.apple.compilers.llvm.clang.1_0.compiler (in target 'FirebaseInstallations' from project 'Firebase')
    cd /Users/hectorgarcia/LYO_Da_ONE/Lyo.xcodeproj
    
    Using response file: /Users/hectorgarcia/Library/Developer/Xcode/DerivedData/Build/Intermediates.noindex/Firebase.build/Debug-iphonesimulator/FirebaseInstallations.build/Objects-normal/x86_64/e6072d4f65d7061329687fe24e3d63a7-common-args.resp
    
    builtin-ScanDependencies -o /Users/hectorgarcia/Library/Developer/Xcode/DerivedData/Build/Intermediates.noindex/Firebase.build/Debug-iphonesimulator/FirebaseInstallations.build/Objects-normal/x86_64/FIRInstallationsLogger.o.scan -- /Users/hectorgarcia/Downloads/Xcode.app/Contents/Developer/Toolchains/XcodeDefault.xctoolchain/usr/bin/clang -x objective-c -ivfsstatcache /Users/hectorgarcia/Library/Developer/Xcode/DerivedData/SDKStatCaches.noindex/iphonesimulator26.2-23C53-823d3e8b6e60bc2018c189d3ca05ba9b.sdkstatcache -fmessage-length\=0 -fdiagnostics-show-note-include-stack -fmacro-backtrace-limit\=0 -fno-color-diagnostics -fmodules-prune-interval\=86400 -fmodules-prune-after\=345600 -fbuild-session-file\=/Users/hectorgarcia/Library/Developer/Xcode/DerivedData/ModuleCache.noindex/Session.modulevalidation -fmodules-validate-once-per-build-session -Wnon-modular-include-in-framework-module -Werror\=non-modular-include-in-framework-module -Wno-trigraphs -Wno-missing-field-initializers -Wno-missing-prototypes -Wno-return-type -Wno-implicit-atomic-properties -Wno-objc-interface-ivars -Wno-arc-repeated-use-of-weak -Wno-missing-braces -Wparentheses -Wswitch -Wno-unused-function -Wno-unused-label -Wno-unused-parameter -Wno-unused-variable -Wunused-value -Wno-empty-body -Wno-uninitialized -Wno-unknown-pragmas -w -Wno-shadow -Wno-four-char-constants -Wno-conversion -Wno-constant-conversion -Wno-int-conversion -Wno-bool-conversion -Wno-enum-conversion -Wno-float-conversion -Wno-non-literal-null-conversion -Wno-objc-literal-conversion -Wshorten-64-to-32 -Wpointer-sign -Wno-newline-eof -Wno-selector -Wno-strict-selector-match -Wno-undeclared-selector -Wno-deprecated-implementations -Wno-implicit-fallthrough -fstrict-aliasing -Wprotocol -Wdeprecated-declarations -Wno-sign-conversion -Wno-infinite-recursion -Wno-comma -Wno-block-capture-autoreleasing -Wno-strict-prototypes -Wno-semicolon-before-method-body -index-store-path /Users/hectorgarcia/Library/Developer/Xcode/DerivedData/Lyo-eagkiegzrakogpczynhkaholsscs/Index.noindex/DataStore @/Users/hectorgarcia/Library/Developer/Xcode/DerivedData/Build/Intermediates.noindex/Firebase.build/Debug-iphonesimulator/FirebaseInstallations.build/Objects-normal/x86_64/e6072d4f65d7061329687fe24e3d63a7-common-args.resp -include /Users/hectorgarcia/Library/Developer/Xcode/DerivedData/Build/Intermediates.noindex/Firebase.build/Debug-iphonesimulator/FirebaseInstallations.build/DerivedSources/resource_bundle_accessor.h -MMD -MT dependencies -MF /Users/hectorgarcia/Library/Developer/Xcode/DerivedData/Build/Intermediates.noindex/Firebase.build/Debug-iphonesimulator/FirebaseInstallations.build/Objects-normal/x86_64/FIRInstallationsLogger.d --serialize-diagnostics /Users/hectorgarcia/Library/Developer/Xcode/DerivedData/Build/Intermediates.noindex/Firebase.build/Debug-iphonesimulator/FirebaseInstallations.build/Objects-normal/x86_64/FIRInstallationsLogger.dia -c /Users/hectorgarcia/Library/Developer/Xcode/DerivedData/Lyo-eagkiegzrakogpczynhkaholsscs/SourcePackages/checkouts/firebase-ios-sdk/FirebaseInstallations/Source/Library/FIRInstallationsLogger.m -o /Users/hectorgarcia/Library/Developer/Xcode/DerivedData/Build/Intermediates.noindex/Firebase.build/Debug-iphonesimulator/FirebaseInstallations.build/Objects-normal/x86_64/FIRInstallationsLogger.o -index-unit-output-path /Firebase.build/Debug-iphonesimulator/FirebaseInstallations.build/Objects-normal/x86_64/FIRInstallationsLogger.o

ScanDependencies /Users/hectorgarcia/Library/Developer/Xcode/DerivedData/Build/Intermediates.noindex/Firebase.build/Debug-iphonesimulator/FirebaseInstallations.build/Objects-normal/x86_64/FIRInstallationsItem.o /Users/hectorgarcia/Library/Developer/Xcode/DerivedData/Lyo-eagkiegzrakogpczynhkaholsscs/SourcePackages/checkouts/firebase-ios-sdk/FirebaseInstallations/Source/Library/FIRInstallationsItem.m normal x86_64 objective-c com.apple.compilers.llvm.clang.1_0.compiler (in target 'FirebaseInstallations' from project 'Firebase')
    cd /Users/hectorgarcia/LYO_Da_ONE/Lyo.xcodeproj
    
    Using response file: /Users/hectorgarcia/Library/Developer/Xcode/DerivedData/Build/Intermediates.noindex/Firebase.build/Debug-iphonesimulator/FirebaseInstallations.build/Objects-normal/x86_64/e6072d4f65d7061329687fe24e3d63a7-common-args.resp
    
    builtin-ScanDependencies -o /Users/hectorgarcia/Library/Developer/Xcode/DerivedData/Build/Intermediates.noindex/Firebase.build/Debug-iphonesimulator/FirebaseInstallations.build/Objects-normal/x86_64/FIRInstallationsItem.o.scan -- /Users/hectorgarcia/Downloads/Xcode.app/Contents/Developer/Toolchains/XcodeDefault.xctoolchain/usr/bin/clang -x objective-c -ivfsstatcache /Users/hectorgarcia/Library/Developer/Xcode/DerivedData/SDKStatCaches.noindex/iphonesimulator26.2-23C53-823d3e8b6e60bc2018c189d3ca05ba9b.sdkstatcache -fmessage-length\=0 -fdiagnostics-show-note-include-stack -fmacro-backtrace-limit\=0 -fno-color-diagnostics -fmodules-prune-interval\=86400 -fmodules-prune-after\=345600 -fbuild-session-file\=/Users/hectorgarcia/Library/Developer/Xcode/DerivedData/ModuleCache.noindex/Session.modulevalidation -fmodules-validate-once-per-build-session -Wnon-modular-include-in-framework-module -Werror\=non-modular-include-in-framework-module -Wno-trigraphs -Wno-missing-field-initializers -Wno-missing-prototypes -Wno-return-type -Wno-implicit-atomic-properties -Wno-objc-interface-ivars -Wno-arc-repeated-use-of-weak -Wno-missing-braces -Wparentheses -Wswitch -Wno-unused-function -Wno-unused-label -Wno-unused-parameter -Wno-unused-variable -Wunused-value -Wno-empty-body -Wno-uninitialized -Wno-unknown-pragmas -w -Wno-shadow -Wno-four-char-constants -Wno-conversion -Wno-constant-conversion -Wno-int-conversion -Wno-bool-conversion -Wno-enum-conversion -Wno-float-conversion -Wno-non-literal-null-conversion -Wno-objc-literal-conversion -Wshorten-64-to-32 -Wpointer-sign -Wno-newline-eof -Wno-selector -Wno-strict-selector-match -Wno-undeclared-selector -Wno-deprecated-implementations -Wno-implicit-fallthrough -fstrict-aliasing -Wprotocol -Wdeprecated-declarations -Wno-sign-conversion -Wno-infinite-recursion -Wno-comma -Wno-block-capture-autoreleasing -Wno-strict-prototypes -Wno-semicolon-before-method-body -index-store-path /Users/hectorgarcia/Library/Developer/Xcode/DerivedData/Lyo-eagkiegzrakogpczynhkaholsscs/Index.noindex/DataStore @/Users/hectorgarcia/Library/Developer/Xcode/DerivedData/Build/Intermediates.noindex/Firebase.build/Debug-iphonesimulator/FirebaseInstallations.build/Objects-normal/x86_64/e6072d4f65d7061329687fe24e3d63a7-common-args.resp -include /Users/hectorgarcia/Library/Developer/Xcode/DerivedData/Build/Intermediates.noindex/Firebase.build/Debug-iphonesimulator/FirebaseInstallations.build/DerivedSources/resource_bundle_accessor.h -MMD -MT dependencies -MF /Users/hectorgarcia/Library/Developer/Xcode/DerivedData/Build/Intermediates.noindex/Firebase.build/Debug-iphonesimulator/FirebaseInstallations.build/Objects-normal/x86_64/FIRInstallationsItem.d --serialize-diagnostics /Users/hectorgarcia/Library/Developer/Xcode/DerivedData/Build/Intermediates.noindex/Firebase.build/Debug-iphonesimulator/FirebaseInstallations.build/Objects-normal/x86_64/FIRInstallationsItem.dia -c /Users/hectorgarcia/Library/Developer/Xcode/DerivedData/Lyo-eagkiegzrakogpczynhkaholsscs/SourcePackages/checkouts/firebase-ios-sdk/FirebaseInstallations/Source/Library/FIRInstallationsItem.m -o /Users/hectorgarcia/Library/Developer/Xcode/DerivedData/Build/Intermediates.noindex/Firebase.build/Debug-iphonesimulator/FirebaseInstallations.build/Objects-normal/x86_64/FIRInstallationsItem.o -index-unit-output-path /Firebase.build/Debug-iphonesimulator/FirebaseInstallations.build/Objects-normal/x86_64/FIRInstallationsItem.o

CompileC /Users/hectorgarcia/Library/Developer/Xcode/DerivedData/Build/Intermediates.noindex/Firebase.build/Debug-iphonesimulator/FirebaseInstallations.build/Objects-normal/x86_64/FIRInstallationsLogger.o /Users/hectorgarcia/Library/Developer/Xcode/DerivedData/Lyo-eagkiegzrakogpczynhkaholsscs/SourcePackages/checkouts/firebase-ios-sdk/FirebaseInstallations/Source/Library/FIRInstallationsLogger.m normal x86_64 objective-c com.apple.compilers.llvm.clang.1_0.compiler (in target 'FirebaseInstallations' from project 'Firebase')
    cd /Users/hectorgarcia/LYO_Da_ONE/Lyo.xcodeproj
    
    Using response file: /Users/hectorgarcia/Library/Developer/Xcode/DerivedData/Build/Intermediates.noindex/Firebase.build/Debug-iphonesimulator/FirebaseInstallations.build/Objects-normal/x86_64/e6072d4f65d7061329687fe24e3d63a7-common-args.resp
    
    /Users/hectorgarcia/Downloads/Xcode.app/Contents/Developer/Toolchains/XcodeDefault.xctoolchain/usr/bin/clang -x objective-c -ivfsstatcache /Users/hectorgarcia/Library/Developer/Xcode/DerivedData/SDKStatCaches.noindex/iphonesimulator26.2-23C53-823d3e8b6e60bc2018c189d3ca05ba9b.sdkstatcache -fmessage-length\=0 -fdiagnostics-show-note-include-stack -fmacro-backtrace-limit\=0 -fno-color-diagnostics -fmodules-prune-interval\=86400 -fmodules-prune-after\=345600 -fbuild-session-file\=/Users/hectorgarcia/Library/Developer/Xcode/DerivedData/ModuleCache.noindex/Session.modulevalidation -fmodules-validate-once-per-build-session -Wnon-modular-include-in-framework-module -Werror\=non-modular-include-in-framework-module -Wno-trigraphs -Wno-missing-field-initializers -Wno-missing-prototypes -Wno-return-type -Wno-implicit-atomic-properties -Wno-objc-interface-ivars -Wno-arc-repeated-use-of-weak -Wno-missing-braces -Wparentheses -Wswitch -Wno-unused-function -Wno-unused-label -Wno-unused-parameter -Wno-unused-variable -Wunused-value -Wno-empty-body -Wno-uninitialized -Wno-unknown-pragmas -w -Wno-shadow -Wno-four-char-constants -Wno-conversion -Wno-constant-conversion -Wno-int-conversion -Wno-bool-conversion -Wno-enum-conversion -Wno-float-conversion -Wno-non-literal-null-conversion -Wno-objc-literal-conversion -Wshorten-64-to-32 -Wpointer-sign -Wno-newline-eof -Wno-selector -Wno-strict-selector-match -Wno-undeclared-selector -Wno-deprecated-implementations -Wno-implicit-fallthrough -fstrict-aliasing -Wprotocol -Wdeprecated-declarations -Wno-sign-conversion -Wno-infinite-recursion -Wno-comma -Wno-block-capture-autoreleasing -Wno-strict-prototypes -Wno-semicolon-before-method-body -index-store-path /Users/hectorgarcia/Library/Developer/Xcode/DerivedData/Lyo-eagkiegzrakogpczynhkaholsscs/Index.noindex/DataStore @/Users/hectorgarcia/Library/Developer/Xcode/DerivedData/Build/Intermediates.noindex/Firebase.build/Debug-iphonesimulator/FirebaseInstallations.build/Objects-normal/x86_64/e6072d4f65d7061329687fe24e3d63a7-common-args.resp -include /Users/hectorgarcia/Library/Developer/Xcode/DerivedData/Build/Intermediates.noindex/Firebase.build/Debug-iphonesimulator/FirebaseInstallations.build/DerivedSources/resource_bundle_accessor.h -MMD -MT dependencies -MF /Users/hectorgarcia/Library/Developer/Xcode/DerivedData/Build/Intermediates.noindex/Firebase.build/Debug-iphonesimulator/FirebaseInstallations.build/Objects-normal/x86_64/FIRInstallationsLogger.d --serialize-diagnostics /Users/hectorgarcia/Library/Developer/Xcode/DerivedData/Build/Intermediates.noindex/Firebase.build/Debug-iphonesimulator/FirebaseInstallations.build/Objects-normal/x86_64/FIRInstallationsLogger.dia -c /Users/hectorgarcia/Library/Developer/Xcode/DerivedData/Lyo-eagkiegzrakogpczynhkaholsscs/SourcePackages/checkouts/firebase-ios-sdk/FirebaseInstallations/Source/Library/FIRInstallationsLogger.m -o /Users/hectorgarcia/Library/Developer/Xcode/DerivedData/Build/Intermediates.noindex/Firebase.build/Debug-iphonesimulator/FirebaseInstallations.build/Objects-normal/x86_64/FIRInstallationsLogger.o -index-unit-output-path /Firebase.build/Debug-iphonesimulator/FirebaseInstallations.build/Objects-normal/x86_64/FIRInstallationsLogger.o

ScanDependencies /Users/hectorgarcia/Library/Developer/Xcode/DerivedData/Build/Intermediates.noindex/Firebase.build/Debug-iphonesimulator/FirebaseInstallations.build/Objects-normal/x86_64/FIRInstallationsItem+RegisterInstallationAPI.o /Users/hectorgarcia/Library/Developer/Xcode/DerivedData/Lyo-eagkiegzrakogpczynhkaholsscs/SourcePackages/checkouts/firebase-ios-sdk/FirebaseInstallations/Source/Library/InstallationsAPI/FIRInstallationsItem+RegisterInstallationAPI.m normal x86_64 objective-c com.apple.compilers.llvm.clang.1_0.compiler (in target 'FirebaseInstallations' from project 'Firebase')
    cd /Users/hectorgarcia/LYO_Da_ONE/Lyo.xcodeproj
    
    Using response file: /Users/hectorgarcia/Library/Developer/Xcode/DerivedData/Build/Intermediates.noindex/Firebase.build/Debug-iphonesimulator/FirebaseInstallations.build/Objects-normal/x86_64/e6072d4f65d7061329687fe24e3d63a7-common-args.resp
    
    builtin-ScanDependencies -o /Users/hectorgarcia/Library/Developer/Xcode/DerivedData/Build/Intermediates.noindex/Firebase.build/Debug-iphonesimulator/FirebaseInstallations.build/Objects-normal/x86_64/FIRInstallationsItem+RegisterInstallationAPI.o.scan -- /Users/hectorgarcia/Downloads/Xcode.app/Contents/Developer/Toolchains/XcodeDefault.xctoolchain/usr/bin/clang -x objective-c -ivfsstatcache /Users/hectorgarcia/Library/Developer/Xcode/DerivedData/SDKStatCaches.noindex/iphonesimulator26.2-23C53-823d3e8b6e60bc2018c189d3ca05ba9b.sdkstatcache -fmessage-length\=0 -fdiagnostics-show-note-include-stack -fmacro-backtrace-limit\=0 -fno-color-diagnostics -fmodules-prune-interval\=86400 -fmodules-prune-after\=345600 -fbuild-session-file\=/Users/hectorgarcia/Library/Developer/Xcode/DerivedData/ModuleCache.noindex/Session.modulevalidation -fmodules-validate-once-per-build-session -Wnon-modular-include-in-framework-module -Werror\=non-modular-include-in-framework-module -Wno-trigraphs -Wno-missing-field-initializers -Wno-missing-prototypes -Wno-return-type -Wno-implicit-atomic-properties -Wno-objc-interface-ivars -Wno-arc-repeated-use-of-weak -Wno-missing-braces -Wparentheses -Wswitch -Wno-unused-function -Wno-unused-label -Wno-unused-parameter -Wno-unused-variable -Wunused-value -Wno-empty-body -Wno-uninitialized -Wno-unknown-pragmas -w -Wno-shadow -Wno-four-char-constants -Wno-conversion -Wno-constant-conversion -Wno-int-conversion -Wno-bool-conversion -Wno-enum-conversion -Wno-float-conversion -Wno-non-literal-null-conversion -Wno-objc-literal-conversion -Wshorten-64-to-32 -Wpointer-sign -Wno-newline-eof -Wno-selector -Wno-strict-selector-match -Wno-undeclared-selector -Wno-deprecated-implementations -Wno-implicit-fallthrough -fstrict-aliasing -Wprotocol -Wdeprecated-declarations -Wno-sign-conversion -Wno-infinite-recursion -Wno-comma -Wno-block-capture-autoreleasing -Wno-strict-prototypes -Wno-semicolon-before-method-body -index-store-path /Users/hectorgarcia/Library/Developer/Xcode/DerivedData/Lyo-eagkiegzrakogpczynhkaholsscs/Index.noindex/DataStore @/Users/hectorgarcia/Library/Developer/Xcode/DerivedData/Build/Intermediates.noindex/Firebase.build/Debug-iphonesimulator/FirebaseInstallations.build/Objects-normal/x86_64/e6072d4f65d7061329687fe24e3d63a7-common-args.resp -include /Users/hectorgarcia/Library/Developer/Xcode/DerivedData/Build/Intermediates.noindex/Firebase.build/Debug-iphonesimulator/FirebaseInstallations.build/DerivedSources/resource_bundle_accessor.h -MMD -MT dependencies -MF /Users/hectorgarcia/Library/Developer/Xcode/DerivedData/Build/Intermediates.noindex/Firebase.build/Debug-iphonesimulator/FirebaseInstallations.build/Objects-normal/x86_64/FIRInstallationsItem+RegisterInstallationAPI.d --serialize-diagnostics /Users/hectorgarcia/Library/Developer/Xcode/DerivedData/Build/Intermediates.noindex/Firebase.build/Debug-iphonesimulator/FirebaseInstallations.build/Objects-normal/x86_64/FIRInstallationsItem+RegisterInstallationAPI.dia -c /Users/hectorgarcia/Library/Developer/Xcode/DerivedData/Lyo-eagkiegzrakogpczynhkaholsscs/SourcePackages/checkouts/firebase-ios-sdk/FirebaseInstallations/Source/Library/InstallationsAPI/FIRInstallationsItem+RegisterInstallationAPI.m -o /Users/hectorgarcia/Library/Developer/Xcode/DerivedData/Build/Intermediates.noindex/Firebase.build/Debug-iphonesimulator/FirebaseInstallations.build/Objects-normal/x86_64/FIRInstallationsItem+RegisterInstallationAPI.o -index-unit-output-path /Firebase.build/Debug-iphonesimulator/FirebaseInstallations.build/Objects-normal/x86_64/FIRInstallationsItem+RegisterInstallationAPI.o

CompileC /Users/hectorgarcia/Library/Developer/Xcode/DerivedData/Build/Intermediates.noindex/Firebase.build/Debug-iphonesimulator/FirebaseInstallations.build/Objects-normal/x86_64/FIRInstallationsItem.o /Users/hectorgarcia/Library/Developer/Xcode/DerivedData/Lyo-eagkiegzrakogpczynhkaholsscs/SourcePackages/checkouts/firebase-ios-sdk/FirebaseInstallations/Source/Library/FIRInstallationsItem.m normal x86_64 objective-c com.apple.compilers.llvm.clang.1_0.compiler (in target 'FirebaseInstallations' from project 'Firebase')
    cd /Users/hectorgarcia/LYO_Da_ONE/Lyo.xcodeproj
    
    Using response file: /Users/hectorgarcia/Library/Developer/Xcode/DerivedData/Build/Intermediates.noindex/Firebase.build/Debug-iphonesimulator/FirebaseInstallations.build/Objects-normal/x86_64/e6072d4f65d7061329687fe24e3d63a7-common-args.resp
    
    /Users/hectorgarcia/Downloads/Xcode.app/Contents/Developer/Toolchains/XcodeDefault.xctoolchain/usr/bin/clang -x objective-c -ivfsstatcache /Users/hectorgarcia/Library/Developer/Xcode/DerivedData/SDKStatCaches.noindex/iphonesimulator26.2-23C53-823d3e8b6e60bc2018c189d3ca05ba9b.sdkstatcache -fmessage-length\=0 -fdiagnostics-show-note-include-stack -fmacro-backtrace-limit\=0 -fno-color-diagnostics -fmodules-prune-interval\=86400 -fmodules-prune-after\=345600 -fbuild-session-file\=/Users/hectorgarcia/Library/Developer/Xcode/DerivedData/ModuleCache.noindex/Session.modulevalidation -fmodules-validate-once-per-build-session -Wnon-modular-include-in-framework-module -Werror\=non-modular-include-in-framework-module -Wno-trigraphs -Wno-missing-field-initializers -Wno-missing-prototypes -Wno-return-type -Wno-implicit-atomic-properties -Wno-objc-interface-ivars -Wno-arc-repeated-use-of-weak -Wno-missing-braces -Wparentheses -Wswitch -Wno-unused-function -Wno-unused-label -Wno-unused-parameter -Wno-unused-variable -Wunused-value -Wno-empty-body -Wno-uninitialized -Wno-unknown-pragmas -w -Wno-shadow -Wno-four-char-constants -Wno-conversion -Wno-constant-conversion -Wno-int-conversion -Wno-bool-conversion -Wno-enum-conversion -Wno-float-conversion -Wno-non-literal-null-conversion -Wno-objc-literal-conversion -Wshorten-64-to-32 -Wpointer-sign -Wno-newline-eof -Wno-selector -Wno-strict-selector-match -Wno-undeclared-selector -Wno-deprecated-implementations -Wno-implicit-fallthrough -fstrict-aliasing -Wprotocol -Wdeprecated-declarations -Wno-sign-conversion -Wno-infinite-recursion -Wno-comma -Wno-block-capture-autoreleasing -Wno-strict-prototypes -Wno-semicolon-before-method-body -index-store-path /Users/hectorgarcia/Library/Developer/Xcode/DerivedData/Lyo-eagkiegzrakogpczynhkaholsscs/Index.noindex/DataStore @/Users/hectorgarcia/Library/Developer/Xcode/DerivedData/Build/Intermediates.noindex/Firebase.build/Debug-iphonesimulator/FirebaseInstallations.build/Objects-normal/x86_64/e6072d4f65d7061329687fe24e3d63a7-common-args.resp -include /Users/hectorgarcia/Library/Developer/Xcode/DerivedData/Build/Intermediates.noindex/Firebase.build/Debug-iphonesimulator/FirebaseInstallations.build/DerivedSources/resource_bundle_accessor.h -MMD -MT dependencies -MF /Users/hectorgarcia/Library/Developer/Xcode/DerivedData/Build/Intermediates.noindex/Firebase.build/Debug-iphonesimulator/FirebaseInstallations.build/Objects-normal/x86_64/FIRInstallationsItem.d --serialize-diagnostics /Users/hectorgarcia/Library/Developer/Xcode/DerivedData/Build/Intermediates.noindex/Firebase.build/Debug-iphonesimulator/FirebaseInstallations.build/Objects-normal/x86_64/FIRInstallationsItem.dia -c /Users/hectorgarcia/Library/Developer/Xcode/DerivedData/Lyo-eagkiegzrakogpczynhkaholsscs/SourcePackages/checkouts/firebase-ios-sdk/FirebaseInstallations/Source/Library/FIRInstallationsItem.m -o /Users/hectorgarcia/Library/Developer/Xcode/DerivedData/Build/Intermediates.noindex/Firebase.build/Debug-iphonesimulator/FirebaseInstallations.build/Objects-normal/x86_64/FIRInstallationsItem.o -index-unit-output-path /Firebase.build/Debug-iphonesimulator/FirebaseInstallations.build/Objects-normal/x86_64/FIRInstallationsItem.o

PrecompileModule /Users/hectorgarcia/Library/Developer/Xcode/DerivedData/Build/Intermediates.noindex/ExplicitPrecompiledModules/_Builtin_inttypes-CW8GMI86TUB3V4GEFMYFEMAXW.scan
    cd /
    builtin-precompileModule /Users/hectorgarcia/Library/Developer/Xcode/DerivedData/Build/Intermediates.noindex/ExplicitPrecompiledModules/_Builtin_inttypes-CW8GMI86TUB3V4GEFMYFEMAXW.scan

PrecompileModule /Users/hectorgarcia/Library/Developer/Xcode/DerivedData/Build/Intermediates.noindex/ExplicitPrecompiledModules/nanopb-3517YJOPW159D48Q5GXEWXJQP.scan
    cd /
    builtin-precompileModule /Users/hectorgarcia/Library/Developer/Xcode/DerivedData/Build/Intermediates.noindex/ExplicitPrecompiledModules/nanopb-3517YJOPW159D48Q5GXEWXJQP.scan

PrecompileModule /Users/hectorgarcia/Library/Developer/Xcode/DerivedData/Build/Intermediates.noindex/ExplicitPrecompiledModules/Darwin-CY0V4YB923E60YMFEKZKO9JFG.scan
    cd /
    builtin-precompileModule /Users/hectorgarcia/Library/Developer/Xcode/DerivedData/Build/Intermediates.noindex/ExplicitPrecompiledModules/Darwin-CY0V4YB923E60YMFEKZKO9JFG.scan

ScanDependencies /Users/hectorgarcia/Library/Developer/Xcode/DerivedData/Build/Intermediates.noindex/Firebase.build/Debug-iphonesimulator/FirebaseInstallations.build/Objects-normal/x86_64/FIRInstallationsIIDTokenStore.o /Users/hectorgarcia/Library/Developer/Xcode/DerivedData/Lyo-eagkiegzrakogpczynhkaholsscs/SourcePackages/checkouts/firebase-ios-sdk/FirebaseInstallations/Source/Library/IIDMigration/FIRInstallationsIIDTokenStore.m normal x86_64 objective-c com.apple.compilers.llvm.clang.1_0.compiler (in target 'FirebaseInstallations' from project 'Firebase')
    cd /Users/hectorgarcia/LYO_Da_ONE/Lyo.xcodeproj
    
    Using response file: /Users/hectorgarcia/Library/Developer/Xcode/DerivedData/Build/Intermediates.noindex/Firebase.build/Debug-iphonesimulator/FirebaseInstallations.build/Objects-normal/x86_64/e6072d4f65d7061329687fe24e3d63a7-common-args.resp
    
    builtin-ScanDependencies -o /Users/hectorgarcia/Library/Developer/Xcode/DerivedData/Build/Intermediates.noindex/Firebase.build/Debug-iphonesimulator/FirebaseInstallations.build/Objects-normal/x86_64/FIRInstallationsIIDTokenStore.o.scan -- /Users/hectorgarcia/Downloads/Xcode.app/Contents/Developer/Toolchains/XcodeDefault.xctoolchain/usr/bin/clang -x objective-c -ivfsstatcache /Users/hectorgarcia/Library/Developer/Xcode/DerivedData/SDKStatCaches.noindex/iphonesimulator26.2-23C53-823d3e8b6e60bc2018c189d3ca05ba9b.sdkstatcache -fmessage-length\=0 -fdiagnostics-show-note-include-stack -fmacro-backtrace-limit\=0 -fno-color-diagnostics -fmodules-prune-interval\=86400 -fmodules-prune-after\=345600 -fbuild-session-file\=/Users/hectorgarcia/Library/Developer/Xcode/DerivedData/ModuleCache.noindex/Session.modulevalidation -fmodules-validate-once-per-build-session -Wnon-modular-include-in-framework-module -Werror\=non-modular-include-in-framework-module -Wno-trigraphs -Wno-missing-field-initializers -Wno-missing-prototypes -Wno-return-type -Wno-implicit-atomic-properties -Wno-objc-interface-ivars -Wno-arc-repeated-use-of-weak -Wno-missing-braces -Wparentheses -Wswitch -Wno-unused-function -Wno-unused-label -Wno-unused-parameter -Wno-unused-variable -Wunused-value -Wno-empty-body -Wno-uninitialized -Wno-unknown-pragmas -w -Wno-shadow -Wno-four-char-constants -Wno-conversion -Wno-constant-conversion -Wno-int-conversion -Wno-bool-conversion -Wno-enum-conversion -Wno-float-conversion -Wno-non-literal-null-conversion -Wno-objc-literal-conversion -Wshorten-64-to-32 -Wpointer-sign -Wno-newline-eof -Wno-selector -Wno-strict-selector-match -Wno-undeclared-selector -Wno-deprecated-implementations -Wno-implicit-fallthrough -fstrict-aliasing -Wprotocol -Wdeprecated-declarations -Wno-sign-conversion -Wno-infinite-recursion -Wno-comma -Wno-block-capture-autoreleasing -Wno-strict-prototypes -Wno-semicolon-before-method-body -index-store-path /Users/hectorgarcia/Library/Developer/Xcode/DerivedData/Lyo-eagkiegzrakogpczynhkaholsscs/Index.noindex/DataStore @/Users/hectorgarcia/Library/Developer/Xcode/DerivedData/Build/Intermediates.noindex/Firebase.build/Debug-iphonesimulator/FirebaseInstallations.build/Objects-normal/x86_64/e6072d4f65d7061329687fe24e3d63a7-common-args.resp -include /Users/hectorgarcia/Library/Developer/Xcode/DerivedData/Build/Intermediates.noindex/Firebase.build/Debug-iphonesimulator/FirebaseInstallations.build/DerivedSources/resource_bundle_accessor.h -MMD -MT dependencies -MF /Users/hectorgarcia/Library/Developer/Xcode/DerivedData/Build/Intermediates.noindex/Firebase.build/Debug-iphonesimulator/FirebaseInstallations.build/Objects-normal/x86_64/FIRInstallationsIIDTokenStore.d --serialize-diagnostics /Users/hectorgarcia/Library/Developer/Xcode/DerivedData/Build/Intermediates.noindex/Firebase.build/Debug-iphonesimulator/FirebaseInstallations.build/Objects-normal/x86_64/FIRInstallationsIIDTokenStore.dia -c /Users/hectorgarcia/Library/Developer/Xcode/DerivedData/Lyo-eagkiegzrakogpczynhkaholsscs/SourcePackages/checkouts/firebase-ios-sdk/FirebaseInstallations/Source/Library/IIDMigration/FIRInstallationsIIDTokenStore.m -o /Users/hectorgarcia/Library/Developer/Xcode/DerivedData/Build/Intermediates.noindex/Firebase.build/Debug-iphonesimulator/FirebaseInstallations.build/Objects-normal/x86_64/FIRInstallationsIIDTokenStore.o -index-unit-output-path /Firebase.build/Debug-iphonesimulator/FirebaseInstallations.build/Objects-normal/x86_64/FIRInstallationsIIDTokenStore.o

ScanDependencies /Users/hectorgarcia/Library/Developer/Xcode/DerivedData/Build/Intermediates.noindex/Firebase.build/Debug-iphonesimulator/FirebaseInstallations.build/Objects-normal/x86_64/FIRInstallationsIIDStore.o /Users/hectorgarcia/Library/Developer/Xcode/DerivedData/Lyo-eagkiegzrakogpczynhkaholsscs/SourcePackages/checkouts/firebase-ios-sdk/FirebaseInstallations/Source/Library/IIDMigration/FIRInstallationsIIDStore.m normal x86_64 objective-c com.apple.compilers.llvm.clang.1_0.compiler (in target 'FirebaseInstallations' from project 'Firebase')
    cd /Users/hectorgarcia/LYO_Da_ONE/Lyo.xcodeproj
    
    Using response file: /Users/hectorgarcia/Library/Developer/Xcode/DerivedData/Build/Intermediates.noindex/Firebase.build/Debug-iphonesimulator/FirebaseInstallations.build/Objects-normal/x86_64/e6072d4f65d7061329687fe24e3d63a7-common-args.resp
    
    builtin-ScanDependencies -o /Users/hectorgarcia/Library/Developer/Xcode/DerivedData/Build/Intermediates.noindex/Firebase.build/Debug-iphonesimulator/FirebaseInstallations.build/Objects-normal/x86_64/FIRInstallationsIIDStore.o.scan -- /Users/hectorgarcia/Downloads/Xcode.app/Contents/Developer/Toolchains/XcodeDefault.xctoolchain/usr/bin/clang -x objective-c -ivfsstatcache /Users/hectorgarcia/Library/Developer/Xcode/DerivedData/SDKStatCaches.noindex/iphonesimulator26.2-23C53-823d3e8b6e60bc2018c189d3ca05ba9b.sdkstatcache -fmessage-length\=0 -fdiagnostics-show-note-include-stack -fmacro-backtrace-limit\=0 -fno-color-diagnostics -fmodules-prune-interval\=86400 -fmodules-prune-after\=345600 -fbuild-session-file\=/Users/hectorgarcia/Library/Developer/Xcode/DerivedData/ModuleCache.noindex/Session.modulevalidation -fmodules-validate-once-per-build-session -Wnon-modular-include-in-framework-module -Werror\=non-modular-include-in-framework-module -Wno-trigraphs -Wno-missing-field-initializers -Wno-missing-prototypes -Wno-return-type -Wno-implicit-atomic-properties -Wno-objc-interface-ivars -Wno-arc-repeated-use-of-weak -Wno-missing-braces -Wparentheses -Wswitch -Wno-unused-function -Wno-unused-label -Wno-unused-parameter -Wno-unused-variable -Wunused-value -Wno-empty-body -Wno-uninitialized -Wno-unknown-pragmas -w -Wno-shadow -Wno-four-char-constants -Wno-conversion -Wno-constant-conversion -Wno-int-conversion -Wno-bool-conversion -Wno-enum-conversion -Wno-float-conversion -Wno-non-literal-null-conversion -Wno-objc-literal-conversion -Wshorten-64-to-32 -Wpointer-sign -Wno-newline-eof -Wno-selector -Wno-strict-selector-match -Wno-undeclared-selector -Wno-deprecated-implementations -Wno-implicit-fallthrough -fstrict-aliasing -Wprotocol -Wdeprecated-declarations -Wno-sign-conversion -Wno-infinite-recursion -Wno-comma -Wno-block-capture-autoreleasing -Wno-strict-prototypes -Wno-semicolon-before-method-body -index-store-path /Users/hectorgarcia/Library/Developer/Xcode/DerivedData/Lyo-eagkiegzrakogpczynhkaholsscs/Index.noindex/DataStore @/Users/hectorgarcia/Library/Developer/Xcode/DerivedData/Build/Intermediates.noindex/Firebase.build/Debug-iphonesimulator/FirebaseInstallations.build/Objects-normal/x86_64/e6072d4f65d7061329687fe24e3d63a7-common-args.resp -include /Users/hectorgarcia/Library/Developer/Xcode/DerivedData/Build/Intermediates.noindex/Firebase.build/Debug-iphonesimulator/FirebaseInstallations.build/DerivedSources/resource_bundle_accessor.h -MMD -MT dependencies -MF /Users/hectorgarcia/Library/Developer/Xcode/DerivedData/Build/Intermediates.noindex/Firebase.build/Debug-iphonesimulator/FirebaseInstallations.build/Objects-normal/x86_64/FIRInstallationsIIDStore.d --serialize-diagnostics /Users/hectorgarcia/Library/Developer/Xcode/DerivedData/Build/Intermediates.noindex/Firebase.build/Debug-iphonesimulator/FirebaseInstallations.build/Objects-normal/x86_64/FIRInstallationsIIDStore.dia -c /Users/hectorgarcia/Library/Developer/Xcode/DerivedData/Lyo-eagkiegzrakogpczynhkaholsscs/SourcePackages/checkouts/firebase-ios-sdk/FirebaseInstallations/Source/Library/IIDMigration/FIRInstallationsIIDStore.m -o /Users/hectorgarcia/Library/Developer/Xcode/DerivedData/Build/Intermediates.noindex/Firebase.build/Debug-iphonesimulator/FirebaseInstallations.build/Objects-normal/x86_64/FIRInstallationsIIDStore.o -index-unit-output-path /Firebase.build/Debug-iphonesimulator/FirebaseInstallations.build/Objects-normal/x86_64/FIRInstallationsIIDStore.o

CompileC /Users/hectorgarcia/Library/Developer/Xcode/DerivedData/Build/Intermediates.noindex/Firebase.build/Debug-iphonesimulator/FirebaseInstallations.build/Objects-normal/x86_64/FIRInstallationsItem+RegisterInstallationAPI.o /Users/hectorgarcia/Library/Developer/Xcode/DerivedData/Lyo-eagkiegzrakogpczynhkaholsscs/SourcePackages/checkouts/firebase-ios-sdk/FirebaseInstallations/Source/Library/InstallationsAPI/FIRInstallationsItem+RegisterInstallationAPI.m normal x86_64 objective-c com.apple.compilers.llvm.clang.1_0.compiler (in target 'FirebaseInstallations' from project 'Firebase')
    cd /Users/hectorgarcia/LYO_Da_ONE/Lyo.xcodeproj
    
    Using response file: /Users/hectorgarcia/Library/Developer/Xcode/DerivedData/Build/Intermediates.noindex/Firebase.build/Debug-iphonesimulator/FirebaseInstallations.build/Objects-normal/x86_64/e6072d4f65d7061329687fe24e3d63a7-common-args.resp
    
    /Users/hectorgarcia/Downloads/Xcode.app/Contents/Developer/Toolchains/XcodeDefault.xctoolchain/usr/bin/clang -x objective-c -ivfsstatcache /Users/hectorgarcia/Library/Developer/Xcode/DerivedData/SDKStatCaches.noindex/iphonesimulator26.2-23C53-823d3e8b6e60bc2018c189d3ca05ba9b.sdkstatcache -fmessage-length\=0 -fdiagnostics-show-note-include-stack -fmacro-backtrace-limit\=0 -fno-color-diagnostics -fmodules-prune-interval\=86400 -fmodules-prune-after\=345600 -fbuild-session-file\=/Users/hectorgarcia/Library/Developer/Xcode/DerivedData/ModuleCache.noindex/Session.modulevalidation -fmodules-validate-once-per-build-session -Wnon-modular-include-in-framework-module -Werror\=non-modular-include-in-framework-module -Wno-trigraphs -Wno-missing-field-initializers -Wno-missing-prototypes -Wno-return-type -Wno-implicit-atomic-properties -Wno-objc-interface-ivars -Wno-arc-repeated-use-of-weak -Wno-missing-braces -Wparentheses -Wswitch -Wno-unused-function -Wno-unused-label -Wno-unused-parameter -Wno-unused-variable -Wunused-value -Wno-empty-body -Wno-uninitialized -Wno-unknown-pragmas -w -Wno-shadow -Wno-four-char-constants -Wno-conversion -Wno-constant-conversion -Wno-int-conversion -Wno-bool-conversion -Wno-enum-conversion -Wno-float-conversion -Wno-non-literal-null-conversion -Wno-objc-literal-conversion -Wshorten-64-to-32 -Wpointer-sign -Wno-newline-eof -Wno-selector -Wno-strict-selector-match -Wno-undeclared-selector -Wno-deprecated-implementations -Wno-implicit-fallthrough -fstrict-aliasing -Wprotocol -Wdeprecated-declarations -Wno-sign-conversion -Wno-infinite-recursion -Wno-comma -Wno-block-capture-autoreleasing -Wno-strict-prototypes -Wno-semicolon-before-method-body -index-store-path /Users/hectorgarcia/Library/Developer/Xcode/DerivedData/Lyo-eagkiegzrakogpczynhkaholsscs/Index.noindex/DataStore @/Users/hectorgarcia/Library/Developer/Xcode/DerivedData/Build/Intermediates.noindex/Firebase.build/Debug-iphonesimulator/FirebaseInstallations.build/Objects-normal/x86_64/e6072d4f65d7061329687fe24e3d63a7-common-args.resp -include /Users/hectorgarcia/Library/Developer/Xcode/DerivedData/Build/Intermediates.noindex/Firebase.build/Debug-iphonesimulator/FirebaseInstallations.build/DerivedSources/resource_bundle_accessor.h -MMD -MT dependencies -MF /Users/hectorgarcia/Library/Developer/Xcode/DerivedData/Build/Intermediates.noindex/Firebase.build/Debug-iphonesimulator/FirebaseInstallations.build/Objects-normal/x86_64/FIRInstallationsItem+RegisterInstallationAPI.d --serialize-diagnostics /Users/hectorgarcia/Library/Developer/Xcode/DerivedData/Build/Intermediates.noindex/Firebase.build/Debug-iphonesimulator/FirebaseInstallations.build/Objects-normal/x86_64/FIRInstallationsItem+RegisterInstallationAPI.dia -c /Users/hectorgarcia/Library/Developer/Xcode/DerivedData/Lyo-eagkiegzrakogpczynhkaholsscs/SourcePackages/checkouts/firebase-ios-sdk/FirebaseInstallations/Source/Library/InstallationsAPI/FIRInstallationsItem+RegisterInstallationAPI.m -o /Users/hectorgarcia/Library/Developer/Xcode/DerivedData/Build/Intermediates.noindex/Firebase.build/Debug-iphonesimulator/FirebaseInstallations.build/Objects-normal/x86_64/FIRInstallationsItem+RegisterInstallationAPI.o -index-unit-output-path /Firebase.build/Debug-iphonesimulator/FirebaseInstallations.build/Objects-normal/x86_64/FIRInstallationsItem+RegisterInstallationAPI.o

CompileC /Users/hectorgarcia/Library/Developer/Xcode/DerivedData/Build/Intermediates.noindex/Firebase.build/Debug-iphonesimulator/FirebaseInstallations.build/Objects-normal/x86_64/FIRInstallationsIIDTokenStore.o /Users/hectorgarcia/Library/Developer/Xcode/DerivedData/Lyo-eagkiegzrakogpczynhkaholsscs/SourcePackages/checkouts/firebase-ios-sdk/FirebaseInstallations/Source/Library/IIDMigration/FIRInstallationsIIDTokenStore.m normal x86_64 objective-c com.apple.compilers.llvm.clang.1_0.compiler (in target 'FirebaseInstallations' from project 'Firebase')
    cd /Users/hectorgarcia/LYO_Da_ONE/Lyo.xcodeproj
    
    Using response file: /Users/hectorgarcia/Library/Developer/Xcode/DerivedData/Build/Intermediates.noindex/Firebase.build/Debug-iphonesimulator/FirebaseInstallations.build/Objects-normal/x86_64/e6072d4f65d7061329687fe24e3d63a7-common-args.resp
    
    /Users/hectorgarcia/Downloads/Xcode.app/Contents/Developer/Toolchains/XcodeDefault.xctoolchain/usr/bin/clang -x objective-c -ivfsstatcache /Users/hectorgarcia/Library/Developer/Xcode/DerivedData/SDKStatCaches.noindex/iphonesimulator26.2-23C53-823d3e8b6e60bc2018c189d3ca05ba9b.sdkstatcache -fmessage-length\=0 -fdiagnostics-show-note-include-stack -fmacro-backtrace-limit\=0 -fno-color-diagnostics -fmodules-prune-interval\=86400 -fmodules-prune-after\=345600 -fbuild-session-file\=/Users/hectorgarcia/Library/Developer/Xcode/DerivedData/ModuleCache.noindex/Session.modulevalidation -fmodules-validate-once-per-build-session -Wnon-modular-include-in-framework-module -Werror\=non-modular-include-in-framework-module -Wno-trigraphs -Wno-missing-field-initializers -Wno-missing-prototypes -Wno-return-type -Wno-implicit-atomic-properties -Wno-objc-interface-ivars -Wno-arc-repeated-use-of-weak -Wno-missing-braces -Wparentheses -Wswitch -Wno-unused-function -Wno-unused-label -Wno-unused-parameter -Wno-unused-variable -Wunused-value -Wno-empty-body -Wno-uninitialized -Wno-unknown-pragmas -w -Wno-shadow -Wno-four-char-constants -Wno-conversion -Wno-constant-conversion -Wno-int-conversion -Wno-bool-conversion -Wno-enum-conversion -Wno-float-conversion -Wno-non-literal-null-conversion -Wno-objc-literal-conversion -Wshorten-64-to-32 -Wpointer-sign -Wno-newline-eof -Wno-selector -Wno-strict-selector-match -Wno-undeclared-selector -Wno-deprecated-implementations -Wno-implicit-fallthrough -fstrict-aliasing -Wprotocol -Wdeprecated-declarations -Wno-sign-conversion -Wno-infinite-recursion -Wno-comma -Wno-block-capture-autoreleasing -Wno-strict-prototypes -Wno-semicolon-before-method-body -index-store-path /Users/hectorgarcia/Library/Developer/Xcode/DerivedData/Lyo-eagkiegzrakogpczynhkaholsscs/Index.noindex/DataStore @/Users/hectorgarcia/Library/Developer/Xcode/DerivedData/Build/Intermediates.noindex/Firebase.build/Debug-iphonesimulator/FirebaseInstallations.build/Objects-normal/x86_64/e6072d4f65d7061329687fe24e3d63a7-common-args.resp -include /Users/hectorgarcia/Library/Developer/Xcode/DerivedData/Build/Intermediates.noindex/Firebase.build/Debug-iphonesimulator/FirebaseInstallations.build/DerivedSources/resource_bundle_accessor.h -MMD -MT dependencies -MF /Users/hectorgarcia/Library/Developer/Xcode/DerivedData/Build/Intermediates.noindex/Firebase.build/Debug-iphonesimulator/FirebaseInstallations.build/Objects-normal/x86_64/FIRInstallationsIIDTokenStore.d --serialize-diagnostics /Users/hectorgarcia/Library/Developer/Xcode/DerivedData/Build/Intermediates.noindex/Firebase.build/Debug-iphonesimulator/FirebaseInstallations.build/Objects-normal/x86_64/FIRInstallationsIIDTokenStore.dia -c /Users/hectorgarcia/Library/Developer/Xcode/DerivedData/Lyo-eagkiegzrakogpczynhkaholsscs/SourcePackages/checkouts/firebase-ios-sdk/FirebaseInstallations/Source/Library/IIDMigration/FIRInstallationsIIDTokenStore.m -o /Users/hectorgarcia/Library/Developer/Xcode/DerivedData/Build/Intermediates.noindex/Firebase.build/Debug-iphonesimulator/FirebaseInstallations.build/Objects-normal/x86_64/FIRInstallationsIIDTokenStore.o -index-unit-output-path /Firebase.build/Debug-iphonesimulator/FirebaseInstallations.build/Objects-normal/x86_64/FIRInstallationsIIDTokenStore.o

PrecompileModule /Users/hectorgarcia/Library/Developer/Xcode/DerivedData/Build/Intermediates.noindex/ExplicitPrecompiledModules/CommonCrypto-D8DCLDU4NVYJNDOFQYG6FC6AF.scan
    cd /
    builtin-precompileModule /Users/hectorgarcia/Library/Developer/Xcode/DerivedData/Build/Intermediates.noindex/ExplicitPrecompiledModules/CommonCrypto-D8DCLDU4NVYJNDOFQYG6FC6AF.scan

ScanDependencies /Users/hectorgarcia/Library/Developer/Xcode/DerivedData/Build/Intermediates.noindex/Firebase.build/Debug-iphonesimulator/FirebaseInstallations.build/Objects-normal/x86_64/FIRInstallationsIDController.o /Users/hectorgarcia/Library/Developer/Xcode/DerivedData/Lyo-eagkiegzrakogpczynhkaholsscs/SourcePackages/checkouts/firebase-ios-sdk/FirebaseInstallations/Source/Library/InstallationsIDController/FIRInstallationsIDController.m normal x86_64 objective-c com.apple.compilers.llvm.clang.1_0.compiler (in target 'FirebaseInstallations' from project 'Firebase')
    cd /Users/hectorgarcia/LYO_Da_ONE/Lyo.xcodeproj
    
    Using response file: /Users/hectorgarcia/Library/Developer/Xcode/DerivedData/Build/Intermediates.noindex/Firebase.build/Debug-iphonesimulator/FirebaseInstallations.build/Objects-normal/x86_64/e6072d4f65d7061329687fe24e3d63a7-common-args.resp
    
    builtin-ScanDependencies -o /Users/hectorgarcia/Library/Developer/Xcode/DerivedData/Build/Intermediates.noindex/Firebase.build/Debug-iphonesimulator/FirebaseInstallations.build/Objects-normal/x86_64/FIRInstallationsIDController.o.scan -- /Users/hectorgarcia/Downloads/Xcode.app/Contents/Developer/Toolchains/XcodeDefault.xctoolchain/usr/bin/clang -x objective-c -ivfsstatcache /Users/hectorgarcia/Library/Developer/Xcode/DerivedData/SDKStatCaches.noindex/iphonesimulator26.2-23C53-823d3e8b6e60bc2018c189d3ca05ba9b.sdkstatcache -fmessage-length\=0 -fdiagnostics-show-note-include-stack -fmacro-backtrace-limit\=0 -fno-color-diagnostics -fmodules-prune-interval\=86400 -fmodules-prune-after\=345600 -fbuild-session-file\=/Users/hectorgarcia/Library/Developer/Xcode/DerivedData/ModuleCache.noindex/Session.modulevalidation -fmodules-validate-once-per-build-session -Wnon-modular-include-in-framework-module -Werror\=non-modular-include-in-framework-module -Wno-trigraphs -Wno-missing-field-initializers -Wno-missing-prototypes -Wno-return-type -Wno-implicit-atomic-properties -Wno-objc-interface-ivars -Wno-arc-repeated-use-of-weak -Wno-missing-braces -Wparentheses -Wswitch -Wno-unused-function -Wno-unused-label -Wno-unused-parameter -Wno-unused-variable -Wunused-value -Wno-empty-body -Wno-uninitialized -Wno-unknown-pragmas -w -Wno-shadow -Wno-four-char-constants -Wno-conversion -Wno-constant-conversion -Wno-int-conversion -Wno-bool-conversion -Wno-enum-conversion -Wno-float-conversion -Wno-non-literal-null-conversion -Wno-objc-literal-conversion -Wshorten-64-to-32 -Wpointer-sign -Wno-newline-eof -Wno-selector -Wno-strict-selector-match -Wno-undeclared-selector -Wno-deprecated-implementations -Wno-implicit-fallthrough -fstrict-aliasing -Wprotocol -Wdeprecated-declarations -Wno-sign-conversion -Wno-infinite-recursion -Wno-comma -Wno-block-capture-autoreleasing -Wno-strict-prototypes -Wno-semicolon-before-method-body -index-store-path /Users/hectorgarcia/Library/Developer/Xcode/DerivedData/Lyo-eagkiegzrakogpczynhkaholsscs/Index.noindex/DataStore @/Users/hectorgarcia/Library/Developer/Xcode/DerivedData/Build/Intermediates.noindex/Firebase.build/Debug-iphonesimulator/FirebaseInstallations.build/Objects-normal/x86_64/e6072d4f65d7061329687fe24e3d63a7-common-args.resp -include /Users/hectorgarcia/Library/Developer/Xcode/DerivedData/Build/Intermediates.noindex/Firebase.build/Debug-iphonesimulator/FirebaseInstallations.build/DerivedSources/resource_bundle_accessor.h -MMD -MT dependencies -MF /Users/hectorgarcia/Library/Developer/Xcode/DerivedData/Build/Intermediates.noindex/Firebase.build/Debug-iphonesimulator/FirebaseInstallations.build/Objects-normal/x86_64/FIRInstallationsIDController.d --serialize-diagnostics /Users/hectorgarcia/Library/Developer/Xcode/DerivedData/Build/Intermediates.noindex/Firebase.build/Debug-iphonesimulator/FirebaseInstallations.build/Objects-normal/x86_64/FIRInstallationsIDController.dia -c /Users/hectorgarcia/Library/Developer/Xcode/DerivedData/Lyo-eagkiegzrakogpczynhkaholsscs/SourcePackages/checkouts/firebase-ios-sdk/FirebaseInstallations/Source/Library/InstallationsIDController/FIRInstallationsIDController.m -o /Users/hectorgarcia/Library/Developer/Xcode/DerivedData/Build/Intermediates.noindex/Firebase.build/Debug-iphonesimulator/FirebaseInstallations.build/Objects-normal/x86_64/FIRInstallationsIDController.o -index-unit-output-path /Firebase.build/Debug-iphonesimulator/FirebaseInstallations.build/Objects-normal/x86_64/FIRInstallationsIDController.o

CompileC /Users/hectorgarcia/Library/Developer/Xcode/DerivedData/Build/Intermediates.noindex/Firebase.build/Debug-iphonesimulator/FirebaseInstallations.build/Objects-normal/x86_64/FIRInstallationsIIDStore.o /Users/hectorgarcia/Library/Developer/Xcode/DerivedData/Lyo-eagkiegzrakogpczynhkaholsscs/SourcePackages/checkouts/firebase-ios-sdk/FirebaseInstallations/Source/Library/IIDMigration/FIRInstallationsIIDStore.m normal x86_64 objective-c com.apple.compilers.llvm.clang.1_0.compiler (in target 'FirebaseInstallations' from project 'Firebase')
    cd /Users/hectorgarcia/LYO_Da_ONE/Lyo.xcodeproj
    
    Using response file: /Users/hectorgarcia/Library/Developer/Xcode/DerivedData/Build/Intermediates.noindex/Firebase.build/Debug-iphonesimulator/FirebaseInstallations.build/Objects-normal/x86_64/e6072d4f65d7061329687fe24e3d63a7-common-args.resp
    
    /Users/hectorgarcia/Downloads/Xcode.app/Contents/Developer/Toolchains/XcodeDefault.xctoolchain/usr/bin/clang -x objective-c -ivfsstatcache /Users/hectorgarcia/Library/Developer/Xcode/DerivedData/SDKStatCaches.noindex/iphonesimulator26.2-23C53-823d3e8b6e60bc2018c189d3ca05ba9b.sdkstatcache -fmessage-length\=0 -fdiagnostics-show-note-include-stack -fmacro-backtrace-limit\=0 -fno-color-diagnostics -fmodules-prune-interval\=86400 -fmodules-prune-after\=345600 -fbuild-session-file\=/Users/hectorgarcia/Library/Developer/Xcode/DerivedData/ModuleCache.noindex/Session.modulevalidation -fmodules-validate-once-per-build-session -Wnon-modular-include-in-framework-module -Werror\=non-modular-include-in-framework-module -Wno-trigraphs -Wno-missing-field-initializers -Wno-missing-prototypes -Wno-return-type -Wno-implicit-atomic-properties -Wno-objc-interface-ivars -Wno-arc-repeated-use-of-weak -Wno-missing-braces -Wparentheses -Wswitch -Wno-unused-function -Wno-unused-label -Wno-unused-parameter -Wno-unused-variable -Wunused-value -Wno-empty-body -Wno-uninitialized -Wno-unknown-pragmas -w -Wno-shadow -Wno-four-char-constants -Wno-conversion -Wno-constant-conversion -Wno-int-conversion -Wno-bool-conversion -Wno-enum-conversion -Wno-float-conversion -Wno-non-literal-null-conversion -Wno-objc-literal-conversion -Wshorten-64-to-32 -Wpointer-sign -Wno-newline-eof -Wno-selector -Wno-strict-selector-match -Wno-undeclared-selector -Wno-deprecated-implementations -Wno-implicit-fallthrough -fstrict-aliasing -Wprotocol -Wdeprecated-declarations -Wno-sign-conversion -Wno-infinite-recursion -Wno-comma -Wno-block-capture-autoreleasing -Wno-strict-prototypes -Wno-semicolon-before-method-body -index-store-path /Users/hectorgarcia/Library/Developer/Xcode/DerivedData/Lyo-eagkiegzrakogpczynhkaholsscs/Index.noindex/DataStore @/Users/hectorgarcia/Library/Developer/Xcode/DerivedData/Build/Intermediates.noindex/Firebase.build/Debug-iphonesimulator/FirebaseInstallations.build/Objects-normal/x86_64/e6072d4f65d7061329687fe24e3d63a7-common-args.resp -include /Users/hectorgarcia/Library/Developer/Xcode/DerivedData/Build/Intermediates.noindex/Firebase.build/Debug-iphonesimulator/FirebaseInstallations.build/DerivedSources/resource_bundle_accessor.h -MMD -MT dependencies -MF /Users/hectorgarcia/Library/Developer/Xcode/DerivedData/Build/Intermediates.noindex/Firebase.build/Debug-iphonesimulator/FirebaseInstallations.build/Objects-normal/x86_64/FIRInstallationsIIDStore.d --serialize-diagnostics /Users/hectorgarcia/Library/Developer/Xcode/DerivedData/Build/Intermediates.noindex/Firebase.build/Debug-iphonesimulator/FirebaseInstallations.build/Objects-normal/x86_64/FIRInstallationsIIDStore.dia -c /Users/hectorgarcia/Library/Developer/Xcode/DerivedData/Lyo-eagkiegzrakogpczynhkaholsscs/SourcePackages/checkouts/firebase-ios-sdk/FirebaseInstallations/Source/Library/IIDMigration/FIRInstallationsIIDStore.m -o /Users/hectorgarcia/Library/Developer/Xcode/DerivedData/Build/Intermediates.noindex/Firebase.build/Debug-iphonesimulator/FirebaseInstallations.build/Objects-normal/x86_64/FIRInstallationsIIDStore.o -index-unit-output-path /Firebase.build/Debug-iphonesimulator/FirebaseInstallations.build/Objects-normal/x86_64/FIRInstallationsIIDStore.o

ScanDependencies /Users/hectorgarcia/Library/Developer/Xcode/DerivedData/Build/Intermediates.noindex/Firebase.build/Debug-iphonesimulator/FirebaseInstallations.build/Objects-normal/x86_64/FIRInstallationsHTTPError.o /Users/hectorgarcia/Library/Developer/Xcode/DerivedData/Lyo-eagkiegzrakogpczynhkaholsscs/SourcePackages/checkouts/firebase-ios-sdk/FirebaseInstallations/Source/Library/Errors/FIRInstallationsHTTPError.m normal x86_64 objective-c com.apple.compilers.llvm.clang.1_0.compiler (in target 'FirebaseInstallations' from project 'Firebase')
    cd /Users/hectorgarcia/LYO_Da_ONE/Lyo.xcodeproj
    
    Using response file: /Users/hectorgarcia/Library/Developer/Xcode/DerivedData/Build/Intermediates.noindex/Firebase.build/Debug-iphonesimulator/FirebaseInstallations.build/Objects-normal/x86_64/e6072d4f65d7061329687fe24e3d63a7-common-args.resp
    
    builtin-ScanDependencies -o /Users/hectorgarcia/Library/Developer/Xcode/DerivedData/Build/Intermediates.noindex/Firebase.build/Debug-iphonesimulator/FirebaseInstallations.build/Objects-normal/x86_64/FIRInstallationsHTTPError.o.scan -- /Users/hectorgarcia/Downloads/Xcode.app/Contents/Developer/Toolchains/XcodeDefault.xctoolchain/usr/bin/clang -x objective-c -ivfsstatcache /Users/hectorgarcia/Library/Developer/Xcode/DerivedData/SDKStatCaches.noindex/iphonesimulator26.2-23C53-823d3e8b6e60bc2018c189d3ca05ba9b.sdkstatcache -fmessage-length\=0 -fdiagnostics-show-note-include-stack -fmacro-backtrace-limit\=0 -fno-color-diagnostics -fmodules-prune-interval\=86400 -fmodules-prune-after\=345600 -fbuild-session-file\=/Users/hectorgarcia/Library/Developer/Xcode/DerivedData/ModuleCache.noindex/Session.modulevalidation -fmodules-validate-once-per-build-session -Wnon-modular-include-in-framework-module -Werror\=non-modular-include-in-framework-module -Wno-trigraphs -Wno-missing-field-initializers -Wno-missing-prototypes -Wno-return-type -Wno-implicit-atomic-properties -Wno-objc-interface-ivars -Wno-arc-repeated-use-of-weak -Wno-missing-braces -Wparentheses -Wswitch -Wno-unused-function -Wno-unused-label -Wno-unused-parameter -Wno-unused-variable -Wunused-value -Wno-empty-body -Wno-uninitialized -Wno-unknown-pragmas -w -Wno-shadow -Wno-four-char-constants -Wno-conversion -Wno-constant-conversion -Wno-int-conversion -Wno-bool-conversion -Wno-enum-conversion -Wno-float-conversion -Wno-non-literal-null-conversion -Wno-objc-literal-conversion -Wshorten-64-to-32 -Wpointer-sign -Wno-newline-eof -Wno-selector -Wno-strict-selector-match -Wno-undeclared-selector -Wno-deprecated-implementations -Wno-implicit-fallthrough -fstrict-aliasing -Wprotocol -Wdeprecated-declarations -Wno-sign-conversion -Wno-infinite-recursion -Wno-comma -Wno-block-capture-autoreleasing -Wno-strict-prototypes -Wno-semicolon-before-method-body -index-store-path /Users/hectorgarcia/Library/Developer/Xcode/DerivedData/Lyo-eagkiegzrakogpczynhkaholsscs/Index.noindex/DataStore @/Users/hectorgarcia/Library/Developer/Xcode/DerivedData/Build/Intermediates.noindex/Firebase.build/Debug-iphonesimulator/FirebaseInstallations.build/Objects-normal/x86_64/e6072d4f65d7061329687fe24e3d63a7-common-args.resp -include /Users/hectorgarcia/Library/Developer/Xcode/DerivedData/Build/Intermediates.noindex/Firebase.build/Debug-iphonesimulator/FirebaseInstallations.build/DerivedSources/resource_bundle_accessor.h -MMD -MT dependencies -MF /Users/hectorgarcia/Library/Developer/Xcode/DerivedData/Build/Intermediates.noindex/Firebase.build/Debug-iphonesimulator/FirebaseInstallations.build/Objects-normal/x86_64/FIRInstallationsHTTPError.d --serialize-diagnostics /Users/hectorgarcia/Library/Developer/Xcode/DerivedData/Build/Intermediates.noindex/Firebase.build/Debug-iphonesimulator/FirebaseInstallations.build/Objects-normal/x86_64/FIRInstallationsHTTPError.dia -c /Users/hectorgarcia/Library/Developer/Xcode/DerivedData/Lyo-eagkiegzrakogpczynhkaholsscs/SourcePackages/checkouts/firebase-ios-sdk/FirebaseInstallations/Source/Library/Errors/FIRInstallationsHTTPError.m -o /Users/hectorgarcia/Library/Developer/Xcode/DerivedData/Build/Intermediates.noindex/Firebase.build/Debug-iphonesimulator/FirebaseInstallations.build/Objects-normal/x86_64/FIRInstallationsHTTPError.o -index-unit-output-path /Firebase.build/Debug-iphonesimulator/FirebaseInstallations.build/Objects-normal/x86_64/FIRInstallationsHTTPError.o

CompileC /Users/hectorgarcia/Library/Developer/Xcode/DerivedData/Build/Intermediates.noindex/Firebase.build/Debug-iphonesimulator/FirebaseInstallations.build/Objects-normal/x86_64/FIRInstallationsIDController.o /Users/hectorgarcia/Library/Developer/Xcode/DerivedData/Lyo-eagkiegzrakogpczynhkaholsscs/SourcePackages/checkouts/firebase-ios-sdk/FirebaseInstallations/Source/Library/InstallationsIDController/FIRInstallationsIDController.m normal x86_64 objective-c com.apple.compilers.llvm.clang.1_0.compiler (in target 'FirebaseInstallations' from project 'Firebase')
    cd /Users/hectorgarcia/LYO_Da_ONE/Lyo.xcodeproj
    
    Using response file: /Users/hectorgarcia/Library/Developer/Xcode/DerivedData/Build/Intermediates.noindex/Firebase.build/Debug-iphonesimulator/FirebaseInstallations.build/Objects-normal/x86_64/e6072d4f65d7061329687fe24e3d63a7-common-args.resp
    
    /Users/hectorgarcia/Downloads/Xcode.app/Contents/Developer/Toolchains/XcodeDefault.xctoolchain/usr/bin/clang -x objective-c -ivfsstatcache /Users/hectorgarcia/Library/Developer/Xcode/DerivedData/SDKStatCaches.noindex/iphonesimulator26.2-23C53-823d3e8b6e60bc2018c189d3ca05ba9b.sdkstatcache -fmessage-length\=0 -fdiagnostics-show-note-include-stack -fmacro-backtrace-limit\=0 -fno-color-diagnostics -fmodules-prune-interval\=86400 -fmodules-prune-after\=345600 -fbuild-session-file\=/Users/hectorgarcia/Library/Developer/Xcode/DerivedData/ModuleCache.noindex/Session.modulevalidation -fmodules-validate-once-per-build-session -Wnon-modular-include-in-framework-module -Werror\=non-modular-include-in-framework-module -Wno-trigraphs -Wno-missing-field-initializers -Wno-missing-prototypes -Wno-return-type -Wno-implicit-atomic-properties -Wno-objc-interface-ivars -Wno-arc-repeated-use-of-weak -Wno-missing-braces -Wparentheses -Wswitch -Wno-unused-function -Wno-unused-label -Wno-unused-parameter -Wno-unused-variable -Wunused-value -Wno-empty-body -Wno-uninitialized -Wno-unknown-pragmas -w -Wno-shadow -Wno-four-char-constants -Wno-conversion -Wno-constant-conversion -Wno-int-conversion -Wno-bool-conversion -Wno-enum-conversion -Wno-float-conversion -Wno-non-literal-null-conversion -Wno-objc-literal-conversion -Wshorten-64-to-32 -Wpointer-sign -Wno-newline-eof -Wno-selector -Wno-strict-selector-match -Wno-undeclared-selector -Wno-deprecated-implementations -Wno-implicit-fallthrough -fstrict-aliasing -Wprotocol -Wdeprecated-declarations -Wno-sign-conversion -Wno-infinite-recursion -Wno-comma -Wno-block-capture-autoreleasing -Wno-strict-prototypes -Wno-semicolon-before-method-body -index-store-path /Users/hectorgarcia/Library/Developer/Xcode/DerivedData/Lyo-eagkiegzrakogpczynhkaholsscs/Index.noindex/DataStore @/Users/hectorgarcia/Library/Developer/Xcode/DerivedData/Build/Intermediates.noindex/Firebase.build/Debug-iphonesimulator/FirebaseInstallations.build/Objects-normal/x86_64/e6072d4f65d7061329687fe24e3d63a7-common-args.resp -include /Users/hectorgarcia/Library/Developer/Xcode/DerivedData/Build/Intermediates.noindex/Firebase.build/Debug-iphonesimulator/FirebaseInstallations.build/DerivedSources/resource_bundle_accessor.h -MMD -MT dependencies -MF /Users/hectorgarcia/Library/Developer/Xcode/DerivedData/Build/Intermediates.noindex/Firebase.build/Debug-iphonesimulator/FirebaseInstallations.build/Objects-normal/x86_64/FIRInstallationsIDController.d --serialize-diagnostics /Users/hectorgarcia/Library/Developer/Xcode/DerivedData/Build/Intermediates.noindex/Firebase.build/Debug-iphonesimulator/FirebaseInstallations.build/Objects-normal/x86_64/FIRInstallationsIDController.dia -c /Users/hectorgarcia/Library/Developer/Xcode/DerivedData/Lyo-eagkiegzrakogpczynhkaholsscs/SourcePackages/checkouts/firebase-ios-sdk/FirebaseInstallations/Source/Library/InstallationsIDController/FIRInstallationsIDController.m -o /Users/hectorgarcia/Library/Developer/Xcode/DerivedData/Build/Intermediates.noindex/Firebase.build/Debug-iphonesimulator/FirebaseInstallations.build/Objects-normal/x86_64/FIRInstallationsIDController.o -index-unit-output-path /Firebase.build/Debug-iphonesimulator/FirebaseInstallations.build/Objects-normal/x86_64/FIRInstallationsIDController.o

CompileC /Users/hectorgarcia/Library/Developer/Xcode/DerivedData/Build/Intermediates.noindex/Firebase.build/Debug-iphonesimulator/FirebaseInstallations.build/Objects-normal/x86_64/FIRInstallationsHTTPError.o /Users/hectorgarcia/Library/Developer/Xcode/DerivedData/Lyo-eagkiegzrakogpczynhkaholsscs/SourcePackages/checkouts/firebase-ios-sdk/FirebaseInstallations/Source/Library/Errors/FIRInstallationsHTTPError.m normal x86_64 objective-c com.apple.compilers.llvm.clang.1_0.compiler (in target 'FirebaseInstallations' from project 'Firebase')
    cd /Users/hectorgarcia/LYO_Da_ONE/Lyo.xcodeproj
    
    Using response file: /Users/hectorgarcia/Library/Developer/Xcode/DerivedData/Build/Intermediates.noindex/Firebase.build/Debug-iphonesimulator/FirebaseInstallations.build/Objects-normal/x86_64/e6072d4f65d7061329687fe24e3d63a7-common-args.resp
    
    /Users/hectorgarcia/Downloads/Xcode.app/Contents/Developer/Toolchains/XcodeDefault.xctoolchain/usr/bin/clang -x objective-c -ivfsstatcache /Users/hectorgarcia/Library/Developer/Xcode/DerivedData/SDKStatCaches.noindex/iphonesimulator26.2-23C53-823d3e8b6e60bc2018c189d3ca05ba9b.sdkstatcache -fmessage-length\=0 -fdiagnostics-show-note-include-stack -fmacro-backtrace-limit\=0 -fno-color-diagnostics -fmodules-prune-interval\=86400 -fmodules-prune-after\=345600 -fbuild-session-file\=/Users/hectorgarcia/Library/Developer/Xcode/DerivedData/ModuleCache.noindex/Session.modulevalidation -fmodules-validate-once-per-build-session -Wnon-modular-include-in-framework-module -Werror\=non-modular-include-in-framework-module -Wno-trigraphs -Wno-missing-field-initializers -Wno-missing-prototypes -Wno-return-type -Wno-implicit-atomic-properties -Wno-objc-interface-ivars -Wno-arc-repeated-use-of-weak -Wno-missing-braces -Wparentheses -Wswitch -Wno-unused-function -Wno-unused-label -Wno-unused-parameter -Wno-unused-variable -Wunused-value -Wno-empty-body -Wno-uninitialized -Wno-unknown-pragmas -w -Wno-shadow -Wno-four-char-constants -Wno-conversion -Wno-constant-conversion -Wno-int-conversion -Wno-bool-conversion -Wno-enum-conversion -Wno-float-conversion -Wno-non-literal-null-conversion -Wno-objc-literal-conversion -Wshorten-64-to-32 -Wpointer-sign -Wno-newline-eof -Wno-selector -Wno-strict-selector-match -Wno-undeclared-selector -Wno-deprecated-implementations -Wno-implicit-fallthrough -fstrict-aliasing -Wprotocol -Wdeprecated-declarations -Wno-sign-conversion -Wno-infinite-recursion -Wno-comma -Wno-block-capture-autoreleasing -Wno-strict-prototypes -Wno-semicolon-before-method-body -index-store-path /Users/hectorgarcia/Library/Developer/Xcode/DerivedData/Lyo-eagkiegzrakogpczynhkaholsscs/Index.noindex/DataStore @/Users/hectorgarcia/Library/Developer/Xcode/DerivedData/Build/Intermediates.noindex/Firebase.build/Debug-iphonesimulator/FirebaseInstallations.build/Objects-normal/x86_64/e6072d4f65d7061329687fe24e3d63a7-common-args.resp -include /Users/hectorgarcia/Library/Developer/Xcode/DerivedData/Build/Intermediates.noindex/Firebase.build/Debug-iphonesimulator/FirebaseInstallations.build/DerivedSources/resource_bundle_accessor.h -MMD -MT dependencies -MF /Users/hectorgarcia/Library/Developer/Xcode/DerivedData/Build/Intermediates.noindex/Firebase.build/Debug-iphonesimulator/FirebaseInstallations.build/Objects-normal/x86_64/FIRInstallationsHTTPError.d --serialize-diagnostics /Users/hectorgarcia/Library/Developer/Xcode/DerivedData/Build/Intermediates.noindex/Firebase.build/Debug-iphonesimulator/FirebaseInstallations.build/Objects-normal/x86_64/FIRInstallationsHTTPError.dia -c /Users/hectorgarcia/Library/Developer/Xcode/DerivedData/Lyo-eagkiegzrakogpczynhkaholsscs/SourcePackages/checkouts/firebase-ios-sdk/FirebaseInstallations/Source/Library/Errors/FIRInstallationsHTTPError.m -o /Users/hectorgarcia/Library/Developer/Xcode/DerivedData/Build/Intermediates.noindex/Firebase.build/Debug-iphonesimulator/FirebaseInstallations.build/Objects-normal/x86_64/FIRInstallationsHTTPError.o -index-unit-output-path /Firebase.build/Debug-iphonesimulator/FirebaseInstallations.build/Objects-normal/x86_64/FIRInstallationsHTTPError.o

ScanDependencies /Users/hectorgarcia/Library/Developer/Xcode/DerivedData/Build/Intermediates.noindex/Firebase.build/Debug-iphonesimulator/FirebaseInstallations.build/Objects-normal/x86_64/FIRInstallationsErrorUtil.o /Users/hectorgarcia/Library/Developer/Xcode/DerivedData/Lyo-eagkiegzrakogpczynhkaholsscs/SourcePackages/checkouts/firebase-ios-sdk/FirebaseInstallations/Source/Library/Errors/FIRInstallationsErrorUtil.m normal x86_64 objective-c com.apple.compilers.llvm.clang.1_0.compiler (in target 'FirebaseInstallations' from project 'Firebase')
    cd /Users/hectorgarcia/LYO_Da_ONE/Lyo.xcodeproj
    
    Using response file: /Users/hectorgarcia/Library/Developer/Xcode/DerivedData/Build/Intermediates.noindex/Firebase.build/Debug-iphonesimulator/FirebaseInstallations.build/Objects-normal/x86_64/e6072d4f65d7061329687fe24e3d63a7-common-args.resp
    
    builtin-ScanDependencies -o /Users/hectorgarcia/Library/Developer/Xcode/DerivedData/Build/Intermediates.noindex/Firebase.build/Debug-iphonesimulator/FirebaseInstallations.build/Objects-normal/x86_64/FIRInstallationsErrorUtil.o.scan -- /Users/hectorgarcia/Downloads/Xcode.app/Contents/Developer/Toolchains/XcodeDefault.xctoolchain/usr/bin/clang -x objective-c -ivfsstatcache /Users/hectorgarcia/Library/Developer/Xcode/DerivedData/SDKStatCaches.noindex/iphonesimulator26.2-23C53-823d3e8b6e60bc2018c189d3ca05ba9b.sdkstatcache -fmessage-length\=0 -fdiagnostics-show-note-include-stack -fmacro-backtrace-limit\=0 -fno-color-diagnostics -fmodules-prune-interval\=86400 -fmodules-prune-after\=345600 -fbuild-session-file\=/Users/hectorgarcia/Library/Developer/Xcode/DerivedData/ModuleCache.noindex/Session.modulevalidation -fmodules-validate-once-per-build-session -Wnon-modular-include-in-framework-module -Werror\=non-modular-include-in-framework-module -Wno-trigraphs -Wno-missing-field-initializers -Wno-missing-prototypes -Wno-return-type -Wno-implicit-atomic-properties -Wno-objc-interface-ivars -Wno-arc-repeated-use-of-weak -Wno-missing-braces -Wparentheses -Wswitch -Wno-unused-function -Wno-unused-label -Wno-unused-parameter -Wno-unused-variable -Wunused-value -Wno-empty-body -Wno-uninitialized -Wno-unknown-pragmas -w -Wno-shadow -Wno-four-char-constants -Wno-conversion -Wno-constant-conversion -Wno-int-conversion -Wno-bool-conversion -Wno-enum-conversion -Wno-float-conversion -Wno-non-literal-null-conversion -Wno-objc-literal-conversion -Wshorten-64-to-32 -Wpointer-sign -Wno-newline-eof -Wno-selector -Wno-strict-selector-match -Wno-undeclared-selector -Wno-deprecated-implementations -Wno-implicit-fallthrough -fstrict-aliasing -Wprotocol -Wdeprecated-declarations -Wno-sign-conversion -Wno-infinite-recursion -Wno-comma -Wno-block-capture-autoreleasing -Wno-strict-prototypes -Wno-semicolon-before-method-body -index-store-path /Users/hectorgarcia/Library/Developer/Xcode/DerivedData/Lyo-eagkiegzrakogpczynhkaholsscs/Index.noindex/DataStore @/Users/hectorgarcia/Library/Developer/Xcode/DerivedData/Build/Intermediates.noindex/Firebase.build/Debug-iphonesimulator/FirebaseInstallations.build/Objects-normal/x86_64/e6072d4f65d7061329687fe24e3d63a7-common-args.resp -include /Users/hectorgarcia/Library/Developer/Xcode/DerivedData/Build/Intermediates.noindex/Firebase.build/Debug-iphonesimulator/FirebaseInstallations.build/DerivedSources/resource_bundle_accessor.h -MMD -MT dependencies -MF /Users/hectorgarcia/Library/Developer/Xcode/DerivedData/Build/Intermediates.noindex/Firebase.build/Debug-iphonesimulator/FirebaseInstallations.build/Objects-normal/x86_64/FIRInstallationsErrorUtil.d --serialize-diagnostics /Users/hectorgarcia/Library/Developer/Xcode/DerivedData/Build/Intermediates.noindex/Firebase.build/Debug-iphonesimulator/FirebaseInstallations.build/Objects-normal/x86_64/FIRInstallationsErrorUtil.dia -c /Users/hectorgarcia/Library/Developer/Xcode/DerivedData/Lyo-eagkiegzrakogpczynhkaholsscs/SourcePackages/checkouts/firebase-ios-sdk/FirebaseInstallations/Source/Library/Errors/FIRInstallationsErrorUtil.m -o /Users/hectorgarcia/Library/Developer/Xcode/DerivedData/Build/Intermediates.noindex/Firebase.build/Debug-iphonesimulator/FirebaseInstallations.build/Objects-normal/x86_64/FIRInstallationsErrorUtil.o -index-unit-output-path /Firebase.build/Debug-iphonesimulator/FirebaseInstallations.build/Objects-normal/x86_64/FIRInstallationsErrorUtil.o

SwiftExplicitDependencyGeneratePcm x86_64 /Users/hectorgarcia/Library/Developer/Xcode/DerivedData/Build/Intermediates.noindex/SwiftExplicitPrecompiledModules/FirebaseInstallations-7WQ977RKAJ75TQ2Q8BQW8M21D.pcm

SwiftExplicitDependencyGeneratePcm x86_64 /Users/hectorgarcia/Library/Developer/Xcode/DerivedData/Build/Intermediates.noindex/SwiftExplicitPrecompiledModules/FBLPromises-E58RYW2X9HXTXXIAEGCHUAVLT.pcm

SwiftExplicitDependencyGeneratePcm x86_64 /Users/hectorgarcia/Library/Developer/Xcode/DerivedData/Build/Intermediates.noindex/SwiftExplicitPrecompiledModules/GoogleUtilities_UserDefaults-1MYLSM2UKZMN70CJYOCSZHBEM.pcm

SwiftExplicitDependencyGeneratePcm x86_64 /Users/hectorgarcia/Library/Developer/Xcode/DerivedData/Build/Intermediates.noindex/SwiftExplicitPrecompiledModules/GoogleDataTransport-1I51VJP3VR2OZ1OG1VOHD7KIM.pcm

SwiftExplicitDependencyGeneratePcm x86_64 /Users/hectorgarcia/Library/Developer/Xcode/DerivedData/Build/Intermediates.noindex/SwiftExplicitPrecompiledModules/FirebaseCore-1ZV2A8ALZE782QR1L2Z4R7OI6.pcm

SwiftExplicitDependencyGeneratePcm x86_64 /Users/hectorgarcia/Library/Developer/Xcode/DerivedData/Build/Intermediates.noindex/SwiftExplicitPrecompiledModules/nanopb-CD8EKZTEUY2K8HBTJW5VEFL57.pcm

SwiftExplicitDependencyGeneratePcm x86_64 /Users/hectorgarcia/Library/Developer/Xcode/DerivedData/Build/Intermediates.noindex/SwiftExplicitPrecompiledModules/GoogleUtilities_Environment-3B79AADMCIJ1S95LDKM1HP9WO.pcm

CompileC /Users/hectorgarcia/Library/Developer/Xcode/DerivedData/Build/Intermediates.noindex/Firebase.build/Debug-iphonesimulator/FirebaseInstallations.build/Objects-normal/x86_64/FIRInstallationsErrorUtil.o /Users/hectorgarcia/Library/Developer/Xcode/DerivedData/Lyo-eagkiegzrakogpczynhkaholsscs/SourcePackages/checkouts/firebase-ios-sdk/FirebaseInstallations/Source/Library/Errors/FIRInstallationsErrorUtil.m normal x86_64 objective-c com.apple.compilers.llvm.clang.1_0.compiler (in target 'FirebaseInstallations' from project 'Firebase')
    cd /Users/hectorgarcia/LYO_Da_ONE/Lyo.xcodeproj
    
    Using response file: /Users/hectorgarcia/Library/Developer/Xcode/DerivedData/Build/Intermediates.noindex/Firebase.build/Debug-iphonesimulator/FirebaseInstallations.build/Objects-normal/x86_64/e6072d4f65d7061329687fe24e3d63a7-common-args.resp
    
    /Users/hectorgarcia/Downloads/Xcode.app/Contents/Developer/Toolchains/XcodeDefault.xctoolchain/usr/bin/clang -x objective-c -ivfsstatcache /Users/hectorgarcia/Library/Developer/Xcode/DerivedData/SDKStatCaches.noindex/iphonesimulator26.2-23C53-823d3e8b6e60bc2018c189d3ca05ba9b.sdkstatcache -fmessage-length\=0 -fdiagnostics-show-note-include-stack -fmacro-backtrace-limit\=0 -fno-color-diagnostics -fmodules-prune-interval\=86400 -fmodules-prune-after\=345600 -fbuild-session-file\=/Users/hectorgarcia/Library/Developer/Xcode/DerivedData/ModuleCache.noindex/Session.modulevalidation -fmodules-validate-once-per-build-session -Wnon-modular-include-in-framework-module -Werror\=non-modular-include-in-framework-module -Wno-trigraphs -Wno-missing-field-initializers -Wno-missing-prototypes -Wno-return-type -Wno-implicit-atomic-properties -Wno-objc-interface-ivars -Wno-arc-repeated-use-of-weak -Wno-missing-braces -Wparentheses -Wswitch -Wno-unused-function -Wno-unused-label -Wno-unused-parameter -Wno-unused-variable -Wunused-value -Wno-empty-body -Wno-uninitialized -Wno-unknown-pragmas -w -Wno-shadow -Wno-four-char-constants -Wno-conversion -Wno-constant-conversion -Wno-int-conversion -Wno-bool-conversion -Wno-enum-conversion -Wno-float-conversion -Wno-non-literal-null-conversion -Wno-objc-literal-conversion -Wshorten-64-to-32 -Wpointer-sign -Wno-newline-eof -Wno-selector -Wno-strict-selector-match -Wno-undeclared-selector -Wno-deprecated-implementations -Wno-implicit-fallthrough -fstrict-aliasing -Wprotocol -Wdeprecated-declarations -Wno-sign-conversion -Wno-infinite-recursion -Wno-comma -Wno-block-capture-autoreleasing -Wno-strict-prototypes -Wno-semicolon-before-method-body -index-store-path /Users/hectorgarcia/Library/Developer/Xcode/DerivedData/Lyo-eagkiegzrakogpczynhkaholsscs/Index.noindex/DataStore @/Users/hectorgarcia/Library/Developer/Xcode/DerivedData/Build/Intermediates.noindex/Firebase.build/Debug-iphonesimulator/FirebaseInstallations.build/Objects-normal/x86_64/e6072d4f65d7061329687fe24e3d63a7-common-args.resp -include /Users/hectorgarcia/Library/Developer/Xcode/DerivedData/Build/Intermediates.noindex/Firebase.build/Debug-iphonesimulator/FirebaseInstallations.build/DerivedSources/resource_bundle_accessor.h -MMD -MT dependencies -MF /Users/hectorgarcia/Library/Developer/Xcode/DerivedData/Build/Intermediates.noindex/Firebase.build/Debug-iphonesimulator/FirebaseInstallations.build/Objects-normal/x86_64/FIRInstallationsErrorUtil.d --serialize-diagnostics /Users/hectorgarcia/Library/Developer/Xcode/DerivedData/Build/Intermediates.noindex/Firebase.build/Debug-iphonesimulator/FirebaseInstallations.build/Objects-normal/x86_64/FIRInstallationsErrorUtil.dia -c /Users/hectorgarcia/Library/Developer/Xcode/DerivedData/Lyo-eagkiegzrakogpczynhkaholsscs/SourcePackages/checkouts/firebase-ios-sdk/FirebaseInstallations/Source/Library/Errors/FIRInstallationsErrorUtil.m -o /Users/hectorgarcia/Library/Developer/Xcode/DerivedData/Build/Intermediates.noindex/Firebase.build/Debug-iphonesimulator/FirebaseInstallations.build/Objects-normal/x86_64/FIRInstallationsErrorUtil.o -index-unit-output-path /Firebase.build/Debug-iphonesimulator/FirebaseInstallations.build/Objects-normal/x86_64/FIRInstallationsErrorUtil.o

PrecompileModule /Users/hectorgarcia/Library/Developer/Xcode/DerivedData/Build/Intermediates.noindex/ExplicitPrecompiledModules/ObjectiveC-7VWKRZFM5REBLS7JVY2J9XOQ9.scan
    cd /
    builtin-precompileModule /Users/hectorgarcia/Library/Developer/Xcode/DerivedData/Build/Intermediates.noindex/ExplicitPrecompiledModules/ObjectiveC-7VWKRZFM5REBLS7JVY2J9XOQ9.scan

ScanDependencies /Users/hectorgarcia/Library/Developer/Xcode/DerivedData/Build/Intermediates.noindex/Firebase.build/Debug-iphonesimulator/FirebaseInstallations.build/Objects-normal/x86_64/FIRInstallationsBackoffController.o /Users/hectorgarcia/Library/Developer/Xcode/DerivedData/Lyo-eagkiegzrakogpczynhkaholsscs/SourcePackages/checkouts/firebase-ios-sdk/FirebaseInstallations/Source/Library/InstallationsIDController/FIRInstallationsBackoffController.m normal x86_64 objective-c com.apple.compilers.llvm.clang.1_0.compiler (in target 'FirebaseInstallations' from project 'Firebase')
    cd /Users/hectorgarcia/LYO_Da_ONE/Lyo.xcodeproj
    
    Using response file: /Users/hectorgarcia/Library/Developer/Xcode/DerivedData/Build/Intermediates.noindex/Firebase.build/Debug-iphonesimulator/FirebaseInstallations.build/Objects-normal/x86_64/e6072d4f65d7061329687fe24e3d63a7-common-args.resp
    
    builtin-ScanDependencies -o /Users/hectorgarcia/Library/Developer/Xcode/DerivedData/Build/Intermediates.noindex/Firebase.build/Debug-iphonesimulator/FirebaseInstallations.build/Objects-normal/x86_64/FIRInstallationsBackoffController.o.scan -- /Users/hectorgarcia/Downloads/Xcode.app/Contents/Developer/Toolchains/XcodeDefault.xctoolchain/usr/bin/clang -x objective-c -ivfsstatcache /Users/hectorgarcia/Library/Developer/Xcode/DerivedData/SDKStatCaches.noindex/iphonesimulator26.2-23C53-823d3e8b6e60bc2018c189d3ca05ba9b.sdkstatcache -fmessage-length\=0 -fdiagnostics-show-note-include-stack -fmacro-backtrace-limit\=0 -fno-color-diagnostics -fmodules-prune-interval\=86400 -fmodules-prune-after\=345600 -fbuild-session-file\=/Users/hectorgarcia/Library/Developer/Xcode/DerivedData/ModuleCache.noindex/Session.modulevalidation -fmodules-validate-once-per-build-session -Wnon-modular-include-in-framework-module -Werror\=non-modular-include-in-framework-module -Wno-trigraphs -Wno-missing-field-initializers -Wno-missing-prototypes -Wno-return-type -Wno-implicit-atomic-properties -Wno-objc-interface-ivars -Wno-arc-repeated-use-of-weak -Wno-missing-braces -Wparentheses -Wswitch -Wno-unused-function -Wno-unused-label -Wno-unused-parameter -Wno-unused-variable -Wunused-value -Wno-empty-body -Wno-uninitialized -Wno-unknown-pragmas -w -Wno-shadow -Wno-four-char-constants -Wno-conversion -Wno-constant-conversion -Wno-int-conversion -Wno-bool-conversion -Wno-enum-conversion -Wno-float-conversion -Wno-non-literal-null-conversion -Wno-objc-literal-conversion -Wshorten-64-to-32 -Wpointer-sign -Wno-newline-eof -Wno-selector -Wno-strict-selector-match -Wno-undeclared-selector -Wno-deprecated-implementations -Wno-implicit-fallthrough -fstrict-aliasing -Wprotocol -Wdeprecated-declarations -Wno-sign-conversion -Wno-infinite-recursion -Wno-comma -Wno-block-capture-autoreleasing -Wno-strict-prototypes -Wno-semicolon-before-method-body -index-store-path /Users/hectorgarcia/Library/Developer/Xcode/DerivedData/Lyo-eagkiegzrakogpczynhkaholsscs/Index.noindex/DataStore @/Users/hectorgarcia/Library/Developer/Xcode/DerivedData/Build/Intermediates.noindex/Firebase.build/Debug-iphonesimulator/FirebaseInstallations.build/Objects-normal/x86_64/e6072d4f65d7061329687fe24e3d63a7-common-args.resp -include /Users/hectorgarcia/Library/Developer/Xcode/DerivedData/Build/Intermediates.noindex/Firebase.build/Debug-iphonesimulator/FirebaseInstallations.build/DerivedSources/resource_bundle_accessor.h -MMD -MT dependencies -MF /Users/hectorgarcia/Library/Developer/Xcode/DerivedData/Build/Intermediates.noindex/Firebase.build/Debug-iphonesimulator/FirebaseInstallations.build/Objects-normal/x86_64/FIRInstallationsBackoffController.d --serialize-diagnostics /Users/hectorgarcia/Library/Developer/Xcode/DerivedData/Build/Intermediates.noindex/Firebase.build/Debug-iphonesimulator/FirebaseInstallations.build/Objects-normal/x86_64/FIRInstallationsBackoffController.dia -c /Users/hectorgarcia/Library/Developer/Xcode/DerivedData/Lyo-eagkiegzrakogpczynhkaholsscs/SourcePackages/checkouts/firebase-ios-sdk/FirebaseInstallations/Source/Library/InstallationsIDController/FIRInstallationsBackoffController.m -o /Users/hectorgarcia/Library/Developer/Xcode/DerivedData/Build/Intermediates.noindex/Firebase.build/Debug-iphonesimulator/FirebaseInstallations.build/Objects-normal/x86_64/FIRInstallationsBackoffController.o -index-unit-output-path /Firebase.build/Debug-iphonesimulator/FirebaseInstallations.build/Objects-normal/x86_64/FIRInstallationsBackoffController.o

ScanDependencies /Users/hectorgarcia/Library/Developer/Xcode/DerivedData/Build/Intermediates.noindex/Firebase.build/Debug-iphonesimulator/FirebaseInstallations.build/Objects-normal/x86_64/FIRInstallationsAuthTokenResult.o /Users/hectorgarcia/Library/Developer/Xcode/DerivedData/Lyo-eagkiegzrakogpczynhkaholsscs/SourcePackages/checkouts/firebase-ios-sdk/FirebaseInstallations/Source/Library/FIRInstallationsAuthTokenResult.m normal x86_64 objective-c com.apple.compilers.llvm.clang.1_0.compiler (in target 'FirebaseInstallations' from project 'Firebase')
    cd /Users/hectorgarcia/LYO_Da_ONE/Lyo.xcodeproj
    
    Using response file: /Users/hectorgarcia/Library/Developer/Xcode/DerivedData/Build/Intermediates.noindex/Firebase.build/Debug-iphonesimulator/FirebaseInstallations.build/Objects-normal/x86_64/e6072d4f65d7061329687fe24e3d63a7-common-args.resp
    
    builtin-ScanDependencies -o /Users/hectorgarcia/Library/Developer/Xcode/DerivedData/Build/Intermediates.noindex/Firebase.build/Debug-iphonesimulator/FirebaseInstallations.build/Objects-normal/x86_64/FIRInstallationsAuthTokenResult.o.scan -- /Users/hectorgarcia/Downloads/Xcode.app/Contents/Developer/Toolchains/XcodeDefault.xctoolchain/usr/bin/clang -x objective-c -ivfsstatcache /Users/hectorgarcia/Library/Developer/Xcode/DerivedData/SDKStatCaches.noindex/iphonesimulator26.2-23C53-823d3e8b6e60bc2018c189d3ca05ba9b.sdkstatcache -fmessage-length\=0 -fdiagnostics-show-note-include-stack -fmacro-backtrace-limit\=0 -fno-color-diagnostics -fmodules-prune-interval\=86400 -fmodules-prune-after\=345600 -fbuild-session-file\=/Users/hectorgarcia/Library/Developer/Xcode/DerivedData/ModuleCache.noindex/Session.modulevalidation -fmodules-validate-once-per-build-session -Wnon-modular-include-in-framework-module -Werror\=non-modular-include-in-framework-module -Wno-trigraphs -Wno-missing-field-initializers -Wno-missing-prototypes -Wno-return-type -Wno-implicit-atomic-properties -Wno-objc-interface-ivars -Wno-arc-repeated-use-of-weak -Wno-missing-braces -Wparentheses -Wswitch -Wno-unused-function -Wno-unused-label -Wno-unused-parameter -Wno-unused-variable -Wunused-value -Wno-empty-body -Wno-uninitialized -Wno-unknown-pragmas -w -Wno-shadow -Wno-four-char-constants -Wno-conversion -Wno-constant-conversion -Wno-int-conversion -Wno-bool-conversion -Wno-enum-conversion -Wno-float-conversion -Wno-non-literal-null-conversion -Wno-objc-literal-conversion -Wshorten-64-to-32 -Wpointer-sign -Wno-newline-eof -Wno-selector -Wno-strict-selector-match -Wno-undeclared-selector -Wno-deprecated-implementations -Wno-implicit-fallthrough -fstrict-aliasing -Wprotocol -Wdeprecated-declarations -Wno-sign-conversion -Wno-infinite-recursion -Wno-comma -Wno-block-capture-autoreleasing -Wno-strict-prototypes -Wno-semicolon-before-method-body -index-store-path /Users/hectorgarcia/Library/Developer/Xcode/DerivedData/Lyo-eagkiegzrakogpczynhkaholsscs/Index.noindex/DataStore @/Users/hectorgarcia/Library/Developer/Xcode/DerivedData/Build/Intermediates.noindex/Firebase.build/Debug-iphonesimulator/FirebaseInstallations.build/Objects-normal/x86_64/e6072d4f65d7061329687fe24e3d63a7-common-args.resp -include /Users/hectorgarcia/Library/Developer/Xcode/DerivedData/Build/Intermediates.noindex/Firebase.build/Debug-iphonesimulator/FirebaseInstallations.build/DerivedSources/resource_bundle_accessor.h -MMD -MT dependencies -MF /Users/hectorgarcia/Library/Developer/Xcode/DerivedData/Build/Intermediates.noindex/Firebase.build/Debug-iphonesimulator/FirebaseInstallations.build/Objects-normal/x86_64/FIRInstallationsAuthTokenResult.d --serialize-diagnostics /Users/hectorgarcia/Library/Developer/Xcode/DerivedData/Build/Intermediates.noindex/Firebase.build/Debug-iphonesimulator/FirebaseInstallations.build/Objects-normal/x86_64/FIRInstallationsAuthTokenResult.dia -c /Users/hectorgarcia/Library/Developer/Xcode/DerivedData/Lyo-eagkiegzrakogpczynhkaholsscs/SourcePackages/checkouts/firebase-ios-sdk/FirebaseInstallations/Source/Library/FIRInstallationsAuthTokenResult.m -o /Users/hectorgarcia/Library/Developer/Xcode/DerivedData/Build/Intermediates.noindex/Firebase.build/Debug-iphonesimulator/FirebaseInstallations.build/Objects-normal/x86_64/FIRInstallationsAuthTokenResult.o -index-unit-output-path /Firebase.build/Debug-iphonesimulator/FirebaseInstallations.build/Objects-normal/x86_64/FIRInstallationsAuthTokenResult.o

CompileC /Users/hectorgarcia/Library/Developer/Xcode/DerivedData/Build/Intermediates.noindex/Firebase.build/Debug-iphonesimulator/FirebaseInstallations.build/Objects-normal/x86_64/FIRInstallationsBackoffController.o /Users/hectorgarcia/Library/Developer/Xcode/DerivedData/Lyo-eagkiegzrakogpczynhkaholsscs/SourcePackages/checkouts/firebase-ios-sdk/FirebaseInstallations/Source/Library/InstallationsIDController/FIRInstallationsBackoffController.m normal x86_64 objective-c com.apple.compilers.llvm.clang.1_0.compiler (in target 'FirebaseInstallations' from project 'Firebase')
    cd /Users/hectorgarcia/LYO_Da_ONE/Lyo.xcodeproj
    
    Using response file: /Users/hectorgarcia/Library/Developer/Xcode/DerivedData/Build/Intermediates.noindex/Firebase.build/Debug-iphonesimulator/FirebaseInstallations.build/Objects-normal/x86_64/e6072d4f65d7061329687fe24e3d63a7-common-args.resp
    
    /Users/hectorgarcia/Downloads/Xcode.app/Contents/Developer/Toolchains/XcodeDefault.xctoolchain/usr/bin/clang -x objective-c -ivfsstatcache /Users/hectorgarcia/Library/Developer/Xcode/DerivedData/SDKStatCaches.noindex/iphonesimulator26.2-23C53-823d3e8b6e60bc2018c189d3ca05ba9b.sdkstatcache -fmessage-length\=0 -fdiagnostics-show-note-include-stack -fmacro-backtrace-limit\=0 -fno-color-diagnostics -fmodules-prune-interval\=86400 -fmodules-prune-after\=345600 -fbuild-session-file\=/Users/hectorgarcia/Library/Developer/Xcode/DerivedData/ModuleCache.noindex/Session.modulevalidation -fmodules-validate-once-per-build-session -Wnon-modular-include-in-framework-module -Werror\=non-modular-include-in-framework-module -Wno-trigraphs -Wno-missing-field-initializers -Wno-missing-prototypes -Wno-return-type -Wno-implicit-atomic-properties -Wno-objc-interface-ivars -Wno-arc-repeated-use-of-weak -Wno-missing-braces -Wparentheses -Wswitch -Wno-unused-function -Wno-unused-label -Wno-unused-parameter -Wno-unused-variable -Wunused-value -Wno-empty-body -Wno-uninitialized -Wno-unknown-pragmas -w -Wno-shadow -Wno-four-char-constants -Wno-conversion -Wno-constant-conversion -Wno-int-conversion -Wno-bool-conversion -Wno-enum-conversion -Wno-float-conversion -Wno-non-literal-null-conversion -Wno-objc-literal-conversion -Wshorten-64-to-32 -Wpointer-sign -Wno-newline-eof -Wno-selector -Wno-strict-selector-match -Wno-undeclared-selector -Wno-deprecated-implementations -Wno-implicit-fallthrough -fstrict-aliasing -Wprotocol -Wdeprecated-declarations -Wno-sign-conversion -Wno-infinite-recursion -Wno-comma -Wno-block-capture-autoreleasing -Wno-strict-prototypes -Wno-semicolon-before-method-body -index-store-path /Users/hectorgarcia/Library/Developer/Xcode/DerivedData/Lyo-eagkiegzrakogpczynhkaholsscs/Index.noindex/DataStore @/Users/hectorgarcia/Library/Developer/Xcode/DerivedData/Build/Intermediates.noindex/Firebase.build/Debug-iphonesimulator/FirebaseInstallations.build/Objects-normal/x86_64/e6072d4f65d7061329687fe24e3d63a7-common-args.resp -include /Users/hectorgarcia/Library/Developer/Xcode/DerivedData/Build/Intermediates.noindex/Firebase.build/Debug-iphonesimulator/FirebaseInstallations.build/DerivedSources/resource_bundle_accessor.h -MMD -MT dependencies -MF /Users/hectorgarcia/Library/Developer/Xcode/DerivedData/Build/Intermediates.noindex/Firebase.build/Debug-iphonesimulator/FirebaseInstallations.build/Objects-normal/x86_64/FIRInstallationsBackoffController.d --serialize-diagnostics /Users/hectorgarcia/Library/Developer/Xcode/DerivedData/Build/Intermediates.noindex/Firebase.build/Debug-iphonesimulator/FirebaseInstallations.build/Objects-normal/x86_64/FIRInstallationsBackoffController.dia -c /Users/hectorgarcia/Library/Developer/Xcode/DerivedData/Lyo-eagkiegzrakogpczynhkaholsscs/SourcePackages/checkouts/firebase-ios-sdk/FirebaseInstallations/Source/Library/InstallationsIDController/FIRInstallationsBackoffController.m -o /Users/hectorgarcia/Library/Developer/Xcode/DerivedData/Build/Intermediates.noindex/Firebase.build/Debug-iphonesimulator/FirebaseInstallations.build/Objects-normal/x86_64/FIRInstallationsBackoffController.o -index-unit-output-path /Firebase.build/Debug-iphonesimulator/FirebaseInstallations.build/Objects-normal/x86_64/FIRInstallationsBackoffController.o

CompileC /Users/hectorgarcia/Library/Developer/Xcode/DerivedData/Build/Intermediates.noindex/Firebase.build/Debug-iphonesimulator/FirebaseInstallations.build/Objects-normal/x86_64/FIRInstallationsAuthTokenResult.o /Users/hectorgarcia/Library/Developer/Xcode/DerivedData/Lyo-eagkiegzrakogpczynhkaholsscs/SourcePackages/checkouts/firebase-ios-sdk/FirebaseInstallations/Source/Library/FIRInstallationsAuthTokenResult.m normal x86_64 objective-c com.apple.compilers.llvm.clang.1_0.compiler (in target 'FirebaseInstallations' from project 'Firebase')
    cd /Users/hectorgarcia/LYO_Da_ONE/Lyo.xcodeproj
    
    Using response file: /Users/hectorgarcia/Library/Developer/Xcode/DerivedData/Build/Intermediates.noindex/Firebase.build/Debug-iphonesimulator/FirebaseInstallations.build/Objects-normal/x86_64/e6072d4f65d7061329687fe24e3d63a7-common-args.resp
    
    /Users/hectorgarcia/Downloads/Xcode.app/Contents/Developer/Toolchains/XcodeDefault.xctoolchain/usr/bin/clang -x objective-c -ivfsstatcache /Users/hectorgarcia/Library/Developer/Xcode/DerivedData/SDKStatCaches.noindex/iphonesimulator26.2-23C53-823d3e8b6e60bc2018c189d3ca05ba9b.sdkstatcache -fmessage-length\=0 -fdiagnostics-show-note-include-stack -fmacro-backtrace-limit\=0 -fno-color-diagnostics -fmodules-prune-interval\=86400 -fmodules-prune-after\=345600 -fbuild-session-file\=/Users/hectorgarcia/Library/Developer/Xcode/DerivedData/ModuleCache.noindex/Session.modulevalidation -fmodules-validate-once-per-build-session -Wnon-modular-include-in-framework-module -Werror\=non-modular-include-in-framework-module -Wno-trigraphs -Wno-missing-field-initializers -Wno-missing-prototypes -Wno-return-type -Wno-implicit-atomic-properties -Wno-objc-interface-ivars -Wno-arc-repeated-use-of-weak -Wno-missing-braces -Wparentheses -Wswitch -Wno-unused-function -Wno-unused-label -Wno-unused-parameter -Wno-unused-variable -Wunused-value -Wno-empty-body -Wno-uninitialized -Wno-unknown-pragmas -w -Wno-shadow -Wno-four-char-constants -Wno-conversion -Wno-constant-conversion -Wno-int-conversion -Wno-bool-conversion -Wno-enum-conversion -Wno-float-conversion -Wno-non-literal-null-conversion -Wno-objc-literal-conversion -Wshorten-64-to-32 -Wpointer-sign -Wno-newline-eof -Wno-selector -Wno-strict-selector-match -Wno-undeclared-selector -Wno-deprecated-implementations -Wno-implicit-fallthrough -fstrict-aliasing -Wprotocol -Wdeprecated-declarations -Wno-sign-conversion -Wno-infinite-recursion -Wno-comma -Wno-block-capture-autoreleasing -Wno-strict-prototypes -Wno-semicolon-before-method-body -index-store-path /Users/hectorgarcia/Library/Developer/Xcode/DerivedData/Lyo-eagkiegzrakogpczynhkaholsscs/Index.noindex/DataStore @/Users/hectorgarcia/Library/Developer/Xcode/DerivedData/Build/Intermediates.noindex/Firebase.build/Debug-iphonesimulator/FirebaseInstallations.build/Objects-normal/x86_64/e6072d4f65d7061329687fe24e3d63a7-common-args.resp -include /Users/hectorgarcia/Library/Developer/Xcode/DerivedData/Build/Intermediates.noindex/Firebase.build/Debug-iphonesimulator/FirebaseInstallations.build/DerivedSources/resource_bundle_accessor.h -MMD -MT dependencies -MF /Users/hectorgarcia/Library/Developer/Xcode/DerivedData/Build/Intermediates.noindex/Firebase.build/Debug-iphonesimulator/FirebaseInstallations.build/Objects-normal/x86_64/FIRInstallationsAuthTokenResult.d --serialize-diagnostics /Users/hectorgarcia/Library/Developer/Xcode/DerivedData/Build/Intermediates.noindex/Firebase.build/Debug-iphonesimulator/FirebaseInstallations.build/Objects-normal/x86_64/FIRInstallationsAuthTokenResult.dia -c /Users/hectorgarcia/Library/Developer/Xcode/DerivedData/Lyo-eagkiegzrakogpczynhkaholsscs/SourcePackages/checkouts/firebase-ios-sdk/FirebaseInstallations/Source/Library/FIRInstallationsAuthTokenResult.m -o /Users/hectorgarcia/Library/Developer/Xcode/DerivedData/Build/Intermediates.noindex/Firebase.build/Debug-iphonesimulator/FirebaseInstallations.build/Objects-normal/x86_64/FIRInstallationsAuthTokenResult.o -index-unit-output-path /Firebase.build/Debug-iphonesimulator/FirebaseInstallations.build/Objects-normal/x86_64/FIRInstallationsAuthTokenResult.o

ScanDependencies /Users/hectorgarcia/Library/Developer/Xcode/DerivedData/Build/Intermediates.noindex/Firebase.build/Debug-iphonesimulator/FirebaseInstallations.build/Objects-normal/x86_64/FIRInstallationsAPIService.o /Users/hectorgarcia/Library/Developer/Xcode/DerivedData/Lyo-eagkiegzrakogpczynhkaholsscs/SourcePackages/checkouts/firebase-ios-sdk/FirebaseInstallations/Source/Library/InstallationsAPI/FIRInstallationsAPIService.m normal x86_64 objective-c com.apple.compilers.llvm.clang.1_0.compiler (in target 'FirebaseInstallations' from project 'Firebase')
    cd /Users/hectorgarcia/LYO_Da_ONE/Lyo.xcodeproj
    
    Using response file: /Users/hectorgarcia/Library/Developer/Xcode/DerivedData/Build/Intermediates.noindex/Firebase.build/Debug-iphonesimulator/FirebaseInstallations.build/Objects-normal/x86_64/e6072d4f65d7061329687fe24e3d63a7-common-args.resp
    
    builtin-ScanDependencies -o /Users/hectorgarcia/Library/Developer/Xcode/DerivedData/Build/Intermediates.noindex/Firebase.build/Debug-iphonesimulator/FirebaseInstallations.build/Objects-normal/x86_64/FIRInstallationsAPIService.o.scan -- /Users/hectorgarcia/Downloads/Xcode.app/Contents/Developer/Toolchains/XcodeDefault.xctoolchain/usr/bin/clang -x objective-c -ivfsstatcache /Users/hectorgarcia/Library/Developer/Xcode/DerivedData/SDKStatCaches.noindex/iphonesimulator26.2-23C53-823d3e8b6e60bc2018c189d3ca05ba9b.sdkstatcache -fmessage-length\=0 -fdiagnostics-show-note-include-stack -fmacro-backtrace-limit\=0 -fno-color-diagnostics -fmodules-prune-interval\=86400 -fmodules-prune-after\=345600 -fbuild-session-file\=/Users/hectorgarcia/Library/Developer/Xcode/DerivedData/ModuleCache.noindex/Session.modulevalidation -fmodules-validate-once-per-build-session -Wnon-modular-include-in-framework-module -Werror\=non-modular-include-in-framework-module -Wno-trigraphs -Wno-missing-field-initializers -Wno-missing-prototypes -Wno-return-type -Wno-implicit-atomic-properties -Wno-objc-interface-ivars -Wno-arc-repeated-use-of-weak -Wno-missing-braces -Wparentheses -Wswitch -Wno-unused-function -Wno-unused-label -Wno-unused-parameter -Wno-unused-variable -Wunused-value -Wno-empty-body -Wno-uninitialized -Wno-unknown-pragmas -w -Wno-shadow -Wno-four-char-constants -Wno-conversion -Wno-constant-conversion -Wno-int-conversion -Wno-bool-conversion -Wno-enum-conversion -Wno-float-conversion -Wno-non-literal-null-conversion -Wno-objc-literal-conversion -Wshorten-64-to-32 -Wpointer-sign -Wno-newline-eof -Wno-selector -Wno-strict-selector-match -Wno-undeclared-selector -Wno-deprecated-implementations -Wno-implicit-fallthrough -fstrict-aliasing -Wprotocol -Wdeprecated-declarations -Wno-sign-conversion -Wno-infinite-recursion -Wno-comma -Wno-block-capture-autoreleasing -Wno-strict-prototypes -Wno-semicolon-before-method-body -index-store-path /Users/hectorgarcia/Library/Developer/Xcode/DerivedData/Lyo-eagkiegzrakogpczynhkaholsscs/Index.noindex/DataStore @/Users/hectorgarcia/Library/Developer/Xcode/DerivedData/Build/Intermediates.noindex/Firebase.build/Debug-iphonesimulator/FirebaseInstallations.build/Objects-normal/x86_64/e6072d4f65d7061329687fe24e3d63a7-common-args.resp -include /Users/hectorgarcia/Library/Developer/Xcode/DerivedData/Build/Intermediates.noindex/Firebase.build/Debug-iphonesimulator/FirebaseInstallations.build/DerivedSources/resource_bundle_accessor.h -MMD -MT dependencies -MF /Users/hectorgarcia/Library/Developer/Xcode/DerivedData/Build/Intermediates.noindex/Firebase.build/Debug-iphonesimulator/FirebaseInstallations.build/Objects-normal/x86_64/FIRInstallationsAPIService.d --serialize-diagnostics /Users/hectorgarcia/Library/Developer/Xcode/DerivedData/Build/Intermediates.noindex/Firebase.build/Debug-iphonesimulator/FirebaseInstallations.build/Objects-normal/x86_64/FIRInstallationsAPIService.dia -c /Users/hectorgarcia/Library/Developer/Xcode/DerivedData/Lyo-eagkiegzrakogpczynhkaholsscs/SourcePackages/checkouts/firebase-ios-sdk/FirebaseInstallations/Source/Library/InstallationsAPI/FIRInstallationsAPIService.m -o /Users/hectorgarcia/Library/Developer/Xcode/DerivedData/Build/Intermediates.noindex/Firebase.build/Debug-iphonesimulator/FirebaseInstallations.build/Objects-normal/x86_64/FIRInstallationsAPIService.o -index-unit-output-path /Firebase.build/Debug-iphonesimulator/FirebaseInstallations.build/Objects-normal/x86_64/FIRInstallationsAPIService.o

PrecompileModule /Users/hectorgarcia/Library/Developer/Xcode/DerivedData/Build/Intermediates.noindex/ExplicitPrecompiledModules/os_object-9UA7DZ8M9N6VL9Z16PKY2X86S.scan
    cd /
    builtin-precompileModule /Users/hectorgarcia/Library/Developer/Xcode/DerivedData/Build/Intermediates.noindex/ExplicitPrecompiledModules/os_object-9UA7DZ8M9N6VL9Z16PKY2X86S.scan

ScanDependencies /Users/hectorgarcia/Library/Developer/Xcode/DerivedData/Build/Intermediates.noindex/Firebase.build/Debug-iphonesimulator/FirebaseInstallations.build/Objects-normal/x86_64/FIRInstallations.o /Users/hectorgarcia/Library/Developer/Xcode/DerivedData/Lyo-eagkiegzrakogpczynhkaholsscs/SourcePackages/checkouts/firebase-ios-sdk/FirebaseInstallations/Source/Library/FIRInstallations.m normal x86_64 objective-c com.apple.compilers.llvm.clang.1_0.compiler (in target 'FirebaseInstallations' from project 'Firebase')
    cd /Users/hectorgarcia/LYO_Da_ONE/Lyo.xcodeproj
    
    Using response file: /Users/hectorgarcia/Library/Developer/Xcode/DerivedData/Build/Intermediates.noindex/Firebase.build/Debug-iphonesimulator/FirebaseInstallations.build/Objects-normal/x86_64/e6072d4f65d7061329687fe24e3d63a7-common-args.resp
    
    builtin-ScanDependencies -o /Users/hectorgarcia/Library/Developer/Xcode/DerivedData/Build/Intermediates.noindex/Firebase.build/Debug-iphonesimulator/FirebaseInstallations.build/Objects-normal/x86_64/FIRInstallations.o.scan -- /Users/hectorgarcia/Downloads/Xcode.app/Contents/Developer/Toolchains/XcodeDefault.xctoolchain/usr/bin/clang -x objective-c -ivfsstatcache /Users/hectorgarcia/Library/Developer/Xcode/DerivedData/SDKStatCaches.noindex/iphonesimulator26.2-23C53-823d3e8b6e60bc2018c189d3ca05ba9b.sdkstatcache -fmessage-length\=0 -fdiagnostics-show-note-include-stack -fmacro-backtrace-limit\=0 -fno-color-diagnostics -fmodules-prune-interval\=86400 -fmodules-prune-after\=345600 -fbuild-session-file\=/Users/hectorgarcia/Library/Developer/Xcode/DerivedData/ModuleCache.noindex/Session.modulevalidation -fmodules-validate-once-per-build-session -Wnon-modular-include-in-framework-module -Werror\=non-modular-include-in-framework-module -Wno-trigraphs -Wno-missing-field-initializers -Wno-missing-prototypes -Wno-return-type -Wno-implicit-atomic-properties -Wno-objc-interface-ivars -Wno-arc-repeated-use-of-weak -Wno-missing-braces -Wparentheses -Wswitch -Wno-unused-function -Wno-unused-label -Wno-unused-parameter -Wno-unused-variable -Wunused-value -Wno-empty-body -Wno-uninitialized -Wno-unknown-pragmas -w -Wno-shadow -Wno-four-char-constants -Wno-conversion -Wno-constant-conversion -Wno-int-conversion -Wno-bool-conversion -Wno-enum-conversion -Wno-float-conversion -Wno-non-literal-null-conversion -Wno-objc-literal-conversion -Wshorten-64-to-32 -Wpointer-sign -Wno-newline-eof -Wno-selector -Wno-strict-selector-match -Wno-undeclared-selector -Wno-deprecated-implementations -Wno-implicit-fallthrough -fstrict-aliasing -Wprotocol -Wdeprecated-declarations -Wno-sign-conversion -Wno-infinite-recursion -Wno-comma -Wno-block-capture-autoreleasing -Wno-strict-prototypes -Wno-semicolon-before-method-body -index-store-path /Users/hectorgarcia/Library/Developer/Xcode/DerivedData/Lyo-eagkiegzrakogpczynhkaholsscs/Index.noindex/DataStore @/Users/hectorgarcia/Library/Developer/Xcode/DerivedData/Build/Intermediates.noindex/Firebase.build/Debug-iphonesimulator/FirebaseInstallations.build/Objects-normal/x86_64/e6072d4f65d7061329687fe24e3d63a7-common-args.resp -include /Users/hectorgarcia/Library/Developer/Xcode/DerivedData/Build/Intermediates.noindex/Firebase.build/Debug-iphonesimulator/FirebaseInstallations.build/DerivedSources/resource_bundle_accessor.h -MMD -MT dependencies -MF /Users/hectorgarcia/Library/Developer/Xcode/DerivedData/Build/Intermediates.noindex/Firebase.build/Debug-iphonesimulator/FirebaseInstallations.build/Objects-normal/x86_64/FIRInstallations.d --serialize-diagnostics /Users/hectorgarcia/Library/Developer/Xcode/DerivedData/Build/Intermediates.noindex/Firebase.build/Debug-iphonesimulator/FirebaseInstallations.build/Objects-normal/x86_64/FIRInstallations.dia -c /Users/hectorgarcia/Library/Developer/Xcode/DerivedData/Lyo-eagkiegzrakogpczynhkaholsscs/SourcePackages/checkouts/firebase-ios-sdk/FirebaseInstallations/Source/Library/FIRInstallations.m -o /Users/hectorgarcia/Library/Developer/Xcode/DerivedData/Build/Intermediates.noindex/Firebase.build/Debug-iphonesimulator/FirebaseInstallations.build/Objects-normal/x86_64/FIRInstallations.o -index-unit-output-path /Firebase.build/Debug-iphonesimulator/FirebaseInstallations.build/Objects-normal/x86_64/FIRInstallations.o

SwiftExplicitDependencyGeneratePcm x86_64 /Users/hectorgarcia/Library/Developer/Xcode/DerivedData/Build/Intermediates.noindex/SwiftExplicitPrecompiledModules/FirebaseSessionsObjC-7ZV8975ICO9ZR0F20B2WF7ZXF.pcm

SwiftExplicitDependencyGeneratePcm x86_64 /Users/hectorgarcia/Library/Developer/Xcode/DerivedData/Build/Intermediates.noindex/SwiftExplicitPrecompiledModules/FirebaseCoreExtension-P0EW1R1AOTEZS7SY5TGTBW0K.pcm

ScanDependencies /Users/hectorgarcia/Library/Developer/Xcode/DerivedData/Build/Intermediates.noindex/Firebase.build/Debug-iphonesimulator/FirebaseInstallations.build/Objects-normal/x86_64/FIRCurrentDateProvider.o /Users/hectorgarcia/Library/Developer/Xcode/DerivedData/Lyo-eagkiegzrakogpczynhkaholsscs/SourcePackages/checkouts/firebase-ios-sdk/FirebaseInstallations/Source/Library/InstallationsIDController/FIRCurrentDateProvider.m normal x86_64 objective-c com.apple.compilers.llvm.clang.1_0.compiler (in target 'FirebaseInstallations' from project 'Firebase')
    cd /Users/hectorgarcia/LYO_Da_ONE/Lyo.xcodeproj
    
    Using response file: /Users/hectorgarcia/Library/Developer/Xcode/DerivedData/Build/Intermediates.noindex/Firebase.build/Debug-iphonesimulator/FirebaseInstallations.build/Objects-normal/x86_64/e6072d4f65d7061329687fe24e3d63a7-common-args.resp
    
    builtin-ScanDependencies -o /Users/hectorgarcia/Library/Developer/Xcode/DerivedData/Build/Intermediates.noindex/Firebase.build/Debug-iphonesimulator/FirebaseInstallations.build/Objects-normal/x86_64/FIRCurrentDateProvider.o.scan -- /Users/hectorgarcia/Downloads/Xcode.app/Contents/Developer/Toolchains/XcodeDefault.xctoolchain/usr/bin/clang -x objective-c -ivfsstatcache /Users/hectorgarcia/Library/Developer/Xcode/DerivedData/SDKStatCaches.noindex/iphonesimulator26.2-23C53-823d3e8b6e60bc2018c189d3ca05ba9b.sdkstatcache -fmessage-length\=0 -fdiagnostics-show-note-include-stack -fmacro-backtrace-limit\=0 -fno-color-diagnostics -fmodules-prune-interval\=86400 -fmodules-prune-after\=345600 -fbuild-session-file\=/Users/hectorgarcia/Library/Developer/Xcode/DerivedData/ModuleCache.noindex/Session.modulevalidation -fmodules-validate-once-per-build-session -Wnon-modular-include-in-framework-module -Werror\=non-modular-include-in-framework-module -Wno-trigraphs -Wno-missing-field-initializers -Wno-missing-prototypes -Wno-return-type -Wno-implicit-atomic-properties -Wno-objc-interface-ivars -Wno-arc-repeated-use-of-weak -Wno-missing-braces -Wparentheses -Wswitch -Wno-unused-function -Wno-unused-label -Wno-unused-parameter -Wno-unused-variable -Wunused-value -Wno-empty-body -Wno-uninitialized -Wno-unknown-pragmas -w -Wno-shadow -Wno-four-char-constants -Wno-conversion -Wno-constant-conversion -Wno-int-conversion -Wno-bool-conversion -Wno-enum-conversion -Wno-float-conversion -Wno-non-literal-null-conversion -Wno-objc-literal-conversion -Wshorten-64-to-32 -Wpointer-sign -Wno-newline-eof -Wno-selector -Wno-strict-selector-match -Wno-undeclared-selector -Wno-deprecated-implementations -Wno-implicit-fallthrough -fstrict-aliasing -Wprotocol -Wdeprecated-declarations -Wno-sign-conversion -Wno-infinite-recursion -Wno-comma -Wno-block-capture-autoreleasing -Wno-strict-prototypes -Wno-semicolon-before-method-body -index-store-path /Users/hectorgarcia/Library/Developer/Xcode/DerivedData/Lyo-eagkiegzrakogpczynhkaholsscs/Index.noindex/DataStore @/Users/hectorgarcia/Library/Developer/Xcode/DerivedData/Build/Intermediates.noindex/Firebase.build/Debug-iphonesimulator/FirebaseInstallations.build/Objects-normal/x86_64/e6072d4f65d7061329687fe24e3d63a7-common-args.resp -include /Users/hectorgarcia/Library/Developer/Xcode/DerivedData/Build/Intermediates.noindex/Firebase.build/Debug-iphonesimulator/FirebaseInstallations.build/DerivedSources/resource_bundle_accessor.h -MMD -MT dependencies -MF /Users/hectorgarcia/Library/Developer/Xcode/DerivedData/Build/Intermediates.noindex/Firebase.build/Debug-iphonesimulator/FirebaseInstallations.build/Objects-normal/x86_64/FIRCurrentDateProvider.d --serialize-diagnostics /Users/hectorgarcia/Library/Developer/Xcode/DerivedData/Build/Intermediates.noindex/Firebase.build/Debug-iphonesimulator/FirebaseInstallations.build/Objects-normal/x86_64/FIRCurrentDateProvider.dia -c /Users/hectorgarcia/Library/Developer/Xcode/DerivedData/Lyo-eagkiegzrakogpczynhkaholsscs/SourcePackages/checkouts/firebase-ios-sdk/FirebaseInstallations/Source/Library/InstallationsIDController/FIRCurrentDateProvider.m -o /Users/hectorgarcia/Library/Developer/Xcode/DerivedData/Build/Intermediates.noindex/Firebase.build/Debug-iphonesimulator/FirebaseInstallations.build/Objects-normal/x86_64/FIRCurrentDateProvider.o -index-unit-output-path /Firebase.build/Debug-iphonesimulator/FirebaseInstallations.build/Objects-normal/x86_64/FIRCurrentDateProvider.o

PrecompileModule /Users/hectorgarcia/Library/Developer/Xcode/DerivedData/Build/Intermediates.noindex/ExplicitPrecompiledModules/os_workgroup-3556Z5I0T4L1F1V1XQ8G4LY6C.scan
    cd /
    builtin-precompileModule /Users/hectorgarcia/Library/Developer/Xcode/DerivedData/Build/Intermediates.noindex/ExplicitPrecompiledModules/os_workgroup-3556Z5I0T4L1F1V1XQ8G4LY6C.scan

CompileC /Users/hectorgarcia/Library/Developer/Xcode/DerivedData/Build/Intermediates.noindex/Firebase.build/Debug-iphonesimulator/FirebaseInstallations.build/Objects-normal/x86_64/FIRInstallations.o /Users/hectorgarcia/Library/Developer/Xcode/DerivedData/Lyo-eagkiegzrakogpczynhkaholsscs/SourcePackages/checkouts/firebase-ios-sdk/FirebaseInstallations/Source/Library/FIRInstallations.m normal x86_64 objective-c com.apple.compilers.llvm.clang.1_0.compiler (in target 'FirebaseInstallations' from project 'Firebase')
    cd /Users/hectorgarcia/LYO_Da_ONE/Lyo.xcodeproj
    
    Using response file: /Users/hectorgarcia/Library/Developer/Xcode/DerivedData/Build/Intermediates.noindex/Firebase.build/Debug-iphonesimulator/FirebaseInstallations.build/Objects-normal/x86_64/e6072d4f65d7061329687fe24e3d63a7-common-args.resp
    
    /Users/hectorgarcia/Downloads/Xcode.app/Contents/Developer/Toolchains/XcodeDefault.xctoolchain/usr/bin/clang -x objective-c -ivfsstatcache /Users/hectorgarcia/Library/Developer/Xcode/DerivedData/SDKStatCaches.noindex/iphonesimulator26.2-23C53-823d3e8b6e60bc2018c189d3ca05ba9b.sdkstatcache -fmessage-length\=0 -fdiagnostics-show-note-include-stack -fmacro-backtrace-limit\=0 -fno-color-diagnostics -fmodules-prune-interval\=86400 -fmodules-prune-after\=345600 -fbuild-session-file\=/Users/hectorgarcia/Library/Developer/Xcode/DerivedData/ModuleCache.noindex/Session.modulevalidation -fmodules-validate-once-per-build-session -Wnon-modular-include-in-framework-module -Werror\=non-modular-include-in-framework-module -Wno-trigraphs -Wno-missing-field-initializers -Wno-missing-prototypes -Wno-return-type -Wno-implicit-atomic-properties -Wno-objc-interface-ivars -Wno-arc-repeated-use-of-weak -Wno-missing-braces -Wparentheses -Wswitch -Wno-unused-function -Wno-unused-label -Wno-unused-parameter -Wno-unused-variable -Wunused-value -Wno-empty-body -Wno-uninitialized -Wno-unknown-pragmas -w -Wno-shadow -Wno-four-char-constants -Wno-conversion -Wno-constant-conversion -Wno-int-conversion -Wno-bool-conversion -Wno-enum-conversion -Wno-float-conversion -Wno-non-literal-null-conversion -Wno-objc-literal-conversion -Wshorten-64-to-32 -Wpointer-sign -Wno-newline-eof -Wno-selector -Wno-strict-selector-match -Wno-undeclared-selector -Wno-deprecated-implementations -Wno-implicit-fallthrough -fstrict-aliasing -Wprotocol -Wdeprecated-declarations -Wno-sign-conversion -Wno-infinite-recursion -Wno-comma -Wno-block-capture-autoreleasing -Wno-strict-prototypes -Wno-semicolon-before-method-body -index-store-path /Users/hectorgarcia/Library/Developer/Xcode/DerivedData/Lyo-eagkiegzrakogpczynhkaholsscs/Index.noindex/DataStore @/Users/hectorgarcia/Library/Developer/Xcode/DerivedData/Build/Intermediates.noindex/Firebase.build/Debug-iphonesimulator/FirebaseInstallations.build/Objects-normal/x86_64/e6072d4f65d7061329687fe24e3d63a7-common-args.resp -include /Users/hectorgarcia/Library/Developer/Xcode/DerivedData/Build/Intermediates.noindex/Firebase.build/Debug-iphonesimulator/FirebaseInstallations.build/DerivedSources/resource_bundle_accessor.h -MMD -MT dependencies -MF /Users/hectorgarcia/Library/Developer/Xcode/DerivedData/Build/Intermediates.noindex/Firebase.build/Debug-iphonesimulator/FirebaseInstallations.build/Objects-normal/x86_64/FIRInstallations.d --serialize-diagnostics /Users/hectorgarcia/Library/Developer/Xcode/DerivedData/Build/Intermediates.noindex/Firebase.build/Debug-iphonesimulator/FirebaseInstallations.build/Objects-normal/x86_64/FIRInstallations.dia -c /Users/hectorgarcia/Library/Developer/Xcode/DerivedData/Lyo-eagkiegzrakogpczynhkaholsscs/SourcePackages/checkouts/firebase-ios-sdk/FirebaseInstallations/Source/Library/FIRInstallations.m -o /Users/hectorgarcia/Library/Developer/Xcode/DerivedData/Build/Intermediates.noindex/Firebase.build/Debug-iphonesimulator/FirebaseInstallations.build/Objects-normal/x86_64/FIRInstallations.o -index-unit-output-path /Firebase.build/Debug-iphonesimulator/FirebaseInstallations.build/Objects-normal/x86_64/FIRInstallations.o

CompileC /Users/hectorgarcia/Library/Developer/Xcode/DerivedData/Build/Intermediates.noindex/Firebase.build/Debug-iphonesimulator/FirebaseInstallations.build/Objects-normal/x86_64/FIRInstallationsAPIService.o /Users/hectorgarcia/Library/Developer/Xcode/DerivedData/Lyo-eagkiegzrakogpczynhkaholsscs/SourcePackages/checkouts/firebase-ios-sdk/FirebaseInstallations/Source/Library/InstallationsAPI/FIRInstallationsAPIService.m normal x86_64 objective-c com.apple.compilers.llvm.clang.1_0.compiler (in target 'FirebaseInstallations' from project 'Firebase')
    cd /Users/hectorgarcia/LYO_Da_ONE/Lyo.xcodeproj
    
    Using response file: /Users/hectorgarcia/Library/Developer/Xcode/DerivedData/Build/Intermediates.noindex/Firebase.build/Debug-iphonesimulator/FirebaseInstallations.build/Objects-normal/x86_64/e6072d4f65d7061329687fe24e3d63a7-common-args.resp
    
    /Users/hectorgarcia/Downloads/Xcode.app/Contents/Developer/Toolchains/XcodeDefault.xctoolchain/usr/bin/clang -x objective-c -ivfsstatcache /Users/hectorgarcia/Library/Developer/Xcode/DerivedData/SDKStatCaches.noindex/iphonesimulator26.2-23C53-823d3e8b6e60bc2018c189d3ca05ba9b.sdkstatcache -fmessage-length\=0 -fdiagnostics-show-note-include-stack -fmacro-backtrace-limit\=0 -fno-color-diagnostics -fmodules-prune-interval\=86400 -fmodules-prune-after\=345600 -fbuild-session-file\=/Users/hectorgarcia/Library/Developer/Xcode/DerivedData/ModuleCache.noindex/Session.modulevalidation -fmodules-validate-once-per-build-session -Wnon-modular-include-in-framework-module -Werror\=non-modular-include-in-framework-module -Wno-trigraphs -Wno-missing-field-initializers -Wno-missing-prototypes -Wno-return-type -Wno-implicit-atomic-properties -Wno-objc-interface-ivars -Wno-arc-repeated-use-of-weak -Wno-missing-braces -Wparentheses -Wswitch -Wno-unused-function -Wno-unused-label -Wno-unused-parameter -Wno-unused-variable -Wunused-value -Wno-empty-body -Wno-uninitialized -Wno-unknown-pragmas -w -Wno-shadow -Wno-four-char-constants -Wno-conversion -Wno-constant-conversion -Wno-int-conversion -Wno-bool-conversion -Wno-enum-conversion -Wno-float-conversion -Wno-non-literal-null-conversion -Wno-objc-literal-conversion -Wshorten-64-to-32 -Wpointer-sign -Wno-newline-eof -Wno-selector -Wno-strict-selector-match -Wno-undeclared-selector -Wno-deprecated-implementations -Wno-implicit-fallthrough -fstrict-aliasing -Wprotocol -Wdeprecated-declarations -Wno-sign-conversion -Wno-infinite-recursion -Wno-comma -Wno-block-capture-autoreleasing -Wno-strict-prototypes -Wno-semicolon-before-method-body -index-store-path /Users/hectorgarcia/Library/Developer/Xcode/DerivedData/Lyo-eagkiegzrakogpczynhkaholsscs/Index.noindex/DataStore @/Users/hectorgarcia/Library/Developer/Xcode/DerivedData/Build/Intermediates.noindex/Firebase.build/Debug-iphonesimulator/FirebaseInstallations.build/Objects-normal/x86_64/e6072d4f65d7061329687fe24e3d63a7-common-args.resp -include /Users/hectorgarcia/Library/Developer/Xcode/DerivedData/Build/Intermediates.noindex/Firebase.build/Debug-iphonesimulator/FirebaseInstallations.build/DerivedSources/resource_bundle_accessor.h -MMD -MT dependencies -MF /Users/hectorgarcia/Library/Developer/Xcode/DerivedData/Build/Intermediates.noindex/Firebase.build/Debug-iphonesimulator/FirebaseInstallations.build/Objects-normal/x86_64/FIRInstallationsAPIService.d --serialize-diagnostics /Users/hectorgarcia/Library/Developer/Xcode/DerivedData/Build/Intermediates.noindex/Firebase.build/Debug-iphonesimulator/FirebaseInstallations.build/Objects-normal/x86_64/FIRInstallationsAPIService.dia -c /Users/hectorgarcia/Library/Developer/Xcode/DerivedData/Lyo-eagkiegzrakogpczynhkaholsscs/SourcePackages/checkouts/firebase-ios-sdk/FirebaseInstallations/Source/Library/InstallationsAPI/FIRInstallationsAPIService.m -o /Users/hectorgarcia/Library/Developer/Xcode/DerivedData/Build/Intermediates.noindex/Firebase.build/Debug-iphonesimulator/FirebaseInstallations.build/Objects-normal/x86_64/FIRInstallationsAPIService.o -index-unit-output-path /Firebase.build/Debug-iphonesimulator/FirebaseInstallations.build/Objects-normal/x86_64/FIRInstallationsAPIService.o

CompileC /Users/hectorgarcia/Library/Developer/Xcode/DerivedData/Build/Intermediates.noindex/Firebase.build/Debug-iphonesimulator/FirebaseInstallations.build/Objects-normal/x86_64/FIRCurrentDateProvider.o /Users/hectorgarcia/Library/Developer/Xcode/DerivedData/Lyo-eagkiegzrakogpczynhkaholsscs/SourcePackages/checkouts/firebase-ios-sdk/FirebaseInstallations/Source/Library/InstallationsIDController/FIRCurrentDateProvider.m normal x86_64 objective-c com.apple.compilers.llvm.clang.1_0.compiler (in target 'FirebaseInstallations' from project 'Firebase')
    cd /Users/hectorgarcia/LYO_Da_ONE/Lyo.xcodeproj
    
    Using response file: /Users/hectorgarcia/Library/Developer/Xcode/DerivedData/Build/Intermediates.noindex/Firebase.build/Debug-iphonesimulator/FirebaseInstallations.build/Objects-normal/x86_64/e6072d4f65d7061329687fe24e3d63a7-common-args.resp
    
    /Users/hectorgarcia/Downloads/Xcode.app/Contents/Developer/Toolchains/XcodeDefault.xctoolchain/usr/bin/clang -x objective-c -ivfsstatcache /Users/hectorgarcia/Library/Developer/Xcode/DerivedData/SDKStatCaches.noindex/iphonesimulator26.2-23C53-823d3e8b6e60bc2018c189d3ca05ba9b.sdkstatcache -fmessage-length\=0 -fdiagnostics-show-note-include-stack -fmacro-backtrace-limit\=0 -fno-color-diagnostics -fmodules-prune-interval\=86400 -fmodules-prune-after\=345600 -fbuild-session-file\=/Users/hectorgarcia/Library/Developer/Xcode/DerivedData/ModuleCache.noindex/Session.modulevalidation -fmodules-validate-once-per-build-session -Wnon-modular-include-in-framework-module -Werror\=non-modular-include-in-framework-module -Wno-trigraphs -Wno-missing-field-initializers -Wno-missing-prototypes -Wno-return-type -Wno-implicit-atomic-properties -Wno-objc-interface-ivars -Wno-arc-repeated-use-of-weak -Wno-missing-braces -Wparentheses -Wswitch -Wno-unused-function -Wno-unused-label -Wno-unused-parameter -Wno-unused-variable -Wunused-value -Wno-empty-body -Wno-uninitialized -Wno-unknown-pragmas -w -Wno-shadow -Wno-four-char-constants -Wno-conversion -Wno-constant-conversion -Wno-int-conversion -Wno-bool-conversion -Wno-enum-conversion -Wno-float-conversion -Wno-non-literal-null-conversion -Wno-objc-literal-conversion -Wshorten-64-to-32 -Wpointer-sign -Wno-newline-eof -Wno-selector -Wno-strict-selector-match -Wno-undeclared-selector -Wno-deprecated-implementations -Wno-implicit-fallthrough -fstrict-aliasing -Wprotocol -Wdeprecated-declarations -Wno-sign-conversion -Wno-infinite-recursion -Wno-comma -Wno-block-capture-autoreleasing -Wno-strict-prototypes -Wno-semicolon-before-method-body -index-store-path /Users/hectorgarcia/Library/Developer/Xcode/DerivedData/Lyo-eagkiegzrakogpczynhkaholsscs/Index.noindex/DataStore @/Users/hectorgarcia/Library/Developer/Xcode/DerivedData/Build/Intermediates.noindex/Firebase.build/Debug-iphonesimulator/FirebaseInstallations.build/Objects-normal/x86_64/e6072d4f65d7061329687fe24e3d63a7-common-args.resp -include /Users/hectorgarcia/Library/Developer/Xcode/DerivedData/Build/Intermediates.noindex/Firebase.build/Debug-iphonesimulator/FirebaseInstallations.build/DerivedSources/resource_bundle_accessor.h -MMD -MT dependencies -MF /Users/hectorgarcia/Library/Developer/Xcode/DerivedData/Build/Intermediates.noindex/Firebase.build/Debug-iphonesimulator/FirebaseInstallations.build/Objects-normal/x86_64/FIRCurrentDateProvider.d --serialize-diagnostics /Users/hectorgarcia/Library/Developer/Xcode/DerivedData/Build/Intermediates.noindex/Firebase.build/Debug-iphonesimulator/FirebaseInstallations.build/Objects-normal/x86_64/FIRCurrentDateProvider.dia -c /Users/hectorgarcia/Library/Developer/Xcode/DerivedData/Lyo-eagkiegzrakogpczynhkaholsscs/SourcePackages/checkouts/firebase-ios-sdk/FirebaseInstallations/Source/Library/InstallationsIDController/FIRCurrentDateProvider.m -o /Users/hectorgarcia/Library/Developer/Xcode/DerivedData/Build/Intermediates.noindex/Firebase.build/Debug-iphonesimulator/FirebaseInstallations.build/Objects-normal/x86_64/FIRCurrentDateProvider.o -index-unit-output-path /Firebase.build/Debug-iphonesimulator/FirebaseInstallations.build/Objects-normal/x86_64/FIRCurrentDateProvider.o

PrecompileModule /Users/hectorgarcia/Library/Developer/Xcode/DerivedData/Build/Intermediates.noindex/ExplicitPrecompiledModules/Dispatch-8SEOEJG3K5QN7D2IA606FQF9J.scan
    cd /
    builtin-precompileModule /Users/hectorgarcia/Library/Developer/Xcode/DerivedData/Build/Intermediates.noindex/ExplicitPrecompiledModules/Dispatch-8SEOEJG3K5QN7D2IA606FQF9J.scan

SwiftDriver FirebaseCrashlyticsSwift normal x86_64 com.apple.xcode.tools.swift.compiler (in target 'FirebaseCrashlyticsSwift' from project 'Firebase')
    cd /Users/hectorgarcia/LYO_Da_ONE/Lyo.xcodeproj
    builtin-SwiftDriver -- /Users/hectorgarcia/Downloads/Xcode.app/Contents/Developer/Toolchains/XcodeDefault.xctoolchain/usr/bin/swiftc -module-name FirebaseCrashlyticsSwift -Onone -enforce-exclusivity\=checked @/Users/hectorgarcia/Library/Developer/Xcode/DerivedData/Build/Intermediates.noindex/Firebase.build/Debug-iphonesimulator/FirebaseCrashlyticsSwift.build/Objects-normal/x86_64/FirebaseCrashlyticsSwift.SwiftFileList -DSWIFT_PACKAGE -DDEBUG -DSWIFT_MODULE_RESOURCE_BUNDLE_UNAVAILABLE -DXcode -plugin-path /Users/hectorgarcia/Downloads/Xcode.app/Contents/Developer/Toolchains/XcodeDefault.xctoolchain/usr/lib/swift/host/plugins/testing -enable-experimental-feature DebugDescriptionMacro -sdk /Users/hectorgarcia/Downloads/Xcode.app/Contents/Developer/Platforms/iPhoneSimulator.platform/Developer/SDKs/iPhoneSimulator26.2.sdk -target x86_64-apple-ios12.0-simulator -g -module-cache-path /Users/hectorgarcia/Library/Developer/Xcode/DerivedData/ModuleCache.noindex -Xfrontend -serialize-debugging-options -enable-testing -suppress-warnings -index-store-path /Users/hectorgarcia/Library/Developer/Xcode/DerivedData/Lyo-eagkiegzrakogpczynhkaholsscs/Index.noindex/DataStore -Xcc -D_LIBCPP_HARDENING_MODE\=_LIBCPP_HARDENING_MODE_DEBUG -swift-version 5 -I /Users/hectorgarcia/Library/Developer/Xcode/DerivedData/Build/Products/Debug-iphonesimulator -Isystem /Users/hectorgarcia/Downloads/Xcode.app/Contents/Developer/Platforms/iPhoneSimulator.platform/Developer/usr/lib -F /Users/hectorgarcia/Library/Developer/Xcode/DerivedData/Build/Products/Debug-iphonesimulator/PackageFrameworks -F /Users/hectorgarcia/Library/Developer/Xcode/DerivedData/Build/Products/Debug-iphonesimulator -F /Users/hectorgarcia/Downloads/Xcode.app/Contents/Developer/Platforms/iPhoneSimulator.platform/Developer/Library/Frameworks -F /Users/hectorgarcia/Downloads/Xcode.app/Contents/Developer/Platforms/iPhoneSimulator.platform/Developer/SDKs/iPhoneSimulator26.2.sdk/Developer/Library/Frameworks -c -j8 -enable-batch-mode -incremental -Xcc -ivfsstatcache -Xcc /Users/hectorgarcia/Library/Developer/Xcode/DerivedData/SDKStatCaches.noindex/iphonesimulator26.2-23C53-823d3e8b6e60bc2018c189d3ca05ba9b.sdkstatcache -output-file-map /Users/hectorgarcia/Library/Developer/Xcode/DerivedData/Build/Intermediates.noindex/Firebase.build/Debug-iphonesimulator/FirebaseCrashlyticsSwift.build/Objects-normal/x86_64/FirebaseCrashlyticsSwift-OutputFileMap.json -use-frontend-parseable-output -save-temps -no-color-diagnostics -explicit-module-build -module-cache-path /Users/hectorgarcia/Library/Developer/Xcode/DerivedData/Build/Intermediates.noindex/SwiftExplicitPrecompiledModules -clang-scanner-module-cache-path /Users/hectorgarcia/Library/Developer/Xcode/DerivedData/ModuleCache.noindex -sdk-module-cache-path /Users/hectorgarcia/Library/Developer/Xcode/DerivedData/ModuleCache.noindex -serialize-diagnostics -emit-dependencies -emit-module -emit-module-path /Users/hectorgarcia/Library/Developer/Xcode/DerivedData/Build/Intermediates.noindex/Firebase.build/Debug-iphonesimulator/FirebaseCrashlyticsSwift.build/Objects-normal/x86_64/FirebaseCrashlyticsSwift.swiftmodule -validate-clang-modules-once -clang-build-session-file /Users/hectorgarcia/Library/Developer/Xcode/DerivedData/ModuleCache.noindex/Session.modulevalidation -Xcc -I/Users/hectorgarcia/Library/Developer/Xcode/DerivedData/Build/Intermediates.noindex/Firebase.build/Debug-iphonesimulator/FirebaseCrashlyticsSwift.build/swift-overrides.hmap -emit-const-values -Xfrontend -const-gather-protocols-file -Xfrontend /Users/hectorgarcia/Library/Developer/Xcode/DerivedData/Build/Intermediates.noindex/Firebase.build/Debug-iphonesimulator/FirebaseCrashlyticsSwift.build/Objects-normal/x86_64/FirebaseCrashlyticsSwift_const_extract_protocols.json -Xcc -I/Users/hectorgarcia/Library/Developer/Xcode/DerivedData/Build/Products/Debug-iphonesimulator/include -Xcc -I/Users/hectorgarcia/Library/Developer/Xcode/DerivedData/Build/Intermediates.noindex/Firebase.build/Debug-iphonesimulator/FirebaseCrashlyticsSwift.build/DerivedSources-normal/x86_64 -Xcc -I/Users/hectorgarcia/Library/Developer/Xcode/DerivedData/Build/Intermediates.noindex/Firebase.build/Debug-iphonesimulator/FirebaseCrashlyticsSwift.build/DerivedSources/x86_64 -Xcc -I/Users/hectorgarcia/Library/Developer/Xcode/DerivedData/Build/Intermediates.noindex/Firebase.build/Debug-iphonesimulator/FirebaseCrashlyticsSwift.build/DerivedSources -Xcc -DSWIFT_PACKAGE -Xcc -DDEBUG\=1 -emit-objc-header -emit-objc-header-path /Users/hectorgarcia/Library/Developer/Xcode/DerivedData/Build/Intermediates.noindex/Firebase.build/Debug-iphonesimulator/FirebaseCrashlyticsSwift.build/Objects-normal/x86_64/FirebaseCrashlyticsSwift-Swift.h -working-directory /Users/hectorgarcia/LYO_Da_ONE/Lyo.xcodeproj -experimental-emit-module-separately -disable-cmo

ScanDependencies /Users/hectorgarcia/Library/Developer/Xcode/DerivedData/Build/Intermediates.noindex/Firebase.build/Debug-iphonesimulator/Firebase.build/Objects-normal/x86_64/dummy.o /Users/hectorgarcia/Library/Developer/Xcode/DerivedData/Lyo-eagkiegzrakogpczynhkaholsscs/SourcePackages/checkouts/firebase-ios-sdk/CoreOnly/Sources/dummy.m normal x86_64 objective-c com.apple.compilers.llvm.clang.1_0.compiler (in target 'Firebase' from project 'Firebase')
    cd /Users/hectorgarcia/LYO_Da_ONE/Lyo.xcodeproj
    
    Using response file: /Users/hectorgarcia/Library/Developer/Xcode/DerivedData/Build/Intermediates.noindex/Firebase.build/Debug-iphonesimulator/Firebase.build/Objects-normal/x86_64/e6072d4f65d7061329687fe24e3d63a7-common-args.resp
    
    builtin-ScanDependencies -o /Users/hectorgarcia/Library/Developer/Xcode/DerivedData/Build/Intermediates.noindex/Firebase.build/Debug-iphonesimulator/Firebase.build/Objects-normal/x86_64/dummy.o.scan -- /Users/hectorgarcia/Downloads/Xcode.app/Contents/Developer/Toolchains/XcodeDefault.xctoolchain/usr/bin/clang -x objective-c -ivfsstatcache /Users/hectorgarcia/Library/Developer/Xcode/DerivedData/SDKStatCaches.noindex/iphonesimulator26.2-23C53-823d3e8b6e60bc2018c189d3ca05ba9b.sdkstatcache -fmessage-length\=0 -fdiagnostics-show-note-include-stack -fmacro-backtrace-limit\=0 -fno-color-diagnostics -fmodules-prune-interval\=86400 -fmodules-prune-after\=345600 -fbuild-session-file\=/Users/hectorgarcia/Library/Developer/Xcode/DerivedData/ModuleCache.noindex/Session.modulevalidation -fmodules-validate-once-per-build-session -Wnon-modular-include-in-framework-module -Werror\=non-modular-include-in-framework-module -Wno-trigraphs -Wno-missing-field-initializers -Wno-missing-prototypes -Wno-return-type -Wno-implicit-atomic-properties -Wno-objc-interface-ivars -Wno-arc-repeated-use-of-weak -Wno-missing-braces -Wparentheses -Wswitch -Wno-unused-function -Wno-unused-label -Wno-unused-parameter -Wno-unused-variable -Wunused-value -Wno-empty-body -Wno-uninitialized -Wno-unknown-pragmas -w -Wno-shadow -Wno-four-char-constants -Wno-conversion -Wno-constant-conversion -Wno-int-conversion -Wno-bool-conversion -Wno-enum-conversion -Wno-float-conversion -Wno-non-literal-null-conversion -Wno-objc-literal-conversion -Wshorten-64-to-32 -Wpointer-sign -Wno-newline-eof -Wno-selector -Wno-strict-selector-match -Wno-undeclared-selector -Wno-deprecated-implementations -Wno-implicit-fallthrough -fstrict-aliasing -Wprotocol -Wdeprecated-declarations -Wno-sign-conversion -Wno-infinite-recursion -Wno-comma -Wno-block-capture-autoreleasing -Wno-strict-prototypes -Wno-semicolon-before-method-body -index-store-path /Users/hectorgarcia/Library/Developer/Xcode/DerivedData/Lyo-eagkiegzrakogpczynhkaholsscs/Index.noindex/DataStore @/Users/hectorgarcia/Library/Developer/Xcode/DerivedData/Build/Intermediates.noindex/Firebase.build/Debug-iphonesimulator/Firebase.build/Objects-normal/x86_64/e6072d4f65d7061329687fe24e3d63a7-common-args.resp -MMD -MT dependencies -MF /Users/hectorgarcia/Library/Developer/Xcode/DerivedData/Build/Intermediates.noindex/Firebase.build/Debug-iphonesimulator/Firebase.build/Objects-normal/x86_64/dummy.d --serialize-diagnostics /Users/hectorgarcia/Library/Developer/Xcode/DerivedData/Build/Intermediates.noindex/Firebase.build/Debug-iphonesimulator/Firebase.build/Objects-normal/x86_64/dummy.dia -c /Users/hectorgarcia/Library/Developer/Xcode/DerivedData/Lyo-eagkiegzrakogpczynhkaholsscs/SourcePackages/checkouts/firebase-ios-sdk/CoreOnly/Sources/dummy.m -o /Users/hectorgarcia/Library/Developer/Xcode/DerivedData/Build/Intermediates.noindex/Firebase.build/Debug-iphonesimulator/Firebase.build/Objects-normal/x86_64/dummy.o -index-unit-output-path /Firebase.build/Debug-iphonesimulator/Firebase.build/Objects-normal/x86_64/dummy.o

CompileC /Users/hectorgarcia/Library/Developer/Xcode/DerivedData/Build/Intermediates.noindex/Firebase.build/Debug-iphonesimulator/Firebase.build/Objects-normal/x86_64/dummy.o /Users/hectorgarcia/Library/Developer/Xcode/DerivedData/Lyo-eagkiegzrakogpczynhkaholsscs/SourcePackages/checkouts/firebase-ios-sdk/CoreOnly/Sources/dummy.m normal x86_64 objective-c com.apple.compilers.llvm.clang.1_0.compiler (in target 'Firebase' from project 'Firebase')
    cd /Users/hectorgarcia/LYO_Da_ONE/Lyo.xcodeproj
    
    Using response file: /Users/hectorgarcia/Library/Developer/Xcode/DerivedData/Build/Intermediates.noindex/Firebase.build/Debug-iphonesimulator/Firebase.build/Objects-normal/x86_64/e6072d4f65d7061329687fe24e3d63a7-common-args.resp
    
    /Users/hectorgarcia/Downloads/Xcode.app/Contents/Developer/Toolchains/XcodeDefault.xctoolchain/usr/bin/clang -x objective-c -ivfsstatcache /Users/hectorgarcia/Library/Developer/Xcode/DerivedData/SDKStatCaches.noindex/iphonesimulator26.2-23C53-823d3e8b6e60bc2018c189d3ca05ba9b.sdkstatcache -fmessage-length\=0 -fdiagnostics-show-note-include-stack -fmacro-backtrace-limit\=0 -fno-color-diagnostics -fmodules-prune-interval\=86400 -fmodules-prune-after\=345600 -fbuild-session-file\=/Users/hectorgarcia/Library/Developer/Xcode/DerivedData/ModuleCache.noindex/Session.modulevalidation -fmodules-validate-once-per-build-session -Wnon-modular-include-in-framework-module -Werror\=non-modular-include-in-framework-module -Wno-trigraphs -Wno-missing-field-initializers -Wno-missing-prototypes -Wno-return-type -Wno-implicit-atomic-properties -Wno-objc-interface-ivars -Wno-arc-repeated-use-of-weak -Wno-missing-braces -Wparentheses -Wswitch -Wno-unused-function -Wno-unused-label -Wno-unused-parameter -Wno-unused-variable -Wunused-value -Wno-empty-body -Wno-uninitialized -Wno-unknown-pragmas -w -Wno-shadow -Wno-four-char-constants -Wno-conversion -Wno-constant-conversion -Wno-int-conversion -Wno-bool-conversion -Wno-enum-conversion -Wno-float-conversion -Wno-non-literal-null-conversion -Wno-objc-literal-conversion -Wshorten-64-to-32 -Wpointer-sign -Wno-newline-eof -Wno-selector -Wno-strict-selector-match -Wno-undeclared-selector -Wno-deprecated-implementations -Wno-implicit-fallthrough -fstrict-aliasing -Wprotocol -Wdeprecated-declarations -Wno-sign-conversion -Wno-infinite-recursion -Wno-comma -Wno-block-capture-autoreleasing -Wno-strict-prototypes -Wno-semicolon-before-method-body -index-store-path /Users/hectorgarcia/Library/Developer/Xcode/DerivedData/Lyo-eagkiegzrakogpczynhkaholsscs/Index.noindex/DataStore @/Users/hectorgarcia/Library/Developer/Xcode/DerivedData/Build/Intermediates.noindex/Firebase.build/Debug-iphonesimulator/Firebase.build/Objects-normal/x86_64/e6072d4f65d7061329687fe24e3d63a7-common-args.resp -MMD -MT dependencies -MF /Users/hectorgarcia/Library/Developer/Xcode/DerivedData/Build/Intermediates.noindex/Firebase.build/Debug-iphonesimulator/Firebase.build/Objects-normal/x86_64/dummy.d --serialize-diagnostics /Users/hectorgarcia/Library/Developer/Xcode/DerivedData/Build/Intermediates.noindex/Firebase.build/Debug-iphonesimulator/Firebase.build/Objects-normal/x86_64/dummy.dia -c /Users/hectorgarcia/Library/Developer/Xcode/DerivedData/Lyo-eagkiegzrakogpczynhkaholsscs/SourcePackages/checkouts/firebase-ios-sdk/CoreOnly/Sources/dummy.m -o /Users/hectorgarcia/Library/Developer/Xcode/DerivedData/Build/Intermediates.noindex/Firebase.build/Debug-iphonesimulator/Firebase.build/Objects-normal/x86_64/dummy.o -index-unit-output-path /Firebase.build/Debug-iphonesimulator/Firebase.build/Objects-normal/x86_64/dummy.o

Ld /Users/hectorgarcia/Library/Developer/Xcode/DerivedData/Build/Products/Debug-iphonesimulator/Firebase.o normal (in target 'Firebase' from project 'Firebase')
    cd /Users/hectorgarcia/Library/Developer/Xcode/DerivedData/Lyo-eagkiegzrakogpczynhkaholsscs/SourcePackages/checkouts/firebase-ios-sdk
    /Users/hectorgarcia/Downloads/Xcode.app/Contents/Developer/Toolchains/XcodeDefault.xctoolchain/usr/bin/clang -Xlinker -reproducible -target x86_64-apple-ios12.0-simulator -r -isysroot /Users/hectorgarcia/Downloads/Xcode.app/Contents/Developer/Platforms/iPhoneSimulator.platform/Developer/SDKs/iPhoneSimulator26.2.sdk -O0 -w -L/Users/hectorgarcia/Library/Developer/Xcode/DerivedData/Build/Intermediates.noindex/EagerLinkingTBDs/Debug-iphonesimulator -L/Users/hectorgarcia/Library/Developer/Xcode/DerivedData/Build/Products/Debug-iphonesimulator -L/Users/hectorgarcia/Downloads/Xcode.app/Contents/Developer/Platforms/iPhoneSimulator.platform/Developer/usr/lib -F/Users/hectorgarcia/Library/Developer/Xcode/DerivedData/Build/Intermediates.noindex/EagerLinkingTBDs/Debug-iphonesimulator -F/Users/hectorgarcia/Library/Developer/Xcode/DerivedData/Build/Products/Debug-iphonesimulator -iframework /Users/hectorgarcia/Downloads/Xcode.app/Contents/Developer/Platforms/iPhoneSimulator.platform/Developer/Library/Frameworks -iframework /Users/hectorgarcia/Downloads/Xcode.app/Contents/Developer/Platforms/iPhoneSimulator.platform/Developer/SDKs/iPhoneSimulator26.2.sdk/Developer/Library/Frameworks -filelist /Users/hectorgarcia/Library/Developer/Xcode/DerivedData/Build/Intermediates.noindex/Firebase.build/Debug-iphonesimulator/Firebase.build/Objects-normal/x86_64/Firebase.LinkFileList -nostdlib -Xlinker -object_path_lto -Xlinker /Users/hectorgarcia/Library/Developer/Xcode/DerivedData/Build/Intermediates.noindex/Firebase.build/Debug-iphonesimulator/Firebase.build/Objects-normal/x86_64/Firebase_lto.o -rdynamic -Xlinker -no_deduplicate -Xlinker -objc_abi_version -Xlinker 2 -Xlinker -dependency_info -Xlinker /Users/hectorgarcia/Library/Developer/Xcode/DerivedData/Build/Intermediates.noindex/Firebase.build/Debug-iphonesimulator/Firebase.build/Objects-normal/x86_64/Firebase_dependency_info.dat -fobjc-arc -fobjc-link-runtime -o /Users/hectorgarcia/Library/Developer/Xcode/DerivedData/Build/Products/Debug-iphonesimulator/Firebase.o

RegisterExecutionPolicyException /Users/hectorgarcia/Library/Developer/Xcode/DerivedData/Build/Products/Debug-iphonesimulator/FirebaseRemoteConfigInterop.o (in target 'FirebaseRemoteConfigInterop' from project 'Firebase')
    cd /Users/hectorgarcia/Library/Developer/Xcode/DerivedData/Lyo-eagkiegzrakogpczynhkaholsscs/SourcePackages/checkouts/firebase-ios-sdk
    builtin-RegisterExecutionPolicyException /Users/hectorgarcia/Library/Developer/Xcode/DerivedData/Build/Products/Debug-iphonesimulator/FirebaseRemoteConfigInterop.o

RegisterExecutionPolicyException /Users/hectorgarcia/Library/Developer/Xcode/DerivedData/Build/Products/Debug-iphonesimulator/FirebaseCoreInternal.o (in target 'FirebaseCoreInternal' from project 'Firebase')
    cd /Users/hectorgarcia/Library/Developer/Xcode/DerivedData/Lyo-eagkiegzrakogpczynhkaholsscs/SourcePackages/checkouts/firebase-ios-sdk
    builtin-RegisterExecutionPolicyException /Users/hectorgarcia/Library/Developer/Xcode/DerivedData/Build/Products/Debug-iphonesimulator/FirebaseCoreInternal.o

PrecompileModule /Users/hectorgarcia/Library/Developer/Xcode/DerivedData/Build/Intermediates.noindex/ExplicitPrecompiledModules/XPC-B56TIEIIWFUH9U9NSF47TIA6I.scan
    cd /
    builtin-precompileModule /Users/hectorgarcia/Library/Developer/Xcode/DerivedData/Build/Intermediates.noindex/ExplicitPrecompiledModules/XPC-B56TIEIIWFUH9U9NSF47TIA6I.scan

PrecompileModule /Users/hectorgarcia/Library/Developer/Xcode/DerivedData/Build/Intermediates.noindex/ExplicitPrecompiledModules/CoreFoundation-6NXSH0YM9I2I5GCPPZNRHHJ1G.scan
    cd /
    builtin-precompileModule /Users/hectorgarcia/Library/Developer/Xcode/DerivedData/Build/Intermediates.noindex/ExplicitPrecompiledModules/CoreFoundation-6NXSH0YM9I2I5GCPPZNRHHJ1G.scan

SwiftEmitModule normal x86_64 Emitting\ module\ for\ FirebaseSessions (in target 'FirebaseSessions' from project 'Firebase')
EmitSwiftModule normal x86_64 (in target 'FirebaseSessions' from project 'Firebase')
    cd /Users/hectorgarcia/LYO_Da_ONE/Lyo.xcodeproj
    

SwiftCompile normal x86_64 Compiling\ SessionGenerator.swift,\ SessionInitiator.swift,\ SessionStartEvent.swift /Users/hectorgarcia/Library/Developer/Xcode/DerivedData/Lyo-eagkiegzrakogpczynhkaholsscs/SourcePackages/checkouts/firebase-ios-sdk/FirebaseSessions/Sources/SessionGenerator.swift /Users/hectorgarcia/Library/Developer/Xcode/DerivedData/Lyo-eagkiegzrakogpczynhkaholsscs/SourcePackages/checkouts/firebase-ios-sdk/FirebaseSessions/Sources/SessionInitiator.swift /Users/hectorgarcia/Library/Developer/Xcode/DerivedData/Lyo-eagkiegzrakogpczynhkaholsscs/SourcePackages/checkouts/firebase-ios-sdk/FirebaseSessions/Sources/SessionStartEvent.swift (in target 'FirebaseSessions' from project 'Firebase')
SwiftCompile normal x86_64 /Users/hectorgarcia/Library/Developer/Xcode/DerivedData/Lyo-eagkiegzrakogpczynhkaholsscs/SourcePackages/checkouts/firebase-ios-sdk/FirebaseSessions/Sources/SessionGenerator.swift (in target 'FirebaseSessions' from project 'Firebase')
    cd /Users/hectorgarcia/LYO_Da_ONE/Lyo.xcodeproj
    

SwiftCompile normal x86_64 /Users/hectorgarcia/Library/Developer/Xcode/DerivedData/Lyo-eagkiegzrakogpczynhkaholsscs/SourcePackages/checkouts/firebase-ios-sdk/FirebaseSessions/Sources/SessionInitiator.swift (in target 'FirebaseSessions' from project 'Firebase')
    cd /Users/hectorgarcia/LYO_Da_ONE/Lyo.xcodeproj
    

SwiftCompile normal x86_64 /Users/hectorgarcia/Library/Developer/Xcode/DerivedData/Lyo-eagkiegzrakogpczynhkaholsscs/SourcePackages/checkouts/firebase-ios-sdk/FirebaseSessions/Sources/SessionStartEvent.swift (in target 'FirebaseSessions' from project 'Firebase')
    cd /Users/hectorgarcia/LYO_Da_ONE/Lyo.xcodeproj
    

SwiftCompile normal x86_64 Compiling\ FirebaseSessions.swift,\ FirebaseSessionsError.swift,\ GoogleDataTransport+GoogleDataTransportProtocol.swift,\ Installations+InstallationsProtocol.swift /Users/hectorgarcia/Library/Developer/Xcode/DerivedData/Lyo-eagkiegzrakogpczynhkaholsscs/SourcePackages/checkouts/firebase-ios-sdk/FirebaseSessions/Sources/FirebaseSessions.swift /Users/hectorgarcia/Library/Developer/Xcode/DerivedData/Lyo-eagkiegzrakogpczynhkaholsscs/SourcePackages/checkouts/firebase-ios-sdk/FirebaseSessions/Sources/FirebaseSessionsError.swift /Users/hectorgarcia/Library/Developer/Xcode/DerivedData/Lyo-eagkiegzrakogpczynhkaholsscs/SourcePackages/checkouts/firebase-ios-sdk/FirebaseSessions/Sources/GoogleDataTransport+GoogleDataTransportProtocol.swift /Users/hectorgarcia/Library/Developer/Xcode/DerivedData/Lyo-eagkiegzrakogpczynhkaholsscs/SourcePackages/checkouts/firebase-ios-sdk/FirebaseSessions/Sources/Installations+InstallationsProtocol.swift (in target 'FirebaseSessions' from project 'Firebase')
SwiftCompile normal x86_64 /Users/hectorgarcia/Library/Developer/Xcode/DerivedData/Lyo-eagkiegzrakogpczynhkaholsscs/SourcePackages/checkouts/firebase-ios-sdk/FirebaseSessions/Sources/FirebaseSessions.swift (in target 'FirebaseSessions' from project 'Firebase')
    cd /Users/hectorgarcia/LYO_Da_ONE/Lyo.xcodeproj
    

SwiftCompile normal x86_64 /Users/hectorgarcia/Library/Developer/Xcode/DerivedData/Lyo-eagkiegzrakogpczynhkaholsscs/SourcePackages/checkouts/firebase-ios-sdk/FirebaseSessions/Sources/FirebaseSessionsError.swift (in target 'FirebaseSessions' from project 'Firebase')
    cd /Users/hectorgarcia/LYO_Da_ONE/Lyo.xcodeproj
    

SwiftCompile normal x86_64 /Users/hectorgarcia/Library/Developer/Xcode/DerivedData/Lyo-eagkiegzrakogpczynhkaholsscs/SourcePackages/checkouts/firebase-ios-sdk/FirebaseSessions/Sources/GoogleDataTransport+GoogleDataTransportProtocol.swift (in target 'FirebaseSessions' from project 'Firebase')
    cd /Users/hectorgarcia/LYO_Da_ONE/Lyo.xcodeproj
    

SwiftCompile normal x86_64 /Users/hectorgarcia/Library/Developer/Xcode/DerivedData/Lyo-eagkiegzrakogpczynhkaholsscs/SourcePackages/checkouts/firebase-ios-sdk/FirebaseSessions/Sources/Installations+InstallationsProtocol.swift (in target 'FirebaseSessions' from project 'Firebase')
    cd /Users/hectorgarcia/LYO_Da_ONE/Lyo.xcodeproj
    

SwiftCompile normal x86_64 Compiling\ Logger.swift,\ NetworkInfo.swift,\ SessionsDependencies.swift /Users/hectorgarcia/Library/Developer/Xcode/DerivedData/Lyo-eagkiegzrakogpczynhkaholsscs/SourcePackages/checkouts/firebase-ios-sdk/FirebaseSessions/Sources/Logger.swift /Users/hectorgarcia/Library/Developer/Xcode/DerivedData/Lyo-eagkiegzrakogpczynhkaholsscs/SourcePackages/checkouts/firebase-ios-sdk/FirebaseSessions/Sources/NetworkInfo.swift /Users/hectorgarcia/Library/Developer/Xcode/DerivedData/Lyo-eagkiegzrakogpczynhkaholsscs/SourcePackages/checkouts/firebase-ios-sdk/FirebaseSessions/Sources/Public/SessionsDependencies.swift (in target 'FirebaseSessions' from project 'Firebase')

SwiftCompile normal x86_64 /Users/hectorgarcia/Library/Developer/Xcode/DerivedData/Lyo-eagkiegzrakogpczynhkaholsscs/SourcePackages/checkouts/firebase-ios-sdk/FirebaseSessions/Sources/Logger.swift (in target 'FirebaseSessions' from project 'Firebase')
    cd /Users/hectorgarcia/LYO_Da_ONE/Lyo.xcodeproj
    

SwiftCompile normal x86_64 /Users/hectorgarcia/Library/Developer/Xcode/DerivedData/Lyo-eagkiegzrakogpczynhkaholsscs/SourcePackages/checkouts/firebase-ios-sdk/FirebaseSessions/Sources/NetworkInfo.swift (in target 'FirebaseSessions' from project 'Firebase')
    cd /Users/hectorgarcia/LYO_Da_ONE/Lyo.xcodeproj
    

SwiftCompile normal x86_64 /Users/hectorgarcia/Library/Developer/Xcode/DerivedData/Lyo-eagkiegzrakogpczynhkaholsscs/SourcePackages/checkouts/firebase-ios-sdk/FirebaseSessions/Sources/Public/SessionsDependencies.swift (in target 'FirebaseSessions' from project 'Firebase')
    cd /Users/hectorgarcia/LYO_Da_ONE/Lyo.xcodeproj
    

PrecompileModule /Users/hectorgarcia/Library/Developer/Xcode/DerivedData/Build/Intermediates.noindex/ExplicitPrecompiledModules/ObjectiveC-C71ZG61HA61TJQLHW73T6T17D.scan
    cd /
    builtin-precompileModule /Users/hectorgarcia/Library/Developer/Xcode/DerivedData/Build/Intermediates.noindex/ExplicitPrecompiledModules/ObjectiveC-C71ZG61HA61TJQLHW73T6T17D.scan

SwiftCompile normal x86_64 Compiling\ SettingsProtocol.swift,\ SettingsProvider.swift,\ Time.swift /Users/hectorgarcia/Library/Developer/Xcode/DerivedData/Lyo-eagkiegzrakogpczynhkaholsscs/SourcePackages/checkouts/firebase-ios-sdk/FirebaseSessions/Sources/Settings/SettingsProtocol.swift /Users/hectorgarcia/Library/Developer/Xcode/DerivedData/Lyo-eagkiegzrakogpczynhkaholsscs/SourcePackages/checkouts/firebase-ios-sdk/FirebaseSessions/Sources/Settings/SettingsProvider.swift /Users/hectorgarcia/Library/Developer/Xcode/DerivedData/Lyo-eagkiegzrakogpczynhkaholsscs/SourcePackages/checkouts/firebase-ios-sdk/FirebaseSessions/Sources/Time.swift (in target 'FirebaseSessions' from project 'Firebase')

SwiftCompile normal x86_64 /Users/hectorgarcia/Library/Developer/Xcode/DerivedData/Lyo-eagkiegzrakogpczynhkaholsscs/SourcePackages/checkouts/firebase-ios-sdk/FirebaseSessions/Sources/Settings/SettingsProtocol.swift (in target 'FirebaseSessions' from project 'Firebase')
    cd /Users/hectorgarcia/LYO_Da_ONE/Lyo.xcodeproj
    

SwiftCompile normal x86_64 /Users/hectorgarcia/Library/Developer/Xcode/DerivedData/Lyo-eagkiegzrakogpczynhkaholsscs/SourcePackages/checkouts/firebase-ios-sdk/FirebaseSessions/Sources/Settings/SettingsProvider.swift (in target 'FirebaseSessions' from project 'Firebase')
    cd /Users/hectorgarcia/LYO_Da_ONE/Lyo.xcodeproj
    

SwiftCompile normal x86_64 /Users/hectorgarcia/Library/Developer/Xcode/DerivedData/Lyo-eagkiegzrakogpczynhkaholsscs/SourcePackages/checkouts/firebase-ios-sdk/FirebaseSessions/Sources/Time.swift (in target 'FirebaseSessions' from project 'Firebase')
    cd /Users/hectorgarcia/LYO_Da_ONE/Lyo.xcodeproj
    

SwiftEmitModule normal x86_64 Emitting\ module\ for\ FirebaseCrashlyticsSwift (in target 'FirebaseCrashlyticsSwift' from project 'Firebase')

EmitSwiftModule normal x86_64 (in target 'FirebaseCrashlyticsSwift' from project 'Firebase')
    cd /Users/hectorgarcia/LYO_Da_ONE/Lyo.xcodeproj
    

PrecompileModule /Users/hectorgarcia/Library/Developer/Xcode/DerivedData/Build/Intermediates.noindex/ExplicitPrecompiledModules/os_object-HF3TKQ6DRTMKRRWCJHUOQR2Q.scan
    cd /
    builtin-precompileModule /Users/hectorgarcia/Library/Developer/Xcode/DerivedData/Build/Intermediates.noindex/ExplicitPrecompiledModules/os_object-HF3TKQ6DRTMKRRWCJHUOQR2Q.scan

PrecompileModule /Users/hectorgarcia/Library/Developer/Xcode/DerivedData/Build/Intermediates.noindex/ExplicitPrecompiledModules/CoreGraphics-4ZHPWW0QWXKMH62KJHNH5R6RC.scan
    cd /
    builtin-precompileModule /Users/hectorgarcia/Library/Developer/Xcode/DerivedData/Build/Intermediates.noindex/ExplicitPrecompiledModules/CoreGraphics-4ZHPWW0QWXKMH62KJHNH5R6RC.scan

PrecompileModule /Users/hectorgarcia/Library/Developer/Xcode/DerivedData/Build/Intermediates.noindex/ExplicitPrecompiledModules/Security-7G38BM11ZSEBGFAQK9Z1TU606.scan
    cd /
    builtin-precompileModule /Users/hectorgarcia/Library/Developer/Xcode/DerivedData/Build/Intermediates.noindex/ExplicitPrecompiledModules/Security-7G38BM11ZSEBGFAQK9Z1TU606.scan

PrecompileModule /Users/hectorgarcia/Library/Developer/Xcode/DerivedData/Build/Intermediates.noindex/ExplicitPrecompiledModules/CoreText-1H1KSQO1SHO01MMZ9BBO9T7VQ.scan
    cd /
    builtin-precompileModule /Users/hectorgarcia/Library/Developer/Xcode/DerivedData/Build/Intermediates.noindex/ExplicitPrecompiledModules/CoreText-1H1KSQO1SHO01MMZ9BBO9T7VQ.scan

CompileC /Users/hectorgarcia/Library/Developer/Xcode/DerivedData/Build/Intermediates.noindex/GTMSessionFetcher.build/Debug-iphonesimulator/GTMSessionFetcherCore.build/Objects-normal/x86_64/GTMSessionUploadFetcher.o /Users/hectorgarcia/Library/Developer/Xcode/DerivedData/Lyo-eagkiegzrakogpczynhkaholsscs/SourcePackages/checkouts/gtm-session-fetcher/Sources/Core/GTMSessionUploadFetcher.m normal x86_64 objective-c com.apple.compilers.llvm.clang.1_0.compiler (in target 'GTMSessionFetcherCore' from project 'GTMSessionFetcher')
    cd /Users/hectorgarcia/LYO_Da_ONE/Lyo.xcodeproj
    
    Using response file: /Users/hectorgarcia/Library/Developer/Xcode/DerivedData/Build/Intermediates.noindex/GTMSessionFetcher.build/Debug-iphonesimulator/GTMSessionFetcherCore.build/Objects-normal/x86_64/e6072d4f65d7061329687fe24e3d63a7-common-args.resp
    
    /Users/hectorgarcia/Downloads/Xcode.app/Contents/Developer/Toolchains/XcodeDefault.xctoolchain/usr/bin/clang -x objective-c -ivfsstatcache /Users/hectorgarcia/Library/Developer/Xcode/DerivedData/SDKStatCaches.noindex/iphonesimulator26.2-23C53-823d3e8b6e60bc2018c189d3ca05ba9b.sdkstatcache -fmessage-length\=0 -fdiagnostics-show-note-include-stack -fmacro-backtrace-limit\=0 -fno-color-diagnostics -fmodules-prune-interval\=86400 -fmodules-prune-after\=345600 -fbuild-session-file\=/Users/hectorgarcia/Library/Developer/Xcode/DerivedData/ModuleCache.noindex/Session.modulevalidation -fmodules-validate-once-per-build-session -Wnon-modular-include-in-framework-module -Werror\=non-modular-include-in-framework-module -Wno-trigraphs -Wno-missing-field-initializers -Wno-missing-prototypes -Wno-return-type -Wno-implicit-atomic-properties -Wno-objc-interface-ivars -Wno-arc-repeated-use-of-weak -Wno-missing-braces -Wparentheses -Wswitch -Wno-unused-function -Wno-unused-label -Wno-unused-parameter -Wno-unused-variable -Wunused-value -Wno-empty-body -Wno-uninitialized -Wno-unknown-pragmas -w -Wno-shadow -Wno-four-char-constants -Wno-conversion -Wno-constant-conversion -Wno-int-conversion -Wno-bool-conversion -Wno-enum-conversion -Wno-float-conversion -Wno-non-literal-null-conversion -Wno-objc-literal-conversion -Wshorten-64-to-32 -Wpointer-sign -Wno-newline-eof -Wno-selector -Wno-strict-selector-match -Wno-undeclared-selector -Wno-deprecated-implementations -Wno-implicit-fallthrough -fstrict-aliasing -Wprotocol -Wdeprecated-declarations -Wno-sign-conversion -Wno-infinite-recursion -Wno-comma -Wno-block-capture-autoreleasing -Wno-strict-prototypes -Wno-semicolon-before-method-body -index-store-path /Users/hectorgarcia/Library/Developer/Xcode/DerivedData/Lyo-eagkiegzrakogpczynhkaholsscs/Index.noindex/DataStore @/Users/hectorgarcia/Library/Developer/Xcode/DerivedData/Build/Intermediates.noindex/GTMSessionFetcher.build/Debug-iphonesimulator/GTMSessionFetcherCore.build/Objects-normal/x86_64/e6072d4f65d7061329687fe24e3d63a7-common-args.resp -include /Users/hectorgarcia/Library/Developer/Xcode/DerivedData/Build/Intermediates.noindex/GTMSessionFetcher.build/Debug-iphonesimulator/GTMSessionFetcherCore.build/DerivedSources/resource_bundle_accessor.h -MMD -MT dependencies -MF /Users/hectorgarcia/Library/Developer/Xcode/DerivedData/Build/Intermediates.noindex/GTMSessionFetcher.build/Debug-iphonesimulator/GTMSessionFetcherCore.build/Objects-normal/x86_64/GTMSessionUploadFetcher.d --serialize-diagnostics /Users/hectorgarcia/Library/Developer/Xcode/DerivedData/Build/Intermediates.noindex/GTMSessionFetcher.build/Debug-iphonesimulator/GTMSessionFetcherCore.build/Objects-normal/x86_64/GTMSessionUploadFetcher.dia -c /Users/hectorgarcia/Library/Developer/Xcode/DerivedData/Lyo-eagkiegzrakogpczynhkaholsscs/SourcePackages/checkouts/gtm-session-fetcher/Sources/Core/GTMSessionUploadFetcher.m -o /Users/hectorgarcia/Library/Developer/Xcode/DerivedData/Build/Intermediates.noindex/GTMSessionFetcher.build/Debug-iphonesimulator/GTMSessionFetcherCore.build/Objects-normal/x86_64/GTMSessionUploadFetcher.o -index-unit-output-path /GTMSessionFetcher.build/Debug-iphonesimulator/GTMSessionFetcherCore.build/Objects-normal/x86_64/GTMSessionUploadFetcher.o

SwiftDriverJobDiscovery normal x86_64 Emitting module for FirebaseCrashlyticsSwift (in target 'FirebaseCrashlyticsSwift' from project 'Firebase')

SwiftDriver\ Compilation\ Requirements FirebaseCrashlyticsSwift normal x86_64 com.apple.xcode.tools.swift.compiler (in target 'FirebaseCrashlyticsSwift' from project 'Firebase')
    cd /Users/hectorgarcia/LYO_Da_ONE/Lyo.xcodeproj
    builtin-Swift-Compilation-Requirements -- /Users/hectorgarcia/Downloads/Xcode.app/Contents/Developer/Toolchains/XcodeDefault.xctoolchain/usr/bin/swiftc -module-name FirebaseCrashlyticsSwift -Onone -enforce-exclusivity\=checked @/Users/hectorgarcia/Library/Developer/Xcode/DerivedData/Build/Intermediates.noindex/Firebase.build/Debug-iphonesimulator/FirebaseCrashlyticsSwift.build/Objects-normal/x86_64/FirebaseCrashlyticsSwift.SwiftFileList -DSWIFT_PACKAGE -DDEBUG -DSWIFT_MODULE_RESOURCE_BUNDLE_UNAVAILABLE -DXcode -plugin-path /Users/hectorgarcia/Downloads/Xcode.app/Contents/Developer/Toolchains/XcodeDefault.xctoolchain/usr/lib/swift/host/plugins/testing -enable-experimental-feature DebugDescriptionMacro -sdk /Users/hectorgarcia/Downloads/Xcode.app/Contents/Developer/Platforms/iPhoneSimulator.platform/Developer/SDKs/iPhoneSimulator26.2.sdk -target x86_64-apple-ios12.0-simulator -g -module-cache-path /Users/hectorgarcia/Library/Developer/Xcode/DerivedData/ModuleCache.noindex -Xfrontend -serialize-debugging-options -enable-testing -suppress-warnings -index-store-path /Users/hectorgarcia/Library/Developer/Xcode/DerivedData/Lyo-eagkiegzrakogpczynhkaholsscs/Index.noindex/DataStore -Xcc -D_LIBCPP_HARDENING_MODE\=_LIBCPP_HARDENING_MODE_DEBUG -swift-version 5 -I /Users/hectorgarcia/Library/Developer/Xcode/DerivedData/Build/Products/Debug-iphonesimulator -Isystem /Users/hectorgarcia/Downloads/Xcode.app/Contents/Developer/Platforms/iPhoneSimulator.platform/Developer/usr/lib -F /Users/hectorgarcia/Library/Developer/Xcode/DerivedData/Build/Products/Debug-iphonesimulator/PackageFrameworks -F /Users/hectorgarcia/Library/Developer/Xcode/DerivedData/Build/Products/Debug-iphonesimulator -F /Users/hectorgarcia/Downloads/Xcode.app/Contents/Developer/Platforms/iPhoneSimulator.platform/Developer/Library/Frameworks -F /Users/hectorgarcia/Downloads/Xcode.app/Contents/Developer/Platforms/iPhoneSimulator.platform/Developer/SDKs/iPhoneSimulator26.2.sdk/Developer/Library/Frameworks -c -j8 -enable-batch-mode -incremental -Xcc -ivfsstatcache -Xcc /Users/hectorgarcia/Library/Developer/Xcode/DerivedData/SDKStatCaches.noindex/iphonesimulator26.2-23C53-823d3e8b6e60bc2018c189d3ca05ba9b.sdkstatcache -output-file-map /Users/hectorgarcia/Library/Developer/Xcode/DerivedData/Build/Intermediates.noindex/Firebase.build/Debug-iphonesimulator/FirebaseCrashlyticsSwift.build/Objects-normal/x86_64/FirebaseCrashlyticsSwift-OutputFileMap.json -use-frontend-parseable-output -save-temps -no-color-diagnostics -explicit-module-build -module-cache-path /Users/hectorgarcia/Library/Developer/Xcode/DerivedData/Build/Intermediates.noindex/SwiftExplicitPrecompiledModules -clang-scanner-module-cache-path /Users/hectorgarcia/Library/Developer/Xcode/DerivedData/ModuleCache.noindex -sdk-module-cache-path /Users/hectorgarcia/Library/Developer/Xcode/DerivedData/ModuleCache.noindex -serialize-diagnostics -emit-dependencies -emit-module -emit-module-path /Users/hectorgarcia/Library/Developer/Xcode/DerivedData/Build/Intermediates.noindex/Firebase.build/Debug-iphonesimulator/FirebaseCrashlyticsSwift.build/Objects-normal/x86_64/FirebaseCrashlyticsSwift.swiftmodule -validate-clang-modules-once -clang-build-session-file /Users/hectorgarcia/Library/Developer/Xcode/DerivedData/ModuleCache.noindex/Session.modulevalidation -Xcc -I/Users/hectorgarcia/Library/Developer/Xcode/DerivedData/Build/Intermediates.noindex/Firebase.build/Debug-iphonesimulator/FirebaseCrashlyticsSwift.build/swift-overrides.hmap -emit-const-values -Xfrontend -const-gather-protocols-file -Xfrontend /Users/hectorgarcia/Library/Developer/Xcode/DerivedData/Build/Intermediates.noindex/Firebase.build/Debug-iphonesimulator/FirebaseCrashlyticsSwift.build/Objects-normal/x86_64/FirebaseCrashlyticsSwift_const_extract_protocols.json -Xcc -I/Users/hectorgarcia/Library/Developer/Xcode/DerivedData/Build/Products/Debug-iphonesimulator/include -Xcc -I/Users/hectorgarcia/Library/Developer/Xcode/DerivedData/Build/Intermediates.noindex/Firebase.build/Debug-iphonesimulator/FirebaseCrashlyticsSwift.build/DerivedSources-normal/x86_64 -Xcc -I/Users/hectorgarcia/Library/Developer/Xcode/DerivedData/Build/Intermediates.noindex/Firebase.build/Debug-iphonesimulator/FirebaseCrashlyticsSwift.build/DerivedSources/x86_64 -Xcc -I/Users/hectorgarcia/Library/Developer/Xcode/DerivedData/Build/Intermediates.noindex/Firebase.build/Debug-iphonesimulator/FirebaseCrashlyticsSwift.build/DerivedSources -Xcc -DSWIFT_PACKAGE -Xcc -DDEBUG\=1 -emit-objc-header -emit-objc-header-path /Users/hectorgarcia/Library/Developer/Xcode/DerivedData/Build/Intermediates.noindex/Firebase.build/Debug-iphonesimulator/FirebaseCrashlyticsSwift.build/Objects-normal/x86_64/FirebaseCrashlyticsSwift-Swift.h -working-directory /Users/hectorgarcia/LYO_Da_ONE/Lyo.xcodeproj -experimental-emit-module-separately -disable-cmo

CompileC /Users/hectorgarcia/Library/Developer/Xcode/DerivedData/Build/Intermediates.noindex/GTMSessionFetcher.build/Debug-iphonesimulator/GTMSessionFetcherCore.build/Objects-normal/x86_64/GTMSessionFetcherService.o /Users/hectorgarcia/Library/Developer/Xcode/DerivedData/Lyo-eagkiegzrakogpczynhkaholsscs/SourcePackages/checkouts/gtm-session-fetcher/Sources/Core/GTMSessionFetcherService.m normal x86_64 objective-c com.apple.compilers.llvm.clang.1_0.compiler (in target 'GTMSessionFetcherCore' from project 'GTMSessionFetcher')
    cd /Users/hectorgarcia/LYO_Da_ONE/Lyo.xcodeproj
    
    Using response file: /Users/hectorgarcia/Library/Developer/Xcode/DerivedData/Build/Intermediates.noindex/GTMSessionFetcher.build/Debug-iphonesimulator/GTMSessionFetcherCore.build/Objects-normal/x86_64/e6072d4f65d7061329687fe24e3d63a7-common-args.resp
    
    /Users/hectorgarcia/Downloads/Xcode.app/Contents/Developer/Toolchains/XcodeDefault.xctoolchain/usr/bin/clang -x objective-c -ivfsstatcache /Users/hectorgarcia/Library/Developer/Xcode/DerivedData/SDKStatCaches.noindex/iphonesimulator26.2-23C53-823d3e8b6e60bc2018c189d3ca05ba9b.sdkstatcache -fmessage-length\=0 -fdiagnostics-show-note-include-stack -fmacro-backtrace-limit\=0 -fno-color-diagnostics -fmodules-prune-interval\=86400 -fmodules-prune-after\=345600 -fbuild-session-file\=/Users/hectorgarcia/Library/Developer/Xcode/DerivedData/ModuleCache.noindex/Session.modulevalidation -fmodules-validate-once-per-build-session -Wnon-modular-include-in-framework-module -Werror\=non-modular-include-in-framework-module -Wno-trigraphs -Wno-missing-field-initializers -Wno-missing-prototypes -Wno-return-type -Wno-implicit-atomic-properties -Wno-objc-interface-ivars -Wno-arc-repeated-use-of-weak -Wno-missing-braces -Wparentheses -Wswitch -Wno-unused-function -Wno-unused-label -Wno-unused-parameter -Wno-unused-variable -Wunused-value -Wno-empty-body -Wno-uninitialized -Wno-unknown-pragmas -w -Wno-shadow -Wno-four-char-constants -Wno-conversion -Wno-constant-conversion -Wno-int-conversion -Wno-bool-conversion -Wno-enum-conversion -Wno-float-conversion -Wno-non-literal-null-conversion -Wno-objc-literal-conversion -Wshorten-64-to-32 -Wpointer-sign -Wno-newline-eof -Wno-selector -Wno-strict-selector-match -Wno-undeclared-selector -Wno-deprecated-implementations -Wno-implicit-fallthrough -fstrict-aliasing -Wprotocol -Wdeprecated-declarations -Wno-sign-conversion -Wno-infinite-recursion -Wno-comma -Wno-block-capture-autoreleasing -Wno-strict-prototypes -Wno-semicolon-before-method-body -index-store-path /Users/hectorgarcia/Library/Developer/Xcode/DerivedData/Lyo-eagkiegzrakogpczynhkaholsscs/Index.noindex/DataStore @/Users/hectorgarcia/Library/Developer/Xcode/DerivedData/Build/Intermediates.noindex/GTMSessionFetcher.build/Debug-iphonesimulator/GTMSessionFetcherCore.build/Objects-normal/x86_64/e6072d4f65d7061329687fe24e3d63a7-common-args.resp -include /Users/hectorgarcia/Library/Developer/Xcode/DerivedData/Build/Intermediates.noindex/GTMSessionFetcher.build/Debug-iphonesimulator/GTMSessionFetcherCore.build/DerivedSources/resource_bundle_accessor.h -MMD -MT dependencies -MF /Users/hectorgarcia/Library/Developer/Xcode/DerivedData/Build/Intermediates.noindex/GTMSessionFetcher.build/Debug-iphonesimulator/GTMSessionFetcherCore.build/Objects-normal/x86_64/GTMSessionFetcherService.d --serialize-diagnostics /Users/hectorgarcia/Library/Developer/Xcode/DerivedData/Build/Intermediates.noindex/GTMSessionFetcher.build/Debug-iphonesimulator/GTMSessionFetcherCore.build/Objects-normal/x86_64/GTMSessionFetcherService.dia -c /Users/hectorgarcia/Library/Developer/Xcode/DerivedData/Lyo-eagkiegzrakogpczynhkaholsscs/SourcePackages/checkouts/gtm-session-fetcher/Sources/Core/GTMSessionFetcherService.m -o /Users/hectorgarcia/Library/Developer/Xcode/DerivedData/Build/Intermediates.noindex/GTMSessionFetcher.build/Debug-iphonesimulator/GTMSessionFetcherCore.build/Objects-normal/x86_64/GTMSessionFetcherService.o -index-unit-output-path /GTMSessionFetcher.build/Debug-iphonesimulator/GTMSessionFetcherCore.build/Objects-normal/x86_64/GTMSessionFetcherService.o

SwiftMergeGeneratedHeaders /Users/hectorgarcia/Library/Developer/Xcode/DerivedData/Build/Intermediates.noindex/GeneratedModuleMaps-iphonesimulator/FirebaseCrashlyticsSwift-Swift.h /Users/hectorgarcia/Library/Developer/Xcode/DerivedData/Build/Intermediates.noindex/Firebase.build/Debug-iphonesimulator/FirebaseCrashlyticsSwift.build/Objects-normal/x86_64/FirebaseCrashlyticsSwift-Swift.h (in target 'FirebaseCrashlyticsSwift' from project 'Firebase')
    cd /Users/hectorgarcia/Library/Developer/Xcode/DerivedData/Lyo-eagkiegzrakogpczynhkaholsscs/SourcePackages/checkouts/firebase-ios-sdk
    builtin-swiftHeaderTool -arch x86_64 /Users/hectorgarcia/Library/Developer/Xcode/DerivedData/Build/Intermediates.noindex/Firebase.build/Debug-iphonesimulator/FirebaseCrashlyticsSwift.build/Objects-normal/x86_64/FirebaseCrashlyticsSwift-Swift.h -o /Users/hectorgarcia/Library/Developer/Xcode/DerivedData/Build/Intermediates.noindex/GeneratedModuleMaps-iphonesimulator/FirebaseCrashlyticsSwift-Swift.h

Copy /Users/hectorgarcia/Library/Developer/Xcode/DerivedData/Build/Products/Debug-iphonesimulator/FirebaseCrashlyticsSwift.swiftmodule/x86_64-apple-ios-simulator.swiftmodule /Users/hectorgarcia/Library/Developer/Xcode/DerivedData/Build/Intermediates.noindex/Firebase.build/Debug-iphonesimulator/FirebaseCrashlyticsSwift.build/Objects-normal/x86_64/FirebaseCrashlyticsSwift.swiftmodule (in target 'FirebaseCrashlyticsSwift' from project 'Firebase')
    cd /Users/hectorgarcia/Library/Developer/Xcode/DerivedData/Lyo-eagkiegzrakogpczynhkaholsscs/SourcePackages/checkouts/firebase-ios-sdk
    builtin-copy -exclude .DS_Store -exclude CVS -exclude .svn -exclude .git -exclude .hg -resolve-src-symlinks -rename /Users/hectorgarcia/Library/Developer/Xcode/DerivedData/Build/Intermediates.noindex/Firebase.build/Debug-iphonesimulator/FirebaseCrashlyticsSwift.build/Objects-normal/x86_64/FirebaseCrashlyticsSwift.swiftmodule /Users/hectorgarcia/Library/Developer/Xcode/DerivedData/Build/Products/Debug-iphonesimulator/FirebaseCrashlyticsSwift.swiftmodule/x86_64-apple-ios-simulator.swiftmodule

Copy /Users/hectorgarcia/Library/Developer/Xcode/DerivedData/Build/Products/Debug-iphonesimulator/FirebaseCrashlyticsSwift.swiftmodule/x86_64-apple-ios-simulator.swiftdoc /Users/hectorgarcia/Library/Developer/Xcode/DerivedData/Build/Intermediates.noindex/Firebase.build/Debug-iphonesimulator/FirebaseCrashlyticsSwift.build/Objects-normal/x86_64/FirebaseCrashlyticsSwift.swiftdoc (in target 'FirebaseCrashlyticsSwift' from project 'Firebase')
    cd /Users/hectorgarcia/Library/Developer/Xcode/DerivedData/Lyo-eagkiegzrakogpczynhkaholsscs/SourcePackages/checkouts/firebase-ios-sdk
    builtin-copy -exclude .DS_Store -exclude CVS -exclude .svn -exclude .git -exclude .hg -resolve-src-symlinks -rename /Users/hectorgarcia/Library/Developer/Xcode/DerivedData/Build/Intermediates.noindex/Firebase.build/Debug-iphonesimulator/FirebaseCrashlyticsSwift.build/Objects-normal/x86_64/FirebaseCrashlyticsSwift.swiftdoc /Users/hectorgarcia/Library/Developer/Xcode/DerivedData/Build/Products/Debug-iphonesimulator/FirebaseCrashlyticsSwift.swiftmodule/x86_64-apple-ios-simulator.swiftdoc

Copy /Users/hectorgarcia/Library/Developer/Xcode/DerivedData/Build/Products/Debug-iphonesimulator/FirebaseCrashlyticsSwift.swiftmodule/x86_64-apple-ios-simulator.abi.json /Users/hectorgarcia/Library/Developer/Xcode/DerivedData/Build/Intermediates.noindex/Firebase.build/Debug-iphonesimulator/FirebaseCrashlyticsSwift.build/Objects-normal/x86_64/FirebaseCrashlyticsSwift.abi.json (in target 'FirebaseCrashlyticsSwift' from project 'Firebase')
    cd /Users/hectorgarcia/Library/Developer/Xcode/DerivedData/Lyo-eagkiegzrakogpczynhkaholsscs/SourcePackages/checkouts/firebase-ios-sdk
    builtin-copy -exclude .DS_Store -exclude CVS -exclude .svn -exclude .git -exclude .hg -resolve-src-symlinks -rename /Users/hectorgarcia/Library/Developer/Xcode/DerivedData/Build/Intermediates.noindex/Firebase.build/Debug-iphonesimulator/FirebaseCrashlyticsSwift.build/Objects-normal/x86_64/FirebaseCrashlyticsSwift.abi.json /Users/hectorgarcia/Library/Developer/Xcode/DerivedData/Build/Products/Debug-iphonesimulator/FirebaseCrashlyticsSwift.swiftmodule/x86_64-apple-ios-simulator.abi.json

Copy /Users/hectorgarcia/Library/Developer/Xcode/DerivedData/Build/Products/Debug-iphonesimulator/FirebaseCrashlyticsSwift.swiftmodule/Project/x86_64-apple-ios-simulator.swiftsourceinfo /Users/hectorgarcia/Library/Developer/Xcode/DerivedData/Build/Intermediates.noindex/Firebase.build/Debug-iphonesimulator/FirebaseCrashlyticsSwift.build/Objects-normal/x86_64/FirebaseCrashlyticsSwift.swiftsourceinfo (in target 'FirebaseCrashlyticsSwift' from project 'Firebase')
    cd /Users/hectorgarcia/Library/Developer/Xcode/DerivedData/Lyo-eagkiegzrakogpczynhkaholsscs/SourcePackages/checkouts/firebase-ios-sdk
    builtin-copy -exclude .DS_Store -exclude CVS -exclude .svn -exclude .git -exclude .hg -resolve-src-symlinks -rename /Users/hectorgarcia/Library/Developer/Xcode/DerivedData/Build/Intermediates.noindex/Firebase.build/Debug-iphonesimulator/FirebaseCrashlyticsSwift.build/Objects-normal/x86_64/FirebaseCrashlyticsSwift.swiftsourceinfo /Users/hectorgarcia/Library/Developer/Xcode/DerivedData/Build/Products/Debug-iphonesimulator/FirebaseCrashlyticsSwift.swiftmodule/Project/x86_64-apple-ios-simulator.swiftsourceinfo

CompileC /Users/hectorgarcia/Library/Developer/Xcode/DerivedData/Build/Intermediates.noindex/GTMSessionFetcher.build/Debug-iphonesimulator/GTMSessionFetcherCore.build/Objects-normal/x86_64/GTMSessionFetcherLogging.o /Users/hectorgarcia/Library/Developer/Xcode/DerivedData/Lyo-eagkiegzrakogpczynhkaholsscs/SourcePackages/checkouts/gtm-session-fetcher/Sources/Core/GTMSessionFetcherLogging.m normal x86_64 objective-c com.apple.compilers.llvm.clang.1_0.compiler (in target 'GTMSessionFetcherCore' from project 'GTMSessionFetcher')
    cd /Users/hectorgarcia/LYO_Da_ONE/Lyo.xcodeproj
    
    Using response file: /Users/hectorgarcia/Library/Developer/Xcode/DerivedData/Build/Intermediates.noindex/GTMSessionFetcher.build/Debug-iphonesimulator/GTMSessionFetcherCore.build/Objects-normal/x86_64/e6072d4f65d7061329687fe24e3d63a7-common-args.resp
    
    /Users/hectorgarcia/Downloads/Xcode.app/Contents/Developer/Toolchains/XcodeDefault.xctoolchain/usr/bin/clang -x objective-c -ivfsstatcache /Users/hectorgarcia/Library/Developer/Xcode/DerivedData/SDKStatCaches.noindex/iphonesimulator26.2-23C53-823d3e8b6e60bc2018c189d3ca05ba9b.sdkstatcache -fmessage-length\=0 -fdiagnostics-show-note-include-stack -fmacro-backtrace-limit\=0 -fno-color-diagnostics -fmodules-prune-interval\=86400 -fmodules-prune-after\=345600 -fbuild-session-file\=/Users/hectorgarcia/Library/Developer/Xcode/DerivedData/ModuleCache.noindex/Session.modulevalidation -fmodules-validate-once-per-build-session -Wnon-modular-include-in-framework-module -Werror\=non-modular-include-in-framework-module -Wno-trigraphs -Wno-missing-field-initializers -Wno-missing-prototypes -Wno-return-type -Wno-implicit-atomic-properties -Wno-objc-interface-ivars -Wno-arc-repeated-use-of-weak -Wno-missing-braces -Wparentheses -Wswitch -Wno-unused-function -Wno-unused-label -Wno-unused-parameter -Wno-unused-variable -Wunused-value -Wno-empty-body -Wno-uninitialized -Wno-unknown-pragmas -w -Wno-shadow -Wno-four-char-constants -Wno-conversion -Wno-constant-conversion -Wno-int-conversion -Wno-bool-conversion -Wno-enum-conversion -Wno-float-conversion -Wno-non-literal-null-conversion -Wno-objc-literal-conversion -Wshorten-64-to-32 -Wpointer-sign -Wno-newline-eof -Wno-selector -Wno-strict-selector-match -Wno-undeclared-selector -Wno-deprecated-implementations -Wno-implicit-fallthrough -fstrict-aliasing -Wprotocol -Wdeprecated-declarations -Wno-sign-conversion -Wno-infinite-recursion -Wno-comma -Wno-block-capture-autoreleasing -Wno-strict-prototypes -Wno-semicolon-before-method-body -index-store-path /Users/hectorgarcia/Library/Developer/Xcode/DerivedData/Lyo-eagkiegzrakogpczynhkaholsscs/Index.noindex/DataStore @/Users/hectorgarcia/Library/Developer/Xcode/DerivedData/Build/Intermediates.noindex/GTMSessionFetcher.build/Debug-iphonesimulator/GTMSessionFetcherCore.build/Objects-normal/x86_64/e6072d4f65d7061329687fe24e3d63a7-common-args.resp -include /Users/hectorgarcia/Library/Developer/Xcode/DerivedData/Build/Intermediates.noindex/GTMSessionFetcher.build/Debug-iphonesimulator/GTMSessionFetcherCore.build/DerivedSources/resource_bundle_accessor.h -MMD -MT dependencies -MF /Users/hectorgarcia/Library/Developer/Xcode/DerivedData/Build/Intermediates.noindex/GTMSessionFetcher.build/Debug-iphonesimulator/GTMSessionFetcherCore.build/Objects-normal/x86_64/GTMSessionFetcherLogging.d --serialize-diagnostics /Users/hectorgarcia/Library/Developer/Xcode/DerivedData/Build/Intermediates.noindex/GTMSessionFetcher.build/Debug-iphonesimulator/GTMSessionFetcherCore.build/Objects-normal/x86_64/GTMSessionFetcherLogging.dia -c /Users/hectorgarcia/Library/Developer/Xcode/DerivedData/Lyo-eagkiegzrakogpczynhkaholsscs/SourcePackages/checkouts/gtm-session-fetcher/Sources/Core/GTMSessionFetcherLogging.m -o /Users/hectorgarcia/Library/Developer/Xcode/DerivedData/Build/Intermediates.noindex/GTMSessionFetcher.build/Debug-iphonesimulator/GTMSessionFetcherCore.build/Objects-normal/x86_64/GTMSessionFetcherLogging.o -index-unit-output-path /GTMSessionFetcher.build/Debug-iphonesimulator/GTMSessionFetcherCore.build/Objects-normal/x86_64/GTMSessionFetcherLogging.o

CompileC /Users/hectorgarcia/Library/Developer/Xcode/DerivedData/Build/Intermediates.noindex/GTMSessionFetcher.build/Debug-iphonesimulator/GTMSessionFetcherCore.build/Objects-normal/x86_64/GTMSessionFetcher.o /Users/hectorgarcia/Library/Developer/Xcode/DerivedData/Lyo-eagkiegzrakogpczynhkaholsscs/SourcePackages/checkouts/gtm-session-fetcher/Sources/Core/GTMSessionFetcher.m normal x86_64 objective-c com.apple.compilers.llvm.clang.1_0.compiler (in target 'GTMSessionFetcherCore' from project 'GTMSessionFetcher')
    cd /Users/hectorgarcia/LYO_Da_ONE/Lyo.xcodeproj
    
    Using response file: /Users/hectorgarcia/Library/Developer/Xcode/DerivedData/Build/Intermediates.noindex/GTMSessionFetcher.build/Debug-iphonesimulator/GTMSessionFetcherCore.build/Objects-normal/x86_64/e6072d4f65d7061329687fe24e3d63a7-common-args.resp
    
    /Users/hectorgarcia/Downloads/Xcode.app/Contents/Developer/Toolchains/XcodeDefault.xctoolchain/usr/bin/clang -x objective-c -ivfsstatcache /Users/hectorgarcia/Library/Developer/Xcode/DerivedData/SDKStatCaches.noindex/iphonesimulator26.2-23C53-823d3e8b6e60bc2018c189d3ca05ba9b.sdkstatcache -fmessage-length\=0 -fdiagnostics-show-note-include-stack -fmacro-backtrace-limit\=0 -fno-color-diagnostics -fmodules-prune-interval\=86400 -fmodules-prune-after\=345600 -fbuild-session-file\=/Users/hectorgarcia/Library/Developer/Xcode/DerivedData/ModuleCache.noindex/Session.modulevalidation -fmodules-validate-once-per-build-session -Wnon-modular-include-in-framework-module -Werror\=non-modular-include-in-framework-module -Wno-trigraphs -Wno-missing-field-initializers -Wno-missing-prototypes -Wno-return-type -Wno-implicit-atomic-properties -Wno-objc-interface-ivars -Wno-arc-repeated-use-of-weak -Wno-missing-braces -Wparentheses -Wswitch -Wno-unused-function -Wno-unused-label -Wno-unused-parameter -Wno-unused-variable -Wunused-value -Wno-empty-body -Wno-uninitialized -Wno-unknown-pragmas -w -Wno-shadow -Wno-four-char-constants -Wno-conversion -Wno-constant-conversion -Wno-int-conversion -Wno-bool-conversion -Wno-enum-conversion -Wno-float-conversion -Wno-non-literal-null-conversion -Wno-objc-literal-conversion -Wshorten-64-to-32 -Wpointer-sign -Wno-newline-eof -Wno-selector -Wno-strict-selector-match -Wno-undeclared-selector -Wno-deprecated-implementations -Wno-implicit-fallthrough -fstrict-aliasing -Wprotocol -Wdeprecated-declarations -Wno-sign-conversion -Wno-infinite-recursion -Wno-comma -Wno-block-capture-autoreleasing -Wno-strict-prototypes -Wno-semicolon-before-method-body -index-store-path /Users/hectorgarcia/Library/Developer/Xcode/DerivedData/Lyo-eagkiegzrakogpczynhkaholsscs/Index.noindex/DataStore @/Users/hectorgarcia/Library/Developer/Xcode/DerivedData/Build/Intermediates.noindex/GTMSessionFetcher.build/Debug-iphonesimulator/GTMSessionFetcherCore.build/Objects-normal/x86_64/e6072d4f65d7061329687fe24e3d63a7-common-args.resp -include /Users/hectorgarcia/Library/Developer/Xcode/DerivedData/Build/Intermediates.noindex/GTMSessionFetcher.build/Debug-iphonesimulator/GTMSessionFetcherCore.build/DerivedSources/resource_bundle_accessor.h -MMD -MT dependencies -MF /Users/hectorgarcia/Library/Developer/Xcode/DerivedData/Build/Intermediates.noindex/GTMSessionFetcher.build/Debug-iphonesimulator/GTMSessionFetcherCore.build/Objects-normal/x86_64/GTMSessionFetcher.d --serialize-diagnostics /Users/hectorgarcia/Library/Developer/Xcode/DerivedData/Build/Intermediates.noindex/GTMSessionFetcher.build/Debug-iphonesimulator/GTMSessionFetcherCore.build/Objects-normal/x86_64/GTMSessionFetcher.dia -c /Users/hectorgarcia/Library/Developer/Xcode/DerivedData/Lyo-eagkiegzrakogpczynhkaholsscs/SourcePackages/checkouts/gtm-session-fetcher/Sources/Core/GTMSessionFetcher.m -o /Users/hectorgarcia/Library/Developer/Xcode/DerivedData/Build/Intermediates.noindex/GTMSessionFetcher.build/Debug-iphonesimulator/GTMSessionFetcherCore.build/Objects-normal/x86_64/GTMSessionFetcher.o -index-unit-output-path /GTMSessionFetcher.build/Debug-iphonesimulator/GTMSessionFetcherCore.build/Objects-normal/x86_64/GTMSessionFetcher.o

SwiftDriverJobDiscovery normal x86_64 Compiling Logger.swift, NetworkInfo.swift, SessionsDependencies.swift (in target 'FirebaseSessions' from project 'Firebase')

PrecompileModule /Users/hectorgarcia/Library/Developer/Xcode/DerivedData/Build/Intermediates.noindex/ExplicitPrecompiledModules/os_workgroup-DPXKKY2CQB89AF36TTT3YITZ.scan
    cd /
    builtin-precompileModule /Users/hectorgarcia/Library/Developer/Xcode/DerivedData/Build/Intermediates.noindex/ExplicitPrecompiledModules/os_workgroup-DPXKKY2CQB89AF36TTT3YITZ.scan

SwiftDriverJobDiscovery normal x86_64 Compiling SettingsProtocol.swift, SettingsProvider.swift, Time.swift (in target 'FirebaseSessions' from project 'Firebase')

PrecompileModule /Users/hectorgarcia/Library/Developer/Xcode/DerivedData/Build/Intermediates.noindex/ExplicitPrecompiledModules/CFNetwork-G838R7GCIF7MPLXRQC27F1DO.scan
    cd /
    builtin-precompileModule /Users/hectorgarcia/Library/Developer/Xcode/DerivedData/Build/Intermediates.noindex/ExplicitPrecompiledModules/CFNetwork-G838R7GCIF7MPLXRQC27F1DO.scan

PrecompileModule /Users/hectorgarcia/Library/Developer/Xcode/DerivedData/Build/Intermediates.noindex/ExplicitPrecompiledModules/ImageIO-51MGRKW9C88AWSYPEPR10ICGQ.scan
    cd /
    builtin-precompileModule /Users/hectorgarcia/Library/Developer/Xcode/DerivedData/Build/Intermediates.noindex/ExplicitPrecompiledModules/ImageIO-51MGRKW9C88AWSYPEPR10ICGQ.scan

PrecompileModule /Users/hectorgarcia/Library/Developer/Xcode/DerivedData/Build/Intermediates.noindex/ExplicitPrecompiledModules/Dispatch-4I6XE3VR9PO7YA1L74HS5D9YO.scan
    cd /
    builtin-precompileModule /Users/hectorgarcia/Library/Developer/Xcode/DerivedData/Build/Intermediates.noindex/ExplicitPrecompiledModules/Dispatch-4I6XE3VR9PO7YA1L74HS5D9YO.scan

PrecompileModule /Users/hectorgarcia/Library/Developer/Xcode/DerivedData/Build/Intermediates.noindex/ExplicitPrecompiledModules/Foundation-6S6J1O8C342L4RP86FKDNP3SC.scan
    cd /
    builtin-precompileModule /Users/hectorgarcia/Library/Developer/Xcode/DerivedData/Build/Intermediates.noindex/ExplicitPrecompiledModules/Foundation-6S6J1O8C342L4RP86FKDNP3SC.scan

SwiftDriverJobDiscovery normal x86_64 Emitting module for FirebaseSessions (in target 'FirebaseSessions' from project 'Firebase')

SwiftDriver\ Compilation\ Requirements FirebaseSessions normal x86_64 com.apple.xcode.tools.swift.compiler (in target 'FirebaseSessions' from project 'Firebase')
    cd /Users/hectorgarcia/LYO_Da_ONE/Lyo.xcodeproj
    builtin-Swift-Compilation-Requirements -- /Users/hectorgarcia/Downloads/Xcode.app/Contents/Developer/Toolchains/XcodeDefault.xctoolchain/usr/bin/swiftc -module-name FirebaseSessions -Onone -enforce-exclusivity\=checked @/Users/hectorgarcia/Library/Developer/Xcode/DerivedData/Build/Intermediates.noindex/Firebase.build/Debug-iphonesimulator/FirebaseSessions.build/Objects-normal/x86_64/FirebaseSessions.SwiftFileList -DSWIFT_PACKAGE -DDEBUG -DSWIFT_MODULE_RESOURCE_BUNDLE_UNAVAILABLE -Xcc -fmodule-map-file\=/Users/hectorgarcia/Library/Developer/Xcode/DerivedData/Build/Intermediates.noindex/GeneratedModuleMaps-iphonesimulator/GoogleUtilities-NSData.modulemap -Xcc -fmodule-map-file\=/Users/hectorgarcia/Library/Developer/Xcode/DerivedData/Build/Intermediates.noindex/GeneratedModuleMaps-iphonesimulator/GoogleUtilities-Logger.modulemap -Xcc -fmodule-map-file\=/Users/hectorgarcia/Library/Developer/Xcode/DerivedData/Build/Intermediates.noindex/GeneratedModuleMaps-iphonesimulator/GoogleUtilities-Environment.modulemap -Xcc -fmodule-map-file\=/Users/hectorgarcia/Library/Developer/Xcode/DerivedData/Build/Intermediates.noindex/GeneratedModuleMaps-iphonesimulator/third-party-IsAppEncrypted.modulemap -Xcc -fmodule-map-file\=/Users/hectorgarcia/Library/Developer/Xcode/DerivedData/Build/Intermediates.noindex/GeneratedModuleMaps-iphonesimulator/GoogleUtilities-UserDefaults.modulemap -Xcc -fmodule-map-file\=/Users/hectorgarcia/Library/Developer/Xcode/DerivedData/Build/Intermediates.noindex/GeneratedModuleMaps-iphonesimulator/nanopb.modulemap -Xcc -fmodule-map-file\=/Users/hectorgarcia/Library/Developer/Xcode/DerivedData/Build/Intermediates.noindex/GeneratedModuleMaps-iphonesimulator/GoogleDataTransport.modulemap -Xcc -fmodule-map-file\=/Users/hectorgarcia/Library/Developer/Xcode/DerivedData/Build/Intermediates.noindex/GeneratedModuleMaps-iphonesimulator/FirebaseSessionsObjC.modulemap -Xcc -fmodule-map-file\=/Users/hectorgarcia/Library/Developer/Xcode/DerivedData/Build/Intermediates.noindex/GeneratedModuleMaps-iphonesimulator/FirebaseCoreExtension.modulemap -Xcc -fmodule-map-file\=/Users/hectorgarcia/Library/Developer/Xcode/DerivedData/Build/Intermediates.noindex/GeneratedModuleMaps-iphonesimulator/FirebaseInstallations.modulemap -Xcc -fmodule-map-file\=/Users/hectorgarcia/Library/Developer/Xcode/DerivedData/Build/Intermediates.noindex/GeneratedModuleMaps-iphonesimulator/FirebaseCore.modulemap -DXcode -plugin-path /Users/hectorgarcia/Downloads/Xcode.app/Contents/Developer/Toolchains/XcodeDefault.xctoolchain/usr/lib/swift/host/plugins/testing -enable-experimental-feature DebugDescriptionMacro -sdk /Users/hectorgarcia/Downloads/Xcode.app/Contents/Developer/Platforms/iPhoneSimulator.platform/Developer/SDKs/iPhoneSimulator26.2.sdk -target x86_64-apple-ios12.0-simulator -g -module-cache-path /Users/hectorgarcia/Library/Developer/Xcode/DerivedData/ModuleCache.noindex -Xfrontend -serialize-debugging-options -enable-testing -suppress-warnings -index-store-path /Users/hectorgarcia/Library/Developer/Xcode/DerivedData/Lyo-eagkiegzrakogpczynhkaholsscs/Index.noindex/DataStore -Xcc -D_LIBCPP_HARDENING_MODE\=_LIBCPP_HARDENING_MODE_DEBUG -swift-version 5 -I /Users/hectorgarcia/Library/Developer/Xcode/DerivedData/Build/Products/Debug-iphonesimulator -Isystem /Users/hectorgarcia/Downloads/Xcode.app/Contents/Developer/Platforms/iPhoneSimulator.platform/Developer/usr/lib -F /Users/hectorgarcia/Library/Developer/Xcode/DerivedData/Build/Products/Debug-iphonesimulator/PackageFrameworks -F /Users/hectorgarcia/Library/Developer/Xcode/DerivedData/Build/Products/Debug-iphonesimulator/PackageFrameworks -F /Users/hectorgarcia/Library/Developer/Xcode/DerivedData/Build/Products/Debug-iphonesimulator/PackageFrameworks -F /Users/hectorgarcia/Library/Developer/Xcode/DerivedData/Build/Products/Debug-iphonesimulator/PackageFrameworks -F /Users/hectorgarcia/Library/Developer/Xcode/DerivedData/Build/Products/Debug-iphonesimulator/PackageFrameworks -F /Users/hectorgarcia/Library/Developer/Xcode/DerivedData/Build/Products/Debug-iphonesimulator/PackageFrameworks -F /Users/hectorgarcia/Library/Developer/Xcode/DerivedData/Build/Products/Debug-iphonesimulator/PackageFrameworks -F /Users/hectorgarcia/Library/Developer/Xcode/DerivedData/Build/Products/Debug-iphonesimulator/PackageFrameworks -F /Users/hectorgarcia/Library/Developer/Xcode/DerivedData/Build/Products/Debug-iphonesimulator/PackageFrameworks -F /Users/hectorgarcia/Library/Developer/Xcode/DerivedData/Build/Products/Debug-iphonesimulator/PackageFrameworks -F /Users/hectorgarcia/Library/Developer/Xcode/DerivedData/Build/Products/Debug-iphonesimulator/PackageFrameworks -F /Users/hectorgarcia/Library/Developer/Xcode/DerivedData/Build/Products/Debug-iphonesimulator/PackageFrameworks -F /Users/hectorgarcia/Library/Developer/Xcode/DerivedData/Build/Products/Debug-iphonesimulator/PackageFrameworks -F /Users/hectorgarcia/Library/Developer/Xcode/DerivedData/Build/Products/Debug-iphonesimulator/PackageFrameworks -F /Users/hectorgarcia/Library/Developer/Xcode/DerivedData/Build/Products/Debug-iphonesimulator/PackageFrameworks -F /Users/hectorgarcia/Library/Developer/Xcode/DerivedData/Build/Products/Debug-iphonesimulator -F /Users/hectorgarcia/Downloads/Xcode.app/Contents/Developer/Platforms/iPhoneSimulator.platform/Developer/Library/Frameworks -F /Users/hectorgarcia/Downloads/Xcode.app/Contents/Developer/Platforms/iPhoneSimulator.platform/Developer/SDKs/iPhoneSimulator26.2.sdk/Developer/Library/Frameworks -c -j8 -enable-batch-mode -incremental -Xcc -ivfsstatcache -Xcc /Users/hectorgarcia/Library/Developer/Xcode/DerivedData/SDKStatCaches.noindex/iphonesimulator26.2-23C53-823d3e8b6e60bc2018c189d3ca05ba9b.sdkstatcache -output-file-map /Users/hectorgarcia/Library/Developer/Xcode/DerivedData/Build/Intermediates.noindex/Firebase.build/Debug-iphonesimulator/FirebaseSessions.build/Objects-normal/x86_64/FirebaseSessions-OutputFileMap.json -use-frontend-parseable-output -save-temps -no-color-diagnostics -explicit-module-build -module-cache-path /Users/hectorgarcia/Library/Developer/Xcode/DerivedData/Build/Intermediates.noindex/SwiftExplicitPrecompiledModules -clang-scanner-module-cache-path /Users/hectorgarcia/Library/Developer/Xcode/DerivedData/ModuleCache.noindex -sdk-module-cache-path /Users/hectorgarcia/Library/Developer/Xcode/DerivedData/ModuleCache.noindex -serialize-diagnostics -emit-dependencies -emit-module -emit-module-path /Users/hectorgarcia/Library/Developer/Xcode/DerivedData/Build/Intermediates.noindex/Firebase.build/Debug-iphonesimulator/FirebaseSessions.build/Objects-normal/x86_64/FirebaseSessions.swiftmodule -validate-clang-modules-once -clang-build-session-file /Users/hectorgarcia/Library/Developer/Xcode/DerivedData/ModuleCache.noindex/Session.modulevalidation -Xcc -I/Users/hectorgarcia/Library/Developer/Xcode/DerivedData/Build/Intermediates.noindex/Firebase.build/Debug-iphonesimulator/FirebaseSessions.build/swift-overrides.hmap -emit-const-values -Xfrontend -const-gather-protocols-file -Xfrontend /Users/hectorgarcia/Library/Developer/Xcode/DerivedData/Build/Intermediates.noindex/Firebase.build/Debug-iphonesimulator/FirebaseSessions.build/Objects-normal/x86_64/FirebaseSessions_const_extract_protocols.json -Xcc -I/Users/hectorgarcia/Library/Developer/Xcode/DerivedData/Lyo-eagkiegzrakogpczynhkaholsscs/SourcePackages/checkouts/GoogleUtilities/GoogleUtilities/NSData+zlib/Public -Xcc -I/Users/hectorgarcia/Library/Developer/Xcode/DerivedData/Lyo-eagkiegzrakogpczynhkaholsscs/SourcePackages/checkouts/GoogleUtilities/GoogleUtilities/Logger/Public -Xcc -I/Users/hectorgarcia/Library/Developer/Xcode/DerivedData/Lyo-eagkiegzrakogpczynhkaholsscs/SourcePackages/checkouts/GoogleUtilities/GoogleUtilities/Environment/Public -Xcc -I/Users/hectorgarcia/Library/Developer/Xcode/DerivedData/Lyo-eagkiegzrakogpczynhkaholsscs/SourcePackages/checkouts/GoogleUtilities/third_party/IsAppEncrypted/Public -Xcc -I/Users/hectorgarcia/Library/Developer/Xcode/DerivedData/Lyo-eagkiegzrakogpczynhkaholsscs/SourcePackages/checkouts/GoogleUtilities/GoogleUtilities/UserDefaults/Public -Xcc -I/Users/hectorgarcia/Library/Developer/Xcode/DerivedData/Lyo-eagkiegzrakogpczynhkaholsscs/SourcePackages/checkouts/nanopb/spm_headers -Xcc -I/Users/hectorgarcia/Library/Developer/Xcode/DerivedData/Lyo-eagkiegzrakogpczynhkaholsscs/SourcePackages/checkouts/promises/Sources/FBLPromises/include -Xcc -I/Users/hectorgarcia/Library/Developer/Xcode/DerivedData/Lyo-eagkiegzrakogpczynhkaholsscs/SourcePackages/checkouts/GoogleDataTransport/GoogleDataTransport/GDTCORLibrary/Public -Xcc -I/Users/hectorgarcia/Library/Developer/Xcode/DerivedData/Lyo-eagkiegzrakogpczynhkaholsscs/SourcePackages/checkouts/firebase-ios-sdk/FirebaseSessions/SourcesObjC -Xcc -I/Users/hectorgarcia/Library/Developer/Xcode/DerivedData/Lyo-eagkiegzrakogpczynhkaholsscs/SourcePackages/checkouts/firebase-ios-sdk/FirebaseCore/Extension -Xcc -I/Users/hectorgarcia/Library/Developer/Xcode/DerivedData/Lyo-eagkiegzrakogpczynhkaholsscs/SourcePackages/checkouts/firebase-ios-sdk/FirebaseInstallations/Source/Library/Public -Xcc -I/Users/hectorgarcia/Library/Developer/Xcode/DerivedData/Lyo-eagkiegzrakogpczynhkaholsscs/SourcePackages/checkouts/firebase-ios-sdk/FirebaseCore/Sources/Public -Xcc -I/Users/hectorgarcia/Library/Developer/Xcode/DerivedData/Lyo-eagkiegzrakogpczynhkaholsscs/SourcePackages/checkouts/firebase-ios-sdk/CoreOnly/Sources -Xcc -I/Users/hectorgarcia/Library/Developer/Xcode/DerivedData/Build/Products/Debug-iphonesimulator/include -Xcc -I/Users/hectorgarcia/Library/Developer/Xcode/DerivedData/Lyo-eagkiegzrakogpczynhkaholsscs/SourcePackages/checkouts/firebase-ios-sdk/FirebaseSessions -Xcc -I/Users/hectorgarcia/Library/Developer/Xcode/DerivedData/Build/Intermediates.noindex/Firebase.build/Debug-iphonesimulator/FirebaseSessions.build/DerivedSources-normal/x86_64 -Xcc -I/Users/hectorgarcia/Library/Developer/Xcode/DerivedData/Build/Intermediates.noindex/Firebase.build/Debug-iphonesimulator/FirebaseSessions.build/DerivedSources/x86_64 -Xcc -I/Users/hectorgarcia/Library/Developer/Xcode/DerivedData/Build/Intermediates.noindex/Firebase.build/Debug-iphonesimulator/FirebaseSessions.build/DerivedSources -Xcc -DSWIFT_PACKAGE -Xcc -DDEBUG\=1 -Xcc -DDISPLAY_VERSION\=10.29.0 -Xcc -DPB_FIELD_32BIT\=1 -Xcc -DPB_NO_PACKED_STRUCTS\=1 -Xcc -DPB_ENABLE_MALLOC\=1 -emit-objc-header -emit-objc-header-path /Users/hectorgarcia/Library/Developer/Xcode/DerivedData/Build/Intermediates.noindex/Firebase.build/Debug-iphonesimulator/FirebaseSessions.build/Objects-normal/x86_64/FirebaseSessions-Swift.h -working-directory /Users/hectorgarcia/LYO_Da_ONE/Lyo.xcodeproj -experimental-emit-module-separately -disable-cmo

SwiftCompile normal x86_64 Compiling\ SessionsSettings.swift,\ SettingsCacheClient.swift,\ SettingsDownloadClient.swift /Users/hectorgarcia/Library/Developer/Xcode/DerivedData/Lyo-eagkiegzrakogpczynhkaholsscs/SourcePackages/checkouts/firebase-ios-sdk/FirebaseSessions/Sources/Settings/SessionsSettings.swift /Users/hectorgarcia/Library/Developer/Xcode/DerivedData/Lyo-eagkiegzrakogpczynhkaholsscs/SourcePackages/checkouts/firebase-ios-sdk/FirebaseSessions/Sources/Settings/SettingsCacheClient.swift /Users/hectorgarcia/Library/Developer/Xcode/DerivedData/Lyo-eagkiegzrakogpczynhkaholsscs/SourcePackages/checkouts/firebase-ios-sdk/FirebaseSessions/Sources/Settings/SettingsDownloadClient.swift (in target 'FirebaseSessions' from project 'Firebase')
SwiftCompile normal x86_64 /Users/hectorgarcia/Library/Developer/Xcode/DerivedData/Lyo-eagkiegzrakogpczynhkaholsscs/SourcePackages/checkouts/firebase-ios-sdk/FirebaseSessions/Sources/Settings/SessionsSettings.swift (in target 'FirebaseSessions' from project 'Firebase')
    cd /Users/hectorgarcia/LYO_Da_ONE/Lyo.xcodeproj
    

SwiftCompile normal x86_64 /Users/hectorgarcia/Library/Developer/Xcode/DerivedData/Lyo-eagkiegzrakogpczynhkaholsscs/SourcePackages/checkouts/firebase-ios-sdk/FirebaseSessions/Sources/Settings/SettingsCacheClient.swift (in target 'FirebaseSessions' from project 'Firebase')
    cd /Users/hectorgarcia/LYO_Da_ONE/Lyo.xcodeproj
    

SwiftCompile normal x86_64 /Users/hectorgarcia/Library/Developer/Xcode/DerivedData/Lyo-eagkiegzrakogpczynhkaholsscs/SourcePackages/checkouts/firebase-ios-sdk/FirebaseSessions/Sources/Settings/SettingsDownloadClient.swift (in target 'FirebaseSessions' from project 'Firebase')
    cd /Users/hectorgarcia/LYO_Da_ONE/Lyo.xcodeproj
    

PrecompileModule /Users/hectorgarcia/Library/Developer/Xcode/DerivedData/Build/Intermediates.noindex/ExplicitPrecompiledModules/CoreFoundation-CE7ACD5PQA9V2VR8LW1PJZAKC.scan
    cd /
    builtin-precompileModule /Users/hectorgarcia/Library/Developer/Xcode/DerivedData/Build/Intermediates.noindex/ExplicitPrecompiledModules/CoreFoundation-CE7ACD5PQA9V2VR8LW1PJZAKC.scan

SwiftMergeGeneratedHeaders /Users/hectorgarcia/Library/Developer/Xcode/DerivedData/Build/Intermediates.noindex/GeneratedModuleMaps-iphonesimulator/FirebaseSessions-Swift.h /Users/hectorgarcia/Library/Developer/Xcode/DerivedData/Build/Intermediates.noindex/Firebase.build/Debug-iphonesimulator/FirebaseSessions.build/Objects-normal/x86_64/FirebaseSessions-Swift.h (in target 'FirebaseSessions' from project 'Firebase')
    cd /Users/hectorgarcia/Library/Developer/Xcode/DerivedData/Lyo-eagkiegzrakogpczynhkaholsscs/SourcePackages/checkouts/firebase-ios-sdk
    builtin-swiftHeaderTool -arch x86_64 /Users/hectorgarcia/Library/Developer/Xcode/DerivedData/Build/Intermediates.noindex/Firebase.build/Debug-iphonesimulator/FirebaseSessions.build/Objects-normal/x86_64/FirebaseSessions-Swift.h -o /Users/hectorgarcia/Library/Developer/Xcode/DerivedData/Build/Intermediates.noindex/GeneratedModuleMaps-iphonesimulator/FirebaseSessions-Swift.h

Copy /Users/hectorgarcia/Library/Developer/Xcode/DerivedData/Build/Products/Debug-iphonesimulator/FirebaseSessions.swiftmodule/x86_64-apple-ios-simulator.swiftmodule /Users/hectorgarcia/Library/Developer/Xcode/DerivedData/Build/Intermediates.noindex/Firebase.build/Debug-iphonesimulator/FirebaseSessions.build/Objects-normal/x86_64/FirebaseSessions.swiftmodule (in target 'FirebaseSessions' from project 'Firebase')
    cd /Users/hectorgarcia/Library/Developer/Xcode/DerivedData/Lyo-eagkiegzrakogpczynhkaholsscs/SourcePackages/checkouts/firebase-ios-sdk
    builtin-copy -exclude .DS_Store -exclude CVS -exclude .svn -exclude .git -exclude .hg -resolve-src-symlinks -rename /Users/hectorgarcia/Library/Developer/Xcode/DerivedData/Build/Intermediates.noindex/Firebase.build/Debug-iphonesimulator/FirebaseSessions.build/Objects-normal/x86_64/FirebaseSessions.swiftmodule /Users/hectorgarcia/Library/Developer/Xcode/DerivedData/Build/Products/Debug-iphonesimulator/FirebaseSessions.swiftmodule/x86_64-apple-ios-simulator.swiftmodule

Copy /Users/hectorgarcia/Library/Developer/Xcode/DerivedData/Build/Products/Debug-iphonesimulator/FirebaseSessions.swiftmodule/x86_64-apple-ios-simulator.swiftdoc /Users/hectorgarcia/Library/Developer/Xcode/DerivedData/Build/Intermediates.noindex/Firebase.build/Debug-iphonesimulator/FirebaseSessions.build/Objects-normal/x86_64/FirebaseSessions.swiftdoc (in target 'FirebaseSessions' from project 'Firebase')
    cd /Users/hectorgarcia/Library/Developer/Xcode/DerivedData/Lyo-eagkiegzrakogpczynhkaholsscs/SourcePackages/checkouts/firebase-ios-sdk
    builtin-copy -exclude .DS_Store -exclude CVS -exclude .svn -exclude .git -exclude .hg -resolve-src-symlinks -rename /Users/hectorgarcia/Library/Developer/Xcode/DerivedData/Build/Intermediates.noindex/Firebase.build/Debug-iphonesimulator/FirebaseSessions.build/Objects-normal/x86_64/FirebaseSessions.swiftdoc /Users/hectorgarcia/Library/Developer/Xcode/DerivedData/Build/Products/Debug-iphonesimulator/FirebaseSessions.swiftmodule/x86_64-apple-ios-simulator.swiftdoc

Copy /Users/hectorgarcia/Library/Developer/Xcode/DerivedData/Build/Products/Debug-iphonesimulator/FirebaseSessions.swiftmodule/x86_64-apple-ios-simulator.abi.json /Users/hectorgarcia/Library/Developer/Xcode/DerivedData/Build/Intermediates.noindex/Firebase.build/Debug-iphonesimulator/FirebaseSessions.build/Objects-normal/x86_64/FirebaseSessions.abi.json (in target 'FirebaseSessions' from project 'Firebase')
    cd /Users/hectorgarcia/Library/Developer/Xcode/DerivedData/Lyo-eagkiegzrakogpczynhkaholsscs/SourcePackages/checkouts/firebase-ios-sdk
    builtin-copy -exclude .DS_Store -exclude CVS -exclude .svn -exclude .git -exclude .hg -resolve-src-symlinks -rename /Users/hectorgarcia/Library/Developer/Xcode/DerivedData/Build/Intermediates.noindex/Firebase.build/Debug-iphonesimulator/FirebaseSessions.build/Objects-normal/x86_64/FirebaseSessions.abi.json /Users/hectorgarcia/Library/Developer/Xcode/DerivedData/Build/Products/Debug-iphonesimulator/FirebaseSessions.swiftmodule/x86_64-apple-ios-simulator.abi.json

Copy /Users/hectorgarcia/Library/Developer/Xcode/DerivedData/Build/Products/Debug-iphonesimulator/FirebaseSessions.swiftmodule/Project/x86_64-apple-ios-simulator.swiftsourceinfo /Users/hectorgarcia/Library/Developer/Xcode/DerivedData/Build/Intermediates.noindex/Firebase.build/Debug-iphonesimulator/FirebaseSessions.build/Objects-normal/x86_64/FirebaseSessions.swiftsourceinfo (in target 'FirebaseSessions' from project 'Firebase')
    cd /Users/hectorgarcia/Library/Developer/Xcode/DerivedData/Lyo-eagkiegzrakogpczynhkaholsscs/SourcePackages/checkouts/firebase-ios-sdk
    builtin-copy -exclude .DS_Store -exclude CVS -exclude .svn -exclude .git -exclude .hg -resolve-src-symlinks -rename /Users/hectorgarcia/Library/Developer/Xcode/DerivedData/Build/Intermediates.noindex/Firebase.build/Debug-iphonesimulator/FirebaseSessions.build/Objects-normal/x86_64/FirebaseSessions.swiftsourceinfo /Users/hectorgarcia/Library/Developer/Xcode/DerivedData/Build/Products/Debug-iphonesimulator/FirebaseSessions.swiftmodule/Project/x86_64-apple-ios-simulator.swiftsourceinfo

PrecompileModule /Users/hectorgarcia/Library/Developer/Xcode/DerivedData/Build/Intermediates.noindex/ExplicitPrecompiledModules/XPC-670WECYFELO4DGATTUQN8JP9Z.scan
    cd /
    builtin-precompileModule /Users/hectorgarcia/Library/Developer/Xcode/DerivedData/Build/Intermediates.noindex/ExplicitPrecompiledModules/XPC-670WECYFELO4DGATTUQN8JP9Z.scan

SwiftCompile normal x86_64 Compiling\ LocalOverrideSettings.swift,\ RemoteSettings.swift,\ SDKDefaultSettings.swift /Users/hectorgarcia/Library/Developer/Xcode/DerivedData/Lyo-eagkiegzrakogpczynhkaholsscs/SourcePackages/checkouts/firebase-ios-sdk/FirebaseSessions/Sources/Settings/LocalOverrideSettings.swift /Users/hectorgarcia/Library/Developer/Xcode/DerivedData/Lyo-eagkiegzrakogpczynhkaholsscs/SourcePackages/checkouts/firebase-ios-sdk/FirebaseSessions/Sources/Settings/RemoteSettings.swift /Users/hectorgarcia/Library/Developer/Xcode/DerivedData/Lyo-eagkiegzrakogpczynhkaholsscs/SourcePackages/checkouts/firebase-ios-sdk/FirebaseSessions/Sources/Settings/SDKDefaultSettings.swift (in target 'FirebaseSessions' from project 'Firebase')

SwiftCompile normal x86_64 /Users/hectorgarcia/Library/Developer/Xcode/DerivedData/Lyo-eagkiegzrakogpczynhkaholsscs/SourcePackages/checkouts/firebase-ios-sdk/FirebaseSessions/Sources/Settings/LocalOverrideSettings.swift (in target 'FirebaseSessions' from project 'Firebase')
    cd /Users/hectorgarcia/LYO_Da_ONE/Lyo.xcodeproj
    

SwiftCompile normal x86_64 /Users/hectorgarcia/Library/Developer/Xcode/DerivedData/Lyo-eagkiegzrakogpczynhkaholsscs/SourcePackages/checkouts/firebase-ios-sdk/FirebaseSessions/Sources/Settings/RemoteSettings.swift (in target 'FirebaseSessions' from project 'Firebase')
    cd /Users/hectorgarcia/LYO_Da_ONE/Lyo.xcodeproj
    

SwiftCompile normal x86_64 /Users/hectorgarcia/Library/Developer/Xcode/DerivedData/Lyo-eagkiegzrakogpczynhkaholsscs/SourcePackages/checkouts/firebase-ios-sdk/FirebaseSessions/Sources/Settings/SDKDefaultSettings.swift (in target 'FirebaseSessions' from project 'Firebase')
    cd /Users/hectorgarcia/LYO_Da_ONE/Lyo.xcodeproj
    

SwiftCompile normal x86_64 Compiling\ SessionsProvider.swift,\ SessionsSubscriber.swift,\ SessionCoordinator.swift /Users/hectorgarcia/Library/Developer/Xcode/DerivedData/Lyo-eagkiegzrakogpczynhkaholsscs/SourcePackages/checkouts/firebase-ios-sdk/FirebaseSessions/Sources/Public/SessionsProvider.swift /Users/hectorgarcia/Library/Developer/Xcode/DerivedData/Lyo-eagkiegzrakogpczynhkaholsscs/SourcePackages/checkouts/firebase-ios-sdk/FirebaseSessions/Sources/Public/SessionsSubscriber.swift /Users/hectorgarcia/Library/Developer/Xcode/DerivedData/Lyo-eagkiegzrakogpczynhkaholsscs/SourcePackages/checkouts/firebase-ios-sdk/FirebaseSessions/Sources/SessionCoordinator.swift (in target 'FirebaseSessions' from project 'Firebase')

SwiftCompile normal x86_64 /Users/hectorgarcia/Library/Developer/Xcode/DerivedData/Lyo-eagkiegzrakogpczynhkaholsscs/SourcePackages/checkouts/firebase-ios-sdk/FirebaseSessions/Sources/Public/SessionsProvider.swift (in target 'FirebaseSessions' from project 'Firebase')
    cd /Users/hectorgarcia/LYO_Da_ONE/Lyo.xcodeproj
    

SwiftCompile normal x86_64 /Users/hectorgarcia/Library/Developer/Xcode/DerivedData/Lyo-eagkiegzrakogpczynhkaholsscs/SourcePackages/checkouts/firebase-ios-sdk/FirebaseSessions/Sources/Public/SessionsSubscriber.swift (in target 'FirebaseSessions' from project 'Firebase')
    cd /Users/hectorgarcia/LYO_Da_ONE/Lyo.xcodeproj
    

SwiftCompile normal x86_64 /Users/hectorgarcia/Library/Developer/Xcode/DerivedData/Lyo-eagkiegzrakogpczynhkaholsscs/SourcePackages/checkouts/firebase-ios-sdk/FirebaseSessions/Sources/SessionCoordinator.swift (in target 'FirebaseSessions' from project 'Firebase')
    cd /Users/hectorgarcia/LYO_Da_ONE/Lyo.xcodeproj
    

SwiftCompile normal x86_64 Compiling\ ApplicationInfo.swift,\ DevEventConsoleLogger.swift,\ NanoPB+CustomStringConvertible.swift,\ EventGDTLogger.swift /Users/hectorgarcia/Library/Developer/Xcode/DerivedData/Lyo-eagkiegzrakogpczynhkaholsscs/SourcePackages/checkouts/firebase-ios-sdk/FirebaseSessions/Sources/ApplicationInfo.swift /Users/hectorgarcia/Library/Developer/Xcode/DerivedData/Lyo-eagkiegzrakogpczynhkaholsscs/SourcePackages/checkouts/firebase-ios-sdk/FirebaseSessions/Sources/Development/DevEventConsoleLogger.swift /Users/hectorgarcia/Library/Developer/Xcode/DerivedData/Lyo-eagkiegzrakogpczynhkaholsscs/SourcePackages/checkouts/firebase-ios-sdk/FirebaseSessions/Sources/Development/NanoPB+CustomStringConvertible.swift /Users/hectorgarcia/Library/Developer/Xcode/DerivedData/Lyo-eagkiegzrakogpczynhkaholsscs/SourcePackages/checkouts/firebase-ios-sdk/FirebaseSessions/Sources/EventGDTLogger.swift (in target 'FirebaseSessions' from project 'Firebase')
SwiftCompile normal x86_64 /Users/hectorgarcia/Library/Developer/Xcode/DerivedData/Lyo-eagkiegzrakogpczynhkaholsscs/SourcePackages/checkouts/firebase-ios-sdk/FirebaseSessions/Sources/ApplicationInfo.swift (in target 'FirebaseSessions' from project 'Firebase')
    cd /Users/hectorgarcia/LYO_Da_ONE/Lyo.xcodeproj
    

SwiftCompile normal x86_64 /Users/hectorgarcia/Library/Developer/Xcode/DerivedData/Lyo-eagkiegzrakogpczynhkaholsscs/SourcePackages/checkouts/firebase-ios-sdk/FirebaseSessions/Sources/Development/DevEventConsoleLogger.swift (in target 'FirebaseSessions' from project 'Firebase')
    cd /Users/hectorgarcia/LYO_Da_ONE/Lyo.xcodeproj
    

SwiftCompile normal x86_64 /Users/hectorgarcia/Library/Developer/Xcode/DerivedData/Lyo-eagkiegzrakogpczynhkaholsscs/SourcePackages/checkouts/firebase-ios-sdk/FirebaseSessions/Sources/Development/NanoPB+CustomStringConvertible.swift (in target 'FirebaseSessions' from project 'Firebase')
    cd /Users/hectorgarcia/LYO_Da_ONE/Lyo.xcodeproj
    

SwiftCompile normal x86_64 /Users/hectorgarcia/Library/Developer/Xcode/DerivedData/Lyo-eagkiegzrakogpczynhkaholsscs/SourcePackages/checkouts/firebase-ios-sdk/FirebaseSessions/Sources/EventGDTLogger.swift (in target 'FirebaseSessions' from project 'Firebase')
    cd /Users/hectorgarcia/LYO_Da_ONE/Lyo.xcodeproj
    

PrecompileModule /Users/hectorgarcia/Library/Developer/Xcode/DerivedData/Build/Intermediates.noindex/ExplicitPrecompiledModules/Security-F0LPVGR1NKII39NGEE9UVGSX3.scan
    cd /
    builtin-precompileModule /Users/hectorgarcia/Library/Developer/Xcode/DerivedData/Build/Intermediates.noindex/ExplicitPrecompiledModules/Security-F0LPVGR1NKII39NGEE9UVGSX3.scan

SwiftDriverJobDiscovery normal x86_64 Compiling SessionGenerator.swift, SessionInitiator.swift, SessionStartEvent.swift (in target 'FirebaseSessions' from project 'Firebase')

PrecompileModule /Users/hectorgarcia/Library/Developer/Xcode/DerivedData/Build/Intermediates.noindex/ExplicitPrecompiledModules/CFNetwork-7R3ZUJEYO6WA4F2MWGMQM8K77.scan
    cd /
    builtin-precompileModule /Users/hectorgarcia/Library/Developer/Xcode/DerivedData/Build/Intermediates.noindex/ExplicitPrecompiledModules/CFNetwork-7R3ZUJEYO6WA4F2MWGMQM8K77.scan

SwiftDriverJobDiscovery normal x86_64 Compiling FirebaseSessions.swift, FirebaseSessionsError.swift, GoogleDataTransport+GoogleDataTransportProtocol.swift, Installations+InstallationsProtocol.swift (in target 'FirebaseSessions' from project 'Firebase')

SwiftCompile normal x86_64 Compiling\ StringToHexConverter.swift /Users/hectorgarcia/Library/Developer/Xcode/DerivedData/Lyo-eagkiegzrakogpczynhkaholsscs/SourcePackages/checkouts/firebase-ios-sdk/Crashlytics/Crashlytics/Rollouts/StringToHexConverter.swift (in target 'FirebaseCrashlyticsSwift' from project 'Firebase')

SwiftCompile normal x86_64 /Users/hectorgarcia/Library/Developer/Xcode/DerivedData/Lyo-eagkiegzrakogpczynhkaholsscs/SourcePackages/checkouts/firebase-ios-sdk/Crashlytics/Crashlytics/Rollouts/StringToHexConverter.swift (in target 'FirebaseCrashlyticsSwift' from project 'Firebase')
    cd /Users/hectorgarcia/LYO_Da_ONE/Lyo.xcodeproj
    

CompileC /Users/hectorgarcia/Library/Developer/Xcode/DerivedData/Build/Intermediates.noindex/GoogleSignIn.build/Debug-iphonesimulator/GoogleSignIn.build/Objects-normal/x86_64/resource_bundle_accessor.o /Users/hectorgarcia/Library/Developer/Xcode/DerivedData/Build/Intermediates.noindex/GoogleSignIn.build/Debug-iphonesimulator/GoogleSignIn.build/DerivedSources/resource_bundle_accessor.m normal x86_64 objective-c com.apple.compilers.llvm.clang.1_0.compiler (in target 'GoogleSignIn' from project 'GoogleSignIn')
    cd /Users/hectorgarcia/LYO_Da_ONE/Lyo.xcodeproj
    
    Using response file: /Users/hectorgarcia/Library/Developer/Xcode/DerivedData/Build/Intermediates.noindex/GoogleSignIn.build/Debug-iphonesimulator/GoogleSignIn.build/Objects-normal/x86_64/e6072d4f65d7061329687fe24e3d63a7-common-args.resp
    
    /Users/hectorgarcia/Downloads/Xcode.app/Contents/Developer/Toolchains/XcodeDefault.xctoolchain/usr/bin/clang -x objective-c -ivfsstatcache /Users/hectorgarcia/Library/Developer/Xcode/DerivedData/SDKStatCaches.noindex/iphonesimulator26.2-23C53-823d3e8b6e60bc2018c189d3ca05ba9b.sdkstatcache -fmessage-length\=0 -fdiagnostics-show-note-include-stack -fmacro-backtrace-limit\=0 -fno-color-diagnostics -fmodules-prune-interval\=86400 -fmodules-prune-after\=345600 -fbuild-session-file\=/Users/hectorgarcia/Library/Developer/Xcode/DerivedData/ModuleCache.noindex/Session.modulevalidation -fmodules-validate-once-per-build-session -Wnon-modular-include-in-framework-module -Werror\=non-modular-include-in-framework-module -Wno-trigraphs -Wno-missing-field-initializers -Wno-missing-prototypes -Wno-return-type -Wno-implicit-atomic-properties -Wno-objc-interface-ivars -Wno-arc-repeated-use-of-weak -Wno-missing-braces -Wparentheses -Wswitch -Wno-unused-function -Wno-unused-label -Wno-unused-parameter -Wno-unused-variable -Wunused-value -Wno-empty-body -Wno-uninitialized -Wno-unknown-pragmas -w -Wno-shadow -Wno-four-char-constants -Wno-conversion -Wno-constant-conversion -Wno-int-conversion -Wno-bool-conversion -Wno-enum-conversion -Wno-float-conversion -Wno-non-literal-null-conversion -Wno-objc-literal-conversion -Wshorten-64-to-32 -Wpointer-sign -Wno-newline-eof -Wno-selector -Wno-strict-selector-match -Wno-undeclared-selector -Wno-deprecated-implementations -Wno-implicit-fallthrough -fstrict-aliasing -Wprotocol -Wdeprecated-declarations -Wno-sign-conversion -Wno-infinite-recursion -Wno-comma -Wno-block-capture-autoreleasing -Wno-strict-prototypes -Wno-semicolon-before-method-body -index-store-path /Users/hectorgarcia/Library/Developer/Xcode/DerivedData/Lyo-eagkiegzrakogpczynhkaholsscs/Index.noindex/DataStore @/Users/hectorgarcia/Library/Developer/Xcode/DerivedData/Build/Intermediates.noindex/GoogleSignIn.build/Debug-iphonesimulator/GoogleSignIn.build/Objects-normal/x86_64/e6072d4f65d7061329687fe24e3d63a7-common-args.resp -include /Users/hectorgarcia/Library/Developer/Xcode/DerivedData/Build/Intermediates.noindex/GoogleSignIn.build/Debug-iphonesimulator/GoogleSignIn.build/DerivedSources/resource_bundle_accessor.h -MMD -MT dependencies -MF /Users/hectorgarcia/Library/Developer/Xcode/DerivedData/Build/Intermediates.noindex/GoogleSignIn.build/Debug-iphonesimulator/GoogleSignIn.build/Objects-normal/x86_64/resource_bundle_accessor.d --serialize-diagnostics /Users/hectorgarcia/Library/Developer/Xcode/DerivedData/Build/Intermediates.noindex/GoogleSignIn.build/Debug-iphonesimulator/GoogleSignIn.build/Objects-normal/x86_64/resource_bundle_accessor.dia -c /Users/hectorgarcia/Library/Developer/Xcode/DerivedData/Build/Intermediates.noindex/GoogleSignIn.build/Debug-iphonesimulator/GoogleSignIn.build/DerivedSources/resource_bundle_accessor.m -o /Users/hectorgarcia/Library/Developer/Xcode/DerivedData/Build/Intermediates.noindex/GoogleSignIn.build/Debug-iphonesimulator/GoogleSignIn.build/Objects-normal/x86_64/resource_bundle_accessor.o -index-unit-output-path /GoogleSignIn.build/Debug-iphonesimulator/GoogleSignIn.build/Objects-normal/x86_64/resource_bundle_accessor.o

CompileC /Users/hectorgarcia/Library/Developer/Xcode/DerivedData/Build/Intermediates.noindex/GoogleSignIn.build/Debug-iphonesimulator/GoogleSignIn.build/Objects-normal/x86_64/GIDToken.o /Users/hectorgarcia/Library/Developer/Xcode/DerivedData/Lyo-eagkiegzrakogpczynhkaholsscs/SourcePackages/checkouts/GoogleSignIn-iOS/GoogleSignIn/Sources/GIDToken.m normal x86_64 objective-c com.apple.compilers.llvm.clang.1_0.compiler (in target 'GoogleSignIn' from project 'GoogleSignIn')
    cd /Users/hectorgarcia/LYO_Da_ONE/Lyo.xcodeproj
    
    Using response file: /Users/hectorgarcia/Library/Developer/Xcode/DerivedData/Build/Intermediates.noindex/GoogleSignIn.build/Debug-iphonesimulator/GoogleSignIn.build/Objects-normal/x86_64/e6072d4f65d7061329687fe24e3d63a7-common-args.resp
    
    /Users/hectorgarcia/Downloads/Xcode.app/Contents/Developer/Toolchains/XcodeDefault.xctoolchain/usr/bin/clang -x objective-c -ivfsstatcache /Users/hectorgarcia/Library/Developer/Xcode/DerivedData/SDKStatCaches.noindex/iphonesimulator26.2-23C53-823d3e8b6e60bc2018c189d3ca05ba9b.sdkstatcache -fmessage-length\=0 -fdiagnostics-show-note-include-stack -fmacro-backtrace-limit\=0 -fno-color-diagnostics -fmodules-prune-interval\=86400 -fmodules-prune-after\=345600 -fbuild-session-file\=/Users/hectorgarcia/Library/Developer/Xcode/DerivedData/ModuleCache.noindex/Session.modulevalidation -fmodules-validate-once-per-build-session -Wnon-modular-include-in-framework-module -Werror\=non-modular-include-in-framework-module -Wno-trigraphs -Wno-missing-field-initializers -Wno-missing-prototypes -Wno-return-type -Wno-implicit-atomic-properties -Wno-objc-interface-ivars -Wno-arc-repeated-use-of-weak -Wno-missing-braces -Wparentheses -Wswitch -Wno-unused-function -Wno-unused-label -Wno-unused-parameter -Wno-unused-variable -Wunused-value -Wno-empty-body -Wno-uninitialized -Wno-unknown-pragmas -w -Wno-shadow -Wno-four-char-constants -Wno-conversion -Wno-constant-conversion -Wno-int-conversion -Wno-bool-conversion -Wno-enum-conversion -Wno-float-conversion -Wno-non-literal-null-conversion -Wno-objc-literal-conversion -Wshorten-64-to-32 -Wpointer-sign -Wno-newline-eof -Wno-selector -Wno-strict-selector-match -Wno-undeclared-selector -Wno-deprecated-implementations -Wno-implicit-fallthrough -fstrict-aliasing -Wprotocol -Wdeprecated-declarations -Wno-sign-conversion -Wno-infinite-recursion -Wno-comma -Wno-block-capture-autoreleasing -Wno-strict-prototypes -Wno-semicolon-before-method-body -index-store-path /Users/hectorgarcia/Library/Developer/Xcode/DerivedData/Lyo-eagkiegzrakogpczynhkaholsscs/Index.noindex/DataStore @/Users/hectorgarcia/Library/Developer/Xcode/DerivedData/Build/Intermediates.noindex/GoogleSignIn.build/Debug-iphonesimulator/GoogleSignIn.build/Objects-normal/x86_64/e6072d4f65d7061329687fe24e3d63a7-common-args.resp -include /Users/hectorgarcia/Library/Developer/Xcode/DerivedData/Build/Intermediates.noindex/GoogleSignIn.build/Debug-iphonesimulator/GoogleSignIn.build/DerivedSources/resource_bundle_accessor.h -MMD -MT dependencies -MF /Users/hectorgarcia/Library/Developer/Xcode/DerivedData/Build/Intermediates.noindex/GoogleSignIn.build/Debug-iphonesimulator/GoogleSignIn.build/Objects-normal/x86_64/GIDToken.d --serialize-diagnostics /Users/hectorgarcia/Library/Developer/Xcode/DerivedData/Build/Intermediates.noindex/GoogleSignIn.build/Debug-iphonesimulator/GoogleSignIn.build/Objects-normal/x86_64/GIDToken.dia -c /Users/hectorgarcia/Library/Developer/Xcode/DerivedData/Lyo-eagkiegzrakogpczynhkaholsscs/SourcePackages/checkouts/GoogleSignIn-iOS/GoogleSignIn/Sources/GIDToken.m -o /Users/hectorgarcia/Library/Developer/Xcode/DerivedData/Build/Intermediates.noindex/GoogleSignIn.build/Debug-iphonesimulator/GoogleSignIn.build/Objects-normal/x86_64/GIDToken.o -index-unit-output-path /GoogleSignIn.build/Debug-iphonesimulator/GoogleSignIn.build/Objects-normal/x86_64/GIDToken.o

CompileC /Users/hectorgarcia/Library/Developer/Xcode/DerivedData/Build/Intermediates.noindex/GoogleSignIn.build/Debug-iphonesimulator/GoogleSignIn.build/Objects-normal/x86_64/GIDSignInStrings.o /Users/hectorgarcia/Library/Developer/Xcode/DerivedData/Lyo-eagkiegzrakogpczynhkaholsscs/SourcePackages/checkouts/GoogleSignIn-iOS/GoogleSignIn/Sources/GIDSignInStrings.m normal x86_64 objective-c com.apple.compilers.llvm.clang.1_0.compiler (in target 'GoogleSignIn' from project 'GoogleSignIn')
    cd /Users/hectorgarcia/LYO_Da_ONE/Lyo.xcodeproj
    
    Using response file: /Users/hectorgarcia/Library/Developer/Xcode/DerivedData/Build/Intermediates.noindex/GoogleSignIn.build/Debug-iphonesimulator/GoogleSignIn.build/Objects-normal/x86_64/e6072d4f65d7061329687fe24e3d63a7-common-args.resp
    
    /Users/hectorgarcia/Downloads/Xcode.app/Contents/Developer/Toolchains/XcodeDefault.xctoolchain/usr/bin/clang -x objective-c -ivfsstatcache /Users/hectorgarcia/Library/Developer/Xcode/DerivedData/SDKStatCaches.noindex/iphonesimulator26.2-23C53-823d3e8b6e60bc2018c189d3ca05ba9b.sdkstatcache -fmessage-length\=0 -fdiagnostics-show-note-include-stack -fmacro-backtrace-limit\=0 -fno-color-diagnostics -fmodules-prune-interval\=86400 -fmodules-prune-after\=345600 -fbuild-session-file\=/Users/hectorgarcia/Library/Developer/Xcode/DerivedData/ModuleCache.noindex/Session.modulevalidation -fmodules-validate-once-per-build-session -Wnon-modular-include-in-framework-module -Werror\=non-modular-include-in-framework-module -Wno-trigraphs -Wno-missing-field-initializers -Wno-missing-prototypes -Wno-return-type -Wno-implicit-atomic-properties -Wno-objc-interface-ivars -Wno-arc-repeated-use-of-weak -Wno-missing-braces -Wparentheses -Wswitch -Wno-unused-function -Wno-unused-label -Wno-unused-parameter -Wno-unused-variable -Wunused-value -Wno-empty-body -Wno-uninitialized -Wno-unknown-pragmas -w -Wno-shadow -Wno-four-char-constants -Wno-conversion -Wno-constant-conversion -Wno-int-conversion -Wno-bool-conversion -Wno-enum-conversion -Wno-float-conversion -Wno-non-literal-null-conversion -Wno-objc-literal-conversion -Wshorten-64-to-32 -Wpointer-sign -Wno-newline-eof -Wno-selector -Wno-strict-selector-match -Wno-undeclared-selector -Wno-deprecated-implementations -Wno-implicit-fallthrough -fstrict-aliasing -Wprotocol -Wdeprecated-declarations -Wno-sign-conversion -Wno-infinite-recursion -Wno-comma -Wno-block-capture-autoreleasing -Wno-strict-prototypes -Wno-semicolon-before-method-body -index-store-path /Users/hectorgarcia/Library/Developer/Xcode/DerivedData/Lyo-eagkiegzrakogpczynhkaholsscs/Index.noindex/DataStore @/Users/hectorgarcia/Library/Developer/Xcode/DerivedData/Build/Intermediates.noindex/GoogleSignIn.build/Debug-iphonesimulator/GoogleSignIn.build/Objects-normal/x86_64/e6072d4f65d7061329687fe24e3d63a7-common-args.resp -include /Users/hectorgarcia/Library/Developer/Xcode/DerivedData/Build/Intermediates.noindex/GoogleSignIn.build/Debug-iphonesimulator/GoogleSignIn.build/DerivedSources/resource_bundle_accessor.h -MMD -MT dependencies -MF /Users/hectorgarcia/Library/Developer/Xcode/DerivedData/Build/Intermediates.noindex/GoogleSignIn.build/Debug-iphonesimulator/GoogleSignIn.build/Objects-normal/x86_64/GIDSignInStrings.d --serialize-diagnostics /Users/hectorgarcia/Library/Developer/Xcode/DerivedData/Build/Intermediates.noindex/GoogleSignIn.build/Debug-iphonesimulator/GoogleSignIn.build/Objects-normal/x86_64/GIDSignInStrings.dia -c /Users/hectorgarcia/Library/Developer/Xcode/DerivedData/Lyo-eagkiegzrakogpczynhkaholsscs/SourcePackages/checkouts/GoogleSignIn-iOS/GoogleSignIn/Sources/GIDSignInStrings.m -o /Users/hectorgarcia/Library/Developer/Xcode/DerivedData/Build/Intermediates.noindex/GoogleSignIn.build/Debug-iphonesimulator/GoogleSignIn.build/Objects-normal/x86_64/GIDSignInStrings.o -index-unit-output-path /GoogleSignIn.build/Debug-iphonesimulator/GoogleSignIn.build/Objects-normal/x86_64/GIDSignInStrings.o

CompileC /Users/hectorgarcia/Library/Developer/Xcode/DerivedData/Build/Intermediates.noindex/GoogleSignIn.build/Debug-iphonesimulator/GoogleSignIn.build/Objects-normal/x86_64/GIDSignInPreferences.o /Users/hectorgarcia/Library/Developer/Xcode/DerivedData/Lyo-eagkiegzrakogpczynhkaholsscs/SourcePackages/checkouts/GoogleSignIn-iOS/GoogleSignIn/Sources/GIDSignInPreferences.m normal x86_64 objective-c com.apple.compilers.llvm.clang.1_0.compiler (in target 'GoogleSignIn' from project 'GoogleSignIn')
    cd /Users/hectorgarcia/LYO_Da_ONE/Lyo.xcodeproj
    
    Using response file: /Users/hectorgarcia/Library/Developer/Xcode/DerivedData/Build/Intermediates.noindex/GoogleSignIn.build/Debug-iphonesimulator/GoogleSignIn.build/Objects-normal/x86_64/e6072d4f65d7061329687fe24e3d63a7-common-args.resp
    
    /Users/hectorgarcia/Downloads/Xcode.app/Contents/Developer/Toolchains/XcodeDefault.xctoolchain/usr/bin/clang -x objective-c -ivfsstatcache /Users/hectorgarcia/Library/Developer/Xcode/DerivedData/SDKStatCaches.noindex/iphonesimulator26.2-23C53-823d3e8b6e60bc2018c189d3ca05ba9b.sdkstatcache -fmessage-length\=0 -fdiagnostics-show-note-include-stack -fmacro-backtrace-limit\=0 -fno-color-diagnostics -fmodules-prune-interval\=86400 -fmodules-prune-after\=345600 -fbuild-session-file\=/Users/hectorgarcia/Library/Developer/Xcode/DerivedData/ModuleCache.noindex/Session.modulevalidation -fmodules-validate-once-per-build-session -Wnon-modular-include-in-framework-module -Werror\=non-modular-include-in-framework-module -Wno-trigraphs -Wno-missing-field-initializers -Wno-missing-prototypes -Wno-return-type -Wno-implicit-atomic-properties -Wno-objc-interface-ivars -Wno-arc-repeated-use-of-weak -Wno-missing-braces -Wparentheses -Wswitch -Wno-unused-function -Wno-unused-label -Wno-unused-parameter -Wno-unused-variable -Wunused-value -Wno-empty-body -Wno-uninitialized -Wno-unknown-pragmas -w -Wno-shadow -Wno-four-char-constants -Wno-conversion -Wno-constant-conversion -Wno-int-conversion -Wno-bool-conversion -Wno-enum-conversion -Wno-float-conversion -Wno-non-literal-null-conversion -Wno-objc-literal-conversion -Wshorten-64-to-32 -Wpointer-sign -Wno-newline-eof -Wno-selector -Wno-strict-selector-match -Wno-undeclared-selector -Wno-deprecated-implementations -Wno-implicit-fallthrough -fstrict-aliasing -Wprotocol -Wdeprecated-declarations -Wno-sign-conversion -Wno-infinite-recursion -Wno-comma -Wno-block-capture-autoreleasing -Wno-strict-prototypes -Wno-semicolon-before-method-body -index-store-path /Users/hectorgarcia/Library/Developer/Xcode/DerivedData/Lyo-eagkiegzrakogpczynhkaholsscs/Index.noindex/DataStore @/Users/hectorgarcia/Library/Developer/Xcode/DerivedData/Build/Intermediates.noindex/GoogleSignIn.build/Debug-iphonesimulator/GoogleSignIn.build/Objects-normal/x86_64/e6072d4f65d7061329687fe24e3d63a7-common-args.resp -include /Users/hectorgarcia/Library/Developer/Xcode/DerivedData/Build/Intermediates.noindex/GoogleSignIn.build/Debug-iphonesimulator/GoogleSignIn.build/DerivedSources/resource_bundle_accessor.h -MMD -MT dependencies -MF /Users/hectorgarcia/Library/Developer/Xcode/DerivedData/Build/Intermediates.noindex/GoogleSignIn.build/Debug-iphonesimulator/GoogleSignIn.build/Objects-normal/x86_64/GIDSignInPreferences.d --serialize-diagnostics /Users/hectorgarcia/Library/Developer/Xcode/DerivedData/Build/Intermediates.noindex/GoogleSignIn.build/Debug-iphonesimulator/GoogleSignIn.build/Objects-normal/x86_64/GIDSignInPreferences.dia -c /Users/hectorgarcia/Library/Developer/Xcode/DerivedData/Lyo-eagkiegzrakogpczynhkaholsscs/SourcePackages/checkouts/GoogleSignIn-iOS/GoogleSignIn/Sources/GIDSignInPreferences.m -o /Users/hectorgarcia/Library/Developer/Xcode/DerivedData/Build/Intermediates.noindex/GoogleSignIn.build/Debug-iphonesimulator/GoogleSignIn.build/Objects-normal/x86_64/GIDSignInPreferences.o -index-unit-output-path /GoogleSignIn.build/Debug-iphonesimulator/GoogleSignIn.build/Objects-normal/x86_64/GIDSignInPreferences.o

CompileC /Users/hectorgarcia/Library/Developer/Xcode/DerivedData/Build/Intermediates.noindex/GoogleSignIn.build/Debug-iphonesimulator/GoogleSignIn.build/Objects-normal/x86_64/GIDSignInCallbackSchemes.o /Users/hectorgarcia/Library/Developer/Xcode/DerivedData/Lyo-eagkiegzrakogpczynhkaholsscs/SourcePackages/checkouts/GoogleSignIn-iOS/GoogleSignIn/Sources/GIDSignInCallbackSchemes.m normal x86_64 objective-c com.apple.compilers.llvm.clang.1_0.compiler (in target 'GoogleSignIn' from project 'GoogleSignIn')
    cd /Users/hectorgarcia/LYO_Da_ONE/Lyo.xcodeproj
    
    Using response file: /Users/hectorgarcia/Library/Developer/Xcode/DerivedData/Build/Intermediates.noindex/GoogleSignIn.build/Debug-iphonesimulator/GoogleSignIn.build/Objects-normal/x86_64/e6072d4f65d7061329687fe24e3d63a7-common-args.resp
    
    /Users/hectorgarcia/Downloads/Xcode.app/Contents/Developer/Toolchains/XcodeDefault.xctoolchain/usr/bin/clang -x objective-c -ivfsstatcache /Users/hectorgarcia/Library/Developer/Xcode/DerivedData/SDKStatCaches.noindex/iphonesimulator26.2-23C53-823d3e8b6e60bc2018c189d3ca05ba9b.sdkstatcache -fmessage-length\=0 -fdiagnostics-show-note-include-stack -fmacro-backtrace-limit\=0 -fno-color-diagnostics -fmodules-prune-interval\=86400 -fmodules-prune-after\=345600 -fbuild-session-file\=/Users/hectorgarcia/Library/Developer/Xcode/DerivedData/ModuleCache.noindex/Session.modulevalidation -fmodules-validate-once-per-build-session -Wnon-modular-include-in-framework-module -Werror\=non-modular-include-in-framework-module -Wno-trigraphs -Wno-missing-field-initializers -Wno-missing-prototypes -Wno-return-type -Wno-implicit-atomic-properties -Wno-objc-interface-ivars -Wno-arc-repeated-use-of-weak -Wno-missing-braces -Wparentheses -Wswitch -Wno-unused-function -Wno-unused-label -Wno-unused-parameter -Wno-unused-variable -Wunused-value -Wno-empty-body -Wno-uninitialized -Wno-unknown-pragmas -w -Wno-shadow -Wno-four-char-constants -Wno-conversion -Wno-constant-conversion -Wno-int-conversion -Wno-bool-conversion -Wno-enum-conversion -Wno-float-conversion -Wno-non-literal-null-conversion -Wno-objc-literal-conversion -Wshorten-64-to-32 -Wpointer-sign -Wno-newline-eof -Wno-selector -Wno-strict-selector-match -Wno-undeclared-selector -Wno-deprecated-implementations -Wno-implicit-fallthrough -fstrict-aliasing -Wprotocol -Wdeprecated-declarations -Wno-sign-conversion -Wno-infinite-recursion -Wno-comma -Wno-block-capture-autoreleasing -Wno-strict-prototypes -Wno-semicolon-before-method-body -index-store-path /Users/hectorgarcia/Library/Developer/Xcode/DerivedData/Lyo-eagkiegzrakogpczynhkaholsscs/Index.noindex/DataStore @/Users/hectorgarcia/Library/Developer/Xcode/DerivedData/Build/Intermediates.noindex/GoogleSignIn.build/Debug-iphonesimulator/GoogleSignIn.build/Objects-normal/x86_64/e6072d4f65d7061329687fe24e3d63a7-common-args.resp -include /Users/hectorgarcia/Library/Developer/Xcode/DerivedData/Build/Intermediates.noindex/GoogleSignIn.build/Debug-iphonesimulator/GoogleSignIn.build/DerivedSources/resource_bundle_accessor.h -MMD -MT dependencies -MF /Users/hectorgarcia/Library/Developer/Xcode/DerivedData/Build/Intermediates.noindex/GoogleSignIn.build/Debug-iphonesimulator/GoogleSignIn.build/Objects-normal/x86_64/GIDSignInCallbackSchemes.d --serialize-diagnostics /Users/hectorgarcia/Library/Developer/Xcode/DerivedData/Build/Intermediates.noindex/GoogleSignIn.build/Debug-iphonesimulator/GoogleSignIn.build/Objects-normal/x86_64/GIDSignInCallbackSchemes.dia -c /Users/hectorgarcia/Library/Developer/Xcode/DerivedData/Lyo-eagkiegzrakogpczynhkaholsscs/SourcePackages/checkouts/GoogleSignIn-iOS/GoogleSignIn/Sources/GIDSignInCallbackSchemes.m -o /Users/hectorgarcia/Library/Developer/Xcode/DerivedData/Build/Intermediates.noindex/GoogleSignIn.build/Debug-iphonesimulator/GoogleSignIn.build/Objects-normal/x86_64/GIDSignInCallbackSchemes.o -index-unit-output-path /GoogleSignIn.build/Debug-iphonesimulator/GoogleSignIn.build/Objects-normal/x86_64/GIDSignInCallbackSchemes.o

CompileC /Users/hectorgarcia/Library/Developer/Xcode/DerivedData/Build/Intermediates.noindex/GoogleSignIn.build/Debug-iphonesimulator/GoogleSignIn.build/Objects-normal/x86_64/GIDScopes.o /Users/hectorgarcia/Library/Developer/Xcode/DerivedData/Lyo-eagkiegzrakogpczynhkaholsscs/SourcePackages/checkouts/GoogleSignIn-iOS/GoogleSignIn/Sources/GIDScopes.m normal x86_64 objective-c com.apple.compilers.llvm.clang.1_0.compiler (in target 'GoogleSignIn' from project 'GoogleSignIn')
    cd /Users/hectorgarcia/LYO_Da_ONE/Lyo.xcodeproj
    
    Using response file: /Users/hectorgarcia/Library/Developer/Xcode/DerivedData/Build/Intermediates.noindex/GoogleSignIn.build/Debug-iphonesimulator/GoogleSignIn.build/Objects-normal/x86_64/e6072d4f65d7061329687fe24e3d63a7-common-args.resp
    
    /Users/hectorgarcia/Downloads/Xcode.app/Contents/Developer/Toolchains/XcodeDefault.xctoolchain/usr/bin/clang -x objective-c -ivfsstatcache /Users/hectorgarcia/Library/Developer/Xcode/DerivedData/SDKStatCaches.noindex/iphonesimulator26.2-23C53-823d3e8b6e60bc2018c189d3ca05ba9b.sdkstatcache -fmessage-length\=0 -fdiagnostics-show-note-include-stack -fmacro-backtrace-limit\=0 -fno-color-diagnostics -fmodules-prune-interval\=86400 -fmodules-prune-after\=345600 -fbuild-session-file\=/Users/hectorgarcia/Library/Developer/Xcode/DerivedData/ModuleCache.noindex/Session.modulevalidation -fmodules-validate-once-per-build-session -Wnon-modular-include-in-framework-module -Werror\=non-modular-include-in-framework-module -Wno-trigraphs -Wno-missing-field-initializers -Wno-missing-prototypes -Wno-return-type -Wno-implicit-atomic-properties -Wno-objc-interface-ivars -Wno-arc-repeated-use-of-weak -Wno-missing-braces -Wparentheses -Wswitch -Wno-unused-function -Wno-unused-label -Wno-unused-parameter -Wno-unused-variable -Wunused-value -Wno-empty-body -Wno-uninitialized -Wno-unknown-pragmas -w -Wno-shadow -Wno-four-char-constants -Wno-conversion -Wno-constant-conversion -Wno-int-conversion -Wno-bool-conversion -Wno-enum-conversion -Wno-float-conversion -Wno-non-literal-null-conversion -Wno-objc-literal-conversion -Wshorten-64-to-32 -Wpointer-sign -Wno-newline-eof -Wno-selector -Wno-strict-selector-match -Wno-undeclared-selector -Wno-deprecated-implementations -Wno-implicit-fallthrough -fstrict-aliasing -Wprotocol -Wdeprecated-declarations -Wno-sign-conversion -Wno-infinite-recursion -Wno-comma -Wno-block-capture-autoreleasing -Wno-strict-prototypes -Wno-semicolon-before-method-body -index-store-path /Users/hectorgarcia/Library/Developer/Xcode/DerivedData/Lyo-eagkiegzrakogpczynhkaholsscs/Index.noindex/DataStore @/Users/hectorgarcia/Library/Developer/Xcode/DerivedData/Build/Intermediates.noindex/GoogleSignIn.build/Debug-iphonesimulator/GoogleSignIn.build/Objects-normal/x86_64/e6072d4f65d7061329687fe24e3d63a7-common-args.resp -include /Users/hectorgarcia/Library/Developer/Xcode/DerivedData/Build/Intermediates.noindex/GoogleSignIn.build/Debug-iphonesimulator/GoogleSignIn.build/DerivedSources/resource_bundle_accessor.h -MMD -MT dependencies -MF /Users/hectorgarcia/Library/Developer/Xcode/DerivedData/Build/Intermediates.noindex/GoogleSignIn.build/Debug-iphonesimulator/GoogleSignIn.build/Objects-normal/x86_64/GIDScopes.d --serialize-diagnostics /Users/hectorgarcia/Library/Developer/Xcode/DerivedData/Build/Intermediates.noindex/GoogleSignIn.build/Debug-iphonesimulator/GoogleSignIn.build/Objects-normal/x86_64/GIDScopes.dia -c /Users/hectorgarcia/Library/Developer/Xcode/DerivedData/Lyo-eagkiegzrakogpczynhkaholsscs/SourcePackages/checkouts/GoogleSignIn-iOS/GoogleSignIn/Sources/GIDScopes.m -o /Users/hectorgarcia/Library/Developer/Xcode/DerivedData/Build/Intermediates.noindex/GoogleSignIn.build/Debug-iphonesimulator/GoogleSignIn.build/Objects-normal/x86_64/GIDScopes.o -index-unit-output-path /GoogleSignIn.build/Debug-iphonesimulator/GoogleSignIn.build/Objects-normal/x86_64/GIDScopes.o

CompileC /Users/hectorgarcia/Library/Developer/Xcode/DerivedData/Build/Intermediates.noindex/GoogleSignIn.build/Debug-iphonesimulator/GoogleSignIn.build/Objects-normal/x86_64/GIDProfileData.o /Users/hectorgarcia/Library/Developer/Xcode/DerivedData/Lyo-eagkiegzrakogpczynhkaholsscs/SourcePackages/checkouts/GoogleSignIn-iOS/GoogleSignIn/Sources/GIDProfileData.m normal x86_64 objective-c com.apple.compilers.llvm.clang.1_0.compiler (in target 'GoogleSignIn' from project 'GoogleSignIn')
    cd /Users/hectorgarcia/LYO_Da_ONE/Lyo.xcodeproj
    
    Using response file: /Users/hectorgarcia/Library/Developer/Xcode/DerivedData/Build/Intermediates.noindex/GoogleSignIn.build/Debug-iphonesimulator/GoogleSignIn.build/Objects-normal/x86_64/e6072d4f65d7061329687fe24e3d63a7-common-args.resp
    
    /Users/hectorgarcia/Downloads/Xcode.app/Contents/Developer/Toolchains/XcodeDefault.xctoolchain/usr/bin/clang -x objective-c -ivfsstatcache /Users/hectorgarcia/Library/Developer/Xcode/DerivedData/SDKStatCaches.noindex/iphonesimulator26.2-23C53-823d3e8b6e60bc2018c189d3ca05ba9b.sdkstatcache -fmessage-length\=0 -fdiagnostics-show-note-include-stack -fmacro-backtrace-limit\=0 -fno-color-diagnostics -fmodules-prune-interval\=86400 -fmodules-prune-after\=345600 -fbuild-session-file\=/Users/hectorgarcia/Library/Developer/Xcode/DerivedData/ModuleCache.noindex/Session.modulevalidation -fmodules-validate-once-per-build-session -Wnon-modular-include-in-framework-module -Werror\=non-modular-include-in-framework-module -Wno-trigraphs -Wno-missing-field-initializers -Wno-missing-prototypes -Wno-return-type -Wno-implicit-atomic-properties -Wno-objc-interface-ivars -Wno-arc-repeated-use-of-weak -Wno-missing-braces -Wparentheses -Wswitch -Wno-unused-function -Wno-unused-label -Wno-unused-parameter -Wno-unused-variable -Wunused-value -Wno-empty-body -Wno-uninitialized -Wno-unknown-pragmas -w -Wno-shadow -Wno-four-char-constants -Wno-conversion -Wno-constant-conversion -Wno-int-conversion -Wno-bool-conversion -Wno-enum-conversion -Wno-float-conversion -Wno-non-literal-null-conversion -Wno-objc-literal-conversion -Wshorten-64-to-32 -Wpointer-sign -Wno-newline-eof -Wno-selector -Wno-strict-selector-match -Wno-undeclared-selector -Wno-deprecated-implementations -Wno-implicit-fallthrough -fstrict-aliasing -Wprotocol -Wdeprecated-declarations -Wno-sign-conversion -Wno-infinite-recursion -Wno-comma -Wno-block-capture-autoreleasing -Wno-strict-prototypes -Wno-semicolon-before-method-body -index-store-path /Users/hectorgarcia/Library/Developer/Xcode/DerivedData/Lyo-eagkiegzrakogpczynhkaholsscs/Index.noindex/DataStore @/Users/hectorgarcia/Library/Developer/Xcode/DerivedData/Build/Intermediates.noindex/GoogleSignIn.build/Debug-iphonesimulator/GoogleSignIn.build/Objects-normal/x86_64/e6072d4f65d7061329687fe24e3d63a7-common-args.resp -include /Users/hectorgarcia/Library/Developer/Xcode/DerivedData/Build/Intermediates.noindex/GoogleSignIn.build/Debug-iphonesimulator/GoogleSignIn.build/DerivedSources/resource_bundle_accessor.h -MMD -MT dependencies -MF /Users/hectorgarcia/Library/Developer/Xcode/DerivedData/Build/Intermediates.noindex/GoogleSignIn.build/Debug-iphonesimulator/GoogleSignIn.build/Objects-normal/x86_64/GIDProfileData.d --serialize-diagnostics /Users/hectorgarcia/Library/Developer/Xcode/DerivedData/Build/Intermediates.noindex/GoogleSignIn.build/Debug-iphonesimulator/GoogleSignIn.build/Objects-normal/x86_64/GIDProfileData.dia -c /Users/hectorgarcia/Library/Developer/Xcode/DerivedData/Lyo-eagkiegzrakogpczynhkaholsscs/SourcePackages/checkouts/GoogleSignIn-iOS/GoogleSignIn/Sources/GIDProfileData.m -o /Users/hectorgarcia/Library/Developer/Xcode/DerivedData/Build/Intermediates.noindex/GoogleSignIn.build/Debug-iphonesimulator/GoogleSignIn.build/Objects-normal/x86_64/GIDProfileData.o -index-unit-output-path /GoogleSignIn.build/Debug-iphonesimulator/GoogleSignIn.build/Objects-normal/x86_64/GIDProfileData.o

CompileC /Users/hectorgarcia/Library/Developer/Xcode/DerivedData/Build/Intermediates.noindex/GoogleSignIn.build/Debug-iphonesimulator/GoogleSignIn.build/Objects-normal/x86_64/GIDMDMPasscodeState.o /Users/hectorgarcia/Library/Developer/Xcode/DerivedData/Lyo-eagkiegzrakogpczynhkaholsscs/SourcePackages/checkouts/GoogleSignIn-iOS/GoogleSignIn/Sources/GIDMDMPasscodeState.m normal x86_64 objective-c com.apple.compilers.llvm.clang.1_0.compiler (in target 'GoogleSignIn' from project 'GoogleSignIn')
    cd /Users/hectorgarcia/LYO_Da_ONE/Lyo.xcodeproj
    
    Using response file: /Users/hectorgarcia/Library/Developer/Xcode/DerivedData/Build/Intermediates.noindex/GoogleSignIn.build/Debug-iphonesimulator/GoogleSignIn.build/Objects-normal/x86_64/e6072d4f65d7061329687fe24e3d63a7-common-args.resp
    
    /Users/hectorgarcia/Downloads/Xcode.app/Contents/Developer/Toolchains/XcodeDefault.xctoolchain/usr/bin/clang -x objective-c -ivfsstatcache /Users/hectorgarcia/Library/Developer/Xcode/DerivedData/SDKStatCaches.noindex/iphonesimulator26.2-23C53-823d3e8b6e60bc2018c189d3ca05ba9b.sdkstatcache -fmessage-length\=0 -fdiagnostics-show-note-include-stack -fmacro-backtrace-limit\=0 -fno-color-diagnostics -fmodules-prune-interval\=86400 -fmodules-prune-after\=345600 -fbuild-session-file\=/Users/hectorgarcia/Library/Developer/Xcode/DerivedData/ModuleCache.noindex/Session.modulevalidation -fmodules-validate-once-per-build-session -Wnon-modular-include-in-framework-module -Werror\=non-modular-include-in-framework-module -Wno-trigraphs -Wno-missing-field-initializers -Wno-missing-prototypes -Wno-return-type -Wno-implicit-atomic-properties -Wno-objc-interface-ivars -Wno-arc-repeated-use-of-weak -Wno-missing-braces -Wparentheses -Wswitch -Wno-unused-function -Wno-unused-label -Wno-unused-parameter -Wno-unused-variable -Wunused-value -Wno-empty-body -Wno-uninitialized -Wno-unknown-pragmas -w -Wno-shadow -Wno-four-char-constants -Wno-conversion -Wno-constant-conversion -Wno-int-conversion -Wno-bool-conversion -Wno-enum-conversion -Wno-float-conversion -Wno-non-literal-null-conversion -Wno-objc-literal-conversion -Wshorten-64-to-32 -Wpointer-sign -Wno-newline-eof -Wno-selector -Wno-strict-selector-match -Wno-undeclared-selector -Wno-deprecated-implementations -Wno-implicit-fallthrough -fstrict-aliasing -Wprotocol -Wdeprecated-declarations -Wno-sign-conversion -Wno-infinite-recursion -Wno-comma -Wno-block-capture-autoreleasing -Wno-strict-prototypes -Wno-semicolon-before-method-body -index-store-path /Users/hectorgarcia/Library/Developer/Xcode/DerivedData/Lyo-eagkiegzrakogpczynhkaholsscs/Index.noindex/DataStore @/Users/hectorgarcia/Library/Developer/Xcode/DerivedData/Build/Intermediates.noindex/GoogleSignIn.build/Debug-iphonesimulator/GoogleSignIn.build/Objects-normal/x86_64/e6072d4f65d7061329687fe24e3d63a7-common-args.resp -include /Users/hectorgarcia/Library/Developer/Xcode/DerivedData/Build/Intermediates.noindex/GoogleSignIn.build/Debug-iphonesimulator/GoogleSignIn.build/DerivedSources/resource_bundle_accessor.h -MMD -MT dependencies -MF /Users/hectorgarcia/Library/Developer/Xcode/DerivedData/Build/Intermediates.noindex/GoogleSignIn.build/Debug-iphonesimulator/GoogleSignIn.build/Objects-normal/x86_64/GIDMDMPasscodeState.d --serialize-diagnostics /Users/hectorgarcia/Library/Developer/Xcode/DerivedData/Build/Intermediates.noindex/GoogleSignIn.build/Debug-iphonesimulator/GoogleSignIn.build/Objects-normal/x86_64/GIDMDMPasscodeState.dia -c /Users/hectorgarcia/Library/Developer/Xcode/DerivedData/Lyo-eagkiegzrakogpczynhkaholsscs/SourcePackages/checkouts/GoogleSignIn-iOS/GoogleSignIn/Sources/GIDMDMPasscodeState.m -o /Users/hectorgarcia/Library/Developer/Xcode/DerivedData/Build/Intermediates.noindex/GoogleSignIn.build/Debug-iphonesimulator/GoogleSignIn.build/Objects-normal/x86_64/GIDMDMPasscodeState.o -index-unit-output-path /GoogleSignIn.build/Debug-iphonesimulator/GoogleSignIn.build/Objects-normal/x86_64/GIDMDMPasscodeState.o

CompileC /Users/hectorgarcia/Library/Developer/Xcode/DerivedData/Build/Intermediates.noindex/GoogleSignIn.build/Debug-iphonesimulator/GoogleSignIn.build/Objects-normal/x86_64/GIDConfiguration.o /Users/hectorgarcia/Library/Developer/Xcode/DerivedData/Lyo-eagkiegzrakogpczynhkaholsscs/SourcePackages/checkouts/GoogleSignIn-iOS/GoogleSignIn/Sources/GIDConfiguration.m normal x86_64 objective-c com.apple.compilers.llvm.clang.1_0.compiler (in target 'GoogleSignIn' from project 'GoogleSignIn')
    cd /Users/hectorgarcia/LYO_Da_ONE/Lyo.xcodeproj
    
    Using response file: /Users/hectorgarcia/Library/Developer/Xcode/DerivedData/Build/Intermediates.noindex/GoogleSignIn.build/Debug-iphonesimulator/GoogleSignIn.build/Objects-normal/x86_64/e6072d4f65d7061329687fe24e3d63a7-common-args.resp
    
    /Users/hectorgarcia/Downloads/Xcode.app/Contents/Developer/Toolchains/XcodeDefault.xctoolchain/usr/bin/clang -x objective-c -ivfsstatcache /Users/hectorgarcia/Library/Developer/Xcode/DerivedData/SDKStatCaches.noindex/iphonesimulator26.2-23C53-823d3e8b6e60bc2018c189d3ca05ba9b.sdkstatcache -fmessage-length\=0 -fdiagnostics-show-note-include-stack -fmacro-backtrace-limit\=0 -fno-color-diagnostics -fmodules-prune-interval\=86400 -fmodules-prune-after\=345600 -fbuild-session-file\=/Users/hectorgarcia/Library/Developer/Xcode/DerivedData/ModuleCache.noindex/Session.modulevalidation -fmodules-validate-once-per-build-session -Wnon-modular-include-in-framework-module -Werror\=non-modular-include-in-framework-module -Wno-trigraphs -Wno-missing-field-initializers -Wno-missing-prototypes -Wno-return-type -Wno-implicit-atomic-properties -Wno-objc-interface-ivars -Wno-arc-repeated-use-of-weak -Wno-missing-braces -Wparentheses -Wswitch -Wno-unused-function -Wno-unused-label -Wno-unused-parameter -Wno-unused-variable -Wunused-value -Wno-empty-body -Wno-uninitialized -Wno-unknown-pragmas -w -Wno-shadow -Wno-four-char-constants -Wno-conversion -Wno-constant-conversion -Wno-int-conversion -Wno-bool-conversion -Wno-enum-conversion -Wno-float-conversion -Wno-non-literal-null-conversion -Wno-objc-literal-conversion -Wshorten-64-to-32 -Wpointer-sign -Wno-newline-eof -Wno-selector -Wno-strict-selector-match -Wno-undeclared-selector -Wno-deprecated-implementations -Wno-implicit-fallthrough -fstrict-aliasing -Wprotocol -Wdeprecated-declarations -Wno-sign-conversion -Wno-infinite-recursion -Wno-comma -Wno-block-capture-autoreleasing -Wno-strict-prototypes -Wno-semicolon-before-method-body -index-store-path /Users/hectorgarcia/Library/Developer/Xcode/DerivedData/Lyo-eagkiegzrakogpczynhkaholsscs/Index.noindex/DataStore @/Users/hectorgarcia/Library/Developer/Xcode/DerivedData/Build/Intermediates.noindex/GoogleSignIn.build/Debug-iphonesimulator/GoogleSignIn.build/Objects-normal/x86_64/e6072d4f65d7061329687fe24e3d63a7-common-args.resp -include /Users/hectorgarcia/Library/Developer/Xcode/DerivedData/Build/Intermediates.noindex/GoogleSignIn.build/Debug-iphonesimulator/GoogleSignIn.build/DerivedSources/resource_bundle_accessor.h -MMD -MT dependencies -MF /Users/hectorgarcia/Library/Developer/Xcode/DerivedData/Build/Intermediates.noindex/GoogleSignIn.build/Debug-iphonesimulator/GoogleSignIn.build/Objects-normal/x86_64/GIDConfiguration.d --serialize-diagnostics /Users/hectorgarcia/Library/Developer/Xcode/DerivedData/Build/Intermediates.noindex/GoogleSignIn.build/Debug-iphonesimulator/GoogleSignIn.build/Objects-normal/x86_64/GIDConfiguration.dia -c /Users/hectorgarcia/Library/Developer/Xcode/DerivedData/Lyo-eagkiegzrakogpczynhkaholsscs/SourcePackages/checkouts/GoogleSignIn-iOS/GoogleSignIn/Sources/GIDConfiguration.m -o /Users/hectorgarcia/Library/Developer/Xcode/DerivedData/Build/Intermediates.noindex/GoogleSignIn.build/Debug-iphonesimulator/GoogleSignIn.build/Objects-normal/x86_64/GIDConfiguration.o -index-unit-output-path /GoogleSignIn.build/Debug-iphonesimulator/GoogleSignIn.build/Objects-normal/x86_64/GIDConfiguration.o

Ld /Users/hectorgarcia/Library/Developer/Xcode/DerivedData/Build/Products/Debug-iphonesimulator/GTMSessionFetcherCore.o normal (in target 'GTMSessionFetcherCore' from project 'GTMSessionFetcher')
    cd /Users/hectorgarcia/Library/Developer/Xcode/DerivedData/Lyo-eagkiegzrakogpczynhkaholsscs/SourcePackages/checkouts/gtm-session-fetcher
    /Users/hectorgarcia/Downloads/Xcode.app/Contents/Developer/Toolchains/XcodeDefault.xctoolchain/usr/bin/clang -Xlinker -reproducible -target x86_64-apple-ios12.0-simulator -r -isysroot /Users/hectorgarcia/Downloads/Xcode.app/Contents/Developer/Platforms/iPhoneSimulator.platform/Developer/SDKs/iPhoneSimulator26.2.sdk -O0 -w -L/Users/hectorgarcia/Library/Developer/Xcode/DerivedData/Build/Intermediates.noindex/EagerLinkingTBDs/Debug-iphonesimulator -L/Users/hectorgarcia/Library/Developer/Xcode/DerivedData/Build/Products/Debug-iphonesimulator -L/Users/hectorgarcia/Downloads/Xcode.app/Contents/Developer/Platforms/iPhoneSimulator.platform/Developer/usr/lib -F/Users/hectorgarcia/Library/Developer/Xcode/DerivedData/Build/Intermediates.noindex/EagerLinkingTBDs/Debug-iphonesimulator -F/Users/hectorgarcia/Library/Developer/Xcode/DerivedData/Build/Products/Debug-iphonesimulator -iframework /Users/hectorgarcia/Downloads/Xcode.app/Contents/Developer/Platforms/iPhoneSimulator.platform/Developer/Library/Frameworks -iframework /Users/hectorgarcia/Downloads/Xcode.app/Contents/Developer/Platforms/iPhoneSimulator.platform/Developer/SDKs/iPhoneSimulator26.2.sdk/Developer/Library/Frameworks -filelist /Users/hectorgarcia/Library/Developer/Xcode/DerivedData/Build/Intermediates.noindex/GTMSessionFetcher.build/Debug-iphonesimulator/GTMSessionFetcherCore.build/Objects-normal/x86_64/GTMSessionFetcherCore.LinkFileList -nostdlib -Xlinker -object_path_lto -Xlinker /Users/hectorgarcia/Library/Developer/Xcode/DerivedData/Build/Intermediates.noindex/GTMSessionFetcher.build/Debug-iphonesimulator/GTMSessionFetcherCore.build/Objects-normal/x86_64/GTMSessionFetcherCore_lto.o -rdynamic -Xlinker -no_deduplicate -Xlinker -objc_abi_version -Xlinker 2 -Xlinker -dependency_info -Xlinker /Users/hectorgarcia/Library/Developer/Xcode/DerivedData/Build/Intermediates.noindex/GTMSessionFetcher.build/Debug-iphonesimulator/GTMSessionFetcherCore.build/Objects-normal/x86_64/GTMSessionFetcherCore_dependency_info.dat -fobjc-arc -fobjc-link-runtime -o /Users/hectorgarcia/Library/Developer/Xcode/DerivedData/Build/Products/Debug-iphonesimulator/GTMSessionFetcherCore.o

CompileC /Users/hectorgarcia/Library/Developer/Xcode/DerivedData/Build/Intermediates.noindex/GoogleSignIn.build/Debug-iphonesimulator/GoogleSignIn.build/Objects-normal/x86_64/GIDCallbackQueue.o /Users/hectorgarcia/Library/Developer/Xcode/DerivedData/Lyo-eagkiegzrakogpczynhkaholsscs/SourcePackages/checkouts/GoogleSignIn-iOS/GoogleSignIn/Sources/GIDCallbackQueue.m normal x86_64 objective-c com.apple.compilers.llvm.clang.1_0.compiler (in target 'GoogleSignIn' from project 'GoogleSignIn')
    cd /Users/hectorgarcia/LYO_Da_ONE/Lyo.xcodeproj
    
    Using response file: /Users/hectorgarcia/Library/Developer/Xcode/DerivedData/Build/Intermediates.noindex/GoogleSignIn.build/Debug-iphonesimulator/GoogleSignIn.build/Objects-normal/x86_64/e6072d4f65d7061329687fe24e3d63a7-common-args.resp
    
    /Users/hectorgarcia/Downloads/Xcode.app/Contents/Developer/Toolchains/XcodeDefault.xctoolchain/usr/bin/clang -x objective-c -ivfsstatcache /Users/hectorgarcia/Library/Developer/Xcode/DerivedData/SDKStatCaches.noindex/iphonesimulator26.2-23C53-823d3e8b6e60bc2018c189d3ca05ba9b.sdkstatcache -fmessage-length\=0 -fdiagnostics-show-note-include-stack -fmacro-backtrace-limit\=0 -fno-color-diagnostics -fmodules-prune-interval\=86400 -fmodules-prune-after\=345600 -fbuild-session-file\=/Users/hectorgarcia/Library/Developer/Xcode/DerivedData/ModuleCache.noindex/Session.modulevalidation -fmodules-validate-once-per-build-session -Wnon-modular-include-in-framework-module -Werror\=non-modular-include-in-framework-module -Wno-trigraphs -Wno-missing-field-initializers -Wno-missing-prototypes -Wno-return-type -Wno-implicit-atomic-properties -Wno-objc-interface-ivars -Wno-arc-repeated-use-of-weak -Wno-missing-braces -Wparentheses -Wswitch -Wno-unused-function -Wno-unused-label -Wno-unused-parameter -Wno-unused-variable -Wunused-value -Wno-empty-body -Wno-uninitialized -Wno-unknown-pragmas -w -Wno-shadow -Wno-four-char-constants -Wno-conversion -Wno-constant-conversion -Wno-int-conversion -Wno-bool-conversion -Wno-enum-conversion -Wno-float-conversion -Wno-non-literal-null-conversion -Wno-objc-literal-conversion -Wshorten-64-to-32 -Wpointer-sign -Wno-newline-eof -Wno-selector -Wno-strict-selector-match -Wno-undeclared-selector -Wno-deprecated-implementations -Wno-implicit-fallthrough -fstrict-aliasing -Wprotocol -Wdeprecated-declarations -Wno-sign-conversion -Wno-infinite-recursion -Wno-comma -Wno-block-capture-autoreleasing -Wno-strict-prototypes -Wno-semicolon-before-method-body -index-store-path /Users/hectorgarcia/Library/Developer/Xcode/DerivedData/Lyo-eagkiegzrakogpczynhkaholsscs/Index.noindex/DataStore @/Users/hectorgarcia/Library/Developer/Xcode/DerivedData/Build/Intermediates.noindex/GoogleSignIn.build/Debug-iphonesimulator/GoogleSignIn.build/Objects-normal/x86_64/e6072d4f65d7061329687fe24e3d63a7-common-args.resp -include /Users/hectorgarcia/Library/Developer/Xcode/DerivedData/Build/Intermediates.noindex/GoogleSignIn.build/Debug-iphonesimulator/GoogleSignIn.build/DerivedSources/resource_bundle_accessor.h -MMD -MT dependencies -MF /Users/hectorgarcia/Library/Developer/Xcode/DerivedData/Build/Intermediates.noindex/GoogleSignIn.build/Debug-iphonesimulator/GoogleSignIn.build/Objects-normal/x86_64/GIDCallbackQueue.d --serialize-diagnostics /Users/hectorgarcia/Library/Developer/Xcode/DerivedData/Build/Intermediates.noindex/GoogleSignIn.build/Debug-iphonesimulator/GoogleSignIn.build/Objects-normal/x86_64/GIDCallbackQueue.dia -c /Users/hectorgarcia/Library/Developer/Xcode/DerivedData/Lyo-eagkiegzrakogpczynhkaholsscs/SourcePackages/checkouts/GoogleSignIn-iOS/GoogleSignIn/Sources/GIDCallbackQueue.m -o /Users/hectorgarcia/Library/Developer/Xcode/DerivedData/Build/Intermediates.noindex/GoogleSignIn.build/Debug-iphonesimulator/GoogleSignIn.build/Objects-normal/x86_64/GIDCallbackQueue.o -index-unit-output-path /GoogleSignIn.build/Debug-iphonesimulator/GoogleSignIn.build/Objects-normal/x86_64/GIDCallbackQueue.o

PrecompileModule /Users/hectorgarcia/Library/Developer/Xcode/DerivedData/Build/Intermediates.noindex/ExplicitPrecompiledModules/Foundation-16GFEDDZVEXHS05FENOP9KRRY.scan
    cd /
    builtin-precompileModule /Users/hectorgarcia/Library/Developer/Xcode/DerivedData/Build/Intermediates.noindex/ExplicitPrecompiledModules/Foundation-16GFEDDZVEXHS05FENOP9KRRY.scan

PrecompileModule /Users/hectorgarcia/Library/Developer/Xcode/DerivedData/Build/Intermediates.noindex/ExplicitPrecompiledModules/UserNotifications-AYPLYLDU4GE1F6Q2RDAYEFQ4E.scan
    cd /
    builtin-precompileModule /Users/hectorgarcia/Library/Developer/Xcode/DerivedData/Build/Intermediates.noindex/ExplicitPrecompiledModules/UserNotifications-AYPLYLDU4GE1F6Q2RDAYEFQ4E.scan

PrecompileModule /Users/hectorgarcia/Library/Developer/Xcode/DerivedData/Build/Intermediates.noindex/ExplicitPrecompiledModules/IOSurface-DDZ6FJXYF6BOY30T1ORDEP2K5.scan
    cd /
    builtin-precompileModule /Users/hectorgarcia/Library/Developer/Xcode/DerivedData/Build/Intermediates.noindex/ExplicitPrecompiledModules/IOSurface-DDZ6FJXYF6BOY30T1ORDEP2K5.scan

PrecompileModule /Users/hectorgarcia/Library/Developer/Xcode/DerivedData/Build/Intermediates.noindex/ExplicitPrecompiledModules/LocalAuthentication-OXTO3V943FPTM1U7KT6DSP56.scan
    cd /
    builtin-precompileModule /Users/hectorgarcia/Library/Developer/Xcode/DerivedData/Build/Intermediates.noindex/ExplicitPrecompiledModules/LocalAuthentication-OXTO3V943FPTM1U7KT6DSP56.scan

SwiftDriverJobDiscovery normal x86_64 Compiling SessionsProvider.swift, SessionsSubscriber.swift, SessionCoordinator.swift (in target 'FirebaseSessions' from project 'Firebase')

PrecompileModule /Users/hectorgarcia/Library/Developer/Xcode/DerivedData/Build/Intermediates.noindex/ExplicitPrecompiledModules/UIUtilities-8IMXU8PYHWDUK6XLJ3UHH7UH9.scan
    cd /
    builtin-precompileModule /Users/hectorgarcia/Library/Developer/Xcode/DerivedData/Build/Intermediates.noindex/ExplicitPrecompiledModules/UIUtilities-8IMXU8PYHWDUK6XLJ3UHH7UH9.scan

PrecompileModule /Users/hectorgarcia/Library/Developer/Xcode/DerivedData/Build/Intermediates.noindex/ExplicitPrecompiledModules/Metal-1PU2J1925117S4DVROTPW02XM.scan
    cd /
    builtin-precompileModule /Users/hectorgarcia/Library/Developer/Xcode/DerivedData/Build/Intermediates.noindex/ExplicitPrecompiledModules/Metal-1PU2J1925117S4DVROTPW02XM.scan

PrecompileModule /Users/hectorgarcia/Library/Developer/Xcode/DerivedData/Build/Intermediates.noindex/ExplicitPrecompiledModules/Symbols-7BC2SSUDMK9ABKEC6LYV15CY1.scan
    cd /
    builtin-precompileModule /Users/hectorgarcia/Library/Developer/Xcode/DerivedData/Build/Intermediates.noindex/ExplicitPrecompiledModules/Symbols-7BC2SSUDMK9ABKEC6LYV15CY1.scan

PrecompileModule /Users/hectorgarcia/Library/Developer/Xcode/DerivedData/Build/Intermediates.noindex/ExplicitPrecompiledModules/FileProvider-4EYDWF97XFVD1QJGTUBOOZTPI.scan
    cd /
    builtin-precompileModule /Users/hectorgarcia/Library/Developer/Xcode/DerivedData/Build/Intermediates.noindex/ExplicitPrecompiledModules/FileProvider-4EYDWF97XFVD1QJGTUBOOZTPI.scan

PrecompileModule /Users/hectorgarcia/Library/Developer/Xcode/DerivedData/Build/Intermediates.noindex/ExplicitPrecompiledModules/OpenGLES-DDMP2AHBRM20Q4O2UN7FG7EJO.scan
    cd /
    builtin-precompileModule /Users/hectorgarcia/Library/Developer/Xcode/DerivedData/Build/Intermediates.noindex/ExplicitPrecompiledModules/OpenGLES-DDMP2AHBRM20Q4O2UN7FG7EJO.scan

PrecompileModule /Users/hectorgarcia/Library/Developer/Xcode/DerivedData/Build/Intermediates.noindex/ExplicitPrecompiledModules/AppAuthCore-66WJWABPO8H94IUWNIIFNR1GM.scan
    cd /
    builtin-precompileModule /Users/hectorgarcia/Library/Developer/Xcode/DerivedData/Build/Intermediates.noindex/ExplicitPrecompiledModules/AppAuthCore-66WJWABPO8H94IUWNIIFNR1GM.scan

SwiftDriverJobDiscovery normal x86_64 Compiling LocalOverrideSettings.swift, RemoteSettings.swift, SDKDefaultSettings.swift (in target 'FirebaseSessions' from project 'Firebase')

SwiftCompile normal x86_64 Compiling\ EncodedRolloutAssignment.swift /Users/hectorgarcia/Library/Developer/Xcode/DerivedData/Lyo-eagkiegzrakogpczynhkaholsscs/SourcePackages/checkouts/firebase-ios-sdk/Crashlytics/Crashlytics/Rollouts/EncodedRolloutAssignment.swift (in target 'FirebaseCrashlyticsSwift' from project 'Firebase')
SwiftCompile normal x86_64 /Users/hectorgarcia/Library/Developer/Xcode/DerivedData/Lyo-eagkiegzrakogpczynhkaholsscs/SourcePackages/checkouts/firebase-ios-sdk/Crashlytics/Crashlytics/Rollouts/EncodedRolloutAssignment.swift (in target 'FirebaseCrashlyticsSwift' from project 'Firebase')
    cd /Users/hectorgarcia/LYO_Da_ONE/Lyo.xcodeproj
    

SwiftCompile normal x86_64 Compiling\ CrashlyticsRemoteConfigManager.swift /Users/hectorgarcia/Library/Developer/Xcode/DerivedData/Lyo-eagkiegzrakogpczynhkaholsscs/SourcePackages/checkouts/firebase-ios-sdk/Crashlytics/Crashlytics/Rollouts/CrashlyticsRemoteConfigManager.swift (in target 'FirebaseCrashlyticsSwift' from project 'Firebase')
SwiftCompile normal x86_64 /Users/hectorgarcia/Library/Developer/Xcode/DerivedData/Lyo-eagkiegzrakogpczynhkaholsscs/SourcePackages/checkouts/firebase-ios-sdk/Crashlytics/Crashlytics/Rollouts/CrashlyticsRemoteConfigManager.swift (in target 'FirebaseCrashlyticsSwift' from project 'Firebase')
    cd /Users/hectorgarcia/LYO_Da_ONE/Lyo.xcodeproj
    

ScanDependencies /Users/hectorgarcia/Library/Developer/Xcode/DerivedData/Build/Intermediates.noindex/Promises.build/Debug-iphonesimulator/FBLPromises.build/Objects-normal/x86_64/resource_bundle_accessor.o /Users/hectorgarcia/Library/Developer/Xcode/DerivedData/Build/Intermediates.noindex/Promises.build/Debug-iphonesimulator/FBLPromises.build/DerivedSources/resource_bundle_accessor.m normal x86_64 objective-c com.apple.compilers.llvm.clang.1_0.compiler (in target 'FBLPromises' from project 'Promises')
    cd /Users/hectorgarcia/LYO_Da_ONE/Lyo.xcodeproj
    
    Using response file: /Users/hectorgarcia/Library/Developer/Xcode/DerivedData/Build/Intermediates.noindex/Promises.build/Debug-iphonesimulator/FBLPromises.build/Objects-normal/x86_64/e6072d4f65d7061329687fe24e3d63a7-common-args.resp
    
    builtin-ScanDependencies -o /Users/hectorgarcia/Library/Developer/Xcode/DerivedData/Build/Intermediates.noindex/Promises.build/Debug-iphonesimulator/FBLPromises.build/Objects-normal/x86_64/resource_bundle_accessor.o.scan -- /Users/hectorgarcia/Downloads/Xcode.app/Contents/Developer/Toolchains/XcodeDefault.xctoolchain/usr/bin/clang -x objective-c -ivfsstatcache /Users/hectorgarcia/Library/Developer/Xcode/DerivedData/SDKStatCaches.noindex/iphonesimulator26.2-23C53-823d3e8b6e60bc2018c189d3ca05ba9b.sdkstatcache -fmessage-length\=0 -fdiagnostics-show-note-include-stack -fmacro-backtrace-limit\=0 -fno-color-diagnostics -fmodules-prune-interval\=86400 -fmodules-prune-after\=345600 -fbuild-session-file\=/Users/hectorgarcia/Library/Developer/Xcode/DerivedData/ModuleCache.noindex/Session.modulevalidation -fmodules-validate-once-per-build-session -Wnon-modular-include-in-framework-module -Werror\=non-modular-include-in-framework-module -Wno-trigraphs -Wno-missing-field-initializers -Wno-missing-prototypes -Wno-return-type -Wno-implicit-atomic-properties -Wno-objc-interface-ivars -Wno-arc-repeated-use-of-weak -Wno-missing-braces -Wparentheses -Wswitch -Wno-unused-function -Wno-unused-label -Wno-unused-parameter -Wno-unused-variable -Wunused-value -Wno-empty-body -Wno-uninitialized -Wno-unknown-pragmas -w -Wno-shadow -Wno-four-char-constants -Wno-conversion -Wno-constant-conversion -Wno-int-conversion -Wno-bool-conversion -Wno-enum-conversion -Wno-float-conversion -Wno-non-literal-null-conversion -Wno-objc-literal-conversion -Wshorten-64-to-32 -Wpointer-sign -Wno-newline-eof -Wno-selector -Wno-strict-selector-match -Wno-undeclared-selector -Wno-deprecated-implementations -Wno-implicit-fallthrough -fstrict-aliasing -Wprotocol -Wdeprecated-declarations -Wno-sign-conversion -Wno-infinite-recursion -Wno-comma -Wno-block-capture-autoreleasing -Wno-strict-prototypes -Wno-semicolon-before-method-body -index-store-path /Users/hectorgarcia/Library/Developer/Xcode/DerivedData/Lyo-eagkiegzrakogpczynhkaholsscs/Index.noindex/DataStore @/Users/hectorgarcia/Library/Developer/Xcode/DerivedData/Build/Intermediates.noindex/Promises.build/Debug-iphonesimulator/FBLPromises.build/Objects-normal/x86_64/e6072d4f65d7061329687fe24e3d63a7-common-args.resp -include /Users/hectorgarcia/Library/Developer/Xcode/DerivedData/Build/Intermediates.noindex/Promises.build/Debug-iphonesimulator/FBLPromises.build/DerivedSources/resource_bundle_accessor.h -MMD -MT dependencies -MF /Users/hectorgarcia/Library/Developer/Xcode/DerivedData/Build/Intermediates.noindex/Promises.build/Debug-iphonesimulator/FBLPromises.build/Objects-normal/x86_64/resource_bundle_accessor.d --serialize-diagnostics /Users/hectorgarcia/Library/Developer/Xcode/DerivedData/Build/Intermediates.noindex/Promises.build/Debug-iphonesimulator/FBLPromises.build/Objects-normal/x86_64/resource_bundle_accessor.dia -c /Users/hectorgarcia/Library/Developer/Xcode/DerivedData/Build/Intermediates.noindex/Promises.build/Debug-iphonesimulator/FBLPromises.build/DerivedSources/resource_bundle_accessor.m -o /Users/hectorgarcia/Library/Developer/Xcode/DerivedData/Build/Intermediates.noindex/Promises.build/Debug-iphonesimulator/FBLPromises.build/Objects-normal/x86_64/resource_bundle_accessor.o -index-unit-output-path /Promises.build/Debug-iphonesimulator/FBLPromises.build/Objects-normal/x86_64/resource_bundle_accessor.o

RegisterExecutionPolicyException /Users/hectorgarcia/Library/Developer/Xcode/DerivedData/Build/Products/Debug-iphonesimulator/FirebaseCoreExtension.o (in target 'FirebaseCoreExtension' from project 'Firebase')
    cd /Users/hectorgarcia/Library/Developer/Xcode/DerivedData/Lyo-eagkiegzrakogpczynhkaholsscs/SourcePackages/checkouts/firebase-ios-sdk
    builtin-RegisterExecutionPolicyException /Users/hectorgarcia/Library/Developer/Xcode/DerivedData/Build/Products/Debug-iphonesimulator/FirebaseCoreExtension.o

CompileC /Users/hectorgarcia/Library/Developer/Xcode/DerivedData/Build/Intermediates.noindex/Promises.build/Debug-iphonesimulator/FBLPromises.build/Objects-normal/x86_64/resource_bundle_accessor.o /Users/hectorgarcia/Library/Developer/Xcode/DerivedData/Build/Intermediates.noindex/Promises.build/Debug-iphonesimulator/FBLPromises.build/DerivedSources/resource_bundle_accessor.m normal x86_64 objective-c com.apple.compilers.llvm.clang.1_0.compiler (in target 'FBLPromises' from project 'Promises')
    cd /Users/hectorgarcia/LYO_Da_ONE/Lyo.xcodeproj
    
    Using response file: /Users/hectorgarcia/Library/Developer/Xcode/DerivedData/Build/Intermediates.noindex/Promises.build/Debug-iphonesimulator/FBLPromises.build/Objects-normal/x86_64/e6072d4f65d7061329687fe24e3d63a7-common-args.resp
    
    /Users/hectorgarcia/Downloads/Xcode.app/Contents/Developer/Toolchains/XcodeDefault.xctoolchain/usr/bin/clang -x objective-c -ivfsstatcache /Users/hectorgarcia/Library/Developer/Xcode/DerivedData/SDKStatCaches.noindex/iphonesimulator26.2-23C53-823d3e8b6e60bc2018c189d3ca05ba9b.sdkstatcache -fmessage-length\=0 -fdiagnostics-show-note-include-stack -fmacro-backtrace-limit\=0 -fno-color-diagnostics -fmodules-prune-interval\=86400 -fmodules-prune-after\=345600 -fbuild-session-file\=/Users/hectorgarcia/Library/Developer/Xcode/DerivedData/ModuleCache.noindex/Session.modulevalidation -fmodules-validate-once-per-build-session -Wnon-modular-include-in-framework-module -Werror\=non-modular-include-in-framework-module -Wno-trigraphs -Wno-missing-field-initializers -Wno-missing-prototypes -Wno-return-type -Wno-implicit-atomic-properties -Wno-objc-interface-ivars -Wno-arc-repeated-use-of-weak -Wno-missing-braces -Wparentheses -Wswitch -Wno-unused-function -Wno-unused-label -Wno-unused-parameter -Wno-unused-variable -Wunused-value -Wno-empty-body -Wno-uninitialized -Wno-unknown-pragmas -w -Wno-shadow -Wno-four-char-constants -Wno-conversion -Wno-constant-conversion -Wno-int-conversion -Wno-bool-conversion -Wno-enum-conversion -Wno-float-conversion -Wno-non-literal-null-conversion -Wno-objc-literal-conversion -Wshorten-64-to-32 -Wpointer-sign -Wno-newline-eof -Wno-selector -Wno-strict-selector-match -Wno-undeclared-selector -Wno-deprecated-implementations -Wno-implicit-fallthrough -fstrict-aliasing -Wprotocol -Wdeprecated-declarations -Wno-sign-conversion -Wno-infinite-recursion -Wno-comma -Wno-block-capture-autoreleasing -Wno-strict-prototypes -Wno-semicolon-before-method-body -index-store-path /Users/hectorgarcia/Library/Developer/Xcode/DerivedData/Lyo-eagkiegzrakogpczynhkaholsscs/Index.noindex/DataStore @/Users/hectorgarcia/Library/Developer/Xcode/DerivedData/Build/Intermediates.noindex/Promises.build/Debug-iphonesimulator/FBLPromises.build/Objects-normal/x86_64/e6072d4f65d7061329687fe24e3d63a7-common-args.resp -include /Users/hectorgarcia/Library/Developer/Xcode/DerivedData/Build/Intermediates.noindex/Promises.build/Debug-iphonesimulator/FBLPromises.build/DerivedSources/resource_bundle_accessor.h -MMD -MT dependencies -MF /Users/hectorgarcia/Library/Developer/Xcode/DerivedData/Build/Intermediates.noindex/Promises.build/Debug-iphonesimulator/FBLPromises.build/Objects-normal/x86_64/resource_bundle_accessor.d --serialize-diagnostics /Users/hectorgarcia/Library/Developer/Xcode/DerivedData/Build/Intermediates.noindex/Promises.build/Debug-iphonesimulator/FBLPromises.build/Objects-normal/x86_64/resource_bundle_accessor.dia -c /Users/hectorgarcia/Library/Developer/Xcode/DerivedData/Build/Intermediates.noindex/Promises.build/Debug-iphonesimulator/FBLPromises.build/DerivedSources/resource_bundle_accessor.m -o /Users/hectorgarcia/Library/Developer/Xcode/DerivedData/Build/Intermediates.noindex/Promises.build/Debug-iphonesimulator/FBLPromises.build/Objects-normal/x86_64/resource_bundle_accessor.o -index-unit-output-path /Promises.build/Debug-iphonesimulator/FBLPromises.build/Objects-normal/x86_64/resource_bundle_accessor.o

ScanDependencies /Users/hectorgarcia/Library/Developer/Xcode/DerivedData/Build/Intermediates.noindex/Promises.build/Debug-iphonesimulator/FBLPromises.build/Objects-normal/x86_64/FBLPromiseError.o /Users/hectorgarcia/Library/Developer/Xcode/DerivedData/Lyo-eagkiegzrakogpczynhkaholsscs/SourcePackages/checkouts/promises/Sources/FBLPromises/FBLPromiseError.m normal x86_64 objective-c com.apple.compilers.llvm.clang.1_0.compiler (in target 'FBLPromises' from project 'Promises')
    cd /Users/hectorgarcia/LYO_Da_ONE/Lyo.xcodeproj
    
    Using response file: /Users/hectorgarcia/Library/Developer/Xcode/DerivedData/Build/Intermediates.noindex/Promises.build/Debug-iphonesimulator/FBLPromises.build/Objects-normal/x86_64/e6072d4f65d7061329687fe24e3d63a7-common-args.resp
    
    builtin-ScanDependencies -o /Users/hectorgarcia/Library/Developer/Xcode/DerivedData/Build/Intermediates.noindex/Promises.build/Debug-iphonesimulator/FBLPromises.build/Objects-normal/x86_64/FBLPromiseError.o.scan -- /Users/hectorgarcia/Downloads/Xcode.app/Contents/Developer/Toolchains/XcodeDefault.xctoolchain/usr/bin/clang -x objective-c -ivfsstatcache /Users/hectorgarcia/Library/Developer/Xcode/DerivedData/SDKStatCaches.noindex/iphonesimulator26.2-23C53-823d3e8b6e60bc2018c189d3ca05ba9b.sdkstatcache -fmessage-length\=0 -fdiagnostics-show-note-include-stack -fmacro-backtrace-limit\=0 -fno-color-diagnostics -fmodules-prune-interval\=86400 -fmodules-prune-after\=345600 -fbuild-session-file\=/Users/hectorgarcia/Library/Developer/Xcode/DerivedData/ModuleCache.noindex/Session.modulevalidation -fmodules-validate-once-per-build-session -Wnon-modular-include-in-framework-module -Werror\=non-modular-include-in-framework-module -Wno-trigraphs -Wno-missing-field-initializers -Wno-missing-prototypes -Wno-return-type -Wno-implicit-atomic-properties -Wno-objc-interface-ivars -Wno-arc-repeated-use-of-weak -Wno-missing-braces -Wparentheses -Wswitch -Wno-unused-function -Wno-unused-label -Wno-unused-parameter -Wno-unused-variable -Wunused-value -Wno-empty-body -Wno-uninitialized -Wno-unknown-pragmas -w -Wno-shadow -Wno-four-char-constants -Wno-conversion -Wno-constant-conversion -Wno-int-conversion -Wno-bool-conversion -Wno-enum-conversion -Wno-float-conversion -Wno-non-literal-null-conversion -Wno-objc-literal-conversion -Wshorten-64-to-32 -Wpointer-sign -Wno-newline-eof -Wno-selector -Wno-strict-selector-match -Wno-undeclared-selector -Wno-deprecated-implementations -Wno-implicit-fallthrough -fstrict-aliasing -Wprotocol -Wdeprecated-declarations -Wno-sign-conversion -Wno-infinite-recursion -Wno-comma -Wno-block-capture-autoreleasing -Wno-strict-prototypes -Wno-semicolon-before-method-body -index-store-path /Users/hectorgarcia/Library/Developer/Xcode/DerivedData/Lyo-eagkiegzrakogpczynhkaholsscs/Index.noindex/DataStore @/Users/hectorgarcia/Library/Developer/Xcode/DerivedData/Build/Intermediates.noindex/Promises.build/Debug-iphonesimulator/FBLPromises.build/Objects-normal/x86_64/e6072d4f65d7061329687fe24e3d63a7-common-args.resp -include /Users/hectorgarcia/Library/Developer/Xcode/DerivedData/Build/Intermediates.noindex/Promises.build/Debug-iphonesimulator/FBLPromises.build/DerivedSources/resource_bundle_accessor.h -MMD -MT dependencies -MF /Users/hectorgarcia/Library/Developer/Xcode/DerivedData/Build/Intermediates.noindex/Promises.build/Debug-iphonesimulator/FBLPromises.build/Objects-normal/x86_64/FBLPromiseError.d --serialize-diagnostics /Users/hectorgarcia/Library/Developer/Xcode/DerivedData/Build/Intermediates.noindex/Promises.build/Debug-iphonesimulator/FBLPromises.build/Objects-normal/x86_64/FBLPromiseError.dia -c /Users/hectorgarcia/Library/Developer/Xcode/DerivedData/Lyo-eagkiegzrakogpczynhkaholsscs/SourcePackages/checkouts/promises/Sources/FBLPromises/FBLPromiseError.m -o /Users/hectorgarcia/Library/Developer/Xcode/DerivedData/Build/Intermediates.noindex/Promises.build/Debug-iphonesimulator/FBLPromises.build/Objects-normal/x86_64/FBLPromiseError.o -index-unit-output-path /Promises.build/Debug-iphonesimulator/FBLPromises.build/Objects-normal/x86_64/FBLPromiseError.o

ScanDependencies /Users/hectorgarcia/Library/Developer/Xcode/DerivedData/Build/Intermediates.noindex/Promises.build/Debug-iphonesimulator/FBLPromises.build/Objects-normal/x86_64/FBLPromise.o /Users/hectorgarcia/Library/Developer/Xcode/DerivedData/Lyo-eagkiegzrakogpczynhkaholsscs/SourcePackages/checkouts/promises/Sources/FBLPromises/FBLPromise.m normal x86_64 objective-c com.apple.compilers.llvm.clang.1_0.compiler (in target 'FBLPromises' from project 'Promises')
    cd /Users/hectorgarcia/LYO_Da_ONE/Lyo.xcodeproj
    
    Using response file: /Users/hectorgarcia/Library/Developer/Xcode/DerivedData/Build/Intermediates.noindex/Promises.build/Debug-iphonesimulator/FBLPromises.build/Objects-normal/x86_64/e6072d4f65d7061329687fe24e3d63a7-common-args.resp
    
    builtin-ScanDependencies -o /Users/hectorgarcia/Library/Developer/Xcode/DerivedData/Build/Intermediates.noindex/Promises.build/Debug-iphonesimulator/FBLPromises.build/Objects-normal/x86_64/FBLPromise.o.scan -- /Users/hectorgarcia/Downloads/Xcode.app/Contents/Developer/Toolchains/XcodeDefault.xctoolchain/usr/bin/clang -x objective-c -ivfsstatcache /Users/hectorgarcia/Library/Developer/Xcode/DerivedData/SDKStatCaches.noindex/iphonesimulator26.2-23C53-823d3e8b6e60bc2018c189d3ca05ba9b.sdkstatcache -fmessage-length\=0 -fdiagnostics-show-note-include-stack -fmacro-backtrace-limit\=0 -fno-color-diagnostics -fmodules-prune-interval\=86400 -fmodules-prune-after\=345600 -fbuild-session-file\=/Users/hectorgarcia/Library/Developer/Xcode/DerivedData/ModuleCache.noindex/Session.modulevalidation -fmodules-validate-once-per-build-session -Wnon-modular-include-in-framework-module -Werror\=non-modular-include-in-framework-module -Wno-trigraphs -Wno-missing-field-initializers -Wno-missing-prototypes -Wno-return-type -Wno-implicit-atomic-properties -Wno-objc-interface-ivars -Wno-arc-repeated-use-of-weak -Wno-missing-braces -Wparentheses -Wswitch -Wno-unused-function -Wno-unused-label -Wno-unused-parameter -Wno-unused-variable -Wunused-value -Wno-empty-body -Wno-uninitialized -Wno-unknown-pragmas -w -Wno-shadow -Wno-four-char-constants -Wno-conversion -Wno-constant-conversion -Wno-int-conversion -Wno-bool-conversion -Wno-enum-conversion -Wno-float-conversion -Wno-non-literal-null-conversion -Wno-objc-literal-conversion -Wshorten-64-to-32 -Wpointer-sign -Wno-newline-eof -Wno-selector -Wno-strict-selector-match -Wno-undeclared-selector -Wno-deprecated-implementations -Wno-implicit-fallthrough -fstrict-aliasing -Wprotocol -Wdeprecated-declarations -Wno-sign-conversion -Wno-infinite-recursion -Wno-comma -Wno-block-capture-autoreleasing -Wno-strict-prototypes -Wno-semicolon-before-method-body -index-store-path /Users/hectorgarcia/Library/Developer/Xcode/DerivedData/Lyo-eagkiegzrakogpczynhkaholsscs/Index.noindex/DataStore @/Users/hectorgarcia/Library/Developer/Xcode/DerivedData/Build/Intermediates.noindex/Promises.build/Debug-iphonesimulator/FBLPromises.build/Objects-normal/x86_64/e6072d4f65d7061329687fe24e3d63a7-common-args.resp -include /Users/hectorgarcia/Library/Developer/Xcode/DerivedData/Build/Intermediates.noindex/Promises.build/Debug-iphonesimulator/FBLPromises.build/DerivedSources/resource_bundle_accessor.h -MMD -MT dependencies -MF /Users/hectorgarcia/Library/Developer/Xcode/DerivedData/Build/Intermediates.noindex/Promises.build/Debug-iphonesimulator/FBLPromises.build/Objects-normal/x86_64/FBLPromise.d --serialize-diagnostics /Users/hectorgarcia/Library/Developer/Xcode/DerivedData/Build/Intermediates.noindex/Promises.build/Debug-iphonesimulator/FBLPromises.build/Objects-normal/x86_64/FBLPromise.dia -c /Users/hectorgarcia/Library/Developer/Xcode/DerivedData/Lyo-eagkiegzrakogpczynhkaholsscs/SourcePackages/checkouts/promises/Sources/FBLPromises/FBLPromise.m -o /Users/hectorgarcia/Library/Developer/Xcode/DerivedData/Build/Intermediates.noindex/Promises.build/Debug-iphonesimulator/FBLPromises.build/Objects-normal/x86_64/FBLPromise.o -index-unit-output-path /Promises.build/Debug-iphonesimulator/FBLPromises.build/Objects-normal/x86_64/FBLPromise.o

CompileC /Users/hectorgarcia/Library/Developer/Xcode/DerivedData/Build/Intermediates.noindex/Promises.build/Debug-iphonesimulator/FBLPromises.build/Objects-normal/x86_64/FBLPromiseError.o /Users/hectorgarcia/Library/Developer/Xcode/DerivedData/Lyo-eagkiegzrakogpczynhkaholsscs/SourcePackages/checkouts/promises/Sources/FBLPromises/FBLPromiseError.m normal x86_64 objective-c com.apple.compilers.llvm.clang.1_0.compiler (in target 'FBLPromises' from project 'Promises')
    cd /Users/hectorgarcia/LYO_Da_ONE/Lyo.xcodeproj
    
    Using response file: /Users/hectorgarcia/Library/Developer/Xcode/DerivedData/Build/Intermediates.noindex/Promises.build/Debug-iphonesimulator/FBLPromises.build/Objects-normal/x86_64/e6072d4f65d7061329687fe24e3d63a7-common-args.resp
    
    /Users/hectorgarcia/Downloads/Xcode.app/Contents/Developer/Toolchains/XcodeDefault.xctoolchain/usr/bin/clang -x objective-c -ivfsstatcache /Users/hectorgarcia/Library/Developer/Xcode/DerivedData/SDKStatCaches.noindex/iphonesimulator26.2-23C53-823d3e8b6e60bc2018c189d3ca05ba9b.sdkstatcache -fmessage-length\=0 -fdiagnostics-show-note-include-stack -fmacro-backtrace-limit\=0 -fno-color-diagnostics -fmodules-prune-interval\=86400 -fmodules-prune-after\=345600 -fbuild-session-file\=/Users/hectorgarcia/Library/Developer/Xcode/DerivedData/ModuleCache.noindex/Session.modulevalidation -fmodules-validate-once-per-build-session -Wnon-modular-include-in-framework-module -Werror\=non-modular-include-in-framework-module -Wno-trigraphs -Wno-missing-field-initializers -Wno-missing-prototypes -Wno-return-type -Wno-implicit-atomic-properties -Wno-objc-interface-ivars -Wno-arc-repeated-use-of-weak -Wno-missing-braces -Wparentheses -Wswitch -Wno-unused-function -Wno-unused-label -Wno-unused-parameter -Wno-unused-variable -Wunused-value -Wno-empty-body -Wno-uninitialized -Wno-unknown-pragmas -w -Wno-shadow -Wno-four-char-constants -Wno-conversion -Wno-constant-conversion -Wno-int-conversion -Wno-bool-conversion -Wno-enum-conversion -Wno-float-conversion -Wno-non-literal-null-conversion -Wno-objc-literal-conversion -Wshorten-64-to-32 -Wpointer-sign -Wno-newline-eof -Wno-selector -Wno-strict-selector-match -Wno-undeclared-selector -Wno-deprecated-implementations -Wno-implicit-fallthrough -fstrict-aliasing -Wprotocol -Wdeprecated-declarations -Wno-sign-conversion -Wno-infinite-recursion -Wno-comma -Wno-block-capture-autoreleasing -Wno-strict-prototypes -Wno-semicolon-before-method-body -index-store-path /Users/hectorgarcia/Library/Developer/Xcode/DerivedData/Lyo-eagkiegzrakogpczynhkaholsscs/Index.noindex/DataStore @/Users/hectorgarcia/Library/Developer/Xcode/DerivedData/Build/Intermediates.noindex/Promises.build/Debug-iphonesimulator/FBLPromises.build/Objects-normal/x86_64/e6072d4f65d7061329687fe24e3d63a7-common-args.resp -include /Users/hectorgarcia/Library/Developer/Xcode/DerivedData/Build/Intermediates.noindex/Promises.build/Debug-iphonesimulator/FBLPromises.build/DerivedSources/resource_bundle_accessor.h -MMD -MT dependencies -MF /Users/hectorgarcia/Library/Developer/Xcode/DerivedData/Build/Intermediates.noindex/Promises.build/Debug-iphonesimulator/FBLPromises.build/Objects-normal/x86_64/FBLPromiseError.d --serialize-diagnostics /Users/hectorgarcia/Library/Developer/Xcode/DerivedData/Build/Intermediates.noindex/Promises.build/Debug-iphonesimulator/FBLPromises.build/Objects-normal/x86_64/FBLPromiseError.dia -c /Users/hectorgarcia/Library/Developer/Xcode/DerivedData/Lyo-eagkiegzrakogpczynhkaholsscs/SourcePackages/checkouts/promises/Sources/FBLPromises/FBLPromiseError.m -o /Users/hectorgarcia/Library/Developer/Xcode/DerivedData/Build/Intermediates.noindex/Promises.build/Debug-iphonesimulator/FBLPromises.build/Objects-normal/x86_64/FBLPromiseError.o -index-unit-output-path /Promises.build/Debug-iphonesimulator/FBLPromises.build/Objects-normal/x86_64/FBLPromiseError.o

PrecompileModule /Users/hectorgarcia/Library/Developer/Xcode/DerivedData/Build/Intermediates.noindex/ExplicitPrecompiledModules/CoreVideo-9PN9NRQBY0S5HALI4FLZ6L5PZ.scan
    cd /
    builtin-precompileModule /Users/hectorgarcia/Library/Developer/Xcode/DerivedData/Build/Intermediates.noindex/ExplicitPrecompiledModules/CoreVideo-9PN9NRQBY0S5HALI4FLZ6L5PZ.scan

SwiftDriverJobDiscovery normal x86_64 Compiling SessionsSettings.swift, SettingsCacheClient.swift, SettingsDownloadClient.swift (in target 'FirebaseSessions' from project 'Firebase')

ScanDependencies /Users/hectorgarcia/Library/Developer/Xcode/DerivedData/Build/Intermediates.noindex/Promises.build/Debug-iphonesimulator/FBLPromises.build/Objects-normal/x86_64/FBLPromise+Wrap.o /Users/hectorgarcia/Library/Developer/Xcode/DerivedData/Lyo-eagkiegzrakogpczynhkaholsscs/SourcePackages/checkouts/promises/Sources/FBLPromises/FBLPromise+Wrap.m normal x86_64 objective-c com.apple.compilers.llvm.clang.1_0.compiler (in target 'FBLPromises' from project 'Promises')
    cd /Users/hectorgarcia/LYO_Da_ONE/Lyo.xcodeproj
    
    Using response file: /Users/hectorgarcia/Library/Developer/Xcode/DerivedData/Build/Intermediates.noindex/Promises.build/Debug-iphonesimulator/FBLPromises.build/Objects-normal/x86_64/e6072d4f65d7061329687fe24e3d63a7-common-args.resp
    
    builtin-ScanDependencies -o /Users/hectorgarcia/Library/Developer/Xcode/DerivedData/Build/Intermediates.noindex/Promises.build/Debug-iphonesimulator/FBLPromises.build/Objects-normal/x86_64/FBLPromise+Wrap.o.scan -- /Users/hectorgarcia/Downloads/Xcode.app/Contents/Developer/Toolchains/XcodeDefault.xctoolchain/usr/bin/clang -x objective-c -ivfsstatcache /Users/hectorgarcia/Library/Developer/Xcode/DerivedData/SDKStatCaches.noindex/iphonesimulator26.2-23C53-823d3e8b6e60bc2018c189d3ca05ba9b.sdkstatcache -fmessage-length\=0 -fdiagnostics-show-note-include-stack -fmacro-backtrace-limit\=0 -fno-color-diagnostics -fmodules-prune-interval\=86400 -fmodules-prune-after\=345600 -fbuild-session-file\=/Users/hectorgarcia/Library/Developer/Xcode/DerivedData/ModuleCache.noindex/Session.modulevalidation -fmodules-validate-once-per-build-session -Wnon-modular-include-in-framework-module -Werror\=non-modular-include-in-framework-module -Wno-trigraphs -Wno-missing-field-initializers -Wno-missing-prototypes -Wno-return-type -Wno-implicit-atomic-properties -Wno-objc-interface-ivars -Wno-arc-repeated-use-of-weak -Wno-missing-braces -Wparentheses -Wswitch -Wno-unused-function -Wno-unused-label -Wno-unused-parameter -Wno-unused-variable -Wunused-value -Wno-empty-body -Wno-uninitialized -Wno-unknown-pragmas -w -Wno-shadow -Wno-four-char-constants -Wno-conversion -Wno-constant-conversion -Wno-int-conversion -Wno-bool-conversion -Wno-enum-conversion -Wno-float-conversion -Wno-non-literal-null-conversion -Wno-objc-literal-conversion -Wshorten-64-to-32 -Wpointer-sign -Wno-newline-eof -Wno-selector -Wno-strict-selector-match -Wno-undeclared-selector -Wno-deprecated-implementations -Wno-implicit-fallthrough -fstrict-aliasing -Wprotocol -Wdeprecated-declarations -Wno-sign-conversion -Wno-infinite-recursion -Wno-comma -Wno-block-capture-autoreleasing -Wno-strict-prototypes -Wno-semicolon-before-method-body -index-store-path /Users/hectorgarcia/Library/Developer/Xcode/DerivedData/Lyo-eagkiegzrakogpczynhkaholsscs/Index.noindex/DataStore @/Users/hectorgarcia/Library/Developer/Xcode/DerivedData/Build/Intermediates.noindex/Promises.build/Debug-iphonesimulator/FBLPromises.build/Objects-normal/x86_64/e6072d4f65d7061329687fe24e3d63a7-common-args.resp -include /Users/hectorgarcia/Library/Developer/Xcode/DerivedData/Build/Intermediates.noindex/Promises.build/Debug-iphonesimulator/FBLPromises.build/DerivedSources/resource_bundle_accessor.h -MMD -MT dependencies -MF /Users/hectorgarcia/Library/Developer/Xcode/DerivedData/Build/Intermediates.noindex/Promises.build/Debug-iphonesimulator/FBLPromises.build/Objects-normal/x86_64/FBLPromise+Wrap.d --serialize-diagnostics /Users/hectorgarcia/Library/Developer/Xcode/DerivedData/Build/Intermediates.noindex/Promises.build/Debug-iphonesimulator/FBLPromises.build/Objects-normal/x86_64/FBLPromise+Wrap.dia -c /Users/hectorgarcia/Library/Developer/Xcode/DerivedData/Lyo-eagkiegzrakogpczynhkaholsscs/SourcePackages/checkouts/promises/Sources/FBLPromises/FBLPromise+Wrap.m -o /Users/hectorgarcia/Library/Developer/Xcode/DerivedData/Build/Intermediates.noindex/Promises.build/Debug-iphonesimulator/FBLPromises.build/Objects-normal/x86_64/FBLPromise+Wrap.o -index-unit-output-path /Promises.build/Debug-iphonesimulator/FBLPromises.build/Objects-normal/x86_64/FBLPromise+Wrap.o

CompileC /Users/hectorgarcia/Library/Developer/Xcode/DerivedData/Build/Intermediates.noindex/Promises.build/Debug-iphonesimulator/FBLPromises.build/Objects-normal/x86_64/FBLPromise.o /Users/hectorgarcia/Library/Developer/Xcode/DerivedData/Lyo-eagkiegzrakogpczynhkaholsscs/SourcePackages/checkouts/promises/Sources/FBLPromises/FBLPromise.m normal x86_64 objective-c com.apple.compilers.llvm.clang.1_0.compiler (in target 'FBLPromises' from project 'Promises')
    cd /Users/hectorgarcia/LYO_Da_ONE/Lyo.xcodeproj
    
    Using response file: /Users/hectorgarcia/Library/Developer/Xcode/DerivedData/Build/Intermediates.noindex/Promises.build/Debug-iphonesimulator/FBLPromises.build/Objects-normal/x86_64/e6072d4f65d7061329687fe24e3d63a7-common-args.resp
    
    /Users/hectorgarcia/Downloads/Xcode.app/Contents/Developer/Toolchains/XcodeDefault.xctoolchain/usr/bin/clang -x objective-c -ivfsstatcache /Users/hectorgarcia/Library/Developer/Xcode/DerivedData/SDKStatCaches.noindex/iphonesimulator26.2-23C53-823d3e8b6e60bc2018c189d3ca05ba9b.sdkstatcache -fmessage-length\=0 -fdiagnostics-show-note-include-stack -fmacro-backtrace-limit\=0 -fno-color-diagnostics -fmodules-prune-interval\=86400 -fmodules-prune-after\=345600 -fbuild-session-file\=/Users/hectorgarcia/Library/Developer/Xcode/DerivedData/ModuleCache.noindex/Session.modulevalidation -fmodules-validate-once-per-build-session -Wnon-modular-include-in-framework-module -Werror\=non-modular-include-in-framework-module -Wno-trigraphs -Wno-missing-field-initializers -Wno-missing-prototypes -Wno-return-type -Wno-implicit-atomic-properties -Wno-objc-interface-ivars -Wno-arc-repeated-use-of-weak -Wno-missing-braces -Wparentheses -Wswitch -Wno-unused-function -Wno-unused-label -Wno-unused-parameter -Wno-unused-variable -Wunused-value -Wno-empty-body -Wno-uninitialized -Wno-unknown-pragmas -w -Wno-shadow -Wno-four-char-constants -Wno-conversion -Wno-constant-conversion -Wno-int-conversion -Wno-bool-conversion -Wno-enum-conversion -Wno-float-conversion -Wno-non-literal-null-conversion -Wno-objc-literal-conversion -Wshorten-64-to-32 -Wpointer-sign -Wno-newline-eof -Wno-selector -Wno-strict-selector-match -Wno-undeclared-selector -Wno-deprecated-implementations -Wno-implicit-fallthrough -fstrict-aliasing -Wprotocol -Wdeprecated-declarations -Wno-sign-conversion -Wno-infinite-recursion -Wno-comma -Wno-block-capture-autoreleasing -Wno-strict-prototypes -Wno-semicolon-before-method-body -index-store-path /Users/hectorgarcia/Library/Developer/Xcode/DerivedData/Lyo-eagkiegzrakogpczynhkaholsscs/Index.noindex/DataStore @/Users/hectorgarcia/Library/Developer/Xcode/DerivedData/Build/Intermediates.noindex/Promises.build/Debug-iphonesimulator/FBLPromises.build/Objects-normal/x86_64/e6072d4f65d7061329687fe24e3d63a7-common-args.resp -include /Users/hectorgarcia/Library/Developer/Xcode/DerivedData/Build/Intermediates.noindex/Promises.build/Debug-iphonesimulator/FBLPromises.build/DerivedSources/resource_bundle_accessor.h -MMD -MT dependencies -MF /Users/hectorgarcia/Library/Developer/Xcode/DerivedData/Build/Intermediates.noindex/Promises.build/Debug-iphonesimulator/FBLPromises.build/Objects-normal/x86_64/FBLPromise.d --serialize-diagnostics /Users/hectorgarcia/Library/Developer/Xcode/DerivedData/Build/Intermediates.noindex/Promises.build/Debug-iphonesimulator/FBLPromises.build/Objects-normal/x86_64/FBLPromise.dia -c /Users/hectorgarcia/Library/Developer/Xcode/DerivedData/Lyo-eagkiegzrakogpczynhkaholsscs/SourcePackages/checkouts/promises/Sources/FBLPromises/FBLPromise.m -o /Users/hectorgarcia/Library/Developer/Xcode/DerivedData/Build/Intermediates.noindex/Promises.build/Debug-iphonesimulator/FBLPromises.build/Objects-normal/x86_64/FBLPromise.o -index-unit-output-path /Promises.build/Debug-iphonesimulator/FBLPromises.build/Objects-normal/x86_64/FBLPromise.o

ScanDependencies /Users/hectorgarcia/Library/Developer/Xcode/DerivedData/Build/Intermediates.noindex/Promises.build/Debug-iphonesimulator/FBLPromises.build/Objects-normal/x86_64/FBLPromise+Validate.o /Users/hectorgarcia/Library/Developer/Xcode/DerivedData/Lyo-eagkiegzrakogpczynhkaholsscs/SourcePackages/checkouts/promises/Sources/FBLPromises/FBLPromise+Validate.m normal x86_64 objective-c com.apple.compilers.llvm.clang.1_0.compiler (in target 'FBLPromises' from project 'Promises')
    cd /Users/hectorgarcia/LYO_Da_ONE/Lyo.xcodeproj
    
    Using response file: /Users/hectorgarcia/Library/Developer/Xcode/DerivedData/Build/Intermediates.noindex/Promises.build/Debug-iphonesimulator/FBLPromises.build/Objects-normal/x86_64/e6072d4f65d7061329687fe24e3d63a7-common-args.resp
    
    builtin-ScanDependencies -o /Users/hectorgarcia/Library/Developer/Xcode/DerivedData/Build/Intermediates.noindex/Promises.build/Debug-iphonesimulator/FBLPromises.build/Objects-normal/x86_64/FBLPromise+Validate.o.scan -- /Users/hectorgarcia/Downloads/Xcode.app/Contents/Developer/Toolchains/XcodeDefault.xctoolchain/usr/bin/clang -x objective-c -ivfsstatcache /Users/hectorgarcia/Library/Developer/Xcode/DerivedData/SDKStatCaches.noindex/iphonesimulator26.2-23C53-823d3e8b6e60bc2018c189d3ca05ba9b.sdkstatcache -fmessage-length\=0 -fdiagnostics-show-note-include-stack -fmacro-backtrace-limit\=0 -fno-color-diagnostics -fmodules-prune-interval\=86400 -fmodules-prune-after\=345600 -fbuild-session-file\=/Users/hectorgarcia/Library/Developer/Xcode/DerivedData/ModuleCache.noindex/Session.modulevalidation -fmodules-validate-once-per-build-session -Wnon-modular-include-in-framework-module -Werror\=non-modular-include-in-framework-module -Wno-trigraphs -Wno-missing-field-initializers -Wno-missing-prototypes -Wno-return-type -Wno-implicit-atomic-properties -Wno-objc-interface-ivars -Wno-arc-repeated-use-of-weak -Wno-missing-braces -Wparentheses -Wswitch -Wno-unused-function -Wno-unused-label -Wno-unused-parameter -Wno-unused-variable -Wunused-value -Wno-empty-body -Wno-uninitialized -Wno-unknown-pragmas -w -Wno-shadow -Wno-four-char-constants -Wno-conversion -Wno-constant-conversion -Wno-int-conversion -Wno-bool-conversion -Wno-enum-conversion -Wno-float-conversion -Wno-non-literal-null-conversion -Wno-objc-literal-conversion -Wshorten-64-to-32 -Wpointer-sign -Wno-newline-eof -Wno-selector -Wno-strict-selector-match -Wno-undeclared-selector -Wno-deprecated-implementations -Wno-implicit-fallthrough -fstrict-aliasing -Wprotocol -Wdeprecated-declarations -Wno-sign-conversion -Wno-infinite-recursion -Wno-comma -Wno-block-capture-autoreleasing -Wno-strict-prototypes -Wno-semicolon-before-method-body -index-store-path /Users/hectorgarcia/Library/Developer/Xcode/DerivedData/Lyo-eagkiegzrakogpczynhkaholsscs/Index.noindex/DataStore @/Users/hectorgarcia/Library/Developer/Xcode/DerivedData/Build/Intermediates.noindex/Promises.build/Debug-iphonesimulator/FBLPromises.build/Objects-normal/x86_64/e6072d4f65d7061329687fe24e3d63a7-common-args.resp -include /Users/hectorgarcia/Library/Developer/Xcode/DerivedData/Build/Intermediates.noindex/Promises.build/Debug-iphonesimulator/FBLPromises.build/DerivedSources/resource_bundle_accessor.h -MMD -MT dependencies -MF /Users/hectorgarcia/Library/Developer/Xcode/DerivedData/Build/Intermediates.noindex/Promises.build/Debug-iphonesimulator/FBLPromises.build/Objects-normal/x86_64/FBLPromise+Validate.d --serialize-diagnostics /Users/hectorgarcia/Library/Developer/Xcode/DerivedData/Build/Intermediates.noindex/Promises.build/Debug-iphonesimulator/FBLPromises.build/Objects-normal/x86_64/FBLPromise+Validate.dia -c /Users/hectorgarcia/Library/Developer/Xcode/DerivedData/Lyo-eagkiegzrakogpczynhkaholsscs/SourcePackages/checkouts/promises/Sources/FBLPromises/FBLPromise+Validate.m -o /Users/hectorgarcia/Library/Developer/Xcode/DerivedData/Build/Intermediates.noindex/Promises.build/Debug-iphonesimulator/FBLPromises.build/Objects-normal/x86_64/FBLPromise+Validate.o -index-unit-output-path /Promises.build/Debug-iphonesimulator/FBLPromises.build/Objects-normal/x86_64/FBLPromise+Validate.o

CompileC /Users/hectorgarcia/Library/Developer/Xcode/DerivedData/Build/Intermediates.noindex/Promises.build/Debug-iphonesimulator/FBLPromises.build/Objects-normal/x86_64/FBLPromise+Wrap.o /Users/hectorgarcia/Library/Developer/Xcode/DerivedData/Lyo-eagkiegzrakogpczynhkaholsscs/SourcePackages/checkouts/promises/Sources/FBLPromises/FBLPromise+Wrap.m normal x86_64 objective-c com.apple.compilers.llvm.clang.1_0.compiler (in target 'FBLPromises' from project 'Promises')
    cd /Users/hectorgarcia/LYO_Da_ONE/Lyo.xcodeproj
    
    Using response file: /Users/hectorgarcia/Library/Developer/Xcode/DerivedData/Build/Intermediates.noindex/Promises.build/Debug-iphonesimulator/FBLPromises.build/Objects-normal/x86_64/e6072d4f65d7061329687fe24e3d63a7-common-args.resp
    
    /Users/hectorgarcia/Downloads/Xcode.app/Contents/Developer/Toolchains/XcodeDefault.xctoolchain/usr/bin/clang -x objective-c -ivfsstatcache /Users/hectorgarcia/Library/Developer/Xcode/DerivedData/SDKStatCaches.noindex/iphonesimulator26.2-23C53-823d3e8b6e60bc2018c189d3ca05ba9b.sdkstatcache -fmessage-length\=0 -fdiagnostics-show-note-include-stack -fmacro-backtrace-limit\=0 -fno-color-diagnostics -fmodules-prune-interval\=86400 -fmodules-prune-after\=345600 -fbuild-session-file\=/Users/hectorgarcia/Library/Developer/Xcode/DerivedData/ModuleCache.noindex/Session.modulevalidation -fmodules-validate-once-per-build-session -Wnon-modular-include-in-framework-module -Werror\=non-modular-include-in-framework-module -Wno-trigraphs -Wno-missing-field-initializers -Wno-missing-prototypes -Wno-return-type -Wno-implicit-atomic-properties -Wno-objc-interface-ivars -Wno-arc-repeated-use-of-weak -Wno-missing-braces -Wparentheses -Wswitch -Wno-unused-function -Wno-unused-label -Wno-unused-parameter -Wno-unused-variable -Wunused-value -Wno-empty-body -Wno-uninitialized -Wno-unknown-pragmas -w -Wno-shadow -Wno-four-char-constants -Wno-conversion -Wno-constant-conversion -Wno-int-conversion -Wno-bool-conversion -Wno-enum-conversion -Wno-float-conversion -Wno-non-literal-null-conversion -Wno-objc-literal-conversion -Wshorten-64-to-32 -Wpointer-sign -Wno-newline-eof -Wno-selector -Wno-strict-selector-match -Wno-undeclared-selector -Wno-deprecated-implementations -Wno-implicit-fallthrough -fstrict-aliasing -Wprotocol -Wdeprecated-declarations -Wno-sign-conversion -Wno-infinite-recursion -Wno-comma -Wno-block-capture-autoreleasing -Wno-strict-prototypes -Wno-semicolon-before-method-body -index-store-path /Users/hectorgarcia/Library/Developer/Xcode/DerivedData/Lyo-eagkiegzrakogpczynhkaholsscs/Index.noindex/DataStore @/Users/hectorgarcia/Library/Developer/Xcode/DerivedData/Build/Intermediates.noindex/Promises.build/Debug-iphonesimulator/FBLPromises.build/Objects-normal/x86_64/e6072d4f65d7061329687fe24e3d63a7-common-args.resp -include /Users/hectorgarcia/Library/Developer/Xcode/DerivedData/Build/Intermediates.noindex/Promises.build/Debug-iphonesimulator/FBLPromises.build/DerivedSources/resource_bundle_accessor.h -MMD -MT dependencies -MF /Users/hectorgarcia/Library/Developer/Xcode/DerivedData/Build/Intermediates.noindex/Promises.build/Debug-iphonesimulator/FBLPromises.build/Objects-normal/x86_64/FBLPromise+Wrap.d --serialize-diagnostics /Users/hectorgarcia/Library/Developer/Xcode/DerivedData/Build/Intermediates.noindex/Promises.build/Debug-iphonesimulator/FBLPromises.build/Objects-normal/x86_64/FBLPromise+Wrap.dia -c /Users/hectorgarcia/Library/Developer/Xcode/DerivedData/Lyo-eagkiegzrakogpczynhkaholsscs/SourcePackages/checkouts/promises/Sources/FBLPromises/FBLPromise+Wrap.m -o /Users/hectorgarcia/Library/Developer/Xcode/DerivedData/Build/Intermediates.noindex/Promises.build/Debug-iphonesimulator/FBLPromises.build/Objects-normal/x86_64/FBLPromise+Wrap.o -index-unit-output-path /Promises.build/Debug-iphonesimulator/FBLPromises.build/Objects-normal/x86_64/FBLPromise+Wrap.o

CompileC /Users/hectorgarcia/Library/Developer/Xcode/DerivedData/Build/Intermediates.noindex/Promises.build/Debug-iphonesimulator/FBLPromises.build/Objects-normal/x86_64/FBLPromise+Validate.o /Users/hectorgarcia/Library/Developer/Xcode/DerivedData/Lyo-eagkiegzrakogpczynhkaholsscs/SourcePackages/checkouts/promises/Sources/FBLPromises/FBLPromise+Validate.m normal x86_64 objective-c com.apple.compilers.llvm.clang.1_0.compiler (in target 'FBLPromises' from project 'Promises')
    cd /Users/hectorgarcia/LYO_Da_ONE/Lyo.xcodeproj
    
    Using response file: /Users/hectorgarcia/Library/Developer/Xcode/DerivedData/Build/Intermediates.noindex/Promises.build/Debug-iphonesimulator/FBLPromises.build/Objects-normal/x86_64/e6072d4f65d7061329687fe24e3d63a7-common-args.resp
    
    /Users/hectorgarcia/Downloads/Xcode.app/Contents/Developer/Toolchains/XcodeDefault.xctoolchain/usr/bin/clang -x objective-c -ivfsstatcache /Users/hectorgarcia/Library/Developer/Xcode/DerivedData/SDKStatCaches.noindex/iphonesimulator26.2-23C53-823d3e8b6e60bc2018c189d3ca05ba9b.sdkstatcache -fmessage-length\=0 -fdiagnostics-show-note-include-stack -fmacro-backtrace-limit\=0 -fno-color-diagnostics -fmodules-prune-interval\=86400 -fmodules-prune-after\=345600 -fbuild-session-file\=/Users/hectorgarcia/Library/Developer/Xcode/DerivedData/ModuleCache.noindex/Session.modulevalidation -fmodules-validate-once-per-build-session -Wnon-modular-include-in-framework-module -Werror\=non-modular-include-in-framework-module -Wno-trigraphs -Wno-missing-field-initializers -Wno-missing-prototypes -Wno-return-type -Wno-implicit-atomic-properties -Wno-objc-interface-ivars -Wno-arc-repeated-use-of-weak -Wno-missing-braces -Wparentheses -Wswitch -Wno-unused-function -Wno-unused-label -Wno-unused-parameter -Wno-unused-variable -Wunused-value -Wno-empty-body -Wno-uninitialized -Wno-unknown-pragmas -w -Wno-shadow -Wno-four-char-constants -Wno-conversion -Wno-constant-conversion -Wno-int-conversion -Wno-bool-conversion -Wno-enum-conversion -Wno-float-conversion -Wno-non-literal-null-conversion -Wno-objc-literal-conversion -Wshorten-64-to-32 -Wpointer-sign -Wno-newline-eof -Wno-selector -Wno-strict-selector-match -Wno-undeclared-selector -Wno-deprecated-implementations -Wno-implicit-fallthrough -fstrict-aliasing -Wprotocol -Wdeprecated-declarations -Wno-sign-conversion -Wno-infinite-recursion -Wno-comma -Wno-block-capture-autoreleasing -Wno-strict-prototypes -Wno-semicolon-before-method-body -index-store-path /Users/hectorgarcia/Library/Developer/Xcode/DerivedData/Lyo-eagkiegzrakogpczynhkaholsscs/Index.noindex/DataStore @/Users/hectorgarcia/Library/Developer/Xcode/DerivedData/Build/Intermediates.noindex/Promises.build/Debug-iphonesimulator/FBLPromises.build/Objects-normal/x86_64/e6072d4f65d7061329687fe24e3d63a7-common-args.resp -include /Users/hectorgarcia/Library/Developer/Xcode/DerivedData/Build/Intermediates.noindex/Promises.build/Debug-iphonesimulator/FBLPromises.build/DerivedSources/resource_bundle_accessor.h -MMD -MT dependencies -MF /Users/hectorgarcia/Library/Developer/Xcode/DerivedData/Build/Intermediates.noindex/Promises.build/Debug-iphonesimulator/FBLPromises.build/Objects-normal/x86_64/FBLPromise+Validate.d --serialize-diagnostics /Users/hectorgarcia/Library/Developer/Xcode/DerivedData/Build/Intermediates.noindex/Promises.build/Debug-iphonesimulator/FBLPromises.build/Objects-normal/x86_64/FBLPromise+Validate.dia -c /Users/hectorgarcia/Library/Developer/Xcode/DerivedData/Lyo-eagkiegzrakogpczynhkaholsscs/SourcePackages/checkouts/promises/Sources/FBLPromises/FBLPromise+Validate.m -o /Users/hectorgarcia/Library/Developer/Xcode/DerivedData/Build/Intermediates.noindex/Promises.build/Debug-iphonesimulator/FBLPromises.build/Objects-normal/x86_64/FBLPromise+Validate.o -index-unit-output-path /Promises.build/Debug-iphonesimulator/FBLPromises.build/Objects-normal/x86_64/FBLPromise+Validate.o

PrecompileModule /Users/hectorgarcia/Library/Developer/Xcode/DerivedData/Build/Intermediates.noindex/ExplicitPrecompiledModules/QuartzCore-6OPZIPZYT1IBKS6Q3UNFRDHNG.scan
    cd /
    builtin-precompileModule /Users/hectorgarcia/Library/Developer/Xcode/DerivedData/Build/Intermediates.noindex/ExplicitPrecompiledModules/QuartzCore-6OPZIPZYT1IBKS6Q3UNFRDHNG.scan

SwiftDriverJobDiscovery normal x86_64 Compiling StringToHexConverter.swift (in target 'FirebaseCrashlyticsSwift' from project 'Firebase')

PrecompileModule /Users/hectorgarcia/Library/Developer/Xcode/DerivedData/Build/Intermediates.noindex/ExplicitPrecompiledModules/CoreImage-1965VK8PWCCDOSLM5TJ0QE5AR.scan
    cd /
    builtin-precompileModule /Users/hectorgarcia/Library/Developer/Xcode/DerivedData/Build/Intermediates.noindex/ExplicitPrecompiledModules/CoreImage-1965VK8PWCCDOSLM5TJ0QE5AR.scan

ScanDependencies /Users/hectorgarcia/Library/Developer/Xcode/DerivedData/Build/Intermediates.noindex/Promises.build/Debug-iphonesimulator/FBLPromises.build/Objects-normal/x86_64/FBLPromise+Timeout.o /Users/hectorgarcia/Library/Developer/Xcode/DerivedData/Lyo-eagkiegzrakogpczynhkaholsscs/SourcePackages/checkouts/promises/Sources/FBLPromises/FBLPromise+Timeout.m normal x86_64 objective-c com.apple.compilers.llvm.clang.1_0.compiler (in target 'FBLPromises' from project 'Promises')
    cd /Users/hectorgarcia/LYO_Da_ONE/Lyo.xcodeproj
    
    Using response file: /Users/hectorgarcia/Library/Developer/Xcode/DerivedData/Build/Intermediates.noindex/Promises.build/Debug-iphonesimulator/FBLPromises.build/Objects-normal/x86_64/e6072d4f65d7061329687fe24e3d63a7-common-args.resp
    
    builtin-ScanDependencies -o /Users/hectorgarcia/Library/Developer/Xcode/DerivedData/Build/Intermediates.noindex/Promises.build/Debug-iphonesimulator/FBLPromises.build/Objects-normal/x86_64/FBLPromise+Timeout.o.scan -- /Users/hectorgarcia/Downloads/Xcode.app/Contents/Developer/Toolchains/XcodeDefault.xctoolchain/usr/bin/clang -x objective-c -ivfsstatcache /Users/hectorgarcia/Library/Developer/Xcode/DerivedData/SDKStatCaches.noindex/iphonesimulator26.2-23C53-823d3e8b6e60bc2018c189d3ca05ba9b.sdkstatcache -fmessage-length\=0 -fdiagnostics-show-note-include-stack -fmacro-backtrace-limit\=0 -fno-color-diagnostics -fmodules-prune-interval\=86400 -fmodules-prune-after\=345600 -fbuild-session-file\=/Users/hectorgarcia/Library/Developer/Xcode/DerivedData/ModuleCache.noindex/Session.modulevalidation -fmodules-validate-once-per-build-session -Wnon-modular-include-in-framework-module -Werror\=non-modular-include-in-framework-module -Wno-trigraphs -Wno-missing-field-initializers -Wno-missing-prototypes -Wno-return-type -Wno-implicit-atomic-properties -Wno-objc-interface-ivars -Wno-arc-repeated-use-of-weak -Wno-missing-braces -Wparentheses -Wswitch -Wno-unused-function -Wno-unused-label -Wno-unused-parameter -Wno-unused-variable -Wunused-value -Wno-empty-body -Wno-uninitialized -Wno-unknown-pragmas -w -Wno-shadow -Wno-four-char-constants -Wno-conversion -Wno-constant-conversion -Wno-int-conversion -Wno-bool-conversion -Wno-enum-conversion -Wno-float-conversion -Wno-non-literal-null-conversion -Wno-objc-literal-conversion -Wshorten-64-to-32 -Wpointer-sign -Wno-newline-eof -Wno-selector -Wno-strict-selector-match -Wno-undeclared-selector -Wno-deprecated-implementations -Wno-implicit-fallthrough -fstrict-aliasing -Wprotocol -Wdeprecated-declarations -Wno-sign-conversion -Wno-infinite-recursion -Wno-comma -Wno-block-capture-autoreleasing -Wno-strict-prototypes -Wno-semicolon-before-method-body -index-store-path /Users/hectorgarcia/Library/Developer/Xcode/DerivedData/Lyo-eagkiegzrakogpczynhkaholsscs/Index.noindex/DataStore @/Users/hectorgarcia/Library/Developer/Xcode/DerivedData/Build/Intermediates.noindex/Promises.build/Debug-iphonesimulator/FBLPromises.build/Objects-normal/x86_64/e6072d4f65d7061329687fe24e3d63a7-common-args.resp -include /Users/hectorgarcia/Library/Developer/Xcode/DerivedData/Build/Intermediates.noindex/Promises.build/Debug-iphonesimulator/FBLPromises.build/DerivedSources/resource_bundle_accessor.h -MMD -MT dependencies -MF /Users/hectorgarcia/Library/Developer/Xcode/DerivedData/Build/Intermediates.noindex/Promises.build/Debug-iphonesimulator/FBLPromises.build/Objects-normal/x86_64/FBLPromise+Timeout.d --serialize-diagnostics /Users/hectorgarcia/Library/Developer/Xcode/DerivedData/Build/Intermediates.noindex/Promises.build/Debug-iphonesimulator/FBLPromises.build/Objects-normal/x86_64/FBLPromise+Timeout.dia -c /Users/hectorgarcia/Library/Developer/Xcode/DerivedData/Lyo-eagkiegzrakogpczynhkaholsscs/SourcePackages/checkouts/promises/Sources/FBLPromises/FBLPromise+Timeout.m -o /Users/hectorgarcia/Library/Developer/Xcode/DerivedData/Build/Intermediates.noindex/Promises.build/Debug-iphonesimulator/FBLPromises.build/Objects-normal/x86_64/FBLPromise+Timeout.o -index-unit-output-path /Promises.build/Debug-iphonesimulator/FBLPromises.build/Objects-normal/x86_64/FBLPromise+Timeout.o

SwiftDriverJobDiscovery normal x86_64 Compiling ApplicationInfo.swift, DevEventConsoleLogger.swift, NanoPB+CustomStringConvertible.swift, EventGDTLogger.swift (in target 'FirebaseSessions' from project 'Firebase')

SwiftDriver\ Compilation FirebaseSessions normal x86_64 com.apple.xcode.tools.swift.compiler (in target 'FirebaseSessions' from project 'Firebase')
    cd /Users/hectorgarcia/LYO_Da_ONE/Lyo.xcodeproj
    builtin-Swift-Compilation -- /Users/hectorgarcia/Downloads/Xcode.app/Contents/Developer/Toolchains/XcodeDefault.xctoolchain/usr/bin/swiftc -module-name FirebaseSessions -Onone -enforce-exclusivity\=checked @/Users/hectorgarcia/Library/Developer/Xcode/DerivedData/Build/Intermediates.noindex/Firebase.build/Debug-iphonesimulator/FirebaseSessions.build/Objects-normal/x86_64/FirebaseSessions.SwiftFileList -DSWIFT_PACKAGE -DDEBUG -DSWIFT_MODULE_RESOURCE_BUNDLE_UNAVAILABLE -Xcc -fmodule-map-file\=/Users/hectorgarcia/Library/Developer/Xcode/DerivedData/Build/Intermediates.noindex/GeneratedModuleMaps-iphonesimulator/GoogleUtilities-NSData.modulemap -Xcc -fmodule-map-file\=/Users/hectorgarcia/Library/Developer/Xcode/DerivedData/Build/Intermediates.noindex/GeneratedModuleMaps-iphonesimulator/GoogleUtilities-Logger.modulemap -Xcc -fmodule-map-file\=/Users/hectorgarcia/Library/Developer/Xcode/DerivedData/Build/Intermediates.noindex/GeneratedModuleMaps-iphonesimulator/GoogleUtilities-Environment.modulemap -Xcc -fmodule-map-file\=/Users/hectorgarcia/Library/Developer/Xcode/DerivedData/Build/Intermediates.noindex/GeneratedModuleMaps-iphonesimulator/third-party-IsAppEncrypted.modulemap -Xcc -fmodule-map-file\=/Users/hectorgarcia/Library/Developer/Xcode/DerivedData/Build/Intermediates.noindex/GeneratedModuleMaps-iphonesimulator/GoogleUtilities-UserDefaults.modulemap -Xcc -fmodule-map-file\=/Users/hectorgarcia/Library/Developer/Xcode/DerivedData/Build/Intermediates.noindex/GeneratedModuleMaps-iphonesimulator/nanopb.modulemap -Xcc -fmodule-map-file\=/Users/hectorgarcia/Library/Developer/Xcode/DerivedData/Build/Intermediates.noindex/GeneratedModuleMaps-iphonesimulator/GoogleDataTransport.modulemap -Xcc -fmodule-map-file\=/Users/hectorgarcia/Library/Developer/Xcode/DerivedData/Build/Intermediates.noindex/GeneratedModuleMaps-iphonesimulator/FirebaseSessionsObjC.modulemap -Xcc -fmodule-map-file\=/Users/hectorgarcia/Library/Developer/Xcode/DerivedData/Build/Intermediates.noindex/GeneratedModuleMaps-iphonesimulator/FirebaseCoreExtension.modulemap -Xcc -fmodule-map-file\=/Users/hectorgarcia/Library/Developer/Xcode/DerivedData/Build/Intermediates.noindex/GeneratedModuleMaps-iphonesimulator/FirebaseInstallations.modulemap -Xcc -fmodule-map-file\=/Users/hectorgarcia/Library/Developer/Xcode/DerivedData/Build/Intermediates.noindex/GeneratedModuleMaps-iphonesimulator/FirebaseCore.modulemap -DXcode -plugin-path /Users/hectorgarcia/Downloads/Xcode.app/Contents/Developer/Toolchains/XcodeDefault.xctoolchain/usr/lib/swift/host/plugins/testing -enable-experimental-feature DebugDescriptionMacro -sdk /Users/hectorgarcia/Downloads/Xcode.app/Contents/Developer/Platforms/iPhoneSimulator.platform/Developer/SDKs/iPhoneSimulator26.2.sdk -target x86_64-apple-ios12.0-simulator -g -module-cache-path /Users/hectorgarcia/Library/Developer/Xcode/DerivedData/ModuleCache.noindex -Xfrontend -serialize-debugging-options -enable-testing -suppress-warnings -index-store-path /Users/hectorgarcia/Library/Developer/Xcode/DerivedData/Lyo-eagkiegzrakogpczynhkaholsscs/Index.noindex/DataStore -Xcc -D_LIBCPP_HARDENING_MODE\=_LIBCPP_HARDENING_MODE_DEBUG -swift-version 5 -I /Users/hectorgarcia/Library/Developer/Xcode/DerivedData/Build/Products/Debug-iphonesimulator -Isystem /Users/hectorgarcia/Downloads/Xcode.app/Contents/Developer/Platforms/iPhoneSimulator.platform/Developer/usr/lib -F /Users/hectorgarcia/Library/Developer/Xcode/DerivedData/Build/Products/Debug-iphonesimulator/PackageFrameworks -F /Users/hectorgarcia/Library/Developer/Xcode/DerivedData/Build/Products/Debug-iphonesimulator/PackageFrameworks -F /Users/hectorgarcia/Library/Developer/Xcode/DerivedData/Build/Products/Debug-iphonesimulator/PackageFrameworks -F /Users/hectorgarcia/Library/Developer/Xcode/DerivedData/Build/Products/Debug-iphonesimulator/PackageFrameworks -F /Users/hectorgarcia/Library/Developer/Xcode/DerivedData/Build/Products/Debug-iphonesimulator/PackageFrameworks -F /Users/hectorgarcia/Library/Developer/Xcode/DerivedData/Build/Products/Debug-iphonesimulator/PackageFrameworks -F /Users/hectorgarcia/Library/Developer/Xcode/DerivedData/Build/Products/Debug-iphonesimulator/PackageFrameworks -F /Users/hectorgarcia/Library/Developer/Xcode/DerivedData/Build/Products/Debug-iphonesimulator/PackageFrameworks -F /Users/hectorgarcia/Library/Developer/Xcode/DerivedData/Build/Products/Debug-iphonesimulator/PackageFrameworks -F /Users/hectorgarcia/Library/Developer/Xcode/DerivedData/Build/Products/Debug-iphonesimulator/PackageFrameworks -F /Users/hectorgarcia/Library/Developer/Xcode/DerivedData/Build/Products/Debug-iphonesimulator/PackageFrameworks -F /Users/hectorgarcia/Library/Developer/Xcode/DerivedData/Build/Products/Debug-iphonesimulator/PackageFrameworks -F /Users/hectorgarcia/Library/Developer/Xcode/DerivedData/Build/Products/Debug-iphonesimulator/PackageFrameworks -F /Users/hectorgarcia/Library/Developer/Xcode/DerivedData/Build/Products/Debug-iphonesimulator/PackageFrameworks -F /Users/hectorgarcia/Library/Developer/Xcode/DerivedData/Build/Products/Debug-iphonesimulator/PackageFrameworks -F /Users/hectorgarcia/Library/Developer/Xcode/DerivedData/Build/Products/Debug-iphonesimulator -F /Users/hectorgarcia/Downloads/Xcode.app/Contents/Developer/Platforms/iPhoneSimulator.platform/Developer/Library/Frameworks -F /Users/hectorgarcia/Downloads/Xcode.app/Contents/Developer/Platforms/iPhoneSimulator.platform/Developer/SDKs/iPhoneSimulator26.2.sdk/Developer/Library/Frameworks -c -j8 -enable-batch-mode -incremental -Xcc -ivfsstatcache -Xcc /Users/hectorgarcia/Library/Developer/Xcode/DerivedData/SDKStatCaches.noindex/iphonesimulator26.2-23C53-823d3e8b6e60bc2018c189d3ca05ba9b.sdkstatcache -output-file-map /Users/hectorgarcia/Library/Developer/Xcode/DerivedData/Build/Intermediates.noindex/Firebase.build/Debug-iphonesimulator/FirebaseSessions.build/Objects-normal/x86_64/FirebaseSessions-OutputFileMap.json -use-frontend-parseable-output -save-temps -no-color-diagnostics -explicit-module-build -module-cache-path /Users/hectorgarcia/Library/Developer/Xcode/DerivedData/Build/Intermediates.noindex/SwiftExplicitPrecompiledModules -clang-scanner-module-cache-path /Users/hectorgarcia/Library/Developer/Xcode/DerivedData/ModuleCache.noindex -sdk-module-cache-path /Users/hectorgarcia/Library/Developer/Xcode/DerivedData/ModuleCache.noindex -serialize-diagnostics -emit-dependencies -emit-module -emit-module-path /Users/hectorgarcia/Library/Developer/Xcode/DerivedData/Build/Intermediates.noindex/Firebase.build/Debug-iphonesimulator/FirebaseSessions.build/Objects-normal/x86_64/FirebaseSessions.swiftmodule -validate-clang-modules-once -clang-build-session-file /Users/hectorgarcia/Library/Developer/Xcode/DerivedData/ModuleCache.noindex/Session.modulevalidation -Xcc -I/Users/hectorgarcia/Library/Developer/Xcode/DerivedData/Build/Intermediates.noindex/Firebase.build/Debug-iphonesimulator/FirebaseSessions.build/swift-overrides.hmap -emit-const-values -Xfrontend -const-gather-protocols-file -Xfrontend /Users/hectorgarcia/Library/Developer/Xcode/DerivedData/Build/Intermediates.noindex/Firebase.build/Debug-iphonesimulator/FirebaseSessions.build/Objects-normal/x86_64/FirebaseSessions_const_extract_protocols.json -Xcc -I/Users/hectorgarcia/Library/Developer/Xcode/DerivedData/Lyo-eagkiegzrakogpczynhkaholsscs/SourcePackages/checkouts/GoogleUtilities/GoogleUtilities/NSData+zlib/Public -Xcc -I/Users/hectorgarcia/Library/Developer/Xcode/DerivedData/Lyo-eagkiegzrakogpczynhkaholsscs/SourcePackages/checkouts/GoogleUtilities/GoogleUtilities/Logger/Public -Xcc -I/Users/hectorgarcia/Library/Developer/Xcode/DerivedData/Lyo-eagkiegzrakogpczynhkaholsscs/SourcePackages/checkouts/GoogleUtilities/GoogleUtilities/Environment/Public -Xcc -I/Users/hectorgarcia/Library/Developer/Xcode/DerivedData/Lyo-eagkiegzrakogpczynhkaholsscs/SourcePackages/checkouts/GoogleUtilities/third_party/IsAppEncrypted/Public -Xcc -I/Users/hectorgarcia/Library/Developer/Xcode/DerivedData/Lyo-eagkiegzrakogpczynhkaholsscs/SourcePackages/checkouts/GoogleUtilities/GoogleUtilities/UserDefaults/Public -Xcc -I/Users/hectorgarcia/Library/Developer/Xcode/DerivedData/Lyo-eagkiegzrakogpczynhkaholsscs/SourcePackages/checkouts/nanopb/spm_headers -Xcc -I/Users/hectorgarcia/Library/Developer/Xcode/DerivedData/Lyo-eagkiegzrakogpczynhkaholsscs/SourcePackages/checkouts/promises/Sources/FBLPromises/include -Xcc -I/Users/hectorgarcia/Library/Developer/Xcode/DerivedData/Lyo-eagkiegzrakogpczynhkaholsscs/SourcePackages/checkouts/GoogleDataTransport/GoogleDataTransport/GDTCORLibrary/Public -Xcc -I/Users/hectorgarcia/Library/Developer/Xcode/DerivedData/Lyo-eagkiegzrakogpczynhkaholsscs/SourcePackages/checkouts/firebase-ios-sdk/FirebaseSessions/SourcesObjC -Xcc -I/Users/hectorgarcia/Library/Developer/Xcode/DerivedData/Lyo-eagkiegzrakogpczynhkaholsscs/SourcePackages/checkouts/firebase-ios-sdk/FirebaseCore/Extension -Xcc -I/Users/hectorgarcia/Library/Developer/Xcode/DerivedData/Lyo-eagkiegzrakogpczynhkaholsscs/SourcePackages/checkouts/firebase-ios-sdk/FirebaseInstallations/Source/Library/Public -Xcc -I/Users/hectorgarcia/Library/Developer/Xcode/DerivedData/Lyo-eagkiegzrakogpczynhkaholsscs/SourcePackages/checkouts/firebase-ios-sdk/FirebaseCore/Sources/Public -Xcc -I/Users/hectorgarcia/Library/Developer/Xcode/DerivedData/Lyo-eagkiegzrakogpczynhkaholsscs/SourcePackages/checkouts/firebase-ios-sdk/CoreOnly/Sources -Xcc -I/Users/hectorgarcia/Library/Developer/Xcode/DerivedData/Build/Products/Debug-iphonesimulator/include -Xcc -I/Users/hectorgarcia/Library/Developer/Xcode/DerivedData/Lyo-eagkiegzrakogpczynhkaholsscs/SourcePackages/checkouts/firebase-ios-sdk/FirebaseSessions -Xcc -I/Users/hectorgarcia/Library/Developer/Xcode/DerivedData/Build/Intermediates.noindex/Firebase.build/Debug-iphonesimulator/FirebaseSessions.build/DerivedSources-normal/x86_64 -Xcc -I/Users/hectorgarcia/Library/Developer/Xcode/DerivedData/Build/Intermediates.noindex/Firebase.build/Debug-iphonesimulator/FirebaseSessions.build/DerivedSources/x86_64 -Xcc -I/Users/hectorgarcia/Library/Developer/Xcode/DerivedData/Build/Intermediates.noindex/Firebase.build/Debug-iphonesimulator/FirebaseSessions.build/DerivedSources -Xcc -DSWIFT_PACKAGE -Xcc -DDEBUG\=1 -Xcc -DDISPLAY_VERSION\=10.29.0 -Xcc -DPB_FIELD_32BIT\=1 -Xcc -DPB_NO_PACKED_STRUCTS\=1 -Xcc -DPB_ENABLE_MALLOC\=1 -emit-objc-header -emit-objc-header-path /Users/hectorgarcia/Library/Developer/Xcode/DerivedData/Build/Intermediates.noindex/Firebase.build/Debug-iphonesimulator/FirebaseSessions.build/Objects-normal/x86_64/FirebaseSessions-Swift.h -working-directory /Users/hectorgarcia/LYO_Da_ONE/Lyo.xcodeproj -experimental-emit-module-separately -disable-cmo

ScanDependencies /Users/hectorgarcia/Library/Developer/Xcode/DerivedData/Build/Intermediates.noindex/Promises.build/Debug-iphonesimulator/FBLPromises.build/Objects-normal/x86_64/FBLPromise+Then.o /Users/hectorgarcia/Library/Developer/Xcode/DerivedData/Lyo-eagkiegzrakogpczynhkaholsscs/SourcePackages/checkouts/promises/Sources/FBLPromises/FBLPromise+Then.m normal x86_64 objective-c com.apple.compilers.llvm.clang.1_0.compiler (in target 'FBLPromises' from project 'Promises')
    cd /Users/hectorgarcia/LYO_Da_ONE/Lyo.xcodeproj
    
    Using response file: /Users/hectorgarcia/Library/Developer/Xcode/DerivedData/Build/Intermediates.noindex/Promises.build/Debug-iphonesimulator/FBLPromises.build/Objects-normal/x86_64/e6072d4f65d7061329687fe24e3d63a7-common-args.resp
    
    builtin-ScanDependencies -o /Users/hectorgarcia/Library/Developer/Xcode/DerivedData/Build/Intermediates.noindex/Promises.build/Debug-iphonesimulator/FBLPromises.build/Objects-normal/x86_64/FBLPromise+Then.o.scan -- /Users/hectorgarcia/Downloads/Xcode.app/Contents/Developer/Toolchains/XcodeDefault.xctoolchain/usr/bin/clang -x objective-c -ivfsstatcache /Users/hectorgarcia/Library/Developer/Xcode/DerivedData/SDKStatCaches.noindex/iphonesimulator26.2-23C53-823d3e8b6e60bc2018c189d3ca05ba9b.sdkstatcache -fmessage-length\=0 -fdiagnostics-show-note-include-stack -fmacro-backtrace-limit\=0 -fno-color-diagnostics -fmodules-prune-interval\=86400 -fmodules-prune-after\=345600 -fbuild-session-file\=/Users/hectorgarcia/Library/Developer/Xcode/DerivedData/ModuleCache.noindex/Session.modulevalidation -fmodules-validate-once-per-build-session -Wnon-modular-include-in-framework-module -Werror\=non-modular-include-in-framework-module -Wno-trigraphs -Wno-missing-field-initializers -Wno-missing-prototypes -Wno-return-type -Wno-implicit-atomic-properties -Wno-objc-interface-ivars -Wno-arc-repeated-use-of-weak -Wno-missing-braces -Wparentheses -Wswitch -Wno-unused-function -Wno-unused-label -Wno-unused-parameter -Wno-unused-variable -Wunused-value -Wno-empty-body -Wno-uninitialized -Wno-unknown-pragmas -w -Wno-shadow -Wno-four-char-constants -Wno-conversion -Wno-constant-conversion -Wno-int-conversion -Wno-bool-conversion -Wno-enum-conversion -Wno-float-conversion -Wno-non-literal-null-conversion -Wno-objc-literal-conversion -Wshorten-64-to-32 -Wpointer-sign -Wno-newline-eof -Wno-selector -Wno-strict-selector-match -Wno-undeclared-selector -Wno-deprecated-implementations -Wno-implicit-fallthrough -fstrict-aliasing -Wprotocol -Wdeprecated-declarations -Wno-sign-conversion -Wno-infinite-recursion -Wno-comma -Wno-block-capture-autoreleasing -Wno-strict-prototypes -Wno-semicolon-before-method-body -index-store-path /Users/hectorgarcia/Library/Developer/Xcode/DerivedData/Lyo-eagkiegzrakogpczynhkaholsscs/Index.noindex/DataStore @/Users/hectorgarcia/Library/Developer/Xcode/DerivedData/Build/Intermediates.noindex/Promises.build/Debug-iphonesimulator/FBLPromises.build/Objects-normal/x86_64/e6072d4f65d7061329687fe24e3d63a7-common-args.resp -include /Users/hectorgarcia/Library/Developer/Xcode/DerivedData/Build/Intermediates.noindex/Promises.build/Debug-iphonesimulator/FBLPromises.build/DerivedSources/resource_bundle_accessor.h -MMD -MT dependencies -MF /Users/hectorgarcia/Library/Developer/Xcode/DerivedData/Build/Intermediates.noindex/Promises.build/Debug-iphonesimulator/FBLPromises.build/Objects-normal/x86_64/FBLPromise+Then.d --serialize-diagnostics /Users/hectorgarcia/Library/Developer/Xcode/DerivedData/Build/Intermediates.noindex/Promises.build/Debug-iphonesimulator/FBLPromises.build/Objects-normal/x86_64/FBLPromise+Then.dia -c /Users/hectorgarcia/Library/Developer/Xcode/DerivedData/Lyo-eagkiegzrakogpczynhkaholsscs/SourcePackages/checkouts/promises/Sources/FBLPromises/FBLPromise+Then.m -o /Users/hectorgarcia/Library/Developer/Xcode/DerivedData/Build/Intermediates.noindex/Promises.build/Debug-iphonesimulator/FBLPromises.build/Objects-normal/x86_64/FBLPromise+Then.o -index-unit-output-path /Promises.build/Debug-iphonesimulator/FBLPromises.build/Objects-normal/x86_64/FBLPromise+Then.o

ScanDependencies /Users/hectorgarcia/Library/Developer/Xcode/DerivedData/Build/Intermediates.noindex/Promises.build/Debug-iphonesimulator/FBLPromises.build/Objects-normal/x86_64/FBLPromise+Testing.o /Users/hectorgarcia/Library/Developer/Xcode/DerivedData/Lyo-eagkiegzrakogpczynhkaholsscs/SourcePackages/checkouts/promises/Sources/FBLPromises/FBLPromise+Testing.m normal x86_64 objective-c com.apple.compilers.llvm.clang.1_0.compiler (in target 'FBLPromises' from project 'Promises')
    cd /Users/hectorgarcia/LYO_Da_ONE/Lyo.xcodeproj
    
    Using response file: /Users/hectorgarcia/Library/Developer/Xcode/DerivedData/Build/Intermediates.noindex/Promises.build/Debug-iphonesimulator/FBLPromises.build/Objects-normal/x86_64/e6072d4f65d7061329687fe24e3d63a7-common-args.resp
    
    builtin-ScanDependencies -o /Users/hectorgarcia/Library/Developer/Xcode/DerivedData/Build/Intermediates.noindex/Promises.build/Debug-iphonesimulator/FBLPromises.build/Objects-normal/x86_64/FBLPromise+Testing.o.scan -- /Users/hectorgarcia/Downloads/Xcode.app/Contents/Developer/Toolchains/XcodeDefault.xctoolchain/usr/bin/clang -x objective-c -ivfsstatcache /Users/hectorgarcia/Library/Developer/Xcode/DerivedData/SDKStatCaches.noindex/iphonesimulator26.2-23C53-823d3e8b6e60bc2018c189d3ca05ba9b.sdkstatcache -fmessage-length\=0 -fdiagnostics-show-note-include-stack -fmacro-backtrace-limit\=0 -fno-color-diagnostics -fmodules-prune-interval\=86400 -fmodules-prune-after\=345600 -fbuild-session-file\=/Users/hectorgarcia/Library/Developer/Xcode/DerivedData/ModuleCache.noindex/Session.modulevalidation -fmodules-validate-once-per-build-session -Wnon-modular-include-in-framework-module -Werror\=non-modular-include-in-framework-module -Wno-trigraphs -Wno-missing-field-initializers -Wno-missing-prototypes -Wno-return-type -Wno-implicit-atomic-properties -Wno-objc-interface-ivars -Wno-arc-repeated-use-of-weak -Wno-missing-braces -Wparentheses -Wswitch -Wno-unused-function -Wno-unused-label -Wno-unused-parameter -Wno-unused-variable -Wunused-value -Wno-empty-body -Wno-uninitialized -Wno-unknown-pragmas -w -Wno-shadow -Wno-four-char-constants -Wno-conversion -Wno-constant-conversion -Wno-int-conversion -Wno-bool-conversion -Wno-enum-conversion -Wno-float-conversion -Wno-non-literal-null-conversion -Wno-objc-literal-conversion -Wshorten-64-to-32 -Wpointer-sign -Wno-newline-eof -Wno-selector -Wno-strict-selector-match -Wno-undeclared-selector -Wno-deprecated-implementations -Wno-implicit-fallthrough -fstrict-aliasing -Wprotocol -Wdeprecated-declarations -Wno-sign-conversion -Wno-infinite-recursion -Wno-comma -Wno-block-capture-autoreleasing -Wno-strict-prototypes -Wno-semicolon-before-method-body -index-store-path /Users/hectorgarcia/Library/Developer/Xcode/DerivedData/Lyo-eagkiegzrakogpczynhkaholsscs/Index.noindex/DataStore @/Users/hectorgarcia/Library/Developer/Xcode/DerivedData/Build/Intermediates.noindex/Promises.build/Debug-iphonesimulator/FBLPromises.build/Objects-normal/x86_64/e6072d4f65d7061329687fe24e3d63a7-common-args.resp -include /Users/hectorgarcia/Library/Developer/Xcode/DerivedData/Build/Intermediates.noindex/Promises.build/Debug-iphonesimulator/FBLPromises.build/DerivedSources/resource_bundle_accessor.h -MMD -MT dependencies -MF /Users/hectorgarcia/Library/Developer/Xcode/DerivedData/Build/Intermediates.noindex/Promises.build/Debug-iphonesimulator/FBLPromises.build/Objects-normal/x86_64/FBLPromise+Testing.d --serialize-diagnostics /Users/hectorgarcia/Library/Developer/Xcode/DerivedData/Build/Intermediates.noindex/Promises.build/Debug-iphonesimulator/FBLPromises.build/Objects-normal/x86_64/FBLPromise+Testing.dia -c /Users/hectorgarcia/Library/Developer/Xcode/DerivedData/Lyo-eagkiegzrakogpczynhkaholsscs/SourcePackages/checkouts/promises/Sources/FBLPromises/FBLPromise+Testing.m -o /Users/hectorgarcia/Library/Developer/Xcode/DerivedData/Build/Intermediates.noindex/Promises.build/Debug-iphonesimulator/FBLPromises.build/Objects-normal/x86_64/FBLPromise+Testing.o -index-unit-output-path /Promises.build/Debug-iphonesimulator/FBLPromises.build/Objects-normal/x86_64/FBLPromise+Testing.o

CompileC /Users/hectorgarcia/Library/Developer/Xcode/DerivedData/Build/Intermediates.noindex/Promises.build/Debug-iphonesimulator/FBLPromises.build/Objects-normal/x86_64/FBLPromise+Timeout.o /Users/hectorgarcia/Library/Developer/Xcode/DerivedData/Lyo-eagkiegzrakogpczynhkaholsscs/SourcePackages/checkouts/promises/Sources/FBLPromises/FBLPromise+Timeout.m normal x86_64 objective-c com.apple.compilers.llvm.clang.1_0.compiler (in target 'FBLPromises' from project 'Promises')
    cd /Users/hectorgarcia/LYO_Da_ONE/Lyo.xcodeproj
    
    Using response file: /Users/hectorgarcia/Library/Developer/Xcode/DerivedData/Build/Intermediates.noindex/Promises.build/Debug-iphonesimulator/FBLPromises.build/Objects-normal/x86_64/e6072d4f65d7061329687fe24e3d63a7-common-args.resp
    
    /Users/hectorgarcia/Downloads/Xcode.app/Contents/Developer/Toolchains/XcodeDefault.xctoolchain/usr/bin/clang -x objective-c -ivfsstatcache /Users/hectorgarcia/Library/Developer/Xcode/DerivedData/SDKStatCaches.noindex/iphonesimulator26.2-23C53-823d3e8b6e60bc2018c189d3ca05ba9b.sdkstatcache -fmessage-length\=0 -fdiagnostics-show-note-include-stack -fmacro-backtrace-limit\=0 -fno-color-diagnostics -fmodules-prune-interval\=86400 -fmodules-prune-after\=345600 -fbuild-session-file\=/Users/hectorgarcia/Library/Developer/Xcode/DerivedData/ModuleCache.noindex/Session.modulevalidation -fmodules-validate-once-per-build-session -Wnon-modular-include-in-framework-module -Werror\=non-modular-include-in-framework-module -Wno-trigraphs -Wno-missing-field-initializers -Wno-missing-prototypes -Wno-return-type -Wno-implicit-atomic-properties -Wno-objc-interface-ivars -Wno-arc-repeated-use-of-weak -Wno-missing-braces -Wparentheses -Wswitch -Wno-unused-function -Wno-unused-label -Wno-unused-parameter -Wno-unused-variable -Wunused-value -Wno-empty-body -Wno-uninitialized -Wno-unknown-pragmas -w -Wno-shadow -Wno-four-char-constants -Wno-conversion -Wno-constant-conversion -Wno-int-conversion -Wno-bool-conversion -Wno-enum-conversion -Wno-float-conversion -Wno-non-literal-null-conversion -Wno-objc-literal-conversion -Wshorten-64-to-32 -Wpointer-sign -Wno-newline-eof -Wno-selector -Wno-strict-selector-match -Wno-undeclared-selector -Wno-deprecated-implementations -Wno-implicit-fallthrough -fstrict-aliasing -Wprotocol -Wdeprecated-declarations -Wno-sign-conversion -Wno-infinite-recursion -Wno-comma -Wno-block-capture-autoreleasing -Wno-strict-prototypes -Wno-semicolon-before-method-body -index-store-path /Users/hectorgarcia/Library/Developer/Xcode/DerivedData/Lyo-eagkiegzrakogpczynhkaholsscs/Index.noindex/DataStore @/Users/hectorgarcia/Library/Developer/Xcode/DerivedData/Build/Intermediates.noindex/Promises.build/Debug-iphonesimulator/FBLPromises.build/Objects-normal/x86_64/e6072d4f65d7061329687fe24e3d63a7-common-args.resp -include /Users/hectorgarcia/Library/Developer/Xcode/DerivedData/Build/Intermediates.noindex/Promises.build/Debug-iphonesimulator/FBLPromises.build/DerivedSources/resource_bundle_accessor.h -MMD -MT dependencies -MF /Users/hectorgarcia/Library/Developer/Xcode/DerivedData/Build/Intermediates.noindex/Promises.build/Debug-iphonesimulator/FBLPromises.build/Objects-normal/x86_64/FBLPromise+Timeout.d --serialize-diagnostics /Users/hectorgarcia/Library/Developer/Xcode/DerivedData/Build/Intermediates.noindex/Promises.build/Debug-iphonesimulator/FBLPromises.build/Objects-normal/x86_64/FBLPromise+Timeout.dia -c /Users/hectorgarcia/Library/Developer/Xcode/DerivedData/Lyo-eagkiegzrakogpczynhkaholsscs/SourcePackages/checkouts/promises/Sources/FBLPromises/FBLPromise+Timeout.m -o /Users/hectorgarcia/Library/Developer/Xcode/DerivedData/Build/Intermediates.noindex/Promises.build/Debug-iphonesimulator/FBLPromises.build/Objects-normal/x86_64/FBLPromise+Timeout.o -index-unit-output-path /Promises.build/Debug-iphonesimulator/FBLPromises.build/Objects-normal/x86_64/FBLPromise+Timeout.o

CompileC /Users/hectorgarcia/Library/Developer/Xcode/DerivedData/Build/Intermediates.noindex/Promises.build/Debug-iphonesimulator/FBLPromises.build/Objects-normal/x86_64/FBLPromise+Then.o /Users/hectorgarcia/Library/Developer/Xcode/DerivedData/Lyo-eagkiegzrakogpczynhkaholsscs/SourcePackages/checkouts/promises/Sources/FBLPromises/FBLPromise+Then.m normal x86_64 objective-c com.apple.compilers.llvm.clang.1_0.compiler (in target 'FBLPromises' from project 'Promises')
    cd /Users/hectorgarcia/LYO_Da_ONE/Lyo.xcodeproj
    
    Using response file: /Users/hectorgarcia/Library/Developer/Xcode/DerivedData/Build/Intermediates.noindex/Promises.build/Debug-iphonesimulator/FBLPromises.build/Objects-normal/x86_64/e6072d4f65d7061329687fe24e3d63a7-common-args.resp
    
    /Users/hectorgarcia/Downloads/Xcode.app/Contents/Developer/Toolchains/XcodeDefault.xctoolchain/usr/bin/clang -x objective-c -ivfsstatcache /Users/hectorgarcia/Library/Developer/Xcode/DerivedData/SDKStatCaches.noindex/iphonesimulator26.2-23C53-823d3e8b6e60bc2018c189d3ca05ba9b.sdkstatcache -fmessage-length\=0 -fdiagnostics-show-note-include-stack -fmacro-backtrace-limit\=0 -fno-color-diagnostics -fmodules-prune-interval\=86400 -fmodules-prune-after\=345600 -fbuild-session-file\=/Users/hectorgarcia/Library/Developer/Xcode/DerivedData/ModuleCache.noindex/Session.modulevalidation -fmodules-validate-once-per-build-session -Wnon-modular-include-in-framework-module -Werror\=non-modular-include-in-framework-module -Wno-trigraphs -Wno-missing-field-initializers -Wno-missing-prototypes -Wno-return-type -Wno-implicit-atomic-properties -Wno-objc-interface-ivars -Wno-arc-repeated-use-of-weak -Wno-missing-braces -Wparentheses -Wswitch -Wno-unused-function -Wno-unused-label -Wno-unused-parameter -Wno-unused-variable -Wunused-value -Wno-empty-body -Wno-uninitialized -Wno-unknown-pragmas -w -Wno-shadow -Wno-four-char-constants -Wno-conversion -Wno-constant-conversion -Wno-int-conversion -Wno-bool-conversion -Wno-enum-conversion -Wno-float-conversion -Wno-non-literal-null-conversion -Wno-objc-literal-conversion -Wshorten-64-to-32 -Wpointer-sign -Wno-newline-eof -Wno-selector -Wno-strict-selector-match -Wno-undeclared-selector -Wno-deprecated-implementations -Wno-implicit-fallthrough -fstrict-aliasing -Wprotocol -Wdeprecated-declarations -Wno-sign-conversion -Wno-infinite-recursion -Wno-comma -Wno-block-capture-autoreleasing -Wno-strict-prototypes -Wno-semicolon-before-method-body -index-store-path /Users/hectorgarcia/Library/Developer/Xcode/DerivedData/Lyo-eagkiegzrakogpczynhkaholsscs/Index.noindex/DataStore @/Users/hectorgarcia/Library/Developer/Xcode/DerivedData/Build/Intermediates.noindex/Promises.build/Debug-iphonesimulator/FBLPromises.build/Objects-normal/x86_64/e6072d4f65d7061329687fe24e3d63a7-common-args.resp -include /Users/hectorgarcia/Library/Developer/Xcode/DerivedData/Build/Intermediates.noindex/Promises.build/Debug-iphonesimulator/FBLPromises.build/DerivedSources/resource_bundle_accessor.h -MMD -MT dependencies -MF /Users/hectorgarcia/Library/Developer/Xcode/DerivedData/Build/Intermediates.noindex/Promises.build/Debug-iphonesimulator/FBLPromises.build/Objects-normal/x86_64/FBLPromise+Then.d --serialize-diagnostics /Users/hectorgarcia/Library/Developer/Xcode/DerivedData/Build/Intermediates.noindex/Promises.build/Debug-iphonesimulator/FBLPromises.build/Objects-normal/x86_64/FBLPromise+Then.dia -c /Users/hectorgarcia/Library/Developer/Xcode/DerivedData/Lyo-eagkiegzrakogpczynhkaholsscs/SourcePackages/checkouts/promises/Sources/FBLPromises/FBLPromise+Then.m -o /Users/hectorgarcia/Library/Developer/Xcode/DerivedData/Build/Intermediates.noindex/Promises.build/Debug-iphonesimulator/FBLPromises.build/Objects-normal/x86_64/FBLPromise+Then.o -index-unit-output-path /Promises.build/Debug-iphonesimulator/FBLPromises.build/Objects-normal/x86_64/FBLPromise+Then.o

CompileC /Users/hectorgarcia/Library/Developer/Xcode/DerivedData/Build/Intermediates.noindex/Promises.build/Debug-iphonesimulator/FBLPromises.build/Objects-normal/x86_64/FBLPromise+Testing.o /Users/hectorgarcia/Library/Developer/Xcode/DerivedData/Lyo-eagkiegzrakogpczynhkaholsscs/SourcePackages/checkouts/promises/Sources/FBLPromises/FBLPromise+Testing.m normal x86_64 objective-c com.apple.compilers.llvm.clang.1_0.compiler (in target 'FBLPromises' from project 'Promises')
    cd /Users/hectorgarcia/LYO_Da_ONE/Lyo.xcodeproj
    
    Using response file: /Users/hectorgarcia/Library/Developer/Xcode/DerivedData/Build/Intermediates.noindex/Promises.build/Debug-iphonesimulator/FBLPromises.build/Objects-normal/x86_64/e6072d4f65d7061329687fe24e3d63a7-common-args.resp
    
    /Users/hectorgarcia/Downloads/Xcode.app/Contents/Developer/Toolchains/XcodeDefault.xctoolchain/usr/bin/clang -x objective-c -ivfsstatcache /Users/hectorgarcia/Library/Developer/Xcode/DerivedData/SDKStatCaches.noindex/iphonesimulator26.2-23C53-823d3e8b6e60bc2018c189d3ca05ba9b.sdkstatcache -fmessage-length\=0 -fdiagnostics-show-note-include-stack -fmacro-backtrace-limit\=0 -fno-color-diagnostics -fmodules-prune-interval\=86400 -fmodules-prune-after\=345600 -fbuild-session-file\=/Users/hectorgarcia/Library/Developer/Xcode/DerivedData/ModuleCache.noindex/Session.modulevalidation -fmodules-validate-once-per-build-session -Wnon-modular-include-in-framework-module -Werror\=non-modular-include-in-framework-module -Wno-trigraphs -Wno-missing-field-initializers -Wno-missing-prototypes -Wno-return-type -Wno-implicit-atomic-properties -Wno-objc-interface-ivars -Wno-arc-repeated-use-of-weak -Wno-missing-braces -Wparentheses -Wswitch -Wno-unused-function -Wno-unused-label -Wno-unused-parameter -Wno-unused-variable -Wunused-value -Wno-empty-body -Wno-uninitialized -Wno-unknown-pragmas -w -Wno-shadow -Wno-four-char-constants -Wno-conversion -Wno-constant-conversion -Wno-int-conversion -Wno-bool-conversion -Wno-enum-conversion -Wno-float-conversion -Wno-non-literal-null-conversion -Wno-objc-literal-conversion -Wshorten-64-to-32 -Wpointer-sign -Wno-newline-eof -Wno-selector -Wno-strict-selector-match -Wno-undeclared-selector -Wno-deprecated-implementations -Wno-implicit-fallthrough -fstrict-aliasing -Wprotocol -Wdeprecated-declarations -Wno-sign-conversion -Wno-infinite-recursion -Wno-comma -Wno-block-capture-autoreleasing -Wno-strict-prototypes -Wno-semicolon-before-method-body -index-store-path /Users/hectorgarcia/Library/Developer/Xcode/DerivedData/Lyo-eagkiegzrakogpczynhkaholsscs/Index.noindex/DataStore @/Users/hectorgarcia/Library/Developer/Xcode/DerivedData/Build/Intermediates.noindex/Promises.build/Debug-iphonesimulator/FBLPromises.build/Objects-normal/x86_64/e6072d4f65d7061329687fe24e3d63a7-common-args.resp -include /Users/hectorgarcia/Library/Developer/Xcode/DerivedData/Build/Intermediates.noindex/Promises.build/Debug-iphonesimulator/FBLPromises.build/DerivedSources/resource_bundle_accessor.h -MMD -MT dependencies -MF /Users/hectorgarcia/Library/Developer/Xcode/DerivedData/Build/Intermediates.noindex/Promises.build/Debug-iphonesimulator/FBLPromises.build/Objects-normal/x86_64/FBLPromise+Testing.d --serialize-diagnostics /Users/hectorgarcia/Library/Developer/Xcode/DerivedData/Build/Intermediates.noindex/Promises.build/Debug-iphonesimulator/FBLPromises.build/Objects-normal/x86_64/FBLPromise+Testing.dia -c /Users/hectorgarcia/Library/Developer/Xcode/DerivedData/Lyo-eagkiegzrakogpczynhkaholsscs/SourcePackages/checkouts/promises/Sources/FBLPromises/FBLPromise+Testing.m -o /Users/hectorgarcia/Library/Developer/Xcode/DerivedData/Build/Intermediates.noindex/Promises.build/Debug-iphonesimulator/FBLPromises.build/Objects-normal/x86_64/FBLPromise+Testing.o -index-unit-output-path /Promises.build/Debug-iphonesimulator/FBLPromises.build/Objects-normal/x86_64/FBLPromise+Testing.o

ScanDependencies /Users/hectorgarcia/Library/Developer/Xcode/DerivedData/Build/Intermediates.noindex/Promises.build/Debug-iphonesimulator/FBLPromises.build/Objects-normal/x86_64/FBLPromise+Retry.o /Users/hectorgarcia/Library/Developer/Xcode/DerivedData/Lyo-eagkiegzrakogpczynhkaholsscs/SourcePackages/checkouts/promises/Sources/FBLPromises/FBLPromise+Retry.m normal x86_64 objective-c com.apple.compilers.llvm.clang.1_0.compiler (in target 'FBLPromises' from project 'Promises')
    cd /Users/hectorgarcia/LYO_Da_ONE/Lyo.xcodeproj
    
    Using response file: /Users/hectorgarcia/Library/Developer/Xcode/DerivedData/Build/Intermediates.noindex/Promises.build/Debug-iphonesimulator/FBLPromises.build/Objects-normal/x86_64/e6072d4f65d7061329687fe24e3d63a7-common-args.resp
    
    builtin-ScanDependencies -o /Users/hectorgarcia/Library/Developer/Xcode/DerivedData/Build/Intermediates.noindex/Promises.build/Debug-iphonesimulator/FBLPromises.build/Objects-normal/x86_64/FBLPromise+Retry.o.scan -- /Users/hectorgarcia/Downloads/Xcode.app/Contents/Developer/Toolchains/XcodeDefault.xctoolchain/usr/bin/clang -x objective-c -ivfsstatcache /Users/hectorgarcia/Library/Developer/Xcode/DerivedData/SDKStatCaches.noindex/iphonesimulator26.2-23C53-823d3e8b6e60bc2018c189d3ca05ba9b.sdkstatcache -fmessage-length\=0 -fdiagnostics-show-note-include-stack -fmacro-backtrace-limit\=0 -fno-color-diagnostics -fmodules-prune-interval\=86400 -fmodules-prune-after\=345600 -fbuild-session-file\=/Users/hectorgarcia/Library/Developer/Xcode/DerivedData/ModuleCache.noindex/Session.modulevalidation -fmodules-validate-once-per-build-session -Wnon-modular-include-in-framework-module -Werror\=non-modular-include-in-framework-module -Wno-trigraphs -Wno-missing-field-initializers -Wno-missing-prototypes -Wno-return-type -Wno-implicit-atomic-properties -Wno-objc-interface-ivars -Wno-arc-repeated-use-of-weak -Wno-missing-braces -Wparentheses -Wswitch -Wno-unused-function -Wno-unused-label -Wno-unused-parameter -Wno-unused-variable -Wunused-value -Wno-empty-body -Wno-uninitialized -Wno-unknown-pragmas -w -Wno-shadow -Wno-four-char-constants -Wno-conversion -Wno-constant-conversion -Wno-int-conversion -Wno-bool-conversion -Wno-enum-conversion -Wno-float-conversion -Wno-non-literal-null-conversion -Wno-objc-literal-conversion -Wshorten-64-to-32 -Wpointer-sign -Wno-newline-eof -Wno-selector -Wno-strict-selector-match -Wno-undeclared-selector -Wno-deprecated-implementations -Wno-implicit-fallthrough -fstrict-aliasing -Wprotocol -Wdeprecated-declarations -Wno-sign-conversion -Wno-infinite-recursion -Wno-comma -Wno-block-capture-autoreleasing -Wno-strict-prototypes -Wno-semicolon-before-method-body -index-store-path /Users/hectorgarcia/Library/Developer/Xcode/DerivedData/Lyo-eagkiegzrakogpczynhkaholsscs/Index.noindex/DataStore @/Users/hectorgarcia/Library/Developer/Xcode/DerivedData/Build/Intermediates.noindex/Promises.build/Debug-iphonesimulator/FBLPromises.build/Objects-normal/x86_64/e6072d4f65d7061329687fe24e3d63a7-common-args.resp -include /Users/hectorgarcia/Library/Developer/Xcode/DerivedData/Build/Intermediates.noindex/Promises.build/Debug-iphonesimulator/FBLPromises.build/DerivedSources/resource_bundle_accessor.h -MMD -MT dependencies -MF /Users/hectorgarcia/Library/Developer/Xcode/DerivedData/Build/Intermediates.noindex/Promises.build/Debug-iphonesimulator/FBLPromises.build/Objects-normal/x86_64/FBLPromise+Retry.d --serialize-diagnostics /Users/hectorgarcia/Library/Developer/Xcode/DerivedData/Build/Intermediates.noindex/Promises.build/Debug-iphonesimulator/FBLPromises.build/Objects-normal/x86_64/FBLPromise+Retry.dia -c /Users/hectorgarcia/Library/Developer/Xcode/DerivedData/Lyo-eagkiegzrakogpczynhkaholsscs/SourcePackages/checkouts/promises/Sources/FBLPromises/FBLPromise+Retry.m -o /Users/hectorgarcia/Library/Developer/Xcode/DerivedData/Build/Intermediates.noindex/Promises.build/Debug-iphonesimulator/FBLPromises.build/Objects-normal/x86_64/FBLPromise+Retry.o -index-unit-output-path /Promises.build/Debug-iphonesimulator/FBLPromises.build/Objects-normal/x86_64/FBLPromise+Retry.o

ScanDependencies /Users/hectorgarcia/Library/Developer/Xcode/DerivedData/Build/Intermediates.noindex/Promises.build/Debug-iphonesimulator/FBLPromises.build/Objects-normal/x86_64/FBLPromise+Reduce.o /Users/hectorgarcia/Library/Developer/Xcode/DerivedData/Lyo-eagkiegzrakogpczynhkaholsscs/SourcePackages/checkouts/promises/Sources/FBLPromises/FBLPromise+Reduce.m normal x86_64 objective-c com.apple.compilers.llvm.clang.1_0.compiler (in target 'FBLPromises' from project 'Promises')
    cd /Users/hectorgarcia/LYO_Da_ONE/Lyo.xcodeproj
    
    Using response file: /Users/hectorgarcia/Library/Developer/Xcode/DerivedData/Build/Intermediates.noindex/Promises.build/Debug-iphonesimulator/FBLPromises.build/Objects-normal/x86_64/e6072d4f65d7061329687fe24e3d63a7-common-args.resp
    
    builtin-ScanDependencies -o /Users/hectorgarcia/Library/Developer/Xcode/DerivedData/Build/Intermediates.noindex/Promises.build/Debug-iphonesimulator/FBLPromises.build/Objects-normal/x86_64/FBLPromise+Reduce.o.scan -- /Users/hectorgarcia/Downloads/Xcode.app/Contents/Developer/Toolchains/XcodeDefault.xctoolchain/usr/bin/clang -x objective-c -ivfsstatcache /Users/hectorgarcia/Library/Developer/Xcode/DerivedData/SDKStatCaches.noindex/iphonesimulator26.2-23C53-823d3e8b6e60bc2018c189d3ca05ba9b.sdkstatcache -fmessage-length\=0 -fdiagnostics-show-note-include-stack -fmacro-backtrace-limit\=0 -fno-color-diagnostics -fmodules-prune-interval\=86400 -fmodules-prune-after\=345600 -fbuild-session-file\=/Users/hectorgarcia/Library/Developer/Xcode/DerivedData/ModuleCache.noindex/Session.modulevalidation -fmodules-validate-once-per-build-session -Wnon-modular-include-in-framework-module -Werror\=non-modular-include-in-framework-module -Wno-trigraphs -Wno-missing-field-initializers -Wno-missing-prototypes -Wno-return-type -Wno-implicit-atomic-properties -Wno-objc-interface-ivars -Wno-arc-repeated-use-of-weak -Wno-missing-braces -Wparentheses -Wswitch -Wno-unused-function -Wno-unused-label -Wno-unused-parameter -Wno-unused-variable -Wunused-value -Wno-empty-body -Wno-uninitialized -Wno-unknown-pragmas -w -Wno-shadow -Wno-four-char-constants -Wno-conversion -Wno-constant-conversion -Wno-int-conversion -Wno-bool-conversion -Wno-enum-conversion -Wno-float-conversion -Wno-non-literal-null-conversion -Wno-objc-literal-conversion -Wshorten-64-to-32 -Wpointer-sign -Wno-newline-eof -Wno-selector -Wno-strict-selector-match -Wno-undeclared-selector -Wno-deprecated-implementations -Wno-implicit-fallthrough -fstrict-aliasing -Wprotocol -Wdeprecated-declarations -Wno-sign-conversion -Wno-infinite-recursion -Wno-comma -Wno-block-capture-autoreleasing -Wno-strict-prototypes -Wno-semicolon-before-method-body -index-store-path /Users/hectorgarcia/Library/Developer/Xcode/DerivedData/Lyo-eagkiegzrakogpczynhkaholsscs/Index.noindex/DataStore @/Users/hectorgarcia/Library/Developer/Xcode/DerivedData/Build/Intermediates.noindex/Promises.build/Debug-iphonesimulator/FBLPromises.build/Objects-normal/x86_64/e6072d4f65d7061329687fe24e3d63a7-common-args.resp -include /Users/hectorgarcia/Library/Developer/Xcode/DerivedData/Build/Intermediates.noindex/Promises.build/Debug-iphonesimulator/FBLPromises.build/DerivedSources/resource_bundle_accessor.h -MMD -MT dependencies -MF /Users/hectorgarcia/Library/Developer/Xcode/DerivedData/Build/Intermediates.noindex/Promises.build/Debug-iphonesimulator/FBLPromises.build/Objects-normal/x86_64/FBLPromise+Reduce.d --serialize-diagnostics /Users/hectorgarcia/Library/Developer/Xcode/DerivedData/Build/Intermediates.noindex/Promises.build/Debug-iphonesimulator/FBLPromises.build/Objects-normal/x86_64/FBLPromise+Reduce.dia -c /Users/hectorgarcia/Library/Developer/Xcode/DerivedData/Lyo-eagkiegzrakogpczynhkaholsscs/SourcePackages/checkouts/promises/Sources/FBLPromises/FBLPromise+Reduce.m -o /Users/hectorgarcia/Library/Developer/Xcode/DerivedData/Build/Intermediates.noindex/Promises.build/Debug-iphonesimulator/FBLPromises.build/Objects-normal/x86_64/FBLPromise+Reduce.o -index-unit-output-path /Promises.build/Debug-iphonesimulator/FBLPromises.build/Objects-normal/x86_64/FBLPromise+Reduce.o

ScanDependencies /Users/hectorgarcia/Library/Developer/Xcode/DerivedData/Build/Intermediates.noindex/Promises.build/Debug-iphonesimulator/FBLPromises.build/Objects-normal/x86_64/FBLPromise+Recover.o /Users/hectorgarcia/Library/Developer/Xcode/DerivedData/Lyo-eagkiegzrakogpczynhkaholsscs/SourcePackages/checkouts/promises/Sources/FBLPromises/FBLPromise+Recover.m normal x86_64 objective-c com.apple.compilers.llvm.clang.1_0.compiler (in target 'FBLPromises' from project 'Promises')
    cd /Users/hectorgarcia/LYO_Da_ONE/Lyo.xcodeproj
    
    Using response file: /Users/hectorgarcia/Library/Developer/Xcode/DerivedData/Build/Intermediates.noindex/Promises.build/Debug-iphonesimulator/FBLPromises.build/Objects-normal/x86_64/e6072d4f65d7061329687fe24e3d63a7-common-args.resp
    
    builtin-ScanDependencies -o /Users/hectorgarcia/Library/Developer/Xcode/DerivedData/Build/Intermediates.noindex/Promises.build/Debug-iphonesimulator/FBLPromises.build/Objects-normal/x86_64/FBLPromise+Recover.o.scan -- /Users/hectorgarcia/Downloads/Xcode.app/Contents/Developer/Toolchains/XcodeDefault.xctoolchain/usr/bin/clang -x objective-c -ivfsstatcache /Users/hectorgarcia/Library/Developer/Xcode/DerivedData/SDKStatCaches.noindex/iphonesimulator26.2-23C53-823d3e8b6e60bc2018c189d3ca05ba9b.sdkstatcache -fmessage-length\=0 -fdiagnostics-show-note-include-stack -fmacro-backtrace-limit\=0 -fno-color-diagnostics -fmodules-prune-interval\=86400 -fmodules-prune-after\=345600 -fbuild-session-file\=/Users/hectorgarcia/Library/Developer/Xcode/DerivedData/ModuleCache.noindex/Session.modulevalidation -fmodules-validate-once-per-build-session -Wnon-modular-include-in-framework-module -Werror\=non-modular-include-in-framework-module -Wno-trigraphs -Wno-missing-field-initializers -Wno-missing-prototypes -Wno-return-type -Wno-implicit-atomic-properties -Wno-objc-interface-ivars -Wno-arc-repeated-use-of-weak -Wno-missing-braces -Wparentheses -Wswitch -Wno-unused-function -Wno-unused-label -Wno-unused-parameter -Wno-unused-variable -Wunused-value -Wno-empty-body -Wno-uninitialized -Wno-unknown-pragmas -w -Wno-shadow -Wno-four-char-constants -Wno-conversion -Wno-constant-conversion -Wno-int-conversion -Wno-bool-conversion -Wno-enum-conversion -Wno-float-conversion -Wno-non-literal-null-conversion -Wno-objc-literal-conversion -Wshorten-64-to-32 -Wpointer-sign -Wno-newline-eof -Wno-selector -Wno-strict-selector-match -Wno-undeclared-selector -Wno-deprecated-implementations -Wno-implicit-fallthrough -fstrict-aliasing -Wprotocol -Wdeprecated-declarations -Wno-sign-conversion -Wno-infinite-recursion -Wno-comma -Wno-block-capture-autoreleasing -Wno-strict-prototypes -Wno-semicolon-before-method-body -index-store-path /Users/hectorgarcia/Library/Developer/Xcode/DerivedData/Lyo-eagkiegzrakogpczynhkaholsscs/Index.noindex/DataStore @/Users/hectorgarcia/Library/Developer/Xcode/DerivedData/Build/Intermediates.noindex/Promises.build/Debug-iphonesimulator/FBLPromises.build/Objects-normal/x86_64/e6072d4f65d7061329687fe24e3d63a7-common-args.resp -include /Users/hectorgarcia/Library/Developer/Xcode/DerivedData/Build/Intermediates.noindex/Promises.build/Debug-iphonesimulator/FBLPromises.build/DerivedSources/resource_bundle_accessor.h -MMD -MT dependencies -MF /Users/hectorgarcia/Library/Developer/Xcode/DerivedData/Build/Intermediates.noindex/Promises.build/Debug-iphonesimulator/FBLPromises.build/Objects-normal/x86_64/FBLPromise+Recover.d --serialize-diagnostics /Users/hectorgarcia/Library/Developer/Xcode/DerivedData/Build/Intermediates.noindex/Promises.build/Debug-iphonesimulator/FBLPromises.build/Objects-normal/x86_64/FBLPromise+Recover.dia -c /Users/hectorgarcia/Library/Developer/Xcode/DerivedData/Lyo-eagkiegzrakogpczynhkaholsscs/SourcePackages/checkouts/promises/Sources/FBLPromises/FBLPromise+Recover.m -o /Users/hectorgarcia/Library/Developer/Xcode/DerivedData/Build/Intermediates.noindex/Promises.build/Debug-iphonesimulator/FBLPromises.build/Objects-normal/x86_64/FBLPromise+Recover.o -index-unit-output-path /Promises.build/Debug-iphonesimulator/FBLPromises.build/Objects-normal/x86_64/FBLPromise+Recover.o

ScanDependencies /Users/hectorgarcia/Library/Developer/Xcode/DerivedData/Build/Intermediates.noindex/Promises.build/Debug-iphonesimulator/FBLPromises.build/Objects-normal/x86_64/FBLPromise+Race.o /Users/hectorgarcia/Library/Developer/Xcode/DerivedData/Lyo-eagkiegzrakogpczynhkaholsscs/SourcePackages/checkouts/promises/Sources/FBLPromises/FBLPromise+Race.m normal x86_64 objective-c com.apple.compilers.llvm.clang.1_0.compiler (in target 'FBLPromises' from project 'Promises')
    cd /Users/hectorgarcia/LYO_Da_ONE/Lyo.xcodeproj
    
    Using response file: /Users/hectorgarcia/Library/Developer/Xcode/DerivedData/Build/Intermediates.noindex/Promises.build/Debug-iphonesimulator/FBLPromises.build/Objects-normal/x86_64/e6072d4f65d7061329687fe24e3d63a7-common-args.resp
    
    builtin-ScanDependencies -o /Users/hectorgarcia/Library/Developer/Xcode/DerivedData/Build/Intermediates.noindex/Promises.build/Debug-iphonesimulator/FBLPromises.build/Objects-normal/x86_64/FBLPromise+Race.o.scan -- /Users/hectorgarcia/Downloads/Xcode.app/Contents/Developer/Toolchains/XcodeDefault.xctoolchain/usr/bin/clang -x objective-c -ivfsstatcache /Users/hectorgarcia/Library/Developer/Xcode/DerivedData/SDKStatCaches.noindex/iphonesimulator26.2-23C53-823d3e8b6e60bc2018c189d3ca05ba9b.sdkstatcache -fmessage-length\=0 -fdiagnostics-show-note-include-stack -fmacro-backtrace-limit\=0 -fno-color-diagnostics -fmodules-prune-interval\=86400 -fmodules-prune-after\=345600 -fbuild-session-file\=/Users/hectorgarcia/Library/Developer/Xcode/DerivedData/ModuleCache.noindex/Session.modulevalidation -fmodules-validate-once-per-build-session -Wnon-modular-include-in-framework-module -Werror\=non-modular-include-in-framework-module -Wno-trigraphs -Wno-missing-field-initializers -Wno-missing-prototypes -Wno-return-type -Wno-implicit-atomic-properties -Wno-objc-interface-ivars -Wno-arc-repeated-use-of-weak -Wno-missing-braces -Wparentheses -Wswitch -Wno-unused-function -Wno-unused-label -Wno-unused-parameter -Wno-unused-variable -Wunused-value -Wno-empty-body -Wno-uninitialized -Wno-unknown-pragmas -w -Wno-shadow -Wno-four-char-constants -Wno-conversion -Wno-constant-conversion -Wno-int-conversion -Wno-bool-conversion -Wno-enum-conversion -Wno-float-conversion -Wno-non-literal-null-conversion -Wno-objc-literal-conversion -Wshorten-64-to-32 -Wpointer-sign -Wno-newline-eof -Wno-selector -Wno-strict-selector-match -Wno-undeclared-selector -Wno-deprecated-implementations -Wno-implicit-fallthrough -fstrict-aliasing -Wprotocol -Wdeprecated-declarations -Wno-sign-conversion -Wno-infinite-recursion -Wno-comma -Wno-block-capture-autoreleasing -Wno-strict-prototypes -Wno-semicolon-before-method-body -index-store-path /Users/hectorgarcia/Library/Developer/Xcode/DerivedData/Lyo-eagkiegzrakogpczynhkaholsscs/Index.noindex/DataStore @/Users/hectorgarcia/Library/Developer/Xcode/DerivedData/Build/Intermediates.noindex/Promises.build/Debug-iphonesimulator/FBLPromises.build/Objects-normal/x86_64/e6072d4f65d7061329687fe24e3d63a7-common-args.resp -include /Users/hectorgarcia/Library/Developer/Xcode/DerivedData/Build/Intermediates.noindex/Promises.build/Debug-iphonesimulator/FBLPromises.build/DerivedSources/resource_bundle_accessor.h -MMD -MT dependencies -MF /Users/hectorgarcia/Library/Developer/Xcode/DerivedData/Build/Intermediates.noindex/Promises.build/Debug-iphonesimulator/FBLPromises.build/Objects-normal/x86_64/FBLPromise+Race.d --serialize-diagnostics /Users/hectorgarcia/Library/Developer/Xcode/DerivedData/Build/Intermediates.noindex/Promises.build/Debug-iphonesimulator/FBLPromises.build/Objects-normal/x86_64/FBLPromise+Race.dia -c /Users/hectorgarcia/Library/Developer/Xcode/DerivedData/Lyo-eagkiegzrakogpczynhkaholsscs/SourcePackages/checkouts/promises/Sources/FBLPromises/FBLPromise+Race.m -o /Users/hectorgarcia/Library/Developer/Xcode/DerivedData/Build/Intermediates.noindex/Promises.build/Debug-iphonesimulator/FBLPromises.build/Objects-normal/x86_64/FBLPromise+Race.o -index-unit-output-path /Promises.build/Debug-iphonesimulator/FBLPromises.build/Objects-normal/x86_64/FBLPromise+Race.o

ScanDependencies /Users/hectorgarcia/Library/Developer/Xcode/DerivedData/Build/Intermediates.noindex/Promises.build/Debug-iphonesimulator/FBLPromises.build/Objects-normal/x86_64/FBLPromise+Do.o /Users/hectorgarcia/Library/Developer/Xcode/DerivedData/Lyo-eagkiegzrakogpczynhkaholsscs/SourcePackages/checkouts/promises/Sources/FBLPromises/FBLPromise+Do.m normal x86_64 objective-c com.apple.compilers.llvm.clang.1_0.compiler (in target 'FBLPromises' from project 'Promises')
    cd /Users/hectorgarcia/LYO_Da_ONE/Lyo.xcodeproj
    
    Using response file: /Users/hectorgarcia/Library/Developer/Xcode/DerivedData/Build/Intermediates.noindex/Promises.build/Debug-iphonesimulator/FBLPromises.build/Objects-normal/x86_64/e6072d4f65d7061329687fe24e3d63a7-common-args.resp
    
    builtin-ScanDependencies -o /Users/hectorgarcia/Library/Developer/Xcode/DerivedData/Build/Intermediates.noindex/Promises.build/Debug-iphonesimulator/FBLPromises.build/Objects-normal/x86_64/FBLPromise+Do.o.scan -- /Users/hectorgarcia/Downloads/Xcode.app/Contents/Developer/Toolchains/XcodeDefault.xctoolchain/usr/bin/clang -x objective-c -ivfsstatcache /Users/hectorgarcia/Library/Developer/Xcode/DerivedData/SDKStatCaches.noindex/iphonesimulator26.2-23C53-823d3e8b6e60bc2018c189d3ca05ba9b.sdkstatcache -fmessage-length\=0 -fdiagnostics-show-note-include-stack -fmacro-backtrace-limit\=0 -fno-color-diagnostics -fmodules-prune-interval\=86400 -fmodules-prune-after\=345600 -fbuild-session-file\=/Users/hectorgarcia/Library/Developer/Xcode/DerivedData/ModuleCache.noindex/Session.modulevalidation -fmodules-validate-once-per-build-session -Wnon-modular-include-in-framework-module -Werror\=non-modular-include-in-framework-module -Wno-trigraphs -Wno-missing-field-initializers -Wno-missing-prototypes -Wno-return-type -Wno-implicit-atomic-properties -Wno-objc-interface-ivars -Wno-arc-repeated-use-of-weak -Wno-missing-braces -Wparentheses -Wswitch -Wno-unused-function -Wno-unused-label -Wno-unused-parameter -Wno-unused-variable -Wunused-value -Wno-empty-body -Wno-uninitialized -Wno-unknown-pragmas -w -Wno-shadow -Wno-four-char-constants -Wno-conversion -Wno-constant-conversion -Wno-int-conversion -Wno-bool-conversion -Wno-enum-conversion -Wno-float-conversion -Wno-non-literal-null-conversion -Wno-objc-literal-conversion -Wshorten-64-to-32 -Wpointer-sign -Wno-newline-eof -Wno-selector -Wno-strict-selector-match -Wno-undeclared-selector -Wno-deprecated-implementations -Wno-implicit-fallthrough -fstrict-aliasing -Wprotocol -Wdeprecated-declarations -Wno-sign-conversion -Wno-infinite-recursion -Wno-comma -Wno-block-capture-autoreleasing -Wno-strict-prototypes -Wno-semicolon-before-method-body -index-store-path /Users/hectorgarcia/Library/Developer/Xcode/DerivedData/Lyo-eagkiegzrakogpczynhkaholsscs/Index.noindex/DataStore @/Users/hectorgarcia/Library/Developer/Xcode/DerivedData/Build/Intermediates.noindex/Promises.build/Debug-iphonesimulator/FBLPromises.build/Objects-normal/x86_64/e6072d4f65d7061329687fe24e3d63a7-common-args.resp -include /Users/hectorgarcia/Library/Developer/Xcode/DerivedData/Build/Intermediates.noindex/Promises.build/Debug-iphonesimulator/FBLPromises.build/DerivedSources/resource_bundle_accessor.h -MMD -MT dependencies -MF /Users/hectorgarcia/Library/Developer/Xcode/DerivedData/Build/Intermediates.noindex/Promises.build/Debug-iphonesimulator/FBLPromises.build/Objects-normal/x86_64/FBLPromise+Do.d --serialize-diagnostics /Users/hectorgarcia/Library/Developer/Xcode/DerivedData/Build/Intermediates.noindex/Promises.build/Debug-iphonesimulator/FBLPromises.build/Objects-normal/x86_64/FBLPromise+Do.dia -c /Users/hectorgarcia/Library/Developer/Xcode/DerivedData/Lyo-eagkiegzrakogpczynhkaholsscs/SourcePackages/checkouts/promises/Sources/FBLPromises/FBLPromise+Do.m -o /Users/hectorgarcia/Library/Developer/Xcode/DerivedData/Build/Intermediates.noindex/Promises.build/Debug-iphonesimulator/FBLPromises.build/Objects-normal/x86_64/FBLPromise+Do.o -index-unit-output-path /Promises.build/Debug-iphonesimulator/FBLPromises.build/Objects-normal/x86_64/FBLPromise+Do.o

CompileC /Users/hectorgarcia/Library/Developer/Xcode/DerivedData/Build/Intermediates.noindex/Promises.build/Debug-iphonesimulator/FBLPromises.build/Objects-normal/x86_64/FBLPromise+Reduce.o /Users/hectorgarcia/Library/Developer/Xcode/DerivedData/Lyo-eagkiegzrakogpczynhkaholsscs/SourcePackages/checkouts/promises/Sources/FBLPromises/FBLPromise+Reduce.m normal x86_64 objective-c com.apple.compilers.llvm.clang.1_0.compiler (in target 'FBLPromises' from project 'Promises')
    cd /Users/hectorgarcia/LYO_Da_ONE/Lyo.xcodeproj
    
    Using response file: /Users/hectorgarcia/Library/Developer/Xcode/DerivedData/Build/Intermediates.noindex/Promises.build/Debug-iphonesimulator/FBLPromises.build/Objects-normal/x86_64/e6072d4f65d7061329687fe24e3d63a7-common-args.resp
    
    /Users/hectorgarcia/Downloads/Xcode.app/Contents/Developer/Toolchains/XcodeDefault.xctoolchain/usr/bin/clang -x objective-c -ivfsstatcache /Users/hectorgarcia/Library/Developer/Xcode/DerivedData/SDKStatCaches.noindex/iphonesimulator26.2-23C53-823d3e8b6e60bc2018c189d3ca05ba9b.sdkstatcache -fmessage-length\=0 -fdiagnostics-show-note-include-stack -fmacro-backtrace-limit\=0 -fno-color-diagnostics -fmodules-prune-interval\=86400 -fmodules-prune-after\=345600 -fbuild-session-file\=/Users/hectorgarcia/Library/Developer/Xcode/DerivedData/ModuleCache.noindex/Session.modulevalidation -fmodules-validate-once-per-build-session -Wnon-modular-include-in-framework-module -Werror\=non-modular-include-in-framework-module -Wno-trigraphs -Wno-missing-field-initializers -Wno-missing-prototypes -Wno-return-type -Wno-implicit-atomic-properties -Wno-objc-interface-ivars -Wno-arc-repeated-use-of-weak -Wno-missing-braces -Wparentheses -Wswitch -Wno-unused-function -Wno-unused-label -Wno-unused-parameter -Wno-unused-variable -Wunused-value -Wno-empty-body -Wno-uninitialized -Wno-unknown-pragmas -w -Wno-shadow -Wno-four-char-constants -Wno-conversion -Wno-constant-conversion -Wno-int-conversion -Wno-bool-conversion -Wno-enum-conversion -Wno-float-conversion -Wno-non-literal-null-conversion -Wno-objc-literal-conversion -Wshorten-64-to-32 -Wpointer-sign -Wno-newline-eof -Wno-selector -Wno-strict-selector-match -Wno-undeclared-selector -Wno-deprecated-implementations -Wno-implicit-fallthrough -fstrict-aliasing -Wprotocol -Wdeprecated-declarations -Wno-sign-conversion -Wno-infinite-recursion -Wno-comma -Wno-block-capture-autoreleasing -Wno-strict-prototypes -Wno-semicolon-before-method-body -index-store-path /Users/hectorgarcia/Library/Developer/Xcode/DerivedData/Lyo-eagkiegzrakogpczynhkaholsscs/Index.noindex/DataStore @/Users/hectorgarcia/Library/Developer/Xcode/DerivedData/Build/Intermediates.noindex/Promises.build/Debug-iphonesimulator/FBLPromises.build/Objects-normal/x86_64/e6072d4f65d7061329687fe24e3d63a7-common-args.resp -include /Users/hectorgarcia/Library/Developer/Xcode/DerivedData/Build/Intermediates.noindex/Promises.build/Debug-iphonesimulator/FBLPromises.build/DerivedSources/resource_bundle_accessor.h -MMD -MT dependencies -MF /Users/hectorgarcia/Library/Developer/Xcode/DerivedData/Build/Intermediates.noindex/Promises.build/Debug-iphonesimulator/FBLPromises.build/Objects-normal/x86_64/FBLPromise+Reduce.d --serialize-diagnostics /Users/hectorgarcia/Library/Developer/Xcode/DerivedData/Build/Intermediates.noindex/Promises.build/Debug-iphonesimulator/FBLPromises.build/Objects-normal/x86_64/FBLPromise+Reduce.dia -c /Users/hectorgarcia/Library/Developer/Xcode/DerivedData/Lyo-eagkiegzrakogpczynhkaholsscs/SourcePackages/checkouts/promises/Sources/FBLPromises/FBLPromise+Reduce.m -o /Users/hectorgarcia/Library/Developer/Xcode/DerivedData/Build/Intermediates.noindex/Promises.build/Debug-iphonesimulator/FBLPromises.build/Objects-normal/x86_64/FBLPromise+Reduce.o -index-unit-output-path /Promises.build/Debug-iphonesimulator/FBLPromises.build/Objects-normal/x86_64/FBLPromise+Reduce.o

CompileC /Users/hectorgarcia/Library/Developer/Xcode/DerivedData/Build/Intermediates.noindex/Promises.build/Debug-iphonesimulator/FBLPromises.build/Objects-normal/x86_64/FBLPromise+Recover.o /Users/hectorgarcia/Library/Developer/Xcode/DerivedData/Lyo-eagkiegzrakogpczynhkaholsscs/SourcePackages/checkouts/promises/Sources/FBLPromises/FBLPromise+Recover.m normal x86_64 objective-c com.apple.compilers.llvm.clang.1_0.compiler (in target 'FBLPromises' from project 'Promises')
    cd /Users/hectorgarcia/LYO_Da_ONE/Lyo.xcodeproj
    
    Using response file: /Users/hectorgarcia/Library/Developer/Xcode/DerivedData/Build/Intermediates.noindex/Promises.build/Debug-iphonesimulator/FBLPromises.build/Objects-normal/x86_64/e6072d4f65d7061329687fe24e3d63a7-common-args.resp
    
    /Users/hectorgarcia/Downloads/Xcode.app/Contents/Developer/Toolchains/XcodeDefault.xctoolchain/usr/bin/clang -x objective-c -ivfsstatcache /Users/hectorgarcia/Library/Developer/Xcode/DerivedData/SDKStatCaches.noindex/iphonesimulator26.2-23C53-823d3e8b6e60bc2018c189d3ca05ba9b.sdkstatcache -fmessage-length\=0 -fdiagnostics-show-note-include-stack -fmacro-backtrace-limit\=0 -fno-color-diagnostics -fmodules-prune-interval\=86400 -fmodules-prune-after\=345600 -fbuild-session-file\=/Users/hectorgarcia/Library/Developer/Xcode/DerivedData/ModuleCache.noindex/Session.modulevalidation -fmodules-validate-once-per-build-session -Wnon-modular-include-in-framework-module -Werror\=non-modular-include-in-framework-module -Wno-trigraphs -Wno-missing-field-initializers -Wno-missing-prototypes -Wno-return-type -Wno-implicit-atomic-properties -Wno-objc-interface-ivars -Wno-arc-repeated-use-of-weak -Wno-missing-braces -Wparentheses -Wswitch -Wno-unused-function -Wno-unused-label -Wno-unused-parameter -Wno-unused-variable -Wunused-value -Wno-empty-body -Wno-uninitialized -Wno-unknown-pragmas -w -Wno-shadow -Wno-four-char-constants -Wno-conversion -Wno-constant-conversion -Wno-int-conversion -Wno-bool-conversion -Wno-enum-conversion -Wno-float-conversion -Wno-non-literal-null-conversion -Wno-objc-literal-conversion -Wshorten-64-to-32 -Wpointer-sign -Wno-newline-eof -Wno-selector -Wno-strict-selector-match -Wno-undeclared-selector -Wno-deprecated-implementations -Wno-implicit-fallthrough -fstrict-aliasing -Wprotocol -Wdeprecated-declarations -Wno-sign-conversion -Wno-infinite-recursion -Wno-comma -Wno-block-capture-autoreleasing -Wno-strict-prototypes -Wno-semicolon-before-method-body -index-store-path /Users/hectorgarcia/Library/Developer/Xcode/DerivedData/Lyo-eagkiegzrakogpczynhkaholsscs/Index.noindex/DataStore @/Users/hectorgarcia/Library/Developer/Xcode/DerivedData/Build/Intermediates.noindex/Promises.build/Debug-iphonesimulator/FBLPromises.build/Objects-normal/x86_64/e6072d4f65d7061329687fe24e3d63a7-common-args.resp -include /Users/hectorgarcia/Library/Developer/Xcode/DerivedData/Build/Intermediates.noindex/Promises.build/Debug-iphonesimulator/FBLPromises.build/DerivedSources/resource_bundle_accessor.h -MMD -MT dependencies -MF /Users/hectorgarcia/Library/Developer/Xcode/DerivedData/Build/Intermediates.noindex/Promises.build/Debug-iphonesimulator/FBLPromises.build/Objects-normal/x86_64/FBLPromise+Recover.d --serialize-diagnostics /Users/hectorgarcia/Library/Developer/Xcode/DerivedData/Build/Intermediates.noindex/Promises.build/Debug-iphonesimulator/FBLPromises.build/Objects-normal/x86_64/FBLPromise+Recover.dia -c /Users/hectorgarcia/Library/Developer/Xcode/DerivedData/Lyo-eagkiegzrakogpczynhkaholsscs/SourcePackages/checkouts/promises/Sources/FBLPromises/FBLPromise+Recover.m -o /Users/hectorgarcia/Library/Developer/Xcode/DerivedData/Build/Intermediates.noindex/Promises.build/Debug-iphonesimulator/FBLPromises.build/Objects-normal/x86_64/FBLPromise+Recover.o -index-unit-output-path /Promises.build/Debug-iphonesimulator/FBLPromises.build/Objects-normal/x86_64/FBLPromise+Recover.o

CompileC /Users/hectorgarcia/Library/Developer/Xcode/DerivedData/Build/Intermediates.noindex/Promises.build/Debug-iphonesimulator/FBLPromises.build/Objects-normal/x86_64/FBLPromise+Retry.o /Users/hectorgarcia/Library/Developer/Xcode/DerivedData/Lyo-eagkiegzrakogpczynhkaholsscs/SourcePackages/checkouts/promises/Sources/FBLPromises/FBLPromise+Retry.m normal x86_64 objective-c com.apple.compilers.llvm.clang.1_0.compiler (in target 'FBLPromises' from project 'Promises')
    cd /Users/hectorgarcia/LYO_Da_ONE/Lyo.xcodeproj
    
    Using response file: /Users/hectorgarcia/Library/Developer/Xcode/DerivedData/Build/Intermediates.noindex/Promises.build/Debug-iphonesimulator/FBLPromises.build/Objects-normal/x86_64/e6072d4f65d7061329687fe24e3d63a7-common-args.resp
    
    /Users/hectorgarcia/Downloads/Xcode.app/Contents/Developer/Toolchains/XcodeDefault.xctoolchain/usr/bin/clang -x objective-c -ivfsstatcache /Users/hectorgarcia/Library/Developer/Xcode/DerivedData/SDKStatCaches.noindex/iphonesimulator26.2-23C53-823d3e8b6e60bc2018c189d3ca05ba9b.sdkstatcache -fmessage-length\=0 -fdiagnostics-show-note-include-stack -fmacro-backtrace-limit\=0 -fno-color-diagnostics -fmodules-prune-interval\=86400 -fmodules-prune-after\=345600 -fbuild-session-file\=/Users/hectorgarcia/Library/Developer/Xcode/DerivedData/ModuleCache.noindex/Session.modulevalidation -fmodules-validate-once-per-build-session -Wnon-modular-include-in-framework-module -Werror\=non-modular-include-in-framework-module -Wno-trigraphs -Wno-missing-field-initializers -Wno-missing-prototypes -Wno-return-type -Wno-implicit-atomic-properties -Wno-objc-interface-ivars -Wno-arc-repeated-use-of-weak -Wno-missing-braces -Wparentheses -Wswitch -Wno-unused-function -Wno-unused-label -Wno-unused-parameter -Wno-unused-variable -Wunused-value -Wno-empty-body -Wno-uninitialized -Wno-unknown-pragmas -w -Wno-shadow -Wno-four-char-constants -Wno-conversion -Wno-constant-conversion -Wno-int-conversion -Wno-bool-conversion -Wno-enum-conversion -Wno-float-conversion -Wno-non-literal-null-conversion -Wno-objc-literal-conversion -Wshorten-64-to-32 -Wpointer-sign -Wno-newline-eof -Wno-selector -Wno-strict-selector-match -Wno-undeclared-selector -Wno-deprecated-implementations -Wno-implicit-fallthrough -fstrict-aliasing -Wprotocol -Wdeprecated-declarations -Wno-sign-conversion -Wno-infinite-recursion -Wno-comma -Wno-block-capture-autoreleasing -Wno-strict-prototypes -Wno-semicolon-before-method-body -index-store-path /Users/hectorgarcia/Library/Developer/Xcode/DerivedData/Lyo-eagkiegzrakogpczynhkaholsscs/Index.noindex/DataStore @/Users/hectorgarcia/Library/Developer/Xcode/DerivedData/Build/Intermediates.noindex/Promises.build/Debug-iphonesimulator/FBLPromises.build/Objects-normal/x86_64/e6072d4f65d7061329687fe24e3d63a7-common-args.resp -include /Users/hectorgarcia/Library/Developer/Xcode/DerivedData/Build/Intermediates.noindex/Promises.build/Debug-iphonesimulator/FBLPromises.build/DerivedSources/resource_bundle_accessor.h -MMD -MT dependencies -MF /Users/hectorgarcia/Library/Developer/Xcode/DerivedData/Build/Intermediates.noindex/Promises.build/Debug-iphonesimulator/FBLPromises.build/Objects-normal/x86_64/FBLPromise+Retry.d --serialize-diagnostics /Users/hectorgarcia/Library/Developer/Xcode/DerivedData/Build/Intermediates.noindex/Promises.build/Debug-iphonesimulator/FBLPromises.build/Objects-normal/x86_64/FBLPromise+Retry.dia -c /Users/hectorgarcia/Library/Developer/Xcode/DerivedData/Lyo-eagkiegzrakogpczynhkaholsscs/SourcePackages/checkouts/promises/Sources/FBLPromises/FBLPromise+Retry.m -o /Users/hectorgarcia/Library/Developer/Xcode/DerivedData/Build/Intermediates.noindex/Promises.build/Debug-iphonesimulator/FBLPromises.build/Objects-normal/x86_64/FBLPromise+Retry.o -index-unit-output-path /Promises.build/Debug-iphonesimulator/FBLPromises.build/Objects-normal/x86_64/FBLPromise+Retry.o

CompileC /Users/hectorgarcia/Library/Developer/Xcode/DerivedData/Build/Intermediates.noindex/Promises.build/Debug-iphonesimulator/FBLPromises.build/Objects-normal/x86_64/FBLPromise+Race.o /Users/hectorgarcia/Library/Developer/Xcode/DerivedData/Lyo-eagkiegzrakogpczynhkaholsscs/SourcePackages/checkouts/promises/Sources/FBLPromises/FBLPromise+Race.m normal x86_64 objective-c com.apple.compilers.llvm.clang.1_0.compiler (in target 'FBLPromises' from project 'Promises')
    cd /Users/hectorgarcia/LYO_Da_ONE/Lyo.xcodeproj
    
    Using response file: /Users/hectorgarcia/Library/Developer/Xcode/DerivedData/Build/Intermediates.noindex/Promises.build/Debug-iphonesimulator/FBLPromises.build/Objects-normal/x86_64/e6072d4f65d7061329687fe24e3d63a7-common-args.resp
    
    /Users/hectorgarcia/Downloads/Xcode.app/Contents/Developer/Toolchains/XcodeDefault.xctoolchain/usr/bin/clang -x objective-c -ivfsstatcache /Users/hectorgarcia/Library/Developer/Xcode/DerivedData/SDKStatCaches.noindex/iphonesimulator26.2-23C53-823d3e8b6e60bc2018c189d3ca05ba9b.sdkstatcache -fmessage-length\=0 -fdiagnostics-show-note-include-stack -fmacro-backtrace-limit\=0 -fno-color-diagnostics -fmodules-prune-interval\=86400 -fmodules-prune-after\=345600 -fbuild-session-file\=/Users/hectorgarcia/Library/Developer/Xcode/DerivedData/ModuleCache.noindex/Session.modulevalidation -fmodules-validate-once-per-build-session -Wnon-modular-include-in-framework-module -Werror\=non-modular-include-in-framework-module -Wno-trigraphs -Wno-missing-field-initializers -Wno-missing-prototypes -Wno-return-type -Wno-implicit-atomic-properties -Wno-objc-interface-ivars -Wno-arc-repeated-use-of-weak -Wno-missing-braces -Wparentheses -Wswitch -Wno-unused-function -Wno-unused-label -Wno-unused-parameter -Wno-unused-variable -Wunused-value -Wno-empty-body -Wno-uninitialized -Wno-unknown-pragmas -w -Wno-shadow -Wno-four-char-constants -Wno-conversion -Wno-constant-conversion -Wno-int-conversion -Wno-bool-conversion -Wno-enum-conversion -Wno-float-conversion -Wno-non-literal-null-conversion -Wno-objc-literal-conversion -Wshorten-64-to-32 -Wpointer-sign -Wno-newline-eof -Wno-selector -Wno-strict-selector-match -Wno-undeclared-selector -Wno-deprecated-implementations -Wno-implicit-fallthrough -fstrict-aliasing -Wprotocol -Wdeprecated-declarations -Wno-sign-conversion -Wno-infinite-recursion -Wno-comma -Wno-block-capture-autoreleasing -Wno-strict-prototypes -Wno-semicolon-before-method-body -index-store-path /Users/hectorgarcia/Library/Developer/Xcode/DerivedData/Lyo-eagkiegzrakogpczynhkaholsscs/Index.noindex/DataStore @/Users/hectorgarcia/Library/Developer/Xcode/DerivedData/Build/Intermediates.noindex/Promises.build/Debug-iphonesimulator/FBLPromises.build/Objects-normal/x86_64/e6072d4f65d7061329687fe24e3d63a7-common-args.resp -include /Users/hectorgarcia/Library/Developer/Xcode/DerivedData/Build/Intermediates.noindex/Promises.build/Debug-iphonesimulator/FBLPromises.build/DerivedSources/resource_bundle_accessor.h -MMD -MT dependencies -MF /Users/hectorgarcia/Library/Developer/Xcode/DerivedData/Build/Intermediates.noindex/Promises.build/Debug-iphonesimulator/FBLPromises.build/Objects-normal/x86_64/FBLPromise+Race.d --serialize-diagnostics /Users/hectorgarcia/Library/Developer/Xcode/DerivedData/Build/Intermediates.noindex/Promises.build/Debug-iphonesimulator/FBLPromises.build/Objects-normal/x86_64/FBLPromise+Race.dia -c /Users/hectorgarcia/Library/Developer/Xcode/DerivedData/Lyo-eagkiegzrakogpczynhkaholsscs/SourcePackages/checkouts/promises/Sources/FBLPromises/FBLPromise+Race.m -o /Users/hectorgarcia/Library/Developer/Xcode/DerivedData/Build/Intermediates.noindex/Promises.build/Debug-iphonesimulator/FBLPromises.build/Objects-normal/x86_64/FBLPromise+Race.o -index-unit-output-path /Promises.build/Debug-iphonesimulator/FBLPromises.build/Objects-normal/x86_64/FBLPromise+Race.o

PrecompileModule /Users/hectorgarcia/Library/Developer/Xcode/DerivedData/Build/Intermediates.noindex/ExplicitPrecompiledModules/UIKit-1GEWTIG2YQDW09ECNPLYUZ94F.scan
    cd /
    builtin-precompileModule /Users/hectorgarcia/Library/Developer/Xcode/DerivedData/Build/Intermediates.noindex/ExplicitPrecompiledModules/UIKit-1GEWTIG2YQDW09ECNPLYUZ94F.scan

CompileC /Users/hectorgarcia/Library/Developer/Xcode/DerivedData/Build/Intermediates.noindex/Promises.build/Debug-iphonesimulator/FBLPromises.build/Objects-normal/x86_64/FBLPromise+Do.o /Users/hectorgarcia/Library/Developer/Xcode/DerivedData/Lyo-eagkiegzrakogpczynhkaholsscs/SourcePackages/checkouts/promises/Sources/FBLPromises/FBLPromise+Do.m normal x86_64 objective-c com.apple.compilers.llvm.clang.1_0.compiler (in target 'FBLPromises' from project 'Promises')
    cd /Users/hectorgarcia/LYO_Da_ONE/Lyo.xcodeproj
    
    Using response file: /Users/hectorgarcia/Library/Developer/Xcode/DerivedData/Build/Intermediates.noindex/Promises.build/Debug-iphonesimulator/FBLPromises.build/Objects-normal/x86_64/e6072d4f65d7061329687fe24e3d63a7-common-args.resp
    
    /Users/hectorgarcia/Downloads/Xcode.app/Contents/Developer/Toolchains/XcodeDefault.xctoolchain/usr/bin/clang -x objective-c -ivfsstatcache /Users/hectorgarcia/Library/Developer/Xcode/DerivedData/SDKStatCaches.noindex/iphonesimulator26.2-23C53-823d3e8b6e60bc2018c189d3ca05ba9b.sdkstatcache -fmessage-length\=0 -fdiagnostics-show-note-include-stack -fmacro-backtrace-limit\=0 -fno-color-diagnostics -fmodules-prune-interval\=86400 -fmodules-prune-after\=345600 -fbuild-session-file\=/Users/hectorgarcia/Library/Developer/Xcode/DerivedData/ModuleCache.noindex/Session.modulevalidation -fmodules-validate-once-per-build-session -Wnon-modular-include-in-framework-module -Werror\=non-modular-include-in-framework-module -Wno-trigraphs -Wno-missing-field-initializers -Wno-missing-prototypes -Wno-return-type -Wno-implicit-atomic-properties -Wno-objc-interface-ivars -Wno-arc-repeated-use-of-weak -Wno-missing-braces -Wparentheses -Wswitch -Wno-unused-function -Wno-unused-label -Wno-unused-parameter -Wno-unused-variable -Wunused-value -Wno-empty-body -Wno-uninitialized -Wno-unknown-pragmas -w -Wno-shadow -Wno-four-char-constants -Wno-conversion -Wno-constant-conversion -Wno-int-conversion -Wno-bool-conversion -Wno-enum-conversion -Wno-float-conversion -Wno-non-literal-null-conversion -Wno-objc-literal-conversion -Wshorten-64-to-32 -Wpointer-sign -Wno-newline-eof -Wno-selector -Wno-strict-selector-match -Wno-undeclared-selector -Wno-deprecated-implementations -Wno-implicit-fallthrough -fstrict-aliasing -Wprotocol -Wdeprecated-declarations -Wno-sign-conversion -Wno-infinite-recursion -Wno-comma -Wno-block-capture-autoreleasing -Wno-strict-prototypes -Wno-semicolon-before-method-body -index-store-path /Users/hectorgarcia/Library/Developer/Xcode/DerivedData/Lyo-eagkiegzrakogpczynhkaholsscs/Index.noindex/DataStore @/Users/hectorgarcia/Library/Developer/Xcode/DerivedData/Build/Intermediates.noindex/Promises.build/Debug-iphonesimulator/FBLPromises.build/Objects-normal/x86_64/e6072d4f65d7061329687fe24e3d63a7-common-args.resp -include /Users/hectorgarcia/Library/Developer/Xcode/DerivedData/Build/Intermediates.noindex/Promises.build/Debug-iphonesimulator/FBLPromises.build/DerivedSources/resource_bundle_accessor.h -MMD -MT dependencies -MF /Users/hectorgarcia/Library/Developer/Xcode/DerivedData/Build/Intermediates.noindex/Promises.build/Debug-iphonesimulator/FBLPromises.build/Objects-normal/x86_64/FBLPromise+Do.d --serialize-diagnostics /Users/hectorgarcia/Library/Developer/Xcode/DerivedData/Build/Intermediates.noindex/Promises.build/Debug-iphonesimulator/FBLPromises.build/Objects-normal/x86_64/FBLPromise+Do.dia -c /Users/hectorgarcia/Library/Developer/Xcode/DerivedData/Lyo-eagkiegzrakogpczynhkaholsscs/SourcePackages/checkouts/promises/Sources/FBLPromises/FBLPromise+Do.m -o /Users/hectorgarcia/Library/Developer/Xcode/DerivedData/Build/Intermediates.noindex/Promises.build/Debug-iphonesimulator/FBLPromises.build/Objects-normal/x86_64/FBLPromise+Do.o -index-unit-output-path /Promises.build/Debug-iphonesimulator/FBLPromises.build/Objects-normal/x86_64/FBLPromise+Do.o

ScanDependencies /Users/hectorgarcia/Library/Developer/Xcode/DerivedData/Build/Intermediates.noindex/Promises.build/Debug-iphonesimulator/FBLPromises.build/Objects-normal/x86_64/FBLPromise+Delay.o /Users/hectorgarcia/Library/Developer/Xcode/DerivedData/Lyo-eagkiegzrakogpczynhkaholsscs/SourcePackages/checkouts/promises/Sources/FBLPromises/FBLPromise+Delay.m normal x86_64 objective-c com.apple.compilers.llvm.clang.1_0.compiler (in target 'FBLPromises' from project 'Promises')
    cd /Users/hectorgarcia/LYO_Da_ONE/Lyo.xcodeproj
    
    Using response file: /Users/hectorgarcia/Library/Developer/Xcode/DerivedData/Build/Intermediates.noindex/Promises.build/Debug-iphonesimulator/FBLPromises.build/Objects-normal/x86_64/e6072d4f65d7061329687fe24e3d63a7-common-args.resp
    
    builtin-ScanDependencies -o /Users/hectorgarcia/Library/Developer/Xcode/DerivedData/Build/Intermediates.noindex/Promises.build/Debug-iphonesimulator/FBLPromises.build/Objects-normal/x86_64/FBLPromise+Delay.o.scan -- /Users/hectorgarcia/Downloads/Xcode.app/Contents/Developer/Toolchains/XcodeDefault.xctoolchain/usr/bin/clang -x objective-c -ivfsstatcache /Users/hectorgarcia/Library/Developer/Xcode/DerivedData/SDKStatCaches.noindex/iphonesimulator26.2-23C53-823d3e8b6e60bc2018c189d3ca05ba9b.sdkstatcache -fmessage-length\=0 -fdiagnostics-show-note-include-stack -fmacro-backtrace-limit\=0 -fno-color-diagnostics -fmodules-prune-interval\=86400 -fmodules-prune-after\=345600 -fbuild-session-file\=/Users/hectorgarcia/Library/Developer/Xcode/DerivedData/ModuleCache.noindex/Session.modulevalidation -fmodules-validate-once-per-build-session -Wnon-modular-include-in-framework-module -Werror\=non-modular-include-in-framework-module -Wno-trigraphs -Wno-missing-field-initializers -Wno-missing-prototypes -Wno-return-type -Wno-implicit-atomic-properties -Wno-objc-interface-ivars -Wno-arc-repeated-use-of-weak -Wno-missing-braces -Wparentheses -Wswitch -Wno-unused-function -Wno-unused-label -Wno-unused-parameter -Wno-unused-variable -Wunused-value -Wno-empty-body -Wno-uninitialized -Wno-unknown-pragmas -w -Wno-shadow -Wno-four-char-constants -Wno-conversion -Wno-constant-conversion -Wno-int-conversion -Wno-bool-conversion -Wno-enum-conversion -Wno-float-conversion -Wno-non-literal-null-conversion -Wno-objc-literal-conversion -Wshorten-64-to-32 -Wpointer-sign -Wno-newline-eof -Wno-selector -Wno-strict-selector-match -Wno-undeclared-selector -Wno-deprecated-implementations -Wno-implicit-fallthrough -fstrict-aliasing -Wprotocol -Wdeprecated-declarations -Wno-sign-conversion -Wno-infinite-recursion -Wno-comma -Wno-block-capture-autoreleasing -Wno-strict-prototypes -Wno-semicolon-before-method-body -index-store-path /Users/hectorgarcia/Library/Developer/Xcode/DerivedData/Lyo-eagkiegzrakogpczynhkaholsscs/Index.noindex/DataStore @/Users/hectorgarcia/Library/Developer/Xcode/DerivedData/Build/Intermediates.noindex/Promises.build/Debug-iphonesimulator/FBLPromises.build/Objects-normal/x86_64/e6072d4f65d7061329687fe24e3d63a7-common-args.resp -include /Users/hectorgarcia/Library/Developer/Xcode/DerivedData/Build/Intermediates.noindex/Promises.build/Debug-iphonesimulator/FBLPromises.build/DerivedSources/resource_bundle_accessor.h -MMD -MT dependencies -MF /Users/hectorgarcia/Library/Developer/Xcode/DerivedData/Build/Intermediates.noindex/Promises.build/Debug-iphonesimulator/FBLPromises.build/Objects-normal/x86_64/FBLPromise+Delay.d --serialize-diagnostics /Users/hectorgarcia/Library/Developer/Xcode/DerivedData/Build/Intermediates.noindex/Promises.build/Debug-iphonesimulator/FBLPromises.build/Objects-normal/x86_64/FBLPromise+Delay.dia -c /Users/hectorgarcia/Library/Developer/Xcode/DerivedData/Lyo-eagkiegzrakogpczynhkaholsscs/SourcePackages/checkouts/promises/Sources/FBLPromises/FBLPromise+Delay.m -o /Users/hectorgarcia/Library/Developer/Xcode/DerivedData/Build/Intermediates.noindex/Promises.build/Debug-iphonesimulator/FBLPromises.build/Objects-normal/x86_64/FBLPromise+Delay.o -index-unit-output-path /Promises.build/Debug-iphonesimulator/FBLPromises.build/Objects-normal/x86_64/FBLPromise+Delay.o

ScanDependencies /Users/hectorgarcia/Library/Developer/Xcode/DerivedData/Build/Intermediates.noindex/Promises.build/Debug-iphonesimulator/FBLPromises.build/Objects-normal/x86_64/FBLPromise+Catch.o /Users/hectorgarcia/Library/Developer/Xcode/DerivedData/Lyo-eagkiegzrakogpczynhkaholsscs/SourcePackages/checkouts/promises/Sources/FBLPromises/FBLPromise+Catch.m normal x86_64 objective-c com.apple.compilers.llvm.clang.1_0.compiler (in target 'FBLPromises' from project 'Promises')
    cd /Users/hectorgarcia/LYO_Da_ONE/Lyo.xcodeproj
    
    Using response file: /Users/hectorgarcia/Library/Developer/Xcode/DerivedData/Build/Intermediates.noindex/Promises.build/Debug-iphonesimulator/FBLPromises.build/Objects-normal/x86_64/e6072d4f65d7061329687fe24e3d63a7-common-args.resp
    
    builtin-ScanDependencies -o /Users/hectorgarcia/Library/Developer/Xcode/DerivedData/Build/Intermediates.noindex/Promises.build/Debug-iphonesimulator/FBLPromises.build/Objects-normal/x86_64/FBLPromise+Catch.o.scan -- /Users/hectorgarcia/Downloads/Xcode.app/Contents/Developer/Toolchains/XcodeDefault.xctoolchain/usr/bin/clang -x objective-c -ivfsstatcache /Users/hectorgarcia/Library/Developer/Xcode/DerivedData/SDKStatCaches.noindex/iphonesimulator26.2-23C53-823d3e8b6e60bc2018c189d3ca05ba9b.sdkstatcache -fmessage-length\=0 -fdiagnostics-show-note-include-stack -fmacro-backtrace-limit\=0 -fno-color-diagnostics -fmodules-prune-interval\=86400 -fmodules-prune-after\=345600 -fbuild-session-file\=/Users/hectorgarcia/Library/Developer/Xcode/DerivedData/ModuleCache.noindex/Session.modulevalidation -fmodules-validate-once-per-build-session -Wnon-modular-include-in-framework-module -Werror\=non-modular-include-in-framework-module -Wno-trigraphs -Wno-missing-field-initializers -Wno-missing-prototypes -Wno-return-type -Wno-implicit-atomic-properties -Wno-objc-interface-ivars -Wno-arc-repeated-use-of-weak -Wno-missing-braces -Wparentheses -Wswitch -Wno-unused-function -Wno-unused-label -Wno-unused-parameter -Wno-unused-variable -Wunused-value -Wno-empty-body -Wno-uninitialized -Wno-unknown-pragmas -w -Wno-shadow -Wno-four-char-constants -Wno-conversion -Wno-constant-conversion -Wno-int-conversion -Wno-bool-conversion -Wno-enum-conversion -Wno-float-conversion -Wno-non-literal-null-conversion -Wno-objc-literal-conversion -Wshorten-64-to-32 -Wpointer-sign -Wno-newline-eof -Wno-selector -Wno-strict-selector-match -Wno-undeclared-selector -Wno-deprecated-implementations -Wno-implicit-fallthrough -fstrict-aliasing -Wprotocol -Wdeprecated-declarations -Wno-sign-conversion -Wno-infinite-recursion -Wno-comma -Wno-block-capture-autoreleasing -Wno-strict-prototypes -Wno-semicolon-before-method-body -index-store-path /Users/hectorgarcia/Library/Developer/Xcode/DerivedData/Lyo-eagkiegzrakogpczynhkaholsscs/Index.noindex/DataStore @/Users/hectorgarcia/Library/Developer/Xcode/DerivedData/Build/Intermediates.noindex/Promises.build/Debug-iphonesimulator/FBLPromises.build/Objects-normal/x86_64/e6072d4f65d7061329687fe24e3d63a7-common-args.resp -include /Users/hectorgarcia/Library/Developer/Xcode/DerivedData/Build/Intermediates.noindex/Promises.build/Debug-iphonesimulator/FBLPromises.build/DerivedSources/resource_bundle_accessor.h -MMD -MT dependencies -MF /Users/hectorgarcia/Library/Developer/Xcode/DerivedData/Build/Intermediates.noindex/Promises.build/Debug-iphonesimulator/FBLPromises.build/Objects-normal/x86_64/FBLPromise+Catch.d --serialize-diagnostics /Users/hectorgarcia/Library/Developer/Xcode/DerivedData/Build/Intermediates.noindex/Promises.build/Debug-iphonesimulator/FBLPromises.build/Objects-normal/x86_64/FBLPromise+Catch.dia -c /Users/hectorgarcia/Library/Developer/Xcode/DerivedData/Lyo-eagkiegzrakogpczynhkaholsscs/SourcePackages/checkouts/promises/Sources/FBLPromises/FBLPromise+Catch.m -o /Users/hectorgarcia/Library/Developer/Xcode/DerivedData/Build/Intermediates.noindex/Promises.build/Debug-iphonesimulator/FBLPromises.build/Objects-normal/x86_64/FBLPromise+Catch.o -index-unit-output-path /Promises.build/Debug-iphonesimulator/FBLPromises.build/Objects-normal/x86_64/FBLPromise+Catch.o

ScanDependencies /Users/hectorgarcia/Library/Developer/Xcode/DerivedData/Build/Intermediates.noindex/Promises.build/Debug-iphonesimulator/FBLPromises.build/Objects-normal/x86_64/FBLPromise+Await.o /Users/hectorgarcia/Library/Developer/Xcode/DerivedData/Lyo-eagkiegzrakogpczynhkaholsscs/SourcePackages/checkouts/promises/Sources/FBLPromises/FBLPromise+Await.m normal x86_64 objective-c com.apple.compilers.llvm.clang.1_0.compiler (in target 'FBLPromises' from project 'Promises')
    cd /Users/hectorgarcia/LYO_Da_ONE/Lyo.xcodeproj
    
    Using response file: /Users/hectorgarcia/Library/Developer/Xcode/DerivedData/Build/Intermediates.noindex/Promises.build/Debug-iphonesimulator/FBLPromises.build/Objects-normal/x86_64/e6072d4f65d7061329687fe24e3d63a7-common-args.resp
    
    builtin-ScanDependencies -o /Users/hectorgarcia/Library/Developer/Xcode/DerivedData/Build/Intermediates.noindex/Promises.build/Debug-iphonesimulator/FBLPromises.build/Objects-normal/x86_64/FBLPromise+Await.o.scan -- /Users/hectorgarcia/Downloads/Xcode.app/Contents/Developer/Toolchains/XcodeDefault.xctoolchain/usr/bin/clang -x objective-c -ivfsstatcache /Users/hectorgarcia/Library/Developer/Xcode/DerivedData/SDKStatCaches.noindex/iphonesimulator26.2-23C53-823d3e8b6e60bc2018c189d3ca05ba9b.sdkstatcache -fmessage-length\=0 -fdiagnostics-show-note-include-stack -fmacro-backtrace-limit\=0 -fno-color-diagnostics -fmodules-prune-interval\=86400 -fmodules-prune-after\=345600 -fbuild-session-file\=/Users/hectorgarcia/Library/Developer/Xcode/DerivedData/ModuleCache.noindex/Session.modulevalidation -fmodules-validate-once-per-build-session -Wnon-modular-include-in-framework-module -Werror\=non-modular-include-in-framework-module -Wno-trigraphs -Wno-missing-field-initializers -Wno-missing-prototypes -Wno-return-type -Wno-implicit-atomic-properties -Wno-objc-interface-ivars -Wno-arc-repeated-use-of-weak -Wno-missing-braces -Wparentheses -Wswitch -Wno-unused-function -Wno-unused-label -Wno-unused-parameter -Wno-unused-variable -Wunused-value -Wno-empty-body -Wno-uninitialized -Wno-unknown-pragmas -w -Wno-shadow -Wno-four-char-constants -Wno-conversion -Wno-constant-conversion -Wno-int-conversion -Wno-bool-conversion -Wno-enum-conversion -Wno-float-conversion -Wno-non-literal-null-conversion -Wno-objc-literal-conversion -Wshorten-64-to-32 -Wpointer-sign -Wno-newline-eof -Wno-selector -Wno-strict-selector-match -Wno-undeclared-selector -Wno-deprecated-implementations -Wno-implicit-fallthrough -fstrict-aliasing -Wprotocol -Wdeprecated-declarations -Wno-sign-conversion -Wno-infinite-recursion -Wno-comma -Wno-block-capture-autoreleasing -Wno-strict-prototypes -Wno-semicolon-before-method-body -index-store-path /Users/hectorgarcia/Library/Developer/Xcode/DerivedData/Lyo-eagkiegzrakogpczynhkaholsscs/Index.noindex/DataStore @/Users/hectorgarcia/Library/Developer/Xcode/DerivedData/Build/Intermediates.noindex/Promises.build/Debug-iphonesimulator/FBLPromises.build/Objects-normal/x86_64/e6072d4f65d7061329687fe24e3d63a7-common-args.resp -include /Users/hectorgarcia/Library/Developer/Xcode/DerivedData/Build/Intermediates.noindex/Promises.build/Debug-iphonesimulator/FBLPromises.build/DerivedSources/resource_bundle_accessor.h -MMD -MT dependencies -MF /Users/hectorgarcia/Library/Developer/Xcode/DerivedData/Build/Intermediates.noindex/Promises.build/Debug-iphonesimulator/FBLPromises.build/Objects-normal/x86_64/FBLPromise+Await.d --serialize-diagnostics /Users/hectorgarcia/Library/Developer/Xcode/DerivedData/Build/Intermediates.noindex/Promises.build/Debug-iphonesimulator/FBLPromises.build/Objects-normal/x86_64/FBLPromise+Await.dia -c /Users/hectorgarcia/Library/Developer/Xcode/DerivedData/Lyo-eagkiegzrakogpczynhkaholsscs/SourcePackages/checkouts/promises/Sources/FBLPromises/FBLPromise+Await.m -o /Users/hectorgarcia/Library/Developer/Xcode/DerivedData/Build/Intermediates.noindex/Promises.build/Debug-iphonesimulator/FBLPromises.build/Objects-normal/x86_64/FBLPromise+Await.o -index-unit-output-path /Promises.build/Debug-iphonesimulator/FBLPromises.build/Objects-normal/x86_64/FBLPromise+Await.o

CompileC /Users/hectorgarcia/Library/Developer/Xcode/DerivedData/Build/Intermediates.noindex/Promises.build/Debug-iphonesimulator/FBLPromises.build/Objects-normal/x86_64/FBLPromise+Catch.o /Users/hectorgarcia/Library/Developer/Xcode/DerivedData/Lyo-eagkiegzrakogpczynhkaholsscs/SourcePackages/checkouts/promises/Sources/FBLPromises/FBLPromise+Catch.m normal x86_64 objective-c com.apple.compilers.llvm.clang.1_0.compiler (in target 'FBLPromises' from project 'Promises')
    cd /Users/hectorgarcia/LYO_Da_ONE/Lyo.xcodeproj
    
    Using response file: /Users/hectorgarcia/Library/Developer/Xcode/DerivedData/Build/Intermediates.noindex/Promises.build/Debug-iphonesimulator/FBLPromises.build/Objects-normal/x86_64/e6072d4f65d7061329687fe24e3d63a7-common-args.resp
    
    /Users/hectorgarcia/Downloads/Xcode.app/Contents/Developer/Toolchains/XcodeDefault.xctoolchain/usr/bin/clang -x objective-c -ivfsstatcache /Users/hectorgarcia/Library/Developer/Xcode/DerivedData/SDKStatCaches.noindex/iphonesimulator26.2-23C53-823d3e8b6e60bc2018c189d3ca05ba9b.sdkstatcache -fmessage-length\=0 -fdiagnostics-show-note-include-stack -fmacro-backtrace-limit\=0 -fno-color-diagnostics -fmodules-prune-interval\=86400 -fmodules-prune-after\=345600 -fbuild-session-file\=/Users/hectorgarcia/Library/Developer/Xcode/DerivedData/ModuleCache.noindex/Session.modulevalidation -fmodules-validate-once-per-build-session -Wnon-modular-include-in-framework-module -Werror\=non-modular-include-in-framework-module -Wno-trigraphs -Wno-missing-field-initializers -Wno-missing-prototypes -Wno-return-type -Wno-implicit-atomic-properties -Wno-objc-interface-ivars -Wno-arc-repeated-use-of-weak -Wno-missing-braces -Wparentheses -Wswitch -Wno-unused-function -Wno-unused-label -Wno-unused-parameter -Wno-unused-variable -Wunused-value -Wno-empty-body -Wno-uninitialized -Wno-unknown-pragmas -w -Wno-shadow -Wno-four-char-constants -Wno-conversion -Wno-constant-conversion -Wno-int-conversion -Wno-bool-conversion -Wno-enum-conversion -Wno-float-conversion -Wno-non-literal-null-conversion -Wno-objc-literal-conversion -Wshorten-64-to-32 -Wpointer-sign -Wno-newline-eof -Wno-selector -Wno-strict-selector-match -Wno-undeclared-selector -Wno-deprecated-implementations -Wno-implicit-fallthrough -fstrict-aliasing -Wprotocol -Wdeprecated-declarations -Wno-sign-conversion -Wno-infinite-recursion -Wno-comma -Wno-block-capture-autoreleasing -Wno-strict-prototypes -Wno-semicolon-before-method-body -index-store-path /Users/hectorgarcia/Library/Developer/Xcode/DerivedData/Lyo-eagkiegzrakogpczynhkaholsscs/Index.noindex/DataStore @/Users/hectorgarcia/Library/Developer/Xcode/DerivedData/Build/Intermediates.noindex/Promises.build/Debug-iphonesimulator/FBLPromises.build/Objects-normal/x86_64/e6072d4f65d7061329687fe24e3d63a7-common-args.resp -include /Users/hectorgarcia/Library/Developer/Xcode/DerivedData/Build/Intermediates.noindex/Promises.build/Debug-iphonesimulator/FBLPromises.build/DerivedSources/resource_bundle_accessor.h -MMD -MT dependencies -MF /Users/hectorgarcia/Library/Developer/Xcode/DerivedData/Build/Intermediates.noindex/Promises.build/Debug-iphonesimulator/FBLPromises.build/Objects-normal/x86_64/FBLPromise+Catch.d --serialize-diagnostics /Users/hectorgarcia/Library/Developer/Xcode/DerivedData/Build/Intermediates.noindex/Promises.build/Debug-iphonesimulator/FBLPromises.build/Objects-normal/x86_64/FBLPromise+Catch.dia -c /Users/hectorgarcia/Library/Developer/Xcode/DerivedData/Lyo-eagkiegzrakogpczynhkaholsscs/SourcePackages/checkouts/promises/Sources/FBLPromises/FBLPromise+Catch.m -o /Users/hectorgarcia/Library/Developer/Xcode/DerivedData/Build/Intermediates.noindex/Promises.build/Debug-iphonesimulator/FBLPromises.build/Objects-normal/x86_64/FBLPromise+Catch.o -index-unit-output-path /Promises.build/Debug-iphonesimulator/FBLPromises.build/Objects-normal/x86_64/FBLPromise+Catch.o

PrecompileModule /Users/hectorgarcia/Library/Developer/Xcode/DerivedData/Build/Intermediates.noindex/ExplicitPrecompiledModules/CoreTelephony-3O3CHSX2G3HMC8814V9FEC5XN.scan
    cd /
    builtin-precompileModule /Users/hectorgarcia/Library/Developer/Xcode/DerivedData/Build/Intermediates.noindex/ExplicitPrecompiledModules/CoreTelephony-3O3CHSX2G3HMC8814V9FEC5XN.scan

CompileC /Users/hectorgarcia/Library/Developer/Xcode/DerivedData/Build/Intermediates.noindex/Promises.build/Debug-iphonesimulator/FBLPromises.build/Objects-normal/x86_64/FBLPromise+Delay.o /Users/hectorgarcia/Library/Developer/Xcode/DerivedData/Lyo-eagkiegzrakogpczynhkaholsscs/SourcePackages/checkouts/promises/Sources/FBLPromises/FBLPromise+Delay.m normal x86_64 objective-c com.apple.compilers.llvm.clang.1_0.compiler (in target 'FBLPromises' from project 'Promises')
    cd /Users/hectorgarcia/LYO_Da_ONE/Lyo.xcodeproj
    
    Using response file: /Users/hectorgarcia/Library/Developer/Xcode/DerivedData/Build/Intermediates.noindex/Promises.build/Debug-iphonesimulator/FBLPromises.build/Objects-normal/x86_64/e6072d4f65d7061329687fe24e3d63a7-common-args.resp
    
    /Users/hectorgarcia/Downloads/Xcode.app/Contents/Developer/Toolchains/XcodeDefault.xctoolchain/usr/bin/clang -x objective-c -ivfsstatcache /Users/hectorgarcia/Library/Developer/Xcode/DerivedData/SDKStatCaches.noindex/iphonesimulator26.2-23C53-823d3e8b6e60bc2018c189d3ca05ba9b.sdkstatcache -fmessage-length\=0 -fdiagnostics-show-note-include-stack -fmacro-backtrace-limit\=0 -fno-color-diagnostics -fmodules-prune-interval\=86400 -fmodules-prune-after\=345600 -fbuild-session-file\=/Users/hectorgarcia/Library/Developer/Xcode/DerivedData/ModuleCache.noindex/Session.modulevalidation -fmodules-validate-once-per-build-session -Wnon-modular-include-in-framework-module -Werror\=non-modular-include-in-framework-module -Wno-trigraphs -Wno-missing-field-initializers -Wno-missing-prototypes -Wno-return-type -Wno-implicit-atomic-properties -Wno-objc-interface-ivars -Wno-arc-repeated-use-of-weak -Wno-missing-braces -Wparentheses -Wswitch -Wno-unused-function -Wno-unused-label -Wno-unused-parameter -Wno-unused-variable -Wunused-value -Wno-empty-body -Wno-uninitialized -Wno-unknown-pragmas -w -Wno-shadow -Wno-four-char-constants -Wno-conversion -Wno-constant-conversion -Wno-int-conversion -Wno-bool-conversion -Wno-enum-conversion -Wno-float-conversion -Wno-non-literal-null-conversion -Wno-objc-literal-conversion -Wshorten-64-to-32 -Wpointer-sign -Wno-newline-eof -Wno-selector -Wno-strict-selector-match -Wno-undeclared-selector -Wno-deprecated-implementations -Wno-implicit-fallthrough -fstrict-aliasing -Wprotocol -Wdeprecated-declarations -Wno-sign-conversion -Wno-infinite-recursion -Wno-comma -Wno-block-capture-autoreleasing -Wno-strict-prototypes -Wno-semicolon-before-method-body -index-store-path /Users/hectorgarcia/Library/Developer/Xcode/DerivedData/Lyo-eagkiegzrakogpczynhkaholsscs/Index.noindex/DataStore @/Users/hectorgarcia/Library/Developer/Xcode/DerivedData/Build/Intermediates.noindex/Promises.build/Debug-iphonesimulator/FBLPromises.build/Objects-normal/x86_64/e6072d4f65d7061329687fe24e3d63a7-common-args.resp -include /Users/hectorgarcia/Library/Developer/Xcode/DerivedData/Build/Intermediates.noindex/Promises.build/Debug-iphonesimulator/FBLPromises.build/DerivedSources/resource_bundle_accessor.h -MMD -MT dependencies -MF /Users/hectorgarcia/Library/Developer/Xcode/DerivedData/Build/Intermediates.noindex/Promises.build/Debug-iphonesimulator/FBLPromises.build/Objects-normal/x86_64/FBLPromise+Delay.d --serialize-diagnostics /Users/hectorgarcia/Library/Developer/Xcode/DerivedData/Build/Intermediates.noindex/Promises.build/Debug-iphonesimulator/FBLPromises.build/Objects-normal/x86_64/FBLPromise+Delay.dia -c /Users/hectorgarcia/Library/Developer/Xcode/DerivedData/Lyo-eagkiegzrakogpczynhkaholsscs/SourcePackages/checkouts/promises/Sources/FBLPromises/FBLPromise+Delay.m -o /Users/hectorgarcia/Library/Developer/Xcode/DerivedData/Build/Intermediates.noindex/Promises.build/Debug-iphonesimulator/FBLPromises.build/Objects-normal/x86_64/FBLPromise+Delay.o -index-unit-output-path /Promises.build/Debug-iphonesimulator/FBLPromises.build/Objects-normal/x86_64/FBLPromise+Delay.o

PrecompileModule /Users/hectorgarcia/Library/Developer/Xcode/DerivedData/Build/Intermediates.noindex/ExplicitPrecompiledModules/GoogleUtilities_Environment-9XE1HM0VRP6FBASBYY94TXMJ0.scan
    cd /
    builtin-precompileModule /Users/hectorgarcia/Library/Developer/Xcode/DerivedData/Build/Intermediates.noindex/ExplicitPrecompiledModules/GoogleUtilities_Environment-9XE1HM0VRP6FBASBYY94TXMJ0.scan

PrecompileModule /Users/hectorgarcia/Library/Developer/Xcode/DerivedData/Build/Intermediates.noindex/ExplicitPrecompiledModules/FirebaseCore-2HTP8Z24HY2VK4TO5S5QIF7H7.scan
    cd /
    builtin-precompileModule /Users/hectorgarcia/Library/Developer/Xcode/DerivedData/Build/Intermediates.noindex/ExplicitPrecompiledModules/FirebaseCore-2HTP8Z24HY2VK4TO5S5QIF7H7.scan

CompileC /Users/hectorgarcia/Library/Developer/Xcode/DerivedData/Build/Intermediates.noindex/Promises.build/Debug-iphonesimulator/FBLPromises.build/Objects-normal/x86_64/FBLPromise+Await.o /Users/hectorgarcia/Library/Developer/Xcode/DerivedData/Lyo-eagkiegzrakogpczynhkaholsscs/SourcePackages/checkouts/promises/Sources/FBLPromises/FBLPromise+Await.m normal x86_64 objective-c com.apple.compilers.llvm.clang.1_0.compiler (in target 'FBLPromises' from project 'Promises')
    cd /Users/hectorgarcia/LYO_Da_ONE/Lyo.xcodeproj
    
    Using response file: /Users/hectorgarcia/Library/Developer/Xcode/DerivedData/Build/Intermediates.noindex/Promises.build/Debug-iphonesimulator/FBLPromises.build/Objects-normal/x86_64/e6072d4f65d7061329687fe24e3d63a7-common-args.resp
    
    /Users/hectorgarcia/Downloads/Xcode.app/Contents/Developer/Toolchains/XcodeDefault.xctoolchain/usr/bin/clang -x objective-c -ivfsstatcache /Users/hectorgarcia/Library/Developer/Xcode/DerivedData/SDKStatCaches.noindex/iphonesimulator26.2-23C53-823d3e8b6e60bc2018c189d3ca05ba9b.sdkstatcache -fmessage-length\=0 -fdiagnostics-show-note-include-stack -fmacro-backtrace-limit\=0 -fno-color-diagnostics -fmodules-prune-interval\=86400 -fmodules-prune-after\=345600 -fbuild-session-file\=/Users/hectorgarcia/Library/Developer/Xcode/DerivedData/ModuleCache.noindex/Session.modulevalidation -fmodules-validate-once-per-build-session -Wnon-modular-include-in-framework-module -Werror\=non-modular-include-in-framework-module -Wno-trigraphs -Wno-missing-field-initializers -Wno-missing-prototypes -Wno-return-type -Wno-implicit-atomic-properties -Wno-objc-interface-ivars -Wno-arc-repeated-use-of-weak -Wno-missing-braces -Wparentheses -Wswitch -Wno-unused-function -Wno-unused-label -Wno-unused-parameter -Wno-unused-variable -Wunused-value -Wno-empty-body -Wno-uninitialized -Wno-unknown-pragmas -w -Wno-shadow -Wno-four-char-constants -Wno-conversion -Wno-constant-conversion -Wno-int-conversion -Wno-bool-conversion -Wno-enum-conversion -Wno-float-conversion -Wno-non-literal-null-conversion -Wno-objc-literal-conversion -Wshorten-64-to-32 -Wpointer-sign -Wno-newline-eof -Wno-selector -Wno-strict-selector-match -Wno-undeclared-selector -Wno-deprecated-implementations -Wno-implicit-fallthrough -fstrict-aliasing -Wprotocol -Wdeprecated-declarations -Wno-sign-conversion -Wno-infinite-recursion -Wno-comma -Wno-block-capture-autoreleasing -Wno-strict-prototypes -Wno-semicolon-before-method-body -index-store-path /Users/hectorgarcia/Library/Developer/Xcode/DerivedData/Lyo-eagkiegzrakogpczynhkaholsscs/Index.noindex/DataStore @/Users/hectorgarcia/Library/Developer/Xcode/DerivedData/Build/Intermediates.noindex/Promises.build/Debug-iphonesimulator/FBLPromises.build/Objects-normal/x86_64/e6072d4f65d7061329687fe24e3d63a7-common-args.resp -include /Users/hectorgarcia/Library/Developer/Xcode/DerivedData/Build/Intermediates.noindex/Promises.build/Debug-iphonesimulator/FBLPromises.build/DerivedSources/resource_bundle_accessor.h -MMD -MT dependencies -MF /Users/hectorgarcia/Library/Developer/Xcode/DerivedData/Build/Intermediates.noindex/Promises.build/Debug-iphonesimulator/FBLPromises.build/Objects-normal/x86_64/FBLPromise+Await.d --serialize-diagnostics /Users/hectorgarcia/Library/Developer/Xcode/DerivedData/Build/Intermediates.noindex/Promises.build/Debug-iphonesimulator/FBLPromises.build/Objects-normal/x86_64/FBLPromise+Await.dia -c /Users/hectorgarcia/Library/Developer/Xcode/DerivedData/Lyo-eagkiegzrakogpczynhkaholsscs/SourcePackages/checkouts/promises/Sources/FBLPromises/FBLPromise+Await.m -o /Users/hectorgarcia/Library/Developer/Xcode/DerivedData/Build/Intermediates.noindex/Promises.build/Debug-iphonesimulator/FBLPromises.build/Objects-normal/x86_64/FBLPromise+Await.o -index-unit-output-path /Promises.build/Debug-iphonesimulator/FBLPromises.build/Objects-normal/x86_64/FBLPromise+Await.o

ScanDependencies /Users/hectorgarcia/Library/Developer/Xcode/DerivedData/Build/Intermediates.noindex/Promises.build/Debug-iphonesimulator/FBLPromises.build/Objects-normal/x86_64/FBLPromise+Async.o /Users/hectorgarcia/Library/Developer/Xcode/DerivedData/Lyo-eagkiegzrakogpczynhkaholsscs/SourcePackages/checkouts/promises/Sources/FBLPromises/FBLPromise+Async.m normal x86_64 objective-c com.apple.compilers.llvm.clang.1_0.compiler (in target 'FBLPromises' from project 'Promises')
    cd /Users/hectorgarcia/LYO_Da_ONE/Lyo.xcodeproj
    
    Using response file: /Users/hectorgarcia/Library/Developer/Xcode/DerivedData/Build/Intermediates.noindex/Promises.build/Debug-iphonesimulator/FBLPromises.build/Objects-normal/x86_64/e6072d4f65d7061329687fe24e3d63a7-common-args.resp
    
    builtin-ScanDependencies -o /Users/hectorgarcia/Library/Developer/Xcode/DerivedData/Build/Intermediates.noindex/Promises.build/Debug-iphonesimulator/FBLPromises.build/Objects-normal/x86_64/FBLPromise+Async.o.scan -- /Users/hectorgarcia/Downloads/Xcode.app/Contents/Developer/Toolchains/XcodeDefault.xctoolchain/usr/bin/clang -x objective-c -ivfsstatcache /Users/hectorgarcia/Library/Developer/Xcode/DerivedData/SDKStatCaches.noindex/iphonesimulator26.2-23C53-823d3e8b6e60bc2018c189d3ca05ba9b.sdkstatcache -fmessage-length\=0 -fdiagnostics-show-note-include-stack -fmacro-backtrace-limit\=0 -fno-color-diagnostics -fmodules-prune-interval\=86400 -fmodules-prune-after\=345600 -fbuild-session-file\=/Users/hectorgarcia/Library/Developer/Xcode/DerivedData/ModuleCache.noindex/Session.modulevalidation -fmodules-validate-once-per-build-session -Wnon-modular-include-in-framework-module -Werror\=non-modular-include-in-framework-module -Wno-trigraphs -Wno-missing-field-initializers -Wno-missing-prototypes -Wno-return-type -Wno-implicit-atomic-properties -Wno-objc-interface-ivars -Wno-arc-repeated-use-of-weak -Wno-missing-braces -Wparentheses -Wswitch -Wno-unused-function -Wno-unused-label -Wno-unused-parameter -Wno-unused-variable -Wunused-value -Wno-empty-body -Wno-uninitialized -Wno-unknown-pragmas -w -Wno-shadow -Wno-four-char-constants -Wno-conversion -Wno-constant-conversion -Wno-int-conversion -Wno-bool-conversion -Wno-enum-conversion -Wno-float-conversion -Wno-non-literal-null-conversion -Wno-objc-literal-conversion -Wshorten-64-to-32 -Wpointer-sign -Wno-newline-eof -Wno-selector -Wno-strict-selector-match -Wno-undeclared-selector -Wno-deprecated-implementations -Wno-implicit-fallthrough -fstrict-aliasing -Wprotocol -Wdeprecated-declarations -Wno-sign-conversion -Wno-infinite-recursion -Wno-comma -Wno-block-capture-autoreleasing -Wno-strict-prototypes -Wno-semicolon-before-method-body -index-store-path /Users/hectorgarcia/Library/Developer/Xcode/DerivedData/Lyo-eagkiegzrakogpczynhkaholsscs/Index.noindex/DataStore @/Users/hectorgarcia/Library/Developer/Xcode/DerivedData/Build/Intermediates.noindex/Promises.build/Debug-iphonesimulator/FBLPromises.build/Objects-normal/x86_64/e6072d4f65d7061329687fe24e3d63a7-common-args.resp -include /Users/hectorgarcia/Library/Developer/Xcode/DerivedData/Build/Intermediates.noindex/Promises.build/Debug-iphonesimulator/FBLPromises.build/DerivedSources/resource_bundle_accessor.h -MMD -MT dependencies -MF /Users/hectorgarcia/Library/Developer/Xcode/DerivedData/Build/Intermediates.noindex/Promises.build/Debug-iphonesimulator/FBLPromises.build/Objects-normal/x86_64/FBLPromise+Async.d --serialize-diagnostics /Users/hectorgarcia/Library/Developer/Xcode/DerivedData/Build/Intermediates.noindex/Promises.build/Debug-iphonesimulator/FBLPromises.build/Objects-normal/x86_64/FBLPromise+Async.dia -c /Users/hectorgarcia/Library/Developer/Xcode/DerivedData/Lyo-eagkiegzrakogpczynhkaholsscs/SourcePackages/checkouts/promises/Sources/FBLPromises/FBLPromise+Async.m -o /Users/hectorgarcia/Library/Developer/Xcode/DerivedData/Build/Intermediates.noindex/Promises.build/Debug-iphonesimulator/FBLPromises.build/Objects-normal/x86_64/FBLPromise+Async.o -index-unit-output-path /Promises.build/Debug-iphonesimulator/FBLPromises.build/Objects-normal/x86_64/FBLPromise+Async.o

ScanDependencies /Users/hectorgarcia/Library/Developer/Xcode/DerivedData/Build/Intermediates.noindex/Promises.build/Debug-iphonesimulator/FBLPromises.build/Objects-normal/x86_64/FBLPromise+Any.o /Users/hectorgarcia/Library/Developer/Xcode/DerivedData/Lyo-eagkiegzrakogpczynhkaholsscs/SourcePackages/checkouts/promises/Sources/FBLPromises/FBLPromise+Any.m normal x86_64 objective-c com.apple.compilers.llvm.clang.1_0.compiler (in target 'FBLPromises' from project 'Promises')
    cd /Users/hectorgarcia/LYO_Da_ONE/Lyo.xcodeproj
    
    Using response file: /Users/hectorgarcia/Library/Developer/Xcode/DerivedData/Build/Intermediates.noindex/Promises.build/Debug-iphonesimulator/FBLPromises.build/Objects-normal/x86_64/e6072d4f65d7061329687fe24e3d63a7-common-args.resp
    
    builtin-ScanDependencies -o /Users/hectorgarcia/Library/Developer/Xcode/DerivedData/Build/Intermediates.noindex/Promises.build/Debug-iphonesimulator/FBLPromises.build/Objects-normal/x86_64/FBLPromise+Any.o.scan -- /Users/hectorgarcia/Downloads/Xcode.app/Contents/Developer/Toolchains/XcodeDefault.xctoolchain/usr/bin/clang -x objective-c -ivfsstatcache /Users/hectorgarcia/Library/Developer/Xcode/DerivedData/SDKStatCaches.noindex/iphonesimulator26.2-23C53-823d3e8b6e60bc2018c189d3ca05ba9b.sdkstatcache -fmessage-length\=0 -fdiagnostics-show-note-include-stack -fmacro-backtrace-limit\=0 -fno-color-diagnostics -fmodules-prune-interval\=86400 -fmodules-prune-after\=345600 -fbuild-session-file\=/Users/hectorgarcia/Library/Developer/Xcode/DerivedData/ModuleCache.noindex/Session.modulevalidation -fmodules-validate-once-per-build-session -Wnon-modular-include-in-framework-module -Werror\=non-modular-include-in-framework-module -Wno-trigraphs -Wno-missing-field-initializers -Wno-missing-prototypes -Wno-return-type -Wno-implicit-atomic-properties -Wno-objc-interface-ivars -Wno-arc-repeated-use-of-weak -Wno-missing-braces -Wparentheses -Wswitch -Wno-unused-function -Wno-unused-label -Wno-unused-parameter -Wno-unused-variable -Wunused-value -Wno-empty-body -Wno-uninitialized -Wno-unknown-pragmas -w -Wno-shadow -Wno-four-char-constants -Wno-conversion -Wno-constant-conversion -Wno-int-conversion -Wno-bool-conversion -Wno-enum-conversion -Wno-float-conversion -Wno-non-literal-null-conversion -Wno-objc-literal-conversion -Wshorten-64-to-32 -Wpointer-sign -Wno-newline-eof -Wno-selector -Wno-strict-selector-match -Wno-undeclared-selector -Wno-deprecated-implementations -Wno-implicit-fallthrough -fstrict-aliasing -Wprotocol -Wdeprecated-declarations -Wno-sign-conversion -Wno-infinite-recursion -Wno-comma -Wno-block-capture-autoreleasing -Wno-strict-prototypes -Wno-semicolon-before-method-body -index-store-path /Users/hectorgarcia/Library/Developer/Xcode/DerivedData/Lyo-eagkiegzrakogpczynhkaholsscs/Index.noindex/DataStore @/Users/hectorgarcia/Library/Developer/Xcode/DerivedData/Build/Intermediates.noindex/Promises.build/Debug-iphonesimulator/FBLPromises.build/Objects-normal/x86_64/e6072d4f65d7061329687fe24e3d63a7-common-args.resp -include /Users/hectorgarcia/Library/Developer/Xcode/DerivedData/Build/Intermediates.noindex/Promises.build/Debug-iphonesimulator/FBLPromises.build/DerivedSources/resource_bundle_accessor.h -MMD -MT dependencies -MF /Users/hectorgarcia/Library/Developer/Xcode/DerivedData/Build/Intermediates.noindex/Promises.build/Debug-iphonesimulator/FBLPromises.build/Objects-normal/x86_64/FBLPromise+Any.d --serialize-diagnostics /Users/hectorgarcia/Library/Developer/Xcode/DerivedData/Build/Intermediates.noindex/Promises.build/Debug-iphonesimulator/FBLPromises.build/Objects-normal/x86_64/FBLPromise+Any.dia -c /Users/hectorgarcia/Library/Developer/Xcode/DerivedData/Lyo-eagkiegzrakogpczynhkaholsscs/SourcePackages/checkouts/promises/Sources/FBLPromises/FBLPromise+Any.m -o /Users/hectorgarcia/Library/Developer/Xcode/DerivedData/Build/Intermediates.noindex/Promises.build/Debug-iphonesimulator/FBLPromises.build/Objects-normal/x86_64/FBLPromise+Any.o -index-unit-output-path /Promises.build/Debug-iphonesimulator/FBLPromises.build/Objects-normal/x86_64/FBLPromise+Any.o

ScanDependencies /Users/hectorgarcia/Library/Developer/Xcode/DerivedData/Build/Intermediates.noindex/Promises.build/Debug-iphonesimulator/FBLPromises.build/Objects-normal/x86_64/FBLPromise+Always.o /Users/hectorgarcia/Library/Developer/Xcode/DerivedData/Lyo-eagkiegzrakogpczynhkaholsscs/SourcePackages/checkouts/promises/Sources/FBLPromises/FBLPromise+Always.m normal x86_64 objective-c com.apple.compilers.llvm.clang.1_0.compiler (in target 'FBLPromises' from project 'Promises')
    cd /Users/hectorgarcia/LYO_Da_ONE/Lyo.xcodeproj
    
    Using response file: /Users/hectorgarcia/Library/Developer/Xcode/DerivedData/Build/Intermediates.noindex/Promises.build/Debug-iphonesimulator/FBLPromises.build/Objects-normal/x86_64/e6072d4f65d7061329687fe24e3d63a7-common-args.resp
    
    builtin-ScanDependencies -o /Users/hectorgarcia/Library/Developer/Xcode/DerivedData/Build/Intermediates.noindex/Promises.build/Debug-iphonesimulator/FBLPromises.build/Objects-normal/x86_64/FBLPromise+Always.o.scan -- /Users/hectorgarcia/Downloads/Xcode.app/Contents/Developer/Toolchains/XcodeDefault.xctoolchain/usr/bin/clang -x objective-c -ivfsstatcache /Users/hectorgarcia/Library/Developer/Xcode/DerivedData/SDKStatCaches.noindex/iphonesimulator26.2-23C53-823d3e8b6e60bc2018c189d3ca05ba9b.sdkstatcache -fmessage-length\=0 -fdiagnostics-show-note-include-stack -fmacro-backtrace-limit\=0 -fno-color-diagnostics -fmodules-prune-interval\=86400 -fmodules-prune-after\=345600 -fbuild-session-file\=/Users/hectorgarcia/Library/Developer/Xcode/DerivedData/ModuleCache.noindex/Session.modulevalidation -fmodules-validate-once-per-build-session -Wnon-modular-include-in-framework-module -Werror\=non-modular-include-in-framework-module -Wno-trigraphs -Wno-missing-field-initializers -Wno-missing-prototypes -Wno-return-type -Wno-implicit-atomic-properties -Wno-objc-interface-ivars -Wno-arc-repeated-use-of-weak -Wno-missing-braces -Wparentheses -Wswitch -Wno-unused-function -Wno-unused-label -Wno-unused-parameter -Wno-unused-variable -Wunused-value -Wno-empty-body -Wno-uninitialized -Wno-unknown-pragmas -w -Wno-shadow -Wno-four-char-constants -Wno-conversion -Wno-constant-conversion -Wno-int-conversion -Wno-bool-conversion -Wno-enum-conversion -Wno-float-conversion -Wno-non-literal-null-conversion -Wno-objc-literal-conversion -Wshorten-64-to-32 -Wpointer-sign -Wno-newline-eof -Wno-selector -Wno-strict-selector-match -Wno-undeclared-selector -Wno-deprecated-implementations -Wno-implicit-fallthrough -fstrict-aliasing -Wprotocol -Wdeprecated-declarations -Wno-sign-conversion -Wno-infinite-recursion -Wno-comma -Wno-block-capture-autoreleasing -Wno-strict-prototypes -Wno-semicolon-before-method-body -index-store-path /Users/hectorgarcia/Library/Developer/Xcode/DerivedData/Lyo-eagkiegzrakogpczynhkaholsscs/Index.noindex/DataStore @/Users/hectorgarcia/Library/Developer/Xcode/DerivedData/Build/Intermediates.noindex/Promises.build/Debug-iphonesimulator/FBLPromises.build/Objects-normal/x86_64/e6072d4f65d7061329687fe24e3d63a7-common-args.resp -include /Users/hectorgarcia/Library/Developer/Xcode/DerivedData/Build/Intermediates.noindex/Promises.build/Debug-iphonesimulator/FBLPromises.build/DerivedSources/resource_bundle_accessor.h -MMD -MT dependencies -MF /Users/hectorgarcia/Library/Developer/Xcode/DerivedData/Build/Intermediates.noindex/Promises.build/Debug-iphonesimulator/FBLPromises.build/Objects-normal/x86_64/FBLPromise+Always.d --serialize-diagnostics /Users/hectorgarcia/Library/Developer/Xcode/DerivedData/Build/Intermediates.noindex/Promises.build/Debug-iphonesimulator/FBLPromises.build/Objects-normal/x86_64/FBLPromise+Always.dia -c /Users/hectorgarcia/Library/Developer/Xcode/DerivedData/Lyo-eagkiegzrakogpczynhkaholsscs/SourcePackages/checkouts/promises/Sources/FBLPromises/FBLPromise+Always.m -o /Users/hectorgarcia/Library/Developer/Xcode/DerivedData/Build/Intermediates.noindex/Promises.build/Debug-iphonesimulator/FBLPromises.build/Objects-normal/x86_64/FBLPromise+Always.o -index-unit-output-path /Promises.build/Debug-iphonesimulator/FBLPromises.build/Objects-normal/x86_64/FBLPromise+Always.o

CompileC /Users/hectorgarcia/Library/Developer/Xcode/DerivedData/Build/Intermediates.noindex/Promises.build/Debug-iphonesimulator/FBLPromises.build/Objects-normal/x86_64/FBLPromise+Async.o /Users/hectorgarcia/Library/Developer/Xcode/DerivedData/Lyo-eagkiegzrakogpczynhkaholsscs/SourcePackages/checkouts/promises/Sources/FBLPromises/FBLPromise+Async.m normal x86_64 objective-c com.apple.compilers.llvm.clang.1_0.compiler (in target 'FBLPromises' from project 'Promises')
    cd /Users/hectorgarcia/LYO_Da_ONE/Lyo.xcodeproj
    
    Using response file: /Users/hectorgarcia/Library/Developer/Xcode/DerivedData/Build/Intermediates.noindex/Promises.build/Debug-iphonesimulator/FBLPromises.build/Objects-normal/x86_64/e6072d4f65d7061329687fe24e3d63a7-common-args.resp
    
    /Users/hectorgarcia/Downloads/Xcode.app/Contents/Developer/Toolchains/XcodeDefault.xctoolchain/usr/bin/clang -x objective-c -ivfsstatcache /Users/hectorgarcia/Library/Developer/Xcode/DerivedData/SDKStatCaches.noindex/iphonesimulator26.2-23C53-823d3e8b6e60bc2018c189d3ca05ba9b.sdkstatcache -fmessage-length\=0 -fdiagnostics-show-note-include-stack -fmacro-backtrace-limit\=0 -fno-color-diagnostics -fmodules-prune-interval\=86400 -fmodules-prune-after\=345600 -fbuild-session-file\=/Users/hectorgarcia/Library/Developer/Xcode/DerivedData/ModuleCache.noindex/Session.modulevalidation -fmodules-validate-once-per-build-session -Wnon-modular-include-in-framework-module -Werror\=non-modular-include-in-framework-module -Wno-trigraphs -Wno-missing-field-initializers -Wno-missing-prototypes -Wno-return-type -Wno-implicit-atomic-properties -Wno-objc-interface-ivars -Wno-arc-repeated-use-of-weak -Wno-missing-braces -Wparentheses -Wswitch -Wno-unused-function -Wno-unused-label -Wno-unused-parameter -Wno-unused-variable -Wunused-value -Wno-empty-body -Wno-uninitialized -Wno-unknown-pragmas -w -Wno-shadow -Wno-four-char-constants -Wno-conversion -Wno-constant-conversion -Wno-int-conversion -Wno-bool-conversion -Wno-enum-conversion -Wno-float-conversion -Wno-non-literal-null-conversion -Wno-objc-literal-conversion -Wshorten-64-to-32 -Wpointer-sign -Wno-newline-eof -Wno-selector -Wno-strict-selector-match -Wno-undeclared-selector -Wno-deprecated-implementations -Wno-implicit-fallthrough -fstrict-aliasing -Wprotocol -Wdeprecated-declarations -Wno-sign-conversion -Wno-infinite-recursion -Wno-comma -Wno-block-capture-autoreleasing -Wno-strict-prototypes -Wno-semicolon-before-method-body -index-store-path /Users/hectorgarcia/Library/Developer/Xcode/DerivedData/Lyo-eagkiegzrakogpczynhkaholsscs/Index.noindex/DataStore @/Users/hectorgarcia/Library/Developer/Xcode/DerivedData/Build/Intermediates.noindex/Promises.build/Debug-iphonesimulator/FBLPromises.build/Objects-normal/x86_64/e6072d4f65d7061329687fe24e3d63a7-common-args.resp -include /Users/hectorgarcia/Library/Developer/Xcode/DerivedData/Build/Intermediates.noindex/Promises.build/Debug-iphonesimulator/FBLPromises.build/DerivedSources/resource_bundle_accessor.h -MMD -MT dependencies -MF /Users/hectorgarcia/Library/Developer/Xcode/DerivedData/Build/Intermediates.noindex/Promises.build/Debug-iphonesimulator/FBLPromises.build/Objects-normal/x86_64/FBLPromise+Async.d --serialize-diagnostics /Users/hectorgarcia/Library/Developer/Xcode/DerivedData/Build/Intermediates.noindex/Promises.build/Debug-iphonesimulator/FBLPromises.build/Objects-normal/x86_64/FBLPromise+Async.dia -c /Users/hectorgarcia/Library/Developer/Xcode/DerivedData/Lyo-eagkiegzrakogpczynhkaholsscs/SourcePackages/checkouts/promises/Sources/FBLPromises/FBLPromise+Async.m -o /Users/hectorgarcia/Library/Developer/Xcode/DerivedData/Build/Intermediates.noindex/Promises.build/Debug-iphonesimulator/FBLPromises.build/Objects-normal/x86_64/FBLPromise+Async.o -index-unit-output-path /Promises.build/Debug-iphonesimulator/FBLPromises.build/Objects-normal/x86_64/FBLPromise+Async.o

ScanDependencies /Users/hectorgarcia/Library/Developer/Xcode/DerivedData/Build/Intermediates.noindex/Promises.build/Debug-iphonesimulator/FBLPromises.build/Objects-normal/x86_64/FBLPromise+All.o /Users/hectorgarcia/Library/Developer/Xcode/DerivedData/Lyo-eagkiegzrakogpczynhkaholsscs/SourcePackages/checkouts/promises/Sources/FBLPromises/FBLPromise+All.m normal x86_64 objective-c com.apple.compilers.llvm.clang.1_0.compiler (in target 'FBLPromises' from project 'Promises')
    cd /Users/hectorgarcia/LYO_Da_ONE/Lyo.xcodeproj
    
    Using response file: /Users/hectorgarcia/Library/Developer/Xcode/DerivedData/Build/Intermediates.noindex/Promises.build/Debug-iphonesimulator/FBLPromises.build/Objects-normal/x86_64/e6072d4f65d7061329687fe24e3d63a7-common-args.resp
    
    builtin-ScanDependencies -o /Users/hectorgarcia/Library/Developer/Xcode/DerivedData/Build/Intermediates.noindex/Promises.build/Debug-iphonesimulator/FBLPromises.build/Objects-normal/x86_64/FBLPromise+All.o.scan -- /Users/hectorgarcia/Downloads/Xcode.app/Contents/Developer/Toolchains/XcodeDefault.xctoolchain/usr/bin/clang -x objective-c -ivfsstatcache /Users/hectorgarcia/Library/Developer/Xcode/DerivedData/SDKStatCaches.noindex/iphonesimulator26.2-23C53-823d3e8b6e60bc2018c189d3ca05ba9b.sdkstatcache -fmessage-length\=0 -fdiagnostics-show-note-include-stack -fmacro-backtrace-limit\=0 -fno-color-diagnostics -fmodules-prune-interval\=86400 -fmodules-prune-after\=345600 -fbuild-session-file\=/Users/hectorgarcia/Library/Developer/Xcode/DerivedData/ModuleCache.noindex/Session.modulevalidation -fmodules-validate-once-per-build-session -Wnon-modular-include-in-framework-module -Werror\=non-modular-include-in-framework-module -Wno-trigraphs -Wno-missing-field-initializers -Wno-missing-prototypes -Wno-return-type -Wno-implicit-atomic-properties -Wno-objc-interface-ivars -Wno-arc-repeated-use-of-weak -Wno-missing-braces -Wparentheses -Wswitch -Wno-unused-function -Wno-unused-label -Wno-unused-parameter -Wno-unused-variable -Wunused-value -Wno-empty-body -Wno-uninitialized -Wno-unknown-pragmas -w -Wno-shadow -Wno-four-char-constants -Wno-conversion -Wno-constant-conversion -Wno-int-conversion -Wno-bool-conversion -Wno-enum-conversion -Wno-float-conversion -Wno-non-literal-null-conversion -Wno-objc-literal-conversion -Wshorten-64-to-32 -Wpointer-sign -Wno-newline-eof -Wno-selector -Wno-strict-selector-match -Wno-undeclared-selector -Wno-deprecated-implementations -Wno-implicit-fallthrough -fstrict-aliasing -Wprotocol -Wdeprecated-declarations -Wno-sign-conversion -Wno-infinite-recursion -Wno-comma -Wno-block-capture-autoreleasing -Wno-strict-prototypes -Wno-semicolon-before-method-body -index-store-path /Users/hectorgarcia/Library/Developer/Xcode/DerivedData/Lyo-eagkiegzrakogpczynhkaholsscs/Index.noindex/DataStore @/Users/hectorgarcia/Library/Developer/Xcode/DerivedData/Build/Intermediates.noindex/Promises.build/Debug-iphonesimulator/FBLPromises.build/Objects-normal/x86_64/e6072d4f65d7061329687fe24e3d63a7-common-args.resp -include /Users/hectorgarcia/Library/Developer/Xcode/DerivedData/Build/Intermediates.noindex/Promises.build/Debug-iphonesimulator/FBLPromises.build/DerivedSources/resource_bundle_accessor.h -MMD -MT dependencies -MF /Users/hectorgarcia/Library/Developer/Xcode/DerivedData/Build/Intermediates.noindex/Promises.build/Debug-iphonesimulator/FBLPromises.build/Objects-normal/x86_64/FBLPromise+All.d --serialize-diagnostics /Users/hectorgarcia/Library/Developer/Xcode/DerivedData/Build/Intermediates.noindex/Promises.build/Debug-iphonesimulator/FBLPromises.build/Objects-normal/x86_64/FBLPromise+All.dia -c /Users/hectorgarcia/Library/Developer/Xcode/DerivedData/Lyo-eagkiegzrakogpczynhkaholsscs/SourcePackages/checkouts/promises/Sources/FBLPromises/FBLPromise+All.m -o /Users/hectorgarcia/Library/Developer/Xcode/DerivedData/Build/Intermediates.noindex/Promises.build/Debug-iphonesimulator/FBLPromises.build/Objects-normal/x86_64/FBLPromise+All.o -index-unit-output-path /Promises.build/Debug-iphonesimulator/FBLPromises.build/Objects-normal/x86_64/FBLPromise+All.o

PrecompileModule /Users/hectorgarcia/Library/Developer/Xcode/DerivedData/Build/Intermediates.noindex/ExplicitPrecompiledModules/FirebaseCoreExtension-1GY8LBB726N8FEU0M9WR3LGVE.scan
    cd /
    builtin-precompileModule /Users/hectorgarcia/Library/Developer/Xcode/DerivedData/Build/Intermediates.noindex/ExplicitPrecompiledModules/FirebaseCoreExtension-1GY8LBB726N8FEU0M9WR3LGVE.scan

CompileC /Users/hectorgarcia/Library/Developer/Xcode/DerivedData/Build/Intermediates.noindex/Promises.build/Debug-iphonesimulator/FBLPromises.build/Objects-normal/x86_64/FBLPromise+Any.o /Users/hectorgarcia/Library/Developer/Xcode/DerivedData/Lyo-eagkiegzrakogpczynhkaholsscs/SourcePackages/checkouts/promises/Sources/FBLPromises/FBLPromise+Any.m normal x86_64 objective-c com.apple.compilers.llvm.clang.1_0.compiler (in target 'FBLPromises' from project 'Promises')
    cd /Users/hectorgarcia/LYO_Da_ONE/Lyo.xcodeproj
    
    Using response file: /Users/hectorgarcia/Library/Developer/Xcode/DerivedData/Build/Intermediates.noindex/Promises.build/Debug-iphonesimulator/FBLPromises.build/Objects-normal/x86_64/e6072d4f65d7061329687fe24e3d63a7-common-args.resp
    
    /Users/hectorgarcia/Downloads/Xcode.app/Contents/Developer/Toolchains/XcodeDefault.xctoolchain/usr/bin/clang -x objective-c -ivfsstatcache /Users/hectorgarcia/Library/Developer/Xcode/DerivedData/SDKStatCaches.noindex/iphonesimulator26.2-23C53-823d3e8b6e60bc2018c189d3ca05ba9b.sdkstatcache -fmessage-length\=0 -fdiagnostics-show-note-include-stack -fmacro-backtrace-limit\=0 -fno-color-diagnostics -fmodules-prune-interval\=86400 -fmodules-prune-after\=345600 -fbuild-session-file\=/Users/hectorgarcia/Library/Developer/Xcode/DerivedData/ModuleCache.noindex/Session.modulevalidation -fmodules-validate-once-per-build-session -Wnon-modular-include-in-framework-module -Werror\=non-modular-include-in-framework-module -Wno-trigraphs -Wno-missing-field-initializers -Wno-missing-prototypes -Wno-return-type -Wno-implicit-atomic-properties -Wno-objc-interface-ivars -Wno-arc-repeated-use-of-weak -Wno-missing-braces -Wparentheses -Wswitch -Wno-unused-function -Wno-unused-label -Wno-unused-parameter -Wno-unused-variable -Wunused-value -Wno-empty-body -Wno-uninitialized -Wno-unknown-pragmas -w -Wno-shadow -Wno-four-char-constants -Wno-conversion -Wno-constant-conversion -Wno-int-conversion -Wno-bool-conversion -Wno-enum-conversion -Wno-float-conversion -Wno-non-literal-null-conversion -Wno-objc-literal-conversion -Wshorten-64-to-32 -Wpointer-sign -Wno-newline-eof -Wno-selector -Wno-strict-selector-match -Wno-undeclared-selector -Wno-deprecated-implementations -Wno-implicit-fallthrough -fstrict-aliasing -Wprotocol -Wdeprecated-declarations -Wno-sign-conversion -Wno-infinite-recursion -Wno-comma -Wno-block-capture-autoreleasing -Wno-strict-prototypes -Wno-semicolon-before-method-body -index-store-path /Users/hectorgarcia/Library/Developer/Xcode/DerivedData/Lyo-eagkiegzrakogpczynhkaholsscs/Index.noindex/DataStore @/Users/hectorgarcia/Library/Developer/Xcode/DerivedData/Build/Intermediates.noindex/Promises.build/Debug-iphonesimulator/FBLPromises.build/Objects-normal/x86_64/e6072d4f65d7061329687fe24e3d63a7-common-args.resp -include /Users/hectorgarcia/Library/Developer/Xcode/DerivedData/Build/Intermediates.noindex/Promises.build/Debug-iphonesimulator/FBLPromises.build/DerivedSources/resource_bundle_accessor.h -MMD -MT dependencies -MF /Users/hectorgarcia/Library/Developer/Xcode/DerivedData/Build/Intermediates.noindex/Promises.build/Debug-iphonesimulator/FBLPromises.build/Objects-normal/x86_64/FBLPromise+Any.d --serialize-diagnostics /Users/hectorgarcia/Library/Developer/Xcode/DerivedData/Build/Intermediates.noindex/Promises.build/Debug-iphonesimulator/FBLPromises.build/Objects-normal/x86_64/FBLPromise+Any.dia -c /Users/hectorgarcia/Library/Developer/Xcode/DerivedData/Lyo-eagkiegzrakogpczynhkaholsscs/SourcePackages/checkouts/promises/Sources/FBLPromises/FBLPromise+Any.m -o /Users/hectorgarcia/Library/Developer/Xcode/DerivedData/Build/Intermediates.noindex/Promises.build/Debug-iphonesimulator/FBLPromises.build/Objects-normal/x86_64/FBLPromise+Any.o -index-unit-output-path /Promises.build/Debug-iphonesimulator/FBLPromises.build/Objects-normal/x86_64/FBLPromise+Any.o

CompileC /Users/hectorgarcia/Library/Developer/Xcode/DerivedData/Build/Intermediates.noindex/Promises.build/Debug-iphonesimulator/FBLPromises.build/Objects-normal/x86_64/FBLPromise+Always.o /Users/hectorgarcia/Library/Developer/Xcode/DerivedData/Lyo-eagkiegzrakogpczynhkaholsscs/SourcePackages/checkouts/promises/Sources/FBLPromises/FBLPromise+Always.m normal x86_64 objective-c com.apple.compilers.llvm.clang.1_0.compiler (in target 'FBLPromises' from project 'Promises')
    cd /Users/hectorgarcia/LYO_Da_ONE/Lyo.xcodeproj
    
    Using response file: /Users/hectorgarcia/Library/Developer/Xcode/DerivedData/Build/Intermediates.noindex/Promises.build/Debug-iphonesimulator/FBLPromises.build/Objects-normal/x86_64/e6072d4f65d7061329687fe24e3d63a7-common-args.resp
    
    /Users/hectorgarcia/Downloads/Xcode.app/Contents/Developer/Toolchains/XcodeDefault.xctoolchain/usr/bin/clang -x objective-c -ivfsstatcache /Users/hectorgarcia/Library/Developer/Xcode/DerivedData/SDKStatCaches.noindex/iphonesimulator26.2-23C53-823d3e8b6e60bc2018c189d3ca05ba9b.sdkstatcache -fmessage-length\=0 -fdiagnostics-show-note-include-stack -fmacro-backtrace-limit\=0 -fno-color-diagnostics -fmodules-prune-interval\=86400 -fmodules-prune-after\=345600 -fbuild-session-file\=/Users/hectorgarcia/Library/Developer/Xcode/DerivedData/ModuleCache.noindex/Session.modulevalidation -fmodules-validate-once-per-build-session -Wnon-modular-include-in-framework-module -Werror\=non-modular-include-in-framework-module -Wno-trigraphs -Wno-missing-field-initializers -Wno-missing-prototypes -Wno-return-type -Wno-implicit-atomic-properties -Wno-objc-interface-ivars -Wno-arc-repeated-use-of-weak -Wno-missing-braces -Wparentheses -Wswitch -Wno-unused-function -Wno-unused-label -Wno-unused-parameter -Wno-unused-variable -Wunused-value -Wno-empty-body -Wno-uninitialized -Wno-unknown-pragmas -w -Wno-shadow -Wno-four-char-constants -Wno-conversion -Wno-constant-conversion -Wno-int-conversion -Wno-bool-conversion -Wno-enum-conversion -Wno-float-conversion -Wno-non-literal-null-conversion -Wno-objc-literal-conversion -Wshorten-64-to-32 -Wpointer-sign -Wno-newline-eof -Wno-selector -Wno-strict-selector-match -Wno-undeclared-selector -Wno-deprecated-implementations -Wno-implicit-fallthrough -fstrict-aliasing -Wprotocol -Wdeprecated-declarations -Wno-sign-conversion -Wno-infinite-recursion -Wno-comma -Wno-block-capture-autoreleasing -Wno-strict-prototypes -Wno-semicolon-before-method-body -index-store-path /Users/hectorgarcia/Library/Developer/Xcode/DerivedData/Lyo-eagkiegzrakogpczynhkaholsscs/Index.noindex/DataStore @/Users/hectorgarcia/Library/Developer/Xcode/DerivedData/Build/Intermediates.noindex/Promises.build/Debug-iphonesimulator/FBLPromises.build/Objects-normal/x86_64/e6072d4f65d7061329687fe24e3d63a7-common-args.resp -include /Users/hectorgarcia/Library/Developer/Xcode/DerivedData/Build/Intermediates.noindex/Promises.build/Debug-iphonesimulator/FBLPromises.build/DerivedSources/resource_bundle_accessor.h -MMD -MT dependencies -MF /Users/hectorgarcia/Library/Developer/Xcode/DerivedData/Build/Intermediates.noindex/Promises.build/Debug-iphonesimulator/FBLPromises.build/Objects-normal/x86_64/FBLPromise+Always.d --serialize-diagnostics /Users/hectorgarcia/Library/Developer/Xcode/DerivedData/Build/Intermediates.noindex/Promises.build/Debug-iphonesimulator/FBLPromises.build/Objects-normal/x86_64/FBLPromise+Always.dia -c /Users/hectorgarcia/Library/Developer/Xcode/DerivedData/Lyo-eagkiegzrakogpczynhkaholsscs/SourcePackages/checkouts/promises/Sources/FBLPromises/FBLPromise+Always.m -o /Users/hectorgarcia/Library/Developer/Xcode/DerivedData/Build/Intermediates.noindex/Promises.build/Debug-iphonesimulator/FBLPromises.build/Objects-normal/x86_64/FBLPromise+Always.o -index-unit-output-path /Promises.build/Debug-iphonesimulator/FBLPromises.build/Objects-normal/x86_64/FBLPromise+Always.o

ProcessInfoPlistFile /Users/hectorgarcia/Library/Developer/Xcode/DerivedData/Build/Products/Debug-iphonesimulator/AppAuth_AppAuthCore.bundle/Info.plist /Users/hectorgarcia/Library/Developer/Xcode/DerivedData/Build/Intermediates.noindex/AppAuth.build/Debug-iphonesimulator/AppAuth_AppAuthCore.build/empty-AppAuth_AppAuthCore.plist (in target 'AppAuth_AppAuthCore' from project 'AppAuth')
    cd /Users/hectorgarcia/Library/Developer/Xcode/DerivedData/Lyo-eagkiegzrakogpczynhkaholsscs/SourcePackages/checkouts/AppAuth-iOS
    builtin-infoPlistUtility /Users/hectorgarcia/Library/Developer/Xcode/DerivedData/Build/Intermediates.noindex/AppAuth.build/Debug-iphonesimulator/AppAuth_AppAuthCore.build/empty-AppAuth_AppAuthCore.plist -producttype com.apple.product-type.bundle -expandbuildsettings -format binary -platform iphonesimulator -o /Users/hectorgarcia/Library/Developer/Xcode/DerivedData/Build/Products/Debug-iphonesimulator/AppAuth_AppAuthCore.bundle/Info.plist

CompileC /Users/hectorgarcia/Library/Developer/Xcode/DerivedData/Build/Intermediates.noindex/Promises.build/Debug-iphonesimulator/FBLPromises.build/Objects-normal/x86_64/FBLPromise+All.o /Users/hectorgarcia/Library/Developer/Xcode/DerivedData/Lyo-eagkiegzrakogpczynhkaholsscs/SourcePackages/checkouts/promises/Sources/FBLPromises/FBLPromise+All.m normal x86_64 objective-c com.apple.compilers.llvm.clang.1_0.compiler (in target 'FBLPromises' from project 'Promises')
    cd /Users/hectorgarcia/LYO_Da_ONE/Lyo.xcodeproj
    
    Using response file: /Users/hectorgarcia/Library/Developer/Xcode/DerivedData/Build/Intermediates.noindex/Promises.build/Debug-iphonesimulator/FBLPromises.build/Objects-normal/x86_64/e6072d4f65d7061329687fe24e3d63a7-common-args.resp
    
    /Users/hectorgarcia/Downloads/Xcode.app/Contents/Developer/Toolchains/XcodeDefault.xctoolchain/usr/bin/clang -x objective-c -ivfsstatcache /Users/hectorgarcia/Library/Developer/Xcode/DerivedData/SDKStatCaches.noindex/iphonesimulator26.2-23C53-823d3e8b6e60bc2018c189d3ca05ba9b.sdkstatcache -fmessage-length\=0 -fdiagnostics-show-note-include-stack -fmacro-backtrace-limit\=0 -fno-color-diagnostics -fmodules-prune-interval\=86400 -fmodules-prune-after\=345600 -fbuild-session-file\=/Users/hectorgarcia/Library/Developer/Xcode/DerivedData/ModuleCache.noindex/Session.modulevalidation -fmodules-validate-once-per-build-session -Wnon-modular-include-in-framework-module -Werror\=non-modular-include-in-framework-module -Wno-trigraphs -Wno-missing-field-initializers -Wno-missing-prototypes -Wno-return-type -Wno-implicit-atomic-properties -Wno-objc-interface-ivars -Wno-arc-repeated-use-of-weak -Wno-missing-braces -Wparentheses -Wswitch -Wno-unused-function -Wno-unused-label -Wno-unused-parameter -Wno-unused-variable -Wunused-value -Wno-empty-body -Wno-uninitialized -Wno-unknown-pragmas -w -Wno-shadow -Wno-four-char-constants -Wno-conversion -Wno-constant-conversion -Wno-int-conversion -Wno-bool-conversion -Wno-enum-conversion -Wno-float-conversion -Wno-non-literal-null-conversion -Wno-objc-literal-conversion -Wshorten-64-to-32 -Wpointer-sign -Wno-newline-eof -Wno-selector -Wno-strict-selector-match -Wno-undeclared-selector -Wno-deprecated-implementations -Wno-implicit-fallthrough -fstrict-aliasing -Wprotocol -Wdeprecated-declarations -Wno-sign-conversion -Wno-infinite-recursion -Wno-comma -Wno-block-capture-autoreleasing -Wno-strict-prototypes -Wno-semicolon-before-method-body -index-store-path /Users/hectorgarcia/Library/Developer/Xcode/DerivedData/Lyo-eagkiegzrakogpczynhkaholsscs/Index.noindex/DataStore @/Users/hectorgarcia/Library/Developer/Xcode/DerivedData/Build/Intermediates.noindex/Promises.build/Debug-iphonesimulator/FBLPromises.build/Objects-normal/x86_64/e6072d4f65d7061329687fe24e3d63a7-common-args.resp -include /Users/hectorgarcia/Library/Developer/Xcode/DerivedData/Build/Intermediates.noindex/Promises.build/Debug-iphonesimulator/FBLPromises.build/DerivedSources/resource_bundle_accessor.h -MMD -MT dependencies -MF /Users/hectorgarcia/Library/Developer/Xcode/DerivedData/Build/Intermediates.noindex/Promises.build/Debug-iphonesimulator/FBLPromises.build/Objects-normal/x86_64/FBLPromise+All.d --serialize-diagnostics /Users/hectorgarcia/Library/Developer/Xcode/DerivedData/Build/Intermediates.noindex/Promises.build/Debug-iphonesimulator/FBLPromises.build/Objects-normal/x86_64/FBLPromise+All.dia -c /Users/hectorgarcia/Library/Developer/Xcode/DerivedData/Lyo-eagkiegzrakogpczynhkaholsscs/SourcePackages/checkouts/promises/Sources/FBLPromises/FBLPromise+All.m -o /Users/hectorgarcia/Library/Developer/Xcode/DerivedData/Build/Intermediates.noindex/Promises.build/Debug-iphonesimulator/FBLPromises.build/Objects-normal/x86_64/FBLPromise+All.o -index-unit-output-path /Promises.build/Debug-iphonesimulator/FBLPromises.build/Objects-normal/x86_64/FBLPromise+All.o

CpResource /Users/hectorgarcia/Library/Developer/Xcode/DerivedData/Build/Products/Debug-iphonesimulator/AppAuth_AppAuthCore.bundle/PrivacyInfo.xcprivacy /Users/hectorgarcia/Library/Developer/Xcode/DerivedData/Lyo-eagkiegzrakogpczynhkaholsscs/SourcePackages/checkouts/AppAuth-iOS/Sources/AppAuthCore/Resources/PrivacyInfo.xcprivacy (in target 'AppAuth_AppAuthCore' from project 'AppAuth')
    cd /Users/hectorgarcia/Library/Developer/Xcode/DerivedData/Lyo-eagkiegzrakogpczynhkaholsscs/SourcePackages/checkouts/AppAuth-iOS
    builtin-copy -exclude .DS_Store -exclude CVS -exclude .svn -exclude .git -exclude .hg -resolve-src-symlinks /Users/hectorgarcia/Library/Developer/Xcode/DerivedData/Lyo-eagkiegzrakogpczynhkaholsscs/SourcePackages/checkouts/AppAuth-iOS/Sources/AppAuthCore/Resources/PrivacyInfo.xcprivacy /Users/hectorgarcia/Library/Developer/Xcode/DerivedData/Build/Products/Debug-iphonesimulator/AppAuth_AppAuthCore.bundle

CompileC /Users/hectorgarcia/Library/Developer/Xcode/DerivedData/Build/Intermediates.noindex/Firebase.build/Debug-iphonesimulator/FirebaseSessionsObjC.build/Objects-normal/x86_64/FIRSESNanoPBHelpers.o /Users/hectorgarcia/Library/Developer/Xcode/DerivedData/Lyo-eagkiegzrakogpczynhkaholsscs/SourcePackages/checkouts/firebase-ios-sdk/FirebaseSessions/SourcesObjC/NanoPB/FIRSESNanoPBHelpers.m normal x86_64 objective-c com.apple.compilers.llvm.clang.1_0.compiler (in target 'FirebaseSessionsObjC' from project 'Firebase')
    cd /Users/hectorgarcia/LYO_Da_ONE/Lyo.xcodeproj
    
    Using response file: /Users/hectorgarcia/Library/Developer/Xcode/DerivedData/Build/Intermediates.noindex/Firebase.build/Debug-iphonesimulator/FirebaseSessionsObjC.build/Objects-normal/x86_64/e6072d4f65d7061329687fe24e3d63a7-common-args.resp
    
    /Users/hectorgarcia/Downloads/Xcode.app/Contents/Developer/Toolchains/XcodeDefault.xctoolchain/usr/bin/clang -x objective-c -ivfsstatcache /Users/hectorgarcia/Library/Developer/Xcode/DerivedData/SDKStatCaches.noindex/iphonesimulator26.2-23C53-823d3e8b6e60bc2018c189d3ca05ba9b.sdkstatcache -fmessage-length\=0 -fdiagnostics-show-note-include-stack -fmacro-backtrace-limit\=0 -fno-color-diagnostics -fmodules-prune-interval\=86400 -fmodules-prune-after\=345600 -fbuild-session-file\=/Users/hectorgarcia/Library/Developer/Xcode/DerivedData/ModuleCache.noindex/Session.modulevalidation -fmodules-validate-once-per-build-session -Wnon-modular-include-in-framework-module -Werror\=non-modular-include-in-framework-module -Wno-trigraphs -Wno-missing-field-initializers -Wno-missing-prototypes -Wno-return-type -Wno-implicit-atomic-properties -Wno-objc-interface-ivars -Wno-arc-repeated-use-of-weak -Wno-missing-braces -Wparentheses -Wswitch -Wno-unused-function -Wno-unused-label -Wno-unused-parameter -Wno-unused-variable -Wunused-value -Wno-empty-body -Wno-uninitialized -Wno-unknown-pragmas -w -Wno-shadow -Wno-four-char-constants -Wno-conversion -Wno-constant-conversion -Wno-int-conversion -Wno-bool-conversion -Wno-enum-conversion -Wno-float-conversion -Wno-non-literal-null-conversion -Wno-objc-literal-conversion -Wshorten-64-to-32 -Wpointer-sign -Wno-newline-eof -Wno-selector -Wno-strict-selector-match -Wno-undeclared-selector -Wno-deprecated-implementations -Wno-implicit-fallthrough -fstrict-aliasing -Wprotocol -Wdeprecated-declarations -Wno-sign-conversion -Wno-infinite-recursion -Wno-comma -Wno-block-capture-autoreleasing -Wno-strict-prototypes -Wno-semicolon-before-method-body -index-store-path /Users/hectorgarcia/Library/Developer/Xcode/DerivedData/Lyo-eagkiegzrakogpczynhkaholsscs/Index.noindex/DataStore @/Users/hectorgarcia/Library/Developer/Xcode/DerivedData/Build/Intermediates.noindex/Firebase.build/Debug-iphonesimulator/FirebaseSessionsObjC.build/Objects-normal/x86_64/e6072d4f65d7061329687fe24e3d63a7-common-args.resp -MMD -MT dependencies -MF /Users/hectorgarcia/Library/Developer/Xcode/DerivedData/Build/Intermediates.noindex/Firebase.build/Debug-iphonesimulator/FirebaseSessionsObjC.build/Objects-normal/x86_64/FIRSESNanoPBHelpers.d --serialize-diagnostics /Users/hectorgarcia/Library/Developer/Xcode/DerivedData/Build/Intermediates.noindex/Firebase.build/Debug-iphonesimulator/FirebaseSessionsObjC.build/Objects-normal/x86_64/FIRSESNanoPBHelpers.dia -c /Users/hectorgarcia/Library/Developer/Xcode/DerivedData/Lyo-eagkiegzrakogpczynhkaholsscs/SourcePackages/checkouts/firebase-ios-sdk/FirebaseSessions/SourcesObjC/NanoPB/FIRSESNanoPBHelpers.m -o /Users/hectorgarcia/Library/Developer/Xcode/DerivedData/Build/Intermediates.noindex/Firebase.build/Debug-iphonesimulator/FirebaseSessionsObjC.build/Objects-normal/x86_64/FIRSESNanoPBHelpers.o -index-unit-output-path /Firebase.build/Debug-iphonesimulator/FirebaseSessionsObjC.build/Objects-normal/x86_64/FIRSESNanoPBHelpers.o

ProcessInfoPlistFile /Users/hectorgarcia/Library/Developer/Xcode/DerivedData/Build/Products/Debug-iphonesimulator/AppAuth_AppAuth.bundle/Info.plist /Users/hectorgarcia/Library/Developer/Xcode/DerivedData/Build/Intermediates.noindex/AppAuth.build/Debug-iphonesimulator/AppAuth_AppAuth.build/empty-AppAuth_AppAuth.plist (in target 'AppAuth_AppAuth' from project 'AppAuth')
    cd /Users/hectorgarcia/Library/Developer/Xcode/DerivedData/Lyo-eagkiegzrakogpczynhkaholsscs/SourcePackages/checkouts/AppAuth-iOS
    builtin-infoPlistUtility /Users/hectorgarcia/Library/Developer/Xcode/DerivedData/Build/Intermediates.noindex/AppAuth.build/Debug-iphonesimulator/AppAuth_AppAuth.build/empty-AppAuth_AppAuth.plist -producttype com.apple.product-type.bundle -expandbuildsettings -format binary -platform iphonesimulator -o /Users/hectorgarcia/Library/Developer/Xcode/DerivedData/Build/Products/Debug-iphonesimulator/AppAuth_AppAuth.bundle/Info.plist

CpResource /Users/hectorgarcia/Library/Developer/Xcode/DerivedData/Build/Products/Debug-iphonesimulator/AppAuth_AppAuth.bundle/PrivacyInfo.xcprivacy /Users/hectorgarcia/Library/Developer/Xcode/DerivedData/Lyo-eagkiegzrakogpczynhkaholsscs/SourcePackages/checkouts/AppAuth-iOS/Sources/AppAuth/Resources/PrivacyInfo.xcprivacy (in target 'AppAuth_AppAuth' from project 'AppAuth')
    cd /Users/hectorgarcia/Library/Developer/Xcode/DerivedData/Lyo-eagkiegzrakogpczynhkaholsscs/SourcePackages/checkouts/AppAuth-iOS
    builtin-copy -exclude .DS_Store -exclude CVS -exclude .svn -exclude .git -exclude .hg -resolve-src-symlinks /Users/hectorgarcia/Library/Developer/Xcode/DerivedData/Lyo-eagkiegzrakogpczynhkaholsscs/SourcePackages/checkouts/AppAuth-iOS/Sources/AppAuth/Resources/PrivacyInfo.xcprivacy /Users/hectorgarcia/Library/Developer/Xcode/DerivedData/Build/Products/Debug-iphonesimulator/AppAuth_AppAuth.bundle

ScanDependencies /Users/hectorgarcia/Library/Developer/Xcode/DerivedData/Build/Intermediates.noindex/AppAuth.build/Debug-iphonesimulator/AppAuthCore.build/Objects-normal/x86_64/resource_bundle_accessor.o /Users/hectorgarcia/Library/Developer/Xcode/DerivedData/Build/Intermediates.noindex/AppAuth.build/Debug-iphonesimulator/AppAuthCore.build/DerivedSources/resource_bundle_accessor.m normal x86_64 objective-c com.apple.compilers.llvm.clang.1_0.compiler (in target 'AppAuthCore' from project 'AppAuth')
    cd /Users/hectorgarcia/LYO_Da_ONE/Lyo.xcodeproj
    
    Using response file: /Users/hectorgarcia/Library/Developer/Xcode/DerivedData/Build/Intermediates.noindex/AppAuth.build/Debug-iphonesimulator/AppAuthCore.build/Objects-normal/x86_64/e6072d4f65d7061329687fe24e3d63a7-common-args.resp
    
    builtin-ScanDependencies -o /Users/hectorgarcia/Library/Developer/Xcode/DerivedData/Build/Intermediates.noindex/AppAuth.build/Debug-iphonesimulator/AppAuthCore.build/Objects-normal/x86_64/resource_bundle_accessor.o.scan -- /Users/hectorgarcia/Downloads/Xcode.app/Contents/Developer/Toolchains/XcodeDefault.xctoolchain/usr/bin/clang -x objective-c -ivfsstatcache /Users/hectorgarcia/Library/Developer/Xcode/DerivedData/SDKStatCaches.noindex/iphonesimulator26.2-23C53-823d3e8b6e60bc2018c189d3ca05ba9b.sdkstatcache -fmessage-length\=0 -fdiagnostics-show-note-include-stack -fmacro-backtrace-limit\=0 -fno-color-diagnostics -fmodules-prune-interval\=86400 -fmodules-prune-after\=345600 -fbuild-session-file\=/Users/hectorgarcia/Library/Developer/Xcode/DerivedData/ModuleCache.noindex/Session.modulevalidation -fmodules-validate-once-per-build-session -Wnon-modular-include-in-framework-module -Werror\=non-modular-include-in-framework-module -Wno-trigraphs -Wno-missing-field-initializers -Wno-missing-prototypes -Wno-return-type -Wno-implicit-atomic-properties -Wno-objc-interface-ivars -Wno-arc-repeated-use-of-weak -Wno-missing-braces -Wparentheses -Wswitch -Wno-unused-function -Wno-unused-label -Wno-unused-parameter -Wno-unused-variable -Wunused-value -Wno-empty-body -Wno-uninitialized -Wno-unknown-pragmas -w -Wno-shadow -Wno-four-char-constants -Wno-conversion -Wno-constant-conversion -Wno-int-conversion -Wno-bool-conversion -Wno-enum-conversion -Wno-float-conversion -Wno-non-literal-null-conversion -Wno-objc-literal-conversion -Wshorten-64-to-32 -Wpointer-sign -Wno-newline-eof -Wno-selector -Wno-strict-selector-match -Wno-undeclared-selector -Wno-deprecated-implementations -Wno-implicit-fallthrough -fstrict-aliasing -Wprotocol -Wdeprecated-declarations -Wno-sign-conversion -Wno-infinite-recursion -Wno-comma -Wno-block-capture-autoreleasing -Wno-strict-prototypes -Wno-semicolon-before-method-body -index-store-path /Users/hectorgarcia/Library/Developer/Xcode/DerivedData/Lyo-eagkiegzrakogpczynhkaholsscs/Index.noindex/DataStore @/Users/hectorgarcia/Library/Developer/Xcode/DerivedData/Build/Intermediates.noindex/AppAuth.build/Debug-iphonesimulator/AppAuthCore.build/Objects-normal/x86_64/e6072d4f65d7061329687fe24e3d63a7-common-args.resp -include /Users/hectorgarcia/Library/Developer/Xcode/DerivedData/Build/Intermediates.noindex/AppAuth.build/Debug-iphonesimulator/AppAuthCore.build/DerivedSources/resource_bundle_accessor.h -MMD -MT dependencies -MF /Users/hectorgarcia/Library/Developer/Xcode/DerivedData/Build/Intermediates.noindex/AppAuth.build/Debug-iphonesimulator/AppAuthCore.build/Objects-normal/x86_64/resource_bundle_accessor.d --serialize-diagnostics /Users/hectorgarcia/Library/Developer/Xcode/DerivedData/Build/Intermediates.noindex/AppAuth.build/Debug-iphonesimulator/AppAuthCore.build/Objects-normal/x86_64/resource_bundle_accessor.dia -c /Users/hectorgarcia/Library/Developer/Xcode/DerivedData/Build/Intermediates.noindex/AppAuth.build/Debug-iphonesimulator/AppAuthCore.build/DerivedSources/resource_bundle_accessor.m -o /Users/hectorgarcia/Library/Developer/Xcode/DerivedData/Build/Intermediates.noindex/AppAuth.build/Debug-iphonesimulator/AppAuthCore.build/Objects-normal/x86_64/resource_bundle_accessor.o -index-unit-output-path /AppAuth.build/Debug-iphonesimulator/AppAuthCore.build/Objects-normal/x86_64/resource_bundle_accessor.o

ScanDependencies /Users/hectorgarcia/Library/Developer/Xcode/DerivedData/Build/Intermediates.noindex/AppAuth.build/Debug-iphonesimulator/AppAuthCore.build/Objects-normal/x86_64/OIDURLSessionProvider.o /Users/hectorgarcia/Library/Developer/Xcode/DerivedData/Lyo-eagkiegzrakogpczynhkaholsscs/SourcePackages/checkouts/AppAuth-iOS/Sources/AppAuthCore/OIDURLSessionProvider.m normal x86_64 objective-c com.apple.compilers.llvm.clang.1_0.compiler (in target 'AppAuthCore' from project 'AppAuth')
    cd /Users/hectorgarcia/LYO_Da_ONE/Lyo.xcodeproj
    
    Using response file: /Users/hectorgarcia/Library/Developer/Xcode/DerivedData/Build/Intermediates.noindex/AppAuth.build/Debug-iphonesimulator/AppAuthCore.build/Objects-normal/x86_64/e6072d4f65d7061329687fe24e3d63a7-common-args.resp
    
    builtin-ScanDependencies -o /Users/hectorgarcia/Library/Developer/Xcode/DerivedData/Build/Intermediates.noindex/AppAuth.build/Debug-iphonesimulator/AppAuthCore.build/Objects-normal/x86_64/OIDURLSessionProvider.o.scan -- /Users/hectorgarcia/Downloads/Xcode.app/Contents/Developer/Toolchains/XcodeDefault.xctoolchain/usr/bin/clang -x objective-c -ivfsstatcache /Users/hectorgarcia/Library/Developer/Xcode/DerivedData/SDKStatCaches.noindex/iphonesimulator26.2-23C53-823d3e8b6e60bc2018c189d3ca05ba9b.sdkstatcache -fmessage-length\=0 -fdiagnostics-show-note-include-stack -fmacro-backtrace-limit\=0 -fno-color-diagnostics -fmodules-prune-interval\=86400 -fmodules-prune-after\=345600 -fbuild-session-file\=/Users/hectorgarcia/Library/Developer/Xcode/DerivedData/ModuleCache.noindex/Session.modulevalidation -fmodules-validate-once-per-build-session -Wnon-modular-include-in-framework-module -Werror\=non-modular-include-in-framework-module -Wno-trigraphs -Wno-missing-field-initializers -Wno-missing-prototypes -Wno-return-type -Wno-implicit-atomic-properties -Wno-objc-interface-ivars -Wno-arc-repeated-use-of-weak -Wno-missing-braces -Wparentheses -Wswitch -Wno-unused-function -Wno-unused-label -Wno-unused-parameter -Wno-unused-variable -Wunused-value -Wno-empty-body -Wno-uninitialized -Wno-unknown-pragmas -w -Wno-shadow -Wno-four-char-constants -Wno-conversion -Wno-constant-conversion -Wno-int-conversion -Wno-bool-conversion -Wno-enum-conversion -Wno-float-conversion -Wno-non-literal-null-conversion -Wno-objc-literal-conversion -Wshorten-64-to-32 -Wpointer-sign -Wno-newline-eof -Wno-selector -Wno-strict-selector-match -Wno-undeclared-selector -Wno-deprecated-implementations -Wno-implicit-fallthrough -fstrict-aliasing -Wprotocol -Wdeprecated-declarations -Wno-sign-conversion -Wno-infinite-recursion -Wno-comma -Wno-block-capture-autoreleasing -Wno-strict-prototypes -Wno-semicolon-before-method-body -index-store-path /Users/hectorgarcia/Library/Developer/Xcode/DerivedData/Lyo-eagkiegzrakogpczynhkaholsscs/Index.noindex/DataStore @/Users/hectorgarcia/Library/Developer/Xcode/DerivedData/Build/Intermediates.noindex/AppAuth.build/Debug-iphonesimulator/AppAuthCore.build/Objects-normal/x86_64/e6072d4f65d7061329687fe24e3d63a7-common-args.resp -include /Users/hectorgarcia/Library/Developer/Xcode/DerivedData/Build/Intermediates.noindex/AppAuth.build/Debug-iphonesimulator/AppAuthCore.build/DerivedSources/resource_bundle_accessor.h -MMD -MT dependencies -MF /Users/hectorgarcia/Library/Developer/Xcode/DerivedData/Build/Intermediates.noindex/AppAuth.build/Debug-iphonesimulator/AppAuthCore.build/Objects-normal/x86_64/OIDURLSessionProvider.d --serialize-diagnostics /Users/hectorgarcia/Library/Developer/Xcode/DerivedData/Build/Intermediates.noindex/AppAuth.build/Debug-iphonesimulator/AppAuthCore.build/Objects-normal/x86_64/OIDURLSessionProvider.dia -c /Users/hectorgarcia/Library/Developer/Xcode/DerivedData/Lyo-eagkiegzrakogpczynhkaholsscs/SourcePackages/checkouts/AppAuth-iOS/Sources/AppAuthCore/OIDURLSessionProvider.m -o /Users/hectorgarcia/Library/Developer/Xcode/DerivedData/Build/Intermediates.noindex/AppAuth.build/Debug-iphonesimulator/AppAuthCore.build/Objects-normal/x86_64/OIDURLSessionProvider.o -index-unit-output-path /AppAuth.build/Debug-iphonesimulator/AppAuthCore.build/Objects-normal/x86_64/OIDURLSessionProvider.o

ScanDependencies /Users/hectorgarcia/Library/Developer/Xcode/DerivedData/Build/Intermediates.noindex/AppAuth.build/Debug-iphonesimulator/AppAuthCore.build/Objects-normal/x86_64/OIDURLQueryComponent.o /Users/hectorgarcia/Library/Developer/Xcode/DerivedData/Lyo-eagkiegzrakogpczynhkaholsscs/SourcePackages/checkouts/AppAuth-iOS/Sources/AppAuthCore/OIDURLQueryComponent.m normal x86_64 objective-c com.apple.compilers.llvm.clang.1_0.compiler (in target 'AppAuthCore' from project 'AppAuth')
    cd /Users/hectorgarcia/LYO_Da_ONE/Lyo.xcodeproj
    
    Using response file: /Users/hectorgarcia/Library/Developer/Xcode/DerivedData/Build/Intermediates.noindex/AppAuth.build/Debug-iphonesimulator/AppAuthCore.build/Objects-normal/x86_64/e6072d4f65d7061329687fe24e3d63a7-common-args.resp
    
    builtin-ScanDependencies -o /Users/hectorgarcia/Library/Developer/Xcode/DerivedData/Build/Intermediates.noindex/AppAuth.build/Debug-iphonesimulator/AppAuthCore.build/Objects-normal/x86_64/OIDURLQueryComponent.o.scan -- /Users/hectorgarcia/Downloads/Xcode.app/Contents/Developer/Toolchains/XcodeDefault.xctoolchain/usr/bin/clang -x objective-c -ivfsstatcache /Users/hectorgarcia/Library/Developer/Xcode/DerivedData/SDKStatCaches.noindex/iphonesimulator26.2-23C53-823d3e8b6e60bc2018c189d3ca05ba9b.sdkstatcache -fmessage-length\=0 -fdiagnostics-show-note-include-stack -fmacro-backtrace-limit\=0 -fno-color-diagnostics -fmodules-prune-interval\=86400 -fmodules-prune-after\=345600 -fbuild-session-file\=/Users/hectorgarcia/Library/Developer/Xcode/DerivedData/ModuleCache.noindex/Session.modulevalidation -fmodules-validate-once-per-build-session -Wnon-modular-include-in-framework-module -Werror\=non-modular-include-in-framework-module -Wno-trigraphs -Wno-missing-field-initializers -Wno-missing-prototypes -Wno-return-type -Wno-implicit-atomic-properties -Wno-objc-interface-ivars -Wno-arc-repeated-use-of-weak -Wno-missing-braces -Wparentheses -Wswitch -Wno-unused-function -Wno-unused-label -Wno-unused-parameter -Wno-unused-variable -Wunused-value -Wno-empty-body -Wno-uninitialized -Wno-unknown-pragmas -w -Wno-shadow -Wno-four-char-constants -Wno-conversion -Wno-constant-conversion -Wno-int-conversion -Wno-bool-conversion -Wno-enum-conversion -Wno-float-conversion -Wno-non-literal-null-conversion -Wno-objc-literal-conversion -Wshorten-64-to-32 -Wpointer-sign -Wno-newline-eof -Wno-selector -Wno-strict-selector-match -Wno-undeclared-selector -Wno-deprecated-implementations -Wno-implicit-fallthrough -fstrict-aliasing -Wprotocol -Wdeprecated-declarations -Wno-sign-conversion -Wno-infinite-recursion -Wno-comma -Wno-block-capture-autoreleasing -Wno-strict-prototypes -Wno-semicolon-before-method-body -index-store-path /Users/hectorgarcia/Library/Developer/Xcode/DerivedData/Lyo-eagkiegzrakogpczynhkaholsscs/Index.noindex/DataStore @/Users/hectorgarcia/Library/Developer/Xcode/DerivedData/Build/Intermediates.noindex/AppAuth.build/Debug-iphonesimulator/AppAuthCore.build/Objects-normal/x86_64/e6072d4f65d7061329687fe24e3d63a7-common-args.resp -include /Users/hectorgarcia/Library/Developer/Xcode/DerivedData/Build/Intermediates.noindex/AppAuth.build/Debug-iphonesimulator/AppAuthCore.build/DerivedSources/resource_bundle_accessor.h -MMD -MT dependencies -MF /Users/hectorgarcia/Library/Developer/Xcode/DerivedData/Build/Intermediates.noindex/AppAuth.build/Debug-iphonesimulator/AppAuthCore.build/Objects-normal/x86_64/OIDURLQueryComponent.d --serialize-diagnostics /Users/hectorgarcia/Library/Developer/Xcode/DerivedData/Build/Intermediates.noindex/AppAuth.build/Debug-iphonesimulator/AppAuthCore.build/Objects-normal/x86_64/OIDURLQueryComponent.dia -c /Users/hectorgarcia/Library/Developer/Xcode/DerivedData/Lyo-eagkiegzrakogpczynhkaholsscs/SourcePackages/checkouts/AppAuth-iOS/Sources/AppAuthCore/OIDURLQueryComponent.m -o /Users/hectorgarcia/Library/Developer/Xcode/DerivedData/Build/Intermediates.noindex/AppAuth.build/Debug-iphonesimulator/AppAuthCore.build/Objects-normal/x86_64/OIDURLQueryComponent.o -index-unit-output-path /AppAuth.build/Debug-iphonesimulator/AppAuthCore.build/Objects-normal/x86_64/OIDURLQueryComponent.o

ScanDependencies /Users/hectorgarcia/Library/Developer/Xcode/DerivedData/Build/Intermediates.noindex/AppAuth.build/Debug-iphonesimulator/AppAuthCore.build/Objects-normal/x86_64/OIDTokenUtilities.o /Users/hectorgarcia/Library/Developer/Xcode/DerivedData/Lyo-eagkiegzrakogpczynhkaholsscs/SourcePackages/checkouts/AppAuth-iOS/Sources/AppAuthCore/OIDTokenUtilities.m normal x86_64 objective-c com.apple.compilers.llvm.clang.1_0.compiler (in target 'AppAuthCore' from project 'AppAuth')
    cd /Users/hectorgarcia/LYO_Da_ONE/Lyo.xcodeproj
    
    Using response file: /Users/hectorgarcia/Library/Developer/Xcode/DerivedData/Build/Intermediates.noindex/AppAuth.build/Debug-iphonesimulator/AppAuthCore.build/Objects-normal/x86_64/e6072d4f65d7061329687fe24e3d63a7-common-args.resp
    
    builtin-ScanDependencies -o /Users/hectorgarcia/Library/Developer/Xcode/DerivedData/Build/Intermediates.noindex/AppAuth.build/Debug-iphonesimulator/AppAuthCore.build/Objects-normal/x86_64/OIDTokenUtilities.o.scan -- /Users/hectorgarcia/Downloads/Xcode.app/Contents/Developer/Toolchains/XcodeDefault.xctoolchain/usr/bin/clang -x objective-c -ivfsstatcache /Users/hectorgarcia/Library/Developer/Xcode/DerivedData/SDKStatCaches.noindex/iphonesimulator26.2-23C53-823d3e8b6e60bc2018c189d3ca05ba9b.sdkstatcache -fmessage-length\=0 -fdiagnostics-show-note-include-stack -fmacro-backtrace-limit\=0 -fno-color-diagnostics -fmodules-prune-interval\=86400 -fmodules-prune-after\=345600 -fbuild-session-file\=/Users/hectorgarcia/Library/Developer/Xcode/DerivedData/ModuleCache.noindex/Session.modulevalidation -fmodules-validate-once-per-build-session -Wnon-modular-include-in-framework-module -Werror\=non-modular-include-in-framework-module -Wno-trigraphs -Wno-missing-field-initializers -Wno-missing-prototypes -Wno-return-type -Wno-implicit-atomic-properties -Wno-objc-interface-ivars -Wno-arc-repeated-use-of-weak -Wno-missing-braces -Wparentheses -Wswitch -Wno-unused-function -Wno-unused-label -Wno-unused-parameter -Wno-unused-variable -Wunused-value -Wno-empty-body -Wno-uninitialized -Wno-unknown-pragmas -w -Wno-shadow -Wno-four-char-constants -Wno-conversion -Wno-constant-conversion -Wno-int-conversion -Wno-bool-conversion -Wno-enum-conversion -Wno-float-conversion -Wno-non-literal-null-conversion -Wno-objc-literal-conversion -Wshorten-64-to-32 -Wpointer-sign -Wno-newline-eof -Wno-selector -Wno-strict-selector-match -Wno-undeclared-selector -Wno-deprecated-implementations -Wno-implicit-fallthrough -fstrict-aliasing -Wprotocol -Wdeprecated-declarations -Wno-sign-conversion -Wno-infinite-recursion -Wno-comma -Wno-block-capture-autoreleasing -Wno-strict-prototypes -Wno-semicolon-before-method-body -index-store-path /Users/hectorgarcia/Library/Developer/Xcode/DerivedData/Lyo-eagkiegzrakogpczynhkaholsscs/Index.noindex/DataStore @/Users/hectorgarcia/Library/Developer/Xcode/DerivedData/Build/Intermediates.noindex/AppAuth.build/Debug-iphonesimulator/AppAuthCore.build/Objects-normal/x86_64/e6072d4f65d7061329687fe24e3d63a7-common-args.resp -include /Users/hectorgarcia/Library/Developer/Xcode/DerivedData/Build/Intermediates.noindex/AppAuth.build/Debug-iphonesimulator/AppAuthCore.build/DerivedSources/resource_bundle_accessor.h -MMD -MT dependencies -MF /Users/hectorgarcia/Library/Developer/Xcode/DerivedData/Build/Intermediates.noindex/AppAuth.build/Debug-iphonesimulator/AppAuthCore.build/Objects-normal/x86_64/OIDTokenUtilities.d --serialize-diagnostics /Users/hectorgarcia/Library/Developer/Xcode/DerivedData/Build/Intermediates.noindex/AppAuth.build/Debug-iphonesimulator/AppAuthCore.build/Objects-normal/x86_64/OIDTokenUtilities.dia -c /Users/hectorgarcia/Library/Developer/Xcode/DerivedData/Lyo-eagkiegzrakogpczynhkaholsscs/SourcePackages/checkouts/AppAuth-iOS/Sources/AppAuthCore/OIDTokenUtilities.m -o /Users/hectorgarcia/Library/Developer/Xcode/DerivedData/Build/Intermediates.noindex/AppAuth.build/Debug-iphonesimulator/AppAuthCore.build/Objects-normal/x86_64/OIDTokenUtilities.o -index-unit-output-path /AppAuth.build/Debug-iphonesimulator/AppAuthCore.build/Objects-normal/x86_64/OIDTokenUtilities.o

Ld /Users/hectorgarcia/Library/Developer/Xcode/DerivedData/Build/Products/Debug-iphonesimulator/FBLPromises.o normal (in target 'FBLPromises' from project 'Promises')
    cd /Users/hectorgarcia/Library/Developer/Xcode/DerivedData/Lyo-eagkiegzrakogpczynhkaholsscs/SourcePackages/checkouts/promises
    /Users/hectorgarcia/Downloads/Xcode.app/Contents/Developer/Toolchains/XcodeDefault.xctoolchain/usr/bin/clang -Xlinker -reproducible -target x86_64-apple-ios12.0-simulator -r -isysroot /Users/hectorgarcia/Downloads/Xcode.app/Contents/Developer/Platforms/iPhoneSimulator.platform/Developer/SDKs/iPhoneSimulator26.2.sdk -O0 -w -L/Users/hectorgarcia/Library/Developer/Xcode/DerivedData/Build/Intermediates.noindex/EagerLinkingTBDs/Debug-iphonesimulator -L/Users/hectorgarcia/Library/Developer/Xcode/DerivedData/Build/Products/Debug-iphonesimulator -L/Users/hectorgarcia/Downloads/Xcode.app/Contents/Developer/Platforms/iPhoneSimulator.platform/Developer/usr/lib -F/Users/hectorgarcia/Library/Developer/Xcode/DerivedData/Build/Intermediates.noindex/EagerLinkingTBDs/Debug-iphonesimulator -F/Users/hectorgarcia/Library/Developer/Xcode/DerivedData/Build/Products/Debug-iphonesimulator -iframework /Users/hectorgarcia/Downloads/Xcode.app/Contents/Developer/Platforms/iPhoneSimulator.platform/Developer/Library/Frameworks -iframework /Users/hectorgarcia/Downloads/Xcode.app/Contents/Developer/Platforms/iPhoneSimulator.platform/Developer/SDKs/iPhoneSimulator26.2.sdk/Developer/Library/Frameworks -filelist /Users/hectorgarcia/Library/Developer/Xcode/DerivedData/Build/Intermediates.noindex/Promises.build/Debug-iphonesimulator/FBLPromises.build/Objects-normal/x86_64/FBLPromises.LinkFileList -nostdlib -Xlinker -object_path_lto -Xlinker /Users/hectorgarcia/Library/Developer/Xcode/DerivedData/Build/Intermediates.noindex/Promises.build/Debug-iphonesimulator/FBLPromises.build/Objects-normal/x86_64/FBLPromises_lto.o -rdynamic -Xlinker -no_deduplicate -Xlinker -objc_abi_version -Xlinker 2 -Xlinker -dependency_info -Xlinker /Users/hectorgarcia/Library/Developer/Xcode/DerivedData/Build/Intermediates.noindex/Promises.build/Debug-iphonesimulator/FBLPromises.build/Objects-normal/x86_64/FBLPromises_dependency_info.dat -fobjc-arc -fobjc-link-runtime -o /Users/hectorgarcia/Library/Developer/Xcode/DerivedData/Build/Products/Debug-iphonesimulator/FBLPromises.o

SwiftDriverJobDiscovery normal x86_64 Compiling EncodedRolloutAssignment.swift (in target 'FirebaseCrashlyticsSwift' from project 'Firebase')

ScanDependencies /Users/hectorgarcia/Library/Developer/Xcode/DerivedData/Build/Intermediates.noindex/AppAuth.build/Debug-iphonesimulator/AppAuthCore.build/Objects-normal/x86_64/OIDTokenResponse.o /Users/hectorgarcia/Library/Developer/Xcode/DerivedData/Lyo-eagkiegzrakogpczynhkaholsscs/SourcePackages/checkouts/AppAuth-iOS/Sources/AppAuthCore/OIDTokenResponse.m normal x86_64 objective-c com.apple.compilers.llvm.clang.1_0.compiler (in target 'AppAuthCore' from project 'AppAuth')
    cd /Users/hectorgarcia/LYO_Da_ONE/Lyo.xcodeproj
    
    Using response file: /Users/hectorgarcia/Library/Developer/Xcode/DerivedData/Build/Intermediates.noindex/AppAuth.build/Debug-iphonesimulator/AppAuthCore.build/Objects-normal/x86_64/e6072d4f65d7061329687fe24e3d63a7-common-args.resp
    
    builtin-ScanDependencies -o /Users/hectorgarcia/Library/Developer/Xcode/DerivedData/Build/Intermediates.noindex/AppAuth.build/Debug-iphonesimulator/AppAuthCore.build/Objects-normal/x86_64/OIDTokenResponse.o.scan -- /Users/hectorgarcia/Downloads/Xcode.app/Contents/Developer/Toolchains/XcodeDefault.xctoolchain/usr/bin/clang -x objective-c -ivfsstatcache /Users/hectorgarcia/Library/Developer/Xcode/DerivedData/SDKStatCaches.noindex/iphonesimulator26.2-23C53-823d3e8b6e60bc2018c189d3ca05ba9b.sdkstatcache -fmessage-length\=0 -fdiagnostics-show-note-include-stack -fmacro-backtrace-limit\=0 -fno-color-diagnostics -fmodules-prune-interval\=86400 -fmodules-prune-after\=345600 -fbuild-session-file\=/Users/hectorgarcia/Library/Developer/Xcode/DerivedData/ModuleCache.noindex/Session.modulevalidation -fmodules-validate-once-per-build-session -Wnon-modular-include-in-framework-module -Werror\=non-modular-include-in-framework-module -Wno-trigraphs -Wno-missing-field-initializers -Wno-missing-prototypes -Wno-return-type -Wno-implicit-atomic-properties -Wno-objc-interface-ivars -Wno-arc-repeated-use-of-weak -Wno-missing-braces -Wparentheses -Wswitch -Wno-unused-function -Wno-unused-label -Wno-unused-parameter -Wno-unused-variable -Wunused-value -Wno-empty-body -Wno-uninitialized -Wno-unknown-pragmas -w -Wno-shadow -Wno-four-char-constants -Wno-conversion -Wno-constant-conversion -Wno-int-conversion -Wno-bool-conversion -Wno-enum-conversion -Wno-float-conversion -Wno-non-literal-null-conversion -Wno-objc-literal-conversion -Wshorten-64-to-32 -Wpointer-sign -Wno-newline-eof -Wno-selector -Wno-strict-selector-match -Wno-undeclared-selector -Wno-deprecated-implementations -Wno-implicit-fallthrough -fstrict-aliasing -Wprotocol -Wdeprecated-declarations -Wno-sign-conversion -Wno-infinite-recursion -Wno-comma -Wno-block-capture-autoreleasing -Wno-strict-prototypes -Wno-semicolon-before-method-body -index-store-path /Users/hectorgarcia/Library/Developer/Xcode/DerivedData/Lyo-eagkiegzrakogpczynhkaholsscs/Index.noindex/DataStore @/Users/hectorgarcia/Library/Developer/Xcode/DerivedData/Build/Intermediates.noindex/AppAuth.build/Debug-iphonesimulator/AppAuthCore.build/Objects-normal/x86_64/e6072d4f65d7061329687fe24e3d63a7-common-args.resp -include /Users/hectorgarcia/Library/Developer/Xcode/DerivedData/Build/Intermediates.noindex/AppAuth.build/Debug-iphonesimulator/AppAuthCore.build/DerivedSources/resource_bundle_accessor.h -MMD -MT dependencies -MF /Users/hectorgarcia/Library/Developer/Xcode/DerivedData/Build/Intermediates.noindex/AppAuth.build/Debug-iphonesimulator/AppAuthCore.build/Objects-normal/x86_64/OIDTokenResponse.d --serialize-diagnostics /Users/hectorgarcia/Library/Developer/Xcode/DerivedData/Build/Intermediates.noindex/AppAuth.build/Debug-iphonesimulator/AppAuthCore.build/Objects-normal/x86_64/OIDTokenResponse.dia -c /Users/hectorgarcia/Library/Developer/Xcode/DerivedData/Lyo-eagkiegzrakogpczynhkaholsscs/SourcePackages/checkouts/AppAuth-iOS/Sources/AppAuthCore/OIDTokenResponse.m -o /Users/hectorgarcia/Library/Developer/Xcode/DerivedData/Build/Intermediates.noindex/AppAuth.build/Debug-iphonesimulator/AppAuthCore.build/Objects-normal/x86_64/OIDTokenResponse.o -index-unit-output-path /AppAuth.build/Debug-iphonesimulator/AppAuthCore.build/Objects-normal/x86_64/OIDTokenResponse.o

SwiftDriverJobDiscovery normal x86_64 Compiling CrashlyticsRemoteConfigManager.swift (in target 'FirebaseCrashlyticsSwift' from project 'Firebase')

SwiftDriver\ Compilation FirebaseCrashlyticsSwift normal x86_64 com.apple.xcode.tools.swift.compiler (in target 'FirebaseCrashlyticsSwift' from project 'Firebase')
    cd /Users/hectorgarcia/LYO_Da_ONE/Lyo.xcodeproj
    builtin-Swift-Compilation -- /Users/hectorgarcia/Downloads/Xcode.app/Contents/Developer/Toolchains/XcodeDefault.xctoolchain/usr/bin/swiftc -module-name FirebaseCrashlyticsSwift -Onone -enforce-exclusivity\=checked @/Users/hectorgarcia/Library/Developer/Xcode/DerivedData/Build/Intermediates.noindex/Firebase.build/Debug-iphonesimulator/FirebaseCrashlyticsSwift.build/Objects-normal/x86_64/FirebaseCrashlyticsSwift.SwiftFileList -DSWIFT_PACKAGE -DDEBUG -DSWIFT_MODULE_RESOURCE_BUNDLE_UNAVAILABLE -DXcode -plugin-path /Users/hectorgarcia/Downloads/Xcode.app/Contents/Developer/Toolchains/XcodeDefault.xctoolchain/usr/lib/swift/host/plugins/testing -enable-experimental-feature DebugDescriptionMacro -sdk /Users/hectorgarcia/Downloads/Xcode.app/Contents/Developer/Platforms/iPhoneSimulator.platform/Developer/SDKs/iPhoneSimulator26.2.sdk -target x86_64-apple-ios12.0-simulator -g -module-cache-path /Users/hectorgarcia/Library/Developer/Xcode/DerivedData/ModuleCache.noindex -Xfrontend -serialize-debugging-options -enable-testing -suppress-warnings -index-store-path /Users/hectorgarcia/Library/Developer/Xcode/DerivedData/Lyo-eagkiegzrakogpczynhkaholsscs/Index.noindex/DataStore -Xcc -D_LIBCPP_HARDENING_MODE\=_LIBCPP_HARDENING_MODE_DEBUG -swift-version 5 -I /Users/hectorgarcia/Library/Developer/Xcode/DerivedData/Build/Products/Debug-iphonesimulator -Isystem /Users/hectorgarcia/Downloads/Xcode.app/Contents/Developer/Platforms/iPhoneSimulator.platform/Developer/usr/lib -F /Users/hectorgarcia/Library/Developer/Xcode/DerivedData/Build/Products/Debug-iphonesimulator/PackageFrameworks -F /Users/hectorgarcia/Library/Developer/Xcode/DerivedData/Build/Products/Debug-iphonesimulator -F /Users/hectorgarcia/Downloads/Xcode.app/Contents/Developer/Platforms/iPhoneSimulator.platform/Developer/Library/Frameworks -F /Users/hectorgarcia/Downloads/Xcode.app/Contents/Developer/Platforms/iPhoneSimulator.platform/Developer/SDKs/iPhoneSimulator26.2.sdk/Developer/Library/Frameworks -c -j8 -enable-batch-mode -incremental -Xcc -ivfsstatcache -Xcc /Users/hectorgarcia/Library/Developer/Xcode/DerivedData/SDKStatCaches.noindex/iphonesimulator26.2-23C53-823d3e8b6e60bc2018c189d3ca05ba9b.sdkstatcache -output-file-map /Users/hectorgarcia/Library/Developer/Xcode/DerivedData/Build/Intermediates.noindex/Firebase.build/Debug-iphonesimulator/FirebaseCrashlyticsSwift.build/Objects-normal/x86_64/FirebaseCrashlyticsSwift-OutputFileMap.json -use-frontend-parseable-output -save-temps -no-color-diagnostics -explicit-module-build -module-cache-path /Users/hectorgarcia/Library/Developer/Xcode/DerivedData/Build/Intermediates.noindex/SwiftExplicitPrecompiledModules -clang-scanner-module-cache-path /Users/hectorgarcia/Library/Developer/Xcode/DerivedData/ModuleCache.noindex -sdk-module-cache-path /Users/hectorgarcia/Library/Developer/Xcode/DerivedData/ModuleCache.noindex -serialize-diagnostics -emit-dependencies -emit-module -emit-module-path /Users/hectorgarcia/Library/Developer/Xcode/DerivedData/Build/Intermediates.noindex/Firebase.build/Debug-iphonesimulator/FirebaseCrashlyticsSwift.build/Objects-normal/x86_64/FirebaseCrashlyticsSwift.swiftmodule -validate-clang-modules-once -clang-build-session-file /Users/hectorgarcia/Library/Developer/Xcode/DerivedData/ModuleCache.noindex/Session.modulevalidation -Xcc -I/Users/hectorgarcia/Library/Developer/Xcode/DerivedData/Build/Intermediates.noindex/Firebase.build/Debug-iphonesimulator/FirebaseCrashlyticsSwift.build/swift-overrides.hmap -emit-const-values -Xfrontend -const-gather-protocols-file -Xfrontend /Users/hectorgarcia/Library/Developer/Xcode/DerivedData/Build/Intermediates.noindex/Firebase.build/Debug-iphonesimulator/FirebaseCrashlyticsSwift.build/Objects-normal/x86_64/FirebaseCrashlyticsSwift_const_extract_protocols.json -Xcc -I/Users/hectorgarcia/Library/Developer/Xcode/DerivedData/Build/Products/Debug-iphonesimulator/include -Xcc -I/Users/hectorgarcia/Library/Developer/Xcode/DerivedData/Build/Intermediates.noindex/Firebase.build/Debug-iphonesimulator/FirebaseCrashlyticsSwift.build/DerivedSources-normal/x86_64 -Xcc -I/Users/hectorgarcia/Library/Developer/Xcode/DerivedData/Build/Intermediates.noindex/Firebase.build/Debug-iphonesimulator/FirebaseCrashlyticsSwift.build/DerivedSources/x86_64 -Xcc -I/Users/hectorgarcia/Library/Developer/Xcode/DerivedData/Build/Intermediates.noindex/Firebase.build/Debug-iphonesimulator/FirebaseCrashlyticsSwift.build/DerivedSources -Xcc -DSWIFT_PACKAGE -Xcc -DDEBUG\=1 -emit-objc-header -emit-objc-header-path /Users/hectorgarcia/Library/Developer/Xcode/DerivedData/Build/Intermediates.noindex/Firebase.build/Debug-iphonesimulator/FirebaseCrashlyticsSwift.build/Objects-normal/x86_64/FirebaseCrashlyticsSwift-Swift.h -working-directory /Users/hectorgarcia/LYO_Da_ONE/Lyo.xcodeproj -experimental-emit-module-separately -disable-cmo

CompileC /Users/hectorgarcia/Library/Developer/Xcode/DerivedData/Build/Intermediates.noindex/AppAuth.build/Debug-iphonesimulator/AppAuthCore.build/Objects-normal/x86_64/OIDURLQueryComponent.o /Users/hectorgarcia/Library/Developer/Xcode/DerivedData/Lyo-eagkiegzrakogpczynhkaholsscs/SourcePackages/checkouts/AppAuth-iOS/Sources/AppAuthCore/OIDURLQueryComponent.m normal x86_64 objective-c com.apple.compilers.llvm.clang.1_0.compiler (in target 'AppAuthCore' from project 'AppAuth')
    cd /Users/hectorgarcia/LYO_Da_ONE/Lyo.xcodeproj
    
    Using response file: /Users/hectorgarcia/Library/Developer/Xcode/DerivedData/Build/Intermediates.noindex/AppAuth.build/Debug-iphonesimulator/AppAuthCore.build/Objects-normal/x86_64/e6072d4f65d7061329687fe24e3d63a7-common-args.resp
    
    /Users/hectorgarcia/Downloads/Xcode.app/Contents/Developer/Toolchains/XcodeDefault.xctoolchain/usr/bin/clang -x objective-c -ivfsstatcache /Users/hectorgarcia/Library/Developer/Xcode/DerivedData/SDKStatCaches.noindex/iphonesimulator26.2-23C53-823d3e8b6e60bc2018c189d3ca05ba9b.sdkstatcache -fmessage-length\=0 -fdiagnostics-show-note-include-stack -fmacro-backtrace-limit\=0 -fno-color-diagnostics -fmodules-prune-interval\=86400 -fmodules-prune-after\=345600 -fbuild-session-file\=/Users/hectorgarcia/Library/Developer/Xcode/DerivedData/ModuleCache.noindex/Session.modulevalidation -fmodules-validate-once-per-build-session -Wnon-modular-include-in-framework-module -Werror\=non-modular-include-in-framework-module -Wno-trigraphs -Wno-missing-field-initializers -Wno-missing-prototypes -Wno-return-type -Wno-implicit-atomic-properties -Wno-objc-interface-ivars -Wno-arc-repeated-use-of-weak -Wno-missing-braces -Wparentheses -Wswitch -Wno-unused-function -Wno-unused-label -Wno-unused-parameter -Wno-unused-variable -Wunused-value -Wno-empty-body -Wno-uninitialized -Wno-unknown-pragmas -w -Wno-shadow -Wno-four-char-constants -Wno-conversion -Wno-constant-conversion -Wno-int-conversion -Wno-bool-conversion -Wno-enum-conversion -Wno-float-conversion -Wno-non-literal-null-conversion -Wno-objc-literal-conversion -Wshorten-64-to-32 -Wpointer-sign -Wno-newline-eof -Wno-selector -Wno-strict-selector-match -Wno-undeclared-selector -Wno-deprecated-implementations -Wno-implicit-fallthrough -fstrict-aliasing -Wprotocol -Wdeprecated-declarations -Wno-sign-conversion -Wno-infinite-recursion -Wno-comma -Wno-block-capture-autoreleasing -Wno-strict-prototypes -Wno-semicolon-before-method-body -index-store-path /Users/hectorgarcia/Library/Developer/Xcode/DerivedData/Lyo-eagkiegzrakogpczynhkaholsscs/Index.noindex/DataStore @/Users/hectorgarcia/Library/Developer/Xcode/DerivedData/Build/Intermediates.noindex/AppAuth.build/Debug-iphonesimulator/AppAuthCore.build/Objects-normal/x86_64/e6072d4f65d7061329687fe24e3d63a7-common-args.resp -include /Users/hectorgarcia/Library/Developer/Xcode/DerivedData/Build/Intermediates.noindex/AppAuth.build/Debug-iphonesimulator/AppAuthCore.build/DerivedSources/resource_bundle_accessor.h -MMD -MT dependencies -MF /Users/hectorgarcia/Library/Developer/Xcode/DerivedData/Build/Intermediates.noindex/AppAuth.build/Debug-iphonesimulator/AppAuthCore.build/Objects-normal/x86_64/OIDURLQueryComponent.d --serialize-diagnostics /Users/hectorgarcia/Library/Developer/Xcode/DerivedData/Build/Intermediates.noindex/AppAuth.build/Debug-iphonesimulator/AppAuthCore.build/Objects-normal/x86_64/OIDURLQueryComponent.dia -c /Users/hectorgarcia/Library/Developer/Xcode/DerivedData/Lyo-eagkiegzrakogpczynhkaholsscs/SourcePackages/checkouts/AppAuth-iOS/Sources/AppAuthCore/OIDURLQueryComponent.m -o /Users/hectorgarcia/Library/Developer/Xcode/DerivedData/Build/Intermediates.noindex/AppAuth.build/Debug-iphonesimulator/AppAuthCore.build/Objects-normal/x86_64/OIDURLQueryComponent.o -index-unit-output-path /AppAuth.build/Debug-iphonesimulator/AppAuthCore.build/Objects-normal/x86_64/OIDURLQueryComponent.o

Ld /Users/hectorgarcia/Library/Developer/Xcode/DerivedData/Build/Products/Debug-iphonesimulator/FirebaseCrashlyticsSwift.o normal (in target 'FirebaseCrashlyticsSwift' from project 'Firebase')
    cd /Users/hectorgarcia/Library/Developer/Xcode/DerivedData/Lyo-eagkiegzrakogpczynhkaholsscs/SourcePackages/checkouts/firebase-ios-sdk
    /Users/hectorgarcia/Downloads/Xcode.app/Contents/Developer/Toolchains/XcodeDefault.xctoolchain/usr/bin/clang -Xlinker -reproducible -target x86_64-apple-ios12.0-simulator -r -isysroot /Users/hectorgarcia/Downloads/Xcode.app/Contents/Developer/Platforms/iPhoneSimulator.platform/Developer/SDKs/iPhoneSimulator26.2.sdk -O0 -w -L/Users/hectorgarcia/Library/Developer/Xcode/DerivedData/Build/Intermediates.noindex/EagerLinkingTBDs/Debug-iphonesimulator -L/Users/hectorgarcia/Library/Developer/Xcode/DerivedData/Build/Products/Debug-iphonesimulator -L/Users/hectorgarcia/Downloads/Xcode.app/Contents/Developer/Platforms/iPhoneSimulator.platform/Developer/usr/lib -F/Users/hectorgarcia/Library/Developer/Xcode/DerivedData/Build/Intermediates.noindex/EagerLinkingTBDs/Debug-iphonesimulator -F/Users/hectorgarcia/Library/Developer/Xcode/DerivedData/Build/Products/Debug-iphonesimulator/PackageFrameworks -F/Users/hectorgarcia/Library/Developer/Xcode/DerivedData/Build/Products/Debug-iphonesimulator -iframework /Users/hectorgarcia/Downloads/Xcode.app/Contents/Developer/Platforms/iPhoneSimulator.platform/Developer/Library/Frameworks -iframework /Users/hectorgarcia/Downloads/Xcode.app/Contents/Developer/Platforms/iPhoneSimulator.platform/Developer/SDKs/iPhoneSimulator26.2.sdk/Developer/Library/Frameworks -filelist /Users/hectorgarcia/Library/Developer/Xcode/DerivedData/Build/Intermediates.noindex/Firebase.build/Debug-iphonesimulator/FirebaseCrashlyticsSwift.build/Objects-normal/x86_64/FirebaseCrashlyticsSwift.LinkFileList -nostdlib -Xlinker -object_path_lto -Xlinker /Users/hectorgarcia/Library/Developer/Xcode/DerivedData/Build/Intermediates.noindex/Firebase.build/Debug-iphonesimulator/FirebaseCrashlyticsSwift.build/Objects-normal/x86_64/FirebaseCrashlyticsSwift_lto.o -rdynamic -Xlinker -no_deduplicate -Xlinker -objc_abi_version -Xlinker 2 -Xlinker -dependency_info -Xlinker /Users/hectorgarcia/Library/Developer/Xcode/DerivedData/Build/Intermediates.noindex/Firebase.build/Debug-iphonesimulator/FirebaseCrashlyticsSwift.build/Objects-normal/x86_64/FirebaseCrashlyticsSwift_dependency_info.dat -fobjc-link-runtime -L/Users/hectorgarcia/Downloads/Xcode.app/Contents/Developer/Toolchains/XcodeDefault.xctoolchain/usr/lib/swift/iphonesimulator -L/usr/lib/swift -Xlinker -add_ast_path -Xlinker /Users/hectorgarcia/Library/Developer/Xcode/DerivedData/Build/Intermediates.noindex/Firebase.build/Debug-iphonesimulator/FirebaseCrashlyticsSwift.build/Objects-normal/x86_64/FirebaseCrashlyticsSwift.swiftmodule @/Users/hectorgarcia/Library/Developer/Xcode/DerivedData/Build/Intermediates.noindex/Firebase.build/Debug-iphonesimulator/FirebaseCrashlyticsSwift.build/Objects-normal/x86_64/FirebaseCrashlyticsSwift-linker-args.resp -o /Users/hectorgarcia/Library/Developer/Xcode/DerivedData/Build/Products/Debug-iphonesimulator/FirebaseCrashlyticsSwift.o

CompileC /Users/hectorgarcia/Library/Developer/Xcode/DerivedData/Build/Intermediates.noindex/AppAuth.build/Debug-iphonesimulator/AppAuthCore.build/Objects-normal/x86_64/OIDURLSessionProvider.o /Users/hectorgarcia/Library/Developer/Xcode/DerivedData/Lyo-eagkiegzrakogpczynhkaholsscs/SourcePackages/checkouts/AppAuth-iOS/Sources/AppAuthCore/OIDURLSessionProvider.m normal x86_64 objective-c com.apple.compilers.llvm.clang.1_0.compiler (in target 'AppAuthCore' from project 'AppAuth')
    cd /Users/hectorgarcia/LYO_Da_ONE/Lyo.xcodeproj
    
    Using response file: /Users/hectorgarcia/Library/Developer/Xcode/DerivedData/Build/Intermediates.noindex/AppAuth.build/Debug-iphonesimulator/AppAuthCore.build/Objects-normal/x86_64/e6072d4f65d7061329687fe24e3d63a7-common-args.resp
    
    /Users/hectorgarcia/Downloads/Xcode.app/Contents/Developer/Toolchains/XcodeDefault.xctoolchain/usr/bin/clang -x objective-c -ivfsstatcache /Users/hectorgarcia/Library/Developer/Xcode/DerivedData/SDKStatCaches.noindex/iphonesimulator26.2-23C53-823d3e8b6e60bc2018c189d3ca05ba9b.sdkstatcache -fmessage-length\=0 -fdiagnostics-show-note-include-stack -fmacro-backtrace-limit\=0 -fno-color-diagnostics -fmodules-prune-interval\=86400 -fmodules-prune-after\=345600 -fbuild-session-file\=/Users/hectorgarcia/Library/Developer/Xcode/DerivedData/ModuleCache.noindex/Session.modulevalidation -fmodules-validate-once-per-build-session -Wnon-modular-include-in-framework-module -Werror\=non-modular-include-in-framework-module -Wno-trigraphs -Wno-missing-field-initializers -Wno-missing-prototypes -Wno-return-type -Wno-implicit-atomic-properties -Wno-objc-interface-ivars -Wno-arc-repeated-use-of-weak -Wno-missing-braces -Wparentheses -Wswitch -Wno-unused-function -Wno-unused-label -Wno-unused-parameter -Wno-unused-variable -Wunused-value -Wno-empty-body -Wno-uninitialized -Wno-unknown-pragmas -w -Wno-shadow -Wno-four-char-constants -Wno-conversion -Wno-constant-conversion -Wno-int-conversion -Wno-bool-conversion -Wno-enum-conversion -Wno-float-conversion -Wno-non-literal-null-conversion -Wno-objc-literal-conversion -Wshorten-64-to-32 -Wpointer-sign -Wno-newline-eof -Wno-selector -Wno-strict-selector-match -Wno-undeclared-selector -Wno-deprecated-implementations -Wno-implicit-fallthrough -fstrict-aliasing -Wprotocol -Wdeprecated-declarations -Wno-sign-conversion -Wno-infinite-recursion -Wno-comma -Wno-block-capture-autoreleasing -Wno-strict-prototypes -Wno-semicolon-before-method-body -index-store-path /Users/hectorgarcia/Library/Developer/Xcode/DerivedData/Lyo-eagkiegzrakogpczynhkaholsscs/Index.noindex/DataStore @/Users/hectorgarcia/Library/Developer/Xcode/DerivedData/Build/Intermediates.noindex/AppAuth.build/Debug-iphonesimulator/AppAuthCore.build/Objects-normal/x86_64/e6072d4f65d7061329687fe24e3d63a7-common-args.resp -include /Users/hectorgarcia/Library/Developer/Xcode/DerivedData/Build/Intermediates.noindex/AppAuth.build/Debug-iphonesimulator/AppAuthCore.build/DerivedSources/resource_bundle_accessor.h -MMD -MT dependencies -MF /Users/hectorgarcia/Library/Developer/Xcode/DerivedData/Build/Intermediates.noindex/AppAuth.build/Debug-iphonesimulator/AppAuthCore.build/Objects-normal/x86_64/OIDURLSessionProvider.d --serialize-diagnostics /Users/hectorgarcia/Library/Developer/Xcode/DerivedData/Build/Intermediates.noindex/AppAuth.build/Debug-iphonesimulator/AppAuthCore.build/Objects-normal/x86_64/OIDURLSessionProvider.dia -c /Users/hectorgarcia/Library/Developer/Xcode/DerivedData/Lyo-eagkiegzrakogpczynhkaholsscs/SourcePackages/checkouts/AppAuth-iOS/Sources/AppAuthCore/OIDURLSessionProvider.m -o /Users/hectorgarcia/Library/Developer/Xcode/DerivedData/Build/Intermediates.noindex/AppAuth.build/Debug-iphonesimulator/AppAuthCore.build/Objects-normal/x86_64/OIDURLSessionProvider.o -index-unit-output-path /AppAuth.build/Debug-iphonesimulator/AppAuthCore.build/Objects-normal/x86_64/OIDURLSessionProvider.o

CompileC /Users/hectorgarcia/Library/Developer/Xcode/DerivedData/Build/Intermediates.noindex/AppAuth.build/Debug-iphonesimulator/AppAuthCore.build/Objects-normal/x86_64/resource_bundle_accessor.o /Users/hectorgarcia/Library/Developer/Xcode/DerivedData/Build/Intermediates.noindex/AppAuth.build/Debug-iphonesimulator/AppAuthCore.build/DerivedSources/resource_bundle_accessor.m normal x86_64 objective-c com.apple.compilers.llvm.clang.1_0.compiler (in target 'AppAuthCore' from project 'AppAuth')
    cd /Users/hectorgarcia/LYO_Da_ONE/Lyo.xcodeproj
    
    Using response file: /Users/hectorgarcia/Library/Developer/Xcode/DerivedData/Build/Intermediates.noindex/AppAuth.build/Debug-iphonesimulator/AppAuthCore.build/Objects-normal/x86_64/e6072d4f65d7061329687fe24e3d63a7-common-args.resp
    
    /Users/hectorgarcia/Downloads/Xcode.app/Contents/Developer/Toolchains/XcodeDefault.xctoolchain/usr/bin/clang -x objective-c -ivfsstatcache /Users/hectorgarcia/Library/Developer/Xcode/DerivedData/SDKStatCaches.noindex/iphonesimulator26.2-23C53-823d3e8b6e60bc2018c189d3ca05ba9b.sdkstatcache -fmessage-length\=0 -fdiagnostics-show-note-include-stack -fmacro-backtrace-limit\=0 -fno-color-diagnostics -fmodules-prune-interval\=86400 -fmodules-prune-after\=345600 -fbuild-session-file\=/Users/hectorgarcia/Library/Developer/Xcode/DerivedData/ModuleCache.noindex/Session.modulevalidation -fmodules-validate-once-per-build-session -Wnon-modular-include-in-framework-module -Werror\=non-modular-include-in-framework-module -Wno-trigraphs -Wno-missing-field-initializers -Wno-missing-prototypes -Wno-return-type -Wno-implicit-atomic-properties -Wno-objc-interface-ivars -Wno-arc-repeated-use-of-weak -Wno-missing-braces -Wparentheses -Wswitch -Wno-unused-function -Wno-unused-label -Wno-unused-parameter -Wno-unused-variable -Wunused-value -Wno-empty-body -Wno-uninitialized -Wno-unknown-pragmas -w -Wno-shadow -Wno-four-char-constants -Wno-conversion -Wno-constant-conversion -Wno-int-conversion -Wno-bool-conversion -Wno-enum-conversion -Wno-float-conversion -Wno-non-literal-null-conversion -Wno-objc-literal-conversion -Wshorten-64-to-32 -Wpointer-sign -Wno-newline-eof -Wno-selector -Wno-strict-selector-match -Wno-undeclared-selector -Wno-deprecated-implementations -Wno-implicit-fallthrough -fstrict-aliasing -Wprotocol -Wdeprecated-declarations -Wno-sign-conversion -Wno-infinite-recursion -Wno-comma -Wno-block-capture-autoreleasing -Wno-strict-prototypes -Wno-semicolon-before-method-body -index-store-path /Users/hectorgarcia/Library/Developer/Xcode/DerivedData/Lyo-eagkiegzrakogpczynhkaholsscs/Index.noindex/DataStore @/Users/hectorgarcia/Library/Developer/Xcode/DerivedData/Build/Intermediates.noindex/AppAuth.build/Debug-iphonesimulator/AppAuthCore.build/Objects-normal/x86_64/e6072d4f65d7061329687fe24e3d63a7-common-args.resp -include /Users/hectorgarcia/Library/Developer/Xcode/DerivedData/Build/Intermediates.noindex/AppAuth.build/Debug-iphonesimulator/AppAuthCore.build/DerivedSources/resource_bundle_accessor.h -MMD -MT dependencies -MF /Users/hectorgarcia/Library/Developer/Xcode/DerivedData/Build/Intermediates.noindex/AppAuth.build/Debug-iphonesimulator/AppAuthCore.build/Objects-normal/x86_64/resource_bundle_accessor.d --serialize-diagnostics /Users/hectorgarcia/Library/Developer/Xcode/DerivedData/Build/Intermediates.noindex/AppAuth.build/Debug-iphonesimulator/AppAuthCore.build/Objects-normal/x86_64/resource_bundle_accessor.dia -c /Users/hectorgarcia/Library/Developer/Xcode/DerivedData/Build/Intermediates.noindex/AppAuth.build/Debug-iphonesimulator/AppAuthCore.build/DerivedSources/resource_bundle_accessor.m -o /Users/hectorgarcia/Library/Developer/Xcode/DerivedData/Build/Intermediates.noindex/AppAuth.build/Debug-iphonesimulator/AppAuthCore.build/Objects-normal/x86_64/resource_bundle_accessor.o -index-unit-output-path /AppAuth.build/Debug-iphonesimulator/AppAuthCore.build/Objects-normal/x86_64/resource_bundle_accessor.o

CompileC /Users/hectorgarcia/Library/Developer/Xcode/DerivedData/Build/Intermediates.noindex/AppAuth.build/Debug-iphonesimulator/AppAuthCore.build/Objects-normal/x86_64/OIDTokenResponse.o /Users/hectorgarcia/Library/Developer/Xcode/DerivedData/Lyo-eagkiegzrakogpczynhkaholsscs/SourcePackages/checkouts/AppAuth-iOS/Sources/AppAuthCore/OIDTokenResponse.m normal x86_64 objective-c com.apple.compilers.llvm.clang.1_0.compiler (in target 'AppAuthCore' from project 'AppAuth')
    cd /Users/hectorgarcia/LYO_Da_ONE/Lyo.xcodeproj
    
    Using response file: /Users/hectorgarcia/Library/Developer/Xcode/DerivedData/Build/Intermediates.noindex/AppAuth.build/Debug-iphonesimulator/AppAuthCore.build/Objects-normal/x86_64/e6072d4f65d7061329687fe24e3d63a7-common-args.resp
    
    /Users/hectorgarcia/Downloads/Xcode.app/Contents/Developer/Toolchains/XcodeDefault.xctoolchain/usr/bin/clang -x objective-c -ivfsstatcache /Users/hectorgarcia/Library/Developer/Xcode/DerivedData/SDKStatCaches.noindex/iphonesimulator26.2-23C53-823d3e8b6e60bc2018c189d3ca05ba9b.sdkstatcache -fmessage-length\=0 -fdiagnostics-show-note-include-stack -fmacro-backtrace-limit\=0 -fno-color-diagnostics -fmodules-prune-interval\=86400 -fmodules-prune-after\=345600 -fbuild-session-file\=/Users/hectorgarcia/Library/Developer/Xcode/DerivedData/ModuleCache.noindex/Session.modulevalidation -fmodules-validate-once-per-build-session -Wnon-modular-include-in-framework-module -Werror\=non-modular-include-in-framework-module -Wno-trigraphs -Wno-missing-field-initializers -Wno-missing-prototypes -Wno-return-type -Wno-implicit-atomic-properties -Wno-objc-interface-ivars -Wno-arc-repeated-use-of-weak -Wno-missing-braces -Wparentheses -Wswitch -Wno-unused-function -Wno-unused-label -Wno-unused-parameter -Wno-unused-variable -Wunused-value -Wno-empty-body -Wno-uninitialized -Wno-unknown-pragmas -w -Wno-shadow -Wno-four-char-constants -Wno-conversion -Wno-constant-conversion -Wno-int-conversion -Wno-bool-conversion -Wno-enum-conversion -Wno-float-conversion -Wno-non-literal-null-conversion -Wno-objc-literal-conversion -Wshorten-64-to-32 -Wpointer-sign -Wno-newline-eof -Wno-selector -Wno-strict-selector-match -Wno-undeclared-selector -Wno-deprecated-implementations -Wno-implicit-fallthrough -fstrict-aliasing -Wprotocol -Wdeprecated-declarations -Wno-sign-conversion -Wno-infinite-recursion -Wno-comma -Wno-block-capture-autoreleasing -Wno-strict-prototypes -Wno-semicolon-before-method-body -index-store-path /Users/hectorgarcia/Library/Developer/Xcode/DerivedData/Lyo-eagkiegzrakogpczynhkaholsscs/Index.noindex/DataStore @/Users/hectorgarcia/Library/Developer/Xcode/DerivedData/Build/Intermediates.noindex/AppAuth.build/Debug-iphonesimulator/AppAuthCore.build/Objects-normal/x86_64/e6072d4f65d7061329687fe24e3d63a7-common-args.resp -include /Users/hectorgarcia/Library/Developer/Xcode/DerivedData/Build/Intermediates.noindex/AppAuth.build/Debug-iphonesimulator/AppAuthCore.build/DerivedSources/resource_bundle_accessor.h -MMD -MT dependencies -MF /Users/hectorgarcia/Library/Developer/Xcode/DerivedData/Build/Intermediates.noindex/AppAuth.build/Debug-iphonesimulator/AppAuthCore.build/Objects-normal/x86_64/OIDTokenResponse.d --serialize-diagnostics /Users/hectorgarcia/Library/Developer/Xcode/DerivedData/Build/Intermediates.noindex/AppAuth.build/Debug-iphonesimulator/AppAuthCore.build/Objects-normal/x86_64/OIDTokenResponse.dia -c /Users/hectorgarcia/Library/Developer/Xcode/DerivedData/Lyo-eagkiegzrakogpczynhkaholsscs/SourcePackages/checkouts/AppAuth-iOS/Sources/AppAuthCore/OIDTokenResponse.m -o /Users/hectorgarcia/Library/Developer/Xcode/DerivedData/Build/Intermediates.noindex/AppAuth.build/Debug-iphonesimulator/AppAuthCore.build/Objects-normal/x86_64/OIDTokenResponse.o -index-unit-output-path /AppAuth.build/Debug-iphonesimulator/AppAuthCore.build/Objects-normal/x86_64/OIDTokenResponse.o

PrecompileModule /Users/hectorgarcia/Library/Developer/Xcode/DerivedData/Build/Intermediates.noindex/ExplicitPrecompiledModules/CommonCrypto-34HJCLWAX6WJDAXGRMFH648FE.scan
    cd /
    builtin-precompileModule /Users/hectorgarcia/Library/Developer/Xcode/DerivedData/Build/Intermediates.noindex/ExplicitPrecompiledModules/CommonCrypto-34HJCLWAX6WJDAXGRMFH648FE.scan

ScanDependencies /Users/hectorgarcia/Library/Developer/Xcode/DerivedData/Build/Intermediates.noindex/AppAuth.build/Debug-iphonesimulator/AppAuthCore.build/Objects-normal/x86_64/OIDTokenRequest.o /Users/hectorgarcia/Library/Developer/Xcode/DerivedData/Lyo-eagkiegzrakogpczynhkaholsscs/SourcePackages/checkouts/AppAuth-iOS/Sources/AppAuthCore/OIDTokenRequest.m normal x86_64 objective-c com.apple.compilers.llvm.clang.1_0.compiler (in target 'AppAuthCore' from project 'AppAuth')
    cd /Users/hectorgarcia/LYO_Da_ONE/Lyo.xcodeproj
    
    Using response file: /Users/hectorgarcia/Library/Developer/Xcode/DerivedData/Build/Intermediates.noindex/AppAuth.build/Debug-iphonesimulator/AppAuthCore.build/Objects-normal/x86_64/e6072d4f65d7061329687fe24e3d63a7-common-args.resp
    
    builtin-ScanDependencies -o /Users/hectorgarcia/Library/Developer/Xcode/DerivedData/Build/Intermediates.noindex/AppAuth.build/Debug-iphonesimulator/AppAuthCore.build/Objects-normal/x86_64/OIDTokenRequest.o.scan -- /Users/hectorgarcia/Downloads/Xcode.app/Contents/Developer/Toolchains/XcodeDefault.xctoolchain/usr/bin/clang -x objective-c -ivfsstatcache /Users/hectorgarcia/Library/Developer/Xcode/DerivedData/SDKStatCaches.noindex/iphonesimulator26.2-23C53-823d3e8b6e60bc2018c189d3ca05ba9b.sdkstatcache -fmessage-length\=0 -fdiagnostics-show-note-include-stack -fmacro-backtrace-limit\=0 -fno-color-diagnostics -fmodules-prune-interval\=86400 -fmodules-prune-after\=345600 -fbuild-session-file\=/Users/hectorgarcia/Library/Developer/Xcode/DerivedData/ModuleCache.noindex/Session.modulevalidation -fmodules-validate-once-per-build-session -Wnon-modular-include-in-framework-module -Werror\=non-modular-include-in-framework-module -Wno-trigraphs -Wno-missing-field-initializers -Wno-missing-prototypes -Wno-return-type -Wno-implicit-atomic-properties -Wno-objc-interface-ivars -Wno-arc-repeated-use-of-weak -Wno-missing-braces -Wparentheses -Wswitch -Wno-unused-function -Wno-unused-label -Wno-unused-parameter -Wno-unused-variable -Wunused-value -Wno-empty-body -Wno-uninitialized -Wno-unknown-pragmas -w -Wno-shadow -Wno-four-char-constants -Wno-conversion -Wno-constant-conversion -Wno-int-conversion -Wno-bool-conversion -Wno-enum-conversion -Wno-float-conversion -Wno-non-literal-null-conversion -Wno-objc-literal-conversion -Wshorten-64-to-32 -Wpointer-sign -Wno-newline-eof -Wno-selector -Wno-strict-selector-match -Wno-undeclared-selector -Wno-deprecated-implementations -Wno-implicit-fallthrough -fstrict-aliasing -Wprotocol -Wdeprecated-declarations -Wno-sign-conversion -Wno-infinite-recursion -Wno-comma -Wno-block-capture-autoreleasing -Wno-strict-prototypes -Wno-semicolon-before-method-body -index-store-path /Users/hectorgarcia/Library/Developer/Xcode/DerivedData/Lyo-eagkiegzrakogpczynhkaholsscs/Index.noindex/DataStore @/Users/hectorgarcia/Library/Developer/Xcode/DerivedData/Build/Intermediates.noindex/AppAuth.build/Debug-iphonesimulator/AppAuthCore.build/Objects-normal/x86_64/e6072d4f65d7061329687fe24e3d63a7-common-args.resp -include /Users/hectorgarcia/Library/Developer/Xcode/DerivedData/Build/Intermediates.noindex/AppAuth.build/Debug-iphonesimulator/AppAuthCore.build/DerivedSources/resource_bundle_accessor.h -MMD -MT dependencies -MF /Users/hectorgarcia/Library/Developer/Xcode/DerivedData/Build/Intermediates.noindex/AppAuth.build/Debug-iphonesimulator/AppAuthCore.build/Objects-normal/x86_64/OIDTokenRequest.d --serialize-diagnostics /Users/hectorgarcia/Library/Developer/Xcode/DerivedData/Build/Intermediates.noindex/AppAuth.build/Debug-iphonesimulator/AppAuthCore.build/Objects-normal/x86_64/OIDTokenRequest.dia -c /Users/hectorgarcia/Library/Developer/Xcode/DerivedData/Lyo-eagkiegzrakogpczynhkaholsscs/SourcePackages/checkouts/AppAuth-iOS/Sources/AppAuthCore/OIDTokenRequest.m -o /Users/hectorgarcia/Library/Developer/Xcode/DerivedData/Build/Intermediates.noindex/AppAuth.build/Debug-iphonesimulator/AppAuthCore.build/Objects-normal/x86_64/OIDTokenRequest.o -index-unit-output-path /AppAuth.build/Debug-iphonesimulator/AppAuthCore.build/Objects-normal/x86_64/OIDTokenRequest.o

ScanDependencies /Users/hectorgarcia/Library/Developer/Xcode/DerivedData/Build/Intermediates.noindex/AppAuth.build/Debug-iphonesimulator/AppAuthCore.build/Objects-normal/x86_64/OIDServiceDiscovery.o /Users/hectorgarcia/Library/Developer/Xcode/DerivedData/Lyo-eagkiegzrakogpczynhkaholsscs/SourcePackages/checkouts/AppAuth-iOS/Sources/AppAuthCore/OIDServiceDiscovery.m normal x86_64 objective-c com.apple.compilers.llvm.clang.1_0.compiler (in target 'AppAuthCore' from project 'AppAuth')
    cd /Users/hectorgarcia/LYO_Da_ONE/Lyo.xcodeproj
    
    Using response file: /Users/hectorgarcia/Library/Developer/Xcode/DerivedData/Build/Intermediates.noindex/AppAuth.build/Debug-iphonesimulator/AppAuthCore.build/Objects-normal/x86_64/e6072d4f65d7061329687fe24e3d63a7-common-args.resp
    
    builtin-ScanDependencies -o /Users/hectorgarcia/Library/Developer/Xcode/DerivedData/Build/Intermediates.noindex/AppAuth.build/Debug-iphonesimulator/AppAuthCore.build/Objects-normal/x86_64/OIDServiceDiscovery.o.scan -- /Users/hectorgarcia/Downloads/Xcode.app/Contents/Developer/Toolchains/XcodeDefault.xctoolchain/usr/bin/clang -x objective-c -ivfsstatcache /Users/hectorgarcia/Library/Developer/Xcode/DerivedData/SDKStatCaches.noindex/iphonesimulator26.2-23C53-823d3e8b6e60bc2018c189d3ca05ba9b.sdkstatcache -fmessage-length\=0 -fdiagnostics-show-note-include-stack -fmacro-backtrace-limit\=0 -fno-color-diagnostics -fmodules-prune-interval\=86400 -fmodules-prune-after\=345600 -fbuild-session-file\=/Users/hectorgarcia/Library/Developer/Xcode/DerivedData/ModuleCache.noindex/Session.modulevalidation -fmodules-validate-once-per-build-session -Wnon-modular-include-in-framework-module -Werror\=non-modular-include-in-framework-module -Wno-trigraphs -Wno-missing-field-initializers -Wno-missing-prototypes -Wno-return-type -Wno-implicit-atomic-properties -Wno-objc-interface-ivars -Wno-arc-repeated-use-of-weak -Wno-missing-braces -Wparentheses -Wswitch -Wno-unused-function -Wno-unused-label -Wno-unused-parameter -Wno-unused-variable -Wunused-value -Wno-empty-body -Wno-uninitialized -Wno-unknown-pragmas -w -Wno-shadow -Wno-four-char-constants -Wno-conversion -Wno-constant-conversion -Wno-int-conversion -Wno-bool-conversion -Wno-enum-conversion -Wno-float-conversion -Wno-non-literal-null-conversion -Wno-objc-literal-conversion -Wshorten-64-to-32 -Wpointer-sign -Wno-newline-eof -Wno-selector -Wno-strict-selector-match -Wno-undeclared-selector -Wno-deprecated-implementations -Wno-implicit-fallthrough -fstrict-aliasing -Wprotocol -Wdeprecated-declarations -Wno-sign-conversion -Wno-infinite-recursion -Wno-comma -Wno-block-capture-autoreleasing -Wno-strict-prototypes -Wno-semicolon-before-method-body -index-store-path /Users/hectorgarcia/Library/Developer/Xcode/DerivedData/Lyo-eagkiegzrakogpczynhkaholsscs/Index.noindex/DataStore @/Users/hectorgarcia/Library/Developer/Xcode/DerivedData/Build/Intermediates.noindex/AppAuth.build/Debug-iphonesimulator/AppAuthCore.build/Objects-normal/x86_64/e6072d4f65d7061329687fe24e3d63a7-common-args.resp -include /Users/hectorgarcia/Library/Developer/Xcode/DerivedData/Build/Intermediates.noindex/AppAuth.build/Debug-iphonesimulator/AppAuthCore.build/DerivedSources/resource_bundle_accessor.h -MMD -MT dependencies -MF /Users/hectorgarcia/Library/Developer/Xcode/DerivedData/Build/Intermediates.noindex/AppAuth.build/Debug-iphonesimulator/AppAuthCore.build/Objects-normal/x86_64/OIDServiceDiscovery.d --serialize-diagnostics /Users/hectorgarcia/Library/Developer/Xcode/DerivedData/Build/Intermediates.noindex/AppAuth.build/Debug-iphonesimulator/AppAuthCore.build/Objects-normal/x86_64/OIDServiceDiscovery.dia -c /Users/hectorgarcia/Library/Developer/Xcode/DerivedData/Lyo-eagkiegzrakogpczynhkaholsscs/SourcePackages/checkouts/AppAuth-iOS/Sources/AppAuthCore/OIDServiceDiscovery.m -o /Users/hectorgarcia/Library/Developer/Xcode/DerivedData/Build/Intermediates.noindex/AppAuth.build/Debug-iphonesimulator/AppAuthCore.build/Objects-normal/x86_64/OIDServiceDiscovery.o -index-unit-output-path /AppAuth.build/Debug-iphonesimulator/AppAuthCore.build/Objects-normal/x86_64/OIDServiceDiscovery.o

ScanDependencies /Users/hectorgarcia/Library/Developer/Xcode/DerivedData/Build/Intermediates.noindex/AppAuth.build/Debug-iphonesimulator/AppAuthCore.build/Objects-normal/x86_64/OIDServiceConfiguration.o /Users/hectorgarcia/Library/Developer/Xcode/DerivedData/Lyo-eagkiegzrakogpczynhkaholsscs/SourcePackages/checkouts/AppAuth-iOS/Sources/AppAuthCore/OIDServiceConfiguration.m normal x86_64 objective-c com.apple.compilers.llvm.clang.1_0.compiler (in target 'AppAuthCore' from project 'AppAuth')
    cd /Users/hectorgarcia/LYO_Da_ONE/Lyo.xcodeproj
    
    Using response file: /Users/hectorgarcia/Library/Developer/Xcode/DerivedData/Build/Intermediates.noindex/AppAuth.build/Debug-iphonesimulator/AppAuthCore.build/Objects-normal/x86_64/e6072d4f65d7061329687fe24e3d63a7-common-args.resp
    
    builtin-ScanDependencies -o /Users/hectorgarcia/Library/Developer/Xcode/DerivedData/Build/Intermediates.noindex/AppAuth.build/Debug-iphonesimulator/AppAuthCore.build/Objects-normal/x86_64/OIDServiceConfiguration.o.scan -- /Users/hectorgarcia/Downloads/Xcode.app/Contents/Developer/Toolchains/XcodeDefault.xctoolchain/usr/bin/clang -x objective-c -ivfsstatcache /Users/hectorgarcia/Library/Developer/Xcode/DerivedData/SDKStatCaches.noindex/iphonesimulator26.2-23C53-823d3e8b6e60bc2018c189d3ca05ba9b.sdkstatcache -fmessage-length\=0 -fdiagnostics-show-note-include-stack -fmacro-backtrace-limit\=0 -fno-color-diagnostics -fmodules-prune-interval\=86400 -fmodules-prune-after\=345600 -fbuild-session-file\=/Users/hectorgarcia/Library/Developer/Xcode/DerivedData/ModuleCache.noindex/Session.modulevalidation -fmodules-validate-once-per-build-session -Wnon-modular-include-in-framework-module -Werror\=non-modular-include-in-framework-module -Wno-trigraphs -Wno-missing-field-initializers -Wno-missing-prototypes -Wno-return-type -Wno-implicit-atomic-properties -Wno-objc-interface-ivars -Wno-arc-repeated-use-of-weak -Wno-missing-braces -Wparentheses -Wswitch -Wno-unused-function -Wno-unused-label -Wno-unused-parameter -Wno-unused-variable -Wunused-value -Wno-empty-body -Wno-uninitialized -Wno-unknown-pragmas -w -Wno-shadow -Wno-four-char-constants -Wno-conversion -Wno-constant-conversion -Wno-int-conversion -Wno-bool-conversion -Wno-enum-conversion -Wno-float-conversion -Wno-non-literal-null-conversion -Wno-objc-literal-conversion -Wshorten-64-to-32 -Wpointer-sign -Wno-newline-eof -Wno-selector -Wno-strict-selector-match -Wno-undeclared-selector -Wno-deprecated-implementations -Wno-implicit-fallthrough -fstrict-aliasing -Wprotocol -Wdeprecated-declarations -Wno-sign-conversion -Wno-infinite-recursion -Wno-comma -Wno-block-capture-autoreleasing -Wno-strict-prototypes -Wno-semicolon-before-method-body -index-store-path /Users/hectorgarcia/Library/Developer/Xcode/DerivedData/Lyo-eagkiegzrakogpczynhkaholsscs/Index.noindex/DataStore @/Users/hectorgarcia/Library/Developer/Xcode/DerivedData/Build/Intermediates.noindex/AppAuth.build/Debug-iphonesimulator/AppAuthCore.build/Objects-normal/x86_64/e6072d4f65d7061329687fe24e3d63a7-common-args.resp -include /Users/hectorgarcia/Library/Developer/Xcode/DerivedData/Build/Intermediates.noindex/AppAuth.build/Debug-iphonesimulator/AppAuthCore.build/DerivedSources/resource_bundle_accessor.h -MMD -MT dependencies -MF /Users/hectorgarcia/Library/Developer/Xcode/DerivedData/Build/Intermediates.noindex/AppAuth.build/Debug-iphonesimulator/AppAuthCore.build/Objects-normal/x86_64/OIDServiceConfiguration.d --serialize-diagnostics /Users/hectorgarcia/Library/Developer/Xcode/DerivedData/Build/Intermediates.noindex/AppAuth.build/Debug-iphonesimulator/AppAuthCore.build/Objects-normal/x86_64/OIDServiceConfiguration.dia -c /Users/hectorgarcia/Library/Developer/Xcode/DerivedData/Lyo-eagkiegzrakogpczynhkaholsscs/SourcePackages/checkouts/AppAuth-iOS/Sources/AppAuthCore/OIDServiceConfiguration.m -o /Users/hectorgarcia/Library/Developer/Xcode/DerivedData/Build/Intermediates.noindex/AppAuth.build/Debug-iphonesimulator/AppAuthCore.build/Objects-normal/x86_64/OIDServiceConfiguration.o -index-unit-output-path /AppAuth.build/Debug-iphonesimulator/AppAuthCore.build/Objects-normal/x86_64/OIDServiceConfiguration.o

ScanDependencies /Users/hectorgarcia/Library/Developer/Xcode/DerivedData/Build/Intermediates.noindex/AppAuth.build/Debug-iphonesimulator/AppAuthCore.build/Objects-normal/x86_64/OIDScopes.o /Users/hectorgarcia/Library/Developer/Xcode/DerivedData/Lyo-eagkiegzrakogpczynhkaholsscs/SourcePackages/checkouts/AppAuth-iOS/Sources/AppAuthCore/OIDScopes.m normal x86_64 objective-c com.apple.compilers.llvm.clang.1_0.compiler (in target 'AppAuthCore' from project 'AppAuth')
    cd /Users/hectorgarcia/LYO_Da_ONE/Lyo.xcodeproj
    
    Using response file: /Users/hectorgarcia/Library/Developer/Xcode/DerivedData/Build/Intermediates.noindex/AppAuth.build/Debug-iphonesimulator/AppAuthCore.build/Objects-normal/x86_64/e6072d4f65d7061329687fe24e3d63a7-common-args.resp
    
    builtin-ScanDependencies -o /Users/hectorgarcia/Library/Developer/Xcode/DerivedData/Build/Intermediates.noindex/AppAuth.build/Debug-iphonesimulator/AppAuthCore.build/Objects-normal/x86_64/OIDScopes.o.scan -- /Users/hectorgarcia/Downloads/Xcode.app/Contents/Developer/Toolchains/XcodeDefault.xctoolchain/usr/bin/clang -x objective-c -ivfsstatcache /Users/hectorgarcia/Library/Developer/Xcode/DerivedData/SDKStatCaches.noindex/iphonesimulator26.2-23C53-823d3e8b6e60bc2018c189d3ca05ba9b.sdkstatcache -fmessage-length\=0 -fdiagnostics-show-note-include-stack -fmacro-backtrace-limit\=0 -fno-color-diagnostics -fmodules-prune-interval\=86400 -fmodules-prune-after\=345600 -fbuild-session-file\=/Users/hectorgarcia/Library/Developer/Xcode/DerivedData/ModuleCache.noindex/Session.modulevalidation -fmodules-validate-once-per-build-session -Wnon-modular-include-in-framework-module -Werror\=non-modular-include-in-framework-module -Wno-trigraphs -Wno-missing-field-initializers -Wno-missing-prototypes -Wno-return-type -Wno-implicit-atomic-properties -Wno-objc-interface-ivars -Wno-arc-repeated-use-of-weak -Wno-missing-braces -Wparentheses -Wswitch -Wno-unused-function -Wno-unused-label -Wno-unused-parameter -Wno-unused-variable -Wunused-value -Wno-empty-body -Wno-uninitialized -Wno-unknown-pragmas -w -Wno-shadow -Wno-four-char-constants -Wno-conversion -Wno-constant-conversion -Wno-int-conversion -Wno-bool-conversion -Wno-enum-conversion -Wno-float-conversion -Wno-non-literal-null-conversion -Wno-objc-literal-conversion -Wshorten-64-to-32 -Wpointer-sign -Wno-newline-eof -Wno-selector -Wno-strict-selector-match -Wno-undeclared-selector -Wno-deprecated-implementations -Wno-implicit-fallthrough -fstrict-aliasing -Wprotocol -Wdeprecated-declarations -Wno-sign-conversion -Wno-infinite-recursion -Wno-comma -Wno-block-capture-autoreleasing -Wno-strict-prototypes -Wno-semicolon-before-method-body -index-store-path /Users/hectorgarcia/Library/Developer/Xcode/DerivedData/Lyo-eagkiegzrakogpczynhkaholsscs/Index.noindex/DataStore @/Users/hectorgarcia/Library/Developer/Xcode/DerivedData/Build/Intermediates.noindex/AppAuth.build/Debug-iphonesimulator/AppAuthCore.build/Objects-normal/x86_64/e6072d4f65d7061329687fe24e3d63a7-common-args.resp -include /Users/hectorgarcia/Library/Developer/Xcode/DerivedData/Build/Intermediates.noindex/AppAuth.build/Debug-iphonesimulator/AppAuthCore.build/DerivedSources/resource_bundle_accessor.h -MMD -MT dependencies -MF /Users/hectorgarcia/Library/Developer/Xcode/DerivedData/Build/Intermediates.noindex/AppAuth.build/Debug-iphonesimulator/AppAuthCore.build/Objects-normal/x86_64/OIDScopes.d --serialize-diagnostics /Users/hectorgarcia/Library/Developer/Xcode/DerivedData/Build/Intermediates.noindex/AppAuth.build/Debug-iphonesimulator/AppAuthCore.build/Objects-normal/x86_64/OIDScopes.dia -c /Users/hectorgarcia/Library/Developer/Xcode/DerivedData/Lyo-eagkiegzrakogpczynhkaholsscs/SourcePackages/checkouts/AppAuth-iOS/Sources/AppAuthCore/OIDScopes.m -o /Users/hectorgarcia/Library/Developer/Xcode/DerivedData/Build/Intermediates.noindex/AppAuth.build/Debug-iphonesimulator/AppAuthCore.build/Objects-normal/x86_64/OIDScopes.o -index-unit-output-path /AppAuth.build/Debug-iphonesimulator/AppAuthCore.build/Objects-normal/x86_64/OIDScopes.o

CompileC /Users/hectorgarcia/Library/Developer/Xcode/DerivedData/Build/Intermediates.noindex/AppAuth.build/Debug-iphonesimulator/AppAuthCore.build/Objects-normal/x86_64/OIDTokenUtilities.o /Users/hectorgarcia/Library/Developer/Xcode/DerivedData/Lyo-eagkiegzrakogpczynhkaholsscs/SourcePackages/checkouts/AppAuth-iOS/Sources/AppAuthCore/OIDTokenUtilities.m normal x86_64 objective-c com.apple.compilers.llvm.clang.1_0.compiler (in target 'AppAuthCore' from project 'AppAuth')
    cd /Users/hectorgarcia/LYO_Da_ONE/Lyo.xcodeproj
    
    Using response file: /Users/hectorgarcia/Library/Developer/Xcode/DerivedData/Build/Intermediates.noindex/AppAuth.build/Debug-iphonesimulator/AppAuthCore.build/Objects-normal/x86_64/e6072d4f65d7061329687fe24e3d63a7-common-args.resp
    
    /Users/hectorgarcia/Downloads/Xcode.app/Contents/Developer/Toolchains/XcodeDefault.xctoolchain/usr/bin/clang -x objective-c -ivfsstatcache /Users/hectorgarcia/Library/Developer/Xcode/DerivedData/SDKStatCaches.noindex/iphonesimulator26.2-23C53-823d3e8b6e60bc2018c189d3ca05ba9b.sdkstatcache -fmessage-length\=0 -fdiagnostics-show-note-include-stack -fmacro-backtrace-limit\=0 -fno-color-diagnostics -fmodules-prune-interval\=86400 -fmodules-prune-after\=345600 -fbuild-session-file\=/Users/hectorgarcia/Library/Developer/Xcode/DerivedData/ModuleCache.noindex/Session.modulevalidation -fmodules-validate-once-per-build-session -Wnon-modular-include-in-framework-module -Werror\=non-modular-include-in-framework-module -Wno-trigraphs -Wno-missing-field-initializers -Wno-missing-prototypes -Wno-return-type -Wno-implicit-atomic-properties -Wno-objc-interface-ivars -Wno-arc-repeated-use-of-weak -Wno-missing-braces -Wparentheses -Wswitch -Wno-unused-function -Wno-unused-label -Wno-unused-parameter -Wno-unused-variable -Wunused-value -Wno-empty-body -Wno-uninitialized -Wno-unknown-pragmas -w -Wno-shadow -Wno-four-char-constants -Wno-conversion -Wno-constant-conversion -Wno-int-conversion -Wno-bool-conversion -Wno-enum-conversion -Wno-float-conversion -Wno-non-literal-null-conversion -Wno-objc-literal-conversion -Wshorten-64-to-32 -Wpointer-sign -Wno-newline-eof -Wno-selector -Wno-strict-selector-match -Wno-undeclared-selector -Wno-deprecated-implementations -Wno-implicit-fallthrough -fstrict-aliasing -Wprotocol -Wdeprecated-declarations -Wno-sign-conversion -Wno-infinite-recursion -Wno-comma -Wno-block-capture-autoreleasing -Wno-strict-prototypes -Wno-semicolon-before-method-body -index-store-path /Users/hectorgarcia/Library/Developer/Xcode/DerivedData/Lyo-eagkiegzrakogpczynhkaholsscs/Index.noindex/DataStore @/Users/hectorgarcia/Library/Developer/Xcode/DerivedData/Build/Intermediates.noindex/AppAuth.build/Debug-iphonesimulator/AppAuthCore.build/Objects-normal/x86_64/e6072d4f65d7061329687fe24e3d63a7-common-args.resp -include /Users/hectorgarcia/Library/Developer/Xcode/DerivedData/Build/Intermediates.noindex/AppAuth.build/Debug-iphonesimulator/AppAuthCore.build/DerivedSources/resource_bundle_accessor.h -MMD -MT dependencies -MF /Users/hectorgarcia/Library/Developer/Xcode/DerivedData/Build/Intermediates.noindex/AppAuth.build/Debug-iphonesimulator/AppAuthCore.build/Objects-normal/x86_64/OIDTokenUtilities.d --serialize-diagnostics /Users/hectorgarcia/Library/Developer/Xcode/DerivedData/Build/Intermediates.noindex/AppAuth.build/Debug-iphonesimulator/AppAuthCore.build/Objects-normal/x86_64/OIDTokenUtilities.dia -c /Users/hectorgarcia/Library/Developer/Xcode/DerivedData/Lyo-eagkiegzrakogpczynhkaholsscs/SourcePackages/checkouts/AppAuth-iOS/Sources/AppAuthCore/OIDTokenUtilities.m -o /Users/hectorgarcia/Library/Developer/Xcode/DerivedData/Build/Intermediates.noindex/AppAuth.build/Debug-iphonesimulator/AppAuthCore.build/Objects-normal/x86_64/OIDTokenUtilities.o -index-unit-output-path /AppAuth.build/Debug-iphonesimulator/AppAuthCore.build/Objects-normal/x86_64/OIDTokenUtilities.o

ScanDependencies /Users/hectorgarcia/Library/Developer/Xcode/DerivedData/Build/Intermediates.noindex/AppAuth.build/Debug-iphonesimulator/AppAuthCore.build/Objects-normal/x86_64/OIDScopeUtilities.o /Users/hectorgarcia/Library/Developer/Xcode/DerivedData/Lyo-eagkiegzrakogpczynhkaholsscs/SourcePackages/checkouts/AppAuth-iOS/Sources/AppAuthCore/OIDScopeUtilities.m normal x86_64 objective-c com.apple.compilers.llvm.clang.1_0.compiler (in target 'AppAuthCore' from project 'AppAuth')
    cd /Users/hectorgarcia/LYO_Da_ONE/Lyo.xcodeproj
    
    Using response file: /Users/hectorgarcia/Library/Developer/Xcode/DerivedData/Build/Intermediates.noindex/AppAuth.build/Debug-iphonesimulator/AppAuthCore.build/Objects-normal/x86_64/e6072d4f65d7061329687fe24e3d63a7-common-args.resp
    
    builtin-ScanDependencies -o /Users/hectorgarcia/Library/Developer/Xcode/DerivedData/Build/Intermediates.noindex/AppAuth.build/Debug-iphonesimulator/AppAuthCore.build/Objects-normal/x86_64/OIDScopeUtilities.o.scan -- /Users/hectorgarcia/Downloads/Xcode.app/Contents/Developer/Toolchains/XcodeDefault.xctoolchain/usr/bin/clang -x objective-c -ivfsstatcache /Users/hectorgarcia/Library/Developer/Xcode/DerivedData/SDKStatCaches.noindex/iphonesimulator26.2-23C53-823d3e8b6e60bc2018c189d3ca05ba9b.sdkstatcache -fmessage-length\=0 -fdiagnostics-show-note-include-stack -fmacro-backtrace-limit\=0 -fno-color-diagnostics -fmodules-prune-interval\=86400 -fmodules-prune-after\=345600 -fbuild-session-file\=/Users/hectorgarcia/Library/Developer/Xcode/DerivedData/ModuleCache.noindex/Session.modulevalidation -fmodules-validate-once-per-build-session -Wnon-modular-include-in-framework-module -Werror\=non-modular-include-in-framework-module -Wno-trigraphs -Wno-missing-field-initializers -Wno-missing-prototypes -Wno-return-type -Wno-implicit-atomic-properties -Wno-objc-interface-ivars -Wno-arc-repeated-use-of-weak -Wno-missing-braces -Wparentheses -Wswitch -Wno-unused-function -Wno-unused-label -Wno-unused-parameter -Wno-unused-variable -Wunused-value -Wno-empty-body -Wno-uninitialized -Wno-unknown-pragmas -w -Wno-shadow -Wno-four-char-constants -Wno-conversion -Wno-constant-conversion -Wno-int-conversion -Wno-bool-conversion -Wno-enum-conversion -Wno-float-conversion -Wno-non-literal-null-conversion -Wno-objc-literal-conversion -Wshorten-64-to-32 -Wpointer-sign -Wno-newline-eof -Wno-selector -Wno-strict-selector-match -Wno-undeclared-selector -Wno-deprecated-implementations -Wno-implicit-fallthrough -fstrict-aliasing -Wprotocol -Wdeprecated-declarations -Wno-sign-conversion -Wno-infinite-recursion -Wno-comma -Wno-block-capture-autoreleasing -Wno-strict-prototypes -Wno-semicolon-before-method-body -index-store-path /Users/hectorgarcia/Library/Developer/Xcode/DerivedData/Lyo-eagkiegzrakogpczynhkaholsscs/Index.noindex/DataStore @/Users/hectorgarcia/Library/Developer/Xcode/DerivedData/Build/Intermediates.noindex/AppAuth.build/Debug-iphonesimulator/AppAuthCore.build/Objects-normal/x86_64/e6072d4f65d7061329687fe24e3d63a7-common-args.resp -include /Users/hectorgarcia/Library/Developer/Xcode/DerivedData/Build/Intermediates.noindex/AppAuth.build/Debug-iphonesimulator/AppAuthCore.build/DerivedSources/resource_bundle_accessor.h -MMD -MT dependencies -MF /Users/hectorgarcia/Library/Developer/Xcode/DerivedData/Build/Intermediates.noindex/AppAuth.build/Debug-iphonesimulator/AppAuthCore.build/Objects-normal/x86_64/OIDScopeUtilities.d --serialize-diagnostics /Users/hectorgarcia/Library/Developer/Xcode/DerivedData/Build/Intermediates.noindex/AppAuth.build/Debug-iphonesimulator/AppAuthCore.build/Objects-normal/x86_64/OIDScopeUtilities.dia -c /Users/hectorgarcia/Library/Developer/Xcode/DerivedData/Lyo-eagkiegzrakogpczynhkaholsscs/SourcePackages/checkouts/AppAuth-iOS/Sources/AppAuthCore/OIDScopeUtilities.m -o /Users/hectorgarcia/Library/Developer/Xcode/DerivedData/Build/Intermediates.noindex/AppAuth.build/Debug-iphonesimulator/AppAuthCore.build/Objects-normal/x86_64/OIDScopeUtilities.o -index-unit-output-path /AppAuth.build/Debug-iphonesimulator/AppAuthCore.build/Objects-normal/x86_64/OIDScopeUtilities.o

ScanDependencies /Users/hectorgarcia/Library/Developer/Xcode/DerivedData/Build/Intermediates.noindex/AppAuth.build/Debug-iphonesimulator/AppAuthCore.build/Objects-normal/x86_64/OIDResponseTypes.o /Users/hectorgarcia/Library/Developer/Xcode/DerivedData/Lyo-eagkiegzrakogpczynhkaholsscs/SourcePackages/checkouts/AppAuth-iOS/Sources/AppAuthCore/OIDResponseTypes.m normal x86_64 objective-c com.apple.compilers.llvm.clang.1_0.compiler (in target 'AppAuthCore' from project 'AppAuth')
    cd /Users/hectorgarcia/LYO_Da_ONE/Lyo.xcodeproj
    
    Using response file: /Users/hectorgarcia/Library/Developer/Xcode/DerivedData/Build/Intermediates.noindex/AppAuth.build/Debug-iphonesimulator/AppAuthCore.build/Objects-normal/x86_64/e6072d4f65d7061329687fe24e3d63a7-common-args.resp
    
    builtin-ScanDependencies -o /Users/hectorgarcia/Library/Developer/Xcode/DerivedData/Build/Intermediates.noindex/AppAuth.build/Debug-iphonesimulator/AppAuthCore.build/Objects-normal/x86_64/OIDResponseTypes.o.scan -- /Users/hectorgarcia/Downloads/Xcode.app/Contents/Developer/Toolchains/XcodeDefault.xctoolchain/usr/bin/clang -x objective-c -ivfsstatcache /Users/hectorgarcia/Library/Developer/Xcode/DerivedData/SDKStatCaches.noindex/iphonesimulator26.2-23C53-823d3e8b6e60bc2018c189d3ca05ba9b.sdkstatcache -fmessage-length\=0 -fdiagnostics-show-note-include-stack -fmacro-backtrace-limit\=0 -fno-color-diagnostics -fmodules-prune-interval\=86400 -fmodules-prune-after\=345600 -fbuild-session-file\=/Users/hectorgarcia/Library/Developer/Xcode/DerivedData/ModuleCache.noindex/Session.modulevalidation -fmodules-validate-once-per-build-session -Wnon-modular-include-in-framework-module -Werror\=non-modular-include-in-framework-module -Wno-trigraphs -Wno-missing-field-initializers -Wno-missing-prototypes -Wno-return-type -Wno-implicit-atomic-properties -Wno-objc-interface-ivars -Wno-arc-repeated-use-of-weak -Wno-missing-braces -Wparentheses -Wswitch -Wno-unused-function -Wno-unused-label -Wno-unused-parameter -Wno-unused-variable -Wunused-value -Wno-empty-body -Wno-uninitialized -Wno-unknown-pragmas -w -Wno-shadow -Wno-four-char-constants -Wno-conversion -Wno-constant-conversion -Wno-int-conversion -Wno-bool-conversion -Wno-enum-conversion -Wno-float-conversion -Wno-non-literal-null-conversion -Wno-objc-literal-conversion -Wshorten-64-to-32 -Wpointer-sign -Wno-newline-eof -Wno-selector -Wno-strict-selector-match -Wno-undeclared-selector -Wno-deprecated-implementations -Wno-implicit-fallthrough -fstrict-aliasing -Wprotocol -Wdeprecated-declarations -Wno-sign-conversion -Wno-infinite-recursion -Wno-comma -Wno-block-capture-autoreleasing -Wno-strict-prototypes -Wno-semicolon-before-method-body -index-store-path /Users/hectorgarcia/Library/Developer/Xcode/DerivedData/Lyo-eagkiegzrakogpczynhkaholsscs/Index.noindex/DataStore @/Users/hectorgarcia/Library/Developer/Xcode/DerivedData/Build/Intermediates.noindex/AppAuth.build/Debug-iphonesimulator/AppAuthCore.build/Objects-normal/x86_64/e6072d4f65d7061329687fe24e3d63a7-common-args.resp -include /Users/hectorgarcia/Library/Developer/Xcode/DerivedData/Build/Intermediates.noindex/AppAuth.build/Debug-iphonesimulator/AppAuthCore.build/DerivedSources/resource_bundle_accessor.h -MMD -MT dependencies -MF /Users/hectorgarcia/Library/Developer/Xcode/DerivedData/Build/Intermediates.noindex/AppAuth.build/Debug-iphonesimulator/AppAuthCore.build/Objects-normal/x86_64/OIDResponseTypes.d --serialize-diagnostics /Users/hectorgarcia/Library/Developer/Xcode/DerivedData/Build/Intermediates.noindex/AppAuth.build/Debug-iphonesimulator/AppAuthCore.build/Objects-normal/x86_64/OIDResponseTypes.dia -c /Users/hectorgarcia/Library/Developer/Xcode/DerivedData/Lyo-eagkiegzrakogpczynhkaholsscs/SourcePackages/checkouts/AppAuth-iOS/Sources/AppAuthCore/OIDResponseTypes.m -o /Users/hectorgarcia/Library/Developer/Xcode/DerivedData/Build/Intermediates.noindex/AppAuth.build/Debug-iphonesimulator/AppAuthCore.build/Objects-normal/x86_64/OIDResponseTypes.o -index-unit-output-path /AppAuth.build/Debug-iphonesimulator/AppAuthCore.build/Objects-normal/x86_64/OIDResponseTypes.o

CompileC /Users/hectorgarcia/Library/Developer/Xcode/DerivedData/Build/Intermediates.noindex/AppAuth.build/Debug-iphonesimulator/AppAuthCore.build/Objects-normal/x86_64/OIDServiceDiscovery.o /Users/hectorgarcia/Library/Developer/Xcode/DerivedData/Lyo-eagkiegzrakogpczynhkaholsscs/SourcePackages/checkouts/AppAuth-iOS/Sources/AppAuthCore/OIDServiceDiscovery.m normal x86_64 objective-c com.apple.compilers.llvm.clang.1_0.compiler (in target 'AppAuthCore' from project 'AppAuth')
    cd /Users/hectorgarcia/LYO_Da_ONE/Lyo.xcodeproj
    
    Using response file: /Users/hectorgarcia/Library/Developer/Xcode/DerivedData/Build/Intermediates.noindex/AppAuth.build/Debug-iphonesimulator/AppAuthCore.build/Objects-normal/x86_64/e6072d4f65d7061329687fe24e3d63a7-common-args.resp
    
    /Users/hectorgarcia/Downloads/Xcode.app/Contents/Developer/Toolchains/XcodeDefault.xctoolchain/usr/bin/clang -x objective-c -ivfsstatcache /Users/hectorgarcia/Library/Developer/Xcode/DerivedData/SDKStatCaches.noindex/iphonesimulator26.2-23C53-823d3e8b6e60bc2018c189d3ca05ba9b.sdkstatcache -fmessage-length\=0 -fdiagnostics-show-note-include-stack -fmacro-backtrace-limit\=0 -fno-color-diagnostics -fmodules-prune-interval\=86400 -fmodules-prune-after\=345600 -fbuild-session-file\=/Users/hectorgarcia/Library/Developer/Xcode/DerivedData/ModuleCache.noindex/Session.modulevalidation -fmodules-validate-once-per-build-session -Wnon-modular-include-in-framework-module -Werror\=non-modular-include-in-framework-module -Wno-trigraphs -Wno-missing-field-initializers -Wno-missing-prototypes -Wno-return-type -Wno-implicit-atomic-properties -Wno-objc-interface-ivars -Wno-arc-repeated-use-of-weak -Wno-missing-braces -Wparentheses -Wswitch -Wno-unused-function -Wno-unused-label -Wno-unused-parameter -Wno-unused-variable -Wunused-value -Wno-empty-body -Wno-uninitialized -Wno-unknown-pragmas -w -Wno-shadow -Wno-four-char-constants -Wno-conversion -Wno-constant-conversion -Wno-int-conversion -Wno-bool-conversion -Wno-enum-conversion -Wno-float-conversion -Wno-non-literal-null-conversion -Wno-objc-literal-conversion -Wshorten-64-to-32 -Wpointer-sign -Wno-newline-eof -Wno-selector -Wno-strict-selector-match -Wno-undeclared-selector -Wno-deprecated-implementations -Wno-implicit-fallthrough -fstrict-aliasing -Wprotocol -Wdeprecated-declarations -Wno-sign-conversion -Wno-infinite-recursion -Wno-comma -Wno-block-capture-autoreleasing -Wno-strict-prototypes -Wno-semicolon-before-method-body -index-store-path /Users/hectorgarcia/Library/Developer/Xcode/DerivedData/Lyo-eagkiegzrakogpczynhkaholsscs/Index.noindex/DataStore @/Users/hectorgarcia/Library/Developer/Xcode/DerivedData/Build/Intermediates.noindex/AppAuth.build/Debug-iphonesimulator/AppAuthCore.build/Objects-normal/x86_64/e6072d4f65d7061329687fe24e3d63a7-common-args.resp -include /Users/hectorgarcia/Library/Developer/Xcode/DerivedData/Build/Intermediates.noindex/AppAuth.build/Debug-iphonesimulator/AppAuthCore.build/DerivedSources/resource_bundle_accessor.h -MMD -MT dependencies -MF /Users/hectorgarcia/Library/Developer/Xcode/DerivedData/Build/Intermediates.noindex/AppAuth.build/Debug-iphonesimulator/AppAuthCore.build/Objects-normal/x86_64/OIDServiceDiscovery.d --serialize-diagnostics /Users/hectorgarcia/Library/Developer/Xcode/DerivedData/Build/Intermediates.noindex/AppAuth.build/Debug-iphonesimulator/AppAuthCore.build/Objects-normal/x86_64/OIDServiceDiscovery.dia -c /Users/hectorgarcia/Library/Developer/Xcode/DerivedData/Lyo-eagkiegzrakogpczynhkaholsscs/SourcePackages/checkouts/AppAuth-iOS/Sources/AppAuthCore/OIDServiceDiscovery.m -o /Users/hectorgarcia/Library/Developer/Xcode/DerivedData/Build/Intermediates.noindex/AppAuth.build/Debug-iphonesimulator/AppAuthCore.build/Objects-normal/x86_64/OIDServiceDiscovery.o -index-unit-output-path /AppAuth.build/Debug-iphonesimulator/AppAuthCore.build/Objects-normal/x86_64/OIDServiceDiscovery.o

CompileC /Users/hectorgarcia/Library/Developer/Xcode/DerivedData/Build/Intermediates.noindex/AppAuth.build/Debug-iphonesimulator/AppAuthCore.build/Objects-normal/x86_64/OIDServiceConfiguration.o /Users/hectorgarcia/Library/Developer/Xcode/DerivedData/Lyo-eagkiegzrakogpczynhkaholsscs/SourcePackages/checkouts/AppAuth-iOS/Sources/AppAuthCore/OIDServiceConfiguration.m normal x86_64 objective-c com.apple.compilers.llvm.clang.1_0.compiler (in target 'AppAuthCore' from project 'AppAuth')
    cd /Users/hectorgarcia/LYO_Da_ONE/Lyo.xcodeproj
    
    Using response file: /Users/hectorgarcia/Library/Developer/Xcode/DerivedData/Build/Intermediates.noindex/AppAuth.build/Debug-iphonesimulator/AppAuthCore.build/Objects-normal/x86_64/e6072d4f65d7061329687fe24e3d63a7-common-args.resp
    
    /Users/hectorgarcia/Downloads/Xcode.app/Contents/Developer/Toolchains/XcodeDefault.xctoolchain/usr/bin/clang -x objective-c -ivfsstatcache /Users/hectorgarcia/Library/Developer/Xcode/DerivedData/SDKStatCaches.noindex/iphonesimulator26.2-23C53-823d3e8b6e60bc2018c189d3ca05ba9b.sdkstatcache -fmessage-length\=0 -fdiagnostics-show-note-include-stack -fmacro-backtrace-limit\=0 -fno-color-diagnostics -fmodules-prune-interval\=86400 -fmodules-prune-after\=345600 -fbuild-session-file\=/Users/hectorgarcia/Library/Developer/Xcode/DerivedData/ModuleCache.noindex/Session.modulevalidation -fmodules-validate-once-per-build-session -Wnon-modular-include-in-framework-module -Werror\=non-modular-include-in-framework-module -Wno-trigraphs -Wno-missing-field-initializers -Wno-missing-prototypes -Wno-return-type -Wno-implicit-atomic-properties -Wno-objc-interface-ivars -Wno-arc-repeated-use-of-weak -Wno-missing-braces -Wparentheses -Wswitch -Wno-unused-function -Wno-unused-label -Wno-unused-parameter -Wno-unused-variable -Wunused-value -Wno-empty-body -Wno-uninitialized -Wno-unknown-pragmas -w -Wno-shadow -Wno-four-char-constants -Wno-conversion -Wno-constant-conversion -Wno-int-conversion -Wno-bool-conversion -Wno-enum-conversion -Wno-float-conversion -Wno-non-literal-null-conversion -Wno-objc-literal-conversion -Wshorten-64-to-32 -Wpointer-sign -Wno-newline-eof -Wno-selector -Wno-strict-selector-match -Wno-undeclared-selector -Wno-deprecated-implementations -Wno-implicit-fallthrough -fstrict-aliasing -Wprotocol -Wdeprecated-declarations -Wno-sign-conversion -Wno-infinite-recursion -Wno-comma -Wno-block-capture-autoreleasing -Wno-strict-prototypes -Wno-semicolon-before-method-body -index-store-path /Users/hectorgarcia/Library/Developer/Xcode/DerivedData/Lyo-eagkiegzrakogpczynhkaholsscs/Index.noindex/DataStore @/Users/hectorgarcia/Library/Developer/Xcode/DerivedData/Build/Intermediates.noindex/AppAuth.build/Debug-iphonesimulator/AppAuthCore.build/Objects-normal/x86_64/e6072d4f65d7061329687fe24e3d63a7-common-args.resp -include /Users/hectorgarcia/Library/Developer/Xcode/DerivedData/Build/Intermediates.noindex/AppAuth.build/Debug-iphonesimulator/AppAuthCore.build/DerivedSources/resource_bundle_accessor.h -MMD -MT dependencies -MF /Users/hectorgarcia/Library/Developer/Xcode/DerivedData/Build/Intermediates.noindex/AppAuth.build/Debug-iphonesimulator/AppAuthCore.build/Objects-normal/x86_64/OIDServiceConfiguration.d --serialize-diagnostics /Users/hectorgarcia/Library/Developer/Xcode/DerivedData/Build/Intermediates.noindex/AppAuth.build/Debug-iphonesimulator/AppAuthCore.build/Objects-normal/x86_64/OIDServiceConfiguration.dia -c /Users/hectorgarcia/Library/Developer/Xcode/DerivedData/Lyo-eagkiegzrakogpczynhkaholsscs/SourcePackages/checkouts/AppAuth-iOS/Sources/AppAuthCore/OIDServiceConfiguration.m -o /Users/hectorgarcia/Library/Developer/Xcode/DerivedData/Build/Intermediates.noindex/AppAuth.build/Debug-iphonesimulator/AppAuthCore.build/Objects-normal/x86_64/OIDServiceConfiguration.o -index-unit-output-path /AppAuth.build/Debug-iphonesimulator/AppAuthCore.build/Objects-normal/x86_64/OIDServiceConfiguration.o

CompileC /Users/hectorgarcia/Library/Developer/Xcode/DerivedData/Build/Intermediates.noindex/AppAuth.build/Debug-iphonesimulator/AppAuthCore.build/Objects-normal/x86_64/OIDScopes.o /Users/hectorgarcia/Library/Developer/Xcode/DerivedData/Lyo-eagkiegzrakogpczynhkaholsscs/SourcePackages/checkouts/AppAuth-iOS/Sources/AppAuthCore/OIDScopes.m normal x86_64 objective-c com.apple.compilers.llvm.clang.1_0.compiler (in target 'AppAuthCore' from project 'AppAuth')
    cd /Users/hectorgarcia/LYO_Da_ONE/Lyo.xcodeproj
    
    Using response file: /Users/hectorgarcia/Library/Developer/Xcode/DerivedData/Build/Intermediates.noindex/AppAuth.build/Debug-iphonesimulator/AppAuthCore.build/Objects-normal/x86_64/e6072d4f65d7061329687fe24e3d63a7-common-args.resp
    
    /Users/hectorgarcia/Downloads/Xcode.app/Contents/Developer/Toolchains/XcodeDefault.xctoolchain/usr/bin/clang -x objective-c -ivfsstatcache /Users/hectorgarcia/Library/Developer/Xcode/DerivedData/SDKStatCaches.noindex/iphonesimulator26.2-23C53-823d3e8b6e60bc2018c189d3ca05ba9b.sdkstatcache -fmessage-length\=0 -fdiagnostics-show-note-include-stack -fmacro-backtrace-limit\=0 -fno-color-diagnostics -fmodules-prune-interval\=86400 -fmodules-prune-after\=345600 -fbuild-session-file\=/Users/hectorgarcia/Library/Developer/Xcode/DerivedData/ModuleCache.noindex/Session.modulevalidation -fmodules-validate-once-per-build-session -Wnon-modular-include-in-framework-module -Werror\=non-modular-include-in-framework-module -Wno-trigraphs -Wno-missing-field-initializers -Wno-missing-prototypes -Wno-return-type -Wno-implicit-atomic-properties -Wno-objc-interface-ivars -Wno-arc-repeated-use-of-weak -Wno-missing-braces -Wparentheses -Wswitch -Wno-unused-function -Wno-unused-label -Wno-unused-parameter -Wno-unused-variable -Wunused-value -Wno-empty-body -Wno-uninitialized -Wno-unknown-pragmas -w -Wno-shadow -Wno-four-char-constants -Wno-conversion -Wno-constant-conversion -Wno-int-conversion -Wno-bool-conversion -Wno-enum-conversion -Wno-float-conversion -Wno-non-literal-null-conversion -Wno-objc-literal-conversion -Wshorten-64-to-32 -Wpointer-sign -Wno-newline-eof -Wno-selector -Wno-strict-selector-match -Wno-undeclared-selector -Wno-deprecated-implementations -Wno-implicit-fallthrough -fstrict-aliasing -Wprotocol -Wdeprecated-declarations -Wno-sign-conversion -Wno-infinite-recursion -Wno-comma -Wno-block-capture-autoreleasing -Wno-strict-prototypes -Wno-semicolon-before-method-body -index-store-path /Users/hectorgarcia/Library/Developer/Xcode/DerivedData/Lyo-eagkiegzrakogpczynhkaholsscs/Index.noindex/DataStore @/Users/hectorgarcia/Library/Developer/Xcode/DerivedData/Build/Intermediates.noindex/AppAuth.build/Debug-iphonesimulator/AppAuthCore.build/Objects-normal/x86_64/e6072d4f65d7061329687fe24e3d63a7-common-args.resp -include /Users/hectorgarcia/Library/Developer/Xcode/DerivedData/Build/Intermediates.noindex/AppAuth.build/Debug-iphonesimulator/AppAuthCore.build/DerivedSources/resource_bundle_accessor.h -MMD -MT dependencies -MF /Users/hectorgarcia/Library/Developer/Xcode/DerivedData/Build/Intermediates.noindex/AppAuth.build/Debug-iphonesimulator/AppAuthCore.build/Objects-normal/x86_64/OIDScopes.d --serialize-diagnostics /Users/hectorgarcia/Library/Developer/Xcode/DerivedData/Build/Intermediates.noindex/AppAuth.build/Debug-iphonesimulator/AppAuthCore.build/Objects-normal/x86_64/OIDScopes.dia -c /Users/hectorgarcia/Library/Developer/Xcode/DerivedData/Lyo-eagkiegzrakogpczynhkaholsscs/SourcePackages/checkouts/AppAuth-iOS/Sources/AppAuthCore/OIDScopes.m -o /Users/hectorgarcia/Library/Developer/Xcode/DerivedData/Build/Intermediates.noindex/AppAuth.build/Debug-iphonesimulator/AppAuthCore.build/Objects-normal/x86_64/OIDScopes.o -index-unit-output-path /AppAuth.build/Debug-iphonesimulator/AppAuthCore.build/Objects-normal/x86_64/OIDScopes.o

CompileC /Users/hectorgarcia/Library/Developer/Xcode/DerivedData/Build/Intermediates.noindex/AppAuth.build/Debug-iphonesimulator/AppAuthCore.build/Objects-normal/x86_64/OIDTokenRequest.o /Users/hectorgarcia/Library/Developer/Xcode/DerivedData/Lyo-eagkiegzrakogpczynhkaholsscs/SourcePackages/checkouts/AppAuth-iOS/Sources/AppAuthCore/OIDTokenRequest.m normal x86_64 objective-c com.apple.compilers.llvm.clang.1_0.compiler (in target 'AppAuthCore' from project 'AppAuth')
    cd /Users/hectorgarcia/LYO_Da_ONE/Lyo.xcodeproj
    
    Using response file: /Users/hectorgarcia/Library/Developer/Xcode/DerivedData/Build/Intermediates.noindex/AppAuth.build/Debug-iphonesimulator/AppAuthCore.build/Objects-normal/x86_64/e6072d4f65d7061329687fe24e3d63a7-common-args.resp
    
    /Users/hectorgarcia/Downloads/Xcode.app/Contents/Developer/Toolchains/XcodeDefault.xctoolchain/usr/bin/clang -x objective-c -ivfsstatcache /Users/hectorgarcia/Library/Developer/Xcode/DerivedData/SDKStatCaches.noindex/iphonesimulator26.2-23C53-823d3e8b6e60bc2018c189d3ca05ba9b.sdkstatcache -fmessage-length\=0 -fdiagnostics-show-note-include-stack -fmacro-backtrace-limit\=0 -fno-color-diagnostics -fmodules-prune-interval\=86400 -fmodules-prune-after\=345600 -fbuild-session-file\=/Users/hectorgarcia/Library/Developer/Xcode/DerivedData/ModuleCache.noindex/Session.modulevalidation -fmodules-validate-once-per-build-session -Wnon-modular-include-in-framework-module -Werror\=non-modular-include-in-framework-module -Wno-trigraphs -Wno-missing-field-initializers -Wno-missing-prototypes -Wno-return-type -Wno-implicit-atomic-properties -Wno-objc-interface-ivars -Wno-arc-repeated-use-of-weak -Wno-missing-braces -Wparentheses -Wswitch -Wno-unused-function -Wno-unused-label -Wno-unused-parameter -Wno-unused-variable -Wunused-value -Wno-empty-body -Wno-uninitialized -Wno-unknown-pragmas -w -Wno-shadow -Wno-four-char-constants -Wno-conversion -Wno-constant-conversion -Wno-int-conversion -Wno-bool-conversion -Wno-enum-conversion -Wno-float-conversion -Wno-non-literal-null-conversion -Wno-objc-literal-conversion -Wshorten-64-to-32 -Wpointer-sign -Wno-newline-eof -Wno-selector -Wno-strict-selector-match -Wno-undeclared-selector -Wno-deprecated-implementations -Wno-implicit-fallthrough -fstrict-aliasing -Wprotocol -Wdeprecated-declarations -Wno-sign-conversion -Wno-infinite-recursion -Wno-comma -Wno-block-capture-autoreleasing -Wno-strict-prototypes -Wno-semicolon-before-method-body -index-store-path /Users/hectorgarcia/Library/Developer/Xcode/DerivedData/Lyo-eagkiegzrakogpczynhkaholsscs/Index.noindex/DataStore @/Users/hectorgarcia/Library/Developer/Xcode/DerivedData/Build/Intermediates.noindex/AppAuth.build/Debug-iphonesimulator/AppAuthCore.build/Objects-normal/x86_64/e6072d4f65d7061329687fe24e3d63a7-common-args.resp -include /Users/hectorgarcia/Library/Developer/Xcode/DerivedData/Build/Intermediates.noindex/AppAuth.build/Debug-iphonesimulator/AppAuthCore.build/DerivedSources/resource_bundle_accessor.h -MMD -MT dependencies -MF /Users/hectorgarcia/Library/Developer/Xcode/DerivedData/Build/Intermediates.noindex/AppAuth.build/Debug-iphonesimulator/AppAuthCore.build/Objects-normal/x86_64/OIDTokenRequest.d --serialize-diagnostics /Users/hectorgarcia/Library/Developer/Xcode/DerivedData/Build/Intermediates.noindex/AppAuth.build/Debug-iphonesimulator/AppAuthCore.build/Objects-normal/x86_64/OIDTokenRequest.dia -c /Users/hectorgarcia/Library/Developer/Xcode/DerivedData/Lyo-eagkiegzrakogpczynhkaholsscs/SourcePackages/checkouts/AppAuth-iOS/Sources/AppAuthCore/OIDTokenRequest.m -o /Users/hectorgarcia/Library/Developer/Xcode/DerivedData/Build/Intermediates.noindex/AppAuth.build/Debug-iphonesimulator/AppAuthCore.build/Objects-normal/x86_64/OIDTokenRequest.o -index-unit-output-path /AppAuth.build/Debug-iphonesimulator/AppAuthCore.build/Objects-normal/x86_64/OIDTokenRequest.o

ScanDependencies /Users/hectorgarcia/Library/Developer/Xcode/DerivedData/Build/Intermediates.noindex/AppAuth.build/Debug-iphonesimulator/AppAuthCore.build/Objects-normal/x86_64/OIDRegistrationResponse.o /Users/hectorgarcia/Library/Developer/Xcode/DerivedData/Lyo-eagkiegzrakogpczynhkaholsscs/SourcePackages/checkouts/AppAuth-iOS/Sources/AppAuthCore/OIDRegistrationResponse.m normal x86_64 objective-c com.apple.compilers.llvm.clang.1_0.compiler (in target 'AppAuthCore' from project 'AppAuth')
    cd /Users/hectorgarcia/LYO_Da_ONE/Lyo.xcodeproj
    
    Using response file: /Users/hectorgarcia/Library/Developer/Xcode/DerivedData/Build/Intermediates.noindex/AppAuth.build/Debug-iphonesimulator/AppAuthCore.build/Objects-normal/x86_64/e6072d4f65d7061329687fe24e3d63a7-common-args.resp
    
    builtin-ScanDependencies -o /Users/hectorgarcia/Library/Developer/Xcode/DerivedData/Build/Intermediates.noindex/AppAuth.build/Debug-iphonesimulator/AppAuthCore.build/Objects-normal/x86_64/OIDRegistrationResponse.o.scan -- /Users/hectorgarcia/Downloads/Xcode.app/Contents/Developer/Toolchains/XcodeDefault.xctoolchain/usr/bin/clang -x objective-c -ivfsstatcache /Users/hectorgarcia/Library/Developer/Xcode/DerivedData/SDKStatCaches.noindex/iphonesimulator26.2-23C53-823d3e8b6e60bc2018c189d3ca05ba9b.sdkstatcache -fmessage-length\=0 -fdiagnostics-show-note-include-stack -fmacro-backtrace-limit\=0 -fno-color-diagnostics -fmodules-prune-interval\=86400 -fmodules-prune-after\=345600 -fbuild-session-file\=/Users/hectorgarcia/Library/Developer/Xcode/DerivedData/ModuleCache.noindex/Session.modulevalidation -fmodules-validate-once-per-build-session -Wnon-modular-include-in-framework-module -Werror\=non-modular-include-in-framework-module -Wno-trigraphs -Wno-missing-field-initializers -Wno-missing-prototypes -Wno-return-type -Wno-implicit-atomic-properties -Wno-objc-interface-ivars -Wno-arc-repeated-use-of-weak -Wno-missing-braces -Wparentheses -Wswitch -Wno-unused-function -Wno-unused-label -Wno-unused-parameter -Wno-unused-variable -Wunused-value -Wno-empty-body -Wno-uninitialized -Wno-unknown-pragmas -w -Wno-shadow -Wno-four-char-constants -Wno-conversion -Wno-constant-conversion -Wno-int-conversion -Wno-bool-conversion -Wno-enum-conversion -Wno-float-conversion -Wno-non-literal-null-conversion -Wno-objc-literal-conversion -Wshorten-64-to-32 -Wpointer-sign -Wno-newline-eof -Wno-selector -Wno-strict-selector-match -Wno-undeclared-selector -Wno-deprecated-implementations -Wno-implicit-fallthrough -fstrict-aliasing -Wprotocol -Wdeprecated-declarations -Wno-sign-conversion -Wno-infinite-recursion -Wno-comma -Wno-block-capture-autoreleasing -Wno-strict-prototypes -Wno-semicolon-before-method-body -index-store-path /Users/hectorgarcia/Library/Developer/Xcode/DerivedData/Lyo-eagkiegzrakogpczynhkaholsscs/Index.noindex/DataStore @/Users/hectorgarcia/Library/Developer/Xcode/DerivedData/Build/Intermediates.noindex/AppAuth.build/Debug-iphonesimulator/AppAuthCore.build/Objects-normal/x86_64/e6072d4f65d7061329687fe24e3d63a7-common-args.resp -include /Users/hectorgarcia/Library/Developer/Xcode/DerivedData/Build/Intermediates.noindex/AppAuth.build/Debug-iphonesimulator/AppAuthCore.build/DerivedSources/resource_bundle_accessor.h -MMD -MT dependencies -MF /Users/hectorgarcia/Library/Developer/Xcode/DerivedData/Build/Intermediates.noindex/AppAuth.build/Debug-iphonesimulator/AppAuthCore.build/Objects-normal/x86_64/OIDRegistrationResponse.d --serialize-diagnostics /Users/hectorgarcia/Library/Developer/Xcode/DerivedData/Build/Intermediates.noindex/AppAuth.build/Debug-iphonesimulator/AppAuthCore.build/Objects-normal/x86_64/OIDRegistrationResponse.dia -c /Users/hectorgarcia/Library/Developer/Xcode/DerivedData/Lyo-eagkiegzrakogpczynhkaholsscs/SourcePackages/checkouts/AppAuth-iOS/Sources/AppAuthCore/OIDRegistrationResponse.m -o /Users/hectorgarcia/Library/Developer/Xcode/DerivedData/Build/Intermediates.noindex/AppAuth.build/Debug-iphonesimulator/AppAuthCore.build/Objects-normal/x86_64/OIDRegistrationResponse.o -index-unit-output-path /AppAuth.build/Debug-iphonesimulator/AppAuthCore.build/Objects-normal/x86_64/OIDRegistrationResponse.o

ScanDependencies /Users/hectorgarcia/Library/Developer/Xcode/DerivedData/Build/Intermediates.noindex/AppAuth.build/Debug-iphonesimulator/AppAuthCore.build/Objects-normal/x86_64/OIDRegistrationRequest.o /Users/hectorgarcia/Library/Developer/Xcode/DerivedData/Lyo-eagkiegzrakogpczynhkaholsscs/SourcePackages/checkouts/AppAuth-iOS/Sources/AppAuthCore/OIDRegistrationRequest.m normal x86_64 objective-c com.apple.compilers.llvm.clang.1_0.compiler (in target 'AppAuthCore' from project 'AppAuth')
    cd /Users/hectorgarcia/LYO_Da_ONE/Lyo.xcodeproj
    
    Using response file: /Users/hectorgarcia/Library/Developer/Xcode/DerivedData/Build/Intermediates.noindex/AppAuth.build/Debug-iphonesimulator/AppAuthCore.build/Objects-normal/x86_64/e6072d4f65d7061329687fe24e3d63a7-common-args.resp
    
    builtin-ScanDependencies -o /Users/hectorgarcia/Library/Developer/Xcode/DerivedData/Build/Intermediates.noindex/AppAuth.build/Debug-iphonesimulator/AppAuthCore.build/Objects-normal/x86_64/OIDRegistrationRequest.o.scan -- /Users/hectorgarcia/Downloads/Xcode.app/Contents/Developer/Toolchains/XcodeDefault.xctoolchain/usr/bin/clang -x objective-c -ivfsstatcache /Users/hectorgarcia/Library/Developer/Xcode/DerivedData/SDKStatCaches.noindex/iphonesimulator26.2-23C53-823d3e8b6e60bc2018c189d3ca05ba9b.sdkstatcache -fmessage-length\=0 -fdiagnostics-show-note-include-stack -fmacro-backtrace-limit\=0 -fno-color-diagnostics -fmodules-prune-interval\=86400 -fmodules-prune-after\=345600 -fbuild-session-file\=/Users/hectorgarcia/Library/Developer/Xcode/DerivedData/ModuleCache.noindex/Session.modulevalidation -fmodules-validate-once-per-build-session -Wnon-modular-include-in-framework-module -Werror\=non-modular-include-in-framework-module -Wno-trigraphs -Wno-missing-field-initializers -Wno-missing-prototypes -Wno-return-type -Wno-implicit-atomic-properties -Wno-objc-interface-ivars -Wno-arc-repeated-use-of-weak -Wno-missing-braces -Wparentheses -Wswitch -Wno-unused-function -Wno-unused-label -Wno-unused-parameter -Wno-unused-variable -Wunused-value -Wno-empty-body -Wno-uninitialized -Wno-unknown-pragmas -w -Wno-shadow -Wno-four-char-constants -Wno-conversion -Wno-constant-conversion -Wno-int-conversion -Wno-bool-conversion -Wno-enum-conversion -Wno-float-conversion -Wno-non-literal-null-conversion -Wno-objc-literal-conversion -Wshorten-64-to-32 -Wpointer-sign -Wno-newline-eof -Wno-selector -Wno-strict-selector-match -Wno-undeclared-selector -Wno-deprecated-implementations -Wno-implicit-fallthrough -fstrict-aliasing -Wprotocol -Wdeprecated-declarations -Wno-sign-conversion -Wno-infinite-recursion -Wno-comma -Wno-block-capture-autoreleasing -Wno-strict-prototypes -Wno-semicolon-before-method-body -index-store-path /Users/hectorgarcia/Library/Developer/Xcode/DerivedData/Lyo-eagkiegzrakogpczynhkaholsscs/Index.noindex/DataStore @/Users/hectorgarcia/Library/Developer/Xcode/DerivedData/Build/Intermediates.noindex/AppAuth.build/Debug-iphonesimulator/AppAuthCore.build/Objects-normal/x86_64/e6072d4f65d7061329687fe24e3d63a7-common-args.resp -include /Users/hectorgarcia/Library/Developer/Xcode/DerivedData/Build/Intermediates.noindex/AppAuth.build/Debug-iphonesimulator/AppAuthCore.build/DerivedSources/resource_bundle_accessor.h -MMD -MT dependencies -MF /Users/hectorgarcia/Library/Developer/Xcode/DerivedData/Build/Intermediates.noindex/AppAuth.build/Debug-iphonesimulator/AppAuthCore.build/Objects-normal/x86_64/OIDRegistrationRequest.d --serialize-diagnostics /Users/hectorgarcia/Library/Developer/Xcode/DerivedData/Build/Intermediates.noindex/AppAuth.build/Debug-iphonesimulator/AppAuthCore.build/Objects-normal/x86_64/OIDRegistrationRequest.dia -c /Users/hectorgarcia/Library/Developer/Xcode/DerivedData/Lyo-eagkiegzrakogpczynhkaholsscs/SourcePackages/checkouts/AppAuth-iOS/Sources/AppAuthCore/OIDRegistrationRequest.m -o /Users/hectorgarcia/Library/Developer/Xcode/DerivedData/Build/Intermediates.noindex/AppAuth.build/Debug-iphonesimulator/AppAuthCore.build/Objects-normal/x86_64/OIDRegistrationRequest.o -index-unit-output-path /AppAuth.build/Debug-iphonesimulator/AppAuthCore.build/Objects-normal/x86_64/OIDRegistrationRequest.o

CompileC /Users/hectorgarcia/Library/Developer/Xcode/DerivedData/Build/Intermediates.noindex/AppAuth.build/Debug-iphonesimulator/AppAuthCore.build/Objects-normal/x86_64/OIDScopeUtilities.o /Users/hectorgarcia/Library/Developer/Xcode/DerivedData/Lyo-eagkiegzrakogpczynhkaholsscs/SourcePackages/checkouts/AppAuth-iOS/Sources/AppAuthCore/OIDScopeUtilities.m normal x86_64 objective-c com.apple.compilers.llvm.clang.1_0.compiler (in target 'AppAuthCore' from project 'AppAuth')
    cd /Users/hectorgarcia/LYO_Da_ONE/Lyo.xcodeproj
    
    Using response file: /Users/hectorgarcia/Library/Developer/Xcode/DerivedData/Build/Intermediates.noindex/AppAuth.build/Debug-iphonesimulator/AppAuthCore.build/Objects-normal/x86_64/e6072d4f65d7061329687fe24e3d63a7-common-args.resp
    
    /Users/hectorgarcia/Downloads/Xcode.app/Contents/Developer/Toolchains/XcodeDefault.xctoolchain/usr/bin/clang -x objective-c -ivfsstatcache /Users/hectorgarcia/Library/Developer/Xcode/DerivedData/SDKStatCaches.noindex/iphonesimulator26.2-23C53-823d3e8b6e60bc2018c189d3ca05ba9b.sdkstatcache -fmessage-length\=0 -fdiagnostics-show-note-include-stack -fmacro-backtrace-limit\=0 -fno-color-diagnostics -fmodules-prune-interval\=86400 -fmodules-prune-after\=345600 -fbuild-session-file\=/Users/hectorgarcia/Library/Developer/Xcode/DerivedData/ModuleCache.noindex/Session.modulevalidation -fmodules-validate-once-per-build-session -Wnon-modular-include-in-framework-module -Werror\=non-modular-include-in-framework-module -Wno-trigraphs -Wno-missing-field-initializers -Wno-missing-prototypes -Wno-return-type -Wno-implicit-atomic-properties -Wno-objc-interface-ivars -Wno-arc-repeated-use-of-weak -Wno-missing-braces -Wparentheses -Wswitch -Wno-unused-function -Wno-unused-label -Wno-unused-parameter -Wno-unused-variable -Wunused-value -Wno-empty-body -Wno-uninitialized -Wno-unknown-pragmas -w -Wno-shadow -Wno-four-char-constants -Wno-conversion -Wno-constant-conversion -Wno-int-conversion -Wno-bool-conversion -Wno-enum-conversion -Wno-float-conversion -Wno-non-literal-null-conversion -Wno-objc-literal-conversion -Wshorten-64-to-32 -Wpointer-sign -Wno-newline-eof -Wno-selector -Wno-strict-selector-match -Wno-undeclared-selector -Wno-deprecated-implementations -Wno-implicit-fallthrough -fstrict-aliasing -Wprotocol -Wdeprecated-declarations -Wno-sign-conversion -Wno-infinite-recursion -Wno-comma -Wno-block-capture-autoreleasing -Wno-strict-prototypes -Wno-semicolon-before-method-body -index-store-path /Users/hectorgarcia/Library/Developer/Xcode/DerivedData/Lyo-eagkiegzrakogpczynhkaholsscs/Index.noindex/DataStore @/Users/hectorgarcia/Library/Developer/Xcode/DerivedData/Build/Intermediates.noindex/AppAuth.build/Debug-iphonesimulator/AppAuthCore.build/Objects-normal/x86_64/e6072d4f65d7061329687fe24e3d63a7-common-args.resp -include /Users/hectorgarcia/Library/Developer/Xcode/DerivedData/Build/Intermediates.noindex/AppAuth.build/Debug-iphonesimulator/AppAuthCore.build/DerivedSources/resource_bundle_accessor.h -MMD -MT dependencies -MF /Users/hectorgarcia/Library/Developer/Xcode/DerivedData/Build/Intermediates.noindex/AppAuth.build/Debug-iphonesimulator/AppAuthCore.build/Objects-normal/x86_64/OIDScopeUtilities.d --serialize-diagnostics /Users/hectorgarcia/Library/Developer/Xcode/DerivedData/Build/Intermediates.noindex/AppAuth.build/Debug-iphonesimulator/AppAuthCore.build/Objects-normal/x86_64/OIDScopeUtilities.dia -c /Users/hectorgarcia/Library/Developer/Xcode/DerivedData/Lyo-eagkiegzrakogpczynhkaholsscs/SourcePackages/checkouts/AppAuth-iOS/Sources/AppAuthCore/OIDScopeUtilities.m -o /Users/hectorgarcia/Library/Developer/Xcode/DerivedData/Build/Intermediates.noindex/AppAuth.build/Debug-iphonesimulator/AppAuthCore.build/Objects-normal/x86_64/OIDScopeUtilities.o -index-unit-output-path /AppAuth.build/Debug-iphonesimulator/AppAuthCore.build/Objects-normal/x86_64/OIDScopeUtilities.o

ScanDependencies /Users/hectorgarcia/Library/Developer/Xcode/DerivedData/Build/Intermediates.noindex/AppAuth.build/Debug-iphonesimulator/AppAuthCore.build/Objects-normal/x86_64/OIDIDToken.o /Users/hectorgarcia/Library/Developer/Xcode/DerivedData/Lyo-eagkiegzrakogpczynhkaholsscs/SourcePackages/checkouts/AppAuth-iOS/Sources/AppAuthCore/OIDIDToken.m normal x86_64 objective-c com.apple.compilers.llvm.clang.1_0.compiler (in target 'AppAuthCore' from project 'AppAuth')
    cd /Users/hectorgarcia/LYO_Da_ONE/Lyo.xcodeproj
    
    Using response file: /Users/hectorgarcia/Library/Developer/Xcode/DerivedData/Build/Intermediates.noindex/AppAuth.build/Debug-iphonesimulator/AppAuthCore.build/Objects-normal/x86_64/e6072d4f65d7061329687fe24e3d63a7-common-args.resp
    
    builtin-ScanDependencies -o /Users/hectorgarcia/Library/Developer/Xcode/DerivedData/Build/Intermediates.noindex/AppAuth.build/Debug-iphonesimulator/AppAuthCore.build/Objects-normal/x86_64/OIDIDToken.o.scan -- /Users/hectorgarcia/Downloads/Xcode.app/Contents/Developer/Toolchains/XcodeDefault.xctoolchain/usr/bin/clang -x objective-c -ivfsstatcache /Users/hectorgarcia/Library/Developer/Xcode/DerivedData/SDKStatCaches.noindex/iphonesimulator26.2-23C53-823d3e8b6e60bc2018c189d3ca05ba9b.sdkstatcache -fmessage-length\=0 -fdiagnostics-show-note-include-stack -fmacro-backtrace-limit\=0 -fno-color-diagnostics -fmodules-prune-interval\=86400 -fmodules-prune-after\=345600 -fbuild-session-file\=/Users/hectorgarcia/Library/Developer/Xcode/DerivedData/ModuleCache.noindex/Session.modulevalidation -fmodules-validate-once-per-build-session -Wnon-modular-include-in-framework-module -Werror\=non-modular-include-in-framework-module -Wno-trigraphs -Wno-missing-field-initializers -Wno-missing-prototypes -Wno-return-type -Wno-implicit-atomic-properties -Wno-objc-interface-ivars -Wno-arc-repeated-use-of-weak -Wno-missing-braces -Wparentheses -Wswitch -Wno-unused-function -Wno-unused-label -Wno-unused-parameter -Wno-unused-variable -Wunused-value -Wno-empty-body -Wno-uninitialized -Wno-unknown-pragmas -w -Wno-shadow -Wno-four-char-constants -Wno-conversion -Wno-constant-conversion -Wno-int-conversion -Wno-bool-conversion -Wno-enum-conversion -Wno-float-conversion -Wno-non-literal-null-conversion -Wno-objc-literal-conversion -Wshorten-64-to-32 -Wpointer-sign -Wno-newline-eof -Wno-selector -Wno-strict-selector-match -Wno-undeclared-selector -Wno-deprecated-implementations -Wno-implicit-fallthrough -fstrict-aliasing -Wprotocol -Wdeprecated-declarations -Wno-sign-conversion -Wno-infinite-recursion -Wno-comma -Wno-block-capture-autoreleasing -Wno-strict-prototypes -Wno-semicolon-before-method-body -index-store-path /Users/hectorgarcia/Library/Developer/Xcode/DerivedData/Lyo-eagkiegzrakogpczynhkaholsscs/Index.noindex/DataStore @/Users/hectorgarcia/Library/Developer/Xcode/DerivedData/Build/Intermediates.noindex/AppAuth.build/Debug-iphonesimulator/AppAuthCore.build/Objects-normal/x86_64/e6072d4f65d7061329687fe24e3d63a7-common-args.resp -include /Users/hectorgarcia/Library/Developer/Xcode/DerivedData/Build/Intermediates.noindex/AppAuth.build/Debug-iphonesimulator/AppAuthCore.build/DerivedSources/resource_bundle_accessor.h -MMD -MT dependencies -MF /Users/hectorgarcia/Library/Developer/Xcode/DerivedData/Build/Intermediates.noindex/AppAuth.build/Debug-iphonesimulator/AppAuthCore.build/Objects-normal/x86_64/OIDIDToken.d --serialize-diagnostics /Users/hectorgarcia/Library/Developer/Xcode/DerivedData/Build/Intermediates.noindex/AppAuth.build/Debug-iphonesimulator/AppAuthCore.build/Objects-normal/x86_64/OIDIDToken.dia -c /Users/hectorgarcia/Library/Developer/Xcode/DerivedData/Lyo-eagkiegzrakogpczynhkaholsscs/SourcePackages/checkouts/AppAuth-iOS/Sources/AppAuthCore/OIDIDToken.m -o /Users/hectorgarcia/Library/Developer/Xcode/DerivedData/Build/Intermediates.noindex/AppAuth.build/Debug-iphonesimulator/AppAuthCore.build/Objects-normal/x86_64/OIDIDToken.o -index-unit-output-path /AppAuth.build/Debug-iphonesimulator/AppAuthCore.build/Objects-normal/x86_64/OIDIDToken.o

CompileC /Users/hectorgarcia/Library/Developer/Xcode/DerivedData/Build/Intermediates.noindex/AppAuth.build/Debug-iphonesimulator/AppAuthCore.build/Objects-normal/x86_64/OIDResponseTypes.o /Users/hectorgarcia/Library/Developer/Xcode/DerivedData/Lyo-eagkiegzrakogpczynhkaholsscs/SourcePackages/checkouts/AppAuth-iOS/Sources/AppAuthCore/OIDResponseTypes.m normal x86_64 objective-c com.apple.compilers.llvm.clang.1_0.compiler (in target 'AppAuthCore' from project 'AppAuth')
    cd /Users/hectorgarcia/LYO_Da_ONE/Lyo.xcodeproj
    
    Using response file: /Users/hectorgarcia/Library/Developer/Xcode/DerivedData/Build/Intermediates.noindex/AppAuth.build/Debug-iphonesimulator/AppAuthCore.build/Objects-normal/x86_64/e6072d4f65d7061329687fe24e3d63a7-common-args.resp
    
    /Users/hectorgarcia/Downloads/Xcode.app/Contents/Developer/Toolchains/XcodeDefault.xctoolchain/usr/bin/clang -x objective-c -ivfsstatcache /Users/hectorgarcia/Library/Developer/Xcode/DerivedData/SDKStatCaches.noindex/iphonesimulator26.2-23C53-823d3e8b6e60bc2018c189d3ca05ba9b.sdkstatcache -fmessage-length\=0 -fdiagnostics-show-note-include-stack -fmacro-backtrace-limit\=0 -fno-color-diagnostics -fmodules-prune-interval\=86400 -fmodules-prune-after\=345600 -fbuild-session-file\=/Users/hectorgarcia/Library/Developer/Xcode/DerivedData/ModuleCache.noindex/Session.modulevalidation -fmodules-validate-once-per-build-session -Wnon-modular-include-in-framework-module -Werror\=non-modular-include-in-framework-module -Wno-trigraphs -Wno-missing-field-initializers -Wno-missing-prototypes -Wno-return-type -Wno-implicit-atomic-properties -Wno-objc-interface-ivars -Wno-arc-repeated-use-of-weak -Wno-missing-braces -Wparentheses -Wswitch -Wno-unused-function -Wno-unused-label -Wno-unused-parameter -Wno-unused-variable -Wunused-value -Wno-empty-body -Wno-uninitialized -Wno-unknown-pragmas -w -Wno-shadow -Wno-four-char-constants -Wno-conversion -Wno-constant-conversion -Wno-int-conversion -Wno-bool-conversion -Wno-enum-conversion -Wno-float-conversion -Wno-non-literal-null-conversion -Wno-objc-literal-conversion -Wshorten-64-to-32 -Wpointer-sign -Wno-newline-eof -Wno-selector -Wno-strict-selector-match -Wno-undeclared-selector -Wno-deprecated-implementations -Wno-implicit-fallthrough -fstrict-aliasing -Wprotocol -Wdeprecated-declarations -Wno-sign-conversion -Wno-infinite-recursion -Wno-comma -Wno-block-capture-autoreleasing -Wno-strict-prototypes -Wno-semicolon-before-method-body -index-store-path /Users/hectorgarcia/Library/Developer/Xcode/DerivedData/Lyo-eagkiegzrakogpczynhkaholsscs/Index.noindex/DataStore @/Users/hectorgarcia/Library/Developer/Xcode/DerivedData/Build/Intermediates.noindex/AppAuth.build/Debug-iphonesimulator/AppAuthCore.build/Objects-normal/x86_64/e6072d4f65d7061329687fe24e3d63a7-common-args.resp -include /Users/hectorgarcia/Library/Developer/Xcode/DerivedData/Build/Intermediates.noindex/AppAuth.build/Debug-iphonesimulator/AppAuthCore.build/DerivedSources/resource_bundle_accessor.h -MMD -MT dependencies -MF /Users/hectorgarcia/Library/Developer/Xcode/DerivedData/Build/Intermediates.noindex/AppAuth.build/Debug-iphonesimulator/AppAuthCore.build/Objects-normal/x86_64/OIDResponseTypes.d --serialize-diagnostics /Users/hectorgarcia/Library/Developer/Xcode/DerivedData/Build/Intermediates.noindex/AppAuth.build/Debug-iphonesimulator/AppAuthCore.build/Objects-normal/x86_64/OIDResponseTypes.dia -c /Users/hectorgarcia/Library/Developer/Xcode/DerivedData/Lyo-eagkiegzrakogpczynhkaholsscs/SourcePackages/checkouts/AppAuth-iOS/Sources/AppAuthCore/OIDResponseTypes.m -o /Users/hectorgarcia/Library/Developer/Xcode/DerivedData/Build/Intermediates.noindex/AppAuth.build/Debug-iphonesimulator/AppAuthCore.build/Objects-normal/x86_64/OIDResponseTypes.o -index-unit-output-path /AppAuth.build/Debug-iphonesimulator/AppAuthCore.build/Objects-normal/x86_64/OIDResponseTypes.o

CompileC /Users/hectorgarcia/Library/Developer/Xcode/DerivedData/Build/Intermediates.noindex/AppAuth.build/Debug-iphonesimulator/AppAuthCore.build/Objects-normal/x86_64/OIDRegistrationResponse.o /Users/hectorgarcia/Library/Developer/Xcode/DerivedData/Lyo-eagkiegzrakogpczynhkaholsscs/SourcePackages/checkouts/AppAuth-iOS/Sources/AppAuthCore/OIDRegistrationResponse.m normal x86_64 objective-c com.apple.compilers.llvm.clang.1_0.compiler (in target 'AppAuthCore' from project 'AppAuth')
    cd /Users/hectorgarcia/LYO_Da_ONE/Lyo.xcodeproj
    
    Using response file: /Users/hectorgarcia/Library/Developer/Xcode/DerivedData/Build/Intermediates.noindex/AppAuth.build/Debug-iphonesimulator/AppAuthCore.build/Objects-normal/x86_64/e6072d4f65d7061329687fe24e3d63a7-common-args.resp
    
    /Users/hectorgarcia/Downloads/Xcode.app/Contents/Developer/Toolchains/XcodeDefault.xctoolchain/usr/bin/clang -x objective-c -ivfsstatcache /Users/hectorgarcia/Library/Developer/Xcode/DerivedData/SDKStatCaches.noindex/iphonesimulator26.2-23C53-823d3e8b6e60bc2018c189d3ca05ba9b.sdkstatcache -fmessage-length\=0 -fdiagnostics-show-note-include-stack -fmacro-backtrace-limit\=0 -fno-color-diagnostics -fmodules-prune-interval\=86400 -fmodules-prune-after\=345600 -fbuild-session-file\=/Users/hectorgarcia/Library/Developer/Xcode/DerivedData/ModuleCache.noindex/Session.modulevalidation -fmodules-validate-once-per-build-session -Wnon-modular-include-in-framework-module -Werror\=non-modular-include-in-framework-module -Wno-trigraphs -Wno-missing-field-initializers -Wno-missing-prototypes -Wno-return-type -Wno-implicit-atomic-properties -Wno-objc-interface-ivars -Wno-arc-repeated-use-of-weak -Wno-missing-braces -Wparentheses -Wswitch -Wno-unused-function -Wno-unused-label -Wno-unused-parameter -Wno-unused-variable -Wunused-value -Wno-empty-body -Wno-uninitialized -Wno-unknown-pragmas -w -Wno-shadow -Wno-four-char-constants -Wno-conversion -Wno-constant-conversion -Wno-int-conversion -Wno-bool-conversion -Wno-enum-conversion -Wno-float-conversion -Wno-non-literal-null-conversion -Wno-objc-literal-conversion -Wshorten-64-to-32 -Wpointer-sign -Wno-newline-eof -Wno-selector -Wno-strict-selector-match -Wno-undeclared-selector -Wno-deprecated-implementations -Wno-implicit-fallthrough -fstrict-aliasing -Wprotocol -Wdeprecated-declarations -Wno-sign-conversion -Wno-infinite-recursion -Wno-comma -Wno-block-capture-autoreleasing -Wno-strict-prototypes -Wno-semicolon-before-method-body -index-store-path /Users/hectorgarcia/Library/Developer/Xcode/DerivedData/Lyo-eagkiegzrakogpczynhkaholsscs/Index.noindex/DataStore @/Users/hectorgarcia/Library/Developer/Xcode/DerivedData/Build/Intermediates.noindex/AppAuth.build/Debug-iphonesimulator/AppAuthCore.build/Objects-normal/x86_64/e6072d4f65d7061329687fe24e3d63a7-common-args.resp -include /Users/hectorgarcia/Library/Developer/Xcode/DerivedData/Build/Intermediates.noindex/AppAuth.build/Debug-iphonesimulator/AppAuthCore.build/DerivedSources/resource_bundle_accessor.h -MMD -MT dependencies -MF /Users/hectorgarcia/Library/Developer/Xcode/DerivedData/Build/Intermediates.noindex/AppAuth.build/Debug-iphonesimulator/AppAuthCore.build/Objects-normal/x86_64/OIDRegistrationResponse.d --serialize-diagnostics /Users/hectorgarcia/Library/Developer/Xcode/DerivedData/Build/Intermediates.noindex/AppAuth.build/Debug-iphonesimulator/AppAuthCore.build/Objects-normal/x86_64/OIDRegistrationResponse.dia -c /Users/hectorgarcia/Library/Developer/Xcode/DerivedData/Lyo-eagkiegzrakogpczynhkaholsscs/SourcePackages/checkouts/AppAuth-iOS/Sources/AppAuthCore/OIDRegistrationResponse.m -o /Users/hectorgarcia/Library/Developer/Xcode/DerivedData/Build/Intermediates.noindex/AppAuth.build/Debug-iphonesimulator/AppAuthCore.build/Objects-normal/x86_64/OIDRegistrationResponse.o -index-unit-output-path /AppAuth.build/Debug-iphonesimulator/AppAuthCore.build/Objects-normal/x86_64/OIDRegistrationResponse.o

CompileC /Users/hectorgarcia/Library/Developer/Xcode/DerivedData/Build/Intermediates.noindex/AppAuth.build/Debug-iphonesimulator/AppAuthCore.build/Objects-normal/x86_64/OIDRegistrationRequest.o /Users/hectorgarcia/Library/Developer/Xcode/DerivedData/Lyo-eagkiegzrakogpczynhkaholsscs/SourcePackages/checkouts/AppAuth-iOS/Sources/AppAuthCore/OIDRegistrationRequest.m normal x86_64 objective-c com.apple.compilers.llvm.clang.1_0.compiler (in target 'AppAuthCore' from project 'AppAuth')
    cd /Users/hectorgarcia/LYO_Da_ONE/Lyo.xcodeproj
    
    Using response file: /Users/hectorgarcia/Library/Developer/Xcode/DerivedData/Build/Intermediates.noindex/AppAuth.build/Debug-iphonesimulator/AppAuthCore.build/Objects-normal/x86_64/e6072d4f65d7061329687fe24e3d63a7-common-args.resp
    
    /Users/hectorgarcia/Downloads/Xcode.app/Contents/Developer/Toolchains/XcodeDefault.xctoolchain/usr/bin/clang -x objective-c -ivfsstatcache /Users/hectorgarcia/Library/Developer/Xcode/DerivedData/SDKStatCaches.noindex/iphonesimulator26.2-23C53-823d3e8b6e60bc2018c189d3ca05ba9b.sdkstatcache -fmessage-length\=0 -fdiagnostics-show-note-include-stack -fmacro-backtrace-limit\=0 -fno-color-diagnostics -fmodules-prune-interval\=86400 -fmodules-prune-after\=345600 -fbuild-session-file\=/Users/hectorgarcia/Library/Developer/Xcode/DerivedData/ModuleCache.noindex/Session.modulevalidation -fmodules-validate-once-per-build-session -Wnon-modular-include-in-framework-module -Werror\=non-modular-include-in-framework-module -Wno-trigraphs -Wno-missing-field-initializers -Wno-missing-prototypes -Wno-return-type -Wno-implicit-atomic-properties -Wno-objc-interface-ivars -Wno-arc-repeated-use-of-weak -Wno-missing-braces -Wparentheses -Wswitch -Wno-unused-function -Wno-unused-label -Wno-unused-parameter -Wno-unused-variable -Wunused-value -Wno-empty-body -Wno-uninitialized -Wno-unknown-pragmas -w -Wno-shadow -Wno-four-char-constants -Wno-conversion -Wno-constant-conversion -Wno-int-conversion -Wno-bool-conversion -Wno-enum-conversion -Wno-float-conversion -Wno-non-literal-null-conversion -Wno-objc-literal-conversion -Wshorten-64-to-32 -Wpointer-sign -Wno-newline-eof -Wno-selector -Wno-strict-selector-match -Wno-undeclared-selector -Wno-deprecated-implementations -Wno-implicit-fallthrough -fstrict-aliasing -Wprotocol -Wdeprecated-declarations -Wno-sign-conversion -Wno-infinite-recursion -Wno-comma -Wno-block-capture-autoreleasing -Wno-strict-prototypes -Wno-semicolon-before-method-body -index-store-path /Users/hectorgarcia/Library/Developer/Xcode/DerivedData/Lyo-eagkiegzrakogpczynhkaholsscs/Index.noindex/DataStore @/Users/hectorgarcia/Library/Developer/Xcode/DerivedData/Build/Intermediates.noindex/AppAuth.build/Debug-iphonesimulator/AppAuthCore.build/Objects-normal/x86_64/e6072d4f65d7061329687fe24e3d63a7-common-args.resp -include /Users/hectorgarcia/Library/Developer/Xcode/DerivedData/Build/Intermediates.noindex/AppAuth.build/Debug-iphonesimulator/AppAuthCore.build/DerivedSources/resource_bundle_accessor.h -MMD -MT dependencies -MF /Users/hectorgarcia/Library/Developer/Xcode/DerivedData/Build/Intermediates.noindex/AppAuth.build/Debug-iphonesimulator/AppAuthCore.build/Objects-normal/x86_64/OIDRegistrationRequest.d --serialize-diagnostics /Users/hectorgarcia/Library/Developer/Xcode/DerivedData/Build/Intermediates.noindex/AppAuth.build/Debug-iphonesimulator/AppAuthCore.build/Objects-normal/x86_64/OIDRegistrationRequest.dia -c /Users/hectorgarcia/Library/Developer/Xcode/DerivedData/Lyo-eagkiegzrakogpczynhkaholsscs/SourcePackages/checkouts/AppAuth-iOS/Sources/AppAuthCore/OIDRegistrationRequest.m -o /Users/hectorgarcia/Library/Developer/Xcode/DerivedData/Build/Intermediates.noindex/AppAuth.build/Debug-iphonesimulator/AppAuthCore.build/Objects-normal/x86_64/OIDRegistrationRequest.o -index-unit-output-path /AppAuth.build/Debug-iphonesimulator/AppAuthCore.build/Objects-normal/x86_64/OIDRegistrationRequest.o

ScanDependencies /Users/hectorgarcia/Library/Developer/Xcode/DerivedData/Build/Intermediates.noindex/AppAuth.build/Debug-iphonesimulator/AppAuthCore.build/Objects-normal/x86_64/OIDGrantTypes.o /Users/hectorgarcia/Library/Developer/Xcode/DerivedData/Lyo-eagkiegzrakogpczynhkaholsscs/SourcePackages/checkouts/AppAuth-iOS/Sources/AppAuthCore/OIDGrantTypes.m normal x86_64 objective-c com.apple.compilers.llvm.clang.1_0.compiler (in target 'AppAuthCore' from project 'AppAuth')
    cd /Users/hectorgarcia/LYO_Da_ONE/Lyo.xcodeproj
    
    Using response file: /Users/hectorgarcia/Library/Developer/Xcode/DerivedData/Build/Intermediates.noindex/AppAuth.build/Debug-iphonesimulator/AppAuthCore.build/Objects-normal/x86_64/e6072d4f65d7061329687fe24e3d63a7-common-args.resp
    
    builtin-ScanDependencies -o /Users/hectorgarcia/Library/Developer/Xcode/DerivedData/Build/Intermediates.noindex/AppAuth.build/Debug-iphonesimulator/AppAuthCore.build/Objects-normal/x86_64/OIDGrantTypes.o.scan -- /Users/hectorgarcia/Downloads/Xcode.app/Contents/Developer/Toolchains/XcodeDefault.xctoolchain/usr/bin/clang -x objective-c -ivfsstatcache /Users/hectorgarcia/Library/Developer/Xcode/DerivedData/SDKStatCaches.noindex/iphonesimulator26.2-23C53-823d3e8b6e60bc2018c189d3ca05ba9b.sdkstatcache -fmessage-length\=0 -fdiagnostics-show-note-include-stack -fmacro-backtrace-limit\=0 -fno-color-diagnostics -fmodules-prune-interval\=86400 -fmodules-prune-after\=345600 -fbuild-session-file\=/Users/hectorgarcia/Library/Developer/Xcode/DerivedData/ModuleCache.noindex/Session.modulevalidation -fmodules-validate-once-per-build-session -Wnon-modular-include-in-framework-module -Werror\=non-modular-include-in-framework-module -Wno-trigraphs -Wno-missing-field-initializers -Wno-missing-prototypes -Wno-return-type -Wno-implicit-atomic-properties -Wno-objc-interface-ivars -Wno-arc-repeated-use-of-weak -Wno-missing-braces -Wparentheses -Wswitch -Wno-unused-function -Wno-unused-label -Wno-unused-parameter -Wno-unused-variable -Wunused-value -Wno-empty-body -Wno-uninitialized -Wno-unknown-pragmas -w -Wno-shadow -Wno-four-char-constants -Wno-conversion -Wno-constant-conversion -Wno-int-conversion -Wno-bool-conversion -Wno-enum-conversion -Wno-float-conversion -Wno-non-literal-null-conversion -Wno-objc-literal-conversion -Wshorten-64-to-32 -Wpointer-sign -Wno-newline-eof -Wno-selector -Wno-strict-selector-match -Wno-undeclared-selector -Wno-deprecated-implementations -Wno-implicit-fallthrough -fstrict-aliasing -Wprotocol -Wdeprecated-declarations -Wno-sign-conversion -Wno-infinite-recursion -Wno-comma -Wno-block-capture-autoreleasing -Wno-strict-prototypes -Wno-semicolon-before-method-body -index-store-path /Users/hectorgarcia/Library/Developer/Xcode/DerivedData/Lyo-eagkiegzrakogpczynhkaholsscs/Index.noindex/DataStore @/Users/hectorgarcia/Library/Developer/Xcode/DerivedData/Build/Intermediates.noindex/AppAuth.build/Debug-iphonesimulator/AppAuthCore.build/Objects-normal/x86_64/e6072d4f65d7061329687fe24e3d63a7-common-args.resp -include /Users/hectorgarcia/Library/Developer/Xcode/DerivedData/Build/Intermediates.noindex/AppAuth.build/Debug-iphonesimulator/AppAuthCore.build/DerivedSources/resource_bundle_accessor.h -MMD -MT dependencies -MF /Users/hectorgarcia/Library/Developer/Xcode/DerivedData/Build/Intermediates.noindex/AppAuth.build/Debug-iphonesimulator/AppAuthCore.build/Objects-normal/x86_64/OIDGrantTypes.d --serialize-diagnostics /Users/hectorgarcia/Library/Developer/Xcode/DerivedData/Build/Intermediates.noindex/AppAuth.build/Debug-iphonesimulator/AppAuthCore.build/Objects-normal/x86_64/OIDGrantTypes.dia -c /Users/hectorgarcia/Library/Developer/Xcode/DerivedData/Lyo-eagkiegzrakogpczynhkaholsscs/SourcePackages/checkouts/AppAuth-iOS/Sources/AppAuthCore/OIDGrantTypes.m -o /Users/hectorgarcia/Library/Developer/Xcode/DerivedData/Build/Intermediates.noindex/AppAuth.build/Debug-iphonesimulator/AppAuthCore.build/Objects-normal/x86_64/OIDGrantTypes.o -index-unit-output-path /AppAuth.build/Debug-iphonesimulator/AppAuthCore.build/Objects-normal/x86_64/OIDGrantTypes.o

ScanDependencies /Users/hectorgarcia/Library/Developer/Xcode/DerivedData/Build/Intermediates.noindex/AppAuth.build/Debug-iphonesimulator/AppAuthCore.build/Objects-normal/x86_64/OIDFieldMapping.o /Users/hectorgarcia/Library/Developer/Xcode/DerivedData/Lyo-eagkiegzrakogpczynhkaholsscs/SourcePackages/checkouts/AppAuth-iOS/Sources/AppAuthCore/OIDFieldMapping.m normal x86_64 objective-c com.apple.compilers.llvm.clang.1_0.compiler (in target 'AppAuthCore' from project 'AppAuth')
    cd /Users/hectorgarcia/LYO_Da_ONE/Lyo.xcodeproj
    
    Using response file: /Users/hectorgarcia/Library/Developer/Xcode/DerivedData/Build/Intermediates.noindex/AppAuth.build/Debug-iphonesimulator/AppAuthCore.build/Objects-normal/x86_64/e6072d4f65d7061329687fe24e3d63a7-common-args.resp
    
    builtin-ScanDependencies -o /Users/hectorgarcia/Library/Developer/Xcode/DerivedData/Build/Intermediates.noindex/AppAuth.build/Debug-iphonesimulator/AppAuthCore.build/Objects-normal/x86_64/OIDFieldMapping.o.scan -- /Users/hectorgarcia/Downloads/Xcode.app/Contents/Developer/Toolchains/XcodeDefault.xctoolchain/usr/bin/clang -x objective-c -ivfsstatcache /Users/hectorgarcia/Library/Developer/Xcode/DerivedData/SDKStatCaches.noindex/iphonesimulator26.2-23C53-823d3e8b6e60bc2018c189d3ca05ba9b.sdkstatcache -fmessage-length\=0 -fdiagnostics-show-note-include-stack -fmacro-backtrace-limit\=0 -fno-color-diagnostics -fmodules-prune-interval\=86400 -fmodules-prune-after\=345600 -fbuild-session-file\=/Users/hectorgarcia/Library/Developer/Xcode/DerivedData/ModuleCache.noindex/Session.modulevalidation -fmodules-validate-once-per-build-session -Wnon-modular-include-in-framework-module -Werror\=non-modular-include-in-framework-module -Wno-trigraphs -Wno-missing-field-initializers -Wno-missing-prototypes -Wno-return-type -Wno-implicit-atomic-properties -Wno-objc-interface-ivars -Wno-arc-repeated-use-of-weak -Wno-missing-braces -Wparentheses -Wswitch -Wno-unused-function -Wno-unused-label -Wno-unused-parameter -Wno-unused-variable -Wunused-value -Wno-empty-body -Wno-uninitialized -Wno-unknown-pragmas -w -Wno-shadow -Wno-four-char-constants -Wno-conversion -Wno-constant-conversion -Wno-int-conversion -Wno-bool-conversion -Wno-enum-conversion -Wno-float-conversion -Wno-non-literal-null-conversion -Wno-objc-literal-conversion -Wshorten-64-to-32 -Wpointer-sign -Wno-newline-eof -Wno-selector -Wno-strict-selector-match -Wno-undeclared-selector -Wno-deprecated-implementations -Wno-implicit-fallthrough -fstrict-aliasing -Wprotocol -Wdeprecated-declarations -Wno-sign-conversion -Wno-infinite-recursion -Wno-comma -Wno-block-capture-autoreleasing -Wno-strict-prototypes -Wno-semicolon-before-method-body -index-store-path /Users/hectorgarcia/Library/Developer/Xcode/DerivedData/Lyo-eagkiegzrakogpczynhkaholsscs/Index.noindex/DataStore @/Users/hectorgarcia/Library/Developer/Xcode/DerivedData/Build/Intermediates.noindex/AppAuth.build/Debug-iphonesimulator/AppAuthCore.build/Objects-normal/x86_64/e6072d4f65d7061329687fe24e3d63a7-common-args.resp -include /Users/hectorgarcia/Library/Developer/Xcode/DerivedData/Build/Intermediates.noindex/AppAuth.build/Debug-iphonesimulator/AppAuthCore.build/DerivedSources/resource_bundle_accessor.h -MMD -MT dependencies -MF /Users/hectorgarcia/Library/Developer/Xcode/DerivedData/Build/Intermediates.noindex/AppAuth.build/Debug-iphonesimulator/AppAuthCore.build/Objects-normal/x86_64/OIDFieldMapping.d --serialize-diagnostics /Users/hectorgarcia/Library/Developer/Xcode/DerivedData/Build/Intermediates.noindex/AppAuth.build/Debug-iphonesimulator/AppAuthCore.build/Objects-normal/x86_64/OIDFieldMapping.dia -c /Users/hectorgarcia/Library/Developer/Xcode/DerivedData/Lyo-eagkiegzrakogpczynhkaholsscs/SourcePackages/checkouts/AppAuth-iOS/Sources/AppAuthCore/OIDFieldMapping.m -o /Users/hectorgarcia/Library/Developer/Xcode/DerivedData/Build/Intermediates.noindex/AppAuth.build/Debug-iphonesimulator/AppAuthCore.build/Objects-normal/x86_64/OIDFieldMapping.o -index-unit-output-path /AppAuth.build/Debug-iphonesimulator/AppAuthCore.build/Objects-normal/x86_64/OIDFieldMapping.o

ScanDependencies /Users/hectorgarcia/Library/Developer/Xcode/DerivedData/Build/Intermediates.noindex/AppAuth.build/Debug-iphonesimulator/AppAuthCore.build/Objects-normal/x86_64/OIDErrorUtilities.o /Users/hectorgarcia/Library/Developer/Xcode/DerivedData/Lyo-eagkiegzrakogpczynhkaholsscs/SourcePackages/checkouts/AppAuth-iOS/Sources/AppAuthCore/OIDErrorUtilities.m normal x86_64 objective-c com.apple.compilers.llvm.clang.1_0.compiler (in target 'AppAuthCore' from project 'AppAuth')
    cd /Users/hectorgarcia/LYO_Da_ONE/Lyo.xcodeproj
    
    Using response file: /Users/hectorgarcia/Library/Developer/Xcode/DerivedData/Build/Intermediates.noindex/AppAuth.build/Debug-iphonesimulator/AppAuthCore.build/Objects-normal/x86_64/e6072d4f65d7061329687fe24e3d63a7-common-args.resp
    
    builtin-ScanDependencies -o /Users/hectorgarcia/Library/Developer/Xcode/DerivedData/Build/Intermediates.noindex/AppAuth.build/Debug-iphonesimulator/AppAuthCore.build/Objects-normal/x86_64/OIDErrorUtilities.o.scan -- /Users/hectorgarcia/Downloads/Xcode.app/Contents/Developer/Toolchains/XcodeDefault.xctoolchain/usr/bin/clang -x objective-c -ivfsstatcache /Users/hectorgarcia/Library/Developer/Xcode/DerivedData/SDKStatCaches.noindex/iphonesimulator26.2-23C53-823d3e8b6e60bc2018c189d3ca05ba9b.sdkstatcache -fmessage-length\=0 -fdiagnostics-show-note-include-stack -fmacro-backtrace-limit\=0 -fno-color-diagnostics -fmodules-prune-interval\=86400 -fmodules-prune-after\=345600 -fbuild-session-file\=/Users/hectorgarcia/Library/Developer/Xcode/DerivedData/ModuleCache.noindex/Session.modulevalidation -fmodules-validate-once-per-build-session -Wnon-modular-include-in-framework-module -Werror\=non-modular-include-in-framework-module -Wno-trigraphs -Wno-missing-field-initializers -Wno-missing-prototypes -Wno-return-type -Wno-implicit-atomic-properties -Wno-objc-interface-ivars -Wno-arc-repeated-use-of-weak -Wno-missing-braces -Wparentheses -Wswitch -Wno-unused-function -Wno-unused-label -Wno-unused-parameter -Wno-unused-variable -Wunused-value -Wno-empty-body -Wno-uninitialized -Wno-unknown-pragmas -w -Wno-shadow -Wno-four-char-constants -Wno-conversion -Wno-constant-conversion -Wno-int-conversion -Wno-bool-conversion -Wno-enum-conversion -Wno-float-conversion -Wno-non-literal-null-conversion -Wno-objc-literal-conversion -Wshorten-64-to-32 -Wpointer-sign -Wno-newline-eof -Wno-selector -Wno-strict-selector-match -Wno-undeclared-selector -Wno-deprecated-implementations -Wno-implicit-fallthrough -fstrict-aliasing -Wprotocol -Wdeprecated-declarations -Wno-sign-conversion -Wno-infinite-recursion -Wno-comma -Wno-block-capture-autoreleasing -Wno-strict-prototypes -Wno-semicolon-before-method-body -index-store-path /Users/hectorgarcia/Library/Developer/Xcode/DerivedData/Lyo-eagkiegzrakogpczynhkaholsscs/Index.noindex/DataStore @/Users/hectorgarcia/Library/Developer/Xcode/DerivedData/Build/Intermediates.noindex/AppAuth.build/Debug-iphonesimulator/AppAuthCore.build/Objects-normal/x86_64/e6072d4f65d7061329687fe24e3d63a7-common-args.resp -include /Users/hectorgarcia/Library/Developer/Xcode/DerivedData/Build/Intermediates.noindex/AppAuth.build/Debug-iphonesimulator/AppAuthCore.build/DerivedSources/resource_bundle_accessor.h -MMD -MT dependencies -MF /Users/hectorgarcia/Library/Developer/Xcode/DerivedData/Build/Intermediates.noindex/AppAuth.build/Debug-iphonesimulator/AppAuthCore.build/Objects-normal/x86_64/OIDErrorUtilities.d --serialize-diagnostics /Users/hectorgarcia/Library/Developer/Xcode/DerivedData/Build/Intermediates.noindex/AppAuth.build/Debug-iphonesimulator/AppAuthCore.build/Objects-normal/x86_64/OIDErrorUtilities.dia -c /Users/hectorgarcia/Library/Developer/Xcode/DerivedData/Lyo-eagkiegzrakogpczynhkaholsscs/SourcePackages/checkouts/AppAuth-iOS/Sources/AppAuthCore/OIDErrorUtilities.m -o /Users/hectorgarcia/Library/Developer/Xcode/DerivedData/Build/Intermediates.noindex/AppAuth.build/Debug-iphonesimulator/AppAuthCore.build/Objects-normal/x86_64/OIDErrorUtilities.o -index-unit-output-path /AppAuth.build/Debug-iphonesimulator/AppAuthCore.build/Objects-normal/x86_64/OIDErrorUtilities.o

CompileC /Users/hectorgarcia/Library/Developer/Xcode/DerivedData/Build/Intermediates.noindex/AppAuth.build/Debug-iphonesimulator/AppAuthCore.build/Objects-normal/x86_64/OIDIDToken.o /Users/hectorgarcia/Library/Developer/Xcode/DerivedData/Lyo-eagkiegzrakogpczynhkaholsscs/SourcePackages/checkouts/AppAuth-iOS/Sources/AppAuthCore/OIDIDToken.m normal x86_64 objective-c com.apple.compilers.llvm.clang.1_0.compiler (in target 'AppAuthCore' from project 'AppAuth')
    cd /Users/hectorgarcia/LYO_Da_ONE/Lyo.xcodeproj
    
    Using response file: /Users/hectorgarcia/Library/Developer/Xcode/DerivedData/Build/Intermediates.noindex/AppAuth.build/Debug-iphonesimulator/AppAuthCore.build/Objects-normal/x86_64/e6072d4f65d7061329687fe24e3d63a7-common-args.resp
    
    /Users/hectorgarcia/Downloads/Xcode.app/Contents/Developer/Toolchains/XcodeDefault.xctoolchain/usr/bin/clang -x objective-c -ivfsstatcache /Users/hectorgarcia/Library/Developer/Xcode/DerivedData/SDKStatCaches.noindex/iphonesimulator26.2-23C53-823d3e8b6e60bc2018c189d3ca05ba9b.sdkstatcache -fmessage-length\=0 -fdiagnostics-show-note-include-stack -fmacro-backtrace-limit\=0 -fno-color-diagnostics -fmodules-prune-interval\=86400 -fmodules-prune-after\=345600 -fbuild-session-file\=/Users/hectorgarcia/Library/Developer/Xcode/DerivedData/ModuleCache.noindex/Session.modulevalidation -fmodules-validate-once-per-build-session -Wnon-modular-include-in-framework-module -Werror\=non-modular-include-in-framework-module -Wno-trigraphs -Wno-missing-field-initializers -Wno-missing-prototypes -Wno-return-type -Wno-implicit-atomic-properties -Wno-objc-interface-ivars -Wno-arc-repeated-use-of-weak -Wno-missing-braces -Wparentheses -Wswitch -Wno-unused-function -Wno-unused-label -Wno-unused-parameter -Wno-unused-variable -Wunused-value -Wno-empty-body -Wno-uninitialized -Wno-unknown-pragmas -w -Wno-shadow -Wno-four-char-constants -Wno-conversion -Wno-constant-conversion -Wno-int-conversion -Wno-bool-conversion -Wno-enum-conversion -Wno-float-conversion -Wno-non-literal-null-conversion -Wno-objc-literal-conversion -Wshorten-64-to-32 -Wpointer-sign -Wno-newline-eof -Wno-selector -Wno-strict-selector-match -Wno-undeclared-selector -Wno-deprecated-implementations -Wno-implicit-fallthrough -fstrict-aliasing -Wprotocol -Wdeprecated-declarations -Wno-sign-conversion -Wno-infinite-recursion -Wno-comma -Wno-block-capture-autoreleasing -Wno-strict-prototypes -Wno-semicolon-before-method-body -index-store-path /Users/hectorgarcia/Library/Developer/Xcode/DerivedData/Lyo-eagkiegzrakogpczynhkaholsscs/Index.noindex/DataStore @/Users/hectorgarcia/Library/Developer/Xcode/DerivedData/Build/Intermediates.noindex/AppAuth.build/Debug-iphonesimulator/AppAuthCore.build/Objects-normal/x86_64/e6072d4f65d7061329687fe24e3d63a7-common-args.resp -include /Users/hectorgarcia/Library/Developer/Xcode/DerivedData/Build/Intermediates.noindex/AppAuth.build/Debug-iphonesimulator/AppAuthCore.build/DerivedSources/resource_bundle_accessor.h -MMD -MT dependencies -MF /Users/hectorgarcia/Library/Developer/Xcode/DerivedData/Build/Intermediates.noindex/AppAuth.build/Debug-iphonesimulator/AppAuthCore.build/Objects-normal/x86_64/OIDIDToken.d --serialize-diagnostics /Users/hectorgarcia/Library/Developer/Xcode/DerivedData/Build/Intermediates.noindex/AppAuth.build/Debug-iphonesimulator/AppAuthCore.build/Objects-normal/x86_64/OIDIDToken.dia -c /Users/hectorgarcia/Library/Developer/Xcode/DerivedData/Lyo-eagkiegzrakogpczynhkaholsscs/SourcePackages/checkouts/AppAuth-iOS/Sources/AppAuthCore/OIDIDToken.m -o /Users/hectorgarcia/Library/Developer/Xcode/DerivedData/Build/Intermediates.noindex/AppAuth.build/Debug-iphonesimulator/AppAuthCore.build/Objects-normal/x86_64/OIDIDToken.o -index-unit-output-path /AppAuth.build/Debug-iphonesimulator/AppAuthCore.build/Objects-normal/x86_64/OIDIDToken.o

ScanDependencies /Users/hectorgarcia/Library/Developer/Xcode/DerivedData/Build/Intermediates.noindex/AppAuth.build/Debug-iphonesimulator/AppAuthCore.build/Objects-normal/x86_64/OIDError.o /Users/hectorgarcia/Library/Developer/Xcode/DerivedData/Lyo-eagkiegzrakogpczynhkaholsscs/SourcePackages/checkouts/AppAuth-iOS/Sources/AppAuthCore/OIDError.m normal x86_64 objective-c com.apple.compilers.llvm.clang.1_0.compiler (in target 'AppAuthCore' from project 'AppAuth')
    cd /Users/hectorgarcia/LYO_Da_ONE/Lyo.xcodeproj
    
    Using response file: /Users/hectorgarcia/Library/Developer/Xcode/DerivedData/Build/Intermediates.noindex/AppAuth.build/Debug-iphonesimulator/AppAuthCore.build/Objects-normal/x86_64/e6072d4f65d7061329687fe24e3d63a7-common-args.resp
    
    builtin-ScanDependencies -o /Users/hectorgarcia/Library/Developer/Xcode/DerivedData/Build/Intermediates.noindex/AppAuth.build/Debug-iphonesimulator/AppAuthCore.build/Objects-normal/x86_64/OIDError.o.scan -- /Users/hectorgarcia/Downloads/Xcode.app/Contents/Developer/Toolchains/XcodeDefault.xctoolchain/usr/bin/clang -x objective-c -ivfsstatcache /Users/hectorgarcia/Library/Developer/Xcode/DerivedData/SDKStatCaches.noindex/iphonesimulator26.2-23C53-823d3e8b6e60bc2018c189d3ca05ba9b.sdkstatcache -fmessage-length\=0 -fdiagnostics-show-note-include-stack -fmacro-backtrace-limit\=0 -fno-color-diagnostics -fmodules-prune-interval\=86400 -fmodules-prune-after\=345600 -fbuild-session-file\=/Users/hectorgarcia/Library/Developer/Xcode/DerivedData/ModuleCache.noindex/Session.modulevalidation -fmodules-validate-once-per-build-session -Wnon-modular-include-in-framework-module -Werror\=non-modular-include-in-framework-module -Wno-trigraphs -Wno-missing-field-initializers -Wno-missing-prototypes -Wno-return-type -Wno-implicit-atomic-properties -Wno-objc-interface-ivars -Wno-arc-repeated-use-of-weak -Wno-missing-braces -Wparentheses -Wswitch -Wno-unused-function -Wno-unused-label -Wno-unused-parameter -Wno-unused-variable -Wunused-value -Wno-empty-body -Wno-uninitialized -Wno-unknown-pragmas -w -Wno-shadow -Wno-four-char-constants -Wno-conversion -Wno-constant-conversion -Wno-int-conversion -Wno-bool-conversion -Wno-enum-conversion -Wno-float-conversion -Wno-non-literal-null-conversion -Wno-objc-literal-conversion -Wshorten-64-to-32 -Wpointer-sign -Wno-newline-eof -Wno-selector -Wno-strict-selector-match -Wno-undeclared-selector -Wno-deprecated-implementations -Wno-implicit-fallthrough -fstrict-aliasing -Wprotocol -Wdeprecated-declarations -Wno-sign-conversion -Wno-infinite-recursion -Wno-comma -Wno-block-capture-autoreleasing -Wno-strict-prototypes -Wno-semicolon-before-method-body -index-store-path /Users/hectorgarcia/Library/Developer/Xcode/DerivedData/Lyo-eagkiegzrakogpczynhkaholsscs/Index.noindex/DataStore @/Users/hectorgarcia/Library/Developer/Xcode/DerivedData/Build/Intermediates.noindex/AppAuth.build/Debug-iphonesimulator/AppAuthCore.build/Objects-normal/x86_64/e6072d4f65d7061329687fe24e3d63a7-common-args.resp -include /Users/hectorgarcia/Library/Developer/Xcode/DerivedData/Build/Intermediates.noindex/AppAuth.build/Debug-iphonesimulator/AppAuthCore.build/DerivedSources/resource_bundle_accessor.h -MMD -MT dependencies -MF /Users/hectorgarcia/Library/Developer/Xcode/DerivedData/Build/Intermediates.noindex/AppAuth.build/Debug-iphonesimulator/AppAuthCore.build/Objects-normal/x86_64/OIDError.d --serialize-diagnostics /Users/hectorgarcia/Library/Developer/Xcode/DerivedData/Build/Intermediates.noindex/AppAuth.build/Debug-iphonesimulator/AppAuthCore.build/Objects-normal/x86_64/OIDError.dia -c /Users/hectorgarcia/Library/Developer/Xcode/DerivedData/Lyo-eagkiegzrakogpczynhkaholsscs/SourcePackages/checkouts/AppAuth-iOS/Sources/AppAuthCore/OIDError.m -o /Users/hectorgarcia/Library/Developer/Xcode/DerivedData/Build/Intermediates.noindex/AppAuth.build/Debug-iphonesimulator/AppAuthCore.build/Objects-normal/x86_64/OIDError.o -index-unit-output-path /AppAuth.build/Debug-iphonesimulator/AppAuthCore.build/Objects-normal/x86_64/OIDError.o

ScanDependencies /Users/hectorgarcia/Library/Developer/Xcode/DerivedData/Build/Intermediates.noindex/AppAuth.build/Debug-iphonesimulator/AppAuthCore.build/Objects-normal/x86_64/OIDEndSessionResponse.o /Users/hectorgarcia/Library/Developer/Xcode/DerivedData/Lyo-eagkiegzrakogpczynhkaholsscs/SourcePackages/checkouts/AppAuth-iOS/Sources/AppAuthCore/OIDEndSessionResponse.m normal x86_64 objective-c com.apple.compilers.llvm.clang.1_0.compiler (in target 'AppAuthCore' from project 'AppAuth')
    cd /Users/hectorgarcia/LYO_Da_ONE/Lyo.xcodeproj
    
    Using response file: /Users/hectorgarcia/Library/Developer/Xcode/DerivedData/Build/Intermediates.noindex/AppAuth.build/Debug-iphonesimulator/AppAuthCore.build/Objects-normal/x86_64/e6072d4f65d7061329687fe24e3d63a7-common-args.resp
    
    builtin-ScanDependencies -o /Users/hectorgarcia/Library/Developer/Xcode/DerivedData/Build/Intermediates.noindex/AppAuth.build/Debug-iphonesimulator/AppAuthCore.build/Objects-normal/x86_64/OIDEndSessionResponse.o.scan -- /Users/hectorgarcia/Downloads/Xcode.app/Contents/Developer/Toolchains/XcodeDefault.xctoolchain/usr/bin/clang -x objective-c -ivfsstatcache /Users/hectorgarcia/Library/Developer/Xcode/DerivedData/SDKStatCaches.noindex/iphonesimulator26.2-23C53-823d3e8b6e60bc2018c189d3ca05ba9b.sdkstatcache -fmessage-length\=0 -fdiagnostics-show-note-include-stack -fmacro-backtrace-limit\=0 -fno-color-diagnostics -fmodules-prune-interval\=86400 -fmodules-prune-after\=345600 -fbuild-session-file\=/Users/hectorgarcia/Library/Developer/Xcode/DerivedData/ModuleCache.noindex/Session.modulevalidation -fmodules-validate-once-per-build-session -Wnon-modular-include-in-framework-module -Werror\=non-modular-include-in-framework-module -Wno-trigraphs -Wno-missing-field-initializers -Wno-missing-prototypes -Wno-return-type -Wno-implicit-atomic-properties -Wno-objc-interface-ivars -Wno-arc-repeated-use-of-weak -Wno-missing-braces -Wparentheses -Wswitch -Wno-unused-function -Wno-unused-label -Wno-unused-parameter -Wno-unused-variable -Wunused-value -Wno-empty-body -Wno-uninitialized -Wno-unknown-pragmas -w -Wno-shadow -Wno-four-char-constants -Wno-conversion -Wno-constant-conversion -Wno-int-conversion -Wno-bool-conversion -Wno-enum-conversion -Wno-float-conversion -Wno-non-literal-null-conversion -Wno-objc-literal-conversion -Wshorten-64-to-32 -Wpointer-sign -Wno-newline-eof -Wno-selector -Wno-strict-selector-match -Wno-undeclared-selector -Wno-deprecated-implementations -Wno-implicit-fallthrough -fstrict-aliasing -Wprotocol -Wdeprecated-declarations -Wno-sign-conversion -Wno-infinite-recursion -Wno-comma -Wno-block-capture-autoreleasing -Wno-strict-prototypes -Wno-semicolon-before-method-body -index-store-path /Users/hectorgarcia/Library/Developer/Xcode/DerivedData/Lyo-eagkiegzrakogpczynhkaholsscs/Index.noindex/DataStore @/Users/hectorgarcia/Library/Developer/Xcode/DerivedData/Build/Intermediates.noindex/AppAuth.build/Debug-iphonesimulator/AppAuthCore.build/Objects-normal/x86_64/e6072d4f65d7061329687fe24e3d63a7-common-args.resp -include /Users/hectorgarcia/Library/Developer/Xcode/DerivedData/Build/Intermediates.noindex/AppAuth.build/Debug-iphonesimulator/AppAuthCore.build/DerivedSources/resource_bundle_accessor.h -MMD -MT dependencies -MF /Users/hectorgarcia/Library/Developer/Xcode/DerivedData/Build/Intermediates.noindex/AppAuth.build/Debug-iphonesimulator/AppAuthCore.build/Objects-normal/x86_64/OIDEndSessionResponse.d --serialize-diagnostics /Users/hectorgarcia/Library/Developer/Xcode/DerivedData/Build/Intermediates.noindex/AppAuth.build/Debug-iphonesimulator/AppAuthCore.build/Objects-normal/x86_64/OIDEndSessionResponse.dia -c /Users/hectorgarcia/Library/Developer/Xcode/DerivedData/Lyo-eagkiegzrakogpczynhkaholsscs/SourcePackages/checkouts/AppAuth-iOS/Sources/AppAuthCore/OIDEndSessionResponse.m -o /Users/hectorgarcia/Library/Developer/Xcode/DerivedData/Build/Intermediates.noindex/AppAuth.build/Debug-iphonesimulator/AppAuthCore.build/Objects-normal/x86_64/OIDEndSessionResponse.o -index-unit-output-path /AppAuth.build/Debug-iphonesimulator/AppAuthCore.build/Objects-normal/x86_64/OIDEndSessionResponse.o

CompileC /Users/hectorgarcia/Library/Developer/Xcode/DerivedData/Build/Intermediates.noindex/AppAuth.build/Debug-iphonesimulator/AppAuthCore.build/Objects-normal/x86_64/OIDFieldMapping.o /Users/hectorgarcia/Library/Developer/Xcode/DerivedData/Lyo-eagkiegzrakogpczynhkaholsscs/SourcePackages/checkouts/AppAuth-iOS/Sources/AppAuthCore/OIDFieldMapping.m normal x86_64 objective-c com.apple.compilers.llvm.clang.1_0.compiler (in target 'AppAuthCore' from project 'AppAuth')
    cd /Users/hectorgarcia/LYO_Da_ONE/Lyo.xcodeproj
    
    Using response file: /Users/hectorgarcia/Library/Developer/Xcode/DerivedData/Build/Intermediates.noindex/AppAuth.build/Debug-iphonesimulator/AppAuthCore.build/Objects-normal/x86_64/e6072d4f65d7061329687fe24e3d63a7-common-args.resp
    
    /Users/hectorgarcia/Downloads/Xcode.app/Contents/Developer/Toolchains/XcodeDefault.xctoolchain/usr/bin/clang -x objective-c -ivfsstatcache /Users/hectorgarcia/Library/Developer/Xcode/DerivedData/SDKStatCaches.noindex/iphonesimulator26.2-23C53-823d3e8b6e60bc2018c189d3ca05ba9b.sdkstatcache -fmessage-length\=0 -fdiagnostics-show-note-include-stack -fmacro-backtrace-limit\=0 -fno-color-diagnostics -fmodules-prune-interval\=86400 -fmodules-prune-after\=345600 -fbuild-session-file\=/Users/hectorgarcia/Library/Developer/Xcode/DerivedData/ModuleCache.noindex/Session.modulevalidation -fmodules-validate-once-per-build-session -Wnon-modular-include-in-framework-module -Werror\=non-modular-include-in-framework-module -Wno-trigraphs -Wno-missing-field-initializers -Wno-missing-prototypes -Wno-return-type -Wno-implicit-atomic-properties -Wno-objc-interface-ivars -Wno-arc-repeated-use-of-weak -Wno-missing-braces -Wparentheses -Wswitch -Wno-unused-function -Wno-unused-label -Wno-unused-parameter -Wno-unused-variable -Wunused-value -Wno-empty-body -Wno-uninitialized -Wno-unknown-pragmas -w -Wno-shadow -Wno-four-char-constants -Wno-conversion -Wno-constant-conversion -Wno-int-conversion -Wno-bool-conversion -Wno-enum-conversion -Wno-float-conversion -Wno-non-literal-null-conversion -Wno-objc-literal-conversion -Wshorten-64-to-32 -Wpointer-sign -Wno-newline-eof -Wno-selector -Wno-strict-selector-match -Wno-undeclared-selector -Wno-deprecated-implementations -Wno-implicit-fallthrough -fstrict-aliasing -Wprotocol -Wdeprecated-declarations -Wno-sign-conversion -Wno-infinite-recursion -Wno-comma -Wno-block-capture-autoreleasing -Wno-strict-prototypes -Wno-semicolon-before-method-body -index-store-path /Users/hectorgarcia/Library/Developer/Xcode/DerivedData/Lyo-eagkiegzrakogpczynhkaholsscs/Index.noindex/DataStore @/Users/hectorgarcia/Library/Developer/Xcode/DerivedData/Build/Intermediates.noindex/AppAuth.build/Debug-iphonesimulator/AppAuthCore.build/Objects-normal/x86_64/e6072d4f65d7061329687fe24e3d63a7-common-args.resp -include /Users/hectorgarcia/Library/Developer/Xcode/DerivedData/Build/Intermediates.noindex/AppAuth.build/Debug-iphonesimulator/AppAuthCore.build/DerivedSources/resource_bundle_accessor.h -MMD -MT dependencies -MF /Users/hectorgarcia/Library/Developer/Xcode/DerivedData/Build/Intermediates.noindex/AppAuth.build/Debug-iphonesimulator/AppAuthCore.build/Objects-normal/x86_64/OIDFieldMapping.d --serialize-diagnostics /Users/hectorgarcia/Library/Developer/Xcode/DerivedData/Build/Intermediates.noindex/AppAuth.build/Debug-iphonesimulator/AppAuthCore.build/Objects-normal/x86_64/OIDFieldMapping.dia -c /Users/hectorgarcia/Library/Developer/Xcode/DerivedData/Lyo-eagkiegzrakogpczynhkaholsscs/SourcePackages/checkouts/AppAuth-iOS/Sources/AppAuthCore/OIDFieldMapping.m -o /Users/hectorgarcia/Library/Developer/Xcode/DerivedData/Build/Intermediates.noindex/AppAuth.build/Debug-iphonesimulator/AppAuthCore.build/Objects-normal/x86_64/OIDFieldMapping.o -index-unit-output-path /AppAuth.build/Debug-iphonesimulator/AppAuthCore.build/Objects-normal/x86_64/OIDFieldMapping.o

ScanDependencies /Users/hectorgarcia/Library/Developer/Xcode/DerivedData/Build/Intermediates.noindex/AppAuth.build/Debug-iphonesimulator/AppAuthCore.build/Objects-normal/x86_64/OIDEndSessionRequest.o /Users/hectorgarcia/Library/Developer/Xcode/DerivedData/Lyo-eagkiegzrakogpczynhkaholsscs/SourcePackages/checkouts/AppAuth-iOS/Sources/AppAuthCore/OIDEndSessionRequest.m normal x86_64 objective-c com.apple.compilers.llvm.clang.1_0.compiler (in target 'AppAuthCore' from project 'AppAuth')
    cd /Users/hectorgarcia/LYO_Da_ONE/Lyo.xcodeproj
    
    Using response file: /Users/hectorgarcia/Library/Developer/Xcode/DerivedData/Build/Intermediates.noindex/AppAuth.build/Debug-iphonesimulator/AppAuthCore.build/Objects-normal/x86_64/e6072d4f65d7061329687fe24e3d63a7-common-args.resp
    
    builtin-ScanDependencies -o /Users/hectorgarcia/Library/Developer/Xcode/DerivedData/Build/Intermediates.noindex/AppAuth.build/Debug-iphonesimulator/AppAuthCore.build/Objects-normal/x86_64/OIDEndSessionRequest.o.scan -- /Users/hectorgarcia/Downloads/Xcode.app/Contents/Developer/Toolchains/XcodeDefault.xctoolchain/usr/bin/clang -x objective-c -ivfsstatcache /Users/hectorgarcia/Library/Developer/Xcode/DerivedData/SDKStatCaches.noindex/iphonesimulator26.2-23C53-823d3e8b6e60bc2018c189d3ca05ba9b.sdkstatcache -fmessage-length\=0 -fdiagnostics-show-note-include-stack -fmacro-backtrace-limit\=0 -fno-color-diagnostics -fmodules-prune-interval\=86400 -fmodules-prune-after\=345600 -fbuild-session-file\=/Users/hectorgarcia/Library/Developer/Xcode/DerivedData/ModuleCache.noindex/Session.modulevalidation -fmodules-validate-once-per-build-session -Wnon-modular-include-in-framework-module -Werror\=non-modular-include-in-framework-module -Wno-trigraphs -Wno-missing-field-initializers -Wno-missing-prototypes -Wno-return-type -Wno-implicit-atomic-properties -Wno-objc-interface-ivars -Wno-arc-repeated-use-of-weak -Wno-missing-braces -Wparentheses -Wswitch -Wno-unused-function -Wno-unused-label -Wno-unused-parameter -Wno-unused-variable -Wunused-value -Wno-empty-body -Wno-uninitialized -Wno-unknown-pragmas -w -Wno-shadow -Wno-four-char-constants -Wno-conversion -Wno-constant-conversion -Wno-int-conversion -Wno-bool-conversion -Wno-enum-conversion -Wno-float-conversion -Wno-non-literal-null-conversion -Wno-objc-literal-conversion -Wshorten-64-to-32 -Wpointer-sign -Wno-newline-eof -Wno-selector -Wno-strict-selector-match -Wno-undeclared-selector -Wno-deprecated-implementations -Wno-implicit-fallthrough -fstrict-aliasing -Wprotocol -Wdeprecated-declarations -Wno-sign-conversion -Wno-infinite-recursion -Wno-comma -Wno-block-capture-autoreleasing -Wno-strict-prototypes -Wno-semicolon-before-method-body -index-store-path /Users/hectorgarcia/Library/Developer/Xcode/DerivedData/Lyo-eagkiegzrakogpczynhkaholsscs/Index.noindex/DataStore @/Users/hectorgarcia/Library/Developer/Xcode/DerivedData/Build/Intermediates.noindex/AppAuth.build/Debug-iphonesimulator/AppAuthCore.build/Objects-normal/x86_64/e6072d4f65d7061329687fe24e3d63a7-common-args.resp -include /Users/hectorgarcia/Library/Developer/Xcode/DerivedData/Build/Intermediates.noindex/AppAuth.build/Debug-iphonesimulator/AppAuthCore.build/DerivedSources/resource_bundle_accessor.h -MMD -MT dependencies -MF /Users/hectorgarcia/Library/Developer/Xcode/DerivedData/Build/Intermediates.noindex/AppAuth.build/Debug-iphonesimulator/AppAuthCore.build/Objects-normal/x86_64/OIDEndSessionRequest.d --serialize-diagnostics /Users/hectorgarcia/Library/Developer/Xcode/DerivedData/Build/Intermediates.noindex/AppAuth.build/Debug-iphonesimulator/AppAuthCore.build/Objects-normal/x86_64/OIDEndSessionRequest.dia -c /Users/hectorgarcia/Library/Developer/Xcode/DerivedData/Lyo-eagkiegzrakogpczynhkaholsscs/SourcePackages/checkouts/AppAuth-iOS/Sources/AppAuthCore/OIDEndSessionRequest.m -o /Users/hectorgarcia/Library/Developer/Xcode/DerivedData/Build/Intermediates.noindex/AppAuth.build/Debug-iphonesimulator/AppAuthCore.build/Objects-normal/x86_64/OIDEndSessionRequest.o -index-unit-output-path /AppAuth.build/Debug-iphonesimulator/AppAuthCore.build/Objects-normal/x86_64/OIDEndSessionRequest.o

CompileC /Users/hectorgarcia/Library/Developer/Xcode/DerivedData/Build/Intermediates.noindex/AppAuth.build/Debug-iphonesimulator/AppAuthCore.build/Objects-normal/x86_64/OIDErrorUtilities.o /Users/hectorgarcia/Library/Developer/Xcode/DerivedData/Lyo-eagkiegzrakogpczynhkaholsscs/SourcePackages/checkouts/AppAuth-iOS/Sources/AppAuthCore/OIDErrorUtilities.m normal x86_64 objective-c com.apple.compilers.llvm.clang.1_0.compiler (in target 'AppAuthCore' from project 'AppAuth')
    cd /Users/hectorgarcia/LYO_Da_ONE/Lyo.xcodeproj
    
    Using response file: /Users/hectorgarcia/Library/Developer/Xcode/DerivedData/Build/Intermediates.noindex/AppAuth.build/Debug-iphonesimulator/AppAuthCore.build/Objects-normal/x86_64/e6072d4f65d7061329687fe24e3d63a7-common-args.resp
    
    /Users/hectorgarcia/Downloads/Xcode.app/Contents/Developer/Toolchains/XcodeDefault.xctoolchain/usr/bin/clang -x objective-c -ivfsstatcache /Users/hectorgarcia/Library/Developer/Xcode/DerivedData/SDKStatCaches.noindex/iphonesimulator26.2-23C53-823d3e8b6e60bc2018c189d3ca05ba9b.sdkstatcache -fmessage-length\=0 -fdiagnostics-show-note-include-stack -fmacro-backtrace-limit\=0 -fno-color-diagnostics -fmodules-prune-interval\=86400 -fmodules-prune-after\=345600 -fbuild-session-file\=/Users/hectorgarcia/Library/Developer/Xcode/DerivedData/ModuleCache.noindex/Session.modulevalidation -fmodules-validate-once-per-build-session -Wnon-modular-include-in-framework-module -Werror\=non-modular-include-in-framework-module -Wno-trigraphs -Wno-missing-field-initializers -Wno-missing-prototypes -Wno-return-type -Wno-implicit-atomic-properties -Wno-objc-interface-ivars -Wno-arc-repeated-use-of-weak -Wno-missing-braces -Wparentheses -Wswitch -Wno-unused-function -Wno-unused-label -Wno-unused-parameter -Wno-unused-variable -Wunused-value -Wno-empty-body -Wno-uninitialized -Wno-unknown-pragmas -w -Wno-shadow -Wno-four-char-constants -Wno-conversion -Wno-constant-conversion -Wno-int-conversion -Wno-bool-conversion -Wno-enum-conversion -Wno-float-conversion -Wno-non-literal-null-conversion -Wno-objc-literal-conversion -Wshorten-64-to-32 -Wpointer-sign -Wno-newline-eof -Wno-selector -Wno-strict-selector-match -Wno-undeclared-selector -Wno-deprecated-implementations -Wno-implicit-fallthrough -fstrict-aliasing -Wprotocol -Wdeprecated-declarations -Wno-sign-conversion -Wno-infinite-recursion -Wno-comma -Wno-block-capture-autoreleasing -Wno-strict-prototypes -Wno-semicolon-before-method-body -index-store-path /Users/hectorgarcia/Library/Developer/Xcode/DerivedData/Lyo-eagkiegzrakogpczynhkaholsscs/Index.noindex/DataStore @/Users/hectorgarcia/Library/Developer/Xcode/DerivedData/Build/Intermediates.noindex/AppAuth.build/Debug-iphonesimulator/AppAuthCore.build/Objects-normal/x86_64/e6072d4f65d7061329687fe24e3d63a7-common-args.resp -include /Users/hectorgarcia/Library/Developer/Xcode/DerivedData/Build/Intermediates.noindex/AppAuth.build/Debug-iphonesimulator/AppAuthCore.build/DerivedSources/resource_bundle_accessor.h -MMD -MT dependencies -MF /Users/hectorgarcia/Library/Developer/Xcode/DerivedData/Build/Intermediates.noindex/AppAuth.build/Debug-iphonesimulator/AppAuthCore.build/Objects-normal/x86_64/OIDErrorUtilities.d --serialize-diagnostics /Users/hectorgarcia/Library/Developer/Xcode/DerivedData/Build/Intermediates.noindex/AppAuth.build/Debug-iphonesimulator/AppAuthCore.build/Objects-normal/x86_64/OIDErrorUtilities.dia -c /Users/hectorgarcia/Library/Developer/Xcode/DerivedData/Lyo-eagkiegzrakogpczynhkaholsscs/SourcePackages/checkouts/AppAuth-iOS/Sources/AppAuthCore/OIDErrorUtilities.m -o /Users/hectorgarcia/Library/Developer/Xcode/DerivedData/Build/Intermediates.noindex/AppAuth.build/Debug-iphonesimulator/AppAuthCore.build/Objects-normal/x86_64/OIDErrorUtilities.o -index-unit-output-path /AppAuth.build/Debug-iphonesimulator/AppAuthCore.build/Objects-normal/x86_64/OIDErrorUtilities.o

CompileC /Users/hectorgarcia/Library/Developer/Xcode/DerivedData/Build/Intermediates.noindex/AppAuth.build/Debug-iphonesimulator/AppAuthCore.build/Objects-normal/x86_64/OIDGrantTypes.o /Users/hectorgarcia/Library/Developer/Xcode/DerivedData/Lyo-eagkiegzrakogpczynhkaholsscs/SourcePackages/checkouts/AppAuth-iOS/Sources/AppAuthCore/OIDGrantTypes.m normal x86_64 objective-c com.apple.compilers.llvm.clang.1_0.compiler (in target 'AppAuthCore' from project 'AppAuth')
    cd /Users/hectorgarcia/LYO_Da_ONE/Lyo.xcodeproj
    
    Using response file: /Users/hectorgarcia/Library/Developer/Xcode/DerivedData/Build/Intermediates.noindex/AppAuth.build/Debug-iphonesimulator/AppAuthCore.build/Objects-normal/x86_64/e6072d4f65d7061329687fe24e3d63a7-common-args.resp
    
    /Users/hectorgarcia/Downloads/Xcode.app/Contents/Developer/Toolchains/XcodeDefault.xctoolchain/usr/bin/clang -x objective-c -ivfsstatcache /Users/hectorgarcia/Library/Developer/Xcode/DerivedData/SDKStatCaches.noindex/iphonesimulator26.2-23C53-823d3e8b6e60bc2018c189d3ca05ba9b.sdkstatcache -fmessage-length\=0 -fdiagnostics-show-note-include-stack -fmacro-backtrace-limit\=0 -fno-color-diagnostics -fmodules-prune-interval\=86400 -fmodules-prune-after\=345600 -fbuild-session-file\=/Users/hectorgarcia/Library/Developer/Xcode/DerivedData/ModuleCache.noindex/Session.modulevalidation -fmodules-validate-once-per-build-session -Wnon-modular-include-in-framework-module -Werror\=non-modular-include-in-framework-module -Wno-trigraphs -Wno-missing-field-initializers -Wno-missing-prototypes -Wno-return-type -Wno-implicit-atomic-properties -Wno-objc-interface-ivars -Wno-arc-repeated-use-of-weak -Wno-missing-braces -Wparentheses -Wswitch -Wno-unused-function -Wno-unused-label -Wno-unused-parameter -Wno-unused-variable -Wunused-value -Wno-empty-body -Wno-uninitialized -Wno-unknown-pragmas -w -Wno-shadow -Wno-four-char-constants -Wno-conversion -Wno-constant-conversion -Wno-int-conversion -Wno-bool-conversion -Wno-enum-conversion -Wno-float-conversion -Wno-non-literal-null-conversion -Wno-objc-literal-conversion -Wshorten-64-to-32 -Wpointer-sign -Wno-newline-eof -Wno-selector -Wno-strict-selector-match -Wno-undeclared-selector -Wno-deprecated-implementations -Wno-implicit-fallthrough -fstrict-aliasing -Wprotocol -Wdeprecated-declarations -Wno-sign-conversion -Wno-infinite-recursion -Wno-comma -Wno-block-capture-autoreleasing -Wno-strict-prototypes -Wno-semicolon-before-method-body -index-store-path /Users/hectorgarcia/Library/Developer/Xcode/DerivedData/Lyo-eagkiegzrakogpczynhkaholsscs/Index.noindex/DataStore @/Users/hectorgarcia/Library/Developer/Xcode/DerivedData/Build/Intermediates.noindex/AppAuth.build/Debug-iphonesimulator/AppAuthCore.build/Objects-normal/x86_64/e6072d4f65d7061329687fe24e3d63a7-common-args.resp -include /Users/hectorgarcia/Library/Developer/Xcode/DerivedData/Build/Intermediates.noindex/AppAuth.build/Debug-iphonesimulator/AppAuthCore.build/DerivedSources/resource_bundle_accessor.h -MMD -MT dependencies -MF /Users/hectorgarcia/Library/Developer/Xcode/DerivedData/Build/Intermediates.noindex/AppAuth.build/Debug-iphonesimulator/AppAuthCore.build/Objects-normal/x86_64/OIDGrantTypes.d --serialize-diagnostics /Users/hectorgarcia/Library/Developer/Xcode/DerivedData/Build/Intermediates.noindex/AppAuth.build/Debug-iphonesimulator/AppAuthCore.build/Objects-normal/x86_64/OIDGrantTypes.dia -c /Users/hectorgarcia/Library/Developer/Xcode/DerivedData/Lyo-eagkiegzrakogpczynhkaholsscs/SourcePackages/checkouts/AppAuth-iOS/Sources/AppAuthCore/OIDGrantTypes.m -o /Users/hectorgarcia/Library/Developer/Xcode/DerivedData/Build/Intermediates.noindex/AppAuth.build/Debug-iphonesimulator/AppAuthCore.build/Objects-normal/x86_64/OIDGrantTypes.o -index-unit-output-path /AppAuth.build/Debug-iphonesimulator/AppAuthCore.build/Objects-normal/x86_64/OIDGrantTypes.o

CompileC /Users/hectorgarcia/Library/Developer/Xcode/DerivedData/Build/Intermediates.noindex/AppAuth.build/Debug-iphonesimulator/AppAuthCore.build/Objects-normal/x86_64/OIDError.o /Users/hectorgarcia/Library/Developer/Xcode/DerivedData/Lyo-eagkiegzrakogpczynhkaholsscs/SourcePackages/checkouts/AppAuth-iOS/Sources/AppAuthCore/OIDError.m normal x86_64 objective-c com.apple.compilers.llvm.clang.1_0.compiler (in target 'AppAuthCore' from project 'AppAuth')
    cd /Users/hectorgarcia/LYO_Da_ONE/Lyo.xcodeproj
    
    Using response file: /Users/hectorgarcia/Library/Developer/Xcode/DerivedData/Build/Intermediates.noindex/AppAuth.build/Debug-iphonesimulator/AppAuthCore.build/Objects-normal/x86_64/e6072d4f65d7061329687fe24e3d63a7-common-args.resp
    
    /Users/hectorgarcia/Downloads/Xcode.app/Contents/Developer/Toolchains/XcodeDefault.xctoolchain/usr/bin/clang -x objective-c -ivfsstatcache /Users/hectorgarcia/Library/Developer/Xcode/DerivedData/SDKStatCaches.noindex/iphonesimulator26.2-23C53-823d3e8b6e60bc2018c189d3ca05ba9b.sdkstatcache -fmessage-length\=0 -fdiagnostics-show-note-include-stack -fmacro-backtrace-limit\=0 -fno-color-diagnostics -fmodules-prune-interval\=86400 -fmodules-prune-after\=345600 -fbuild-session-file\=/Users/hectorgarcia/Library/Developer/Xcode/DerivedData/ModuleCache.noindex/Session.modulevalidation -fmodules-validate-once-per-build-session -Wnon-modular-include-in-framework-module -Werror\=non-modular-include-in-framework-module -Wno-trigraphs -Wno-missing-field-initializers -Wno-missing-prototypes -Wno-return-type -Wno-implicit-atomic-properties -Wno-objc-interface-ivars -Wno-arc-repeated-use-of-weak -Wno-missing-braces -Wparentheses -Wswitch -Wno-unused-function -Wno-unused-label -Wno-unused-parameter -Wno-unused-variable -Wunused-value -Wno-empty-body -Wno-uninitialized -Wno-unknown-pragmas -w -Wno-shadow -Wno-four-char-constants -Wno-conversion -Wno-constant-conversion -Wno-int-conversion -Wno-bool-conversion -Wno-enum-conversion -Wno-float-conversion -Wno-non-literal-null-conversion -Wno-objc-literal-conversion -Wshorten-64-to-32 -Wpointer-sign -Wno-newline-eof -Wno-selector -Wno-strict-selector-match -Wno-undeclared-selector -Wno-deprecated-implementations -Wno-implicit-fallthrough -fstrict-aliasing -Wprotocol -Wdeprecated-declarations -Wno-sign-conversion -Wno-infinite-recursion -Wno-comma -Wno-block-capture-autoreleasing -Wno-strict-prototypes -Wno-semicolon-before-method-body -index-store-path /Users/hectorgarcia/Library/Developer/Xcode/DerivedData/Lyo-eagkiegzrakogpczynhkaholsscs/Index.noindex/DataStore @/Users/hectorgarcia/Library/Developer/Xcode/DerivedData/Build/Intermediates.noindex/AppAuth.build/Debug-iphonesimulator/AppAuthCore.build/Objects-normal/x86_64/e6072d4f65d7061329687fe24e3d63a7-common-args.resp -include /Users/hectorgarcia/Library/Developer/Xcode/DerivedData/Build/Intermediates.noindex/AppAuth.build/Debug-iphonesimulator/AppAuthCore.build/DerivedSources/resource_bundle_accessor.h -MMD -MT dependencies -MF /Users/hectorgarcia/Library/Developer/Xcode/DerivedData/Build/Intermediates.noindex/AppAuth.build/Debug-iphonesimulator/AppAuthCore.build/Objects-normal/x86_64/OIDError.d --serialize-diagnostics /Users/hectorgarcia/Library/Developer/Xcode/DerivedData/Build/Intermediates.noindex/AppAuth.build/Debug-iphonesimulator/AppAuthCore.build/Objects-normal/x86_64/OIDError.dia -c /Users/hectorgarcia/Library/Developer/Xcode/DerivedData/Lyo-eagkiegzrakogpczynhkaholsscs/SourcePackages/checkouts/AppAuth-iOS/Sources/AppAuthCore/OIDError.m -o /Users/hectorgarcia/Library/Developer/Xcode/DerivedData/Build/Intermediates.noindex/AppAuth.build/Debug-iphonesimulator/AppAuthCore.build/Objects-normal/x86_64/OIDError.o -index-unit-output-path /AppAuth.build/Debug-iphonesimulator/AppAuthCore.build/Objects-normal/x86_64/OIDError.o

ScanDependencies /Users/hectorgarcia/Library/Developer/Xcode/DerivedData/Build/Intermediates.noindex/AppAuth.build/Debug-iphonesimulator/AppAuthCore.build/Objects-normal/x86_64/OIDClientMetadataParameters.o /Users/hectorgarcia/Library/Developer/Xcode/DerivedData/Lyo-eagkiegzrakogpczynhkaholsscs/SourcePackages/checkouts/AppAuth-iOS/Sources/AppAuthCore/OIDClientMetadataParameters.m normal x86_64 objective-c com.apple.compilers.llvm.clang.1_0.compiler (in target 'AppAuthCore' from project 'AppAuth')
    cd /Users/hectorgarcia/LYO_Da_ONE/Lyo.xcodeproj
    
    Using response file: /Users/hectorgarcia/Library/Developer/Xcode/DerivedData/Build/Intermediates.noindex/AppAuth.build/Debug-iphonesimulator/AppAuthCore.build/Objects-normal/x86_64/e6072d4f65d7061329687fe24e3d63a7-common-args.resp
    
    builtin-ScanDependencies -o /Users/hectorgarcia/Library/Developer/Xcode/DerivedData/Build/Intermediates.noindex/AppAuth.build/Debug-iphonesimulator/AppAuthCore.build/Objects-normal/x86_64/OIDClientMetadataParameters.o.scan -- /Users/hectorgarcia/Downloads/Xcode.app/Contents/Developer/Toolchains/XcodeDefault.xctoolchain/usr/bin/clang -x objective-c -ivfsstatcache /Users/hectorgarcia/Library/Developer/Xcode/DerivedData/SDKStatCaches.noindex/iphonesimulator26.2-23C53-823d3e8b6e60bc2018c189d3ca05ba9b.sdkstatcache -fmessage-length\=0 -fdiagnostics-show-note-include-stack -fmacro-backtrace-limit\=0 -fno-color-diagnostics -fmodules-prune-interval\=86400 -fmodules-prune-after\=345600 -fbuild-session-file\=/Users/hectorgarcia/Library/Developer/Xcode/DerivedData/ModuleCache.noindex/Session.modulevalidation -fmodules-validate-once-per-build-session -Wnon-modular-include-in-framework-module -Werror\=non-modular-include-in-framework-module -Wno-trigraphs -Wno-missing-field-initializers -Wno-missing-prototypes -Wno-return-type -Wno-implicit-atomic-properties -Wno-objc-interface-ivars -Wno-arc-repeated-use-of-weak -Wno-missing-braces -Wparentheses -Wswitch -Wno-unused-function -Wno-unused-label -Wno-unused-parameter -Wno-unused-variable -Wunused-value -Wno-empty-body -Wno-uninitialized -Wno-unknown-pragmas -w -Wno-shadow -Wno-four-char-constants -Wno-conversion -Wno-constant-conversion -Wno-int-conversion -Wno-bool-conversion -Wno-enum-conversion -Wno-float-conversion -Wno-non-literal-null-conversion -Wno-objc-literal-conversion -Wshorten-64-to-32 -Wpointer-sign -Wno-newline-eof -Wno-selector -Wno-strict-selector-match -Wno-undeclared-selector -Wno-deprecated-implementations -Wno-implicit-fallthrough -fstrict-aliasing -Wprotocol -Wdeprecated-declarations -Wno-sign-conversion -Wno-infinite-recursion -Wno-comma -Wno-block-capture-autoreleasing -Wno-strict-prototypes -Wno-semicolon-before-method-body -index-store-path /Users/hectorgarcia/Library/Developer/Xcode/DerivedData/Lyo-eagkiegzrakogpczynhkaholsscs/Index.noindex/DataStore @/Users/hectorgarcia/Library/Developer/Xcode/DerivedData/Build/Intermediates.noindex/AppAuth.build/Debug-iphonesimulator/AppAuthCore.build/Objects-normal/x86_64/e6072d4f65d7061329687fe24e3d63a7-common-args.resp -include /Users/hectorgarcia/Library/Developer/Xcode/DerivedData/Build/Intermediates.noindex/AppAuth.build/Debug-iphonesimulator/AppAuthCore.build/DerivedSources/resource_bundle_accessor.h -MMD -MT dependencies -MF /Users/hectorgarcia/Library/Developer/Xcode/DerivedData/Build/Intermediates.noindex/AppAuth.build/Debug-iphonesimulator/AppAuthCore.build/Objects-normal/x86_64/OIDClientMetadataParameters.d --serialize-diagnostics /Users/hectorgarcia/Library/Developer/Xcode/DerivedData/Build/Intermediates.noindex/AppAuth.build/Debug-iphonesimulator/AppAuthCore.build/Objects-normal/x86_64/OIDClientMetadataParameters.dia -c /Users/hectorgarcia/Library/Developer/Xcode/DerivedData/Lyo-eagkiegzrakogpczynhkaholsscs/SourcePackages/checkouts/AppAuth-iOS/Sources/AppAuthCore/OIDClientMetadataParameters.m -o /Users/hectorgarcia/Library/Developer/Xcode/DerivedData/Build/Intermediates.noindex/AppAuth.build/Debug-iphonesimulator/AppAuthCore.build/Objects-normal/x86_64/OIDClientMetadataParameters.o -index-unit-output-path /AppAuth.build/Debug-iphonesimulator/AppAuthCore.build/Objects-normal/x86_64/OIDClientMetadataParameters.o

CompileC /Users/hectorgarcia/Library/Developer/Xcode/DerivedData/Build/Intermediates.noindex/AppAuth.build/Debug-iphonesimulator/AppAuthCore.build/Objects-normal/x86_64/OIDEndSessionRequest.o /Users/hectorgarcia/Library/Developer/Xcode/DerivedData/Lyo-eagkiegzrakogpczynhkaholsscs/SourcePackages/checkouts/AppAuth-iOS/Sources/AppAuthCore/OIDEndSessionRequest.m normal x86_64 objective-c com.apple.compilers.llvm.clang.1_0.compiler (in target 'AppAuthCore' from project 'AppAuth')
    cd /Users/hectorgarcia/LYO_Da_ONE/Lyo.xcodeproj
    
    Using response file: /Users/hectorgarcia/Library/Developer/Xcode/DerivedData/Build/Intermediates.noindex/AppAuth.build/Debug-iphonesimulator/AppAuthCore.build/Objects-normal/x86_64/e6072d4f65d7061329687fe24e3d63a7-common-args.resp
    
    /Users/hectorgarcia/Downloads/Xcode.app/Contents/Developer/Toolchains/XcodeDefault.xctoolchain/usr/bin/clang -x objective-c -ivfsstatcache /Users/hectorgarcia/Library/Developer/Xcode/DerivedData/SDKStatCaches.noindex/iphonesimulator26.2-23C53-823d3e8b6e60bc2018c189d3ca05ba9b.sdkstatcache -fmessage-length\=0 -fdiagnostics-show-note-include-stack -fmacro-backtrace-limit\=0 -fno-color-diagnostics -fmodules-prune-interval\=86400 -fmodules-prune-after\=345600 -fbuild-session-file\=/Users/hectorgarcia/Library/Developer/Xcode/DerivedData/ModuleCache.noindex/Session.modulevalidation -fmodules-validate-once-per-build-session -Wnon-modular-include-in-framework-module -Werror\=non-modular-include-in-framework-module -Wno-trigraphs -Wno-missing-field-initializers -Wno-missing-prototypes -Wno-return-type -Wno-implicit-atomic-properties -Wno-objc-interface-ivars -Wno-arc-repeated-use-of-weak -Wno-missing-braces -Wparentheses -Wswitch -Wno-unused-function -Wno-unused-label -Wno-unused-parameter -Wno-unused-variable -Wunused-value -Wno-empty-body -Wno-uninitialized -Wno-unknown-pragmas -w -Wno-shadow -Wno-four-char-constants -Wno-conversion -Wno-constant-conversion -Wno-int-conversion -Wno-bool-conversion -Wno-enum-conversion -Wno-float-conversion -Wno-non-literal-null-conversion -Wno-objc-literal-conversion -Wshorten-64-to-32 -Wpointer-sign -Wno-newline-eof -Wno-selector -Wno-strict-selector-match -Wno-undeclared-selector -Wno-deprecated-implementations -Wno-implicit-fallthrough -fstrict-aliasing -Wprotocol -Wdeprecated-declarations -Wno-sign-conversion -Wno-infinite-recursion -Wno-comma -Wno-block-capture-autoreleasing -Wno-strict-prototypes -Wno-semicolon-before-method-body -index-store-path /Users/hectorgarcia/Library/Developer/Xcode/DerivedData/Lyo-eagkiegzrakogpczynhkaholsscs/Index.noindex/DataStore @/Users/hectorgarcia/Library/Developer/Xcode/DerivedData/Build/Intermediates.noindex/AppAuth.build/Debug-iphonesimulator/AppAuthCore.build/Objects-normal/x86_64/e6072d4f65d7061329687fe24e3d63a7-common-args.resp -include /Users/hectorgarcia/Library/Developer/Xcode/DerivedData/Build/Intermediates.noindex/AppAuth.build/Debug-iphonesimulator/AppAuthCore.build/DerivedSources/resource_bundle_accessor.h -MMD -MT dependencies -MF /Users/hectorgarcia/Library/Developer/Xcode/DerivedData/Build/Intermediates.noindex/AppAuth.build/Debug-iphonesimulator/AppAuthCore.build/Objects-normal/x86_64/OIDEndSessionRequest.d --serialize-diagnostics /Users/hectorgarcia/Library/Developer/Xcode/DerivedData/Build/Intermediates.noindex/AppAuth.build/Debug-iphonesimulator/AppAuthCore.build/Objects-normal/x86_64/OIDEndSessionRequest.dia -c /Users/hectorgarcia/Library/Developer/Xcode/DerivedData/Lyo-eagkiegzrakogpczynhkaholsscs/SourcePackages/checkouts/AppAuth-iOS/Sources/AppAuthCore/OIDEndSessionRequest.m -o /Users/hectorgarcia/Library/Developer/Xcode/DerivedData/Build/Intermediates.noindex/AppAuth.build/Debug-iphonesimulator/AppAuthCore.build/Objects-normal/x86_64/OIDEndSessionRequest.o -index-unit-output-path /AppAuth.build/Debug-iphonesimulator/AppAuthCore.build/Objects-normal/x86_64/OIDEndSessionRequest.o

CompileC /Users/hectorgarcia/Library/Developer/Xcode/DerivedData/Build/Intermediates.noindex/AppAuth.build/Debug-iphonesimulator/AppAuthCore.build/Objects-normal/x86_64/OIDEndSessionResponse.o /Users/hectorgarcia/Library/Developer/Xcode/DerivedData/Lyo-eagkiegzrakogpczynhkaholsscs/SourcePackages/checkouts/AppAuth-iOS/Sources/AppAuthCore/OIDEndSessionResponse.m normal x86_64 objective-c com.apple.compilers.llvm.clang.1_0.compiler (in target 'AppAuthCore' from project 'AppAuth')
    cd /Users/hectorgarcia/LYO_Da_ONE/Lyo.xcodeproj
    
    Using response file: /Users/hectorgarcia/Library/Developer/Xcode/DerivedData/Build/Intermediates.noindex/AppAuth.build/Debug-iphonesimulator/AppAuthCore.build/Objects-normal/x86_64/e6072d4f65d7061329687fe24e3d63a7-common-args.resp
    
    /Users/hectorgarcia/Downloads/Xcode.app/Contents/Developer/Toolchains/XcodeDefault.xctoolchain/usr/bin/clang -x objective-c -ivfsstatcache /Users/hectorgarcia/Library/Developer/Xcode/DerivedData/SDKStatCaches.noindex/iphonesimulator26.2-23C53-823d3e8b6e60bc2018c189d3ca05ba9b.sdkstatcache -fmessage-length\=0 -fdiagnostics-show-note-include-stack -fmacro-backtrace-limit\=0 -fno-color-diagnostics -fmodules-prune-interval\=86400 -fmodules-prune-after\=345600 -fbuild-session-file\=/Users/hectorgarcia/Library/Developer/Xcode/DerivedData/ModuleCache.noindex/Session.modulevalidation -fmodules-validate-once-per-build-session -Wnon-modular-include-in-framework-module -Werror\=non-modular-include-in-framework-module -Wno-trigraphs -Wno-missing-field-initializers -Wno-missing-prototypes -Wno-return-type -Wno-implicit-atomic-properties -Wno-objc-interface-ivars -Wno-arc-repeated-use-of-weak -Wno-missing-braces -Wparentheses -Wswitch -Wno-unused-function -Wno-unused-label -Wno-unused-parameter -Wno-unused-variable -Wunused-value -Wno-empty-body -Wno-uninitialized -Wno-unknown-pragmas -w -Wno-shadow -Wno-four-char-constants -Wno-conversion -Wno-constant-conversion -Wno-int-conversion -Wno-bool-conversion -Wno-enum-conversion -Wno-float-conversion -Wno-non-literal-null-conversion -Wno-objc-literal-conversion -Wshorten-64-to-32 -Wpointer-sign -Wno-newline-eof -Wno-selector -Wno-strict-selector-match -Wno-undeclared-selector -Wno-deprecated-implementations -Wno-implicit-fallthrough -fstrict-aliasing -Wprotocol -Wdeprecated-declarations -Wno-sign-conversion -Wno-infinite-recursion -Wno-comma -Wno-block-capture-autoreleasing -Wno-strict-prototypes -Wno-semicolon-before-method-body -index-store-path /Users/hectorgarcia/Library/Developer/Xcode/DerivedData/Lyo-eagkiegzrakogpczynhkaholsscs/Index.noindex/DataStore @/Users/hectorgarcia/Library/Developer/Xcode/DerivedData/Build/Intermediates.noindex/AppAuth.build/Debug-iphonesimulator/AppAuthCore.build/Objects-normal/x86_64/e6072d4f65d7061329687fe24e3d63a7-common-args.resp -include /Users/hectorgarcia/Library/Developer/Xcode/DerivedData/Build/Intermediates.noindex/AppAuth.build/Debug-iphonesimulator/AppAuthCore.build/DerivedSources/resource_bundle_accessor.h -MMD -MT dependencies -MF /Users/hectorgarcia/Library/Developer/Xcode/DerivedData/Build/Intermediates.noindex/AppAuth.build/Debug-iphonesimulator/AppAuthCore.build/Objects-normal/x86_64/OIDEndSessionResponse.d --serialize-diagnostics /Users/hectorgarcia/Library/Developer/Xcode/DerivedData/Build/Intermediates.noindex/AppAuth.build/Debug-iphonesimulator/AppAuthCore.build/Objects-normal/x86_64/OIDEndSessionResponse.dia -c /Users/hectorgarcia/Library/Developer/Xcode/DerivedData/Lyo-eagkiegzrakogpczynhkaholsscs/SourcePackages/checkouts/AppAuth-iOS/Sources/AppAuthCore/OIDEndSessionResponse.m -o /Users/hectorgarcia/Library/Developer/Xcode/DerivedData/Build/Intermediates.noindex/AppAuth.build/Debug-iphonesimulator/AppAuthCore.build/Objects-normal/x86_64/OIDEndSessionResponse.o -index-unit-output-path /AppAuth.build/Debug-iphonesimulator/AppAuthCore.build/Objects-normal/x86_64/OIDEndSessionResponse.o

ScanDependencies /Users/hectorgarcia/Library/Developer/Xcode/DerivedData/Build/Intermediates.noindex/AppAuth.build/Debug-iphonesimulator/AppAuthCore.build/Objects-normal/x86_64/OIDAuthorizationService.o /Users/hectorgarcia/Library/Developer/Xcode/DerivedData/Lyo-eagkiegzrakogpczynhkaholsscs/SourcePackages/checkouts/AppAuth-iOS/Sources/AppAuthCore/OIDAuthorizationService.m normal x86_64 objective-c com.apple.compilers.llvm.clang.1_0.compiler (in target 'AppAuthCore' from project 'AppAuth')
    cd /Users/hectorgarcia/LYO_Da_ONE/Lyo.xcodeproj
    
    Using response file: /Users/hectorgarcia/Library/Developer/Xcode/DerivedData/Build/Intermediates.noindex/AppAuth.build/Debug-iphonesimulator/AppAuthCore.build/Objects-normal/x86_64/e6072d4f65d7061329687fe24e3d63a7-common-args.resp
    
    builtin-ScanDependencies -o /Users/hectorgarcia/Library/Developer/Xcode/DerivedData/Build/Intermediates.noindex/AppAuth.build/Debug-iphonesimulator/AppAuthCore.build/Objects-normal/x86_64/OIDAuthorizationService.o.scan -- /Users/hectorgarcia/Downloads/Xcode.app/Contents/Developer/Toolchains/XcodeDefault.xctoolchain/usr/bin/clang -x objective-c -ivfsstatcache /Users/hectorgarcia/Library/Developer/Xcode/DerivedData/SDKStatCaches.noindex/iphonesimulator26.2-23C53-823d3e8b6e60bc2018c189d3ca05ba9b.sdkstatcache -fmessage-length\=0 -fdiagnostics-show-note-include-stack -fmacro-backtrace-limit\=0 -fno-color-diagnostics -fmodules-prune-interval\=86400 -fmodules-prune-after\=345600 -fbuild-session-file\=/Users/hectorgarcia/Library/Developer/Xcode/DerivedData/ModuleCache.noindex/Session.modulevalidation -fmodules-validate-once-per-build-session -Wnon-modular-include-in-framework-module -Werror\=non-modular-include-in-framework-module -Wno-trigraphs -Wno-missing-field-initializers -Wno-missing-prototypes -Wno-return-type -Wno-implicit-atomic-properties -Wno-objc-interface-ivars -Wno-arc-repeated-use-of-weak -Wno-missing-braces -Wparentheses -Wswitch -Wno-unused-function -Wno-unused-label -Wno-unused-parameter -Wno-unused-variable -Wunused-value -Wno-empty-body -Wno-uninitialized -Wno-unknown-pragmas -w -Wno-shadow -Wno-four-char-constants -Wno-conversion -Wno-constant-conversion -Wno-int-conversion -Wno-bool-conversion -Wno-enum-conversion -Wno-float-conversion -Wno-non-literal-null-conversion -Wno-objc-literal-conversion -Wshorten-64-to-32 -Wpointer-sign -Wno-newline-eof -Wno-selector -Wno-strict-selector-match -Wno-undeclared-selector -Wno-deprecated-implementations -Wno-implicit-fallthrough -fstrict-aliasing -Wprotocol -Wdeprecated-declarations -Wno-sign-conversion -Wno-infinite-recursion -Wno-comma -Wno-block-capture-autoreleasing -Wno-strict-prototypes -Wno-semicolon-before-method-body -index-store-path /Users/hectorgarcia/Library/Developer/Xcode/DerivedData/Lyo-eagkiegzrakogpczynhkaholsscs/Index.noindex/DataStore @/Users/hectorgarcia/Library/Developer/Xcode/DerivedData/Build/Intermediates.noindex/AppAuth.build/Debug-iphonesimulator/AppAuthCore.build/Objects-normal/x86_64/e6072d4f65d7061329687fe24e3d63a7-common-args.resp -include /Users/hectorgarcia/Library/Developer/Xcode/DerivedData/Build/Intermediates.noindex/AppAuth.build/Debug-iphonesimulator/AppAuthCore.build/DerivedSources/resource_bundle_accessor.h -MMD -MT dependencies -MF /Users/hectorgarcia/Library/Developer/Xcode/DerivedData/Build/Intermediates.noindex/AppAuth.build/Debug-iphonesimulator/AppAuthCore.build/Objects-normal/x86_64/OIDAuthorizationService.d --serialize-diagnostics /Users/hectorgarcia/Library/Developer/Xcode/DerivedData/Build/Intermediates.noindex/AppAuth.build/Debug-iphonesimulator/AppAuthCore.build/Objects-normal/x86_64/OIDAuthorizationService.dia -c /Users/hectorgarcia/Library/Developer/Xcode/DerivedData/Lyo-eagkiegzrakogpczynhkaholsscs/SourcePackages/checkouts/AppAuth-iOS/Sources/AppAuthCore/OIDAuthorizationService.m -o /Users/hectorgarcia/Library/Developer/Xcode/DerivedData/Build/Intermediates.noindex/AppAuth.build/Debug-iphonesimulator/AppAuthCore.build/Objects-normal/x86_64/OIDAuthorizationService.o -index-unit-output-path /AppAuth.build/Debug-iphonesimulator/AppAuthCore.build/Objects-normal/x86_64/OIDAuthorizationService.o

ScanDependencies /Users/hectorgarcia/Library/Developer/Xcode/DerivedData/Build/Intermediates.noindex/AppAuth.build/Debug-iphonesimulator/AppAuthCore.build/Objects-normal/x86_64/OIDAuthorizationResponse.o /Users/hectorgarcia/Library/Developer/Xcode/DerivedData/Lyo-eagkiegzrakogpczynhkaholsscs/SourcePackages/checkouts/AppAuth-iOS/Sources/AppAuthCore/OIDAuthorizationResponse.m normal x86_64 objective-c com.apple.compilers.llvm.clang.1_0.compiler (in target 'AppAuthCore' from project 'AppAuth')
    cd /Users/hectorgarcia/LYO_Da_ONE/Lyo.xcodeproj
    
    Using response file: /Users/hectorgarcia/Library/Developer/Xcode/DerivedData/Build/Intermediates.noindex/AppAuth.build/Debug-iphonesimulator/AppAuthCore.build/Objects-normal/x86_64/e6072d4f65d7061329687fe24e3d63a7-common-args.resp
    
    builtin-ScanDependencies -o /Users/hectorgarcia/Library/Developer/Xcode/DerivedData/Build/Intermediates.noindex/AppAuth.build/Debug-iphonesimulator/AppAuthCore.build/Objects-normal/x86_64/OIDAuthorizationResponse.o.scan -- /Users/hectorgarcia/Downloads/Xcode.app/Contents/Developer/Toolchains/XcodeDefault.xctoolchain/usr/bin/clang -x objective-c -ivfsstatcache /Users/hectorgarcia/Library/Developer/Xcode/DerivedData/SDKStatCaches.noindex/iphonesimulator26.2-23C53-823d3e8b6e60bc2018c189d3ca05ba9b.sdkstatcache -fmessage-length\=0 -fdiagnostics-show-note-include-stack -fmacro-backtrace-limit\=0 -fno-color-diagnostics -fmodules-prune-interval\=86400 -fmodules-prune-after\=345600 -fbuild-session-file\=/Users/hectorgarcia/Library/Developer/Xcode/DerivedData/ModuleCache.noindex/Session.modulevalidation -fmodules-validate-once-per-build-session -Wnon-modular-include-in-framework-module -Werror\=non-modular-include-in-framework-module -Wno-trigraphs -Wno-missing-field-initializers -Wno-missing-prototypes -Wno-return-type -Wno-implicit-atomic-properties -Wno-objc-interface-ivars -Wno-arc-repeated-use-of-weak -Wno-missing-braces -Wparentheses -Wswitch -Wno-unused-function -Wno-unused-label -Wno-unused-parameter -Wno-unused-variable -Wunused-value -Wno-empty-body -Wno-uninitialized -Wno-unknown-pragmas -w -Wno-shadow -Wno-four-char-constants -Wno-conversion -Wno-constant-conversion -Wno-int-conversion -Wno-bool-conversion -Wno-enum-conversion -Wno-float-conversion -Wno-non-literal-null-conversion -Wno-objc-literal-conversion -Wshorten-64-to-32 -Wpointer-sign -Wno-newline-eof -Wno-selector -Wno-strict-selector-match -Wno-undeclared-selector -Wno-deprecated-implementations -Wno-implicit-fallthrough -fstrict-aliasing -Wprotocol -Wdeprecated-declarations -Wno-sign-conversion -Wno-infinite-recursion -Wno-comma -Wno-block-capture-autoreleasing -Wno-strict-prototypes -Wno-semicolon-before-method-body -index-store-path /Users/hectorgarcia/Library/Developer/Xcode/DerivedData/Lyo-eagkiegzrakogpczynhkaholsscs/Index.noindex/DataStore @/Users/hectorgarcia/Library/Developer/Xcode/DerivedData/Build/Intermediates.noindex/AppAuth.build/Debug-iphonesimulator/AppAuthCore.build/Objects-normal/x86_64/e6072d4f65d7061329687fe24e3d63a7-common-args.resp -include /Users/hectorgarcia/Library/Developer/Xcode/DerivedData/Build/Intermediates.noindex/AppAuth.build/Debug-iphonesimulator/AppAuthCore.build/DerivedSources/resource_bundle_accessor.h -MMD -MT dependencies -MF /Users/hectorgarcia/Library/Developer/Xcode/DerivedData/Build/Intermediates.noindex/AppAuth.build/Debug-iphonesimulator/AppAuthCore.build/Objects-normal/x86_64/OIDAuthorizationResponse.d --serialize-diagnostics /Users/hectorgarcia/Library/Developer/Xcode/DerivedData/Build/Intermediates.noindex/AppAuth.build/Debug-iphonesimulator/AppAuthCore.build/Objects-normal/x86_64/OIDAuthorizationResponse.dia -c /Users/hectorgarcia/Library/Developer/Xcode/DerivedData/Lyo-eagkiegzrakogpczynhkaholsscs/SourcePackages/checkouts/AppAuth-iOS/Sources/AppAuthCore/OIDAuthorizationResponse.m -o /Users/hectorgarcia/Library/Developer/Xcode/DerivedData/Build/Intermediates.noindex/AppAuth.build/Debug-iphonesimulator/AppAuthCore.build/Objects-normal/x86_64/OIDAuthorizationResponse.o -index-unit-output-path /AppAuth.build/Debug-iphonesimulator/AppAuthCore.build/Objects-normal/x86_64/OIDAuthorizationResponse.o

ScanDependencies /Users/hectorgarcia/Library/Developer/Xcode/DerivedData/Build/Intermediates.noindex/AppAuth.build/Debug-iphonesimulator/AppAuthCore.build/Objects-normal/x86_64/OIDAuthorizationRequest.o /Users/hectorgarcia/Library/Developer/Xcode/DerivedData/Lyo-eagkiegzrakogpczynhkaholsscs/SourcePackages/checkouts/AppAuth-iOS/Sources/AppAuthCore/OIDAuthorizationRequest.m normal x86_64 objective-c com.apple.compilers.llvm.clang.1_0.compiler (in target 'AppAuthCore' from project 'AppAuth')
    cd /Users/hectorgarcia/LYO_Da_ONE/Lyo.xcodeproj
    
    Using response file: /Users/hectorgarcia/Library/Developer/Xcode/DerivedData/Build/Intermediates.noindex/AppAuth.build/Debug-iphonesimulator/AppAuthCore.build/Objects-normal/x86_64/e6072d4f65d7061329687fe24e3d63a7-common-args.resp
    
    builtin-ScanDependencies -o /Users/hectorgarcia/Library/Developer/Xcode/DerivedData/Build/Intermediates.noindex/AppAuth.build/Debug-iphonesimulator/AppAuthCore.build/Objects-normal/x86_64/OIDAuthorizationRequest.o.scan -- /Users/hectorgarcia/Downloads/Xcode.app/Contents/Developer/Toolchains/XcodeDefault.xctoolchain/usr/bin/clang -x objective-c -ivfsstatcache /Users/hectorgarcia/Library/Developer/Xcode/DerivedData/SDKStatCaches.noindex/iphonesimulator26.2-23C53-823d3e8b6e60bc2018c189d3ca05ba9b.sdkstatcache -fmessage-length\=0 -fdiagnostics-show-note-include-stack -fmacro-backtrace-limit\=0 -fno-color-diagnostics -fmodules-prune-interval\=86400 -fmodules-prune-after\=345600 -fbuild-session-file\=/Users/hectorgarcia/Library/Developer/Xcode/DerivedData/ModuleCache.noindex/Session.modulevalidation -fmodules-validate-once-per-build-session -Wnon-modular-include-in-framework-module -Werror\=non-modular-include-in-framework-module -Wno-trigraphs -Wno-missing-field-initializers -Wno-missing-prototypes -Wno-return-type -Wno-implicit-atomic-properties -Wno-objc-interface-ivars -Wno-arc-repeated-use-of-weak -Wno-missing-braces -Wparentheses -Wswitch -Wno-unused-function -Wno-unused-label -Wno-unused-parameter -Wno-unused-variable -Wunused-value -Wno-empty-body -Wno-uninitialized -Wno-unknown-pragmas -w -Wno-shadow -Wno-four-char-constants -Wno-conversion -Wno-constant-conversion -Wno-int-conversion -Wno-bool-conversion -Wno-enum-conversion -Wno-float-conversion -Wno-non-literal-null-conversion -Wno-objc-literal-conversion -Wshorten-64-to-32 -Wpointer-sign -Wno-newline-eof -Wno-selector -Wno-strict-selector-match -Wno-undeclared-selector -Wno-deprecated-implementations -Wno-implicit-fallthrough -fstrict-aliasing -Wprotocol -Wdeprecated-declarations -Wno-sign-conversion -Wno-infinite-recursion -Wno-comma -Wno-block-capture-autoreleasing -Wno-strict-prototypes -Wno-semicolon-before-method-body -index-store-path /Users/hectorgarcia/Library/Developer/Xcode/DerivedData/Lyo-eagkiegzrakogpczynhkaholsscs/Index.noindex/DataStore @/Users/hectorgarcia/Library/Developer/Xcode/DerivedData/Build/Intermediates.noindex/AppAuth.build/Debug-iphonesimulator/AppAuthCore.build/Objects-normal/x86_64/e6072d4f65d7061329687fe24e3d63a7-common-args.resp -include /Users/hectorgarcia/Library/Developer/Xcode/DerivedData/Build/Intermediates.noindex/AppAuth.build/Debug-iphonesimulator/AppAuthCore.build/DerivedSources/resource_bundle_accessor.h -MMD -MT dependencies -MF /Users/hectorgarcia/Library/Developer/Xcode/DerivedData/Build/Intermediates.noindex/AppAuth.build/Debug-iphonesimulator/AppAuthCore.build/Objects-normal/x86_64/OIDAuthorizationRequest.d --serialize-diagnostics /Users/hectorgarcia/Library/Developer/Xcode/DerivedData/Build/Intermediates.noindex/AppAuth.build/Debug-iphonesimulator/AppAuthCore.build/Objects-normal/x86_64/OIDAuthorizationRequest.dia -c /Users/hectorgarcia/Library/Developer/Xcode/DerivedData/Lyo-eagkiegzrakogpczynhkaholsscs/SourcePackages/checkouts/AppAuth-iOS/Sources/AppAuthCore/OIDAuthorizationRequest.m -o /Users/hectorgarcia/Library/Developer/Xcode/DerivedData/Build/Intermediates.noindex/AppAuth.build/Debug-iphonesimulator/AppAuthCore.build/Objects-normal/x86_64/OIDAuthorizationRequest.o -index-unit-output-path /AppAuth.build/Debug-iphonesimulator/AppAuthCore.build/Objects-normal/x86_64/OIDAuthorizationRequest.o

ScanDependencies /Users/hectorgarcia/Library/Developer/Xcode/DerivedData/Build/Intermediates.noindex/AppAuth.build/Debug-iphonesimulator/AppAuthCore.build/Objects-normal/x86_64/OIDAuthState.o /Users/hectorgarcia/Library/Developer/Xcode/DerivedData/Lyo-eagkiegzrakogpczynhkaholsscs/SourcePackages/checkouts/AppAuth-iOS/Sources/AppAuthCore/OIDAuthState.m normal x86_64 objective-c com.apple.compilers.llvm.clang.1_0.compiler (in target 'AppAuthCore' from project 'AppAuth')
    cd /Users/hectorgarcia/LYO_Da_ONE/Lyo.xcodeproj
    
    Using response file: /Users/hectorgarcia/Library/Developer/Xcode/DerivedData/Build/Intermediates.noindex/AppAuth.build/Debug-iphonesimulator/AppAuthCore.build/Objects-normal/x86_64/e6072d4f65d7061329687fe24e3d63a7-common-args.resp
    
    builtin-ScanDependencies -o /Users/hectorgarcia/Library/Developer/Xcode/DerivedData/Build/Intermediates.noindex/AppAuth.build/Debug-iphonesimulator/AppAuthCore.build/Objects-normal/x86_64/OIDAuthState.o.scan -- /Users/hectorgarcia/Downloads/Xcode.app/Contents/Developer/Toolchains/XcodeDefault.xctoolchain/usr/bin/clang -x objective-c -ivfsstatcache /Users/hectorgarcia/Library/Developer/Xcode/DerivedData/SDKStatCaches.noindex/iphonesimulator26.2-23C53-823d3e8b6e60bc2018c189d3ca05ba9b.sdkstatcache -fmessage-length\=0 -fdiagnostics-show-note-include-stack -fmacro-backtrace-limit\=0 -fno-color-diagnostics -fmodules-prune-interval\=86400 -fmodules-prune-after\=345600 -fbuild-session-file\=/Users/hectorgarcia/Library/Developer/Xcode/DerivedData/ModuleCache.noindex/Session.modulevalidation -fmodules-validate-once-per-build-session -Wnon-modular-include-in-framework-module -Werror\=non-modular-include-in-framework-module -Wno-trigraphs -Wno-missing-field-initializers -Wno-missing-prototypes -Wno-return-type -Wno-implicit-atomic-properties -Wno-objc-interface-ivars -Wno-arc-repeated-use-of-weak -Wno-missing-braces -Wparentheses -Wswitch -Wno-unused-function -Wno-unused-label -Wno-unused-parameter -Wno-unused-variable -Wunused-value -Wno-empty-body -Wno-uninitialized -Wno-unknown-pragmas -w -Wno-shadow -Wno-four-char-constants -Wno-conversion -Wno-constant-conversion -Wno-int-conversion -Wno-bool-conversion -Wno-enum-conversion -Wno-float-conversion -Wno-non-literal-null-conversion -Wno-objc-literal-conversion -Wshorten-64-to-32 -Wpointer-sign -Wno-newline-eof -Wno-selector -Wno-strict-selector-match -Wno-undeclared-selector -Wno-deprecated-implementations -Wno-implicit-fallthrough -fstrict-aliasing -Wprotocol -Wdeprecated-declarations -Wno-sign-conversion -Wno-infinite-recursion -Wno-comma -Wno-block-capture-autoreleasing -Wno-strict-prototypes -Wno-semicolon-before-method-body -index-store-path /Users/hectorgarcia/Library/Developer/Xcode/DerivedData/Lyo-eagkiegzrakogpczynhkaholsscs/Index.noindex/DataStore @/Users/hectorgarcia/Library/Developer/Xcode/DerivedData/Build/Intermediates.noindex/AppAuth.build/Debug-iphonesimulator/AppAuthCore.build/Objects-normal/x86_64/e6072d4f65d7061329687fe24e3d63a7-common-args.resp -include /Users/hectorgarcia/Library/Developer/Xcode/DerivedData/Build/Intermediates.noindex/AppAuth.build/Debug-iphonesimulator/AppAuthCore.build/DerivedSources/resource_bundle_accessor.h -MMD -MT dependencies -MF /Users/hectorgarcia/Library/Developer/Xcode/DerivedData/Build/Intermediates.noindex/AppAuth.build/Debug-iphonesimulator/AppAuthCore.build/Objects-normal/x86_64/OIDAuthState.d --serialize-diagnostics /Users/hectorgarcia/Library/Developer/Xcode/DerivedData/Build/Intermediates.noindex/AppAuth.build/Debug-iphonesimulator/AppAuthCore.build/Objects-normal/x86_64/OIDAuthState.dia -c /Users/hectorgarcia/Library/Developer/Xcode/DerivedData/Lyo-eagkiegzrakogpczynhkaholsscs/SourcePackages/checkouts/AppAuth-iOS/Sources/AppAuthCore/OIDAuthState.m -o /Users/hectorgarcia/Library/Developer/Xcode/DerivedData/Build/Intermediates.noindex/AppAuth.build/Debug-iphonesimulator/AppAuthCore.build/Objects-normal/x86_64/OIDAuthState.o -index-unit-output-path /AppAuth.build/Debug-iphonesimulator/AppAuthCore.build/Objects-normal/x86_64/OIDAuthState.o

CompileC /Users/hectorgarcia/Library/Developer/Xcode/DerivedData/Build/Intermediates.noindex/AppAuth.build/Debug-iphonesimulator/AppAuthCore.build/Objects-normal/x86_64/OIDClientMetadataParameters.o /Users/hectorgarcia/Library/Developer/Xcode/DerivedData/Lyo-eagkiegzrakogpczynhkaholsscs/SourcePackages/checkouts/AppAuth-iOS/Sources/AppAuthCore/OIDClientMetadataParameters.m normal x86_64 objective-c com.apple.compilers.llvm.clang.1_0.compiler (in target 'AppAuthCore' from project 'AppAuth')
    cd /Users/hectorgarcia/LYO_Da_ONE/Lyo.xcodeproj
    
    Using response file: /Users/hectorgarcia/Library/Developer/Xcode/DerivedData/Build/Intermediates.noindex/AppAuth.build/Debug-iphonesimulator/AppAuthCore.build/Objects-normal/x86_64/e6072d4f65d7061329687fe24e3d63a7-common-args.resp
    
    /Users/hectorgarcia/Downloads/Xcode.app/Contents/Developer/Toolchains/XcodeDefault.xctoolchain/usr/bin/clang -x objective-c -ivfsstatcache /Users/hectorgarcia/Library/Developer/Xcode/DerivedData/SDKStatCaches.noindex/iphonesimulator26.2-23C53-823d3e8b6e60bc2018c189d3ca05ba9b.sdkstatcache -fmessage-length\=0 -fdiagnostics-show-note-include-stack -fmacro-backtrace-limit\=0 -fno-color-diagnostics -fmodules-prune-interval\=86400 -fmodules-prune-after\=345600 -fbuild-session-file\=/Users/hectorgarcia/Library/Developer/Xcode/DerivedData/ModuleCache.noindex/Session.modulevalidation -fmodules-validate-once-per-build-session -Wnon-modular-include-in-framework-module -Werror\=non-modular-include-in-framework-module -Wno-trigraphs -Wno-missing-field-initializers -Wno-missing-prototypes -Wno-return-type -Wno-implicit-atomic-properties -Wno-objc-interface-ivars -Wno-arc-repeated-use-of-weak -Wno-missing-braces -Wparentheses -Wswitch -Wno-unused-function -Wno-unused-label -Wno-unused-parameter -Wno-unused-variable -Wunused-value -Wno-empty-body -Wno-uninitialized -Wno-unknown-pragmas -w -Wno-shadow -Wno-four-char-constants -Wno-conversion -Wno-constant-conversion -Wno-int-conversion -Wno-bool-conversion -Wno-enum-conversion -Wno-float-conversion -Wno-non-literal-null-conversion -Wno-objc-literal-conversion -Wshorten-64-to-32 -Wpointer-sign -Wno-newline-eof -Wno-selector -Wno-strict-selector-match -Wno-undeclared-selector -Wno-deprecated-implementations -Wno-implicit-fallthrough -fstrict-aliasing -Wprotocol -Wdeprecated-declarations -Wno-sign-conversion -Wno-infinite-recursion -Wno-comma -Wno-block-capture-autoreleasing -Wno-strict-prototypes -Wno-semicolon-before-method-body -index-store-path /Users/hectorgarcia/Library/Developer/Xcode/DerivedData/Lyo-eagkiegzrakogpczynhkaholsscs/Index.noindex/DataStore @/Users/hectorgarcia/Library/Developer/Xcode/DerivedData/Build/Intermediates.noindex/AppAuth.build/Debug-iphonesimulator/AppAuthCore.build/Objects-normal/x86_64/e6072d4f65d7061329687fe24e3d63a7-common-args.resp -include /Users/hectorgarcia/Library/Developer/Xcode/DerivedData/Build/Intermediates.noindex/AppAuth.build/Debug-iphonesimulator/AppAuthCore.build/DerivedSources/resource_bundle_accessor.h -MMD -MT dependencies -MF /Users/hectorgarcia/Library/Developer/Xcode/DerivedData/Build/Intermediates.noindex/AppAuth.build/Debug-iphonesimulator/AppAuthCore.build/Objects-normal/x86_64/OIDClientMetadataParameters.d --serialize-diagnostics /Users/hectorgarcia/Library/Developer/Xcode/DerivedData/Build/Intermediates.noindex/AppAuth.build/Debug-iphonesimulator/AppAuthCore.build/Objects-normal/x86_64/OIDClientMetadataParameters.dia -c /Users/hectorgarcia/Library/Developer/Xcode/DerivedData/Lyo-eagkiegzrakogpczynhkaholsscs/SourcePackages/checkouts/AppAuth-iOS/Sources/AppAuthCore/OIDClientMetadataParameters.m -o /Users/hectorgarcia/Library/Developer/Xcode/DerivedData/Build/Intermediates.noindex/AppAuth.build/Debug-iphonesimulator/AppAuthCore.build/Objects-normal/x86_64/OIDClientMetadataParameters.o -index-unit-output-path /AppAuth.build/Debug-iphonesimulator/AppAuthCore.build/Objects-normal/x86_64/OIDClientMetadataParameters.o

ScanDependencies /Users/hectorgarcia/Library/Developer/Xcode/DerivedData/Build/Intermediates.noindex/AppAuth.build/Debug-iphonesimulator/AppAuth.build/Objects-normal/x86_64/resource_bundle_accessor.o /Users/hectorgarcia/Library/Developer/Xcode/DerivedData/Build/Intermediates.noindex/AppAuth.build/Debug-iphonesimulator/AppAuth.build/DerivedSources/resource_bundle_accessor.m normal x86_64 objective-c com.apple.compilers.llvm.clang.1_0.compiler (in target 'AppAuth' from project 'AppAuth')
    cd /Users/hectorgarcia/LYO_Da_ONE/Lyo.xcodeproj
    
    Using response file: /Users/hectorgarcia/Library/Developer/Xcode/DerivedData/Build/Intermediates.noindex/AppAuth.build/Debug-iphonesimulator/AppAuth.build/Objects-normal/x86_64/e6072d4f65d7061329687fe24e3d63a7-common-args.resp
    
    builtin-ScanDependencies -o /Users/hectorgarcia/Library/Developer/Xcode/DerivedData/Build/Intermediates.noindex/AppAuth.build/Debug-iphonesimulator/AppAuth.build/Objects-normal/x86_64/resource_bundle_accessor.o.scan -- /Users/hectorgarcia/Downloads/Xcode.app/Contents/Developer/Toolchains/XcodeDefault.xctoolchain/usr/bin/clang -x objective-c -ivfsstatcache /Users/hectorgarcia/Library/Developer/Xcode/DerivedData/SDKStatCaches.noindex/iphonesimulator26.2-23C53-823d3e8b6e60bc2018c189d3ca05ba9b.sdkstatcache -fmessage-length\=0 -fdiagnostics-show-note-include-stack -fmacro-backtrace-limit\=0 -fno-color-diagnostics -fmodules-prune-interval\=86400 -fmodules-prune-after\=345600 -fbuild-session-file\=/Users/hectorgarcia/Library/Developer/Xcode/DerivedData/ModuleCache.noindex/Session.modulevalidation -fmodules-validate-once-per-build-session -Wnon-modular-include-in-framework-module -Werror\=non-modular-include-in-framework-module -Wno-trigraphs -Wno-missing-field-initializers -Wno-missing-prototypes -Wno-return-type -Wno-implicit-atomic-properties -Wno-objc-interface-ivars -Wno-arc-repeated-use-of-weak -Wno-missing-braces -Wparentheses -Wswitch -Wno-unused-function -Wno-unused-label -Wno-unused-parameter -Wno-unused-variable -Wunused-value -Wno-empty-body -Wno-uninitialized -Wno-unknown-pragmas -w -Wno-shadow -Wno-four-char-constants -Wno-conversion -Wno-constant-conversion -Wno-int-conversion -Wno-bool-conversion -Wno-enum-conversion -Wno-float-conversion -Wno-non-literal-null-conversion -Wno-objc-literal-conversion -Wshorten-64-to-32 -Wpointer-sign -Wno-newline-eof -Wno-selector -Wno-strict-selector-match -Wno-undeclared-selector -Wno-deprecated-implementations -Wno-implicit-fallthrough -fstrict-aliasing -Wprotocol -Wdeprecated-declarations -Wno-sign-conversion -Wno-infinite-recursion -Wno-comma -Wno-block-capture-autoreleasing -Wno-strict-prototypes -Wno-semicolon-before-method-body -index-store-path /Users/hectorgarcia/Library/Developer/Xcode/DerivedData/Lyo-eagkiegzrakogpczynhkaholsscs/Index.noindex/DataStore @/Users/hectorgarcia/Library/Developer/Xcode/DerivedData/Build/Intermediates.noindex/AppAuth.build/Debug-iphonesimulator/AppAuth.build/Objects-normal/x86_64/e6072d4f65d7061329687fe24e3d63a7-common-args.resp -include /Users/hectorgarcia/Library/Developer/Xcode/DerivedData/Build/Intermediates.noindex/AppAuth.build/Debug-iphonesimulator/AppAuth.build/DerivedSources/resource_bundle_accessor.h -MMD -MT dependencies -MF /Users/hectorgarcia/Library/Developer/Xcode/DerivedData/Build/Intermediates.noindex/AppAuth.build/Debug-iphonesimulator/AppAuth.build/Objects-normal/x86_64/resource_bundle_accessor.d --serialize-diagnostics /Users/hectorgarcia/Library/Developer/Xcode/DerivedData/Build/Intermediates.noindex/AppAuth.build/Debug-iphonesimulator/AppAuth.build/Objects-normal/x86_64/resource_bundle_accessor.dia -c /Users/hectorgarcia/Library/Developer/Xcode/DerivedData/Build/Intermediates.noindex/AppAuth.build/Debug-iphonesimulator/AppAuth.build/DerivedSources/resource_bundle_accessor.m -o /Users/hectorgarcia/Library/Developer/Xcode/DerivedData/Build/Intermediates.noindex/AppAuth.build/Debug-iphonesimulator/AppAuth.build/Objects-normal/x86_64/resource_bundle_accessor.o -index-unit-output-path /AppAuth.build/Debug-iphonesimulator/AppAuth.build/Objects-normal/x86_64/resource_bundle_accessor.o

CompileC /Users/hectorgarcia/Library/Developer/Xcode/DerivedData/Build/Intermediates.noindex/AppAuth.build/Debug-iphonesimulator/AppAuthCore.build/Objects-normal/x86_64/OIDAuthorizationRequest.o /Users/hectorgarcia/Library/Developer/Xcode/DerivedData/Lyo-eagkiegzrakogpczynhkaholsscs/SourcePackages/checkouts/AppAuth-iOS/Sources/AppAuthCore/OIDAuthorizationRequest.m normal x86_64 objective-c com.apple.compilers.llvm.clang.1_0.compiler (in target 'AppAuthCore' from project 'AppAuth')
    cd /Users/hectorgarcia/LYO_Da_ONE/Lyo.xcodeproj
    
    Using response file: /Users/hectorgarcia/Library/Developer/Xcode/DerivedData/Build/Intermediates.noindex/AppAuth.build/Debug-iphonesimulator/AppAuthCore.build/Objects-normal/x86_64/e6072d4f65d7061329687fe24e3d63a7-common-args.resp
    
    /Users/hectorgarcia/Downloads/Xcode.app/Contents/Developer/Toolchains/XcodeDefault.xctoolchain/usr/bin/clang -x objective-c -ivfsstatcache /Users/hectorgarcia/Library/Developer/Xcode/DerivedData/SDKStatCaches.noindex/iphonesimulator26.2-23C53-823d3e8b6e60bc2018c189d3ca05ba9b.sdkstatcache -fmessage-length\=0 -fdiagnostics-show-note-include-stack -fmacro-backtrace-limit\=0 -fno-color-diagnostics -fmodules-prune-interval\=86400 -fmodules-prune-after\=345600 -fbuild-session-file\=/Users/hectorgarcia/Library/Developer/Xcode/DerivedData/ModuleCache.noindex/Session.modulevalidation -fmodules-validate-once-per-build-session -Wnon-modular-include-in-framework-module -Werror\=non-modular-include-in-framework-module -Wno-trigraphs -Wno-missing-field-initializers -Wno-missing-prototypes -Wno-return-type -Wno-implicit-atomic-properties -Wno-objc-interface-ivars -Wno-arc-repeated-use-of-weak -Wno-missing-braces -Wparentheses -Wswitch -Wno-unused-function -Wno-unused-label -Wno-unused-parameter -Wno-unused-variable -Wunused-value -Wno-empty-body -Wno-uninitialized -Wno-unknown-pragmas -w -Wno-shadow -Wno-four-char-constants -Wno-conversion -Wno-constant-conversion -Wno-int-conversion -Wno-bool-conversion -Wno-enum-conversion -Wno-float-conversion -Wno-non-literal-null-conversion -Wno-objc-literal-conversion -Wshorten-64-to-32 -Wpointer-sign -Wno-newline-eof -Wno-selector -Wno-strict-selector-match -Wno-undeclared-selector -Wno-deprecated-implementations -Wno-implicit-fallthrough -fstrict-aliasing -Wprotocol -Wdeprecated-declarations -Wno-sign-conversion -Wno-infinite-recursion -Wno-comma -Wno-block-capture-autoreleasing -Wno-strict-prototypes -Wno-semicolon-before-method-body -index-store-path /Users/hectorgarcia/Library/Developer/Xcode/DerivedData/Lyo-eagkiegzrakogpczynhkaholsscs/Index.noindex/DataStore @/Users/hectorgarcia/Library/Developer/Xcode/DerivedData/Build/Intermediates.noindex/AppAuth.build/Debug-iphonesimulator/AppAuthCore.build/Objects-normal/x86_64/e6072d4f65d7061329687fe24e3d63a7-common-args.resp -include /Users/hectorgarcia/Library/Developer/Xcode/DerivedData/Build/Intermediates.noindex/AppAuth.build/Debug-iphonesimulator/AppAuthCore.build/DerivedSources/resource_bundle_accessor.h -MMD -MT dependencies -MF /Users/hectorgarcia/Library/Developer/Xcode/DerivedData/Build/Intermediates.noindex/AppAuth.build/Debug-iphonesimulator/AppAuthCore.build/Objects-normal/x86_64/OIDAuthorizationRequest.d --serialize-diagnostics /Users/hectorgarcia/Library/Developer/Xcode/DerivedData/Build/Intermediates.noindex/AppAuth.build/Debug-iphonesimulator/AppAuthCore.build/Objects-normal/x86_64/OIDAuthorizationRequest.dia -c /Users/hectorgarcia/Library/Developer/Xcode/DerivedData/Lyo-eagkiegzrakogpczynhkaholsscs/SourcePackages/checkouts/AppAuth-iOS/Sources/AppAuthCore/OIDAuthorizationRequest.m -o /Users/hectorgarcia/Library/Developer/Xcode/DerivedData/Build/Intermediates.noindex/AppAuth.build/Debug-iphonesimulator/AppAuthCore.build/Objects-normal/x86_64/OIDAuthorizationRequest.o -index-unit-output-path /AppAuth.build/Debug-iphonesimulator/AppAuthCore.build/Objects-normal/x86_64/OIDAuthorizationRequest.o

ScanDependencies /Users/hectorgarcia/Library/Developer/Xcode/DerivedData/Build/Intermediates.noindex/AppAuth.build/Debug-iphonesimulator/AppAuth.build/Objects-normal/x86_64/OIDRedirectHTTPHandler.o /Users/hectorgarcia/Library/Developer/Xcode/DerivedData/Lyo-eagkiegzrakogpczynhkaholsscs/SourcePackages/checkouts/AppAuth-iOS/Sources/AppAuth/macOS/OIDRedirectHTTPHandler.m normal x86_64 objective-c com.apple.compilers.llvm.clang.1_0.compiler (in target 'AppAuth' from project 'AppAuth')
    cd /Users/hectorgarcia/LYO_Da_ONE/Lyo.xcodeproj
    
    Using response file: /Users/hectorgarcia/Library/Developer/Xcode/DerivedData/Build/Intermediates.noindex/AppAuth.build/Debug-iphonesimulator/AppAuth.build/Objects-normal/x86_64/e6072d4f65d7061329687fe24e3d63a7-common-args.resp
    
    builtin-ScanDependencies -o /Users/hectorgarcia/Library/Developer/Xcode/DerivedData/Build/Intermediates.noindex/AppAuth.build/Debug-iphonesimulator/AppAuth.build/Objects-normal/x86_64/OIDRedirectHTTPHandler.o.scan -- /Users/hectorgarcia/Downloads/Xcode.app/Contents/Developer/Toolchains/XcodeDefault.xctoolchain/usr/bin/clang -x objective-c -ivfsstatcache /Users/hectorgarcia/Library/Developer/Xcode/DerivedData/SDKStatCaches.noindex/iphonesimulator26.2-23C53-823d3e8b6e60bc2018c189d3ca05ba9b.sdkstatcache -fmessage-length\=0 -fdiagnostics-show-note-include-stack -fmacro-backtrace-limit\=0 -fno-color-diagnostics -fmodules-prune-interval\=86400 -fmodules-prune-after\=345600 -fbuild-session-file\=/Users/hectorgarcia/Library/Developer/Xcode/DerivedData/ModuleCache.noindex/Session.modulevalidation -fmodules-validate-once-per-build-session -Wnon-modular-include-in-framework-module -Werror\=non-modular-include-in-framework-module -Wno-trigraphs -Wno-missing-field-initializers -Wno-missing-prototypes -Wno-return-type -Wno-implicit-atomic-properties -Wno-objc-interface-ivars -Wno-arc-repeated-use-of-weak -Wno-missing-braces -Wparentheses -Wswitch -Wno-unused-function -Wno-unused-label -Wno-unused-parameter -Wno-unused-variable -Wunused-value -Wno-empty-body -Wno-uninitialized -Wno-unknown-pragmas -w -Wno-shadow -Wno-four-char-constants -Wno-conversion -Wno-constant-conversion -Wno-int-conversion -Wno-bool-conversion -Wno-enum-conversion -Wno-float-conversion -Wno-non-literal-null-conversion -Wno-objc-literal-conversion -Wshorten-64-to-32 -Wpointer-sign -Wno-newline-eof -Wno-selector -Wno-strict-selector-match -Wno-undeclared-selector -Wno-deprecated-implementations -Wno-implicit-fallthrough -fstrict-aliasing -Wprotocol -Wdeprecated-declarations -Wno-sign-conversion -Wno-infinite-recursion -Wno-comma -Wno-block-capture-autoreleasing -Wno-strict-prototypes -Wno-semicolon-before-method-body -index-store-path /Users/hectorgarcia/Library/Developer/Xcode/DerivedData/Lyo-eagkiegzrakogpczynhkaholsscs/Index.noindex/DataStore @/Users/hectorgarcia/Library/Developer/Xcode/DerivedData/Build/Intermediates.noindex/AppAuth.build/Debug-iphonesimulator/AppAuth.build/Objects-normal/x86_64/e6072d4f65d7061329687fe24e3d63a7-common-args.resp -include /Users/hectorgarcia/Library/Developer/Xcode/DerivedData/Build/Intermediates.noindex/AppAuth.build/Debug-iphonesimulator/AppAuth.build/DerivedSources/resource_bundle_accessor.h -MMD -MT dependencies -MF /Users/hectorgarcia/Library/Developer/Xcode/DerivedData/Build/Intermediates.noindex/AppAuth.build/Debug-iphonesimulator/AppAuth.build/Objects-normal/x86_64/OIDRedirectHTTPHandler.d --serialize-diagnostics /Users/hectorgarcia/Library/Developer/Xcode/DerivedData/Build/Intermediates.noindex/AppAuth.build/Debug-iphonesimulator/AppAuth.build/Objects-normal/x86_64/OIDRedirectHTTPHandler.dia -c /Users/hectorgarcia/Library/Developer/Xcode/DerivedData/Lyo-eagkiegzrakogpczynhkaholsscs/SourcePackages/checkouts/AppAuth-iOS/Sources/AppAuth/macOS/OIDRedirectHTTPHandler.m -o /Users/hectorgarcia/Library/Developer/Xcode/DerivedData/Build/Intermediates.noindex/AppAuth.build/Debug-iphonesimulator/AppAuth.build/Objects-normal/x86_64/OIDRedirectHTTPHandler.o -index-unit-output-path /AppAuth.build/Debug-iphonesimulator/AppAuth.build/Objects-normal/x86_64/OIDRedirectHTTPHandler.o

CompileC /Users/hectorgarcia/Library/Developer/Xcode/DerivedData/Build/Intermediates.noindex/AppAuth.build/Debug-iphonesimulator/AppAuthCore.build/Objects-normal/x86_64/OIDAuthState.o /Users/hectorgarcia/Library/Developer/Xcode/DerivedData/Lyo-eagkiegzrakogpczynhkaholsscs/SourcePackages/checkouts/AppAuth-iOS/Sources/AppAuthCore/OIDAuthState.m normal x86_64 objective-c com.apple.compilers.llvm.clang.1_0.compiler (in target 'AppAuthCore' from project 'AppAuth')
    cd /Users/hectorgarcia/LYO_Da_ONE/Lyo.xcodeproj
    
    Using response file: /Users/hectorgarcia/Library/Developer/Xcode/DerivedData/Build/Intermediates.noindex/AppAuth.build/Debug-iphonesimulator/AppAuthCore.build/Objects-normal/x86_64/e6072d4f65d7061329687fe24e3d63a7-common-args.resp
    
    /Users/hectorgarcia/Downloads/Xcode.app/Contents/Developer/Toolchains/XcodeDefault.xctoolchain/usr/bin/clang -x objective-c -ivfsstatcache /Users/hectorgarcia/Library/Developer/Xcode/DerivedData/SDKStatCaches.noindex/iphonesimulator26.2-23C53-823d3e8b6e60bc2018c189d3ca05ba9b.sdkstatcache -fmessage-length\=0 -fdiagnostics-show-note-include-stack -fmacro-backtrace-limit\=0 -fno-color-diagnostics -fmodules-prune-interval\=86400 -fmodules-prune-after\=345600 -fbuild-session-file\=/Users/hectorgarcia/Library/Developer/Xcode/DerivedData/ModuleCache.noindex/Session.modulevalidation -fmodules-validate-once-per-build-session -Wnon-modular-include-in-framework-module -Werror\=non-modular-include-in-framework-module -Wno-trigraphs -Wno-missing-field-initializers -Wno-missing-prototypes -Wno-return-type -Wno-implicit-atomic-properties -Wno-objc-interface-ivars -Wno-arc-repeated-use-of-weak -Wno-missing-braces -Wparentheses -Wswitch -Wno-unused-function -Wno-unused-label -Wno-unused-parameter -Wno-unused-variable -Wunused-value -Wno-empty-body -Wno-uninitialized -Wno-unknown-pragmas -w -Wno-shadow -Wno-four-char-constants -Wno-conversion -Wno-constant-conversion -Wno-int-conversion -Wno-bool-conversion -Wno-enum-conversion -Wno-float-conversion -Wno-non-literal-null-conversion -Wno-objc-literal-conversion -Wshorten-64-to-32 -Wpointer-sign -Wno-newline-eof -Wno-selector -Wno-strict-selector-match -Wno-undeclared-selector -Wno-deprecated-implementations -Wno-implicit-fallthrough -fstrict-aliasing -Wprotocol -Wdeprecated-declarations -Wno-sign-conversion -Wno-infinite-recursion -Wno-comma -Wno-block-capture-autoreleasing -Wno-strict-prototypes -Wno-semicolon-before-method-body -index-store-path /Users/hectorgarcia/Library/Developer/Xcode/DerivedData/Lyo-eagkiegzrakogpczynhkaholsscs/Index.noindex/DataStore @/Users/hectorgarcia/Library/Developer/Xcode/DerivedData/Build/Intermediates.noindex/AppAuth.build/Debug-iphonesimulator/AppAuthCore.build/Objects-normal/x86_64/e6072d4f65d7061329687fe24e3d63a7-common-args.resp -include /Users/hectorgarcia/Library/Developer/Xcode/DerivedData/Build/Intermediates.noindex/AppAuth.build/Debug-iphonesimulator/AppAuthCore.build/DerivedSources/resource_bundle_accessor.h -MMD -MT dependencies -MF /Users/hectorgarcia/Library/Developer/Xcode/DerivedData/Build/Intermediates.noindex/AppAuth.build/Debug-iphonesimulator/AppAuthCore.build/Objects-normal/x86_64/OIDAuthState.d --serialize-diagnostics /Users/hectorgarcia/Library/Developer/Xcode/DerivedData/Build/Intermediates.noindex/AppAuth.build/Debug-iphonesimulator/AppAuthCore.build/Objects-normal/x86_64/OIDAuthState.dia -c /Users/hectorgarcia/Library/Developer/Xcode/DerivedData/Lyo-eagkiegzrakogpczynhkaholsscs/SourcePackages/checkouts/AppAuth-iOS/Sources/AppAuthCore/OIDAuthState.m -o /Users/hectorgarcia/Library/Developer/Xcode/DerivedData/Build/Intermediates.noindex/AppAuth.build/Debug-iphonesimulator/AppAuthCore.build/Objects-normal/x86_64/OIDAuthState.o -index-unit-output-path /AppAuth.build/Debug-iphonesimulator/AppAuthCore.build/Objects-normal/x86_64/OIDAuthState.o

CompileC /Users/hectorgarcia/Library/Developer/Xcode/DerivedData/Build/Intermediates.noindex/AppAuth.build/Debug-iphonesimulator/AppAuthCore.build/Objects-normal/x86_64/OIDAuthorizationService.o /Users/hectorgarcia/Library/Developer/Xcode/DerivedData/Lyo-eagkiegzrakogpczynhkaholsscs/SourcePackages/checkouts/AppAuth-iOS/Sources/AppAuthCore/OIDAuthorizationService.m normal x86_64 objective-c com.apple.compilers.llvm.clang.1_0.compiler (in target 'AppAuthCore' from project 'AppAuth')
    cd /Users/hectorgarcia/LYO_Da_ONE/Lyo.xcodeproj
    
    Using response file: /Users/hectorgarcia/Library/Developer/Xcode/DerivedData/Build/Intermediates.noindex/AppAuth.build/Debug-iphonesimulator/AppAuthCore.build/Objects-normal/x86_64/e6072d4f65d7061329687fe24e3d63a7-common-args.resp
    
    /Users/hectorgarcia/Downloads/Xcode.app/Contents/Developer/Toolchains/XcodeDefault.xctoolchain/usr/bin/clang -x objective-c -ivfsstatcache /Users/hectorgarcia/Library/Developer/Xcode/DerivedData/SDKStatCaches.noindex/iphonesimulator26.2-23C53-823d3e8b6e60bc2018c189d3ca05ba9b.sdkstatcache -fmessage-length\=0 -fdiagnostics-show-note-include-stack -fmacro-backtrace-limit\=0 -fno-color-diagnostics -fmodules-prune-interval\=86400 -fmodules-prune-after\=345600 -fbuild-session-file\=/Users/hectorgarcia/Library/Developer/Xcode/DerivedData/ModuleCache.noindex/Session.modulevalidation -fmodules-validate-once-per-build-session -Wnon-modular-include-in-framework-module -Werror\=non-modular-include-in-framework-module -Wno-trigraphs -Wno-missing-field-initializers -Wno-missing-prototypes -Wno-return-type -Wno-implicit-atomic-properties -Wno-objc-interface-ivars -Wno-arc-repeated-use-of-weak -Wno-missing-braces -Wparentheses -Wswitch -Wno-unused-function -Wno-unused-label -Wno-unused-parameter -Wno-unused-variable -Wunused-value -Wno-empty-body -Wno-uninitialized -Wno-unknown-pragmas -w -Wno-shadow -Wno-four-char-constants -Wno-conversion -Wno-constant-conversion -Wno-int-conversion -Wno-bool-conversion -Wno-enum-conversion -Wno-float-conversion -Wno-non-literal-null-conversion -Wno-objc-literal-conversion -Wshorten-64-to-32 -Wpointer-sign -Wno-newline-eof -Wno-selector -Wno-strict-selector-match -Wno-undeclared-selector -Wno-deprecated-implementations -Wno-implicit-fallthrough -fstrict-aliasing -Wprotocol -Wdeprecated-declarations -Wno-sign-conversion -Wno-infinite-recursion -Wno-comma -Wno-block-capture-autoreleasing -Wno-strict-prototypes -Wno-semicolon-before-method-body -index-store-path /Users/hectorgarcia/Library/Developer/Xcode/DerivedData/Lyo-eagkiegzrakogpczynhkaholsscs/Index.noindex/DataStore @/Users/hectorgarcia/Library/Developer/Xcode/DerivedData/Build/Intermediates.noindex/AppAuth.build/Debug-iphonesimulator/AppAuthCore.build/Objects-normal/x86_64/e6072d4f65d7061329687fe24e3d63a7-common-args.resp -include /Users/hectorgarcia/Library/Developer/Xcode/DerivedData/Build/Intermediates.noindex/AppAuth.build/Debug-iphonesimulator/AppAuthCore.build/DerivedSources/resource_bundle_accessor.h -MMD -MT dependencies -MF /Users/hectorgarcia/Library/Developer/Xcode/DerivedData/Build/Intermediates.noindex/AppAuth.build/Debug-iphonesimulator/AppAuthCore.build/Objects-normal/x86_64/OIDAuthorizationService.d --serialize-diagnostics /Users/hectorgarcia/Library/Developer/Xcode/DerivedData/Build/Intermediates.noindex/AppAuth.build/Debug-iphonesimulator/AppAuthCore.build/Objects-normal/x86_64/OIDAuthorizationService.dia -c /Users/hectorgarcia/Library/Developer/Xcode/DerivedData/Lyo-eagkiegzrakogpczynhkaholsscs/SourcePackages/checkouts/AppAuth-iOS/Sources/AppAuthCore/OIDAuthorizationService.m -o /Users/hectorgarcia/Library/Developer/Xcode/DerivedData/Build/Intermediates.noindex/AppAuth.build/Debug-iphonesimulator/AppAuthCore.build/Objects-normal/x86_64/OIDAuthorizationService.o -index-unit-output-path /AppAuth.build/Debug-iphonesimulator/AppAuthCore.build/Objects-normal/x86_64/OIDAuthorizationService.o

CompileC /Users/hectorgarcia/Library/Developer/Xcode/DerivedData/Build/Intermediates.noindex/AppAuth.build/Debug-iphonesimulator/AppAuthCore.build/Objects-normal/x86_64/OIDAuthorizationResponse.o /Users/hectorgarcia/Library/Developer/Xcode/DerivedData/Lyo-eagkiegzrakogpczynhkaholsscs/SourcePackages/checkouts/AppAuth-iOS/Sources/AppAuthCore/OIDAuthorizationResponse.m normal x86_64 objective-c com.apple.compilers.llvm.clang.1_0.compiler (in target 'AppAuthCore' from project 'AppAuth')
    cd /Users/hectorgarcia/LYO_Da_ONE/Lyo.xcodeproj
    
    Using response file: /Users/hectorgarcia/Library/Developer/Xcode/DerivedData/Build/Intermediates.noindex/AppAuth.build/Debug-iphonesimulator/AppAuthCore.build/Objects-normal/x86_64/e6072d4f65d7061329687fe24e3d63a7-common-args.resp
    
    /Users/hectorgarcia/Downloads/Xcode.app/Contents/Developer/Toolchains/XcodeDefault.xctoolchain/usr/bin/clang -x objective-c -ivfsstatcache /Users/hectorgarcia/Library/Developer/Xcode/DerivedData/SDKStatCaches.noindex/iphonesimulator26.2-23C53-823d3e8b6e60bc2018c189d3ca05ba9b.sdkstatcache -fmessage-length\=0 -fdiagnostics-show-note-include-stack -fmacro-backtrace-limit\=0 -fno-color-diagnostics -fmodules-prune-interval\=86400 -fmodules-prune-after\=345600 -fbuild-session-file\=/Users/hectorgarcia/Library/Developer/Xcode/DerivedData/ModuleCache.noindex/Session.modulevalidation -fmodules-validate-once-per-build-session -Wnon-modular-include-in-framework-module -Werror\=non-modular-include-in-framework-module -Wno-trigraphs -Wno-missing-field-initializers -Wno-missing-prototypes -Wno-return-type -Wno-implicit-atomic-properties -Wno-objc-interface-ivars -Wno-arc-repeated-use-of-weak -Wno-missing-braces -Wparentheses -Wswitch -Wno-unused-function -Wno-unused-label -Wno-unused-parameter -Wno-unused-variable -Wunused-value -Wno-empty-body -Wno-uninitialized -Wno-unknown-pragmas -w -Wno-shadow -Wno-four-char-constants -Wno-conversion -Wno-constant-conversion -Wno-int-conversion -Wno-bool-conversion -Wno-enum-conversion -Wno-float-conversion -Wno-non-literal-null-conversion -Wno-objc-literal-conversion -Wshorten-64-to-32 -Wpointer-sign -Wno-newline-eof -Wno-selector -Wno-strict-selector-match -Wno-undeclared-selector -Wno-deprecated-implementations -Wno-implicit-fallthrough -fstrict-aliasing -Wprotocol -Wdeprecated-declarations -Wno-sign-conversion -Wno-infinite-recursion -Wno-comma -Wno-block-capture-autoreleasing -Wno-strict-prototypes -Wno-semicolon-before-method-body -index-store-path /Users/hectorgarcia/Library/Developer/Xcode/DerivedData/Lyo-eagkiegzrakogpczynhkaholsscs/Index.noindex/DataStore @/Users/hectorgarcia/Library/Developer/Xcode/DerivedData/Build/Intermediates.noindex/AppAuth.build/Debug-iphonesimulator/AppAuthCore.build/Objects-normal/x86_64/e6072d4f65d7061329687fe24e3d63a7-common-args.resp -include /Users/hectorgarcia/Library/Developer/Xcode/DerivedData/Build/Intermediates.noindex/AppAuth.build/Debug-iphonesimulator/AppAuthCore.build/DerivedSources/resource_bundle_accessor.h -MMD -MT dependencies -MF /Users/hectorgarcia/Library/Developer/Xcode/DerivedData/Build/Intermediates.noindex/AppAuth.build/Debug-iphonesimulator/AppAuthCore.build/Objects-normal/x86_64/OIDAuthorizationResponse.d --serialize-diagnostics /Users/hectorgarcia/Library/Developer/Xcode/DerivedData/Build/Intermediates.noindex/AppAuth.build/Debug-iphonesimulator/AppAuthCore.build/Objects-normal/x86_64/OIDAuthorizationResponse.dia -c /Users/hectorgarcia/Library/Developer/Xcode/DerivedData/Lyo-eagkiegzrakogpczynhkaholsscs/SourcePackages/checkouts/AppAuth-iOS/Sources/AppAuthCore/OIDAuthorizationResponse.m -o /Users/hectorgarcia/Library/Developer/Xcode/DerivedData/Build/Intermediates.noindex/AppAuth.build/Debug-iphonesimulator/AppAuthCore.build/Objects-normal/x86_64/OIDAuthorizationResponse.o -index-unit-output-path /AppAuth.build/Debug-iphonesimulator/AppAuthCore.build/Objects-normal/x86_64/OIDAuthorizationResponse.o

ScanDependencies /Users/hectorgarcia/Library/Developer/Xcode/DerivedData/Build/Intermediates.noindex/AppAuth.build/Debug-iphonesimulator/AppAuth.build/Objects-normal/x86_64/OIDLoopbackHTTPServer.o /Users/hectorgarcia/Library/Developer/Xcode/DerivedData/Lyo-eagkiegzrakogpczynhkaholsscs/SourcePackages/checkouts/AppAuth-iOS/Sources/AppAuth/macOS/LoopbackHTTPServer/OIDLoopbackHTTPServer.m normal x86_64 objective-c com.apple.compilers.llvm.clang.1_0.compiler (in target 'AppAuth' from project 'AppAuth')
    cd /Users/hectorgarcia/LYO_Da_ONE/Lyo.xcodeproj
    
    Using response file: /Users/hectorgarcia/Library/Developer/Xcode/DerivedData/Build/Intermediates.noindex/AppAuth.build/Debug-iphonesimulator/AppAuth.build/Objects-normal/x86_64/e6072d4f65d7061329687fe24e3d63a7-common-args.resp
    
    builtin-ScanDependencies -o /Users/hectorgarcia/Library/Developer/Xcode/DerivedData/Build/Intermediates.noindex/AppAuth.build/Debug-iphonesimulator/AppAuth.build/Objects-normal/x86_64/OIDLoopbackHTTPServer.o.scan -- /Users/hectorgarcia/Downloads/Xcode.app/Contents/Developer/Toolchains/XcodeDefault.xctoolchain/usr/bin/clang -x objective-c -ivfsstatcache /Users/hectorgarcia/Library/Developer/Xcode/DerivedData/SDKStatCaches.noindex/iphonesimulator26.2-23C53-823d3e8b6e60bc2018c189d3ca05ba9b.sdkstatcache -fmessage-length\=0 -fdiagnostics-show-note-include-stack -fmacro-backtrace-limit\=0 -fno-color-diagnostics -fmodules-prune-interval\=86400 -fmodules-prune-after\=345600 -fbuild-session-file\=/Users/hectorgarcia/Library/Developer/Xcode/DerivedData/ModuleCache.noindex/Session.modulevalidation -fmodules-validate-once-per-build-session -Wnon-modular-include-in-framework-module -Werror\=non-modular-include-in-framework-module -Wno-trigraphs -Wno-missing-field-initializers -Wno-missing-prototypes -Wno-return-type -Wno-implicit-atomic-properties -Wno-objc-interface-ivars -Wno-arc-repeated-use-of-weak -Wno-missing-braces -Wparentheses -Wswitch -Wno-unused-function -Wno-unused-label -Wno-unused-parameter -Wno-unused-variable -Wunused-value -Wno-empty-body -Wno-uninitialized -Wno-unknown-pragmas -w -Wno-shadow -Wno-four-char-constants -Wno-conversion -Wno-constant-conversion -Wno-int-conversion -Wno-bool-conversion -Wno-enum-conversion -Wno-float-conversion -Wno-non-literal-null-conversion -Wno-objc-literal-conversion -Wshorten-64-to-32 -Wpointer-sign -Wno-newline-eof -Wno-selector -Wno-strict-selector-match -Wno-undeclared-selector -Wno-deprecated-implementations -Wno-implicit-fallthrough -fstrict-aliasing -Wprotocol -Wdeprecated-declarations -Wno-sign-conversion -Wno-infinite-recursion -Wno-comma -Wno-block-capture-autoreleasing -Wno-strict-prototypes -Wno-semicolon-before-method-body -index-store-path /Users/hectorgarcia/Library/Developer/Xcode/DerivedData/Lyo-eagkiegzrakogpczynhkaholsscs/Index.noindex/DataStore @/Users/hectorgarcia/Library/Developer/Xcode/DerivedData/Build/Intermediates.noindex/AppAuth.build/Debug-iphonesimulator/AppAuth.build/Objects-normal/x86_64/e6072d4f65d7061329687fe24e3d63a7-common-args.resp -include /Users/hectorgarcia/Library/Developer/Xcode/DerivedData/Build/Intermediates.noindex/AppAuth.build/Debug-iphonesimulator/AppAuth.build/DerivedSources/resource_bundle_accessor.h -MMD -MT dependencies -MF /Users/hectorgarcia/Library/Developer/Xcode/DerivedData/Build/Intermediates.noindex/AppAuth.build/Debug-iphonesimulator/AppAuth.build/Objects-normal/x86_64/OIDLoopbackHTTPServer.d --serialize-diagnostics /Users/hectorgarcia/Library/Developer/Xcode/DerivedData/Build/Intermediates.noindex/AppAuth.build/Debug-iphonesimulator/AppAuth.build/Objects-normal/x86_64/OIDLoopbackHTTPServer.dia -c /Users/hectorgarcia/Library/Developer/Xcode/DerivedData/Lyo-eagkiegzrakogpczynhkaholsscs/SourcePackages/checkouts/AppAuth-iOS/Sources/AppAuth/macOS/LoopbackHTTPServer/OIDLoopbackHTTPServer.m -o /Users/hectorgarcia/Library/Developer/Xcode/DerivedData/Build/Intermediates.noindex/AppAuth.build/Debug-iphonesimulator/AppAuth.build/Objects-normal/x86_64/OIDLoopbackHTTPServer.o -index-unit-output-path /AppAuth.build/Debug-iphonesimulator/AppAuth.build/Objects-normal/x86_64/OIDLoopbackHTTPServer.o

ScanDependencies /Users/hectorgarcia/Library/Developer/Xcode/DerivedData/Build/Intermediates.noindex/AppAuth.build/Debug-iphonesimulator/AppAuth.build/Objects-normal/x86_64/OIDExternalUserAgentMac.o /Users/hectorgarcia/Library/Developer/Xcode/DerivedData/Lyo-eagkiegzrakogpczynhkaholsscs/SourcePackages/checkouts/AppAuth-iOS/Sources/AppAuth/macOS/OIDExternalUserAgentMac.m normal x86_64 objective-c com.apple.compilers.llvm.clang.1_0.compiler (in target 'AppAuth' from project 'AppAuth')
    cd /Users/hectorgarcia/LYO_Da_ONE/Lyo.xcodeproj
    
    Using response file: /Users/hectorgarcia/Library/Developer/Xcode/DerivedData/Build/Intermediates.noindex/AppAuth.build/Debug-iphonesimulator/AppAuth.build/Objects-normal/x86_64/e6072d4f65d7061329687fe24e3d63a7-common-args.resp
    
    builtin-ScanDependencies -o /Users/hectorgarcia/Library/Developer/Xcode/DerivedData/Build/Intermediates.noindex/AppAuth.build/Debug-iphonesimulator/AppAuth.build/Objects-normal/x86_64/OIDExternalUserAgentMac.o.scan -- /Users/hectorgarcia/Downloads/Xcode.app/Contents/Developer/Toolchains/XcodeDefault.xctoolchain/usr/bin/clang -x objective-c -ivfsstatcache /Users/hectorgarcia/Library/Developer/Xcode/DerivedData/SDKStatCaches.noindex/iphonesimulator26.2-23C53-823d3e8b6e60bc2018c189d3ca05ba9b.sdkstatcache -fmessage-length\=0 -fdiagnostics-show-note-include-stack -fmacro-backtrace-limit\=0 -fno-color-diagnostics -fmodules-prune-interval\=86400 -fmodules-prune-after\=345600 -fbuild-session-file\=/Users/hectorgarcia/Library/Developer/Xcode/DerivedData/ModuleCache.noindex/Session.modulevalidation -fmodules-validate-once-per-build-session -Wnon-modular-include-in-framework-module -Werror\=non-modular-include-in-framework-module -Wno-trigraphs -Wno-missing-field-initializers -Wno-missing-prototypes -Wno-return-type -Wno-implicit-atomic-properties -Wno-objc-interface-ivars -Wno-arc-repeated-use-of-weak -Wno-missing-braces -Wparentheses -Wswitch -Wno-unused-function -Wno-unused-label -Wno-unused-parameter -Wno-unused-variable -Wunused-value -Wno-empty-body -Wno-uninitialized -Wno-unknown-pragmas -w -Wno-shadow -Wno-four-char-constants -Wno-conversion -Wno-constant-conversion -Wno-int-conversion -Wno-bool-conversion -Wno-enum-conversion -Wno-float-conversion -Wno-non-literal-null-conversion -Wno-objc-literal-conversion -Wshorten-64-to-32 -Wpointer-sign -Wno-newline-eof -Wno-selector -Wno-strict-selector-match -Wno-undeclared-selector -Wno-deprecated-implementations -Wno-implicit-fallthrough -fstrict-aliasing -Wprotocol -Wdeprecated-declarations -Wno-sign-conversion -Wno-infinite-recursion -Wno-comma -Wno-block-capture-autoreleasing -Wno-strict-prototypes -Wno-semicolon-before-method-body -index-store-path /Users/hectorgarcia/Library/Developer/Xcode/DerivedData/Lyo-eagkiegzrakogpczynhkaholsscs/Index.noindex/DataStore @/Users/hectorgarcia/Library/Developer/Xcode/DerivedData/Build/Intermediates.noindex/AppAuth.build/Debug-iphonesimulator/AppAuth.build/Objects-normal/x86_64/e6072d4f65d7061329687fe24e3d63a7-common-args.resp -include /Users/hectorgarcia/Library/Developer/Xcode/DerivedData/Build/Intermediates.noindex/AppAuth.build/Debug-iphonesimulator/AppAuth.build/DerivedSources/resource_bundle_accessor.h -MMD -MT dependencies -MF /Users/hectorgarcia/Library/Developer/Xcode/DerivedData/Build/Intermediates.noindex/AppAuth.build/Debug-iphonesimulator/AppAuth.build/Objects-normal/x86_64/OIDExternalUserAgentMac.d --serialize-diagnostics /Users/hectorgarcia/Library/Developer/Xcode/DerivedData/Build/Intermediates.noindex/AppAuth.build/Debug-iphonesimulator/AppAuth.build/Objects-normal/x86_64/OIDExternalUserAgentMac.dia -c /Users/hectorgarcia/Library/Developer/Xcode/DerivedData/Lyo-eagkiegzrakogpczynhkaholsscs/SourcePackages/checkouts/AppAuth-iOS/Sources/AppAuth/macOS/OIDExternalUserAgentMac.m -o /Users/hectorgarcia/Library/Developer/Xcode/DerivedData/Build/Intermediates.noindex/AppAuth.build/Debug-iphonesimulator/AppAuth.build/Objects-normal/x86_64/OIDExternalUserAgentMac.o -index-unit-output-path /AppAuth.build/Debug-iphonesimulator/AppAuth.build/Objects-normal/x86_64/OIDExternalUserAgentMac.o

CompileC /Users/hectorgarcia/Library/Developer/Xcode/DerivedData/Build/Intermediates.noindex/AppAuth.build/Debug-iphonesimulator/AppAuth.build/Objects-normal/x86_64/OIDRedirectHTTPHandler.o /Users/hectorgarcia/Library/Developer/Xcode/DerivedData/Lyo-eagkiegzrakogpczynhkaholsscs/SourcePackages/checkouts/AppAuth-iOS/Sources/AppAuth/macOS/OIDRedirectHTTPHandler.m normal x86_64 objective-c com.apple.compilers.llvm.clang.1_0.compiler (in target 'AppAuth' from project 'AppAuth')
    cd /Users/hectorgarcia/LYO_Da_ONE/Lyo.xcodeproj
    
    Using response file: /Users/hectorgarcia/Library/Developer/Xcode/DerivedData/Build/Intermediates.noindex/AppAuth.build/Debug-iphonesimulator/AppAuth.build/Objects-normal/x86_64/e6072d4f65d7061329687fe24e3d63a7-common-args.resp
    
    /Users/hectorgarcia/Downloads/Xcode.app/Contents/Developer/Toolchains/XcodeDefault.xctoolchain/usr/bin/clang -x objective-c -ivfsstatcache /Users/hectorgarcia/Library/Developer/Xcode/DerivedData/SDKStatCaches.noindex/iphonesimulator26.2-23C53-823d3e8b6e60bc2018c189d3ca05ba9b.sdkstatcache -fmessage-length\=0 -fdiagnostics-show-note-include-stack -fmacro-backtrace-limit\=0 -fno-color-diagnostics -fmodules-prune-interval\=86400 -fmodules-prune-after\=345600 -fbuild-session-file\=/Users/hectorgarcia/Library/Developer/Xcode/DerivedData/ModuleCache.noindex/Session.modulevalidation -fmodules-validate-once-per-build-session -Wnon-modular-include-in-framework-module -Werror\=non-modular-include-in-framework-module -Wno-trigraphs -Wno-missing-field-initializers -Wno-missing-prototypes -Wno-return-type -Wno-implicit-atomic-properties -Wno-objc-interface-ivars -Wno-arc-repeated-use-of-weak -Wno-missing-braces -Wparentheses -Wswitch -Wno-unused-function -Wno-unused-label -Wno-unused-parameter -Wno-unused-variable -Wunused-value -Wno-empty-body -Wno-uninitialized -Wno-unknown-pragmas -w -Wno-shadow -Wno-four-char-constants -Wno-conversion -Wno-constant-conversion -Wno-int-conversion -Wno-bool-conversion -Wno-enum-conversion -Wno-float-conversion -Wno-non-literal-null-conversion -Wno-objc-literal-conversion -Wshorten-64-to-32 -Wpointer-sign -Wno-newline-eof -Wno-selector -Wno-strict-selector-match -Wno-undeclared-selector -Wno-deprecated-implementations -Wno-implicit-fallthrough -fstrict-aliasing -Wprotocol -Wdeprecated-declarations -Wno-sign-conversion -Wno-infinite-recursion -Wno-comma -Wno-block-capture-autoreleasing -Wno-strict-prototypes -Wno-semicolon-before-method-body -index-store-path /Users/hectorgarcia/Library/Developer/Xcode/DerivedData/Lyo-eagkiegzrakogpczynhkaholsscs/Index.noindex/DataStore @/Users/hectorgarcia/Library/Developer/Xcode/DerivedData/Build/Intermediates.noindex/AppAuth.build/Debug-iphonesimulator/AppAuth.build/Objects-normal/x86_64/e6072d4f65d7061329687fe24e3d63a7-common-args.resp -include /Users/hectorgarcia/Library/Developer/Xcode/DerivedData/Build/Intermediates.noindex/AppAuth.build/Debug-iphonesimulator/AppAuth.build/DerivedSources/resource_bundle_accessor.h -MMD -MT dependencies -MF /Users/hectorgarcia/Library/Developer/Xcode/DerivedData/Build/Intermediates.noindex/AppAuth.build/Debug-iphonesimulator/AppAuth.build/Objects-normal/x86_64/OIDRedirectHTTPHandler.d --serialize-diagnostics /Users/hectorgarcia/Library/Developer/Xcode/DerivedData/Build/Intermediates.noindex/AppAuth.build/Debug-iphonesimulator/AppAuth.build/Objects-normal/x86_64/OIDRedirectHTTPHandler.dia -c /Users/hectorgarcia/Library/Developer/Xcode/DerivedData/Lyo-eagkiegzrakogpczynhkaholsscs/SourcePackages/checkouts/AppAuth-iOS/Sources/AppAuth/macOS/OIDRedirectHTTPHandler.m -o /Users/hectorgarcia/Library/Developer/Xcode/DerivedData/Build/Intermediates.noindex/AppAuth.build/Debug-iphonesimulator/AppAuth.build/Objects-normal/x86_64/OIDRedirectHTTPHandler.o -index-unit-output-path /AppAuth.build/Debug-iphonesimulator/AppAuth.build/Objects-normal/x86_64/OIDRedirectHTTPHandler.o

CompileC /Users/hectorgarcia/Library/Developer/Xcode/DerivedData/Build/Intermediates.noindex/AppAuth.build/Debug-iphonesimulator/AppAuth.build/Objects-normal/x86_64/resource_bundle_accessor.o /Users/hectorgarcia/Library/Developer/Xcode/DerivedData/Build/Intermediates.noindex/AppAuth.build/Debug-iphonesimulator/AppAuth.build/DerivedSources/resource_bundle_accessor.m normal x86_64 objective-c com.apple.compilers.llvm.clang.1_0.compiler (in target 'AppAuth' from project 'AppAuth')
    cd /Users/hectorgarcia/LYO_Da_ONE/Lyo.xcodeproj
    
    Using response file: /Users/hectorgarcia/Library/Developer/Xcode/DerivedData/Build/Intermediates.noindex/AppAuth.build/Debug-iphonesimulator/AppAuth.build/Objects-normal/x86_64/e6072d4f65d7061329687fe24e3d63a7-common-args.resp
    
    /Users/hectorgarcia/Downloads/Xcode.app/Contents/Developer/Toolchains/XcodeDefault.xctoolchain/usr/bin/clang -x objective-c -ivfsstatcache /Users/hectorgarcia/Library/Developer/Xcode/DerivedData/SDKStatCaches.noindex/iphonesimulator26.2-23C53-823d3e8b6e60bc2018c189d3ca05ba9b.sdkstatcache -fmessage-length\=0 -fdiagnostics-show-note-include-stack -fmacro-backtrace-limit\=0 -fno-color-diagnostics -fmodules-prune-interval\=86400 -fmodules-prune-after\=345600 -fbuild-session-file\=/Users/hectorgarcia/Library/Developer/Xcode/DerivedData/ModuleCache.noindex/Session.modulevalidation -fmodules-validate-once-per-build-session -Wnon-modular-include-in-framework-module -Werror\=non-modular-include-in-framework-module -Wno-trigraphs -Wno-missing-field-initializers -Wno-missing-prototypes -Wno-return-type -Wno-implicit-atomic-properties -Wno-objc-interface-ivars -Wno-arc-repeated-use-of-weak -Wno-missing-braces -Wparentheses -Wswitch -Wno-unused-function -Wno-unused-label -Wno-unused-parameter -Wno-unused-variable -Wunused-value -Wno-empty-body -Wno-uninitialized -Wno-unknown-pragmas -w -Wno-shadow -Wno-four-char-constants -Wno-conversion -Wno-constant-conversion -Wno-int-conversion -Wno-bool-conversion -Wno-enum-conversion -Wno-float-conversion -Wno-non-literal-null-conversion -Wno-objc-literal-conversion -Wshorten-64-to-32 -Wpointer-sign -Wno-newline-eof -Wno-selector -Wno-strict-selector-match -Wno-undeclared-selector -Wno-deprecated-implementations -Wno-implicit-fallthrough -fstrict-aliasing -Wprotocol -Wdeprecated-declarations -Wno-sign-conversion -Wno-infinite-recursion -Wno-comma -Wno-block-capture-autoreleasing -Wno-strict-prototypes -Wno-semicolon-before-method-body -index-store-path /Users/hectorgarcia/Library/Developer/Xcode/DerivedData/Lyo-eagkiegzrakogpczynhkaholsscs/Index.noindex/DataStore @/Users/hectorgarcia/Library/Developer/Xcode/DerivedData/Build/Intermediates.noindex/AppAuth.build/Debug-iphonesimulator/AppAuth.build/Objects-normal/x86_64/e6072d4f65d7061329687fe24e3d63a7-common-args.resp -include /Users/hectorgarcia/Library/Developer/Xcode/DerivedData/Build/Intermediates.noindex/AppAuth.build/Debug-iphonesimulator/AppAuth.build/DerivedSources/resource_bundle_accessor.h -MMD -MT dependencies -MF /Users/hectorgarcia/Library/Developer/Xcode/DerivedData/Build/Intermediates.noindex/AppAuth.build/Debug-iphonesimulator/AppAuth.build/Objects-normal/x86_64/resource_bundle_accessor.d --serialize-diagnostics /Users/hectorgarcia/Library/Developer/Xcode/DerivedData/Build/Intermediates.noindex/AppAuth.build/Debug-iphonesimulator/AppAuth.build/Objects-normal/x86_64/resource_bundle_accessor.dia -c /Users/hectorgarcia/Library/Developer/Xcode/DerivedData/Build/Intermediates.noindex/AppAuth.build/Debug-iphonesimulator/AppAuth.build/DerivedSources/resource_bundle_accessor.m -o /Users/hectorgarcia/Library/Developer/Xcode/DerivedData/Build/Intermediates.noindex/AppAuth.build/Debug-iphonesimulator/AppAuth.build/Objects-normal/x86_64/resource_bundle_accessor.o -index-unit-output-path /AppAuth.build/Debug-iphonesimulator/AppAuth.build/Objects-normal/x86_64/resource_bundle_accessor.o

ScanDependencies /Users/hectorgarcia/Library/Developer/Xcode/DerivedData/Build/Intermediates.noindex/AppAuth.build/Debug-iphonesimulator/AppAuth.build/Objects-normal/x86_64/OIDExternalUserAgentIOSCustomBrowser.o /Users/hectorgarcia/Library/Developer/Xcode/DerivedData/Lyo-eagkiegzrakogpczynhkaholsscs/SourcePackages/checkouts/AppAuth-iOS/Sources/AppAuth/iOS/OIDExternalUserAgentIOSCustomBrowser.m normal x86_64 objective-c com.apple.compilers.llvm.clang.1_0.compiler (in target 'AppAuth' from project 'AppAuth')
    cd /Users/hectorgarcia/LYO_Da_ONE/Lyo.xcodeproj
    
    Using response file: /Users/hectorgarcia/Library/Developer/Xcode/DerivedData/Build/Intermediates.noindex/AppAuth.build/Debug-iphonesimulator/AppAuth.build/Objects-normal/x86_64/e6072d4f65d7061329687fe24e3d63a7-common-args.resp
    
    builtin-ScanDependencies -o /Users/hectorgarcia/Library/Developer/Xcode/DerivedData/Build/Intermediates.noindex/AppAuth.build/Debug-iphonesimulator/AppAuth.build/Objects-normal/x86_64/OIDExternalUserAgentIOSCustomBrowser.o.scan -- /Users/hectorgarcia/Downloads/Xcode.app/Contents/Developer/Toolchains/XcodeDefault.xctoolchain/usr/bin/clang -x objective-c -ivfsstatcache /Users/hectorgarcia/Library/Developer/Xcode/DerivedData/SDKStatCaches.noindex/iphonesimulator26.2-23C53-823d3e8b6e60bc2018c189d3ca05ba9b.sdkstatcache -fmessage-length\=0 -fdiagnostics-show-note-include-stack -fmacro-backtrace-limit\=0 -fno-color-diagnostics -fmodules-prune-interval\=86400 -fmodules-prune-after\=345600 -fbuild-session-file\=/Users/hectorgarcia/Library/Developer/Xcode/DerivedData/ModuleCache.noindex/Session.modulevalidation -fmodules-validate-once-per-build-session -Wnon-modular-include-in-framework-module -Werror\=non-modular-include-in-framework-module -Wno-trigraphs -Wno-missing-field-initializers -Wno-missing-prototypes -Wno-return-type -Wno-implicit-atomic-properties -Wno-objc-interface-ivars -Wno-arc-repeated-use-of-weak -Wno-missing-braces -Wparentheses -Wswitch -Wno-unused-function -Wno-unused-label -Wno-unused-parameter -Wno-unused-variable -Wunused-value -Wno-empty-body -Wno-uninitialized -Wno-unknown-pragmas -w -Wno-shadow -Wno-four-char-constants -Wno-conversion -Wno-constant-conversion -Wno-int-conversion -Wno-bool-conversion -Wno-enum-conversion -Wno-float-conversion -Wno-non-literal-null-conversion -Wno-objc-literal-conversion -Wshorten-64-to-32 -Wpointer-sign -Wno-newline-eof -Wno-selector -Wno-strict-selector-match -Wno-undeclared-selector -Wno-deprecated-implementations -Wno-implicit-fallthrough -fstrict-aliasing -Wprotocol -Wdeprecated-declarations -Wno-sign-conversion -Wno-infinite-recursion -Wno-comma -Wno-block-capture-autoreleasing -Wno-strict-prototypes -Wno-semicolon-before-method-body -index-store-path /Users/hectorgarcia/Library/Developer/Xcode/DerivedData/Lyo-eagkiegzrakogpczynhkaholsscs/Index.noindex/DataStore @/Users/hectorgarcia/Library/Developer/Xcode/DerivedData/Build/Intermediates.noindex/AppAuth.build/Debug-iphonesimulator/AppAuth.build/Objects-normal/x86_64/e6072d4f65d7061329687fe24e3d63a7-common-args.resp -include /Users/hectorgarcia/Library/Developer/Xcode/DerivedData/Build/Intermediates.noindex/AppAuth.build/Debug-iphonesimulator/AppAuth.build/DerivedSources/resource_bundle_accessor.h -MMD -MT dependencies -MF /Users/hectorgarcia/Library/Developer/Xcode/DerivedData/Build/Intermediates.noindex/AppAuth.build/Debug-iphonesimulator/AppAuth.build/Objects-normal/x86_64/OIDExternalUserAgentIOSCustomBrowser.d --serialize-diagnostics /Users/hectorgarcia/Library/Developer/Xcode/DerivedData/Build/Intermediates.noindex/AppAuth.build/Debug-iphonesimulator/AppAuth.build/Objects-normal/x86_64/OIDExternalUserAgentIOSCustomBrowser.dia -c /Users/hectorgarcia/Library/Developer/Xcode/DerivedData/Lyo-eagkiegzrakogpczynhkaholsscs/SourcePackages/checkouts/AppAuth-iOS/Sources/AppAuth/iOS/OIDExternalUserAgentIOSCustomBrowser.m -o /Users/hectorgarcia/Library/Developer/Xcode/DerivedData/Build/Intermediates.noindex/AppAuth.build/Debug-iphonesimulator/AppAuth.build/Objects-normal/x86_64/OIDExternalUserAgentIOSCustomBrowser.o -index-unit-output-path /AppAuth.build/Debug-iphonesimulator/AppAuth.build/Objects-normal/x86_64/OIDExternalUserAgentIOSCustomBrowser.o

CompileC /Users/hectorgarcia/Library/Developer/Xcode/DerivedData/Build/Intermediates.noindex/AppAuth.build/Debug-iphonesimulator/AppAuth.build/Objects-normal/x86_64/OIDLoopbackHTTPServer.o /Users/hectorgarcia/Library/Developer/Xcode/DerivedData/Lyo-eagkiegzrakogpczynhkaholsscs/SourcePackages/checkouts/AppAuth-iOS/Sources/AppAuth/macOS/LoopbackHTTPServer/OIDLoopbackHTTPServer.m normal x86_64 objective-c com.apple.compilers.llvm.clang.1_0.compiler (in target 'AppAuth' from project 'AppAuth')
    cd /Users/hectorgarcia/LYO_Da_ONE/Lyo.xcodeproj
    
    Using response file: /Users/hectorgarcia/Library/Developer/Xcode/DerivedData/Build/Intermediates.noindex/AppAuth.build/Debug-iphonesimulator/AppAuth.build/Objects-normal/x86_64/e6072d4f65d7061329687fe24e3d63a7-common-args.resp
    
    /Users/hectorgarcia/Downloads/Xcode.app/Contents/Developer/Toolchains/XcodeDefault.xctoolchain/usr/bin/clang -x objective-c -ivfsstatcache /Users/hectorgarcia/Library/Developer/Xcode/DerivedData/SDKStatCaches.noindex/iphonesimulator26.2-23C53-823d3e8b6e60bc2018c189d3ca05ba9b.sdkstatcache -fmessage-length\=0 -fdiagnostics-show-note-include-stack -fmacro-backtrace-limit\=0 -fno-color-diagnostics -fmodules-prune-interval\=86400 -fmodules-prune-after\=345600 -fbuild-session-file\=/Users/hectorgarcia/Library/Developer/Xcode/DerivedData/ModuleCache.noindex/Session.modulevalidation -fmodules-validate-once-per-build-session -Wnon-modular-include-in-framework-module -Werror\=non-modular-include-in-framework-module -Wno-trigraphs -Wno-missing-field-initializers -Wno-missing-prototypes -Wno-return-type -Wno-implicit-atomic-properties -Wno-objc-interface-ivars -Wno-arc-repeated-use-of-weak -Wno-missing-braces -Wparentheses -Wswitch -Wno-unused-function -Wno-unused-label -Wno-unused-parameter -Wno-unused-variable -Wunused-value -Wno-empty-body -Wno-uninitialized -Wno-unknown-pragmas -w -Wno-shadow -Wno-four-char-constants -Wno-conversion -Wno-constant-conversion -Wno-int-conversion -Wno-bool-conversion -Wno-enum-conversion -Wno-float-conversion -Wno-non-literal-null-conversion -Wno-objc-literal-conversion -Wshorten-64-to-32 -Wpointer-sign -Wno-newline-eof -Wno-selector -Wno-strict-selector-match -Wno-undeclared-selector -Wno-deprecated-implementations -Wno-implicit-fallthrough -fstrict-aliasing -Wprotocol -Wdeprecated-declarations -Wno-sign-conversion -Wno-infinite-recursion -Wno-comma -Wno-block-capture-autoreleasing -Wno-strict-prototypes -Wno-semicolon-before-method-body -index-store-path /Users/hectorgarcia/Library/Developer/Xcode/DerivedData/Lyo-eagkiegzrakogpczynhkaholsscs/Index.noindex/DataStore @/Users/hectorgarcia/Library/Developer/Xcode/DerivedData/Build/Intermediates.noindex/AppAuth.build/Debug-iphonesimulator/AppAuth.build/Objects-normal/x86_64/e6072d4f65d7061329687fe24e3d63a7-common-args.resp -include /Users/hectorgarcia/Library/Developer/Xcode/DerivedData/Build/Intermediates.noindex/AppAuth.build/Debug-iphonesimulator/AppAuth.build/DerivedSources/resource_bundle_accessor.h -MMD -MT dependencies -MF /Users/hectorgarcia/Library/Developer/Xcode/DerivedData/Build/Intermediates.noindex/AppAuth.build/Debug-iphonesimulator/AppAuth.build/Objects-normal/x86_64/OIDLoopbackHTTPServer.d --serialize-diagnostics /Users/hectorgarcia/Library/Developer/Xcode/DerivedData/Build/Intermediates.noindex/AppAuth.build/Debug-iphonesimulator/AppAuth.build/Objects-normal/x86_64/OIDLoopbackHTTPServer.dia -c /Users/hectorgarcia/Library/Developer/Xcode/DerivedData/Lyo-eagkiegzrakogpczynhkaholsscs/SourcePackages/checkouts/AppAuth-iOS/Sources/AppAuth/macOS/LoopbackHTTPServer/OIDLoopbackHTTPServer.m -o /Users/hectorgarcia/Library/Developer/Xcode/DerivedData/Build/Intermediates.noindex/AppAuth.build/Debug-iphonesimulator/AppAuth.build/Objects-normal/x86_64/OIDLoopbackHTTPServer.o -index-unit-output-path /AppAuth.build/Debug-iphonesimulator/AppAuth.build/Objects-normal/x86_64/OIDLoopbackHTTPServer.o

CompileC /Users/hectorgarcia/Library/Developer/Xcode/DerivedData/Build/Intermediates.noindex/AppAuth.build/Debug-iphonesimulator/AppAuth.build/Objects-normal/x86_64/OIDExternalUserAgentMac.o /Users/hectorgarcia/Library/Developer/Xcode/DerivedData/Lyo-eagkiegzrakogpczynhkaholsscs/SourcePackages/checkouts/AppAuth-iOS/Sources/AppAuth/macOS/OIDExternalUserAgentMac.m normal x86_64 objective-c com.apple.compilers.llvm.clang.1_0.compiler (in target 'AppAuth' from project 'AppAuth')
    cd /Users/hectorgarcia/LYO_Da_ONE/Lyo.xcodeproj
    
    Using response file: /Users/hectorgarcia/Library/Developer/Xcode/DerivedData/Build/Intermediates.noindex/AppAuth.build/Debug-iphonesimulator/AppAuth.build/Objects-normal/x86_64/e6072d4f65d7061329687fe24e3d63a7-common-args.resp
    
    /Users/hectorgarcia/Downloads/Xcode.app/Contents/Developer/Toolchains/XcodeDefault.xctoolchain/usr/bin/clang -x objective-c -ivfsstatcache /Users/hectorgarcia/Library/Developer/Xcode/DerivedData/SDKStatCaches.noindex/iphonesimulator26.2-23C53-823d3e8b6e60bc2018c189d3ca05ba9b.sdkstatcache -fmessage-length\=0 -fdiagnostics-show-note-include-stack -fmacro-backtrace-limit\=0 -fno-color-diagnostics -fmodules-prune-interval\=86400 -fmodules-prune-after\=345600 -fbuild-session-file\=/Users/hectorgarcia/Library/Developer/Xcode/DerivedData/ModuleCache.noindex/Session.modulevalidation -fmodules-validate-once-per-build-session -Wnon-modular-include-in-framework-module -Werror\=non-modular-include-in-framework-module -Wno-trigraphs -Wno-missing-field-initializers -Wno-missing-prototypes -Wno-return-type -Wno-implicit-atomic-properties -Wno-objc-interface-ivars -Wno-arc-repeated-use-of-weak -Wno-missing-braces -Wparentheses -Wswitch -Wno-unused-function -Wno-unused-label -Wno-unused-parameter -Wno-unused-variable -Wunused-value -Wno-empty-body -Wno-uninitialized -Wno-unknown-pragmas -w -Wno-shadow -Wno-four-char-constants -Wno-conversion -Wno-constant-conversion -Wno-int-conversion -Wno-bool-conversion -Wno-enum-conversion -Wno-float-conversion -Wno-non-literal-null-conversion -Wno-objc-literal-conversion -Wshorten-64-to-32 -Wpointer-sign -Wno-newline-eof -Wno-selector -Wno-strict-selector-match -Wno-undeclared-selector -Wno-deprecated-implementations -Wno-implicit-fallthrough -fstrict-aliasing -Wprotocol -Wdeprecated-declarations -Wno-sign-conversion -Wno-infinite-recursion -Wno-comma -Wno-block-capture-autoreleasing -Wno-strict-prototypes -Wno-semicolon-before-method-body -index-store-path /Users/hectorgarcia/Library/Developer/Xcode/DerivedData/Lyo-eagkiegzrakogpczynhkaholsscs/Index.noindex/DataStore @/Users/hectorgarcia/Library/Developer/Xcode/DerivedData/Build/Intermediates.noindex/AppAuth.build/Debug-iphonesimulator/AppAuth.build/Objects-normal/x86_64/e6072d4f65d7061329687fe24e3d63a7-common-args.resp -include /Users/hectorgarcia/Library/Developer/Xcode/DerivedData/Build/Intermediates.noindex/AppAuth.build/Debug-iphonesimulator/AppAuth.build/DerivedSources/resource_bundle_accessor.h -MMD -MT dependencies -MF /Users/hectorgarcia/Library/Developer/Xcode/DerivedData/Build/Intermediates.noindex/AppAuth.build/Debug-iphonesimulator/AppAuth.build/Objects-normal/x86_64/OIDExternalUserAgentMac.d --serialize-diagnostics /Users/hectorgarcia/Library/Developer/Xcode/DerivedData/Build/Intermediates.noindex/AppAuth.build/Debug-iphonesimulator/AppAuth.build/Objects-normal/x86_64/OIDExternalUserAgentMac.dia -c /Users/hectorgarcia/Library/Developer/Xcode/DerivedData/Lyo-eagkiegzrakogpczynhkaholsscs/SourcePackages/checkouts/AppAuth-iOS/Sources/AppAuth/macOS/OIDExternalUserAgentMac.m -o /Users/hectorgarcia/Library/Developer/Xcode/DerivedData/Build/Intermediates.noindex/AppAuth.build/Debug-iphonesimulator/AppAuth.build/Objects-normal/x86_64/OIDExternalUserAgentMac.o -index-unit-output-path /AppAuth.build/Debug-iphonesimulator/AppAuth.build/Objects-normal/x86_64/OIDExternalUserAgentMac.o

ScanDependencies /Users/hectorgarcia/Library/Developer/Xcode/DerivedData/Build/Intermediates.noindex/AppAuth.build/Debug-iphonesimulator/AppAuth.build/Objects-normal/x86_64/OIDExternalUserAgentIOS.o /Users/hectorgarcia/Library/Developer/Xcode/DerivedData/Lyo-eagkiegzrakogpczynhkaholsscs/SourcePackages/checkouts/AppAuth-iOS/Sources/AppAuth/iOS/OIDExternalUserAgentIOS.m normal x86_64 objective-c com.apple.compilers.llvm.clang.1_0.compiler (in target 'AppAuth' from project 'AppAuth')
    cd /Users/hectorgarcia/LYO_Da_ONE/Lyo.xcodeproj
    
    Using response file: /Users/hectorgarcia/Library/Developer/Xcode/DerivedData/Build/Intermediates.noindex/AppAuth.build/Debug-iphonesimulator/AppAuth.build/Objects-normal/x86_64/e6072d4f65d7061329687fe24e3d63a7-common-args.resp
    
    builtin-ScanDependencies -o /Users/hectorgarcia/Library/Developer/Xcode/DerivedData/Build/Intermediates.noindex/AppAuth.build/Debug-iphonesimulator/AppAuth.build/Objects-normal/x86_64/OIDExternalUserAgentIOS.o.scan -- /Users/hectorgarcia/Downloads/Xcode.app/Contents/Developer/Toolchains/XcodeDefault.xctoolchain/usr/bin/clang -x objective-c -ivfsstatcache /Users/hectorgarcia/Library/Developer/Xcode/DerivedData/SDKStatCaches.noindex/iphonesimulator26.2-23C53-823d3e8b6e60bc2018c189d3ca05ba9b.sdkstatcache -fmessage-length\=0 -fdiagnostics-show-note-include-stack -fmacro-backtrace-limit\=0 -fno-color-diagnostics -fmodules-prune-interval\=86400 -fmodules-prune-after\=345600 -fbuild-session-file\=/Users/hectorgarcia/Library/Developer/Xcode/DerivedData/ModuleCache.noindex/Session.modulevalidation -fmodules-validate-once-per-build-session -Wnon-modular-include-in-framework-module -Werror\=non-modular-include-in-framework-module -Wno-trigraphs -Wno-missing-field-initializers -Wno-missing-prototypes -Wno-return-type -Wno-implicit-atomic-properties -Wno-objc-interface-ivars -Wno-arc-repeated-use-of-weak -Wno-missing-braces -Wparentheses -Wswitch -Wno-unused-function -Wno-unused-label -Wno-unused-parameter -Wno-unused-variable -Wunused-value -Wno-empty-body -Wno-uninitialized -Wno-unknown-pragmas -w -Wno-shadow -Wno-four-char-constants -Wno-conversion -Wno-constant-conversion -Wno-int-conversion -Wno-bool-conversion -Wno-enum-conversion -Wno-float-conversion -Wno-non-literal-null-conversion -Wno-objc-literal-conversion -Wshorten-64-to-32 -Wpointer-sign -Wno-newline-eof -Wno-selector -Wno-strict-selector-match -Wno-undeclared-selector -Wno-deprecated-implementations -Wno-implicit-fallthrough -fstrict-aliasing -Wprotocol -Wdeprecated-declarations -Wno-sign-conversion -Wno-infinite-recursion -Wno-comma -Wno-block-capture-autoreleasing -Wno-strict-prototypes -Wno-semicolon-before-method-body -index-store-path /Users/hectorgarcia/Library/Developer/Xcode/DerivedData/Lyo-eagkiegzrakogpczynhkaholsscs/Index.noindex/DataStore @/Users/hectorgarcia/Library/Developer/Xcode/DerivedData/Build/Intermediates.noindex/AppAuth.build/Debug-iphonesimulator/AppAuth.build/Objects-normal/x86_64/e6072d4f65d7061329687fe24e3d63a7-common-args.resp -include /Users/hectorgarcia/Library/Developer/Xcode/DerivedData/Build/Intermediates.noindex/AppAuth.build/Debug-iphonesimulator/AppAuth.build/DerivedSources/resource_bundle_accessor.h -MMD -MT dependencies -MF /Users/hectorgarcia/Library/Developer/Xcode/DerivedData/Build/Intermediates.noindex/AppAuth.build/Debug-iphonesimulator/AppAuth.build/Objects-normal/x86_64/OIDExternalUserAgentIOS.d --serialize-diagnostics /Users/hectorgarcia/Library/Developer/Xcode/DerivedData/Build/Intermediates.noindex/AppAuth.build/Debug-iphonesimulator/AppAuth.build/Objects-normal/x86_64/OIDExternalUserAgentIOS.dia -c /Users/hectorgarcia/Library/Developer/Xcode/DerivedData/Lyo-eagkiegzrakogpczynhkaholsscs/SourcePackages/checkouts/AppAuth-iOS/Sources/AppAuth/iOS/OIDExternalUserAgentIOS.m -o /Users/hectorgarcia/Library/Developer/Xcode/DerivedData/Build/Intermediates.noindex/AppAuth.build/Debug-iphonesimulator/AppAuth.build/Objects-normal/x86_64/OIDExternalUserAgentIOS.o -index-unit-output-path /AppAuth.build/Debug-iphonesimulator/AppAuth.build/Objects-normal/x86_64/OIDExternalUserAgentIOS.o

ScanDependencies /Users/hectorgarcia/Library/Developer/Xcode/DerivedData/Build/Intermediates.noindex/AppAuth.build/Debug-iphonesimulator/AppAuth.build/Objects-normal/x86_64/OIDExternalUserAgentCatalyst.o /Users/hectorgarcia/Library/Developer/Xcode/DerivedData/Lyo-eagkiegzrakogpczynhkaholsscs/SourcePackages/checkouts/AppAuth-iOS/Sources/AppAuth/iOS/OIDExternalUserAgentCatalyst.m normal x86_64 objective-c com.apple.compilers.llvm.clang.1_0.compiler (in target 'AppAuth' from project 'AppAuth')
    cd /Users/hectorgarcia/LYO_Da_ONE/Lyo.xcodeproj
    
    Using response file: /Users/hectorgarcia/Library/Developer/Xcode/DerivedData/Build/Intermediates.noindex/AppAuth.build/Debug-iphonesimulator/AppAuth.build/Objects-normal/x86_64/e6072d4f65d7061329687fe24e3d63a7-common-args.resp
    
    builtin-ScanDependencies -o /Users/hectorgarcia/Library/Developer/Xcode/DerivedData/Build/Intermediates.noindex/AppAuth.build/Debug-iphonesimulator/AppAuth.build/Objects-normal/x86_64/OIDExternalUserAgentCatalyst.o.scan -- /Users/hectorgarcia/Downloads/Xcode.app/Contents/Developer/Toolchains/XcodeDefault.xctoolchain/usr/bin/clang -x objective-c -ivfsstatcache /Users/hectorgarcia/Library/Developer/Xcode/DerivedData/SDKStatCaches.noindex/iphonesimulator26.2-23C53-823d3e8b6e60bc2018c189d3ca05ba9b.sdkstatcache -fmessage-length\=0 -fdiagnostics-show-note-include-stack -fmacro-backtrace-limit\=0 -fno-color-diagnostics -fmodules-prune-interval\=86400 -fmodules-prune-after\=345600 -fbuild-session-file\=/Users/hectorgarcia/Library/Developer/Xcode/DerivedData/ModuleCache.noindex/Session.modulevalidation -fmodules-validate-once-per-build-session -Wnon-modular-include-in-framework-module -Werror\=non-modular-include-in-framework-module -Wno-trigraphs -Wno-missing-field-initializers -Wno-missing-prototypes -Wno-return-type -Wno-implicit-atomic-properties -Wno-objc-interface-ivars -Wno-arc-repeated-use-of-weak -Wno-missing-braces -Wparentheses -Wswitch -Wno-unused-function -Wno-unused-label -Wno-unused-parameter -Wno-unused-variable -Wunused-value -Wno-empty-body -Wno-uninitialized -Wno-unknown-pragmas -w -Wno-shadow -Wno-four-char-constants -Wno-conversion -Wno-constant-conversion -Wno-int-conversion -Wno-bool-conversion -Wno-enum-conversion -Wno-float-conversion -Wno-non-literal-null-conversion -Wno-objc-literal-conversion -Wshorten-64-to-32 -Wpointer-sign -Wno-newline-eof -Wno-selector -Wno-strict-selector-match -Wno-undeclared-selector -Wno-deprecated-implementations -Wno-implicit-fallthrough -fstrict-aliasing -Wprotocol -Wdeprecated-declarations -Wno-sign-conversion -Wno-infinite-recursion -Wno-comma -Wno-block-capture-autoreleasing -Wno-strict-prototypes -Wno-semicolon-before-method-body -index-store-path /Users/hectorgarcia/Library/Developer/Xcode/DerivedData/Lyo-eagkiegzrakogpczynhkaholsscs/Index.noindex/DataStore @/Users/hectorgarcia/Library/Developer/Xcode/DerivedData/Build/Intermediates.noindex/AppAuth.build/Debug-iphonesimulator/AppAuth.build/Objects-normal/x86_64/e6072d4f65d7061329687fe24e3d63a7-common-args.resp -include /Users/hectorgarcia/Library/Developer/Xcode/DerivedData/Build/Intermediates.noindex/AppAuth.build/Debug-iphonesimulator/AppAuth.build/DerivedSources/resource_bundle_accessor.h -MMD -MT dependencies -MF /Users/hectorgarcia/Library/Developer/Xcode/DerivedData/Build/Intermediates.noindex/AppAuth.build/Debug-iphonesimulator/AppAuth.build/Objects-normal/x86_64/OIDExternalUserAgentCatalyst.d --serialize-diagnostics /Users/hectorgarcia/Library/Developer/Xcode/DerivedData/Build/Intermediates.noindex/AppAuth.build/Debug-iphonesimulator/AppAuth.build/Objects-normal/x86_64/OIDExternalUserAgentCatalyst.dia -c /Users/hectorgarcia/Library/Developer/Xcode/DerivedData/Lyo-eagkiegzrakogpczynhkaholsscs/SourcePackages/checkouts/AppAuth-iOS/Sources/AppAuth/iOS/OIDExternalUserAgentCatalyst.m -o /Users/hectorgarcia/Library/Developer/Xcode/DerivedData/Build/Intermediates.noindex/AppAuth.build/Debug-iphonesimulator/AppAuth.build/Objects-normal/x86_64/OIDExternalUserAgentCatalyst.o -index-unit-output-path /AppAuth.build/Debug-iphonesimulator/AppAuth.build/Objects-normal/x86_64/OIDExternalUserAgentCatalyst.o

ScanDependencies /Users/hectorgarcia/Library/Developer/Xcode/DerivedData/Build/Intermediates.noindex/AppAuth.build/Debug-iphonesimulator/AppAuth.build/Objects-normal/x86_64/OIDAuthorizationService+Mac.o /Users/hectorgarcia/Library/Developer/Xcode/DerivedData/Lyo-eagkiegzrakogpczynhkaholsscs/SourcePackages/checkouts/AppAuth-iOS/Sources/AppAuth/macOS/OIDAuthorizationService+Mac.m normal x86_64 objective-c com.apple.compilers.llvm.clang.1_0.compiler (in target 'AppAuth' from project 'AppAuth')
    cd /Users/hectorgarcia/LYO_Da_ONE/Lyo.xcodeproj
    
    Using response file: /Users/hectorgarcia/Library/Developer/Xcode/DerivedData/Build/Intermediates.noindex/AppAuth.build/Debug-iphonesimulator/AppAuth.build/Objects-normal/x86_64/e6072d4f65d7061329687fe24e3d63a7-common-args.resp
    
    builtin-ScanDependencies -o /Users/hectorgarcia/Library/Developer/Xcode/DerivedData/Build/Intermediates.noindex/AppAuth.build/Debug-iphonesimulator/AppAuth.build/Objects-normal/x86_64/OIDAuthorizationService+Mac.o.scan -- /Users/hectorgarcia/Downloads/Xcode.app/Contents/Developer/Toolchains/XcodeDefault.xctoolchain/usr/bin/clang -x objective-c -ivfsstatcache /Users/hectorgarcia/Library/Developer/Xcode/DerivedData/SDKStatCaches.noindex/iphonesimulator26.2-23C53-823d3e8b6e60bc2018c189d3ca05ba9b.sdkstatcache -fmessage-length\=0 -fdiagnostics-show-note-include-stack -fmacro-backtrace-limit\=0 -fno-color-diagnostics -fmodules-prune-interval\=86400 -fmodules-prune-after\=345600 -fbuild-session-file\=/Users/hectorgarcia/Library/Developer/Xcode/DerivedData/ModuleCache.noindex/Session.modulevalidation -fmodules-validate-once-per-build-session -Wnon-modular-include-in-framework-module -Werror\=non-modular-include-in-framework-module -Wno-trigraphs -Wno-missing-field-initializers -Wno-missing-prototypes -Wno-return-type -Wno-implicit-atomic-properties -Wno-objc-interface-ivars -Wno-arc-repeated-use-of-weak -Wno-missing-braces -Wparentheses -Wswitch -Wno-unused-function -Wno-unused-label -Wno-unused-parameter -Wno-unused-variable -Wunused-value -Wno-empty-body -Wno-uninitialized -Wno-unknown-pragmas -w -Wno-shadow -Wno-four-char-constants -Wno-conversion -Wno-constant-conversion -Wno-int-conversion -Wno-bool-conversion -Wno-enum-conversion -Wno-float-conversion -Wno-non-literal-null-conversion -Wno-objc-literal-conversion -Wshorten-64-to-32 -Wpointer-sign -Wno-newline-eof -Wno-selector -Wno-strict-selector-match -Wno-undeclared-selector -Wno-deprecated-implementations -Wno-implicit-fallthrough -fstrict-aliasing -Wprotocol -Wdeprecated-declarations -Wno-sign-conversion -Wno-infinite-recursion -Wno-comma -Wno-block-capture-autoreleasing -Wno-strict-prototypes -Wno-semicolon-before-method-body -index-store-path /Users/hectorgarcia/Library/Developer/Xcode/DerivedData/Lyo-eagkiegzrakogpczynhkaholsscs/Index.noindex/DataStore @/Users/hectorgarcia/Library/Developer/Xcode/DerivedData/Build/Intermediates.noindex/AppAuth.build/Debug-iphonesimulator/AppAuth.build/Objects-normal/x86_64/e6072d4f65d7061329687fe24e3d63a7-common-args.resp -include /Users/hectorgarcia/Library/Developer/Xcode/DerivedData/Build/Intermediates.noindex/AppAuth.build/Debug-iphonesimulator/AppAuth.build/DerivedSources/resource_bundle_accessor.h -MMD -MT dependencies -MF /Users/hectorgarcia/Library/Developer/Xcode/DerivedData/Build/Intermediates.noindex/AppAuth.build/Debug-iphonesimulator/AppAuth.build/Objects-normal/x86_64/OIDAuthorizationService+Mac.d --serialize-diagnostics /Users/hectorgarcia/Library/Developer/Xcode/DerivedData/Build/Intermediates.noindex/AppAuth.build/Debug-iphonesimulator/AppAuth.build/Objects-normal/x86_64/OIDAuthorizationService+Mac.dia -c /Users/hectorgarcia/Library/Developer/Xcode/DerivedData/Lyo-eagkiegzrakogpczynhkaholsscs/SourcePackages/checkouts/AppAuth-iOS/Sources/AppAuth/macOS/OIDAuthorizationService+Mac.m -o /Users/hectorgarcia/Library/Developer/Xcode/DerivedData/Build/Intermediates.noindex/AppAuth.build/Debug-iphonesimulator/AppAuth.build/Objects-normal/x86_64/OIDAuthorizationService+Mac.o -index-unit-output-path /AppAuth.build/Debug-iphonesimulator/AppAuth.build/Objects-normal/x86_64/OIDAuthorizationService+Mac.o

ScanDependencies /Users/hectorgarcia/Library/Developer/Xcode/DerivedData/Build/Intermediates.noindex/AppAuth.build/Debug-iphonesimulator/AppAuth.build/Objects-normal/x86_64/OIDAuthorizationService+IOS.o /Users/hectorgarcia/Library/Developer/Xcode/DerivedData/Lyo-eagkiegzrakogpczynhkaholsscs/SourcePackages/checkouts/AppAuth-iOS/Sources/AppAuth/iOS/OIDAuthorizationService+IOS.m normal x86_64 objective-c com.apple.compilers.llvm.clang.1_0.compiler (in target 'AppAuth' from project 'AppAuth')
    cd /Users/hectorgarcia/LYO_Da_ONE/Lyo.xcodeproj
    
    Using response file: /Users/hectorgarcia/Library/Developer/Xcode/DerivedData/Build/Intermediates.noindex/AppAuth.build/Debug-iphonesimulator/AppAuth.build/Objects-normal/x86_64/e6072d4f65d7061329687fe24e3d63a7-common-args.resp
    
    builtin-ScanDependencies -o /Users/hectorgarcia/Library/Developer/Xcode/DerivedData/Build/Intermediates.noindex/AppAuth.build/Debug-iphonesimulator/AppAuth.build/Objects-normal/x86_64/OIDAuthorizationService+IOS.o.scan -- /Users/hectorgarcia/Downloads/Xcode.app/Contents/Developer/Toolchains/XcodeDefault.xctoolchain/usr/bin/clang -x objective-c -ivfsstatcache /Users/hectorgarcia/Library/Developer/Xcode/DerivedData/SDKStatCaches.noindex/iphonesimulator26.2-23C53-823d3e8b6e60bc2018c189d3ca05ba9b.sdkstatcache -fmessage-length\=0 -fdiagnostics-show-note-include-stack -fmacro-backtrace-limit\=0 -fno-color-diagnostics -fmodules-prune-interval\=86400 -fmodules-prune-after\=345600 -fbuild-session-file\=/Users/hectorgarcia/Library/Developer/Xcode/DerivedData/ModuleCache.noindex/Session.modulevalidation -fmodules-validate-once-per-build-session -Wnon-modular-include-in-framework-module -Werror\=non-modular-include-in-framework-module -Wno-trigraphs -Wno-missing-field-initializers -Wno-missing-prototypes -Wno-return-type -Wno-implicit-atomic-properties -Wno-objc-interface-ivars -Wno-arc-repeated-use-of-weak -Wno-missing-braces -Wparentheses -Wswitch -Wno-unused-function -Wno-unused-label -Wno-unused-parameter -Wno-unused-variable -Wunused-value -Wno-empty-body -Wno-uninitialized -Wno-unknown-pragmas -w -Wno-shadow -Wno-four-char-constants -Wno-conversion -Wno-constant-conversion -Wno-int-conversion -Wno-bool-conversion -Wno-enum-conversion -Wno-float-conversion -Wno-non-literal-null-conversion -Wno-objc-literal-conversion -Wshorten-64-to-32 -Wpointer-sign -Wno-newline-eof -Wno-selector -Wno-strict-selector-match -Wno-undeclared-selector -Wno-deprecated-implementations -Wno-implicit-fallthrough -fstrict-aliasing -Wprotocol -Wdeprecated-declarations -Wno-sign-conversion -Wno-infinite-recursion -Wno-comma -Wno-block-capture-autoreleasing -Wno-strict-prototypes -Wno-semicolon-before-method-body -index-store-path /Users/hectorgarcia/Library/Developer/Xcode/DerivedData/Lyo-eagkiegzrakogpczynhkaholsscs/Index.noindex/DataStore @/Users/hectorgarcia/Library/Developer/Xcode/DerivedData/Build/Intermediates.noindex/AppAuth.build/Debug-iphonesimulator/AppAuth.build/Objects-normal/x86_64/e6072d4f65d7061329687fe24e3d63a7-common-args.resp -include /Users/hectorgarcia/Library/Developer/Xcode/DerivedData/Build/Intermediates.noindex/AppAuth.build/Debug-iphonesimulator/AppAuth.build/DerivedSources/resource_bundle_accessor.h -MMD -MT dependencies -MF /Users/hectorgarcia/Library/Developer/Xcode/DerivedData/Build/Intermediates.noindex/AppAuth.build/Debug-iphonesimulator/AppAuth.build/Objects-normal/x86_64/OIDAuthorizationService+IOS.d --serialize-diagnostics /Users/hectorgarcia/Library/Developer/Xcode/DerivedData/Build/Intermediates.noindex/AppAuth.build/Debug-iphonesimulator/AppAuth.build/Objects-normal/x86_64/OIDAuthorizationService+IOS.dia -c /Users/hectorgarcia/Library/Developer/Xcode/DerivedData/Lyo-eagkiegzrakogpczynhkaholsscs/SourcePackages/checkouts/AppAuth-iOS/Sources/AppAuth/iOS/OIDAuthorizationService+IOS.m -o /Users/hectorgarcia/Library/Developer/Xcode/DerivedData/Build/Intermediates.noindex/AppAuth.build/Debug-iphonesimulator/AppAuth.build/Objects-normal/x86_64/OIDAuthorizationService+IOS.o -index-unit-output-path /AppAuth.build/Debug-iphonesimulator/AppAuth.build/Objects-normal/x86_64/OIDAuthorizationService+IOS.o

CompileC /Users/hectorgarcia/Library/Developer/Xcode/DerivedData/Build/Intermediates.noindex/AppAuth.build/Debug-iphonesimulator/AppAuth.build/Objects-normal/x86_64/OIDAuthorizationService+Mac.o /Users/hectorgarcia/Library/Developer/Xcode/DerivedData/Lyo-eagkiegzrakogpczynhkaholsscs/SourcePackages/checkouts/AppAuth-iOS/Sources/AppAuth/macOS/OIDAuthorizationService+Mac.m normal x86_64 objective-c com.apple.compilers.llvm.clang.1_0.compiler (in target 'AppAuth' from project 'AppAuth')
    cd /Users/hectorgarcia/LYO_Da_ONE/Lyo.xcodeproj
    
    Using response file: /Users/hectorgarcia/Library/Developer/Xcode/DerivedData/Build/Intermediates.noindex/AppAuth.build/Debug-iphonesimulator/AppAuth.build/Objects-normal/x86_64/e6072d4f65d7061329687fe24e3d63a7-common-args.resp
    
    /Users/hectorgarcia/Downloads/Xcode.app/Contents/Developer/Toolchains/XcodeDefault.xctoolchain/usr/bin/clang -x objective-c -ivfsstatcache /Users/hectorgarcia/Library/Developer/Xcode/DerivedData/SDKStatCaches.noindex/iphonesimulator26.2-23C53-823d3e8b6e60bc2018c189d3ca05ba9b.sdkstatcache -fmessage-length\=0 -fdiagnostics-show-note-include-stack -fmacro-backtrace-limit\=0 -fno-color-diagnostics -fmodules-prune-interval\=86400 -fmodules-prune-after\=345600 -fbuild-session-file\=/Users/hectorgarcia/Library/Developer/Xcode/DerivedData/ModuleCache.noindex/Session.modulevalidation -fmodules-validate-once-per-build-session -Wnon-modular-include-in-framework-module -Werror\=non-modular-include-in-framework-module -Wno-trigraphs -Wno-missing-field-initializers -Wno-missing-prototypes -Wno-return-type -Wno-implicit-atomic-properties -Wno-objc-interface-ivars -Wno-arc-repeated-use-of-weak -Wno-missing-braces -Wparentheses -Wswitch -Wno-unused-function -Wno-unused-label -Wno-unused-parameter -Wno-unused-variable -Wunused-value -Wno-empty-body -Wno-uninitialized -Wno-unknown-pragmas -w -Wno-shadow -Wno-four-char-constants -Wno-conversion -Wno-constant-conversion -Wno-int-conversion -Wno-bool-conversion -Wno-enum-conversion -Wno-float-conversion -Wno-non-literal-null-conversion -Wno-objc-literal-conversion -Wshorten-64-to-32 -Wpointer-sign -Wno-newline-eof -Wno-selector -Wno-strict-selector-match -Wno-undeclared-selector -Wno-deprecated-implementations -Wno-implicit-fallthrough -fstrict-aliasing -Wprotocol -Wdeprecated-declarations -Wno-sign-conversion -Wno-infinite-recursion -Wno-comma -Wno-block-capture-autoreleasing -Wno-strict-prototypes -Wno-semicolon-before-method-body -index-store-path /Users/hectorgarcia/Library/Developer/Xcode/DerivedData/Lyo-eagkiegzrakogpczynhkaholsscs/Index.noindex/DataStore @/Users/hectorgarcia/Library/Developer/Xcode/DerivedData/Build/Intermediates.noindex/AppAuth.build/Debug-iphonesimulator/AppAuth.build/Objects-normal/x86_64/e6072d4f65d7061329687fe24e3d63a7-common-args.resp -include /Users/hectorgarcia/Library/Developer/Xcode/DerivedData/Build/Intermediates.noindex/AppAuth.build/Debug-iphonesimulator/AppAuth.build/DerivedSources/resource_bundle_accessor.h -MMD -MT dependencies -MF /Users/hectorgarcia/Library/Developer/Xcode/DerivedData/Build/Intermediates.noindex/AppAuth.build/Debug-iphonesimulator/AppAuth.build/Objects-normal/x86_64/OIDAuthorizationService+Mac.d --serialize-diagnostics /Users/hectorgarcia/Library/Developer/Xcode/DerivedData/Build/Intermediates.noindex/AppAuth.build/Debug-iphonesimulator/AppAuth.build/Objects-normal/x86_64/OIDAuthorizationService+Mac.dia -c /Users/hectorgarcia/Library/Developer/Xcode/DerivedData/Lyo-eagkiegzrakogpczynhkaholsscs/SourcePackages/checkouts/AppAuth-iOS/Sources/AppAuth/macOS/OIDAuthorizationService+Mac.m -o /Users/hectorgarcia/Library/Developer/Xcode/DerivedData/Build/Intermediates.noindex/AppAuth.build/Debug-iphonesimulator/AppAuth.build/Objects-normal/x86_64/OIDAuthorizationService+Mac.o -index-unit-output-path /AppAuth.build/Debug-iphonesimulator/AppAuth.build/Objects-normal/x86_64/OIDAuthorizationService+Mac.o

ScanDependencies /Users/hectorgarcia/Library/Developer/Xcode/DerivedData/Build/Intermediates.noindex/AppAuth.build/Debug-iphonesimulator/AppAuth.build/Objects-normal/x86_64/OIDAuthState+Mac.o /Users/hectorgarcia/Library/Developer/Xcode/DerivedData/Lyo-eagkiegzrakogpczynhkaholsscs/SourcePackages/checkouts/AppAuth-iOS/Sources/AppAuth/macOS/OIDAuthState+Mac.m normal x86_64 objective-c com.apple.compilers.llvm.clang.1_0.compiler (in target 'AppAuth' from project 'AppAuth')
    cd /Users/hectorgarcia/LYO_Da_ONE/Lyo.xcodeproj
    
    Using response file: /Users/hectorgarcia/Library/Developer/Xcode/DerivedData/Build/Intermediates.noindex/AppAuth.build/Debug-iphonesimulator/AppAuth.build/Objects-normal/x86_64/e6072d4f65d7061329687fe24e3d63a7-common-args.resp
    
    builtin-ScanDependencies -o /Users/hectorgarcia/Library/Developer/Xcode/DerivedData/Build/Intermediates.noindex/AppAuth.build/Debug-iphonesimulator/AppAuth.build/Objects-normal/x86_64/OIDAuthState+Mac.o.scan -- /Users/hectorgarcia/Downloads/Xcode.app/Contents/Developer/Toolchains/XcodeDefault.xctoolchain/usr/bin/clang -x objective-c -ivfsstatcache /Users/hectorgarcia/Library/Developer/Xcode/DerivedData/SDKStatCaches.noindex/iphonesimulator26.2-23C53-823d3e8b6e60bc2018c189d3ca05ba9b.sdkstatcache -fmessage-length\=0 -fdiagnostics-show-note-include-stack -fmacro-backtrace-limit\=0 -fno-color-diagnostics -fmodules-prune-interval\=86400 -fmodules-prune-after\=345600 -fbuild-session-file\=/Users/hectorgarcia/Library/Developer/Xcode/DerivedData/ModuleCache.noindex/Session.modulevalidation -fmodules-validate-once-per-build-session -Wnon-modular-include-in-framework-module -Werror\=non-modular-include-in-framework-module -Wno-trigraphs -Wno-missing-field-initializers -Wno-missing-prototypes -Wno-return-type -Wno-implicit-atomic-properties -Wno-objc-interface-ivars -Wno-arc-repeated-use-of-weak -Wno-missing-braces -Wparentheses -Wswitch -Wno-unused-function -Wno-unused-label -Wno-unused-parameter -Wno-unused-variable -Wunused-value -Wno-empty-body -Wno-uninitialized -Wno-unknown-pragmas -w -Wno-shadow -Wno-four-char-constants -Wno-conversion -Wno-constant-conversion -Wno-int-conversion -Wno-bool-conversion -Wno-enum-conversion -Wno-float-conversion -Wno-non-literal-null-conversion -Wno-objc-literal-conversion -Wshorten-64-to-32 -Wpointer-sign -Wno-newline-eof -Wno-selector -Wno-strict-selector-match -Wno-undeclared-selector -Wno-deprecated-implementations -Wno-implicit-fallthrough -fstrict-aliasing -Wprotocol -Wdeprecated-declarations -Wno-sign-conversion -Wno-infinite-recursion -Wno-comma -Wno-block-capture-autoreleasing -Wno-strict-prototypes -Wno-semicolon-before-method-body -index-store-path /Users/hectorgarcia/Library/Developer/Xcode/DerivedData/Lyo-eagkiegzrakogpczynhkaholsscs/Index.noindex/DataStore @/Users/hectorgarcia/Library/Developer/Xcode/DerivedData/Build/Intermediates.noindex/AppAuth.build/Debug-iphonesimulator/AppAuth.build/Objects-normal/x86_64/e6072d4f65d7061329687fe24e3d63a7-common-args.resp -include /Users/hectorgarcia/Library/Developer/Xcode/DerivedData/Build/Intermediates.noindex/AppAuth.build/Debug-iphonesimulator/AppAuth.build/DerivedSources/resource_bundle_accessor.h -MMD -MT dependencies -MF /Users/hectorgarcia/Library/Developer/Xcode/DerivedData/Build/Intermediates.noindex/AppAuth.build/Debug-iphonesimulator/AppAuth.build/Objects-normal/x86_64/OIDAuthState+Mac.d --serialize-diagnostics /Users/hectorgarcia/Library/Developer/Xcode/DerivedData/Build/Intermediates.noindex/AppAuth.build/Debug-iphonesimulator/AppAuth.build/Objects-normal/x86_64/OIDAuthState+Mac.dia -c /Users/hectorgarcia/Library/Developer/Xcode/DerivedData/Lyo-eagkiegzrakogpczynhkaholsscs/SourcePackages/checkouts/AppAuth-iOS/Sources/AppAuth/macOS/OIDAuthState+Mac.m -o /Users/hectorgarcia/Library/Developer/Xcode/DerivedData/Build/Intermediates.noindex/AppAuth.build/Debug-iphonesimulator/AppAuth.build/Objects-normal/x86_64/OIDAuthState+Mac.o -index-unit-output-path /AppAuth.build/Debug-iphonesimulator/AppAuth.build/Objects-normal/x86_64/OIDAuthState+Mac.o

ScanDependencies /Users/hectorgarcia/Library/Developer/Xcode/DerivedData/Build/Intermediates.noindex/AppAuth.build/Debug-iphonesimulator/AppAuth.build/Objects-normal/x86_64/OIDAuthState+IOS.o /Users/hectorgarcia/Library/Developer/Xcode/DerivedData/Lyo-eagkiegzrakogpczynhkaholsscs/SourcePackages/checkouts/AppAuth-iOS/Sources/AppAuth/iOS/OIDAuthState+IOS.m normal x86_64 objective-c com.apple.compilers.llvm.clang.1_0.compiler (in target 'AppAuth' from project 'AppAuth')
    cd /Users/hectorgarcia/LYO_Da_ONE/Lyo.xcodeproj
    
    Using response file: /Users/hectorgarcia/Library/Developer/Xcode/DerivedData/Build/Intermediates.noindex/AppAuth.build/Debug-iphonesimulator/AppAuth.build/Objects-normal/x86_64/e6072d4f65d7061329687fe24e3d63a7-common-args.resp
    
    builtin-ScanDependencies -o /Users/hectorgarcia/Library/Developer/Xcode/DerivedData/Build/Intermediates.noindex/AppAuth.build/Debug-iphonesimulator/AppAuth.build/Objects-normal/x86_64/OIDAuthState+IOS.o.scan -- /Users/hectorgarcia/Downloads/Xcode.app/Contents/Developer/Toolchains/XcodeDefault.xctoolchain/usr/bin/clang -x objective-c -ivfsstatcache /Users/hectorgarcia/Library/Developer/Xcode/DerivedData/SDKStatCaches.noindex/iphonesimulator26.2-23C53-823d3e8b6e60bc2018c189d3ca05ba9b.sdkstatcache -fmessage-length\=0 -fdiagnostics-show-note-include-stack -fmacro-backtrace-limit\=0 -fno-color-diagnostics -fmodules-prune-interval\=86400 -fmodules-prune-after\=345600 -fbuild-session-file\=/Users/hectorgarcia/Library/Developer/Xcode/DerivedData/ModuleCache.noindex/Session.modulevalidation -fmodules-validate-once-per-build-session -Wnon-modular-include-in-framework-module -Werror\=non-modular-include-in-framework-module -Wno-trigraphs -Wno-missing-field-initializers -Wno-missing-prototypes -Wno-return-type -Wno-implicit-atomic-properties -Wno-objc-interface-ivars -Wno-arc-repeated-use-of-weak -Wno-missing-braces -Wparentheses -Wswitch -Wno-unused-function -Wno-unused-label -Wno-unused-parameter -Wno-unused-variable -Wunused-value -Wno-empty-body -Wno-uninitialized -Wno-unknown-pragmas -w -Wno-shadow -Wno-four-char-constants -Wno-conversion -Wno-constant-conversion -Wno-int-conversion -Wno-bool-conversion -Wno-enum-conversion -Wno-float-conversion -Wno-non-literal-null-conversion -Wno-objc-literal-conversion -Wshorten-64-to-32 -Wpointer-sign -Wno-newline-eof -Wno-selector -Wno-strict-selector-match -Wno-undeclared-selector -Wno-deprecated-implementations -Wno-implicit-fallthrough -fstrict-aliasing -Wprotocol -Wdeprecated-declarations -Wno-sign-conversion -Wno-infinite-recursion -Wno-comma -Wno-block-capture-autoreleasing -Wno-strict-prototypes -Wno-semicolon-before-method-body -index-store-path /Users/hectorgarcia/Library/Developer/Xcode/DerivedData/Lyo-eagkiegzrakogpczynhkaholsscs/Index.noindex/DataStore @/Users/hectorgarcia/Library/Developer/Xcode/DerivedData/Build/Intermediates.noindex/AppAuth.build/Debug-iphonesimulator/AppAuth.build/Objects-normal/x86_64/e6072d4f65d7061329687fe24e3d63a7-common-args.resp -include /Users/hectorgarcia/Library/Developer/Xcode/DerivedData/Build/Intermediates.noindex/AppAuth.build/Debug-iphonesimulator/AppAuth.build/DerivedSources/resource_bundle_accessor.h -MMD -MT dependencies -MF /Users/hectorgarcia/Library/Developer/Xcode/DerivedData/Build/Intermediates.noindex/AppAuth.build/Debug-iphonesimulator/AppAuth.build/Objects-normal/x86_64/OIDAuthState+IOS.d --serialize-diagnostics /Users/hectorgarcia/Library/Developer/Xcode/DerivedData/Build/Intermediates.noindex/AppAuth.build/Debug-iphonesimulator/AppAuth.build/Objects-normal/x86_64/OIDAuthState+IOS.dia -c /Users/hectorgarcia/Library/Developer/Xcode/DerivedData/Lyo-eagkiegzrakogpczynhkaholsscs/SourcePackages/checkouts/AppAuth-iOS/Sources/AppAuth/iOS/OIDAuthState+IOS.m -o /Users/hectorgarcia/Library/Developer/Xcode/DerivedData/Build/Intermediates.noindex/AppAuth.build/Debug-iphonesimulator/AppAuth.build/Objects-normal/x86_64/OIDAuthState+IOS.o -index-unit-output-path /AppAuth.build/Debug-iphonesimulator/AppAuth.build/Objects-normal/x86_64/OIDAuthState+IOS.o

CompileC /Users/hectorgarcia/Library/Developer/Xcode/DerivedData/Build/Intermediates.noindex/AppAuth.build/Debug-iphonesimulator/AppAuth.build/Objects-normal/x86_64/OIDAuthState+Mac.o /Users/hectorgarcia/Library/Developer/Xcode/DerivedData/Lyo-eagkiegzrakogpczynhkaholsscs/SourcePackages/checkouts/AppAuth-iOS/Sources/AppAuth/macOS/OIDAuthState+Mac.m normal x86_64 objective-c com.apple.compilers.llvm.clang.1_0.compiler (in target 'AppAuth' from project 'AppAuth')
    cd /Users/hectorgarcia/LYO_Da_ONE/Lyo.xcodeproj
    
    Using response file: /Users/hectorgarcia/Library/Developer/Xcode/DerivedData/Build/Intermediates.noindex/AppAuth.build/Debug-iphonesimulator/AppAuth.build/Objects-normal/x86_64/e6072d4f65d7061329687fe24e3d63a7-common-args.resp
    
    /Users/hectorgarcia/Downloads/Xcode.app/Contents/Developer/Toolchains/XcodeDefault.xctoolchain/usr/bin/clang -x objective-c -ivfsstatcache /Users/hectorgarcia/Library/Developer/Xcode/DerivedData/SDKStatCaches.noindex/iphonesimulator26.2-23C53-823d3e8b6e60bc2018c189d3ca05ba9b.sdkstatcache -fmessage-length\=0 -fdiagnostics-show-note-include-stack -fmacro-backtrace-limit\=0 -fno-color-diagnostics -fmodules-prune-interval\=86400 -fmodules-prune-after\=345600 -fbuild-session-file\=/Users/hectorgarcia/Library/Developer/Xcode/DerivedData/ModuleCache.noindex/Session.modulevalidation -fmodules-validate-once-per-build-session -Wnon-modular-include-in-framework-module -Werror\=non-modular-include-in-framework-module -Wno-trigraphs -Wno-missing-field-initializers -Wno-missing-prototypes -Wno-return-type -Wno-implicit-atomic-properties -Wno-objc-interface-ivars -Wno-arc-repeated-use-of-weak -Wno-missing-braces -Wparentheses -Wswitch -Wno-unused-function -Wno-unused-label -Wno-unused-parameter -Wno-unused-variable -Wunused-value -Wno-empty-body -Wno-uninitialized -Wno-unknown-pragmas -w -Wno-shadow -Wno-four-char-constants -Wno-conversion -Wno-constant-conversion -Wno-int-conversion -Wno-bool-conversion -Wno-enum-conversion -Wno-float-conversion -Wno-non-literal-null-conversion -Wno-objc-literal-conversion -Wshorten-64-to-32 -Wpointer-sign -Wno-newline-eof -Wno-selector -Wno-strict-selector-match -Wno-undeclared-selector -Wno-deprecated-implementations -Wno-implicit-fallthrough -fstrict-aliasing -Wprotocol -Wdeprecated-declarations -Wno-sign-conversion -Wno-infinite-recursion -Wno-comma -Wno-block-capture-autoreleasing -Wno-strict-prototypes -Wno-semicolon-before-method-body -index-store-path /Users/hectorgarcia/Library/Developer/Xcode/DerivedData/Lyo-eagkiegzrakogpczynhkaholsscs/Index.noindex/DataStore @/Users/hectorgarcia/Library/Developer/Xcode/DerivedData/Build/Intermediates.noindex/AppAuth.build/Debug-iphonesimulator/AppAuth.build/Objects-normal/x86_64/e6072d4f65d7061329687fe24e3d63a7-common-args.resp -include /Users/hectorgarcia/Library/Developer/Xcode/DerivedData/Build/Intermediates.noindex/AppAuth.build/Debug-iphonesimulator/AppAuth.build/DerivedSources/resource_bundle_accessor.h -MMD -MT dependencies -MF /Users/hectorgarcia/Library/Developer/Xcode/DerivedData/Build/Intermediates.noindex/AppAuth.build/Debug-iphonesimulator/AppAuth.build/Objects-normal/x86_64/OIDAuthState+Mac.d --serialize-diagnostics /Users/hectorgarcia/Library/Developer/Xcode/DerivedData/Build/Intermediates.noindex/AppAuth.build/Debug-iphonesimulator/AppAuth.build/Objects-normal/x86_64/OIDAuthState+Mac.dia -c /Users/hectorgarcia/Library/Developer/Xcode/DerivedData/Lyo-eagkiegzrakogpczynhkaholsscs/SourcePackages/checkouts/AppAuth-iOS/Sources/AppAuth/macOS/OIDAuthState+Mac.m -o /Users/hectorgarcia/Library/Developer/Xcode/DerivedData/Build/Intermediates.noindex/AppAuth.build/Debug-iphonesimulator/AppAuth.build/Objects-normal/x86_64/OIDAuthState+Mac.o -index-unit-output-path /AppAuth.build/Debug-iphonesimulator/AppAuth.build/Objects-normal/x86_64/OIDAuthState+Mac.o

PrecompileModule /Users/hectorgarcia/Library/Developer/Xcode/DerivedData/Build/Intermediates.noindex/ExplicitPrecompiledModules/SafariServices-7WIFYEWJI68RJXN9FPZP3ZD3Q.scan
    cd /
    builtin-precompileModule /Users/hectorgarcia/Library/Developer/Xcode/DerivedData/Build/Intermediates.noindex/ExplicitPrecompiledModules/SafariServices-7WIFYEWJI68RJXN9FPZP3ZD3Q.scan

PrecompileModule /Users/hectorgarcia/Library/Developer/Xcode/DerivedData/Build/Intermediates.noindex/ExplicitPrecompiledModules/AppAuthCore-4QBQSTLRRFBLNVQBXEE3G3IOO.scan
    cd /
    builtin-precompileModule /Users/hectorgarcia/Library/Developer/Xcode/DerivedData/Build/Intermediates.noindex/ExplicitPrecompiledModules/AppAuthCore-4QBQSTLRRFBLNVQBXEE3G3IOO.scan

PrecompileModule /Users/hectorgarcia/Library/Developer/Xcode/DerivedData/Build/Intermediates.noindex/ExplicitPrecompiledModules/AuthenticationServices-BET6H7HS7NT5HL7O64G7BZBKJ.scan
    cd /
    builtin-precompileModule /Users/hectorgarcia/Library/Developer/Xcode/DerivedData/Build/Intermediates.noindex/ExplicitPrecompiledModules/AuthenticationServices-BET6H7HS7NT5HL7O64G7BZBKJ.scan

ProcessProductPackaging /Users/hectorgarcia/LYO_Da_ONE/Lyo.entitlements /Users/hectorgarcia/Library/Developer/Xcode/DerivedData/Build/Intermediates.noindex/Lyo.build/Debug-iphonesimulator/Lyo.build/Lyo.app.xcent (in target 'Lyo' from project 'Lyo')
    cd /Users/hectorgarcia/LYO_Da_ONE
    
    Entitlements:
    
    {
}
    
    builtin-productPackagingUtility /Users/hectorgarcia/LYO_Da_ONE/Lyo.entitlements -entitlements -format xml -o /Users/hectorgarcia/Library/Developer/Xcode/DerivedData/Build/Intermediates.noindex/Lyo.build/Debug-iphonesimulator/Lyo.build/Lyo.app.xcent

ProcessProductPackaging /Users/hectorgarcia/LYO_Da_ONE/Lyo.entitlements /Users/hectorgarcia/Library/Developer/Xcode/DerivedData/Build/Intermediates.noindex/Lyo.build/Debug-iphonesimulator/Lyo.build/Lyo.app-Simulated.xcent (in target 'Lyo' from project 'Lyo')
    cd /Users/hectorgarcia/LYO_Da_ONE
    
    Entitlements:
    
    {
    "application-identifier" = "5QZDMJGN7B.com.lyo.app";
    "com.apple.developer.applesignin" =     (
        Default
    );
}
    
    builtin-productPackagingUtility /Users/hectorgarcia/LYO_Da_ONE/Lyo.entitlements -entitlements -format xml -o /Users/hectorgarcia/Library/Developer/Xcode/DerivedData/Build/Intermediates.noindex/Lyo.build/Debug-iphonesimulator/Lyo.build/Lyo.app-Simulated.xcent

ProcessProductPackagingDER /Users/hectorgarcia/Library/Developer/Xcode/DerivedData/Build/Intermediates.noindex/Lyo.build/Debug-iphonesimulator/Lyo.build/Lyo.app.xcent /Users/hectorgarcia/Library/Developer/Xcode/DerivedData/Build/Intermediates.noindex/Lyo.build/Debug-iphonesimulator/Lyo.build/Lyo.app.xcent.der (in target 'Lyo' from project 'Lyo')
    cd /Users/hectorgarcia/LYO_Da_ONE
    /usr/bin/derq query -f xml -i /Users/hectorgarcia/Library/Developer/Xcode/DerivedData/Build/Intermediates.noindex/Lyo.build/Debug-iphonesimulator/Lyo.build/Lyo.app.xcent -o /Users/hectorgarcia/Library/Developer/Xcode/DerivedData/Build/Intermediates.noindex/Lyo.build/Debug-iphonesimulator/Lyo.build/Lyo.app.xcent.der --raw

ProcessProductPackagingDER /Users/hectorgarcia/Library/Developer/Xcode/DerivedData/Build/Intermediates.noindex/Lyo.build/Debug-iphonesimulator/Lyo.build/Lyo.app-Simulated.xcent /Users/hectorgarcia/Library/Developer/Xcode/DerivedData/Build/Intermediates.noindex/Lyo.build/Debug-iphonesimulator/Lyo.build/Lyo.app-Simulated.xcent.der (in target 'Lyo' from project 'Lyo')
    cd /Users/hectorgarcia/LYO_Da_ONE
    /usr/bin/derq query -f xml -i /Users/hectorgarcia/Library/Developer/Xcode/DerivedData/Build/Intermediates.noindex/Lyo.build/Debug-iphonesimulator/Lyo.build/Lyo.app-Simulated.xcent -o /Users/hectorgarcia/Library/Developer/Xcode/DerivedData/Build/Intermediates.noindex/Lyo.build/Debug-iphonesimulator/Lyo.build/Lyo.app-Simulated.xcent.der --raw

ExtractAppIntentsMetadata (in target 'FirebaseCrashlyticsSwift' from project 'Firebase')
    cd /Users/hectorgarcia/Library/Developer/Xcode/DerivedData/Lyo-eagkiegzrakogpczynhkaholsscs/SourcePackages/checkouts/firebase-ios-sdk
    /Users/hectorgarcia/Downloads/Xcode.app/Contents/Developer/Toolchains/XcodeDefault.xctoolchain/usr/bin/appintentsmetadataprocessor --toolchain-dir /Users/hectorgarcia/Downloads/Xcode.app/Contents/Developer/Toolchains/XcodeDefault.xctoolchain --module-name FirebaseCrashlyticsSwift --sdk-root /Users/hectorgarcia/Downloads/Xcode.app/Contents/Developer/Platforms/iPhoneSimulator.platform/Developer/SDKs/iPhoneSimulator26.2.sdk --xcode-version 17C52 --platform-family iOS --deployment-target 12.0 --bundle-identifier firebase-ios-sdk.FirebaseCrashlyticsSwift --output /Users/hectorgarcia/Library/Developer/Xcode/DerivedData/Build/Products/Debug-iphonesimulator/FirebaseCrashlyticsSwift.appintents --target-triple x86_64-apple-ios12.0-simulator --binary-file /Users/hectorgarcia/Library/Developer/Xcode/DerivedData/Build/Products/Debug-iphonesimulator/FirebaseCrashlyticsSwift.o --dependency-file /Users/hectorgarcia/Library/Developer/Xcode/DerivedData/Build/Intermediates.noindex/Firebase.build/Debug-iphonesimulator/FirebaseCrashlyticsSwift.build/Objects-normal/x86_64/FirebaseCrashlyticsSwift_dependency_info.dat --stringsdata-file /Users/hectorgarcia/Library/Developer/Xcode/DerivedData/Build/Intermediates.noindex/Firebase.build/Debug-iphonesimulator/FirebaseCrashlyticsSwift.build/Objects-normal/x86_64/ExtractedAppShortcutsMetadata.stringsdata --source-file-list /Users/hectorgarcia/Library/Developer/Xcode/DerivedData/Build/Intermediates.noindex/Firebase.build/Debug-iphonesimulator/FirebaseCrashlyticsSwift.build/Objects-normal/x86_64/FirebaseCrashlyticsSwift.SwiftFileList --metadata-file-list /Users/hectorgarcia/Library/Developer/Xcode/DerivedData/Build/Intermediates.noindex/Firebase.build/Debug-iphonesimulator/FirebaseCrashlyticsSwift.build/FirebaseCrashlyticsSwift.DependencyMetadataFileList --static-metadata-file-list /Users/hectorgarcia/Library/Developer/Xcode/DerivedData/Build/Intermediates.noindex/Firebase.build/Debug-iphonesimulator/FirebaseCrashlyticsSwift.build/FirebaseCrashlyticsSwift.DependencyStaticMetadataFileList --swift-const-vals-list /Users/hectorgarcia/Library/Developer/Xcode/DerivedData/Build/Intermediates.noindex/Firebase.build/Debug-iphonesimulator/FirebaseCrashlyticsSwift.build/Objects-normal/x86_64/FirebaseCrashlyticsSwift.SwiftConstValuesFileList --force --compile-time-extraction --deployment-aware-processing --validate-assistant-intents --no-app-shortcuts-localization
2026-01-31 22:59:14.732 appintentsmetadataprocessor[96131:707041] Starting appintentsmetadataprocessor export
2026-01-31 22:59:18.827 appintentsmetadataprocessor[96131:707041] Extracted no relevant App Intents symbols, skipping writing output

MkDir /Users/hectorgarcia/Library/Developer/Xcode/DerivedData/Build/Intermediates.noindex/Lyo.build/Debug-iphonesimulator/Lyo.build/assetcatalog_output/unthinned (in target 'Lyo' from project 'Lyo')
    cd /Users/hectorgarcia/LYO_Da_ONE
    /bin/mkdir -p /Users/hectorgarcia/Library/Developer/Xcode/DerivedData/Build/Intermediates.noindex/Lyo.build/Debug-iphonesimulator/Lyo.build/assetcatalog_output/unthinned

MkDir /Users/hectorgarcia/Library/Developer/Xcode/DerivedData/Build/Intermediates.noindex/Lyo.build/Debug-iphonesimulator/Lyo.build/assetcatalog_output/thinned (in target 'Lyo' from project 'Lyo')
    cd /Users/hectorgarcia/LYO_Da_ONE
    /bin/mkdir -p /Users/hectorgarcia/Library/Developer/Xcode/DerivedData/Build/Intermediates.noindex/Lyo.build/Debug-iphonesimulator/Lyo.build/assetcatalog_output/thinned

GenerateAssetSymbols /Users/hectorgarcia/LYO_Da_ONE/Sources/Resources/Assets.xcassets (in target 'Lyo' from project 'Lyo')
    cd /Users/hectorgarcia/LYO_Da_ONE
    /Users/hectorgarcia/Downloads/Xcode.app/Contents/Developer/usr/bin/actool /Users/hectorgarcia/LYO_Da_ONE/Sources/Resources/Assets.xcassets --compile /Users/hectorgarcia/Library/Developer/Xcode/DerivedData/Build/Products/Debug-iphonesimulator/Lyo.app --output-format human-readable-text --notices --warnings --export-dependency-info /Users/hectorgarcia/Library/Developer/Xcode/DerivedData/Build/Intermediates.noindex/Lyo.build/Debug-iphonesimulator/Lyo.build/assetcatalog_dependencies --output-partial-info-plist /Users/hectorgarcia/Library/Developer/Xcode/DerivedData/Build/Intermediates.noindex/Lyo.build/Debug-iphonesimulator/Lyo.build/assetcatalog_generated_info.plist --app-icon AppIcon --compress-pngs --enable-on-demand-resources YES --development-region en --target-device iphone --target-device ipad --minimum-deployment-target 17.0 --platform iphonesimulator --bundle-identifier com.lyo.app --generate-swift-asset-symbols /Users/hectorgarcia/Library/Developer/Xcode/DerivedData/Build/Intermediates.noindex/Lyo.build/Debug-iphonesimulator/Lyo.build/DerivedSources/GeneratedAssetSymbols.swift --generate-objc-asset-symbols /Users/hectorgarcia/Library/Developer/Xcode/DerivedData/Build/Intermediates.noindex/Lyo.build/Debug-iphonesimulator/Lyo.build/DerivedSources/GeneratedAssetSymbols.h --generate-asset-symbol-index /Users/hectorgarcia/Library/Developer/Xcode/DerivedData/Build/Intermediates.noindex/Lyo.build/Debug-iphonesimulator/Lyo.build/DerivedSources/GeneratedAssetSymbols-Index.plist
/* com.apple.actool.compilation-results */
/Users/hectorgarcia/Library/Developer/Xcode/DerivedData/Build/Intermediates.noindex/Lyo.build/Debug-iphonesimulator/Lyo.build/DerivedSources/GeneratedAssetSymbols-Index.plist
/Users/hectorgarcia/Library/Developer/Xcode/DerivedData/Build/Intermediates.noindex/Lyo.build/Debug-iphonesimulator/Lyo.build/DerivedSources/GeneratedAssetSymbols.h
/Users/hectorgarcia/Library/Developer/Xcode/DerivedData/Build/Intermediates.noindex/Lyo.build/Debug-iphonesimulator/Lyo.build/DerivedSources/GeneratedAssetSymbols.swift


CompileAssetCatalogVariant thinned /Users/hectorgarcia/Library/Developer/Xcode/DerivedData/Build/Products/Debug-iphonesimulator/Lyo.app /Users/hectorgarcia/LYO_Da_ONE/Sources/Resources/Assets.xcassets (in target 'Lyo' from project 'Lyo')
    cd /Users/hectorgarcia/LYO_Da_ONE
    /Users/hectorgarcia/Downloads/Xcode.app/Contents/Developer/usr/bin/actool /Users/hectorgarcia/LYO_Da_ONE/Sources/Resources/Assets.xcassets --compile /Users/hectorgarcia/Library/Developer/Xcode/DerivedData/Build/Intermediates.noindex/Lyo.build/Debug-iphonesimulator/Lyo.build/assetcatalog_output/thinned --output-format human-readable-text --notices --warnings --export-dependency-info /Users/hectorgarcia/Library/Developer/Xcode/DerivedData/Build/Intermediates.noindex/Lyo.build/Debug-iphonesimulator/Lyo.build/assetcatalog_dependencies_thinned --output-partial-info-plist /Users/hectorgarcia/Library/Developer/Xcode/DerivedData/Build/Intermediates.noindex/Lyo.build/Debug-iphonesimulator/Lyo.build/assetcatalog_generated_info.plist_thinned --app-icon AppIcon --compress-pngs --enable-on-demand-resources YES --filter-for-thinning-device-configuration iPhone18,1 --filter-for-device-os-version 26.2 --development-region en --target-device iphone --target-device ipad --minimum-deployment-target 17.0 --platform iphonesimulator

ScanDependencies /Users/hectorgarcia/Library/Developer/Xcode/DerivedData/Build/Intermediates.noindex/Firebase.build/Debug-iphonesimulator/FirebaseCore.build/Objects-normal/x86_64/resource_bundle_accessor.o /Users/hectorgarcia/Library/Developer/Xcode/DerivedData/Build/Intermediates.noindex/Firebase.build/Debug-iphonesimulator/FirebaseCore.build/DerivedSources/resource_bundle_accessor.m normal x86_64 objective-c com.apple.compilers.llvm.clang.1_0.compiler (in target 'FirebaseCore' from project 'Firebase')
    cd /Users/hectorgarcia/LYO_Da_ONE/Lyo.xcodeproj
    
    Using response file: /Users/hectorgarcia/Library/Developer/Xcode/DerivedData/Build/Intermediates.noindex/Firebase.build/Debug-iphonesimulator/FirebaseCore.build/Objects-normal/x86_64/e6072d4f65d7061329687fe24e3d63a7-common-args.resp
    
    builtin-ScanDependencies -o /Users/hectorgarcia/Library/Developer/Xcode/DerivedData/Build/Intermediates.noindex/Firebase.build/Debug-iphonesimulator/FirebaseCore.build/Objects-normal/x86_64/resource_bundle_accessor.o.scan -- /Users/hectorgarcia/Downloads/Xcode.app/Contents/Developer/Toolchains/XcodeDefault.xctoolchain/usr/bin/clang -x objective-c -ivfsstatcache /Users/hectorgarcia/Library/Developer/Xcode/DerivedData/SDKStatCaches.noindex/iphonesimulator26.2-23C53-823d3e8b6e60bc2018c189d3ca05ba9b.sdkstatcache -fmessage-length\=0 -fdiagnostics-show-note-include-stack -fmacro-backtrace-limit\=0 -fno-color-diagnostics -fmodules-prune-interval\=86400 -fmodules-prune-after\=345600 -fbuild-session-file\=/Users/hectorgarcia/Library/Developer/Xcode/DerivedData/ModuleCache.noindex/Session.modulevalidation -fmodules-validate-once-per-build-session -Wnon-modular-include-in-framework-module -Werror\=non-modular-include-in-framework-module -Wno-trigraphs -Wno-missing-field-initializers -Wno-missing-prototypes -Wno-return-type -Wno-implicit-atomic-properties -Wno-objc-interface-ivars -Wno-arc-repeated-use-of-weak -Wno-missing-braces -Wparentheses -Wswitch -Wno-unused-function -Wno-unused-label -Wno-unused-parameter -Wno-unused-variable -Wunused-value -Wno-empty-body -Wno-uninitialized -Wno-unknown-pragmas -w -Wno-shadow -Wno-four-char-constants -Wno-conversion -Wno-constant-conversion -Wno-int-conversion -Wno-bool-conversion -Wno-enum-conversion -Wno-float-conversion -Wno-non-literal-null-conversion -Wno-objc-literal-conversion -Wshorten-64-to-32 -Wpointer-sign -Wno-newline-eof -Wno-selector -Wno-strict-selector-match -Wno-undeclared-selector -Wno-deprecated-implementations -Wno-implicit-fallthrough -fstrict-aliasing -Wprotocol -Wdeprecated-declarations -Wno-sign-conversion -Wno-infinite-recursion -Wno-comma -Wno-block-capture-autoreleasing -Wno-strict-prototypes -Wno-semicolon-before-method-body -index-store-path /Users/hectorgarcia/Library/Developer/Xcode/DerivedData/Lyo-eagkiegzrakogpczynhkaholsscs/Index.noindex/DataStore @/Users/hectorgarcia/Library/Developer/Xcode/DerivedData/Build/Intermediates.noindex/Firebase.build/Debug-iphonesimulator/FirebaseCore.build/Objects-normal/x86_64/e6072d4f65d7061329687fe24e3d63a7-common-args.resp -include /Users/hectorgarcia/Library/Developer/Xcode/DerivedData/Build/Intermediates.noindex/Firebase.build/Debug-iphonesimulator/FirebaseCore.build/DerivedSources/resource_bundle_accessor.h -MMD -MT dependencies -MF /Users/hectorgarcia/Library/Developer/Xcode/DerivedData/Build/Intermediates.noindex/Firebase.build/Debug-iphonesimulator/FirebaseCore.build/Objects-normal/x86_64/resource_bundle_accessor.d --serialize-diagnostics /Users/hectorgarcia/Library/Developer/Xcode/DerivedData/Build/Intermediates.noindex/Firebase.build/Debug-iphonesimulator/FirebaseCore.build/Objects-normal/x86_64/resource_bundle_accessor.dia -c /Users/hectorgarcia/Library/Developer/Xcode/DerivedData/Build/Intermediates.noindex/Firebase.build/Debug-iphonesimulator/FirebaseCore.build/DerivedSources/resource_bundle_accessor.m -o /Users/hectorgarcia/Library/Developer/Xcode/DerivedData/Build/Intermediates.noindex/Firebase.build/Debug-iphonesimulator/FirebaseCore.build/Objects-normal/x86_64/resource_bundle_accessor.o -index-unit-output-path /Firebase.build/Debug-iphonesimulator/FirebaseCore.build/Objects-normal/x86_64/resource_bundle_accessor.o

ScanDependencies /Users/hectorgarcia/Library/Developer/Xcode/DerivedData/Build/Intermediates.noindex/Firebase.build/Debug-iphonesimulator/FirebaseCore.build/Objects-normal/x86_64/FIRVersion.o /Users/hectorgarcia/Library/Developer/Xcode/DerivedData/Lyo-eagkiegzrakogpczynhkaholsscs/SourcePackages/checkouts/firebase-ios-sdk/FirebaseCore/Sources/FIRVersion.m normal x86_64 objective-c com.apple.compilers.llvm.clang.1_0.compiler (in target 'FirebaseCore' from project 'Firebase')
    cd /Users/hectorgarcia/LYO_Da_ONE/Lyo.xcodeproj
    
    Using response file: /Users/hectorgarcia/Library/Developer/Xcode/DerivedData/Build/Intermediates.noindex/Firebase.build/Debug-iphonesimulator/FirebaseCore.build/Objects-normal/x86_64/e6072d4f65d7061329687fe24e3d63a7-common-args.resp
    
    builtin-ScanDependencies -o /Users/hectorgarcia/Library/Developer/Xcode/DerivedData/Build/Intermediates.noindex/Firebase.build/Debug-iphonesimulator/FirebaseCore.build/Objects-normal/x86_64/FIRVersion.o.scan -- /Users/hectorgarcia/Downloads/Xcode.app/Contents/Developer/Toolchains/XcodeDefault.xctoolchain/usr/bin/clang -x objective-c -ivfsstatcache /Users/hectorgarcia/Library/Developer/Xcode/DerivedData/SDKStatCaches.noindex/iphonesimulator26.2-23C53-823d3e8b6e60bc2018c189d3ca05ba9b.sdkstatcache -fmessage-length\=0 -fdiagnostics-show-note-include-stack -fmacro-backtrace-limit\=0 -fno-color-diagnostics -fmodules-prune-interval\=86400 -fmodules-prune-after\=345600 -fbuild-session-file\=/Users/hectorgarcia/Library/Developer/Xcode/DerivedData/ModuleCache.noindex/Session.modulevalidation -fmodules-validate-once-per-build-session -Wnon-modular-include-in-framework-module -Werror\=non-modular-include-in-framework-module -Wno-trigraphs -Wno-missing-field-initializers -Wno-missing-prototypes -Wno-return-type -Wno-implicit-atomic-properties -Wno-objc-interface-ivars -Wno-arc-repeated-use-of-weak -Wno-missing-braces -Wparentheses -Wswitch -Wno-unused-function -Wno-unused-label -Wno-unused-parameter -Wno-unused-variable -Wunused-value -Wno-empty-body -Wno-uninitialized -Wno-unknown-pragmas -w -Wno-shadow -Wno-four-char-constants -Wno-conversion -Wno-constant-conversion -Wno-int-conversion -Wno-bool-conversion -Wno-enum-conversion -Wno-float-conversion -Wno-non-literal-null-conversion -Wno-objc-literal-conversion -Wshorten-64-to-32 -Wpointer-sign -Wno-newline-eof -Wno-selector -Wno-strict-selector-match -Wno-undeclared-selector -Wno-deprecated-implementations -Wno-implicit-fallthrough -fstrict-aliasing -Wprotocol -Wdeprecated-declarations -Wno-sign-conversion -Wno-infinite-recursion -Wno-comma -Wno-block-capture-autoreleasing -Wno-strict-prototypes -Wno-semicolon-before-method-body -index-store-path /Users/hectorgarcia/Library/Developer/Xcode/DerivedData/Lyo-eagkiegzrakogpczynhkaholsscs/Index.noindex/DataStore @/Users/hectorgarcia/Library/Developer/Xcode/DerivedData/Build/Intermediates.noindex/Firebase.build/Debug-iphonesimulator/FirebaseCore.build/Objects-normal/x86_64/e6072d4f65d7061329687fe24e3d63a7-common-args.resp -include /Users/hectorgarcia/Library/Developer/Xcode/DerivedData/Build/Intermediates.noindex/Firebase.build/Debug-iphonesimulator/FirebaseCore.build/DerivedSources/resource_bundle_accessor.h -MMD -MT dependencies -MF /Users/hectorgarcia/Library/Developer/Xcode/DerivedData/Build/Intermediates.noindex/Firebase.build/Debug-iphonesimulator/FirebaseCore.build/Objects-normal/x86_64/FIRVersion.d --serialize-diagnostics /Users/hectorgarcia/Library/Developer/Xcode/DerivedData/Build/Intermediates.noindex/Firebase.build/Debug-iphonesimulator/FirebaseCore.build/Objects-normal/x86_64/FIRVersion.dia -c /Users/hectorgarcia/Library/Developer/Xcode/DerivedData/Lyo-eagkiegzrakogpczynhkaholsscs/SourcePackages/checkouts/firebase-ios-sdk/FirebaseCore/Sources/FIRVersion.m -o /Users/hectorgarcia/Library/Developer/Xcode/DerivedData/Build/Intermediates.noindex/Firebase.build/Debug-iphonesimulator/FirebaseCore.build/Objects-normal/x86_64/FIRVersion.o -index-unit-output-path /Firebase.build/Debug-iphonesimulator/FirebaseCore.build/Objects-normal/x86_64/FIRVersion.o

CompileC /Users/hectorgarcia/Library/Developer/Xcode/DerivedData/Build/Intermediates.noindex/AppAuth.build/Debug-iphonesimulator/AppAuth.build/Objects-normal/x86_64/OIDExternalUserAgentIOSCustomBrowser.o /Users/hectorgarcia/Library/Developer/Xcode/DerivedData/Lyo-eagkiegzrakogpczynhkaholsscs/SourcePackages/checkouts/AppAuth-iOS/Sources/AppAuth/iOS/OIDExternalUserAgentIOSCustomBrowser.m normal x86_64 objective-c com.apple.compilers.llvm.clang.1_0.compiler (in target 'AppAuth' from project 'AppAuth')
    cd /Users/hectorgarcia/LYO_Da_ONE/Lyo.xcodeproj
    
    Using response file: /Users/hectorgarcia/Library/Developer/Xcode/DerivedData/Build/Intermediates.noindex/AppAuth.build/Debug-iphonesimulator/AppAuth.build/Objects-normal/x86_64/e6072d4f65d7061329687fe24e3d63a7-common-args.resp
    
    /Users/hectorgarcia/Downloads/Xcode.app/Contents/Developer/Toolchains/XcodeDefault.xctoolchain/usr/bin/clang -x objective-c -ivfsstatcache /Users/hectorgarcia/Library/Developer/Xcode/DerivedData/SDKStatCaches.noindex/iphonesimulator26.2-23C53-823d3e8b6e60bc2018c189d3ca05ba9b.sdkstatcache -fmessage-length\=0 -fdiagnostics-show-note-include-stack -fmacro-backtrace-limit\=0 -fno-color-diagnostics -fmodules-prune-interval\=86400 -fmodules-prune-after\=345600 -fbuild-session-file\=/Users/hectorgarcia/Library/Developer/Xcode/DerivedData/ModuleCache.noindex/Session.modulevalidation -fmodules-validate-once-per-build-session -Wnon-modular-include-in-framework-module -Werror\=non-modular-include-in-framework-module -Wno-trigraphs -Wno-missing-field-initializers -Wno-missing-prototypes -Wno-return-type -Wno-implicit-atomic-properties -Wno-objc-interface-ivars -Wno-arc-repeated-use-of-weak -Wno-missing-braces -Wparentheses -Wswitch -Wno-unused-function -Wno-unused-label -Wno-unused-parameter -Wno-unused-variable -Wunused-value -Wno-empty-body -Wno-uninitialized -Wno-unknown-pragmas -w -Wno-shadow -Wno-four-char-constants -Wno-conversion -Wno-constant-conversion -Wno-int-conversion -Wno-bool-conversion -Wno-enum-conversion -Wno-float-conversion -Wno-non-literal-null-conversion -Wno-objc-literal-conversion -Wshorten-64-to-32 -Wpointer-sign -Wno-newline-eof -Wno-selector -Wno-strict-selector-match -Wno-undeclared-selector -Wno-deprecated-implementations -Wno-implicit-fallthrough -fstrict-aliasing -Wprotocol -Wdeprecated-declarations -Wno-sign-conversion -Wno-infinite-recursion -Wno-comma -Wno-block-capture-autoreleasing -Wno-strict-prototypes -Wno-semicolon-before-method-body -index-store-path /Users/hectorgarcia/Library/Developer/Xcode/DerivedData/Lyo-eagkiegzrakogpczynhkaholsscs/Index.noindex/DataStore @/Users/hectorgarcia/Library/Developer/Xcode/DerivedData/Build/Intermediates.noindex/AppAuth.build/Debug-iphonesimulator/AppAuth.build/Objects-normal/x86_64/e6072d4f65d7061329687fe24e3d63a7-common-args.resp -include /Users/hectorgarcia/Library/Developer/Xcode/DerivedData/Build/Intermediates.noindex/AppAuth.build/Debug-iphonesimulator/AppAuth.build/DerivedSources/resource_bundle_accessor.h -MMD -MT dependencies -MF /Users/hectorgarcia/Library/Developer/Xcode/DerivedData/Build/Intermediates.noindex/AppAuth.build/Debug-iphonesimulator/AppAuth.build/Objects-normal/x86_64/OIDExternalUserAgentIOSCustomBrowser.d --serialize-diagnostics /Users/hectorgarcia/Library/Developer/Xcode/DerivedData/Build/Intermediates.noindex/AppAuth.build/Debug-iphonesimulator/AppAuth.build/Objects-normal/x86_64/OIDExternalUserAgentIOSCustomBrowser.dia -c /Users/hectorgarcia/Library/Developer/Xcode/DerivedData/Lyo-eagkiegzrakogpczynhkaholsscs/SourcePackages/checkouts/AppAuth-iOS/Sources/AppAuth/iOS/OIDExternalUserAgentIOSCustomBrowser.m -o /Users/hectorgarcia/Library/Developer/Xcode/DerivedData/Build/Intermediates.noindex/AppAuth.build/Debug-iphonesimulator/AppAuth.build/Objects-normal/x86_64/OIDExternalUserAgentIOSCustomBrowser.o -index-unit-output-path /AppAuth.build/Debug-iphonesimulator/AppAuth.build/Objects-normal/x86_64/OIDExternalUserAgentIOSCustomBrowser.o

CompileC /Users/hectorgarcia/Library/Developer/Xcode/DerivedData/Build/Intermediates.noindex/AppAuth.build/Debug-iphonesimulator/AppAuth.build/Objects-normal/x86_64/OIDAuthorizationService+IOS.o /Users/hectorgarcia/Library/Developer/Xcode/DerivedData/Lyo-eagkiegzrakogpczynhkaholsscs/SourcePackages/checkouts/AppAuth-iOS/Sources/AppAuth/iOS/OIDAuthorizationService+IOS.m normal x86_64 objective-c com.apple.compilers.llvm.clang.1_0.compiler (in target 'AppAuth' from project 'AppAuth')
    cd /Users/hectorgarcia/LYO_Da_ONE/Lyo.xcodeproj
    
    Using response file: /Users/hectorgarcia/Library/Developer/Xcode/DerivedData/Build/Intermediates.noindex/AppAuth.build/Debug-iphonesimulator/AppAuth.build/Objects-normal/x86_64/e6072d4f65d7061329687fe24e3d63a7-common-args.resp
    
    /Users/hectorgarcia/Downloads/Xcode.app/Contents/Developer/Toolchains/XcodeDefault.xctoolchain/usr/bin/clang -x objective-c -ivfsstatcache /Users/hectorgarcia/Library/Developer/Xcode/DerivedData/SDKStatCaches.noindex/iphonesimulator26.2-23C53-823d3e8b6e60bc2018c189d3ca05ba9b.sdkstatcache -fmessage-length\=0 -fdiagnostics-show-note-include-stack -fmacro-backtrace-limit\=0 -fno-color-diagnostics -fmodules-prune-interval\=86400 -fmodules-prune-after\=345600 -fbuild-session-file\=/Users/hectorgarcia/Library/Developer/Xcode/DerivedData/ModuleCache.noindex/Session.modulevalidation -fmodules-validate-once-per-build-session -Wnon-modular-include-in-framework-module -Werror\=non-modular-include-in-framework-module -Wno-trigraphs -Wno-missing-field-initializers -Wno-missing-prototypes -Wno-return-type -Wno-implicit-atomic-properties -Wno-objc-interface-ivars -Wno-arc-repeated-use-of-weak -Wno-missing-braces -Wparentheses -Wswitch -Wno-unused-function -Wno-unused-label -Wno-unused-parameter -Wno-unused-variable -Wunused-value -Wno-empty-body -Wno-uninitialized -Wno-unknown-pragmas -w -Wno-shadow -Wno-four-char-constants -Wno-conversion -Wno-constant-conversion -Wno-int-conversion -Wno-bool-conversion -Wno-enum-conversion -Wno-float-conversion -Wno-non-literal-null-conversion -Wno-objc-literal-conversion -Wshorten-64-to-32 -Wpointer-sign -Wno-newline-eof -Wno-selector -Wno-strict-selector-match -Wno-undeclared-selector -Wno-deprecated-implementations -Wno-implicit-fallthrough -fstrict-aliasing -Wprotocol -Wdeprecated-declarations -Wno-sign-conversion -Wno-infinite-recursion -Wno-comma -Wno-block-capture-autoreleasing -Wno-strict-prototypes -Wno-semicolon-before-method-body -index-store-path /Users/hectorgarcia/Library/Developer/Xcode/DerivedData/Lyo-eagkiegzrakogpczynhkaholsscs/Index.noindex/DataStore @/Users/hectorgarcia/Library/Developer/Xcode/DerivedData/Build/Intermediates.noindex/AppAuth.build/Debug-iphonesimulator/AppAuth.build/Objects-normal/x86_64/e6072d4f65d7061329687fe24e3d63a7-common-args.resp -include /Users/hectorgarcia/Library/Developer/Xcode/DerivedData/Build/Intermediates.noindex/AppAuth.build/Debug-iphonesimulator/AppAuth.build/DerivedSources/resource_bundle_accessor.h -MMD -MT dependencies -MF /Users/hectorgarcia/Library/Developer/Xcode/DerivedData/Build/Intermediates.noindex/AppAuth.build/Debug-iphonesimulator/AppAuth.build/Objects-normal/x86_64/OIDAuthorizationService+IOS.d --serialize-diagnostics /Users/hectorgarcia/Library/Developer/Xcode/DerivedData/Build/Intermediates.noindex/AppAuth.build/Debug-iphonesimulator/AppAuth.build/Objects-normal/x86_64/OIDAuthorizationService+IOS.dia -c /Users/hectorgarcia/Library/Developer/Xcode/DerivedData/Lyo-eagkiegzrakogpczynhkaholsscs/SourcePackages/checkouts/AppAuth-iOS/Sources/AppAuth/iOS/OIDAuthorizationService+IOS.m -o /Users/hectorgarcia/Library/Developer/Xcode/DerivedData/Build/Intermediates.noindex/AppAuth.build/Debug-iphonesimulator/AppAuth.build/Objects-normal/x86_64/OIDAuthorizationService+IOS.o -index-unit-output-path /AppAuth.build/Debug-iphonesimulator/AppAuth.build/Objects-normal/x86_64/OIDAuthorizationService+IOS.o

CompileC /Users/hectorgarcia/Library/Developer/Xcode/DerivedData/Build/Intermediates.noindex/AppAuth.build/Debug-iphonesimulator/AppAuth.build/Objects-normal/x86_64/OIDAuthState+IOS.o /Users/hectorgarcia/Library/Developer/Xcode/DerivedData/Lyo-eagkiegzrakogpczynhkaholsscs/SourcePackages/checkouts/AppAuth-iOS/Sources/AppAuth/iOS/OIDAuthState+IOS.m normal x86_64 objective-c com.apple.compilers.llvm.clang.1_0.compiler (in target 'AppAuth' from project 'AppAuth')
    cd /Users/hectorgarcia/LYO_Da_ONE/Lyo.xcodeproj
    
    Using response file: /Users/hectorgarcia/Library/Developer/Xcode/DerivedData/Build/Intermediates.noindex/AppAuth.build/Debug-iphonesimulator/AppAuth.build/Objects-normal/x86_64/e6072d4f65d7061329687fe24e3d63a7-common-args.resp
    
    /Users/hectorgarcia/Downloads/Xcode.app/Contents/Developer/Toolchains/XcodeDefault.xctoolchain/usr/bin/clang -x objective-c -ivfsstatcache /Users/hectorgarcia/Library/Developer/Xcode/DerivedData/SDKStatCaches.noindex/iphonesimulator26.2-23C53-823d3e8b6e60bc2018c189d3ca05ba9b.sdkstatcache -fmessage-length\=0 -fdiagnostics-show-note-include-stack -fmacro-backtrace-limit\=0 -fno-color-diagnostics -fmodules-prune-interval\=86400 -fmodules-prune-after\=345600 -fbuild-session-file\=/Users/hectorgarcia/Library/Developer/Xcode/DerivedData/ModuleCache.noindex/Session.modulevalidation -fmodules-validate-once-per-build-session -Wnon-modular-include-in-framework-module -Werror\=non-modular-include-in-framework-module -Wno-trigraphs -Wno-missing-field-initializers -Wno-missing-prototypes -Wno-return-type -Wno-implicit-atomic-properties -Wno-objc-interface-ivars -Wno-arc-repeated-use-of-weak -Wno-missing-braces -Wparentheses -Wswitch -Wno-unused-function -Wno-unused-label -Wno-unused-parameter -Wno-unused-variable -Wunused-value -Wno-empty-body -Wno-uninitialized -Wno-unknown-pragmas -w -Wno-shadow -Wno-four-char-constants -Wno-conversion -Wno-constant-conversion -Wno-int-conversion -Wno-bool-conversion -Wno-enum-conversion -Wno-float-conversion -Wno-non-literal-null-conversion -Wno-objc-literal-conversion -Wshorten-64-to-32 -Wpointer-sign -Wno-newline-eof -Wno-selector -Wno-strict-selector-match -Wno-undeclared-selector -Wno-deprecated-implementations -Wno-implicit-fallthrough -fstrict-aliasing -Wprotocol -Wdeprecated-declarations -Wno-sign-conversion -Wno-infinite-recursion -Wno-comma -Wno-block-capture-autoreleasing -Wno-strict-prototypes -Wno-semicolon-before-method-body -index-store-path /Users/hectorgarcia/Library/Developer/Xcode/DerivedData/Lyo-eagkiegzrakogpczynhkaholsscs/Index.noindex/DataStore @/Users/hectorgarcia/Library/Developer/Xcode/DerivedData/Build/Intermediates.noindex/AppAuth.build/Debug-iphonesimulator/AppAuth.build/Objects-normal/x86_64/e6072d4f65d7061329687fe24e3d63a7-common-args.resp -include /Users/hectorgarcia/Library/Developer/Xcode/DerivedData/Build/Intermediates.noindex/AppAuth.build/Debug-iphonesimulator/AppAuth.build/DerivedSources/resource_bundle_accessor.h -MMD -MT dependencies -MF /Users/hectorgarcia/Library/Developer/Xcode/DerivedData/Build/Intermediates.noindex/AppAuth.build/Debug-iphonesimulator/AppAuth.build/Objects-normal/x86_64/OIDAuthState+IOS.d --serialize-diagnostics /Users/hectorgarcia/Library/Developer/Xcode/DerivedData/Build/Intermediates.noindex/AppAuth.build/Debug-iphonesimulator/AppAuth.build/Objects-normal/x86_64/OIDAuthState+IOS.dia -c /Users/hectorgarcia/Library/Developer/Xcode/DerivedData/Lyo-eagkiegzrakogpczynhkaholsscs/SourcePackages/checkouts/AppAuth-iOS/Sources/AppAuth/iOS/OIDAuthState+IOS.m -o /Users/hectorgarcia/Library/Developer/Xcode/DerivedData/Build/Intermediates.noindex/AppAuth.build/Debug-iphonesimulator/AppAuth.build/Objects-normal/x86_64/OIDAuthState+IOS.o -index-unit-output-path /AppAuth.build/Debug-iphonesimulator/AppAuth.build/Objects-normal/x86_64/OIDAuthState+IOS.o

PrecompileModule /Users/hectorgarcia/Library/Developer/Xcode/DerivedData/Build/Intermediates.noindex/ExplicitPrecompiledModules/_AvailabilityInternal-58RDYM6TZEBCN9M4MZOYTYX28.scan
    cd /
    builtin-precompileModule /Users/hectorgarcia/Library/Developer/Xcode/DerivedData/Build/Intermediates.noindex/ExplicitPrecompiledModules/_AvailabilityInternal-58RDYM6TZEBCN9M4MZOYTYX28.scan

PrecompileModule /Users/hectorgarcia/Library/Developer/Xcode/DerivedData/Build/Intermediates.noindex/ExplicitPrecompiledModules/_Builtin_float-58D6AA1X4F3ZYJ0KQFF2E0J1T.scan
    cd /
    builtin-precompileModule /Users/hectorgarcia/Library/Developer/Xcode/DerivedData/Build/Intermediates.noindex/ExplicitPrecompiledModules/_Builtin_float-58D6AA1X4F3ZYJ0KQFF2E0J1T.scan

PrecompileModule /Users/hectorgarcia/Library/Developer/Xcode/DerivedData/Build/Intermediates.noindex/ExplicitPrecompiledModules/_Builtin_stdbool-35NHCOQE5KDMXOZA9FUOVB8Z2.scan
    cd /
    builtin-precompileModule /Users/hectorgarcia/Library/Developer/Xcode/DerivedData/Build/Intermediates.noindex/ExplicitPrecompiledModules/_Builtin_stdbool-35NHCOQE5KDMXOZA9FUOVB8Z2.scan

PrecompileModule /Users/hectorgarcia/Library/Developer/Xcode/DerivedData/Build/Intermediates.noindex/ExplicitPrecompiledModules/ptrcheck-4V4QVFBL4YM9P765CHSPS4L5.scan
    cd /
    builtin-precompileModule /Users/hectorgarcia/Library/Developer/Xcode/DerivedData/Build/Intermediates.noindex/ExplicitPrecompiledModules/ptrcheck-4V4QVFBL4YM9P765CHSPS4L5.scan

PrecompileModule /Users/hectorgarcia/Library/Developer/Xcode/DerivedData/Build/Intermediates.noindex/ExplicitPrecompiledModules/_Builtin_stdarg-40LSET2YEG8L1PDWCMBY2CGK0.scan
    cd /
    builtin-precompileModule /Users/hectorgarcia/Library/Developer/Xcode/DerivedData/Build/Intermediates.noindex/ExplicitPrecompiledModules/_Builtin_stdarg-40LSET2YEG8L1PDWCMBY2CGK0.scan

PrecompileModule /Users/hectorgarcia/Library/Developer/Xcode/DerivedData/Build/Intermediates.noindex/ExplicitPrecompiledModules/_DarwinFoundation1-3A6NHQ518K4OXREYNIM8AT1TA.scan
    cd /
    builtin-precompileModule /Users/hectorgarcia/Library/Developer/Xcode/DerivedData/Build/Intermediates.noindex/ExplicitPrecompiledModules/_DarwinFoundation1-3A6NHQ518K4OXREYNIM8AT1TA.scan

PrecompileModule /Users/hectorgarcia/Library/Developer/Xcode/DerivedData/Build/Intermediates.noindex/ExplicitPrecompiledModules/_Builtin_stddef-A1YDPSBHZWXL5K8729GH6TY0B.scan
    cd /
    builtin-precompileModule /Users/hectorgarcia/Library/Developer/Xcode/DerivedData/Build/Intermediates.noindex/ExplicitPrecompiledModules/_Builtin_stddef-A1YDPSBHZWXL5K8729GH6TY0B.scan

PrecompileModule /Users/hectorgarcia/Library/Developer/Xcode/DerivedData/Build/Intermediates.noindex/ExplicitPrecompiledModules/ptrauth-5LXBBIZZC2L5M17HAF8434N2G.scan
    cd /
    builtin-precompileModule /Users/hectorgarcia/Library/Developer/Xcode/DerivedData/Build/Intermediates.noindex/ExplicitPrecompiledModules/ptrauth-5LXBBIZZC2L5M17HAF8434N2G.scan

ScanDependencies /Users/hectorgarcia/Library/Developer/Xcode/DerivedData/Build/Intermediates.noindex/Firebase.build/Debug-iphonesimulator/FirebaseCore.build/Objects-normal/x86_64/FIROptions.o /Users/hectorgarcia/Library/Developer/Xcode/DerivedData/Lyo-eagkiegzrakogpczynhkaholsscs/SourcePackages/checkouts/firebase-ios-sdk/FirebaseCore/Sources/FIROptions.m normal x86_64 objective-c com.apple.compilers.llvm.clang.1_0.compiler (in target 'FirebaseCore' from project 'Firebase')
    cd /Users/hectorgarcia/LYO_Da_ONE/Lyo.xcodeproj
    
    Using response file: /Users/hectorgarcia/Library/Developer/Xcode/DerivedData/Build/Intermediates.noindex/Firebase.build/Debug-iphonesimulator/FirebaseCore.build/Objects-normal/x86_64/e6072d4f65d7061329687fe24e3d63a7-common-args.resp
    
    builtin-ScanDependencies -o /Users/hectorgarcia/Library/Developer/Xcode/DerivedData/Build/Intermediates.noindex/Firebase.build/Debug-iphonesimulator/FirebaseCore.build/Objects-normal/x86_64/FIROptions.o.scan -- /Users/hectorgarcia/Downloads/Xcode.app/Contents/Developer/Toolchains/XcodeDefault.xctoolchain/usr/bin/clang -x objective-c -ivfsstatcache /Users/hectorgarcia/Library/Developer/Xcode/DerivedData/SDKStatCaches.noindex/iphonesimulator26.2-23C53-823d3e8b6e60bc2018c189d3ca05ba9b.sdkstatcache -fmessage-length\=0 -fdiagnostics-show-note-include-stack -fmacro-backtrace-limit\=0 -fno-color-diagnostics -fmodules-prune-interval\=86400 -fmodules-prune-after\=345600 -fbuild-session-file\=/Users/hectorgarcia/Library/Developer/Xcode/DerivedData/ModuleCache.noindex/Session.modulevalidation -fmodules-validate-once-per-build-session -Wnon-modular-include-in-framework-module -Werror\=non-modular-include-in-framework-module -Wno-trigraphs -Wno-missing-field-initializers -Wno-missing-prototypes -Wno-return-type -Wno-implicit-atomic-properties -Wno-objc-interface-ivars -Wno-arc-repeated-use-of-weak -Wno-missing-braces -Wparentheses -Wswitch -Wno-unused-function -Wno-unused-label -Wno-unused-parameter -Wno-unused-variable -Wunused-value -Wno-empty-body -Wno-uninitialized -Wno-unknown-pragmas -w -Wno-shadow -Wno-four-char-constants -Wno-conversion -Wno-constant-conversion -Wno-int-conversion -Wno-bool-conversion -Wno-enum-conversion -Wno-float-conversion -Wno-non-literal-null-conversion -Wno-objc-literal-conversion -Wshorten-64-to-32 -Wpointer-sign -Wno-newline-eof -Wno-selector -Wno-strict-selector-match -Wno-undeclared-selector -Wno-deprecated-implementations -Wno-implicit-fallthrough -fstrict-aliasing -Wprotocol -Wdeprecated-declarations -Wno-sign-conversion -Wno-infinite-recursion -Wno-comma -Wno-block-capture-autoreleasing -Wno-strict-prototypes -Wno-semicolon-before-method-body -index-store-path /Users/hectorgarcia/Library/Developer/Xcode/DerivedData/Lyo-eagkiegzrakogpczynhkaholsscs/Index.noindex/DataStore @/Users/hectorgarcia/Library/Developer/Xcode/DerivedData/Build/Intermediates.noindex/Firebase.build/Debug-iphonesimulator/FirebaseCore.build/Objects-normal/x86_64/e6072d4f65d7061329687fe24e3d63a7-common-args.resp -include /Users/hectorgarcia/Library/Developer/Xcode/DerivedData/Build/Intermediates.noindex/Firebase.build/Debug-iphonesimulator/FirebaseCore.build/DerivedSources/resource_bundle_accessor.h -MMD -MT dependencies -MF /Users/hectorgarcia/Library/Developer/Xcode/DerivedData/Build/Intermediates.noindex/Firebase.build/Debug-iphonesimulator/FirebaseCore.build/Objects-normal/x86_64/FIROptions.d --serialize-diagnostics /Users/hectorgarcia/Library/Developer/Xcode/DerivedData/Build/Intermediates.noindex/Firebase.build/Debug-iphonesimulator/FirebaseCore.build/Objects-normal/x86_64/FIROptions.dia -c /Users/hectorgarcia/Library/Developer/Xcode/DerivedData/Lyo-eagkiegzrakogpczynhkaholsscs/SourcePackages/checkouts/firebase-ios-sdk/FirebaseCore/Sources/FIROptions.m -o /Users/hectorgarcia/Library/Developer/Xcode/DerivedData/Build/Intermediates.noindex/Firebase.build/Debug-iphonesimulator/FirebaseCore.build/Objects-normal/x86_64/FIROptions.o -index-unit-output-path /Firebase.build/Debug-iphonesimulator/FirebaseCore.build/Objects-normal/x86_64/FIROptions.o

ScanDependencies /Users/hectorgarcia/Library/Developer/Xcode/DerivedData/Build/Intermediates.noindex/Firebase.build/Debug-iphonesimulator/FirebaseCore.build/Objects-normal/x86_64/FIRLogger.o /Users/hectorgarcia/Library/Developer/Xcode/DerivedData/Lyo-eagkiegzrakogpczynhkaholsscs/SourcePackages/checkouts/firebase-ios-sdk/FirebaseCore/Sources/FIRLogger.m normal x86_64 objective-c com.apple.compilers.llvm.clang.1_0.compiler (in target 'FirebaseCore' from project 'Firebase')
    cd /Users/hectorgarcia/LYO_Da_ONE/Lyo.xcodeproj
    
    Using response file: /Users/hectorgarcia/Library/Developer/Xcode/DerivedData/Build/Intermediates.noindex/Firebase.build/Debug-iphonesimulator/FirebaseCore.build/Objects-normal/x86_64/e6072d4f65d7061329687fe24e3d63a7-common-args.resp
    
    builtin-ScanDependencies -o /Users/hectorgarcia/Library/Developer/Xcode/DerivedData/Build/Intermediates.noindex/Firebase.build/Debug-iphonesimulator/FirebaseCore.build/Objects-normal/x86_64/FIRLogger.o.scan -- /Users/hectorgarcia/Downloads/Xcode.app/Contents/Developer/Toolchains/XcodeDefault.xctoolchain/usr/bin/clang -x objective-c -ivfsstatcache /Users/hectorgarcia/Library/Developer/Xcode/DerivedData/SDKStatCaches.noindex/iphonesimulator26.2-23C53-823d3e8b6e60bc2018c189d3ca05ba9b.sdkstatcache -fmessage-length\=0 -fdiagnostics-show-note-include-stack -fmacro-backtrace-limit\=0 -fno-color-diagnostics -fmodules-prune-interval\=86400 -fmodules-prune-after\=345600 -fbuild-session-file\=/Users/hectorgarcia/Library/Developer/Xcode/DerivedData/ModuleCache.noindex/Session.modulevalidation -fmodules-validate-once-per-build-session -Wnon-modular-include-in-framework-module -Werror\=non-modular-include-in-framework-module -Wno-trigraphs -Wno-missing-field-initializers -Wno-missing-prototypes -Wno-return-type -Wno-implicit-atomic-properties -Wno-objc-interface-ivars -Wno-arc-repeated-use-of-weak -Wno-missing-braces -Wparentheses -Wswitch -Wno-unused-function -Wno-unused-label -Wno-unused-parameter -Wno-unused-variable -Wunused-value -Wno-empty-body -Wno-uninitialized -Wno-unknown-pragmas -w -Wno-shadow -Wno-four-char-constants -Wno-conversion -Wno-constant-conversion -Wno-int-conversion -Wno-bool-conversion -Wno-enum-conversion -Wno-float-conversion -Wno-non-literal-null-conversion -Wno-objc-literal-conversion -Wshorten-64-to-32 -Wpointer-sign -Wno-newline-eof -Wno-selector -Wno-strict-selector-match -Wno-undeclared-selector -Wno-deprecated-implementations -Wno-implicit-fallthrough -fstrict-aliasing -Wprotocol -Wdeprecated-declarations -Wno-sign-conversion -Wno-infinite-recursion -Wno-comma -Wno-block-capture-autoreleasing -Wno-strict-prototypes -Wno-semicolon-before-method-body -index-store-path /Users/hectorgarcia/Library/Developer/Xcode/DerivedData/Lyo-eagkiegzrakogpczynhkaholsscs/Index.noindex/DataStore @/Users/hectorgarcia/Library/Developer/Xcode/DerivedData/Build/Intermediates.noindex/Firebase.build/Debug-iphonesimulator/FirebaseCore.build/Objects-normal/x86_64/e6072d4f65d7061329687fe24e3d63a7-common-args.resp -include /Users/hectorgarcia/Library/Developer/Xcode/DerivedData/Build/Intermediates.noindex/Firebase.build/Debug-iphonesimulator/FirebaseCore.build/DerivedSources/resource_bundle_accessor.h -MMD -MT dependencies -MF /Users/hectorgarcia/Library/Developer/Xcode/DerivedData/Build/Intermediates.noindex/Firebase.build/Debug-iphonesimulator/FirebaseCore.build/Objects-normal/x86_64/FIRLogger.d --serialize-diagnostics /Users/hectorgarcia/Library/Developer/Xcode/DerivedData/Build/Intermediates.noindex/Firebase.build/Debug-iphonesimulator/FirebaseCore.build/Objects-normal/x86_64/FIRLogger.dia -c /Users/hectorgarcia/Library/Developer/Xcode/DerivedData/Lyo-eagkiegzrakogpczynhkaholsscs/SourcePackages/checkouts/firebase-ios-sdk/FirebaseCore/Sources/FIRLogger.m -o /Users/hectorgarcia/Library/Developer/Xcode/DerivedData/Build/Intermediates.noindex/Firebase.build/Debug-iphonesimulator/FirebaseCore.build/Objects-normal/x86_64/FIRLogger.o -index-unit-output-path /Firebase.build/Debug-iphonesimulator/FirebaseCore.build/Objects-normal/x86_64/FIRLogger.o

ScanDependencies /Users/hectorgarcia/Library/Developer/Xcode/DerivedData/Build/Intermediates.noindex/Firebase.build/Debug-iphonesimulator/FirebaseCore.build/Objects-normal/x86_64/FIRHeartbeatLogger.o /Users/hectorgarcia/Library/Developer/Xcode/DerivedData/Lyo-eagkiegzrakogpczynhkaholsscs/SourcePackages/checkouts/firebase-ios-sdk/FirebaseCore/Sources/FIRHeartbeatLogger.m normal x86_64 objective-c com.apple.compilers.llvm.clang.1_0.compiler (in target 'FirebaseCore' from project 'Firebase')
    cd /Users/hectorgarcia/LYO_Da_ONE/Lyo.xcodeproj
    
    Using response file: /Users/hectorgarcia/Library/Developer/Xcode/DerivedData/Build/Intermediates.noindex/Firebase.build/Debug-iphonesimulator/FirebaseCore.build/Objects-normal/x86_64/e6072d4f65d7061329687fe24e3d63a7-common-args.resp
    
    builtin-ScanDependencies -o /Users/hectorgarcia/Library/Developer/Xcode/DerivedData/Build/Intermediates.noindex/Firebase.build/Debug-iphonesimulator/FirebaseCore.build/Objects-normal/x86_64/FIRHeartbeatLogger.o.scan -- /Users/hectorgarcia/Downloads/Xcode.app/Contents/Developer/Toolchains/XcodeDefault.xctoolchain/usr/bin/clang -x objective-c -ivfsstatcache /Users/hectorgarcia/Library/Developer/Xcode/DerivedData/SDKStatCaches.noindex/iphonesimulator26.2-23C53-823d3e8b6e60bc2018c189d3ca05ba9b.sdkstatcache -fmessage-length\=0 -fdiagnostics-show-note-include-stack -fmacro-backtrace-limit\=0 -fno-color-diagnostics -fmodules-prune-interval\=86400 -fmodules-prune-after\=345600 -fbuild-session-file\=/Users/hectorgarcia/Library/Developer/Xcode/DerivedData/ModuleCache.noindex/Session.modulevalidation -fmodules-validate-once-per-build-session -Wnon-modular-include-in-framework-module -Werror\=non-modular-include-in-framework-module -Wno-trigraphs -Wno-missing-field-initializers -Wno-missing-prototypes -Wno-return-type -Wno-implicit-atomic-properties -Wno-objc-interface-ivars -Wno-arc-repeated-use-of-weak -Wno-missing-braces -Wparentheses -Wswitch -Wno-unused-function -Wno-unused-label -Wno-unused-parameter -Wno-unused-variable -Wunused-value -Wno-empty-body -Wno-uninitialized -Wno-unknown-pragmas -w -Wno-shadow -Wno-four-char-constants -Wno-conversion -Wno-constant-conversion -Wno-int-conversion -Wno-bool-conversion -Wno-enum-conversion -Wno-float-conversion -Wno-non-literal-null-conversion -Wno-objc-literal-conversion -Wshorten-64-to-32 -Wpointer-sign -Wno-newline-eof -Wno-selector -Wno-strict-selector-match -Wno-undeclared-selector -Wno-deprecated-implementations -Wno-implicit-fallthrough -fstrict-aliasing -Wprotocol -Wdeprecated-declarations -Wno-sign-conversion -Wno-infinite-recursion -Wno-comma -Wno-block-capture-autoreleasing -Wno-strict-prototypes -Wno-semicolon-before-method-body -index-store-path /Users/hectorgarcia/Library/Developer/Xcode/DerivedData/Lyo-eagkiegzrakogpczynhkaholsscs/Index.noindex/DataStore @/Users/hectorgarcia/Library/Developer/Xcode/DerivedData/Build/Intermediates.noindex/Firebase.build/Debug-iphonesimulator/FirebaseCore.build/Objects-normal/x86_64/e6072d4f65d7061329687fe24e3d63a7-common-args.resp -include /Users/hectorgarcia/Library/Developer/Xcode/DerivedData/Build/Intermediates.noindex/Firebase.build/Debug-iphonesimulator/FirebaseCore.build/DerivedSources/resource_bundle_accessor.h -MMD -MT dependencies -MF /Users/hectorgarcia/Library/Developer/Xcode/DerivedData/Build/Intermediates.noindex/Firebase.build/Debug-iphonesimulator/FirebaseCore.build/Objects-normal/x86_64/FIRHeartbeatLogger.d --serialize-diagnostics /Users/hectorgarcia/Library/Developer/Xcode/DerivedData/Build/Intermediates.noindex/Firebase.build/Debug-iphonesimulator/FirebaseCore.build/Objects-normal/x86_64/FIRHeartbeatLogger.dia -c /Users/hectorgarcia/Library/Developer/Xcode/DerivedData/Lyo-eagkiegzrakogpczynhkaholsscs/SourcePackages/checkouts/firebase-ios-sdk/FirebaseCore/Sources/FIRHeartbeatLogger.m -o /Users/hectorgarcia/Library/Developer/Xcode/DerivedData/Build/Intermediates.noindex/Firebase.build/Debug-iphonesimulator/FirebaseCore.build/Objects-normal/x86_64/FIRHeartbeatLogger.o -index-unit-output-path /Firebase.build/Debug-iphonesimulator/FirebaseCore.build/Objects-normal/x86_64/FIRHeartbeatLogger.o

ScanDependencies /Users/hectorgarcia/Library/Developer/Xcode/DerivedData/Build/Intermediates.noindex/Firebase.build/Debug-iphonesimulator/FirebaseCore.build/Objects-normal/x86_64/FIRFirebaseUserAgent.o /Users/hectorgarcia/Library/Developer/Xcode/DerivedData/Lyo-eagkiegzrakogpczynhkaholsscs/SourcePackages/checkouts/firebase-ios-sdk/FirebaseCore/Sources/FIRFirebaseUserAgent.m normal x86_64 objective-c com.apple.compilers.llvm.clang.1_0.compiler (in target 'FirebaseCore' from project 'Firebase')
    cd /Users/hectorgarcia/LYO_Da_ONE/Lyo.xcodeproj
    
    Using response file: /Users/hectorgarcia/Library/Developer/Xcode/DerivedData/Build/Intermediates.noindex/Firebase.build/Debug-iphonesimulator/FirebaseCore.build/Objects-normal/x86_64/e6072d4f65d7061329687fe24e3d63a7-common-args.resp
    
    builtin-ScanDependencies -o /Users/hectorgarcia/Library/Developer/Xcode/DerivedData/Build/Intermediates.noindex/Firebase.build/Debug-iphonesimulator/FirebaseCore.build/Objects-normal/x86_64/FIRFirebaseUserAgent.o.scan -- /Users/hectorgarcia/Downloads/Xcode.app/Contents/Developer/Toolchains/XcodeDefault.xctoolchain/usr/bin/clang -x objective-c -ivfsstatcache /Users/hectorgarcia/Library/Developer/Xcode/DerivedData/SDKStatCaches.noindex/iphonesimulator26.2-23C53-823d3e8b6e60bc2018c189d3ca05ba9b.sdkstatcache -fmessage-length\=0 -fdiagnostics-show-note-include-stack -fmacro-backtrace-limit\=0 -fno-color-diagnostics -fmodules-prune-interval\=86400 -fmodules-prune-after\=345600 -fbuild-session-file\=/Users/hectorgarcia/Library/Developer/Xcode/DerivedData/ModuleCache.noindex/Session.modulevalidation -fmodules-validate-once-per-build-session -Wnon-modular-include-in-framework-module -Werror\=non-modular-include-in-framework-module -Wno-trigraphs -Wno-missing-field-initializers -Wno-missing-prototypes -Wno-return-type -Wno-implicit-atomic-properties -Wno-objc-interface-ivars -Wno-arc-repeated-use-of-weak -Wno-missing-braces -Wparentheses -Wswitch -Wno-unused-function -Wno-unused-label -Wno-unused-parameter -Wno-unused-variable -Wunused-value -Wno-empty-body -Wno-uninitialized -Wno-unknown-pragmas -w -Wno-shadow -Wno-four-char-constants -Wno-conversion -Wno-constant-conversion -Wno-int-conversion -Wno-bool-conversion -Wno-enum-conversion -Wno-float-conversion -Wno-non-literal-null-conversion -Wno-objc-literal-conversion -Wshorten-64-to-32 -Wpointer-sign -Wno-newline-eof -Wno-selector -Wno-strict-selector-match -Wno-undeclared-selector -Wno-deprecated-implementations -Wno-implicit-fallthrough -fstrict-aliasing -Wprotocol -Wdeprecated-declarations -Wno-sign-conversion -Wno-infinite-recursion -Wno-comma -Wno-block-capture-autoreleasing -Wno-strict-prototypes -Wno-semicolon-before-method-body -index-store-path /Users/hectorgarcia/Library/Developer/Xcode/DerivedData/Lyo-eagkiegzrakogpczynhkaholsscs/Index.noindex/DataStore @/Users/hectorgarcia/Library/Developer/Xcode/DerivedData/Build/Intermediates.noindex/Firebase.build/Debug-iphonesimulator/FirebaseCore.build/Objects-normal/x86_64/e6072d4f65d7061329687fe24e3d63a7-common-args.resp -include /Users/hectorgarcia/Library/Developer/Xcode/DerivedData/Build/Intermediates.noindex/Firebase.build/Debug-iphonesimulator/FirebaseCore.build/DerivedSources/resource_bundle_accessor.h -MMD -MT dependencies -MF /Users/hectorgarcia/Library/Developer/Xcode/DerivedData/Build/Intermediates.noindex/Firebase.build/Debug-iphonesimulator/FirebaseCore.build/Objects-normal/x86_64/FIRFirebaseUserAgent.d --serialize-diagnostics /Users/hectorgarcia/Library/Developer/Xcode/DerivedData/Build/Intermediates.noindex/Firebase.build/Debug-iphonesimulator/FirebaseCore.build/Objects-normal/x86_64/FIRFirebaseUserAgent.dia -c /Users/hectorgarcia/Library/Developer/Xcode/DerivedData/Lyo-eagkiegzrakogpczynhkaholsscs/SourcePackages/checkouts/firebase-ios-sdk/FirebaseCore/Sources/FIRFirebaseUserAgent.m -o /Users/hectorgarcia/Library/Developer/Xcode/DerivedData/Build/Intermediates.noindex/Firebase.build/Debug-iphonesimulator/FirebaseCore.build/Objects-normal/x86_64/FIRFirebaseUserAgent.o -index-unit-output-path /Firebase.build/Debug-iphonesimulator/FirebaseCore.build/Objects-normal/x86_64/FIRFirebaseUserAgent.o

CompileC /Users/hectorgarcia/Library/Developer/Xcode/DerivedData/Build/Intermediates.noindex/AppAuth.build/Debug-iphonesimulator/AppAuth.build/Objects-normal/x86_64/OIDExternalUserAgentIOS.o /Users/hectorgarcia/Library/Developer/Xcode/DerivedData/Lyo-eagkiegzrakogpczynhkaholsscs/SourcePackages/checkouts/AppAuth-iOS/Sources/AppAuth/iOS/OIDExternalUserAgentIOS.m normal x86_64 objective-c com.apple.compilers.llvm.clang.1_0.compiler (in target 'AppAuth' from project 'AppAuth')
    cd /Users/hectorgarcia/LYO_Da_ONE/Lyo.xcodeproj
    
    Using response file: /Users/hectorgarcia/Library/Developer/Xcode/DerivedData/Build/Intermediates.noindex/AppAuth.build/Debug-iphonesimulator/AppAuth.build/Objects-normal/x86_64/e6072d4f65d7061329687fe24e3d63a7-common-args.resp
    
    /Users/hectorgarcia/Downloads/Xcode.app/Contents/Developer/Toolchains/XcodeDefault.xctoolchain/usr/bin/clang -x objective-c -ivfsstatcache /Users/hectorgarcia/Library/Developer/Xcode/DerivedData/SDKStatCaches.noindex/iphonesimulator26.2-23C53-823d3e8b6e60bc2018c189d3ca05ba9b.sdkstatcache -fmessage-length\=0 -fdiagnostics-show-note-include-stack -fmacro-backtrace-limit\=0 -fno-color-diagnostics -fmodules-prune-interval\=86400 -fmodules-prune-after\=345600 -fbuild-session-file\=/Users/hectorgarcia/Library/Developer/Xcode/DerivedData/ModuleCache.noindex/Session.modulevalidation -fmodules-validate-once-per-build-session -Wnon-modular-include-in-framework-module -Werror\=non-modular-include-in-framework-module -Wno-trigraphs -Wno-missing-field-initializers -Wno-missing-prototypes -Wno-return-type -Wno-implicit-atomic-properties -Wno-objc-interface-ivars -Wno-arc-repeated-use-of-weak -Wno-missing-braces -Wparentheses -Wswitch -Wno-unused-function -Wno-unused-label -Wno-unused-parameter -Wno-unused-variable -Wunused-value -Wno-empty-body -Wno-uninitialized -Wno-unknown-pragmas -w -Wno-shadow -Wno-four-char-constants -Wno-conversion -Wno-constant-conversion -Wno-int-conversion -Wno-bool-conversion -Wno-enum-conversion -Wno-float-conversion -Wno-non-literal-null-conversion -Wno-objc-literal-conversion -Wshorten-64-to-32 -Wpointer-sign -Wno-newline-eof -Wno-selector -Wno-strict-selector-match -Wno-undeclared-selector -Wno-deprecated-implementations -Wno-implicit-fallthrough -fstrict-aliasing -Wprotocol -Wdeprecated-declarations -Wno-sign-conversion -Wno-infinite-recursion -Wno-comma -Wno-block-capture-autoreleasing -Wno-strict-prototypes -Wno-semicolon-before-method-body -index-store-path /Users/hectorgarcia/Library/Developer/Xcode/DerivedData/Lyo-eagkiegzrakogpczynhkaholsscs/Index.noindex/DataStore @/Users/hectorgarcia/Library/Developer/Xcode/DerivedData/Build/Intermediates.noindex/AppAuth.build/Debug-iphonesimulator/AppAuth.build/Objects-normal/x86_64/e6072d4f65d7061329687fe24e3d63a7-common-args.resp -include /Users/hectorgarcia/Library/Developer/Xcode/DerivedData/Build/Intermediates.noindex/AppAuth.build/Debug-iphonesimulator/AppAuth.build/DerivedSources/resource_bundle_accessor.h -MMD -MT dependencies -MF /Users/hectorgarcia/Library/Developer/Xcode/DerivedData/Build/Intermediates.noindex/AppAuth.build/Debug-iphonesimulator/AppAuth.build/Objects-normal/x86_64/OIDExternalUserAgentIOS.d --serialize-diagnostics /Users/hectorgarcia/Library/Developer/Xcode/DerivedData/Build/Intermediates.noindex/AppAuth.build/Debug-iphonesimulator/AppAuth.build/Objects-normal/x86_64/OIDExternalUserAgentIOS.dia -c /Users/hectorgarcia/Library/Developer/Xcode/DerivedData/Lyo-eagkiegzrakogpczynhkaholsscs/SourcePackages/checkouts/AppAuth-iOS/Sources/AppAuth/iOS/OIDExternalUserAgentIOS.m -o /Users/hectorgarcia/Library/Developer/Xcode/DerivedData/Build/Intermediates.noindex/AppAuth.build/Debug-iphonesimulator/AppAuth.build/Objects-normal/x86_64/OIDExternalUserAgentIOS.o -index-unit-output-path /AppAuth.build/Debug-iphonesimulator/AppAuth.build/Objects-normal/x86_64/OIDExternalUserAgentIOS.o

CompileC /Users/hectorgarcia/Library/Developer/Xcode/DerivedData/Build/Intermediates.noindex/AppAuth.build/Debug-iphonesimulator/AppAuth.build/Objects-normal/x86_64/OIDExternalUserAgentCatalyst.o /Users/hectorgarcia/Library/Developer/Xcode/DerivedData/Lyo-eagkiegzrakogpczynhkaholsscs/SourcePackages/checkouts/AppAuth-iOS/Sources/AppAuth/iOS/OIDExternalUserAgentCatalyst.m normal x86_64 objective-c com.apple.compilers.llvm.clang.1_0.compiler (in target 'AppAuth' from project 'AppAuth')
    cd /Users/hectorgarcia/LYO_Da_ONE/Lyo.xcodeproj
    
    Using response file: /Users/hectorgarcia/Library/Developer/Xcode/DerivedData/Build/Intermediates.noindex/AppAuth.build/Debug-iphonesimulator/AppAuth.build/Objects-normal/x86_64/e6072d4f65d7061329687fe24e3d63a7-common-args.resp
    
    /Users/hectorgarcia/Downloads/Xcode.app/Contents/Developer/Toolchains/XcodeDefault.xctoolchain/usr/bin/clang -x objective-c -ivfsstatcache /Users/hectorgarcia/Library/Developer/Xcode/DerivedData/SDKStatCaches.noindex/iphonesimulator26.2-23C53-823d3e8b6e60bc2018c189d3ca05ba9b.sdkstatcache -fmessage-length\=0 -fdiagnostics-show-note-include-stack -fmacro-backtrace-limit\=0 -fno-color-diagnostics -fmodules-prune-interval\=86400 -fmodules-prune-after\=345600 -fbuild-session-file\=/Users/hectorgarcia/Library/Developer/Xcode/DerivedData/ModuleCache.noindex/Session.modulevalidation -fmodules-validate-once-per-build-session -Wnon-modular-include-in-framework-module -Werror\=non-modular-include-in-framework-module -Wno-trigraphs -Wno-missing-field-initializers -Wno-missing-prototypes -Wno-return-type -Wno-implicit-atomic-properties -Wno-objc-interface-ivars -Wno-arc-repeated-use-of-weak -Wno-missing-braces -Wparentheses -Wswitch -Wno-unused-function -Wno-unused-label -Wno-unused-parameter -Wno-unused-variable -Wunused-value -Wno-empty-body -Wno-uninitialized -Wno-unknown-pragmas -w -Wno-shadow -Wno-four-char-constants -Wno-conversion -Wno-constant-conversion -Wno-int-conversion -Wno-bool-conversion -Wno-enum-conversion -Wno-float-conversion -Wno-non-literal-null-conversion -Wno-objc-literal-conversion -Wshorten-64-to-32 -Wpointer-sign -Wno-newline-eof -Wno-selector -Wno-strict-selector-match -Wno-undeclared-selector -Wno-deprecated-implementations -Wno-implicit-fallthrough -fstrict-aliasing -Wprotocol -Wdeprecated-declarations -Wno-sign-conversion -Wno-infinite-recursion -Wno-comma -Wno-block-capture-autoreleasing -Wno-strict-prototypes -Wno-semicolon-before-method-body -index-store-path /Users/hectorgarcia/Library/Developer/Xcode/DerivedData/Lyo-eagkiegzrakogpczynhkaholsscs/Index.noindex/DataStore @/Users/hectorgarcia/Library/Developer/Xcode/DerivedData/Build/Intermediates.noindex/AppAuth.build/Debug-iphonesimulator/AppAuth.build/Objects-normal/x86_64/e6072d4f65d7061329687fe24e3d63a7-common-args.resp -include /Users/hectorgarcia/Library/Developer/Xcode/DerivedData/Build/Intermediates.noindex/AppAuth.build/Debug-iphonesimulator/AppAuth.build/DerivedSources/resource_bundle_accessor.h -MMD -MT dependencies -MF /Users/hectorgarcia/Library/Developer/Xcode/DerivedData/Build/Intermediates.noindex/AppAuth.build/Debug-iphonesimulator/AppAuth.build/Objects-normal/x86_64/OIDExternalUserAgentCatalyst.d --serialize-diagnostics /Users/hectorgarcia/Library/Developer/Xcode/DerivedData/Build/Intermediates.noindex/AppAuth.build/Debug-iphonesimulator/AppAuth.build/Objects-normal/x86_64/OIDExternalUserAgentCatalyst.dia -c /Users/hectorgarcia/Library/Developer/Xcode/DerivedData/Lyo-eagkiegzrakogpczynhkaholsscs/SourcePackages/checkouts/AppAuth-iOS/Sources/AppAuth/iOS/OIDExternalUserAgentCatalyst.m -o /Users/hectorgarcia/Library/Developer/Xcode/DerivedData/Build/Intermediates.noindex/AppAuth.build/Debug-iphonesimulator/AppAuth.build/Objects-normal/x86_64/OIDExternalUserAgentCatalyst.o -index-unit-output-path /AppAuth.build/Debug-iphonesimulator/AppAuth.build/Objects-normal/x86_64/OIDExternalUserAgentCatalyst.o

ScanDependencies /Users/hectorgarcia/Library/Developer/Xcode/DerivedData/Build/Intermediates.noindex/Firebase.build/Debug-iphonesimulator/FirebaseCore.build/Objects-normal/x86_64/FIRDependency.o /Users/hectorgarcia/Library/Developer/Xcode/DerivedData/Lyo-eagkiegzrakogpczynhkaholsscs/SourcePackages/checkouts/firebase-ios-sdk/FirebaseCore/Sources/FIRDependency.m normal x86_64 objective-c com.apple.compilers.llvm.clang.1_0.compiler (in target 'FirebaseCore' from project 'Firebase')
    cd /Users/hectorgarcia/LYO_Da_ONE/Lyo.xcodeproj
    
    Using response file: /Users/hectorgarcia/Library/Developer/Xcode/DerivedData/Build/Intermediates.noindex/Firebase.build/Debug-iphonesimulator/FirebaseCore.build/Objects-normal/x86_64/e6072d4f65d7061329687fe24e3d63a7-common-args.resp
    
    builtin-ScanDependencies -o /Users/hectorgarcia/Library/Developer/Xcode/DerivedData/Build/Intermediates.noindex/Firebase.build/Debug-iphonesimulator/FirebaseCore.build/Objects-normal/x86_64/FIRDependency.o.scan -- /Users/hectorgarcia/Downloads/Xcode.app/Contents/Developer/Toolchains/XcodeDefault.xctoolchain/usr/bin/clang -x objective-c -ivfsstatcache /Users/hectorgarcia/Library/Developer/Xcode/DerivedData/SDKStatCaches.noindex/iphonesimulator26.2-23C53-823d3e8b6e60bc2018c189d3ca05ba9b.sdkstatcache -fmessage-length\=0 -fdiagnostics-show-note-include-stack -fmacro-backtrace-limit\=0 -fno-color-diagnostics -fmodules-prune-interval\=86400 -fmodules-prune-after\=345600 -fbuild-session-file\=/Users/hectorgarcia/Library/Developer/Xcode/DerivedData/ModuleCache.noindex/Session.modulevalidation -fmodules-validate-once-per-build-session -Wnon-modular-include-in-framework-module -Werror\=non-modular-include-in-framework-module -Wno-trigraphs -Wno-missing-field-initializers -Wno-missing-prototypes -Wno-return-type -Wno-implicit-atomic-properties -Wno-objc-interface-ivars -Wno-arc-repeated-use-of-weak -Wno-missing-braces -Wparentheses -Wswitch -Wno-unused-function -Wno-unused-label -Wno-unused-parameter -Wno-unused-variable -Wunused-value -Wno-empty-body -Wno-uninitialized -Wno-unknown-pragmas -w -Wno-shadow -Wno-four-char-constants -Wno-conversion -Wno-constant-conversion -Wno-int-conversion -Wno-bool-conversion -Wno-enum-conversion -Wno-float-conversion -Wno-non-literal-null-conversion -Wno-objc-literal-conversion -Wshorten-64-to-32 -Wpointer-sign -Wno-newline-eof -Wno-selector -Wno-strict-selector-match -Wno-undeclared-selector -Wno-deprecated-implementations -Wno-implicit-fallthrough -fstrict-aliasing -Wprotocol -Wdeprecated-declarations -Wno-sign-conversion -Wno-infinite-recursion -Wno-comma -Wno-block-capture-autoreleasing -Wno-strict-prototypes -Wno-semicolon-before-method-body -index-store-path /Users/hectorgarcia/Library/Developer/Xcode/DerivedData/Lyo-eagkiegzrakogpczynhkaholsscs/Index.noindex/DataStore @/Users/hectorgarcia/Library/Developer/Xcode/DerivedData/Build/Intermediates.noindex/Firebase.build/Debug-iphonesimulator/FirebaseCore.build/Objects-normal/x86_64/e6072d4f65d7061329687fe24e3d63a7-common-args.resp -include /Users/hectorgarcia/Library/Developer/Xcode/DerivedData/Build/Intermediates.noindex/Firebase.build/Debug-iphonesimulator/FirebaseCore.build/DerivedSources/resource_bundle_accessor.h -MMD -MT dependencies -MF /Users/hectorgarcia/Library/Developer/Xcode/DerivedData/Build/Intermediates.noindex/Firebase.build/Debug-iphonesimulator/FirebaseCore.build/Objects-normal/x86_64/FIRDependency.d --serialize-diagnostics /Users/hectorgarcia/Library/Developer/Xcode/DerivedData/Build/Intermediates.noindex/Firebase.build/Debug-iphonesimulator/FirebaseCore.build/Objects-normal/x86_64/FIRDependency.dia -c /Users/hectorgarcia/Library/Developer/Xcode/DerivedData/Lyo-eagkiegzrakogpczynhkaholsscs/SourcePackages/checkouts/firebase-ios-sdk/FirebaseCore/Sources/FIRDependency.m -o /Users/hectorgarcia/Library/Developer/Xcode/DerivedData/Build/Intermediates.noindex/Firebase.build/Debug-iphonesimulator/FirebaseCore.build/Objects-normal/x86_64/FIRDependency.o -index-unit-output-path /Firebase.build/Debug-iphonesimulator/FirebaseCore.build/Objects-normal/x86_64/FIRDependency.o

PrecompileModule /Users/hectorgarcia/Library/Developer/Xcode/DerivedData/Build/Intermediates.noindex/ExplicitPrecompiledModules/_DarwinFoundation2-53NKBSYVXXSO5L1BLUEU5JKAV.scan
    cd /
    builtin-precompileModule /Users/hectorgarcia/Library/Developer/Xcode/DerivedData/Build/Intermediates.noindex/ExplicitPrecompiledModules/_DarwinFoundation2-53NKBSYVXXSO5L1BLUEU5JKAV.scan

PrecompileModule /Users/hectorgarcia/Library/Developer/Xcode/DerivedData/Build/Intermediates.noindex/ExplicitPrecompiledModules/_Builtin_limits-B7NTRNW5CSR8IP1V78M4WHW60.scan
    cd /
    builtin-precompileModule /Users/hectorgarcia/Library/Developer/Xcode/DerivedData/Build/Intermediates.noindex/ExplicitPrecompiledModules/_Builtin_limits-B7NTRNW5CSR8IP1V78M4WHW60.scan

ScanDependencies /Users/hectorgarcia/Library/Developer/Xcode/DerivedData/Build/Intermediates.noindex/Firebase.build/Debug-iphonesimulator/FirebaseCore.build/Objects-normal/x86_64/FIRConfiguration.o /Users/hectorgarcia/Library/Developer/Xcode/DerivedData/Lyo-eagkiegzrakogpczynhkaholsscs/SourcePackages/checkouts/firebase-ios-sdk/FirebaseCore/Sources/FIRConfiguration.m normal x86_64 objective-c com.apple.compilers.llvm.clang.1_0.compiler (in target 'FirebaseCore' from project 'Firebase')
    cd /Users/hectorgarcia/LYO_Da_ONE/Lyo.xcodeproj
    
    Using response file: /Users/hectorgarcia/Library/Developer/Xcode/DerivedData/Build/Intermediates.noindex/Firebase.build/Debug-iphonesimulator/FirebaseCore.build/Objects-normal/x86_64/e6072d4f65d7061329687fe24e3d63a7-common-args.resp
    
    builtin-ScanDependencies -o /Users/hectorgarcia/Library/Developer/Xcode/DerivedData/Build/Intermediates.noindex/Firebase.build/Debug-iphonesimulator/FirebaseCore.build/Objects-normal/x86_64/FIRConfiguration.o.scan -- /Users/hectorgarcia/Downloads/Xcode.app/Contents/Developer/Toolchains/XcodeDefault.xctoolchain/usr/bin/clang -x objective-c -ivfsstatcache /Users/hectorgarcia/Library/Developer/Xcode/DerivedData/SDKStatCaches.noindex/iphonesimulator26.2-23C53-823d3e8b6e60bc2018c189d3ca05ba9b.sdkstatcache -fmessage-length\=0 -fdiagnostics-show-note-include-stack -fmacro-backtrace-limit\=0 -fno-color-diagnostics -fmodules-prune-interval\=86400 -fmodules-prune-after\=345600 -fbuild-session-file\=/Users/hectorgarcia/Library/Developer/Xcode/DerivedData/ModuleCache.noindex/Session.modulevalidation -fmodules-validate-once-per-build-session -Wnon-modular-include-in-framework-module -Werror\=non-modular-include-in-framework-module -Wno-trigraphs -Wno-missing-field-initializers -Wno-missing-prototypes -Wno-return-type -Wno-implicit-atomic-properties -Wno-objc-interface-ivars -Wno-arc-repeated-use-of-weak -Wno-missing-braces -Wparentheses -Wswitch -Wno-unused-function -Wno-unused-label -Wno-unused-parameter -Wno-unused-variable -Wunused-value -Wno-empty-body -Wno-uninitialized -Wno-unknown-pragmas -w -Wno-shadow -Wno-four-char-constants -Wno-conversion -Wno-constant-conversion -Wno-int-conversion -Wno-bool-conversion -Wno-enum-conversion -Wno-float-conversion -Wno-non-literal-null-conversion -Wno-objc-literal-conversion -Wshorten-64-to-32 -Wpointer-sign -Wno-newline-eof -Wno-selector -Wno-strict-selector-match -Wno-undeclared-selector -Wno-deprecated-implementations -Wno-implicit-fallthrough -fstrict-aliasing -Wprotocol -Wdeprecated-declarations -Wno-sign-conversion -Wno-infinite-recursion -Wno-comma -Wno-block-capture-autoreleasing -Wno-strict-prototypes -Wno-semicolon-before-method-body -index-store-path /Users/hectorgarcia/Library/Developer/Xcode/DerivedData/Lyo-eagkiegzrakogpczynhkaholsscs/Index.noindex/DataStore @/Users/hectorgarcia/Library/Developer/Xcode/DerivedData/Build/Intermediates.noindex/Firebase.build/Debug-iphonesimulator/FirebaseCore.build/Objects-normal/x86_64/e6072d4f65d7061329687fe24e3d63a7-common-args.resp -include /Users/hectorgarcia/Library/Developer/Xcode/DerivedData/Build/Intermediates.noindex/Firebase.build/Debug-iphonesimulator/FirebaseCore.build/DerivedSources/resource_bundle_accessor.h -MMD -MT dependencies -MF /Users/hectorgarcia/Library/Developer/Xcode/DerivedData/Build/Intermediates.noindex/Firebase.build/Debug-iphonesimulator/FirebaseCore.build/Objects-normal/x86_64/FIRConfiguration.d --serialize-diagnostics /Users/hectorgarcia/Library/Developer/Xcode/DerivedData/Build/Intermediates.noindex/Firebase.build/Debug-iphonesimulator/FirebaseCore.build/Objects-normal/x86_64/FIRConfiguration.dia -c /Users/hectorgarcia/Library/Developer/Xcode/DerivedData/Lyo-eagkiegzrakogpczynhkaholsscs/SourcePackages/checkouts/firebase-ios-sdk/FirebaseCore/Sources/FIRConfiguration.m -o /Users/hectorgarcia/Library/Developer/Xcode/DerivedData/Build/Intermediates.noindex/Firebase.build/Debug-iphonesimulator/FirebaseCore.build/Objects-normal/x86_64/FIRConfiguration.o -index-unit-output-path /Firebase.build/Debug-iphonesimulator/FirebaseCore.build/Objects-normal/x86_64/FIRConfiguration.o

ScanDependencies /Users/hectorgarcia/Library/Developer/Xcode/DerivedData/Build/Intermediates.noindex/Firebase.build/Debug-iphonesimulator/FirebaseCore.build/Objects-normal/x86_64/FIRComponentType.o /Users/hectorgarcia/Library/Developer/Xcode/DerivedData/Lyo-eagkiegzrakogpczynhkaholsscs/SourcePackages/checkouts/firebase-ios-sdk/FirebaseCore/Sources/FIRComponentType.m normal x86_64 objective-c com.apple.compilers.llvm.clang.1_0.compiler (in target 'FirebaseCore' from project 'Firebase')
    cd /Users/hectorgarcia/LYO_Da_ONE/Lyo.xcodeproj
    
    Using response file: /Users/hectorgarcia/Library/Developer/Xcode/DerivedData/Build/Intermediates.noindex/Firebase.build/Debug-iphonesimulator/FirebaseCore.build/Objects-normal/x86_64/e6072d4f65d7061329687fe24e3d63a7-common-args.resp
    
    builtin-ScanDependencies -o /Users/hectorgarcia/Library/Developer/Xcode/DerivedData/Build/Intermediates.noindex/Firebase.build/Debug-iphonesimulator/FirebaseCore.build/Objects-normal/x86_64/FIRComponentType.o.scan -- /Users/hectorgarcia/Downloads/Xcode.app/Contents/Developer/Toolchains/XcodeDefault.xctoolchain/usr/bin/clang -x objective-c -ivfsstatcache /Users/hectorgarcia/Library/Developer/Xcode/DerivedData/SDKStatCaches.noindex/iphonesimulator26.2-23C53-823d3e8b6e60bc2018c189d3ca05ba9b.sdkstatcache -fmessage-length\=0 -fdiagnostics-show-note-include-stack -fmacro-backtrace-limit\=0 -fno-color-diagnostics -fmodules-prune-interval\=86400 -fmodules-prune-after\=345600 -fbuild-session-file\=/Users/hectorgarcia/Library/Developer/Xcode/DerivedData/ModuleCache.noindex/Session.modulevalidation -fmodules-validate-once-per-build-session -Wnon-modular-include-in-framework-module -Werror\=non-modular-include-in-framework-module -Wno-trigraphs -Wno-missing-field-initializers -Wno-missing-prototypes -Wno-return-type -Wno-implicit-atomic-properties -Wno-objc-interface-ivars -Wno-arc-repeated-use-of-weak -Wno-missing-braces -Wparentheses -Wswitch -Wno-unused-function -Wno-unused-label -Wno-unused-parameter -Wno-unused-variable -Wunused-value -Wno-empty-body -Wno-uninitialized -Wno-unknown-pragmas -w -Wno-shadow -Wno-four-char-constants -Wno-conversion -Wno-constant-conversion -Wno-int-conversion -Wno-bool-conversion -Wno-enum-conversion -Wno-float-conversion -Wno-non-literal-null-conversion -Wno-objc-literal-conversion -Wshorten-64-to-32 -Wpointer-sign -Wno-newline-eof -Wno-selector -Wno-strict-selector-match -Wno-undeclared-selector -Wno-deprecated-implementations -Wno-implicit-fallthrough -fstrict-aliasing -Wprotocol -Wdeprecated-declarations -Wno-sign-conversion -Wno-infinite-recursion -Wno-comma -Wno-block-capture-autoreleasing -Wno-strict-prototypes -Wno-semicolon-before-method-body -index-store-path /Users/hectorgarcia/Library/Developer/Xcode/DerivedData/Lyo-eagkiegzrakogpczynhkaholsscs/Index.noindex/DataStore @/Users/hectorgarcia/Library/Developer/Xcode/DerivedData/Build/Intermediates.noindex/Firebase.build/Debug-iphonesimulator/FirebaseCore.build/Objects-normal/x86_64/e6072d4f65d7061329687fe24e3d63a7-common-args.resp -include /Users/hectorgarcia/Library/Developer/Xcode/DerivedData/Build/Intermediates.noindex/Firebase.build/Debug-iphonesimulator/FirebaseCore.build/DerivedSources/resource_bundle_accessor.h -MMD -MT dependencies -MF /Users/hectorgarcia/Library/Developer/Xcode/DerivedData/Build/Intermediates.noindex/Firebase.build/Debug-iphonesimulator/FirebaseCore.build/Objects-normal/x86_64/FIRComponentType.d --serialize-diagnostics /Users/hectorgarcia/Library/Developer/Xcode/DerivedData/Build/Intermediates.noindex/Firebase.build/Debug-iphonesimulator/FirebaseCore.build/Objects-normal/x86_64/FIRComponentType.dia -c /Users/hectorgarcia/Library/Developer/Xcode/DerivedData/Lyo-eagkiegzrakogpczynhkaholsscs/SourcePackages/checkouts/firebase-ios-sdk/FirebaseCore/Sources/FIRComponentType.m -o /Users/hectorgarcia/Library/Developer/Xcode/DerivedData/Build/Intermediates.noindex/Firebase.build/Debug-iphonesimulator/FirebaseCore.build/Objects-normal/x86_64/FIRComponentType.o -index-unit-output-path /Firebase.build/Debug-iphonesimulator/FirebaseCore.build/Objects-normal/x86_64/FIRComponentType.o

ScanDependencies /Users/hectorgarcia/Library/Developer/Xcode/DerivedData/Build/Intermediates.noindex/Firebase.build/Debug-iphonesimulator/FirebaseCore.build/Objects-normal/x86_64/FIRComponentContainer.o /Users/hectorgarcia/Library/Developer/Xcode/DerivedData/Lyo-eagkiegzrakogpczynhkaholsscs/SourcePackages/checkouts/firebase-ios-sdk/FirebaseCore/Sources/FIRComponentContainer.m normal x86_64 objective-c com.apple.compilers.llvm.clang.1_0.compiler (in target 'FirebaseCore' from project 'Firebase')
    cd /Users/hectorgarcia/LYO_Da_ONE/Lyo.xcodeproj
    
    Using response file: /Users/hectorgarcia/Library/Developer/Xcode/DerivedData/Build/Intermediates.noindex/Firebase.build/Debug-iphonesimulator/FirebaseCore.build/Objects-normal/x86_64/e6072d4f65d7061329687fe24e3d63a7-common-args.resp
    
    builtin-ScanDependencies -o /Users/hectorgarcia/Library/Developer/Xcode/DerivedData/Build/Intermediates.noindex/Firebase.build/Debug-iphonesimulator/FirebaseCore.build/Objects-normal/x86_64/FIRComponentContainer.o.scan -- /Users/hectorgarcia/Downloads/Xcode.app/Contents/Developer/Toolchains/XcodeDefault.xctoolchain/usr/bin/clang -x objective-c -ivfsstatcache /Users/hectorgarcia/Library/Developer/Xcode/DerivedData/SDKStatCaches.noindex/iphonesimulator26.2-23C53-823d3e8b6e60bc2018c189d3ca05ba9b.sdkstatcache -fmessage-length\=0 -fdiagnostics-show-note-include-stack -fmacro-backtrace-limit\=0 -fno-color-diagnostics -fmodules-prune-interval\=86400 -fmodules-prune-after\=345600 -fbuild-session-file\=/Users/hectorgarcia/Library/Developer/Xcode/DerivedData/ModuleCache.noindex/Session.modulevalidation -fmodules-validate-once-per-build-session -Wnon-modular-include-in-framework-module -Werror\=non-modular-include-in-framework-module -Wno-trigraphs -Wno-missing-field-initializers -Wno-missing-prototypes -Wno-return-type -Wno-implicit-atomic-properties -Wno-objc-interface-ivars -Wno-arc-repeated-use-of-weak -Wno-missing-braces -Wparentheses -Wswitch -Wno-unused-function -Wno-unused-label -Wno-unused-parameter -Wno-unused-variable -Wunused-value -Wno-empty-body -Wno-uninitialized -Wno-unknown-pragmas -w -Wno-shadow -Wno-four-char-constants -Wno-conversion -Wno-constant-conversion -Wno-int-conversion -Wno-bool-conversion -Wno-enum-conversion -Wno-float-conversion -Wno-non-literal-null-conversion -Wno-objc-literal-conversion -Wshorten-64-to-32 -Wpointer-sign -Wno-newline-eof -Wno-selector -Wno-strict-selector-match -Wno-undeclared-selector -Wno-deprecated-implementations -Wno-implicit-fallthrough -fstrict-aliasing -Wprotocol -Wdeprecated-declarations -Wno-sign-conversion -Wno-infinite-recursion -Wno-comma -Wno-block-capture-autoreleasing -Wno-strict-prototypes -Wno-semicolon-before-method-body -index-store-path /Users/hectorgarcia/Library/Developer/Xcode/DerivedData/Lyo-eagkiegzrakogpczynhkaholsscs/Index.noindex/DataStore @/Users/hectorgarcia/Library/Developer/Xcode/DerivedData/Build/Intermediates.noindex/Firebase.build/Debug-iphonesimulator/FirebaseCore.build/Objects-normal/x86_64/e6072d4f65d7061329687fe24e3d63a7-common-args.resp -include /Users/hectorgarcia/Library/Developer/Xcode/DerivedData/Build/Intermediates.noindex/Firebase.build/Debug-iphonesimulator/FirebaseCore.build/DerivedSources/resource_bundle_accessor.h -MMD -MT dependencies -MF /Users/hectorgarcia/Library/Developer/Xcode/DerivedData/Build/Intermediates.noindex/Firebase.build/Debug-iphonesimulator/FirebaseCore.build/Objects-normal/x86_64/FIRComponentContainer.d --serialize-diagnostics /Users/hectorgarcia/Library/Developer/Xcode/DerivedData/Build/Intermediates.noindex/Firebase.build/Debug-iphonesimulator/FirebaseCore.build/Objects-normal/x86_64/FIRComponentContainer.dia -c /Users/hectorgarcia/Library/Developer/Xcode/DerivedData/Lyo-eagkiegzrakogpczynhkaholsscs/SourcePackages/checkouts/firebase-ios-sdk/FirebaseCore/Sources/FIRComponentContainer.m -o /Users/hectorgarcia/Library/Developer/Xcode/DerivedData/Build/Intermediates.noindex/Firebase.build/Debug-iphonesimulator/FirebaseCore.build/Objects-normal/x86_64/FIRComponentContainer.o -index-unit-output-path /Firebase.build/Debug-iphonesimulator/FirebaseCore.build/Objects-normal/x86_64/FIRComponentContainer.o

ScanDependencies /Users/hectorgarcia/Library/Developer/Xcode/DerivedData/Build/Intermediates.noindex/Firebase.build/Debug-iphonesimulator/FirebaseCore.build/Objects-normal/x86_64/FIRComponent.o /Users/hectorgarcia/Library/Developer/Xcode/DerivedData/Lyo-eagkiegzrakogpczynhkaholsscs/SourcePackages/checkouts/firebase-ios-sdk/FirebaseCore/Sources/FIRComponent.m normal x86_64 objective-c com.apple.compilers.llvm.clang.1_0.compiler (in target 'FirebaseCore' from project 'Firebase')
    cd /Users/hectorgarcia/LYO_Da_ONE/Lyo.xcodeproj
    
    Using response file: /Users/hectorgarcia/Library/Developer/Xcode/DerivedData/Build/Intermediates.noindex/Firebase.build/Debug-iphonesimulator/FirebaseCore.build/Objects-normal/x86_64/e6072d4f65d7061329687fe24e3d63a7-common-args.resp
    
    builtin-ScanDependencies -o /Users/hectorgarcia/Library/Developer/Xcode/DerivedData/Build/Intermediates.noindex/Firebase.build/Debug-iphonesimulator/FirebaseCore.build/Objects-normal/x86_64/FIRComponent.o.scan -- /Users/hectorgarcia/Downloads/Xcode.app/Contents/Developer/Toolchains/XcodeDefault.xctoolchain/usr/bin/clang -x objective-c -ivfsstatcache /Users/hectorgarcia/Library/Developer/Xcode/DerivedData/SDKStatCaches.noindex/iphonesimulator26.2-23C53-823d3e8b6e60bc2018c189d3ca05ba9b.sdkstatcache -fmessage-length\=0 -fdiagnostics-show-note-include-stack -fmacro-backtrace-limit\=0 -fno-color-diagnostics -fmodules-prune-interval\=86400 -fmodules-prune-after\=345600 -fbuild-session-file\=/Users/hectorgarcia/Library/Developer/Xcode/DerivedData/ModuleCache.noindex/Session.modulevalidation -fmodules-validate-once-per-build-session -Wnon-modular-include-in-framework-module -Werror\=non-modular-include-in-framework-module -Wno-trigraphs -Wno-missing-field-initializers -Wno-missing-prototypes -Wno-return-type -Wno-implicit-atomic-properties -Wno-objc-interface-ivars -Wno-arc-repeated-use-of-weak -Wno-missing-braces -Wparentheses -Wswitch -Wno-unused-function -Wno-unused-label -Wno-unused-parameter -Wno-unused-variable -Wunused-value -Wno-empty-body -Wno-uninitialized -Wno-unknown-pragmas -w -Wno-shadow -Wno-four-char-constants -Wno-conversion -Wno-constant-conversion -Wno-int-conversion -Wno-bool-conversion -Wno-enum-conversion -Wno-float-conversion -Wno-non-literal-null-conversion -Wno-objc-literal-conversion -Wshorten-64-to-32 -Wpointer-sign -Wno-newline-eof -Wno-selector -Wno-strict-selector-match -Wno-undeclared-selector -Wno-deprecated-implementations -Wno-implicit-fallthrough -fstrict-aliasing -Wprotocol -Wdeprecated-declarations -Wno-sign-conversion -Wno-infinite-recursion -Wno-comma -Wno-block-capture-autoreleasing -Wno-strict-prototypes -Wno-semicolon-before-method-body -index-store-path /Users/hectorgarcia/Library/Developer/Xcode/DerivedData/Lyo-eagkiegzrakogpczynhkaholsscs/Index.noindex/DataStore @/Users/hectorgarcia/Library/Developer/Xcode/DerivedData/Build/Intermediates.noindex/Firebase.build/Debug-iphonesimulator/FirebaseCore.build/Objects-normal/x86_64/e6072d4f65d7061329687fe24e3d63a7-common-args.resp -include /Users/hectorgarcia/Library/Developer/Xcode/DerivedData/Build/Intermediates.noindex/Firebase.build/Debug-iphonesimulator/FirebaseCore.build/DerivedSources/resource_bundle_accessor.h -MMD -MT dependencies -MF /Users/hectorgarcia/Library/Developer/Xcode/DerivedData/Build/Intermediates.noindex/Firebase.build/Debug-iphonesimulator/FirebaseCore.build/Objects-normal/x86_64/FIRComponent.d --serialize-diagnostics /Users/hectorgarcia/Library/Developer/Xcode/DerivedData/Build/Intermediates.noindex/Firebase.build/Debug-iphonesimulator/FirebaseCore.build/Objects-normal/x86_64/FIRComponent.dia -c /Users/hectorgarcia/Library/Developer/Xcode/DerivedData/Lyo-eagkiegzrakogpczynhkaholsscs/SourcePackages/checkouts/firebase-ios-sdk/FirebaseCore/Sources/FIRComponent.m -o /Users/hectorgarcia/Library/Developer/Xcode/DerivedData/Build/Intermediates.noindex/Firebase.build/Debug-iphonesimulator/FirebaseCore.build/Objects-normal/x86_64/FIRComponent.o -index-unit-output-path /Firebase.build/Debug-iphonesimulator/FirebaseCore.build/Objects-normal/x86_64/FIRComponent.o

ScanDependencies /Users/hectorgarcia/Library/Developer/Xcode/DerivedData/Build/Intermediates.noindex/Firebase.build/Debug-iphonesimulator/FirebaseCore.build/Objects-normal/x86_64/FIRBundleUtil.o /Users/hectorgarcia/Library/Developer/Xcode/DerivedData/Lyo-eagkiegzrakogpczynhkaholsscs/SourcePackages/checkouts/firebase-ios-sdk/FirebaseCore/Sources/FIRBundleUtil.m normal x86_64 objective-c com.apple.compilers.llvm.clang.1_0.compiler (in target 'FirebaseCore' from project 'Firebase')
    cd /Users/hectorgarcia/LYO_Da_ONE/Lyo.xcodeproj
    
    Using response file: /Users/hectorgarcia/Library/Developer/Xcode/DerivedData/Build/Intermediates.noindex/Firebase.build/Debug-iphonesimulator/FirebaseCore.build/Objects-normal/x86_64/e6072d4f65d7061329687fe24e3d63a7-common-args.resp
    
    builtin-ScanDependencies -o /Users/hectorgarcia/Library/Developer/Xcode/DerivedData/Build/Intermediates.noindex/Firebase.build/Debug-iphonesimulator/FirebaseCore.build/Objects-normal/x86_64/FIRBundleUtil.o.scan -- /Users/hectorgarcia/Downloads/Xcode.app/Contents/Developer/Toolchains/XcodeDefault.xctoolchain/usr/bin/clang -x objective-c -ivfsstatcache /Users/hectorgarcia/Library/Developer/Xcode/DerivedData/SDKStatCaches.noindex/iphonesimulator26.2-23C53-823d3e8b6e60bc2018c189d3ca05ba9b.sdkstatcache -fmessage-length\=0 -fdiagnostics-show-note-include-stack -fmacro-backtrace-limit\=0 -fno-color-diagnostics -fmodules-prune-interval\=86400 -fmodules-prune-after\=345600 -fbuild-session-file\=/Users/hectorgarcia/Library/Developer/Xcode/DerivedData/ModuleCache.noindex/Session.modulevalidation -fmodules-validate-once-per-build-session -Wnon-modular-include-in-framework-module -Werror\=non-modular-include-in-framework-module -Wno-trigraphs -Wno-missing-field-initializers -Wno-missing-prototypes -Wno-return-type -Wno-implicit-atomic-properties -Wno-objc-interface-ivars -Wno-arc-repeated-use-of-weak -Wno-missing-braces -Wparentheses -Wswitch -Wno-unused-function -Wno-unused-label -Wno-unused-parameter -Wno-unused-variable -Wunused-value -Wno-empty-body -Wno-uninitialized -Wno-unknown-pragmas -w -Wno-shadow -Wno-four-char-constants -Wno-conversion -Wno-constant-conversion -Wno-int-conversion -Wno-bool-conversion -Wno-enum-conversion -Wno-float-conversion -Wno-non-literal-null-conversion -Wno-objc-literal-conversion -Wshorten-64-to-32 -Wpointer-sign -Wno-newline-eof -Wno-selector -Wno-strict-selector-match -Wno-undeclared-selector -Wno-deprecated-implementations -Wno-implicit-fallthrough -fstrict-aliasing -Wprotocol -Wdeprecated-declarations -Wno-sign-conversion -Wno-infinite-recursion -Wno-comma -Wno-block-capture-autoreleasing -Wno-strict-prototypes -Wno-semicolon-before-method-body -index-store-path /Users/hectorgarcia/Library/Developer/Xcode/DerivedData/Lyo-eagkiegzrakogpczynhkaholsscs/Index.noindex/DataStore @/Users/hectorgarcia/Library/Developer/Xcode/DerivedData/Build/Intermediates.noindex/Firebase.build/Debug-iphonesimulator/FirebaseCore.build/Objects-normal/x86_64/e6072d4f65d7061329687fe24e3d63a7-common-args.resp -include /Users/hectorgarcia/Library/Developer/Xcode/DerivedData/Build/Intermediates.noindex/Firebase.build/Debug-iphonesimulator/FirebaseCore.build/DerivedSources/resource_bundle_accessor.h -MMD -MT dependencies -MF /Users/hectorgarcia/Library/Developer/Xcode/DerivedData/Build/Intermediates.noindex/Firebase.build/Debug-iphonesimulator/FirebaseCore.build/Objects-normal/x86_64/FIRBundleUtil.d --serialize-diagnostics /Users/hectorgarcia/Library/Developer/Xcode/DerivedData/Build/Intermediates.noindex/Firebase.build/Debug-iphonesimulator/FirebaseCore.build/Objects-normal/x86_64/FIRBundleUtil.dia -c /Users/hectorgarcia/Library/Developer/Xcode/DerivedData/Lyo-eagkiegzrakogpczynhkaholsscs/SourcePackages/checkouts/firebase-ios-sdk/FirebaseCore/Sources/FIRBundleUtil.m -o /Users/hectorgarcia/Library/Developer/Xcode/DerivedData/Build/Intermediates.noindex/Firebase.build/Debug-iphonesimulator/FirebaseCore.build/Objects-normal/x86_64/FIRBundleUtil.o -index-unit-output-path /Firebase.build/Debug-iphonesimulator/FirebaseCore.build/Objects-normal/x86_64/FIRBundleUtil.o

ScanDependencies /Users/hectorgarcia/Library/Developer/Xcode/DerivedData/Build/Intermediates.noindex/Firebase.build/Debug-iphonesimulator/FirebaseCore.build/Objects-normal/x86_64/FIRApp.o /Users/hectorgarcia/Library/Developer/Xcode/DerivedData/Lyo-eagkiegzrakogpczynhkaholsscs/SourcePackages/checkouts/firebase-ios-sdk/FirebaseCore/Sources/FIRApp.m normal x86_64 objective-c com.apple.compilers.llvm.clang.1_0.compiler (in target 'FirebaseCore' from project 'Firebase')
    cd /Users/hectorgarcia/LYO_Da_ONE/Lyo.xcodeproj
    
    Using response file: /Users/hectorgarcia/Library/Developer/Xcode/DerivedData/Build/Intermediates.noindex/Firebase.build/Debug-iphonesimulator/FirebaseCore.build/Objects-normal/x86_64/e6072d4f65d7061329687fe24e3d63a7-common-args.resp
    
    builtin-ScanDependencies -o /Users/hectorgarcia/Library/Developer/Xcode/DerivedData/Build/Intermediates.noindex/Firebase.build/Debug-iphonesimulator/FirebaseCore.build/Objects-normal/x86_64/FIRApp.o.scan -- /Users/hectorgarcia/Downloads/Xcode.app/Contents/Developer/Toolchains/XcodeDefault.xctoolchain/usr/bin/clang -x objective-c -ivfsstatcache /Users/hectorgarcia/Library/Developer/Xcode/DerivedData/SDKStatCaches.noindex/iphonesimulator26.2-23C53-823d3e8b6e60bc2018c189d3ca05ba9b.sdkstatcache -fmessage-length\=0 -fdiagnostics-show-note-include-stack -fmacro-backtrace-limit\=0 -fno-color-diagnostics -fmodules-prune-interval\=86400 -fmodules-prune-after\=345600 -fbuild-session-file\=/Users/hectorgarcia/Library/Developer/Xcode/DerivedData/ModuleCache.noindex/Session.modulevalidation -fmodules-validate-once-per-build-session -Wnon-modular-include-in-framework-module -Werror\=non-modular-include-in-framework-module -Wno-trigraphs -Wno-missing-field-initializers -Wno-missing-prototypes -Wno-return-type -Wno-implicit-atomic-properties -Wno-objc-interface-ivars -Wno-arc-repeated-use-of-weak -Wno-missing-braces -Wparentheses -Wswitch -Wno-unused-function -Wno-unused-label -Wno-unused-parameter -Wno-unused-variable -Wunused-value -Wno-empty-body -Wno-uninitialized -Wno-unknown-pragmas -w -Wno-shadow -Wno-four-char-constants -Wno-conversion -Wno-constant-conversion -Wno-int-conversion -Wno-bool-conversion -Wno-enum-conversion -Wno-float-conversion -Wno-non-literal-null-conversion -Wno-objc-literal-conversion -Wshorten-64-to-32 -Wpointer-sign -Wno-newline-eof -Wno-selector -Wno-strict-selector-match -Wno-undeclared-selector -Wno-deprecated-implementations -Wno-implicit-fallthrough -fstrict-aliasing -Wprotocol -Wdeprecated-declarations -Wno-sign-conversion -Wno-infinite-recursion -Wno-comma -Wno-block-capture-autoreleasing -Wno-strict-prototypes -Wno-semicolon-before-method-body -index-store-path /Users/hectorgarcia/Library/Developer/Xcode/DerivedData/Lyo-eagkiegzrakogpczynhkaholsscs/Index.noindex/DataStore @/Users/hectorgarcia/Library/Developer/Xcode/DerivedData/Build/Intermediates.noindex/Firebase.build/Debug-iphonesimulator/FirebaseCore.build/Objects-normal/x86_64/e6072d4f65d7061329687fe24e3d63a7-common-args.resp -include /Users/hectorgarcia/Library/Developer/Xcode/DerivedData/Build/Intermediates.noindex/Firebase.build/Debug-iphonesimulator/FirebaseCore.build/DerivedSources/resource_bundle_accessor.h -MMD -MT dependencies -MF /Users/hectorgarcia/Library/Developer/Xcode/DerivedData/Build/Intermediates.noindex/Firebase.build/Debug-iphonesimulator/FirebaseCore.build/Objects-normal/x86_64/FIRApp.d --serialize-diagnostics /Users/hectorgarcia/Library/Developer/Xcode/DerivedData/Build/Intermediates.noindex/Firebase.build/Debug-iphonesimulator/FirebaseCore.build/Objects-normal/x86_64/FIRApp.dia -c /Users/hectorgarcia/Library/Developer/Xcode/DerivedData/Lyo-eagkiegzrakogpczynhkaholsscs/SourcePackages/checkouts/firebase-ios-sdk/FirebaseCore/Sources/FIRApp.m -o /Users/hectorgarcia/Library/Developer/Xcode/DerivedData/Build/Intermediates.noindex/Firebase.build/Debug-iphonesimulator/FirebaseCore.build/Objects-normal/x86_64/FIRApp.o -index-unit-output-path /Firebase.build/Debug-iphonesimulator/FirebaseCore.build/Objects-normal/x86_64/FIRApp.o

ScanDependencies /Users/hectorgarcia/Library/Developer/Xcode/DerivedData/Build/Intermediates.noindex/Firebase.build/Debug-iphonesimulator/FirebaseCore.build/Objects-normal/x86_64/FIRAnalyticsConfiguration.o /Users/hectorgarcia/Library/Developer/Xcode/DerivedData/Lyo-eagkiegzrakogpczynhkaholsscs/SourcePackages/checkouts/firebase-ios-sdk/FirebaseCore/Sources/FIRAnalyticsConfiguration.m normal x86_64 objective-c com.apple.compilers.llvm.clang.1_0.compiler (in target 'FirebaseCore' from project 'Firebase')
    cd /Users/hectorgarcia/LYO_Da_ONE/Lyo.xcodeproj
    
    Using response file: /Users/hectorgarcia/Library/Developer/Xcode/DerivedData/Build/Intermediates.noindex/Firebase.build/Debug-iphonesimulator/FirebaseCore.build/Objects-normal/x86_64/e6072d4f65d7061329687fe24e3d63a7-common-args.resp
    
    builtin-ScanDependencies -o /Users/hectorgarcia/Library/Developer/Xcode/DerivedData/Build/Intermediates.noindex/Firebase.build/Debug-iphonesimulator/FirebaseCore.build/Objects-normal/x86_64/FIRAnalyticsConfiguration.o.scan -- /Users/hectorgarcia/Downloads/Xcode.app/Contents/Developer/Toolchains/XcodeDefault.xctoolchain/usr/bin/clang -x objective-c -ivfsstatcache /Users/hectorgarcia/Library/Developer/Xcode/DerivedData/SDKStatCaches.noindex/iphonesimulator26.2-23C53-823d3e8b6e60bc2018c189d3ca05ba9b.sdkstatcache -fmessage-length\=0 -fdiagnostics-show-note-include-stack -fmacro-backtrace-limit\=0 -fno-color-diagnostics -fmodules-prune-interval\=86400 -fmodules-prune-after\=345600 -fbuild-session-file\=/Users/hectorgarcia/Library/Developer/Xcode/DerivedData/ModuleCache.noindex/Session.modulevalidation -fmodules-validate-once-per-build-session -Wnon-modular-include-in-framework-module -Werror\=non-modular-include-in-framework-module -Wno-trigraphs -Wno-missing-field-initializers -Wno-missing-prototypes -Wno-return-type -Wno-implicit-atomic-properties -Wno-objc-interface-ivars -Wno-arc-repeated-use-of-weak -Wno-missing-braces -Wparentheses -Wswitch -Wno-unused-function -Wno-unused-label -Wno-unused-parameter -Wno-unused-variable -Wunused-value -Wno-empty-body -Wno-uninitialized -Wno-unknown-pragmas -w -Wno-shadow -Wno-four-char-constants -Wno-conversion -Wno-constant-conversion -Wno-int-conversion -Wno-bool-conversion -Wno-enum-conversion -Wno-float-conversion -Wno-non-literal-null-conversion -Wno-objc-literal-conversion -Wshorten-64-to-32 -Wpointer-sign -Wno-newline-eof -Wno-selector -Wno-strict-selector-match -Wno-undeclared-selector -Wno-deprecated-implementations -Wno-implicit-fallthrough -fstrict-aliasing -Wprotocol -Wdeprecated-declarations -Wno-sign-conversion -Wno-infinite-recursion -Wno-comma -Wno-block-capture-autoreleasing -Wno-strict-prototypes -Wno-semicolon-before-method-body -index-store-path /Users/hectorgarcia/Library/Developer/Xcode/DerivedData/Lyo-eagkiegzrakogpczynhkaholsscs/Index.noindex/DataStore @/Users/hectorgarcia/Library/Developer/Xcode/DerivedData/Build/Intermediates.noindex/Firebase.build/Debug-iphonesimulator/FirebaseCore.build/Objects-normal/x86_64/e6072d4f65d7061329687fe24e3d63a7-common-args.resp -include /Users/hectorgarcia/Library/Developer/Xcode/DerivedData/Build/Intermediates.noindex/Firebase.build/Debug-iphonesimulator/FirebaseCore.build/DerivedSources/resource_bundle_accessor.h -MMD -MT dependencies -MF /Users/hectorgarcia/Library/Developer/Xcode/DerivedData/Build/Intermediates.noindex/Firebase.build/Debug-iphonesimulator/FirebaseCore.build/Objects-normal/x86_64/FIRAnalyticsConfiguration.d --serialize-diagnostics /Users/hectorgarcia/Library/Developer/Xcode/DerivedData/Build/Intermediates.noindex/Firebase.build/Debug-iphonesimulator/FirebaseCore.build/Objects-normal/x86_64/FIRAnalyticsConfiguration.dia -c /Users/hectorgarcia/Library/Developer/Xcode/DerivedData/Lyo-eagkiegzrakogpczynhkaholsscs/SourcePackages/checkouts/firebase-ios-sdk/FirebaseCore/Sources/FIRAnalyticsConfiguration.m -o /Users/hectorgarcia/Library/Developer/Xcode/DerivedData/Build/Intermediates.noindex/Firebase.build/Debug-iphonesimulator/FirebaseCore.build/Objects-normal/x86_64/FIRAnalyticsConfiguration.o -index-unit-output-path /Firebase.build/Debug-iphonesimulator/FirebaseCore.build/Objects-normal/x86_64/FIRAnalyticsConfiguration.o

SwiftDriver Lyo normal x86_64 com.apple.xcode.tools.swift.compiler (in target 'Lyo' from project 'Lyo')
    cd /Users/hectorgarcia/LYO_Da_ONE
    builtin-SwiftDriver -- /Users/hectorgarcia/Downloads/Xcode.app/Contents/Developer/Toolchains/XcodeDefault.xctoolchain/usr/bin/swiftc -module-name Lyo -Onone -enforce-exclusivity\=checked @/Users/hectorgarcia/Library/Developer/Xcode/DerivedData/Build/Intermediates.noindex/Lyo.build/Debug-iphonesimulator/Lyo.build/Objects-normal/x86_64/Lyo.SwiftFileList -DDEBUG -Xcc -fmodule-map-file\=/Users/hectorgarcia/Library/Developer/Xcode/DerivedData/Build/Intermediates.noindex/GeneratedModuleMaps-iphonesimulator/AppAuth.modulemap -Xcc -fmodule-map-file\=/Users/hectorgarcia/Library/Developer/Xcode/DerivedData/Build/Intermediates.noindex/GeneratedModuleMaps-iphonesimulator/AppAuthCore.modulemap -Xcc -fmodule-map-file\=/Users/hectorgarcia/Library/Developer/Xcode/DerivedData/Build/Intermediates.noindex/GeneratedModuleMaps-iphonesimulator/GoogleSignIn.modulemap -Xcc -fmodule-map-file\=/Users/hectorgarcia/Library/Developer/Xcode/DerivedData/Build/Intermediates.noindex/GeneratedModuleMaps-iphonesimulator/GoogleUtilities-Network.modulemap -Xcc -fmodule-map-file\=/Users/hectorgarcia/Library/Developer/Xcode/DerivedData/Build/Intermediates.noindex/GeneratedModuleMaps-iphonesimulator/GoogleUtilities-Reachability.modulemap -Xcc -fmodule-map-file\=/Users/hectorgarcia/Library/Developer/Xcode/DerivedData/Build/Intermediates.noindex/GeneratedModuleMaps-iphonesimulator/GoogleUtilities-AppDelegateSwizzler.modulemap -Xcc -fmodule-map-file\=/Users/hectorgarcia/Library/Developer/Xcode/DerivedData/Build/Intermediates.noindex/GeneratedModuleMaps-iphonesimulator/GTMSessionFetcherCore.modulemap -Xcc -fmodule-map-file\=/Users/hectorgarcia/Library/Developer/Xcode/DerivedData/Build/Intermediates.noindex/GeneratedModuleMaps-iphonesimulator/RecaptchaInterop.modulemap -Xcc -fmodule-map-file\=/Users/hectorgarcia/Library/Developer/Xcode/DerivedData/Build/Intermediates.noindex/GeneratedModuleMaps-iphonesimulator/FirebaseAppCheckInterop.modulemap -Xcc -fmodule-map-file\=/Users/hectorgarcia/Library/Developer/Xcode/DerivedData/Build/Intermediates.noindex/GeneratedModuleMaps-iphonesimulator/FirebaseAuth.modulemap -Xcc -fmodule-map-file\=/Users/hectorgarcia/Library/Developer/Xcode/DerivedData/Build/Intermediates.noindex/GeneratedModuleMaps-iphonesimulator/GoogleUtilities-NSData.modulemap -Xcc -fmodule-map-file\=/Users/hectorgarcia/Library/Developer/Xcode/DerivedData/Build/Intermediates.noindex/GeneratedModuleMaps-iphonesimulator/GoogleUtilities-Logger.modulemap -Xcc -fmodule-map-file\=/Users/hectorgarcia/Library/Developer/Xcode/DerivedData/Build/Intermediates.noindex/GeneratedModuleMaps-iphonesimulator/GoogleUtilities-Environment.modulemap -Xcc -fmodule-map-file\=/Users/hectorgarcia/Library/Developer/Xcode/DerivedData/Build/Intermediates.noindex/GeneratedModuleMaps-iphonesimulator/third-party-IsAppEncrypted.modulemap -Xcc -fmodule-map-file\=/Users/hectorgarcia/Library/Developer/Xcode/DerivedData/Build/Intermediates.noindex/GeneratedModuleMaps-iphonesimulator/GoogleUtilities-UserDefaults.modulemap -Xcc -fmodule-map-file\=/Users/hectorgarcia/Library/Developer/Xcode/DerivedData/Build/Intermediates.noindex/GeneratedModuleMaps-iphonesimulator/nanopb.modulemap -Xcc -fmodule-map-file\=/Users/hectorgarcia/Library/Developer/Xcode/DerivedData/Build/Intermediates.noindex/GeneratedModuleMaps-iphonesimulator/GoogleDataTransport.modulemap -Xcc -fmodule-map-file\=/Users/hectorgarcia/Library/Developer/Xcode/DerivedData/Build/Intermediates.noindex/GeneratedModuleMaps-iphonesimulator/FirebaseSessionsObjC.modulemap -Xcc -fmodule-map-file\=/Users/hectorgarcia/Library/Developer/Xcode/DerivedData/Build/Intermediates.noindex/GeneratedModuleMaps-iphonesimulator/FirebaseCoreExtension.modulemap -Xcc -fmodule-map-file\=/Users/hectorgarcia/Library/Developer/Xcode/DerivedData/Build/Intermediates.noindex/GeneratedModuleMaps-iphonesimulator/FirebaseInstallations.modulemap -Xcc -fmodule-map-file\=/Users/hectorgarcia/Library/Developer/Xcode/DerivedData/Build/Intermediates.noindex/GeneratedModuleMaps-iphonesimulator/FirebaseCore.modulemap -Xcc -fmodule-map-file\=/Users/hectorgarcia/Library/Developer/Xcode/DerivedData/Build/Intermediates.noindex/GeneratedModuleMaps-iphonesimulator/FirebaseCrashlytics.modulemap -enable-bare-slash-regex -enable-experimental-feature DebugDescriptionMacro -sdk /Users/hectorgarcia/Downloads/Xcode.app/Contents/Developer/Platforms/iPhoneSimulator.platform/Developer/SDKs/iPhoneSimulator26.2.sdk -target x86_64-apple-ios17.0-simulator -g -module-cache-path /Users/hectorgarcia/Library/Developer/Xcode/DerivedData/ModuleCache.noindex -Xfrontend -serialize-debugging-options -enable-testing -index-store-path /Users/hectorgarcia/Library/Developer/Xcode/DerivedData/Lyo-eagkiegzrakogpczynhkaholsscs/Index.noindex/DataStore -Xcc -D_LIBCPP_HARDENING_MODE\=_LIBCPP_HARDENING_MODE_DEBUG -swift-version 5 -I /Users/hectorgarcia/Library/Developer/Xcode/DerivedData/Build/Products/Debug-iphonesimulator -F /Users/hectorgarcia/Library/Developer/Xcode/DerivedData/Build/Products/Debug-iphonesimulator/PackageFrameworks -F /Users/hectorgarcia/Library/Developer/Xcode/DerivedData/Build/Products/Debug-iphonesimulator/PackageFrameworks -F /Users/hectorgarcia/Library/Developer/Xcode/DerivedData/Build/Products/Debug-iphonesimulator/PackageFrameworks -F /Users/hectorgarcia/Library/Developer/Xcode/DerivedData/Build/Products/Debug-iphonesimulator/PackageFrameworks -F /Users/hectorgarcia/Library/Developer/Xcode/DerivedData/Build/Products/Debug-iphonesimulator/PackageFrameworks -F /Users/hectorgarcia/Library/Developer/Xcode/DerivedData/Build/Products/Debug-iphonesimulator/PackageFrameworks -F /Users/hectorgarcia/Library/Developer/Xcode/DerivedData/Build/Products/Debug-iphonesimulator/PackageFrameworks -F /Users/hectorgarcia/Library/Developer/Xcode/DerivedData/Build/Products/Debug-iphonesimulator/PackageFrameworks -F /Users/hectorgarcia/Library/Developer/Xcode/DerivedData/Build/Products/Debug-iphonesimulator/PackageFrameworks -F /Users/hectorgarcia/Library/Developer/Xcode/DerivedData/Build/Products/Debug-iphonesimulator/PackageFrameworks -F /Users/hectorgarcia/Library/Developer/Xcode/DerivedData/Build/Products/Debug-iphonesimulator/PackageFrameworks -F /Users/hectorgarcia/Library/Developer/Xcode/DerivedData/Build/Products/Debug-iphonesimulator/PackageFrameworks -F /Users/hectorgarcia/Library/Developer/Xcode/DerivedData/Build/Products/Debug-iphonesimulator/PackageFrameworks -F /Users/hectorgarcia/Library/Developer/Xcode/DerivedData/Build/Products/Debug-iphonesimulator/PackageFrameworks -F /Users/hectorgarcia/Library/Developer/Xcode/DerivedData/Build/Products/Debug-iphonesimulator/PackageFrameworks -F /Users/hectorgarcia/Library/Developer/Xcode/DerivedData/Build/Products/Debug-iphonesimulator/PackageFrameworks -F /Users/hectorgarcia/Library/Developer/Xcode/DerivedData/Build/Products/Debug-iphonesimulator/PackageFrameworks -F /Users/hectorgarcia/Library/Developer/Xcode/DerivedData/Build/Products/Debug-iphonesimulator/PackageFrameworks -F /Users/hectorgarcia/Library/Developer/Xcode/DerivedData/Build/Products/Debug-iphonesimulator/PackageFrameworks -F /Users/hectorgarcia/Library/Developer/Xcode/DerivedData/Build/Products/Debug-iphonesimulator/PackageFrameworks -F /Users/hectorgarcia/Library/Developer/Xcode/DerivedData/Build/Products/Debug-iphonesimulator/PackageFrameworks -F /Users/hectorgarcia/Library/Developer/Xcode/DerivedData/Build/Products/Debug-iphonesimulator/PackageFrameworks -F /Users/hectorgarcia/Library/Developer/Xcode/DerivedData/Build/Products/Debug-iphonesimulator/PackageFrameworks -F /Users/hectorgarcia/Library/Developer/Xcode/DerivedData/Build/Products/Debug-iphonesimulator/PackageFrameworks -F /Users/hectorgarcia/Library/Developer/Xcode/DerivedData/Build/Products/Debug-iphonesimulator/PackageFrameworks -F /Users/hectorgarcia/Library/Developer/Xcode/DerivedData/Build/Products/Debug-iphonesimulator/PackageFrameworks -F /Users/hectorgarcia/Library/Developer/Xcode/DerivedData/Build/Products/Debug-iphonesimulator/PackageFrameworks -F /Users/hectorgarcia/Library/Developer/Xcode/DerivedData/Build/Products/Debug-iphonesimulator/PackageFrameworks -F /Users/hectorgarcia/Library/Developer/Xcode/DerivedData/Build/Products/Debug-iphonesimulator/PackageFrameworks -F /Users/hectorgarcia/Library/Developer/Xcode/DerivedData/Build/Products/Debug-iphonesimulator/PackageFrameworks -F /Users/hectorgarcia/Library/Developer/Xcode/DerivedData/Build/Products/Debug-iphonesimulator -c -j8 -enable-batch-mode -incremental -Xcc -ivfsstatcache -Xcc /Users/hectorgarcia/Library/Developer/Xcode/DerivedData/SDKStatCaches.noindex/iphonesimulator26.2-23C53-823d3e8b6e60bc2018c189d3ca05ba9b.sdkstatcache -output-file-map /Users/hectorgarcia/Library/Developer/Xcode/DerivedData/Build/Intermediates.noindex/Lyo.build/Debug-iphonesimulator/Lyo.build/Objects-normal/x86_64/Lyo-OutputFileMap.json -use-frontend-parseable-output -save-temps -no-color-diagnostics -explicit-module-build -module-cache-path /Users/hectorgarcia/Library/Developer/Xcode/DerivedData/Build/Intermediates.noindex/SwiftExplicitPrecompiledModules -clang-scanner-module-cache-path /Users/hectorgarcia/Library/Developer/Xcode/DerivedData/ModuleCache.noindex -sdk-module-cache-path /Users/hectorgarcia/Library/Developer/Xcode/DerivedData/ModuleCache.noindex -serialize-diagnostics -emit-dependencies -emit-module -emit-module-path /Users/hectorgarcia/Library/Developer/Xcode/DerivedData/Build/Intermediates.noindex/Lyo.build/Debug-iphonesimulator/Lyo.build/Objects-normal/x86_64/Lyo.swiftmodule -validate-clang-modules-once -clang-build-session-file /Users/hectorgarcia/Library/Developer/Xcode/DerivedData/ModuleCache.noindex/Session.modulevalidation -Xcc -I/Users/hectorgarcia/Library/Developer/Xcode/DerivedData/Build/Intermediates.noindex/Lyo.build/Debug-iphonesimulator/Lyo.build/swift-overrides.hmap -emit-const-values -Xfrontend -const-gather-protocols-file -Xfrontend /Users/hectorgarcia/Library/Developer/Xcode/DerivedData/Build/Intermediates.noindex/Lyo.build/Debug-iphonesimulator/Lyo.build/Objects-normal/x86_64/Lyo_const_extract_protocols.json -Xcc -iquote -Xcc /Users/hectorgarcia/Library/Developer/Xcode/DerivedData/Build/Intermediates.noindex/Lyo.build/Debug-iphonesimulator/Lyo.build/Lyo-generated-files.hmap -Xcc -I/Users/hectorgarcia/Library/Developer/Xcode/DerivedData/Build/Intermediates.noindex/Lyo.build/Debug-iphonesimulator/Lyo.build/Lyo-own-target-headers.hmap -Xcc -I/Users/hectorgarcia/Library/Developer/Xcode/DerivedData/Build/Intermediates.noindex/Lyo.build/Debug-iphonesimulator/Lyo.build/Lyo-all-non-framework-target-headers.hmap -Xcc -ivfsoverlay -Xcc /Users/hectorgarcia/Library/Developer/Xcode/DerivedData/Build/Intermediates.noindex/Lyo.build/Debug-iphonesimulator/Lyo-bbd64440b6994385d1fe7db0e422d1b1-VFS-iphonesimulator/all-product-headers.yaml -Xcc -iquote -Xcc /Users/hectorgarcia/Library/Developer/Xcode/DerivedData/Build/Intermediates.noindex/Lyo.build/Debug-iphonesimulator/Lyo.build/Lyo-project-headers.hmap -Xcc -I/Users/hectorgarcia/Library/Developer/Xcode/DerivedData/Lyo-eagkiegzrakogpczynhkaholsscs/SourcePackages/checkouts/AppAuth-iOS/Sources/AppAuth -Xcc -I/Users/hectorgarcia/Library/Developer/Xcode/DerivedData/Lyo-eagkiegzrakogpczynhkaholsscs/SourcePackages/checkouts/AppAuth-iOS/Sources/AppAuthCore -Xcc -I/Users/hectorgarcia/Library/Developer/Xcode/DerivedData/Lyo-eagkiegzrakogpczynhkaholsscs/SourcePackages/checkouts/GoogleSignIn-iOS/GoogleSignIn/Sources/Public -Xcc -I/Users/hectorgarcia/Library/Developer/Xcode/DerivedData/Lyo-eagkiegzrakogpczynhkaholsscs/SourcePackages/checkouts/GoogleUtilities/GoogleUtilities/Network/Public -Xcc -I/Users/hectorgarcia/Library/Developer/Xcode/DerivedData/Lyo-eagkiegzrakogpczynhkaholsscs/SourcePackages/checkouts/GoogleUtilities/GoogleUtilities/Reachability/Public -Xcc -I/Users/hectorgarcia/Library/Developer/Xcode/DerivedData/Lyo-eagkiegzrakogpczynhkaholsscs/SourcePackages/checkouts/GoogleUtilities/GoogleUtilities/AppDelegateSwizzler/Public -Xcc -I/Users/hectorgarcia/Library/Developer/Xcode/DerivedData/Lyo-eagkiegzrakogpczynhkaholsscs/SourcePackages/checkouts/gtm-session-fetcher/Sources/Core/Public -Xcc -I/Users/hectorgarcia/Library/Developer/Xcode/DerivedData/Lyo-eagkiegzrakogpczynhkaholsscs/SourcePackages/checkouts/interop-ios-for-google-sdks/RecaptchaEnterprise/RecaptchaInterop/Public -Xcc -I/Users/hectorgarcia/Library/Developer/Xcode/DerivedData/Lyo-eagkiegzrakogpczynhkaholsscs/SourcePackages/checkouts/firebase-ios-sdk/FirebaseAppCheck/Interop/Public -Xcc -I/Users/hectorgarcia/Library/Developer/Xcode/DerivedData/Lyo-eagkiegzrakogpczynhkaholsscs/SourcePackages/checkouts/firebase-ios-sdk/FirebaseAuth/Sources/Public -Xcc -I/Users/hectorgarcia/Library/Developer/Xcode/DerivedData/Lyo-eagkiegzrakogpczynhkaholsscs/SourcePackages/checkouts/GoogleUtilities/GoogleUtilities/NSData+zlib/Public -Xcc -I/Users/hectorgarcia/Library/Developer/Xcode/DerivedData/Lyo-eagkiegzrakogpczynhkaholsscs/SourcePackages/checkouts/GoogleUtilities/GoogleUtilities/Logger/Public -Xcc -I/Users/hectorgarcia/Library/Developer/Xcode/DerivedData/Lyo-eagkiegzrakogpczynhkaholsscs/SourcePackages/checkouts/GoogleUtilities/GoogleUtilities/Environment/Public -Xcc -I/Users/hectorgarcia/Library/Developer/Xcode/DerivedData/Lyo-eagkiegzrakogpczynhkaholsscs/SourcePackages/checkouts/GoogleUtilities/third_party/IsAppEncrypted/Public -Xcc -I/Users/hectorgarcia/Library/Developer/Xcode/DerivedData/Lyo-eagkiegzrakogpczynhkaholsscs/SourcePackages/checkouts/GoogleUtilities/GoogleUtilities/UserDefaults/Public -Xcc -I/Users/hectorgarcia/Library/Developer/Xcode/DerivedData/Lyo-eagkiegzrakogpczynhkaholsscs/SourcePackages/checkouts/nanopb/spm_headers -Xcc -I/Users/hectorgarcia/Library/Developer/Xcode/DerivedData/Lyo-eagkiegzrakogpczynhkaholsscs/SourcePackages/checkouts/promises/Sources/FBLPromises/include -Xcc -I/Users/hectorgarcia/Library/Developer/Xcode/DerivedData/Lyo-eagkiegzrakogpczynhkaholsscs/SourcePackages/checkouts/GoogleDataTransport/GoogleDataTransport/GDTCORLibrary/Public -Xcc -I/Users/hectorgarcia/Library/Developer/Xcode/DerivedData/Lyo-eagkiegzrakogpczynhkaholsscs/SourcePackages/checkouts/firebase-ios-sdk/FirebaseSessions/SourcesObjC -Xcc -I/Users/hectorgarcia/Library/Developer/Xcode/DerivedData/Lyo-eagkiegzrakogpczynhkaholsscs/SourcePackages/checkouts/firebase-ios-sdk/FirebaseCore/Extension -Xcc -I/Users/hectorgarcia/Library/Developer/Xcode/DerivedData/Lyo-eagkiegzrakogpczynhkaholsscs/SourcePackages/checkouts/firebase-ios-sdk/FirebaseInstallations/Source/Library/Public -Xcc -I/Users/hectorgarcia/Library/Developer/Xcode/DerivedData/Lyo-eagkiegzrakogpczynhkaholsscs/SourcePackages/checkouts/firebase-ios-sdk/FirebaseCore/Sources/Public -Xcc -I/Users/hectorgarcia/Library/Developer/Xcode/DerivedData/Lyo-eagkiegzrakogpczynhkaholsscs/SourcePackages/checkouts/firebase-ios-sdk/CoreOnly/Sources -Xcc -I/Users/hectorgarcia/Library/Developer/Xcode/DerivedData/Lyo-eagkiegzrakogpczynhkaholsscs/SourcePackages/checkouts/firebase-ios-sdk/Crashlytics/Crashlytics/Public -Xcc -I/Users/hectorgarcia/Library/Developer/Xcode/DerivedData/Build/Products/Debug-iphonesimulator/include -Xcc -I/Users/hectorgarcia/Library/Developer/Xcode/DerivedData/Build/Intermediates.noindex/Lyo.build/Debug-iphonesimulator/Lyo.build/DerivedSources-normal/x86_64 -Xcc -I/Users/hectorgarcia/Library/Developer/Xcode/DerivedData/Build/Intermediates.noindex/Lyo.build/Debug-iphonesimulator/Lyo.build/DerivedSources/x86_64 -Xcc -I/Users/hectorgarcia/Library/Developer/Xcode/DerivedData/Build/Intermediates.noindex/Lyo.build/Debug-iphonesimulator/Lyo.build/DerivedSources -Xcc -DDEBUG\=1 -emit-objc-header -emit-objc-header-path /Users/hectorgarcia/Library/Developer/Xcode/DerivedData/Build/Intermediates.noindex/Lyo.build/Debug-iphonesimulator/Lyo.build/Objects-normal/x86_64/Lyo-Swift.h -working-directory /Users/hectorgarcia/LYO_Da_ONE -experimental-emit-module-separately -disable-cmo

ScanDependencies /Users/hectorgarcia/Library/Developer/Xcode/DerivedData/Build/Intermediates.noindex/Firebase.build/Debug-iphonesimulator/FirebaseAuth.build/Objects-normal/x86_64/resource_bundle_accessor.o /Users/hectorgarcia/Library/Developer/Xcode/DerivedData/Build/Intermediates.noindex/Firebase.build/Debug-iphonesimulator/FirebaseAuth.build/DerivedSources/resource_bundle_accessor.m normal x86_64 objective-c com.apple.compilers.llvm.clang.1_0.compiler (in target 'FirebaseAuth' from project 'Firebase')
    cd /Users/hectorgarcia/LYO_Da_ONE/Lyo.xcodeproj
    
    Using response file: /Users/hectorgarcia/Library/Developer/Xcode/DerivedData/Build/Intermediates.noindex/Firebase.build/Debug-iphonesimulator/FirebaseAuth.build/Objects-normal/x86_64/e6072d4f65d7061329687fe24e3d63a7-common-args.resp
    
    builtin-ScanDependencies -o /Users/hectorgarcia/Library/Developer/Xcode/DerivedData/Build/Intermediates.noindex/Firebase.build/Debug-iphonesimulator/FirebaseAuth.build/Objects-normal/x86_64/resource_bundle_accessor.o.scan -- /Users/hectorgarcia/Downloads/Xcode.app/Contents/Developer/Toolchains/XcodeDefault.xctoolchain/usr/bin/clang -x objective-c -ivfsstatcache /Users/hectorgarcia/Library/Developer/Xcode/DerivedData/SDKStatCaches.noindex/iphonesimulator26.2-23C53-823d3e8b6e60bc2018c189d3ca05ba9b.sdkstatcache -fmessage-length\=0 -fdiagnostics-show-note-include-stack -fmacro-backtrace-limit\=0 -fno-color-diagnostics -fmodules-prune-interval\=86400 -fmodules-prune-after\=345600 -fbuild-session-file\=/Users/hectorgarcia/Library/Developer/Xcode/DerivedData/ModuleCache.noindex/Session.modulevalidation -fmodules-validate-once-per-build-session -Wnon-modular-include-in-framework-module -Werror\=non-modular-include-in-framework-module -Wno-trigraphs -Wno-missing-field-initializers -Wno-missing-prototypes -Wno-return-type -Wno-implicit-atomic-properties -Wno-objc-interface-ivars -Wno-arc-repeated-use-of-weak -Wno-missing-braces -Wparentheses -Wswitch -Wno-unused-function -Wno-unused-label -Wno-unused-parameter -Wno-unused-variable -Wunused-value -Wno-empty-body -Wno-uninitialized -Wno-unknown-pragmas -w -Wno-shadow -Wno-four-char-constants -Wno-conversion -Wno-constant-conversion -Wno-int-conversion -Wno-bool-conversion -Wno-enum-conversion -Wno-float-conversion -Wno-non-literal-null-conversion -Wno-objc-literal-conversion -Wshorten-64-to-32 -Wpointer-sign -Wno-newline-eof -Wno-selector -Wno-strict-selector-match -Wno-undeclared-selector -Wno-deprecated-implementations -Wno-implicit-fallthrough -fstrict-aliasing -Wprotocol -Wdeprecated-declarations -Wno-sign-conversion -Wno-infinite-recursion -Wno-comma -Wno-block-capture-autoreleasing -Wno-strict-prototypes -Wno-semicolon-before-method-body -index-store-path /Users/hectorgarcia/Library/Developer/Xcode/DerivedData/Lyo-eagkiegzrakogpczynhkaholsscs/Index.noindex/DataStore @/Users/hectorgarcia/Library/Developer/Xcode/DerivedData/Build/Intermediates.noindex/Firebase.build/Debug-iphonesimulator/FirebaseAuth.build/Objects-normal/x86_64/e6072d4f65d7061329687fe24e3d63a7-common-args.resp -include /Users/hectorgarcia/Library/Developer/Xcode/DerivedData/Build/Intermediates.noindex/Firebase.build/Debug-iphonesimulator/FirebaseAuth.build/DerivedSources/resource_bundle_accessor.h -MMD -MT dependencies -MF /Users/hectorgarcia/Library/Developer/Xcode/DerivedData/Build/Intermediates.noindex/Firebase.build/Debug-iphonesimulator/FirebaseAuth.build/Objects-normal/x86_64/resource_bundle_accessor.d --serialize-diagnostics /Users/hectorgarcia/Library/Developer/Xcode/DerivedData/Build/Intermediates.noindex/Firebase.build/Debug-iphonesimulator/FirebaseAuth.build/Objects-normal/x86_64/resource_bundle_accessor.dia -c /Users/hectorgarcia/Library/Developer/Xcode/DerivedData/Build/Intermediates.noindex/Firebase.build/Debug-iphonesimulator/FirebaseAuth.build/DerivedSources/resource_bundle_accessor.m -o /Users/hectorgarcia/Library/Developer/Xcode/DerivedData/Build/Intermediates.noindex/Firebase.build/Debug-iphonesimulator/FirebaseAuth.build/Objects-normal/x86_64/resource_bundle_accessor.o -index-unit-output-path /Firebase.build/Debug-iphonesimulator/FirebaseAuth.build/Objects-normal/x86_64/resource_bundle_accessor.o

ScanDependencies /Users/hectorgarcia/Library/Developer/Xcode/DerivedData/Build/Intermediates.noindex/Firebase.build/Debug-iphonesimulator/FirebaseAuth.build/Objects-normal/x86_64/NSData+FIRBase64.o /Users/hectorgarcia/Library/Developer/Xcode/DerivedData/Lyo-eagkiegzrakogpczynhkaholsscs/SourcePackages/checkouts/firebase-ios-sdk/FirebaseAuth/Sources/Utilities/NSData+FIRBase64.m normal x86_64 objective-c com.apple.compilers.llvm.clang.1_0.compiler (in target 'FirebaseAuth' from project 'Firebase')
    cd /Users/hectorgarcia/LYO_Da_ONE/Lyo.xcodeproj
    
    Using response file: /Users/hectorgarcia/Library/Developer/Xcode/DerivedData/Build/Intermediates.noindex/Firebase.build/Debug-iphonesimulator/FirebaseAuth.build/Objects-normal/x86_64/e6072d4f65d7061329687fe24e3d63a7-common-args.resp
    
    builtin-ScanDependencies -o /Users/hectorgarcia/Library/Developer/Xcode/DerivedData/Build/Intermediates.noindex/Firebase.build/Debug-iphonesimulator/FirebaseAuth.build/Objects-normal/x86_64/NSData+FIRBase64.o.scan -- /Users/hectorgarcia/Downloads/Xcode.app/Contents/Developer/Toolchains/XcodeDefault.xctoolchain/usr/bin/clang -x objective-c -ivfsstatcache /Users/hectorgarcia/Library/Developer/Xcode/DerivedData/SDKStatCaches.noindex/iphonesimulator26.2-23C53-823d3e8b6e60bc2018c189d3ca05ba9b.sdkstatcache -fmessage-length\=0 -fdiagnostics-show-note-include-stack -fmacro-backtrace-limit\=0 -fno-color-diagnostics -fmodules-prune-interval\=86400 -fmodules-prune-after\=345600 -fbuild-session-file\=/Users/hectorgarcia/Library/Developer/Xcode/DerivedData/ModuleCache.noindex/Session.modulevalidation -fmodules-validate-once-per-build-session -Wnon-modular-include-in-framework-module -Werror\=non-modular-include-in-framework-module -Wno-trigraphs -Wno-missing-field-initializers -Wno-missing-prototypes -Wno-return-type -Wno-implicit-atomic-properties -Wno-objc-interface-ivars -Wno-arc-repeated-use-of-weak -Wno-missing-braces -Wparentheses -Wswitch -Wno-unused-function -Wno-unused-label -Wno-unused-parameter -Wno-unused-variable -Wunused-value -Wno-empty-body -Wno-uninitialized -Wno-unknown-pragmas -w -Wno-shadow -Wno-four-char-constants -Wno-conversion -Wno-constant-conversion -Wno-int-conversion -Wno-bool-conversion -Wno-enum-conversion -Wno-float-conversion -Wno-non-literal-null-conversion -Wno-objc-literal-conversion -Wshorten-64-to-32 -Wpointer-sign -Wno-newline-eof -Wno-selector -Wno-strict-selector-match -Wno-undeclared-selector -Wno-deprecated-implementations -Wno-implicit-fallthrough -fstrict-aliasing -Wprotocol -Wdeprecated-declarations -Wno-sign-conversion -Wno-infinite-recursion -Wno-comma -Wno-block-capture-autoreleasing -Wno-strict-prototypes -Wno-semicolon-before-method-body -index-store-path /Users/hectorgarcia/Library/Developer/Xcode/DerivedData/Lyo-eagkiegzrakogpczynhkaholsscs/Index.noindex/DataStore @/Users/hectorgarcia/Library/Developer/Xcode/DerivedData/Build/Intermediates.noindex/Firebase.build/Debug-iphonesimulator/FirebaseAuth.build/Objects-normal/x86_64/e6072d4f65d7061329687fe24e3d63a7-common-args.resp -include /Users/hectorgarcia/Library/Developer/Xcode/DerivedData/Build/Intermediates.noindex/Firebase.build/Debug-iphonesimulator/FirebaseAuth.build/DerivedSources/resource_bundle_accessor.h -MMD -MT dependencies -MF /Users/hectorgarcia/Library/Developer/Xcode/DerivedData/Build/Intermediates.noindex/Firebase.build/Debug-iphonesimulator/FirebaseAuth.build/Objects-normal/x86_64/NSData+FIRBase64.d --serialize-diagnostics /Users/hectorgarcia/Library/Developer/Xcode/DerivedData/Build/Intermediates.noindex/Firebase.build/Debug-iphonesimulator/FirebaseAuth.build/Objects-normal/x86_64/NSData+FIRBase64.dia -c /Users/hectorgarcia/Library/Developer/Xcode/DerivedData/Lyo-eagkiegzrakogpczynhkaholsscs/SourcePackages/checkouts/firebase-ios-sdk/FirebaseAuth/Sources/Utilities/NSData+FIRBase64.m -o /Users/hectorgarcia/Library/Developer/Xcode/DerivedData/Build/Intermediates.noindex/Firebase.build/Debug-iphonesimulator/FirebaseAuth.build/Objects-normal/x86_64/NSData+FIRBase64.o -index-unit-output-path /Firebase.build/Debug-iphonesimulator/FirebaseAuth.build/Objects-normal/x86_64/NSData+FIRBase64.o

ScanDependencies /Users/hectorgarcia/Library/Developer/Xcode/DerivedData/Build/Intermediates.noindex/Firebase.build/Debug-iphonesimulator/FirebaseAuth.build/Objects-normal/x86_64/FIRWithdrawMFAResponse.o /Users/hectorgarcia/Library/Developer/Xcode/DerivedData/Lyo-eagkiegzrakogpczynhkaholsscs/SourcePackages/checkouts/firebase-ios-sdk/FirebaseAuth/Sources/Backend/RPC/MultiFactor/Unenroll/FIRWithdrawMFAResponse.m normal x86_64 objective-c com.apple.compilers.llvm.clang.1_0.compiler (in target 'FirebaseAuth' from project 'Firebase')
    cd /Users/hectorgarcia/LYO_Da_ONE/Lyo.xcodeproj
    
    Using response file: /Users/hectorgarcia/Library/Developer/Xcode/DerivedData/Build/Intermediates.noindex/Firebase.build/Debug-iphonesimulator/FirebaseAuth.build/Objects-normal/x86_64/e6072d4f65d7061329687fe24e3d63a7-common-args.resp
    
    builtin-ScanDependencies -o /Users/hectorgarcia/Library/Developer/Xcode/DerivedData/Build/Intermediates.noindex/Firebase.build/Debug-iphonesimulator/FirebaseAuth.build/Objects-normal/x86_64/FIRWithdrawMFAResponse.o.scan -- /Users/hectorgarcia/Downloads/Xcode.app/Contents/Developer/Toolchains/XcodeDefault.xctoolchain/usr/bin/clang -x objective-c -ivfsstatcache /Users/hectorgarcia/Library/Developer/Xcode/DerivedData/SDKStatCaches.noindex/iphonesimulator26.2-23C53-823d3e8b6e60bc2018c189d3ca05ba9b.sdkstatcache -fmessage-length\=0 -fdiagnostics-show-note-include-stack -fmacro-backtrace-limit\=0 -fno-color-diagnostics -fmodules-prune-interval\=86400 -fmodules-prune-after\=345600 -fbuild-session-file\=/Users/hectorgarcia/Library/Developer/Xcode/DerivedData/ModuleCache.noindex/Session.modulevalidation -fmodules-validate-once-per-build-session -Wnon-modular-include-in-framework-module -Werror\=non-modular-include-in-framework-module -Wno-trigraphs -Wno-missing-field-initializers -Wno-missing-prototypes -Wno-return-type -Wno-implicit-atomic-properties -Wno-objc-interface-ivars -Wno-arc-repeated-use-of-weak -Wno-missing-braces -Wparentheses -Wswitch -Wno-unused-function -Wno-unused-label -Wno-unused-parameter -Wno-unused-variable -Wunused-value -Wno-empty-body -Wno-uninitialized -Wno-unknown-pragmas -w -Wno-shadow -Wno-four-char-constants -Wno-conversion -Wno-constant-conversion -Wno-int-conversion -Wno-bool-conversion -Wno-enum-conversion -Wno-float-conversion -Wno-non-literal-null-conversion -Wno-objc-literal-conversion -Wshorten-64-to-32 -Wpointer-sign -Wno-newline-eof -Wno-selector -Wno-strict-selector-match -Wno-undeclared-selector -Wno-deprecated-implementations -Wno-implicit-fallthrough -fstrict-aliasing -Wprotocol -Wdeprecated-declarations -Wno-sign-conversion -Wno-infinite-recursion -Wno-comma -Wno-block-capture-autoreleasing -Wno-strict-prototypes -Wno-semicolon-before-method-body -index-store-path /Users/hectorgarcia/Library/Developer/Xcode/DerivedData/Lyo-eagkiegzrakogpczynhkaholsscs/Index.noindex/DataStore @/Users/hectorgarcia/Library/Developer/Xcode/DerivedData/Build/Intermediates.noindex/Firebase.build/Debug-iphonesimulator/FirebaseAuth.build/Objects-normal/x86_64/e6072d4f65d7061329687fe24e3d63a7-common-args.resp -include /Users/hectorgarcia/Library/Developer/Xcode/DerivedData/Build/Intermediates.noindex/Firebase.build/Debug-iphonesimulator/FirebaseAuth.build/DerivedSources/resource_bundle_accessor.h -MMD -MT dependencies -MF /Users/hectorgarcia/Library/Developer/Xcode/DerivedData/Build/Intermediates.noindex/Firebase.build/Debug-iphonesimulator/FirebaseAuth.build/Objects-normal/x86_64/FIRWithdrawMFAResponse.d --serialize-diagnostics /Users/hectorgarcia/Library/Developer/Xcode/DerivedData/Build/Intermediates.noindex/Firebase.build/Debug-iphonesimulator/FirebaseAuth.build/Objects-normal/x86_64/FIRWithdrawMFAResponse.dia -c /Users/hectorgarcia/Library/Developer/Xcode/DerivedData/Lyo-eagkiegzrakogpczynhkaholsscs/SourcePackages/checkouts/firebase-ios-sdk/FirebaseAuth/Sources/Backend/RPC/MultiFactor/Unenroll/FIRWithdrawMFAResponse.m -o /Users/hectorgarcia/Library/Developer/Xcode/DerivedData/Build/Intermediates.noindex/Firebase.build/Debug-iphonesimulator/FirebaseAuth.build/Objects-normal/x86_64/FIRWithdrawMFAResponse.o -index-unit-output-path /Firebase.build/Debug-iphonesimulator/FirebaseAuth.build/Objects-normal/x86_64/FIRWithdrawMFAResponse.o

PrecompileModule /Users/hectorgarcia/Library/Developer/Xcode/DerivedData/Build/Intermediates.noindex/ExplicitPrecompiledModules/_Builtin_stdint-1A1MY2KU8O6J1QMJJNOFCB8XE.scan
    cd /
    builtin-precompileModule /Users/hectorgarcia/Library/Developer/Xcode/DerivedData/Build/Intermediates.noindex/ExplicitPrecompiledModules/_Builtin_stdint-1A1MY2KU8O6J1QMJJNOFCB8XE.scan

CompileC /Users/hectorgarcia/Library/Developer/Xcode/DerivedData/Build/Intermediates.noindex/Firebase.build/Debug-iphonesimulator/FirebaseAuth.build/Objects-normal/x86_64/FIRWithdrawMFAResponse.o /Users/hectorgarcia/Library/Developer/Xcode/DerivedData/Lyo-eagkiegzrakogpczynhkaholsscs/SourcePackages/checkouts/firebase-ios-sdk/FirebaseAuth/Sources/Backend/RPC/MultiFactor/Unenroll/FIRWithdrawMFAResponse.m normal x86_64 objective-c com.apple.compilers.llvm.clang.1_0.compiler (in target 'FirebaseAuth' from project 'Firebase')
    cd /Users/hectorgarcia/LYO_Da_ONE/Lyo.xcodeproj
    
    Using response file: /Users/hectorgarcia/Library/Developer/Xcode/DerivedData/Build/Intermediates.noindex/Firebase.build/Debug-iphonesimulator/FirebaseAuth.build/Objects-normal/x86_64/e6072d4f65d7061329687fe24e3d63a7-common-args.resp
    
    /Users/hectorgarcia/Downloads/Xcode.app/Contents/Developer/Toolchains/XcodeDefault.xctoolchain/usr/bin/clang -x objective-c -ivfsstatcache /Users/hectorgarcia/Library/Developer/Xcode/DerivedData/SDKStatCaches.noindex/iphonesimulator26.2-23C53-823d3e8b6e60bc2018c189d3ca05ba9b.sdkstatcache -fmessage-length\=0 -fdiagnostics-show-note-include-stack -fmacro-backtrace-limit\=0 -fno-color-diagnostics -fmodules-prune-interval\=86400 -fmodules-prune-after\=345600 -fbuild-session-file\=/Users/hectorgarcia/Library/Developer/Xcode/DerivedData/ModuleCache.noindex/Session.modulevalidation -fmodules-validate-once-per-build-session -Wnon-modular-include-in-framework-module -Werror\=non-modular-include-in-framework-module -Wno-trigraphs -Wno-missing-field-initializers -Wno-missing-prototypes -Wno-return-type -Wno-implicit-atomic-properties -Wno-objc-interface-ivars -Wno-arc-repeated-use-of-weak -Wno-missing-braces -Wparentheses -Wswitch -Wno-unused-function -Wno-unused-label -Wno-unused-parameter -Wno-unused-variable -Wunused-value -Wno-empty-body -Wno-uninitialized -Wno-unknown-pragmas -w -Wno-shadow -Wno-four-char-constants -Wno-conversion -Wno-constant-conversion -Wno-int-conversion -Wno-bool-conversion -Wno-enum-conversion -Wno-float-conversion -Wno-non-literal-null-conversion -Wno-objc-literal-conversion -Wshorten-64-to-32 -Wpointer-sign -Wno-newline-eof -Wno-selector -Wno-strict-selector-match -Wno-undeclared-selector -Wno-deprecated-implementations -Wno-implicit-fallthrough -fstrict-aliasing -Wprotocol -Wdeprecated-declarations -Wno-sign-conversion -Wno-infinite-recursion -Wno-comma -Wno-block-capture-autoreleasing -Wno-strict-prototypes -Wno-semicolon-before-method-body -index-store-path /Users/hectorgarcia/Library/Developer/Xcode/DerivedData/Lyo-eagkiegzrakogpczynhkaholsscs/Index.noindex/DataStore @/Users/hectorgarcia/Library/Developer/Xcode/DerivedData/Build/Intermediates.noindex/Firebase.build/Debug-iphonesimulator/FirebaseAuth.build/Objects-normal/x86_64/e6072d4f65d7061329687fe24e3d63a7-common-args.resp -include /Users/hectorgarcia/Library/Developer/Xcode/DerivedData/Build/Intermediates.noindex/Firebase.build/Debug-iphonesimulator/FirebaseAuth.build/DerivedSources/resource_bundle_accessor.h -MMD -MT dependencies -MF /Users/hectorgarcia/Library/Developer/Xcode/DerivedData/Build/Intermediates.noindex/Firebase.build/Debug-iphonesimulator/FirebaseAuth.build/Objects-normal/x86_64/FIRWithdrawMFAResponse.d --serialize-diagnostics /Users/hectorgarcia/Library/Developer/Xcode/DerivedData/Build/Intermediates.noindex/Firebase.build/Debug-iphonesimulator/FirebaseAuth.build/Objects-normal/x86_64/FIRWithdrawMFAResponse.dia -c /Users/hectorgarcia/Library/Developer/Xcode/DerivedData/Lyo-eagkiegzrakogpczynhkaholsscs/SourcePackages/checkouts/firebase-ios-sdk/FirebaseAuth/Sources/Backend/RPC/MultiFactor/Unenroll/FIRWithdrawMFAResponse.m -o /Users/hectorgarcia/Library/Developer/Xcode/DerivedData/Build/Intermediates.noindex/Firebase.build/Debug-iphonesimulator/FirebaseAuth.build/Objects-normal/x86_64/FIRWithdrawMFAResponse.o -index-unit-output-path /Firebase.build/Debug-iphonesimulator/FirebaseAuth.build/Objects-normal/x86_64/FIRWithdrawMFAResponse.o

PrecompileModule /Users/hectorgarcia/Library/Developer/Xcode/DerivedData/Build/Intermediates.noindex/ExplicitPrecompiledModules/_DarwinFoundation3-CEU76NS4NAT5K2GZNPBZWBXCK.scan
    cd /
    builtin-precompileModule /Users/hectorgarcia/Library/Developer/Xcode/DerivedData/Build/Intermediates.noindex/ExplicitPrecompiledModules/_DarwinFoundation3-CEU76NS4NAT5K2GZNPBZWBXCK.scan

CompileC /Users/hectorgarcia/Library/Developer/Xcode/DerivedData/Build/Intermediates.noindex/Firebase.build/Debug-iphonesimulator/FirebaseAuth.build/Objects-normal/x86_64/resource_bundle_accessor.o /Users/hectorgarcia/Library/Developer/Xcode/DerivedData/Build/Intermediates.noindex/Firebase.build/Debug-iphonesimulator/FirebaseAuth.build/DerivedSources/resource_bundle_accessor.m normal x86_64 objective-c com.apple.compilers.llvm.clang.1_0.compiler (in target 'FirebaseAuth' from project 'Firebase')
    cd /Users/hectorgarcia/LYO_Da_ONE/Lyo.xcodeproj
    
    Using response file: /Users/hectorgarcia/Library/Developer/Xcode/DerivedData/Build/Intermediates.noindex/Firebase.build/Debug-iphonesimulator/FirebaseAuth.build/Objects-normal/x86_64/e6072d4f65d7061329687fe24e3d63a7-common-args.resp
    
    /Users/hectorgarcia/Downloads/Xcode.app/Contents/Developer/Toolchains/XcodeDefault.xctoolchain/usr/bin/clang -x objective-c -ivfsstatcache /Users/hectorgarcia/Library/Developer/Xcode/DerivedData/SDKStatCaches.noindex/iphonesimulator26.2-23C53-823d3e8b6e60bc2018c189d3ca05ba9b.sdkstatcache -fmessage-length\=0 -fdiagnostics-show-note-include-stack -fmacro-backtrace-limit\=0 -fno-color-diagnostics -fmodules-prune-interval\=86400 -fmodules-prune-after\=345600 -fbuild-session-file\=/Users/hectorgarcia/Library/Developer/Xcode/DerivedData/ModuleCache.noindex/Session.modulevalidation -fmodules-validate-once-per-build-session -Wnon-modular-include-in-framework-module -Werror\=non-modular-include-in-framework-module -Wno-trigraphs -Wno-missing-field-initializers -Wno-missing-prototypes -Wno-return-type -Wno-implicit-atomic-properties -Wno-objc-interface-ivars -Wno-arc-repeated-use-of-weak -Wno-missing-braces -Wparentheses -Wswitch -Wno-unused-function -Wno-unused-label -Wno-unused-parameter -Wno-unused-variable -Wunused-value -Wno-empty-body -Wno-uninitialized -Wno-unknown-pragmas -w -Wno-shadow -Wno-four-char-constants -Wno-conversion -Wno-constant-conversion -Wno-int-conversion -Wno-bool-conversion -Wno-enum-conversion -Wno-float-conversion -Wno-non-literal-null-conversion -Wno-objc-literal-conversion -Wshorten-64-to-32 -Wpointer-sign -Wno-newline-eof -Wno-selector -Wno-strict-selector-match -Wno-undeclared-selector -Wno-deprecated-implementations -Wno-implicit-fallthrough -fstrict-aliasing -Wprotocol -Wdeprecated-declarations -Wno-sign-conversion -Wno-infinite-recursion -Wno-comma -Wno-block-capture-autoreleasing -Wno-strict-prototypes -Wno-semicolon-before-method-body -index-store-path /Users/hectorgarcia/Library/Developer/Xcode/DerivedData/Lyo-eagkiegzrakogpczynhkaholsscs/Index.noindex/DataStore @/Users/hectorgarcia/Library/Developer/Xcode/DerivedData/Build/Intermediates.noindex/Firebase.build/Debug-iphonesimulator/FirebaseAuth.build/Objects-normal/x86_64/e6072d4f65d7061329687fe24e3d63a7-common-args.resp -include /Users/hectorgarcia/Library/Developer/Xcode/DerivedData/Build/Intermediates.noindex/Firebase.build/Debug-iphonesimulator/FirebaseAuth.build/DerivedSources/resource_bundle_accessor.h -MMD -MT dependencies -MF /Users/hectorgarcia/Library/Developer/Xcode/DerivedData/Build/Intermediates.noindex/Firebase.build/Debug-iphonesimulator/FirebaseAuth.build/Objects-normal/x86_64/resource_bundle_accessor.d --serialize-diagnostics /Users/hectorgarcia/Library/Developer/Xcode/DerivedData/Build/Intermediates.noindex/Firebase.build/Debug-iphonesimulator/FirebaseAuth.build/Objects-normal/x86_64/resource_bundle_accessor.dia -c /Users/hectorgarcia/Library/Developer/Xcode/DerivedData/Build/Intermediates.noindex/Firebase.build/Debug-iphonesimulator/FirebaseAuth.build/DerivedSources/resource_bundle_accessor.m -o /Users/hectorgarcia/Library/Developer/Xcode/DerivedData/Build/Intermediates.noindex/Firebase.build/Debug-iphonesimulator/FirebaseAuth.build/Objects-normal/x86_64/resource_bundle_accessor.o -index-unit-output-path /Firebase.build/Debug-iphonesimulator/FirebaseAuth.build/Objects-normal/x86_64/resource_bundle_accessor.o

CompileC /Users/hectorgarcia/Library/Developer/Xcode/DerivedData/Build/Intermediates.noindex/Firebase.build/Debug-iphonesimulator/FirebaseAuth.build/Objects-normal/x86_64/NSData+FIRBase64.o /Users/hectorgarcia/Library/Developer/Xcode/DerivedData/Lyo-eagkiegzrakogpczynhkaholsscs/SourcePackages/checkouts/firebase-ios-sdk/FirebaseAuth/Sources/Utilities/NSData+FIRBase64.m normal x86_64 objective-c com.apple.compilers.llvm.clang.1_0.compiler (in target 'FirebaseAuth' from project 'Firebase')
    cd /Users/hectorgarcia/LYO_Da_ONE/Lyo.xcodeproj
    
    Using response file: /Users/hectorgarcia/Library/Developer/Xcode/DerivedData/Build/Intermediates.noindex/Firebase.build/Debug-iphonesimulator/FirebaseAuth.build/Objects-normal/x86_64/e6072d4f65d7061329687fe24e3d63a7-common-args.resp
    
    /Users/hectorgarcia/Downloads/Xcode.app/Contents/Developer/Toolchains/XcodeDefault.xctoolchain/usr/bin/clang -x objective-c -ivfsstatcache /Users/hectorgarcia/Library/Developer/Xcode/DerivedData/SDKStatCaches.noindex/iphonesimulator26.2-23C53-823d3e8b6e60bc2018c189d3ca05ba9b.sdkstatcache -fmessage-length\=0 -fdiagnostics-show-note-include-stack -fmacro-backtrace-limit\=0 -fno-color-diagnostics -fmodules-prune-interval\=86400 -fmodules-prune-after\=345600 -fbuild-session-file\=/Users/hectorgarcia/Library/Developer/Xcode/DerivedData/ModuleCache.noindex/Session.modulevalidation -fmodules-validate-once-per-build-session -Wnon-modular-include-in-framework-module -Werror\=non-modular-include-in-framework-module -Wno-trigraphs -Wno-missing-field-initializers -Wno-missing-prototypes -Wno-return-type -Wno-implicit-atomic-properties -Wno-objc-interface-ivars -Wno-arc-repeated-use-of-weak -Wno-missing-braces -Wparentheses -Wswitch -Wno-unused-function -Wno-unused-label -Wno-unused-parameter -Wno-unused-variable -Wunused-value -Wno-empty-body -Wno-uninitialized -Wno-unknown-pragmas -w -Wno-shadow -Wno-four-char-constants -Wno-conversion -Wno-constant-conversion -Wno-int-conversion -Wno-bool-conversion -Wno-enum-conversion -Wno-float-conversion -Wno-non-literal-null-conversion -Wno-objc-literal-conversion -Wshorten-64-to-32 -Wpointer-sign -Wno-newline-eof -Wno-selector -Wno-strict-selector-match -Wno-undeclared-selector -Wno-deprecated-implementations -Wno-implicit-fallthrough -fstrict-aliasing -Wprotocol -Wdeprecated-declarations -Wno-sign-conversion -Wno-infinite-recursion -Wno-comma -Wno-block-capture-autoreleasing -Wno-strict-prototypes -Wno-semicolon-before-method-body -index-store-path /Users/hectorgarcia/Library/Developer/Xcode/DerivedData/Lyo-eagkiegzrakogpczynhkaholsscs/Index.noindex/DataStore @/Users/hectorgarcia/Library/Developer/Xcode/DerivedData/Build/Intermediates.noindex/Firebase.build/Debug-iphonesimulator/FirebaseAuth.build/Objects-normal/x86_64/e6072d4f65d7061329687fe24e3d63a7-common-args.resp -include /Users/hectorgarcia/Library/Developer/Xcode/DerivedData/Build/Intermediates.noindex/Firebase.build/Debug-iphonesimulator/FirebaseAuth.build/DerivedSources/resource_bundle_accessor.h -MMD -MT dependencies -MF /Users/hectorgarcia/Library/Developer/Xcode/DerivedData/Build/Intermediates.noindex/Firebase.build/Debug-iphonesimulator/FirebaseAuth.build/Objects-normal/x86_64/NSData+FIRBase64.d --serialize-diagnostics /Users/hectorgarcia/Library/Developer/Xcode/DerivedData/Build/Intermediates.noindex/Firebase.build/Debug-iphonesimulator/FirebaseAuth.build/Objects-normal/x86_64/NSData+FIRBase64.dia -c /Users/hectorgarcia/Library/Developer/Xcode/DerivedData/Lyo-eagkiegzrakogpczynhkaholsscs/SourcePackages/checkouts/firebase-ios-sdk/FirebaseAuth/Sources/Utilities/NSData+FIRBase64.m -o /Users/hectorgarcia/Library/Developer/Xcode/DerivedData/Build/Intermediates.noindex/Firebase.build/Debug-iphonesimulator/FirebaseAuth.build/Objects-normal/x86_64/NSData+FIRBase64.o -index-unit-output-path /Firebase.build/Debug-iphonesimulator/FirebaseAuth.build/Objects-normal/x86_64/NSData+FIRBase64.o

ScanDependencies /Users/hectorgarcia/Library/Developer/Xcode/DerivedData/Build/Intermediates.noindex/Firebase.build/Debug-iphonesimulator/FirebaseAuth.build/Objects-normal/x86_64/FIRWithdrawMFARequest.o /Users/hectorgarcia/Library/Developer/Xcode/DerivedData/Lyo-eagkiegzrakogpczynhkaholsscs/SourcePackages/checkouts/firebase-ios-sdk/FirebaseAuth/Sources/Backend/RPC/MultiFactor/Unenroll/FIRWithdrawMFARequest.m normal x86_64 objective-c com.apple.compilers.llvm.clang.1_0.compiler (in target 'FirebaseAuth' from project 'Firebase')
    cd /Users/hectorgarcia/LYO_Da_ONE/Lyo.xcodeproj
    
    Using response file: /Users/hectorgarcia/Library/Developer/Xcode/DerivedData/Build/Intermediates.noindex/Firebase.build/Debug-iphonesimulator/FirebaseAuth.build/Objects-normal/x86_64/e6072d4f65d7061329687fe24e3d63a7-common-args.resp
    
    builtin-ScanDependencies -o /Users/hectorgarcia/Library/Developer/Xcode/DerivedData/Build/Intermediates.noindex/Firebase.build/Debug-iphonesimulator/FirebaseAuth.build/Objects-normal/x86_64/FIRWithdrawMFARequest.o.scan -- /Users/hectorgarcia/Downloads/Xcode.app/Contents/Developer/Toolchains/XcodeDefault.xctoolchain/usr/bin/clang -x objective-c -ivfsstatcache /Users/hectorgarcia/Library/Developer/Xcode/DerivedData/SDKStatCaches.noindex/iphonesimulator26.2-23C53-823d3e8b6e60bc2018c189d3ca05ba9b.sdkstatcache -fmessage-length\=0 -fdiagnostics-show-note-include-stack -fmacro-backtrace-limit\=0 -fno-color-diagnostics -fmodules-prune-interval\=86400 -fmodules-prune-after\=345600 -fbuild-session-file\=/Users/hectorgarcia/Library/Developer/Xcode/DerivedData/ModuleCache.noindex/Session.modulevalidation -fmodules-validate-once-per-build-session -Wnon-modular-include-in-framework-module -Werror\=non-modular-include-in-framework-module -Wno-trigraphs -Wno-missing-field-initializers -Wno-missing-prototypes -Wno-return-type -Wno-implicit-atomic-properties -Wno-objc-interface-ivars -Wno-arc-repeated-use-of-weak -Wno-missing-braces -Wparentheses -Wswitch -Wno-unused-function -Wno-unused-label -Wno-unused-parameter -Wno-unused-variable -Wunused-value -Wno-empty-body -Wno-uninitialized -Wno-unknown-pragmas -w -Wno-shadow -Wno-four-char-constants -Wno-conversion -Wno-constant-conversion -Wno-int-conversion -Wno-bool-conversion -Wno-enum-conversion -Wno-float-conversion -Wno-non-literal-null-conversion -Wno-objc-literal-conversion -Wshorten-64-to-32 -Wpointer-sign -Wno-newline-eof -Wno-selector -Wno-strict-selector-match -Wno-undeclared-selector -Wno-deprecated-implementations -Wno-implicit-fallthrough -fstrict-aliasing -Wprotocol -Wdeprecated-declarations -Wno-sign-conversion -Wno-infinite-recursion -Wno-comma -Wno-block-capture-autoreleasing -Wno-strict-prototypes -Wno-semicolon-before-method-body -index-store-path /Users/hectorgarcia/Library/Developer/Xcode/DerivedData/Lyo-eagkiegzrakogpczynhkaholsscs/Index.noindex/DataStore @/Users/hectorgarcia/Library/Developer/Xcode/DerivedData/Build/Intermediates.noindex/Firebase.build/Debug-iphonesimulator/FirebaseAuth.build/Objects-normal/x86_64/e6072d4f65d7061329687fe24e3d63a7-common-args.resp -include /Users/hectorgarcia/Library/Developer/Xcode/DerivedData/Build/Intermediates.noindex/Firebase.build/Debug-iphonesimulator/FirebaseAuth.build/DerivedSources/resource_bundle_accessor.h -MMD -MT dependencies -MF /Users/hectorgarcia/Library/Developer/Xcode/DerivedData/Build/Intermediates.noindex/Firebase.build/Debug-iphonesimulator/FirebaseAuth.build/Objects-normal/x86_64/FIRWithdrawMFARequest.d --serialize-diagnostics /Users/hectorgarcia/Library/Developer/Xcode/DerivedData/Build/Intermediates.noindex/Firebase.build/Debug-iphonesimulator/FirebaseAuth.build/Objects-normal/x86_64/FIRWithdrawMFARequest.dia -c /Users/hectorgarcia/Library/Developer/Xcode/DerivedData/Lyo-eagkiegzrakogpczynhkaholsscs/SourcePackages/checkouts/firebase-ios-sdk/FirebaseAuth/Sources/Backend/RPC/MultiFactor/Unenroll/FIRWithdrawMFARequest.m -o /Users/hectorgarcia/Library/Developer/Xcode/DerivedData/Build/Intermediates.noindex/Firebase.build/Debug-iphonesimulator/FirebaseAuth.build/Objects-normal/x86_64/FIRWithdrawMFARequest.o -index-unit-output-path /Firebase.build/Debug-iphonesimulator/FirebaseAuth.build/Objects-normal/x86_64/FIRWithdrawMFARequest.o

ScanDependencies /Users/hectorgarcia/Library/Developer/Xcode/DerivedData/Build/Intermediates.noindex/Firebase.build/Debug-iphonesimulator/FirebaseAuth.build/Objects-normal/x86_64/FIRVerifyPhoneNumberResponse.o /Users/hectorgarcia/Library/Developer/Xcode/DerivedData/Lyo-eagkiegzrakogpczynhkaholsscs/SourcePackages/checkouts/firebase-ios-sdk/FirebaseAuth/Sources/Backend/RPC/FIRVerifyPhoneNumberResponse.m normal x86_64 objective-c com.apple.compilers.llvm.clang.1_0.compiler (in target 'FirebaseAuth' from project 'Firebase')
    cd /Users/hectorgarcia/LYO_Da_ONE/Lyo.xcodeproj
    
    Using response file: /Users/hectorgarcia/Library/Developer/Xcode/DerivedData/Build/Intermediates.noindex/Firebase.build/Debug-iphonesimulator/FirebaseAuth.build/Objects-normal/x86_64/e6072d4f65d7061329687fe24e3d63a7-common-args.resp
    
    builtin-ScanDependencies -o /Users/hectorgarcia/Library/Developer/Xcode/DerivedData/Build/Intermediates.noindex/Firebase.build/Debug-iphonesimulator/FirebaseAuth.build/Objects-normal/x86_64/FIRVerifyPhoneNumberResponse.o.scan -- /Users/hectorgarcia/Downloads/Xcode.app/Contents/Developer/Toolchains/XcodeDefault.xctoolchain/usr/bin/clang -x objective-c -ivfsstatcache /Users/hectorgarcia/Library/Developer/Xcode/DerivedData/SDKStatCaches.noindex/iphonesimulator26.2-23C53-823d3e8b6e60bc2018c189d3ca05ba9b.sdkstatcache -fmessage-length\=0 -fdiagnostics-show-note-include-stack -fmacro-backtrace-limit\=0 -fno-color-diagnostics -fmodules-prune-interval\=86400 -fmodules-prune-after\=345600 -fbuild-session-file\=/Users/hectorgarcia/Library/Developer/Xcode/DerivedData/ModuleCache.noindex/Session.modulevalidation -fmodules-validate-once-per-build-session -Wnon-modular-include-in-framework-module -Werror\=non-modular-include-in-framework-module -Wno-trigraphs -Wno-missing-field-initializers -Wno-missing-prototypes -Wno-return-type -Wno-implicit-atomic-properties -Wno-objc-interface-ivars -Wno-arc-repeated-use-of-weak -Wno-missing-braces -Wparentheses -Wswitch -Wno-unused-function -Wno-unused-label -Wno-unused-parameter -Wno-unused-variable -Wunused-value -Wno-empty-body -Wno-uninitialized -Wno-unknown-pragmas -w -Wno-shadow -Wno-four-char-constants -Wno-conversion -Wno-constant-conversion -Wno-int-conversion -Wno-bool-conversion -Wno-enum-conversion -Wno-float-conversion -Wno-non-literal-null-conversion -Wno-objc-literal-conversion -Wshorten-64-to-32 -Wpointer-sign -Wno-newline-eof -Wno-selector -Wno-strict-selector-match -Wno-undeclared-selector -Wno-deprecated-implementations -Wno-implicit-fallthrough -fstrict-aliasing -Wprotocol -Wdeprecated-declarations -Wno-sign-conversion -Wno-infinite-recursion -Wno-comma -Wno-block-capture-autoreleasing -Wno-strict-prototypes -Wno-semicolon-before-method-body -index-store-path /Users/hectorgarcia/Library/Developer/Xcode/DerivedData/Lyo-eagkiegzrakogpczynhkaholsscs/Index.noindex/DataStore @/Users/hectorgarcia/Library/Developer/Xcode/DerivedData/Build/Intermediates.noindex/Firebase.build/Debug-iphonesimulator/FirebaseAuth.build/Objects-normal/x86_64/e6072d4f65d7061329687fe24e3d63a7-common-args.resp -include /Users/hectorgarcia/Library/Developer/Xcode/DerivedData/Build/Intermediates.noindex/Firebase.build/Debug-iphonesimulator/FirebaseAuth.build/DerivedSources/resource_bundle_accessor.h -MMD -MT dependencies -MF /Users/hectorgarcia/Library/Developer/Xcode/DerivedData/Build/Intermediates.noindex/Firebase.build/Debug-iphonesimulator/FirebaseAuth.build/Objects-normal/x86_64/FIRVerifyPhoneNumberResponse.d --serialize-diagnostics /Users/hectorgarcia/Library/Developer/Xcode/DerivedData/Build/Intermediates.noindex/Firebase.build/Debug-iphonesimulator/FirebaseAuth.build/Objects-normal/x86_64/FIRVerifyPhoneNumberResponse.dia -c /Users/hectorgarcia/Library/Developer/Xcode/DerivedData/Lyo-eagkiegzrakogpczynhkaholsscs/SourcePackages/checkouts/firebase-ios-sdk/FirebaseAuth/Sources/Backend/RPC/FIRVerifyPhoneNumberResponse.m -o /Users/hectorgarcia/Library/Developer/Xcode/DerivedData/Build/Intermediates.noindex/Firebase.build/Debug-iphonesimulator/FirebaseAuth.build/Objects-normal/x86_64/FIRVerifyPhoneNumberResponse.o -index-unit-output-path /Firebase.build/Debug-iphonesimulator/FirebaseAuth.build/Objects-normal/x86_64/FIRVerifyPhoneNumberResponse.o

ScanDependencies /Users/hectorgarcia/Library/Developer/Xcode/DerivedData/Build/Intermediates.noindex/Firebase.build/Debug-iphonesimulator/FirebaseAuth.build/Objects-normal/x86_64/FIRVerifyPhoneNumberRequest.o /Users/hectorgarcia/Library/Developer/Xcode/DerivedData/Lyo-eagkiegzrakogpczynhkaholsscs/SourcePackages/checkouts/firebase-ios-sdk/FirebaseAuth/Sources/Backend/RPC/FIRVerifyPhoneNumberRequest.m normal x86_64 objective-c com.apple.compilers.llvm.clang.1_0.compiler (in target 'FirebaseAuth' from project 'Firebase')
    cd /Users/hectorgarcia/LYO_Da_ONE/Lyo.xcodeproj
    
    Using response file: /Users/hectorgarcia/Library/Developer/Xcode/DerivedData/Build/Intermediates.noindex/Firebase.build/Debug-iphonesimulator/FirebaseAuth.build/Objects-normal/x86_64/e6072d4f65d7061329687fe24e3d63a7-common-args.resp
    
    builtin-ScanDependencies -o /Users/hectorgarcia/Library/Developer/Xcode/DerivedData/Build/Intermediates.noindex/Firebase.build/Debug-iphonesimulator/FirebaseAuth.build/Objects-normal/x86_64/FIRVerifyPhoneNumberRequest.o.scan -- /Users/hectorgarcia/Downloads/Xcode.app/Contents/Developer/Toolchains/XcodeDefault.xctoolchain/usr/bin/clang -x objective-c -ivfsstatcache /Users/hectorgarcia/Library/Developer/Xcode/DerivedData/SDKStatCaches.noindex/iphonesimulator26.2-23C53-823d3e8b6e60bc2018c189d3ca05ba9b.sdkstatcache -fmessage-length\=0 -fdiagnostics-show-note-include-stack -fmacro-backtrace-limit\=0 -fno-color-diagnostics -fmodules-prune-interval\=86400 -fmodules-prune-after\=345600 -fbuild-session-file\=/Users/hectorgarcia/Library/Developer/Xcode/DerivedData/ModuleCache.noindex/Session.modulevalidation -fmodules-validate-once-per-build-session -Wnon-modular-include-in-framework-module -Werror\=non-modular-include-in-framework-module -Wno-trigraphs -Wno-missing-field-initializers -Wno-missing-prototypes -Wno-return-type -Wno-implicit-atomic-properties -Wno-objc-interface-ivars -Wno-arc-repeated-use-of-weak -Wno-missing-braces -Wparentheses -Wswitch -Wno-unused-function -Wno-unused-label -Wno-unused-parameter -Wno-unused-variable -Wunused-value -Wno-empty-body -Wno-uninitialized -Wno-unknown-pragmas -w -Wno-shadow -Wno-four-char-constants -Wno-conversion -Wno-constant-conversion -Wno-int-conversion -Wno-bool-conversion -Wno-enum-conversion -Wno-float-conversion -Wno-non-literal-null-conversion -Wno-objc-literal-conversion -Wshorten-64-to-32 -Wpointer-sign -Wno-newline-eof -Wno-selector -Wno-strict-selector-match -Wno-undeclared-selector -Wno-deprecated-implementations -Wno-implicit-fallthrough -fstrict-aliasing -Wprotocol -Wdeprecated-declarations -Wno-sign-conversion -Wno-infinite-recursion -Wno-comma -Wno-block-capture-autoreleasing -Wno-strict-prototypes -Wno-semicolon-before-method-body -index-store-path /Users/hectorgarcia/Library/Developer/Xcode/DerivedData/Lyo-eagkiegzrakogpczynhkaholsscs/Index.noindex/DataStore @/Users/hectorgarcia/Library/Developer/Xcode/DerivedData/Build/Intermediates.noindex/Firebase.build/Debug-iphonesimulator/FirebaseAuth.build/Objects-normal/x86_64/e6072d4f65d7061329687fe24e3d63a7-common-args.resp -include /Users/hectorgarcia/Library/Developer/Xcode/DerivedData/Build/Intermediates.noindex/Firebase.build/Debug-iphonesimulator/FirebaseAuth.build/DerivedSources/resource_bundle_accessor.h -MMD -MT dependencies -MF /Users/hectorgarcia/Library/Developer/Xcode/DerivedData/Build/Intermediates.noindex/Firebase.build/Debug-iphonesimulator/FirebaseAuth.build/Objects-normal/x86_64/FIRVerifyPhoneNumberRequest.d --serialize-diagnostics /Users/hectorgarcia/Library/Developer/Xcode/DerivedData/Build/Intermediates.noindex/Firebase.build/Debug-iphonesimulator/FirebaseAuth.build/Objects-normal/x86_64/FIRVerifyPhoneNumberRequest.dia -c /Users/hectorgarcia/Library/Developer/Xcode/DerivedData/Lyo-eagkiegzrakogpczynhkaholsscs/SourcePackages/checkouts/firebase-ios-sdk/FirebaseAuth/Sources/Backend/RPC/FIRVerifyPhoneNumberRequest.m -o /Users/hectorgarcia/Library/Developer/Xcode/DerivedData/Build/Intermediates.noindex/Firebase.build/Debug-iphonesimulator/FirebaseAuth.build/Objects-normal/x86_64/FIRVerifyPhoneNumberRequest.o -index-unit-output-path /Firebase.build/Debug-iphonesimulator/FirebaseAuth.build/Objects-normal/x86_64/FIRVerifyPhoneNumberRequest.o

ScanDependencies /Users/hectorgarcia/Library/Developer/Xcode/DerivedData/Build/Intermediates.noindex/Firebase.build/Debug-iphonesimulator/FirebaseAuth.build/Objects-normal/x86_64/FIRVerifyPasswordResponse.o /Users/hectorgarcia/Library/Developer/Xcode/DerivedData/Lyo-eagkiegzrakogpczynhkaholsscs/SourcePackages/checkouts/firebase-ios-sdk/FirebaseAuth/Sources/Backend/RPC/FIRVerifyPasswordResponse.m normal x86_64 objective-c com.apple.compilers.llvm.clang.1_0.compiler (in target 'FirebaseAuth' from project 'Firebase')
    cd /Users/hectorgarcia/LYO_Da_ONE/Lyo.xcodeproj
    
    Using response file: /Users/hectorgarcia/Library/Developer/Xcode/DerivedData/Build/Intermediates.noindex/Firebase.build/Debug-iphonesimulator/FirebaseAuth.build/Objects-normal/x86_64/e6072d4f65d7061329687fe24e3d63a7-common-args.resp
    
    builtin-ScanDependencies -o /Users/hectorgarcia/Library/Developer/Xcode/DerivedData/Build/Intermediates.noindex/Firebase.build/Debug-iphonesimulator/FirebaseAuth.build/Objects-normal/x86_64/FIRVerifyPasswordResponse.o.scan -- /Users/hectorgarcia/Downloads/Xcode.app/Contents/Developer/Toolchains/XcodeDefault.xctoolchain/usr/bin/clang -x objective-c -ivfsstatcache /Users/hectorgarcia/Library/Developer/Xcode/DerivedData/SDKStatCaches.noindex/iphonesimulator26.2-23C53-823d3e8b6e60bc2018c189d3ca05ba9b.sdkstatcache -fmessage-length\=0 -fdiagnostics-show-note-include-stack -fmacro-backtrace-limit\=0 -fno-color-diagnostics -fmodules-prune-interval\=86400 -fmodules-prune-after\=345600 -fbuild-session-file\=/Users/hectorgarcia/Library/Developer/Xcode/DerivedData/ModuleCache.noindex/Session.modulevalidation -fmodules-validate-once-per-build-session -Wnon-modular-include-in-framework-module -Werror\=non-modular-include-in-framework-module -Wno-trigraphs -Wno-missing-field-initializers -Wno-missing-prototypes -Wno-return-type -Wno-implicit-atomic-properties -Wno-objc-interface-ivars -Wno-arc-repeated-use-of-weak -Wno-missing-braces -Wparentheses -Wswitch -Wno-unused-function -Wno-unused-label -Wno-unused-parameter -Wno-unused-variable -Wunused-value -Wno-empty-body -Wno-uninitialized -Wno-unknown-pragmas -w -Wno-shadow -Wno-four-char-constants -Wno-conversion -Wno-constant-conversion -Wno-int-conversion -Wno-bool-conversion -Wno-enum-conversion -Wno-float-conversion -Wno-non-literal-null-conversion -Wno-objc-literal-conversion -Wshorten-64-to-32 -Wpointer-sign -Wno-newline-eof -Wno-selector -Wno-strict-selector-match -Wno-undeclared-selector -Wno-deprecated-implementations -Wno-implicit-fallthrough -fstrict-aliasing -Wprotocol -Wdeprecated-declarations -Wno-sign-conversion -Wno-infinite-recursion -Wno-comma -Wno-block-capture-autoreleasing -Wno-strict-prototypes -Wno-semicolon-before-method-body -index-store-path /Users/hectorgarcia/Library/Developer/Xcode/DerivedData/Lyo-eagkiegzrakogpczynhkaholsscs/Index.noindex/DataStore @/Users/hectorgarcia/Library/Developer/Xcode/DerivedData/Build/Intermediates.noindex/Firebase.build/Debug-iphonesimulator/FirebaseAuth.build/Objects-normal/x86_64/e6072d4f65d7061329687fe24e3d63a7-common-args.resp -include /Users/hectorgarcia/Library/Developer/Xcode/DerivedData/Build/Intermediates.noindex/Firebase.build/Debug-iphonesimulator/FirebaseAuth.build/DerivedSources/resource_bundle_accessor.h -MMD -MT dependencies -MF /Users/hectorgarcia/Library/Developer/Xcode/DerivedData/Build/Intermediates.noindex/Firebase.build/Debug-iphonesimulator/FirebaseAuth.build/Objects-normal/x86_64/FIRVerifyPasswordResponse.d --serialize-diagnostics /Users/hectorgarcia/Library/Developer/Xcode/DerivedData/Build/Intermediates.noindex/Firebase.build/Debug-iphonesimulator/FirebaseAuth.build/Objects-normal/x86_64/FIRVerifyPasswordResponse.dia -c /Users/hectorgarcia/Library/Developer/Xcode/DerivedData/Lyo-eagkiegzrakogpczynhkaholsscs/SourcePackages/checkouts/firebase-ios-sdk/FirebaseAuth/Sources/Backend/RPC/FIRVerifyPasswordResponse.m -o /Users/hectorgarcia/Library/Developer/Xcode/DerivedData/Build/Intermediates.noindex/Firebase.build/Debug-iphonesimulator/FirebaseAuth.build/Objects-normal/x86_64/FIRVerifyPasswordResponse.o -index-unit-output-path /Firebase.build/Debug-iphonesimulator/FirebaseAuth.build/Objects-normal/x86_64/FIRVerifyPasswordResponse.o

CompileC /Users/hectorgarcia/Library/Developer/Xcode/DerivedData/Build/Intermediates.noindex/Firebase.build/Debug-iphonesimulator/FirebaseAuth.build/Objects-normal/x86_64/FIRVerifyPhoneNumberResponse.o /Users/hectorgarcia/Library/Developer/Xcode/DerivedData/Lyo-eagkiegzrakogpczynhkaholsscs/SourcePackages/checkouts/firebase-ios-sdk/FirebaseAuth/Sources/Backend/RPC/FIRVerifyPhoneNumberResponse.m normal x86_64 objective-c com.apple.compilers.llvm.clang.1_0.compiler (in target 'FirebaseAuth' from project 'Firebase')
    cd /Users/hectorgarcia/LYO_Da_ONE/Lyo.xcodeproj
    
    Using response file: /Users/hectorgarcia/Library/Developer/Xcode/DerivedData/Build/Intermediates.noindex/Firebase.build/Debug-iphonesimulator/FirebaseAuth.build/Objects-normal/x86_64/e6072d4f65d7061329687fe24e3d63a7-common-args.resp
    
    /Users/hectorgarcia/Downloads/Xcode.app/Contents/Developer/Toolchains/XcodeDefault.xctoolchain/usr/bin/clang -x objective-c -ivfsstatcache /Users/hectorgarcia/Library/Developer/Xcode/DerivedData/SDKStatCaches.noindex/iphonesimulator26.2-23C53-823d3e8b6e60bc2018c189d3ca05ba9b.sdkstatcache -fmessage-length\=0 -fdiagnostics-show-note-include-stack -fmacro-backtrace-limit\=0 -fno-color-diagnostics -fmodules-prune-interval\=86400 -fmodules-prune-after\=345600 -fbuild-session-file\=/Users/hectorgarcia/Library/Developer/Xcode/DerivedData/ModuleCache.noindex/Session.modulevalidation -fmodules-validate-once-per-build-session -Wnon-modular-include-in-framework-module -Werror\=non-modular-include-in-framework-module -Wno-trigraphs -Wno-missing-field-initializers -Wno-missing-prototypes -Wno-return-type -Wno-implicit-atomic-properties -Wno-objc-interface-ivars -Wno-arc-repeated-use-of-weak -Wno-missing-braces -Wparentheses -Wswitch -Wno-unused-function -Wno-unused-label -Wno-unused-parameter -Wno-unused-variable -Wunused-value -Wno-empty-body -Wno-uninitialized -Wno-unknown-pragmas -w -Wno-shadow -Wno-four-char-constants -Wno-conversion -Wno-constant-conversion -Wno-int-conversion -Wno-bool-conversion -Wno-enum-conversion -Wno-float-conversion -Wno-non-literal-null-conversion -Wno-objc-literal-conversion -Wshorten-64-to-32 -Wpointer-sign -Wno-newline-eof -Wno-selector -Wno-strict-selector-match -Wno-undeclared-selector -Wno-deprecated-implementations -Wno-implicit-fallthrough -fstrict-aliasing -Wprotocol -Wdeprecated-declarations -Wno-sign-conversion -Wno-infinite-recursion -Wno-comma -Wno-block-capture-autoreleasing -Wno-strict-prototypes -Wno-semicolon-before-method-body -index-store-path /Users/hectorgarcia/Library/Developer/Xcode/DerivedData/Lyo-eagkiegzrakogpczynhkaholsscs/Index.noindex/DataStore @/Users/hectorgarcia/Library/Developer/Xcode/DerivedData/Build/Intermediates.noindex/Firebase.build/Debug-iphonesimulator/FirebaseAuth.build/Objects-normal/x86_64/e6072d4f65d7061329687fe24e3d63a7-common-args.resp -include /Users/hectorgarcia/Library/Developer/Xcode/DerivedData/Build/Intermediates.noindex/Firebase.build/Debug-iphonesimulator/FirebaseAuth.build/DerivedSources/resource_bundle_accessor.h -MMD -MT dependencies -MF /Users/hectorgarcia/Library/Developer/Xcode/DerivedData/Build/Intermediates.noindex/Firebase.build/Debug-iphonesimulator/FirebaseAuth.build/Objects-normal/x86_64/FIRVerifyPhoneNumberResponse.d --serialize-diagnostics /Users/hectorgarcia/Library/Developer/Xcode/DerivedData/Build/Intermediates.noindex/Firebase.build/Debug-iphonesimulator/FirebaseAuth.build/Objects-normal/x86_64/FIRVerifyPhoneNumberResponse.dia -c /Users/hectorgarcia/Library/Developer/Xcode/DerivedData/Lyo-eagkiegzrakogpczynhkaholsscs/SourcePackages/checkouts/firebase-ios-sdk/FirebaseAuth/Sources/Backend/RPC/FIRVerifyPhoneNumberResponse.m -o /Users/hectorgarcia/Library/Developer/Xcode/DerivedData/Build/Intermediates.noindex/Firebase.build/Debug-iphonesimulator/FirebaseAuth.build/Objects-normal/x86_64/FIRVerifyPhoneNumberResponse.o -index-unit-output-path /Firebase.build/Debug-iphonesimulator/FirebaseAuth.build/Objects-normal/x86_64/FIRVerifyPhoneNumberResponse.o

PrecompileModule /Users/hectorgarcia/Library/Developer/Xcode/DerivedData/Build/Intermediates.noindex/ExplicitPrecompiledModules/FirebaseAppCheckInterop-E00OP610WW35SQSXX8MITXYOB.scan
    cd /
    builtin-precompileModule /Users/hectorgarcia/Library/Developer/Xcode/DerivedData/Build/Intermediates.noindex/ExplicitPrecompiledModules/FirebaseAppCheckInterop-E00OP610WW35SQSXX8MITXYOB.scan

ScanDependencies /Users/hectorgarcia/Library/Developer/Xcode/DerivedData/Build/Intermediates.noindex/Firebase.build/Debug-iphonesimulator/FirebaseAuth.build/Objects-normal/x86_64/FIRVerifyPasswordRequest.o /Users/hectorgarcia/Library/Developer/Xcode/DerivedData/Lyo-eagkiegzrakogpczynhkaholsscs/SourcePackages/checkouts/firebase-ios-sdk/FirebaseAuth/Sources/Backend/RPC/FIRVerifyPasswordRequest.m normal x86_64 objective-c com.apple.compilers.llvm.clang.1_0.compiler (in target 'FirebaseAuth' from project 'Firebase')
    cd /Users/hectorgarcia/LYO_Da_ONE/Lyo.xcodeproj
    
    Using response file: /Users/hectorgarcia/Library/Developer/Xcode/DerivedData/Build/Intermediates.noindex/Firebase.build/Debug-iphonesimulator/FirebaseAuth.build/Objects-normal/x86_64/e6072d4f65d7061329687fe24e3d63a7-common-args.resp
    
    builtin-ScanDependencies -o /Users/hectorgarcia/Library/Developer/Xcode/DerivedData/Build/Intermediates.noindex/Firebase.build/Debug-iphonesimulator/FirebaseAuth.build/Objects-normal/x86_64/FIRVerifyPasswordRequest.o.scan -- /Users/hectorgarcia/Downloads/Xcode.app/Contents/Developer/Toolchains/XcodeDefault.xctoolchain/usr/bin/clang -x objective-c -ivfsstatcache /Users/hectorgarcia/Library/Developer/Xcode/DerivedData/SDKStatCaches.noindex/iphonesimulator26.2-23C53-823d3e8b6e60bc2018c189d3ca05ba9b.sdkstatcache -fmessage-length\=0 -fdiagnostics-show-note-include-stack -fmacro-backtrace-limit\=0 -fno-color-diagnostics -fmodules-prune-interval\=86400 -fmodules-prune-after\=345600 -fbuild-session-file\=/Users/hectorgarcia/Library/Developer/Xcode/DerivedData/ModuleCache.noindex/Session.modulevalidation -fmodules-validate-once-per-build-session -Wnon-modular-include-in-framework-module -Werror\=non-modular-include-in-framework-module -Wno-trigraphs -Wno-missing-field-initializers -Wno-missing-prototypes -Wno-return-type -Wno-implicit-atomic-properties -Wno-objc-interface-ivars -Wno-arc-repeated-use-of-weak -Wno-missing-braces -Wparentheses -Wswitch -Wno-unused-function -Wno-unused-label -Wno-unused-parameter -Wno-unused-variable -Wunused-value -Wno-empty-body -Wno-uninitialized -Wno-unknown-pragmas -w -Wno-shadow -Wno-four-char-constants -Wno-conversion -Wno-constant-conversion -Wno-int-conversion -Wno-bool-conversion -Wno-enum-conversion -Wno-float-conversion -Wno-non-literal-null-conversion -Wno-objc-literal-conversion -Wshorten-64-to-32 -Wpointer-sign -Wno-newline-eof -Wno-selector -Wno-strict-selector-match -Wno-undeclared-selector -Wno-deprecated-implementations -Wno-implicit-fallthrough -fstrict-aliasing -Wprotocol -Wdeprecated-declarations -Wno-sign-conversion -Wno-infinite-recursion -Wno-comma -Wno-block-capture-autoreleasing -Wno-strict-prototypes -Wno-semicolon-before-method-body -index-store-path /Users/hectorgarcia/Library/Developer/Xcode/DerivedData/Lyo-eagkiegzrakogpczynhkaholsscs/Index.noindex/DataStore @/Users/hectorgarcia/Library/Developer/Xcode/DerivedData/Build/Intermediates.noindex/Firebase.build/Debug-iphonesimulator/FirebaseAuth.build/Objects-normal/x86_64/e6072d4f65d7061329687fe24e3d63a7-common-args.resp -include /Users/hectorgarcia/Library/Developer/Xcode/DerivedData/Build/Intermediates.noindex/Firebase.build/Debug-iphonesimulator/FirebaseAuth.build/DerivedSources/resource_bundle_accessor.h -MMD -MT dependencies -MF /Users/hectorgarcia/Library/Developer/Xcode/DerivedData/Build/Intermediates.noindex/Firebase.build/Debug-iphonesimulator/FirebaseAuth.build/Objects-normal/x86_64/FIRVerifyPasswordRequest.d --serialize-diagnostics /Users/hectorgarcia/Library/Developer/Xcode/DerivedData/Build/Intermediates.noindex/Firebase.build/Debug-iphonesimulator/FirebaseAuth.build/Objects-normal/x86_64/FIRVerifyPasswordRequest.dia -c /Users/hectorgarcia/Library/Developer/Xcode/DerivedData/Lyo-eagkiegzrakogpczynhkaholsscs/SourcePackages/checkouts/firebase-ios-sdk/FirebaseAuth/Sources/Backend/RPC/FIRVerifyPasswordRequest.m -o /Users/hectorgarcia/Library/Developer/Xcode/DerivedData/Build/Intermediates.noindex/Firebase.build/Debug-iphonesimulator/FirebaseAuth.build/Objects-normal/x86_64/FIRVerifyPasswordRequest.o -index-unit-output-path /Firebase.build/Debug-iphonesimulator/FirebaseAuth.build/Objects-normal/x86_64/FIRVerifyPasswordRequest.o

CompileC /Users/hectorgarcia/Library/Developer/Xcode/DerivedData/Build/Intermediates.noindex/Firebase.build/Debug-iphonesimulator/FirebaseAuth.build/Objects-normal/x86_64/FIRWithdrawMFARequest.o /Users/hectorgarcia/Library/Developer/Xcode/DerivedData/Lyo-eagkiegzrakogpczynhkaholsscs/SourcePackages/checkouts/firebase-ios-sdk/FirebaseAuth/Sources/Backend/RPC/MultiFactor/Unenroll/FIRWithdrawMFARequest.m normal x86_64 objective-c com.apple.compilers.llvm.clang.1_0.compiler (in target 'FirebaseAuth' from project 'Firebase')
    cd /Users/hectorgarcia/LYO_Da_ONE/Lyo.xcodeproj
    
    Using response file: /Users/hectorgarcia/Library/Developer/Xcode/DerivedData/Build/Intermediates.noindex/Firebase.build/Debug-iphonesimulator/FirebaseAuth.build/Objects-normal/x86_64/e6072d4f65d7061329687fe24e3d63a7-common-args.resp
    
    /Users/hectorgarcia/Downloads/Xcode.app/Contents/Developer/Toolchains/XcodeDefault.xctoolchain/usr/bin/clang -x objective-c -ivfsstatcache /Users/hectorgarcia/Library/Developer/Xcode/DerivedData/SDKStatCaches.noindex/iphonesimulator26.2-23C53-823d3e8b6e60bc2018c189d3ca05ba9b.sdkstatcache -fmessage-length\=0 -fdiagnostics-show-note-include-stack -fmacro-backtrace-limit\=0 -fno-color-diagnostics -fmodules-prune-interval\=86400 -fmodules-prune-after\=345600 -fbuild-session-file\=/Users/hectorgarcia/Library/Developer/Xcode/DerivedData/ModuleCache.noindex/Session.modulevalidation -fmodules-validate-once-per-build-session -Wnon-modular-include-in-framework-module -Werror\=non-modular-include-in-framework-module -Wno-trigraphs -Wno-missing-field-initializers -Wno-missing-prototypes -Wno-return-type -Wno-implicit-atomic-properties -Wno-objc-interface-ivars -Wno-arc-repeated-use-of-weak -Wno-missing-braces -Wparentheses -Wswitch -Wno-unused-function -Wno-unused-label -Wno-unused-parameter -Wno-unused-variable -Wunused-value -Wno-empty-body -Wno-uninitialized -Wno-unknown-pragmas -w -Wno-shadow -Wno-four-char-constants -Wno-conversion -Wno-constant-conversion -Wno-int-conversion -Wno-bool-conversion -Wno-enum-conversion -Wno-float-conversion -Wno-non-literal-null-conversion -Wno-objc-literal-conversion -Wshorten-64-to-32 -Wpointer-sign -Wno-newline-eof -Wno-selector -Wno-strict-selector-match -Wno-undeclared-selector -Wno-deprecated-implementations -Wno-implicit-fallthrough -fstrict-aliasing -Wprotocol -Wdeprecated-declarations -Wno-sign-conversion -Wno-infinite-recursion -Wno-comma -Wno-block-capture-autoreleasing -Wno-strict-prototypes -Wno-semicolon-before-method-body -index-store-path /Users/hectorgarcia/Library/Developer/Xcode/DerivedData/Lyo-eagkiegzrakogpczynhkaholsscs/Index.noindex/DataStore @/Users/hectorgarcia/Library/Developer/Xcode/DerivedData/Build/Intermediates.noindex/Firebase.build/Debug-iphonesimulator/FirebaseAuth.build/Objects-normal/x86_64/e6072d4f65d7061329687fe24e3d63a7-common-args.resp -include /Users/hectorgarcia/Library/Developer/Xcode/DerivedData/Build/Intermediates.noindex/Firebase.build/Debug-iphonesimulator/FirebaseAuth.build/DerivedSources/resource_bundle_accessor.h -MMD -MT dependencies -MF /Users/hectorgarcia/Library/Developer/Xcode/DerivedData/Build/Intermediates.noindex/Firebase.build/Debug-iphonesimulator/FirebaseAuth.build/Objects-normal/x86_64/FIRWithdrawMFARequest.d --serialize-diagnostics /Users/hectorgarcia/Library/Developer/Xcode/DerivedData/Build/Intermediates.noindex/Firebase.build/Debug-iphonesimulator/FirebaseAuth.build/Objects-normal/x86_64/FIRWithdrawMFARequest.dia -c /Users/hectorgarcia/Library/Developer/Xcode/DerivedData/Lyo-eagkiegzrakogpczynhkaholsscs/SourcePackages/checkouts/firebase-ios-sdk/FirebaseAuth/Sources/Backend/RPC/MultiFactor/Unenroll/FIRWithdrawMFARequest.m -o /Users/hectorgarcia/Library/Developer/Xcode/DerivedData/Build/Intermediates.noindex/Firebase.build/Debug-iphonesimulator/FirebaseAuth.build/Objects-normal/x86_64/FIRWithdrawMFARequest.o -index-unit-output-path /Firebase.build/Debug-iphonesimulator/FirebaseAuth.build/Objects-normal/x86_64/FIRWithdrawMFARequest.o

CompileC /Users/hectorgarcia/Library/Developer/Xcode/DerivedData/Build/Intermediates.noindex/Firebase.build/Debug-iphonesimulator/FirebaseAuth.build/Objects-normal/x86_64/FIRVerifyPhoneNumberRequest.o /Users/hectorgarcia/Library/Developer/Xcode/DerivedData/Lyo-eagkiegzrakogpczynhkaholsscs/SourcePackages/checkouts/firebase-ios-sdk/FirebaseAuth/Sources/Backend/RPC/FIRVerifyPhoneNumberRequest.m normal x86_64 objective-c com.apple.compilers.llvm.clang.1_0.compiler (in target 'FirebaseAuth' from project 'Firebase')
    cd /Users/hectorgarcia/LYO_Da_ONE/Lyo.xcodeproj
    
    Using response file: /Users/hectorgarcia/Library/Developer/Xcode/DerivedData/Build/Intermediates.noindex/Firebase.build/Debug-iphonesimulator/FirebaseAuth.build/Objects-normal/x86_64/e6072d4f65d7061329687fe24e3d63a7-common-args.resp
    
    /Users/hectorgarcia/Downloads/Xcode.app/Contents/Developer/Toolchains/XcodeDefault.xctoolchain/usr/bin/clang -x objective-c -ivfsstatcache /Users/hectorgarcia/Library/Developer/Xcode/DerivedData/SDKStatCaches.noindex/iphonesimulator26.2-23C53-823d3e8b6e60bc2018c189d3ca05ba9b.sdkstatcache -fmessage-length\=0 -fdiagnostics-show-note-include-stack -fmacro-backtrace-limit\=0 -fno-color-diagnostics -fmodules-prune-interval\=86400 -fmodules-prune-after\=345600 -fbuild-session-file\=/Users/hectorgarcia/Library/Developer/Xcode/DerivedData/ModuleCache.noindex/Session.modulevalidation -fmodules-validate-once-per-build-session -Wnon-modular-include-in-framework-module -Werror\=non-modular-include-in-framework-module -Wno-trigraphs -Wno-missing-field-initializers -Wno-missing-prototypes -Wno-return-type -Wno-implicit-atomic-properties -Wno-objc-interface-ivars -Wno-arc-repeated-use-of-weak -Wno-missing-braces -Wparentheses -Wswitch -Wno-unused-function -Wno-unused-label -Wno-unused-parameter -Wno-unused-variable -Wunused-value -Wno-empty-body -Wno-uninitialized -Wno-unknown-pragmas -w -Wno-shadow -Wno-four-char-constants -Wno-conversion -Wno-constant-conversion -Wno-int-conversion -Wno-bool-conversion -Wno-enum-conversion -Wno-float-conversion -Wno-non-literal-null-conversion -Wno-objc-literal-conversion -Wshorten-64-to-32 -Wpointer-sign -Wno-newline-eof -Wno-selector -Wno-strict-selector-match -Wno-undeclared-selector -Wno-deprecated-implementations -Wno-implicit-fallthrough -fstrict-aliasing -Wprotocol -Wdeprecated-declarations -Wno-sign-conversion -Wno-infinite-recursion -Wno-comma -Wno-block-capture-autoreleasing -Wno-strict-prototypes -Wno-semicolon-before-method-body -index-store-path /Users/hectorgarcia/Library/Developer/Xcode/DerivedData/Lyo-eagkiegzrakogpczynhkaholsscs/Index.noindex/DataStore @/Users/hectorgarcia/Library/Developer/Xcode/DerivedData/Build/Intermediates.noindex/Firebase.build/Debug-iphonesimulator/FirebaseAuth.build/Objects-normal/x86_64/e6072d4f65d7061329687fe24e3d63a7-common-args.resp -include /Users/hectorgarcia/Library/Developer/Xcode/DerivedData/Build/Intermediates.noindex/Firebase.build/Debug-iphonesimulator/FirebaseAuth.build/DerivedSources/resource_bundle_accessor.h -MMD -MT dependencies -MF /Users/hectorgarcia/Library/Developer/Xcode/DerivedData/Build/Intermediates.noindex/Firebase.build/Debug-iphonesimulator/FirebaseAuth.build/Objects-normal/x86_64/FIRVerifyPhoneNumberRequest.d --serialize-diagnostics /Users/hectorgarcia/Library/Developer/Xcode/DerivedData/Build/Intermediates.noindex/Firebase.build/Debug-iphonesimulator/FirebaseAuth.build/Objects-normal/x86_64/FIRVerifyPhoneNumberRequest.dia -c /Users/hectorgarcia/Library/Developer/Xcode/DerivedData/Lyo-eagkiegzrakogpczynhkaholsscs/SourcePackages/checkouts/firebase-ios-sdk/FirebaseAuth/Sources/Backend/RPC/FIRVerifyPhoneNumberRequest.m -o /Users/hectorgarcia/Library/Developer/Xcode/DerivedData/Build/Intermediates.noindex/Firebase.build/Debug-iphonesimulator/FirebaseAuth.build/Objects-normal/x86_64/FIRVerifyPhoneNumberRequest.o -index-unit-output-path /Firebase.build/Debug-iphonesimulator/FirebaseAuth.build/Objects-normal/x86_64/FIRVerifyPhoneNumberRequest.o

PrecompileModule /Users/hectorgarcia/Library/Developer/Xcode/DerivedData/Build/Intermediates.noindex/ExplicitPrecompiledModules/_Builtin_inttypes-5DFJUZGPUPYZGEEA9Y631I8KQ.scan
    cd /
    builtin-precompileModule /Users/hectorgarcia/Library/Developer/Xcode/DerivedData/Build/Intermediates.noindex/ExplicitPrecompiledModules/_Builtin_inttypes-5DFJUZGPUPYZGEEA9Y631I8KQ.scan

CompileC /Users/hectorgarcia/Library/Developer/Xcode/DerivedData/Build/Intermediates.noindex/Firebase.build/Debug-iphonesimulator/FirebaseAuth.build/Objects-normal/x86_64/FIRVerifyPasswordResponse.o /Users/hectorgarcia/Library/Developer/Xcode/DerivedData/Lyo-eagkiegzrakogpczynhkaholsscs/SourcePackages/checkouts/firebase-ios-sdk/FirebaseAuth/Sources/Backend/RPC/FIRVerifyPasswordResponse.m normal x86_64 objective-c com.apple.compilers.llvm.clang.1_0.compiler (in target 'FirebaseAuth' from project 'Firebase')
    cd /Users/hectorgarcia/LYO_Da_ONE/Lyo.xcodeproj
    
    Using response file: /Users/hectorgarcia/Library/Developer/Xcode/DerivedData/Build/Intermediates.noindex/Firebase.build/Debug-iphonesimulator/FirebaseAuth.build/Objects-normal/x86_64/e6072d4f65d7061329687fe24e3d63a7-common-args.resp
    
    /Users/hectorgarcia/Downloads/Xcode.app/Contents/Developer/Toolchains/XcodeDefault.xctoolchain/usr/bin/clang -x objective-c -ivfsstatcache /Users/hectorgarcia/Library/Developer/Xcode/DerivedData/SDKStatCaches.noindex/iphonesimulator26.2-23C53-823d3e8b6e60bc2018c189d3ca05ba9b.sdkstatcache -fmessage-length\=0 -fdiagnostics-show-note-include-stack -fmacro-backtrace-limit\=0 -fno-color-diagnostics -fmodules-prune-interval\=86400 -fmodules-prune-after\=345600 -fbuild-session-file\=/Users/hectorgarcia/Library/Developer/Xcode/DerivedData/ModuleCache.noindex/Session.modulevalidation -fmodules-validate-once-per-build-session -Wnon-modular-include-in-framework-module -Werror\=non-modular-include-in-framework-module -Wno-trigraphs -Wno-missing-field-initializers -Wno-missing-prototypes -Wno-return-type -Wno-implicit-atomic-properties -Wno-objc-interface-ivars -Wno-arc-repeated-use-of-weak -Wno-missing-braces -Wparentheses -Wswitch -Wno-unused-function -Wno-unused-label -Wno-unused-parameter -Wno-unused-variable -Wunused-value -Wno-empty-body -Wno-uninitialized -Wno-unknown-pragmas -w -Wno-shadow -Wno-four-char-constants -Wno-conversion -Wno-constant-conversion -Wno-int-conversion -Wno-bool-conversion -Wno-enum-conversion -Wno-float-conversion -Wno-non-literal-null-conversion -Wno-objc-literal-conversion -Wshorten-64-to-32 -Wpointer-sign -Wno-newline-eof -Wno-selector -Wno-strict-selector-match -Wno-undeclared-selector -Wno-deprecated-implementations -Wno-implicit-fallthrough -fstrict-aliasing -Wprotocol -Wdeprecated-declarations -Wno-sign-conversion -Wno-infinite-recursion -Wno-comma -Wno-block-capture-autoreleasing -Wno-strict-prototypes -Wno-semicolon-before-method-body -index-store-path /Users/hectorgarcia/Library/Developer/Xcode/DerivedData/Lyo-eagkiegzrakogpczynhkaholsscs/Index.noindex/DataStore @/Users/hectorgarcia/Library/Developer/Xcode/DerivedData/Build/Intermediates.noindex/Firebase.build/Debug-iphonesimulator/FirebaseAuth.build/Objects-normal/x86_64/e6072d4f65d7061329687fe24e3d63a7-common-args.resp -include /Users/hectorgarcia/Library/Developer/Xcode/DerivedData/Build/Intermediates.noindex/Firebase.build/Debug-iphonesimulator/FirebaseAuth.build/DerivedSources/resource_bundle_accessor.h -MMD -MT dependencies -MF /Users/hectorgarcia/Library/Developer/Xcode/DerivedData/Build/Intermediates.noindex/Firebase.build/Debug-iphonesimulator/FirebaseAuth.build/Objects-normal/x86_64/FIRVerifyPasswordResponse.d --serialize-diagnostics /Users/hectorgarcia/Library/Developer/Xcode/DerivedData/Build/Intermediates.noindex/Firebase.build/Debug-iphonesimulator/FirebaseAuth.build/Objects-normal/x86_64/FIRVerifyPasswordResponse.dia -c /Users/hectorgarcia/Library/Developer/Xcode/DerivedData/Lyo-eagkiegzrakogpczynhkaholsscs/SourcePackages/checkouts/firebase-ios-sdk/FirebaseAuth/Sources/Backend/RPC/FIRVerifyPasswordResponse.m -o /Users/hectorgarcia/Library/Developer/Xcode/DerivedData/Build/Intermediates.noindex/Firebase.build/Debug-iphonesimulator/FirebaseAuth.build/Objects-normal/x86_64/FIRVerifyPasswordResponse.o -index-unit-output-path /Firebase.build/Debug-iphonesimulator/FirebaseAuth.build/Objects-normal/x86_64/FIRVerifyPasswordResponse.o

PrecompileModule /Users/hectorgarcia/Library/Developer/Xcode/DerivedData/Build/Intermediates.noindex/ExplicitPrecompiledModules/Darwin-30L193757RA5MVPHP7K8GTZ5T.scan
    cd /
    builtin-precompileModule /Users/hectorgarcia/Library/Developer/Xcode/DerivedData/Build/Intermediates.noindex/ExplicitPrecompiledModules/Darwin-30L193757RA5MVPHP7K8GTZ5T.scan

CompileC /Users/hectorgarcia/Library/Developer/Xcode/DerivedData/Build/Intermediates.noindex/Firebase.build/Debug-iphonesimulator/FirebaseAuth.build/Objects-normal/x86_64/FIRVerifyPasswordRequest.o /Users/hectorgarcia/Library/Developer/Xcode/DerivedData/Lyo-eagkiegzrakogpczynhkaholsscs/SourcePackages/checkouts/firebase-ios-sdk/FirebaseAuth/Sources/Backend/RPC/FIRVerifyPasswordRequest.m normal x86_64 objective-c com.apple.compilers.llvm.clang.1_0.compiler (in target 'FirebaseAuth' from project 'Firebase')
    cd /Users/hectorgarcia/LYO_Da_ONE/Lyo.xcodeproj
    
    Using response file: /Users/hectorgarcia/Library/Developer/Xcode/DerivedData/Build/Intermediates.noindex/Firebase.build/Debug-iphonesimulator/FirebaseAuth.build/Objects-normal/x86_64/e6072d4f65d7061329687fe24e3d63a7-common-args.resp
    
    /Users/hectorgarcia/Downloads/Xcode.app/Contents/Developer/Toolchains/XcodeDefault.xctoolchain/usr/bin/clang -x objective-c -ivfsstatcache /Users/hectorgarcia/Library/Developer/Xcode/DerivedData/SDKStatCaches.noindex/iphonesimulator26.2-23C53-823d3e8b6e60bc2018c189d3ca05ba9b.sdkstatcache -fmessage-length\=0 -fdiagnostics-show-note-include-stack -fmacro-backtrace-limit\=0 -fno-color-diagnostics -fmodules-prune-interval\=86400 -fmodules-prune-after\=345600 -fbuild-session-file\=/Users/hectorgarcia/Library/Developer/Xcode/DerivedData/ModuleCache.noindex/Session.modulevalidation -fmodules-validate-once-per-build-session -Wnon-modular-include-in-framework-module -Werror\=non-modular-include-in-framework-module -Wno-trigraphs -Wno-missing-field-initializers -Wno-missing-prototypes -Wno-return-type -Wno-implicit-atomic-properties -Wno-objc-interface-ivars -Wno-arc-repeated-use-of-weak -Wno-missing-braces -Wparentheses -Wswitch -Wno-unused-function -Wno-unused-label -Wno-unused-parameter -Wno-unused-variable -Wunused-value -Wno-empty-body -Wno-uninitialized -Wno-unknown-pragmas -w -Wno-shadow -Wno-four-char-constants -Wno-conversion -Wno-constant-conversion -Wno-int-conversion -Wno-bool-conversion -Wno-enum-conversion -Wno-float-conversion -Wno-non-literal-null-conversion -Wno-objc-literal-conversion -Wshorten-64-to-32 -Wpointer-sign -Wno-newline-eof -Wno-selector -Wno-strict-selector-match -Wno-undeclared-selector -Wno-deprecated-implementations -Wno-implicit-fallthrough -fstrict-aliasing -Wprotocol -Wdeprecated-declarations -Wno-sign-conversion -Wno-infinite-recursion -Wno-comma -Wno-block-capture-autoreleasing -Wno-strict-prototypes -Wno-semicolon-before-method-body -index-store-path /Users/hectorgarcia/Library/Developer/Xcode/DerivedData/Lyo-eagkiegzrakogpczynhkaholsscs/Index.noindex/DataStore @/Users/hectorgarcia/Library/Developer/Xcode/DerivedData/Build/Intermediates.noindex/Firebase.build/Debug-iphonesimulator/FirebaseAuth.build/Objects-normal/x86_64/e6072d4f65d7061329687fe24e3d63a7-common-args.resp -include /Users/hectorgarcia/Library/Developer/Xcode/DerivedData/Build/Intermediates.noindex/Firebase.build/Debug-iphonesimulator/FirebaseAuth.build/DerivedSources/resource_bundle_accessor.h -MMD -MT dependencies -MF /Users/hectorgarcia/Library/Developer/Xcode/DerivedData/Build/Intermediates.noindex/Firebase.build/Debug-iphonesimulator/FirebaseAuth.build/Objects-normal/x86_64/FIRVerifyPasswordRequest.d --serialize-diagnostics /Users/hectorgarcia/Library/Developer/Xcode/DerivedData/Build/Intermediates.noindex/Firebase.build/Debug-iphonesimulator/FirebaseAuth.build/Objects-normal/x86_64/FIRVerifyPasswordRequest.dia -c /Users/hectorgarcia/Library/Developer/Xcode/DerivedData/Lyo-eagkiegzrakogpczynhkaholsscs/SourcePackages/checkouts/firebase-ios-sdk/FirebaseAuth/Sources/Backend/RPC/FIRVerifyPasswordRequest.m -o /Users/hectorgarcia/Library/Developer/Xcode/DerivedData/Build/Intermediates.noindex/Firebase.build/Debug-iphonesimulator/FirebaseAuth.build/Objects-normal/x86_64/FIRVerifyPasswordRequest.o -index-unit-output-path /Firebase.build/Debug-iphonesimulator/FirebaseAuth.build/Objects-normal/x86_64/FIRVerifyPasswordRequest.o

ScanDependencies /Users/hectorgarcia/Library/Developer/Xcode/DerivedData/Build/Intermediates.noindex/Firebase.build/Debug-iphonesimulator/FirebaseAuth.build/Objects-normal/x86_64/FIRVerifyCustomTokenResponse.o /Users/hectorgarcia/Library/Developer/Xcode/DerivedData/Lyo-eagkiegzrakogpczynhkaholsscs/SourcePackages/checkouts/firebase-ios-sdk/FirebaseAuth/Sources/Backend/RPC/FIRVerifyCustomTokenResponse.m normal x86_64 objective-c com.apple.compilers.llvm.clang.1_0.compiler (in target 'FirebaseAuth' from project 'Firebase')
    cd /Users/hectorgarcia/LYO_Da_ONE/Lyo.xcodeproj
    
    Using response file: /Users/hectorgarcia/Library/Developer/Xcode/DerivedData/Build/Intermediates.noindex/Firebase.build/Debug-iphonesimulator/FirebaseAuth.build/Objects-normal/x86_64/e6072d4f65d7061329687fe24e3d63a7-common-args.resp
    
    builtin-ScanDependencies -o /Users/hectorgarcia/Library/Developer/Xcode/DerivedData/Build/Intermediates.noindex/Firebase.build/Debug-iphonesimulator/FirebaseAuth.build/Objects-normal/x86_64/FIRVerifyCustomTokenResponse.o.scan -- /Users/hectorgarcia/Downloads/Xcode.app/Contents/Developer/Toolchains/XcodeDefault.xctoolchain/usr/bin/clang -x objective-c -ivfsstatcache /Users/hectorgarcia/Library/Developer/Xcode/DerivedData/SDKStatCaches.noindex/iphonesimulator26.2-23C53-823d3e8b6e60bc2018c189d3ca05ba9b.sdkstatcache -fmessage-length\=0 -fdiagnostics-show-note-include-stack -fmacro-backtrace-limit\=0 -fno-color-diagnostics -fmodules-prune-interval\=86400 -fmodules-prune-after\=345600 -fbuild-session-file\=/Users/hectorgarcia/Library/Developer/Xcode/DerivedData/ModuleCache.noindex/Session.modulevalidation -fmodules-validate-once-per-build-session -Wnon-modular-include-in-framework-module -Werror\=non-modular-include-in-framework-module -Wno-trigraphs -Wno-missing-field-initializers -Wno-missing-prototypes -Wno-return-type -Wno-implicit-atomic-properties -Wno-objc-interface-ivars -Wno-arc-repeated-use-of-weak -Wno-missing-braces -Wparentheses -Wswitch -Wno-unused-function -Wno-unused-label -Wno-unused-parameter -Wno-unused-variable -Wunused-value -Wno-empty-body -Wno-uninitialized -Wno-unknown-pragmas -w -Wno-shadow -Wno-four-char-constants -Wno-conversion -Wno-constant-conversion -Wno-int-conversion -Wno-bool-conversion -Wno-enum-conversion -Wno-float-conversion -Wno-non-literal-null-conversion -Wno-objc-literal-conversion -Wshorten-64-to-32 -Wpointer-sign -Wno-newline-eof -Wno-selector -Wno-strict-selector-match -Wno-undeclared-selector -Wno-deprecated-implementations -Wno-implicit-fallthrough -fstrict-aliasing -Wprotocol -Wdeprecated-declarations -Wno-sign-conversion -Wno-infinite-recursion -Wno-comma -Wno-block-capture-autoreleasing -Wno-strict-prototypes -Wno-semicolon-before-method-body -index-store-path /Users/hectorgarcia/Library/Developer/Xcode/DerivedData/Lyo-eagkiegzrakogpczynhkaholsscs/Index.noindex/DataStore @/Users/hectorgarcia/Library/Developer/Xcode/DerivedData/Build/Intermediates.noindex/Firebase.build/Debug-iphonesimulator/FirebaseAuth.build/Objects-normal/x86_64/e6072d4f65d7061329687fe24e3d63a7-common-args.resp -include /Users/hectorgarcia/Library/Developer/Xcode/DerivedData/Build/Intermediates.noindex/Firebase.build/Debug-iphonesimulator/FirebaseAuth.build/DerivedSources/resource_bundle_accessor.h -MMD -MT dependencies -MF /Users/hectorgarcia/Library/Developer/Xcode/DerivedData/Build/Intermediates.noindex/Firebase.build/Debug-iphonesimulator/FirebaseAuth.build/Objects-normal/x86_64/FIRVerifyCustomTokenResponse.d --serialize-diagnostics /Users/hectorgarcia/Library/Developer/Xcode/DerivedData/Build/Intermediates.noindex/Firebase.build/Debug-iphonesimulator/FirebaseAuth.build/Objects-normal/x86_64/FIRVerifyCustomTokenResponse.dia -c /Users/hectorgarcia/Library/Developer/Xcode/DerivedData/Lyo-eagkiegzrakogpczynhkaholsscs/SourcePackages/checkouts/firebase-ios-sdk/FirebaseAuth/Sources/Backend/RPC/FIRVerifyCustomTokenResponse.m -o /Users/hectorgarcia/Library/Developer/Xcode/DerivedData/Build/Intermediates.noindex/Firebase.build/Debug-iphonesimulator/FirebaseAuth.build/Objects-normal/x86_64/FIRVerifyCustomTokenResponse.o -index-unit-output-path /Firebase.build/Debug-iphonesimulator/FirebaseAuth.build/Objects-normal/x86_64/FIRVerifyCustomTokenResponse.o

ScanDependencies /Users/hectorgarcia/Library/Developer/Xcode/DerivedData/Build/Intermediates.noindex/Firebase.build/Debug-iphonesimulator/FirebaseAuth.build/Objects-normal/x86_64/FIRVerifyCustomTokenRequest.o /Users/hectorgarcia/Library/Developer/Xcode/DerivedData/Lyo-eagkiegzrakogpczynhkaholsscs/SourcePackages/checkouts/firebase-ios-sdk/FirebaseAuth/Sources/Backend/RPC/FIRVerifyCustomTokenRequest.m normal x86_64 objective-c com.apple.compilers.llvm.clang.1_0.compiler (in target 'FirebaseAuth' from project 'Firebase')
    cd /Users/hectorgarcia/LYO_Da_ONE/Lyo.xcodeproj
    
    Using response file: /Users/hectorgarcia/Library/Developer/Xcode/DerivedData/Build/Intermediates.noindex/Firebase.build/Debug-iphonesimulator/FirebaseAuth.build/Objects-normal/x86_64/e6072d4f65d7061329687fe24e3d63a7-common-args.resp
    
    builtin-ScanDependencies -o /Users/hectorgarcia/Library/Developer/Xcode/DerivedData/Build/Intermediates.noindex/Firebase.build/Debug-iphonesimulator/FirebaseAuth.build/Objects-normal/x86_64/FIRVerifyCustomTokenRequest.o.scan -- /Users/hectorgarcia/Downloads/Xcode.app/Contents/Developer/Toolchains/XcodeDefault.xctoolchain/usr/bin/clang -x objective-c -ivfsstatcache /Users/hectorgarcia/Library/Developer/Xcode/DerivedData/SDKStatCaches.noindex/iphonesimulator26.2-23C53-823d3e8b6e60bc2018c189d3ca05ba9b.sdkstatcache -fmessage-length\=0 -fdiagnostics-show-note-include-stack -fmacro-backtrace-limit\=0 -fno-color-diagnostics -fmodules-prune-interval\=86400 -fmodules-prune-after\=345600 -fbuild-session-file\=/Users/hectorgarcia/Library/Developer/Xcode/DerivedData/ModuleCache.noindex/Session.modulevalidation -fmodules-validate-once-per-build-session -Wnon-modular-include-in-framework-module -Werror\=non-modular-include-in-framework-module -Wno-trigraphs -Wno-missing-field-initializers -Wno-missing-prototypes -Wno-return-type -Wno-implicit-atomic-properties -Wno-objc-interface-ivars -Wno-arc-repeated-use-of-weak -Wno-missing-braces -Wparentheses -Wswitch -Wno-unused-function -Wno-unused-label -Wno-unused-parameter -Wno-unused-variable -Wunused-value -Wno-empty-body -Wno-uninitialized -Wno-unknown-pragmas -w -Wno-shadow -Wno-four-char-constants -Wno-conversion -Wno-constant-conversion -Wno-int-conversion -Wno-bool-conversion -Wno-enum-conversion -Wno-float-conversion -Wno-non-literal-null-conversion -Wno-objc-literal-conversion -Wshorten-64-to-32 -Wpointer-sign -Wno-newline-eof -Wno-selector -Wno-strict-selector-match -Wno-undeclared-selector -Wno-deprecated-implementations -Wno-implicit-fallthrough -fstrict-aliasing -Wprotocol -Wdeprecated-declarations -Wno-sign-conversion -Wno-infinite-recursion -Wno-comma -Wno-block-capture-autoreleasing -Wno-strict-prototypes -Wno-semicolon-before-method-body -index-store-path /Users/hectorgarcia/Library/Developer/Xcode/DerivedData/Lyo-eagkiegzrakogpczynhkaholsscs/Index.noindex/DataStore @/Users/hectorgarcia/Library/Developer/Xcode/DerivedData/Build/Intermediates.noindex/Firebase.build/Debug-iphonesimulator/FirebaseAuth.build/Objects-normal/x86_64/e6072d4f65d7061329687fe24e3d63a7-common-args.resp -include /Users/hectorgarcia/Library/Developer/Xcode/DerivedData/Build/Intermediates.noindex/Firebase.build/Debug-iphonesimulator/FirebaseAuth.build/DerivedSources/resource_bundle_accessor.h -MMD -MT dependencies -MF /Users/hectorgarcia/Library/Developer/Xcode/DerivedData/Build/Intermediates.noindex/Firebase.build/Debug-iphonesimulator/FirebaseAuth.build/Objects-normal/x86_64/FIRVerifyCustomTokenRequest.d --serialize-diagnostics /Users/hectorgarcia/Library/Developer/Xcode/DerivedData/Build/Intermediates.noindex/Firebase.build/Debug-iphonesimulator/FirebaseAuth.build/Objects-normal/x86_64/FIRVerifyCustomTokenRequest.dia -c /Users/hectorgarcia/Library/Developer/Xcode/DerivedData/Lyo-eagkiegzrakogpczynhkaholsscs/SourcePackages/checkouts/firebase-ios-sdk/FirebaseAuth/Sources/Backend/RPC/FIRVerifyCustomTokenRequest.m -o /Users/hectorgarcia/Library/Developer/Xcode/DerivedData/Build/Intermediates.noindex/Firebase.build/Debug-iphonesimulator/FirebaseAuth.build/Objects-normal/x86_64/FIRVerifyCustomTokenRequest.o -index-unit-output-path /Firebase.build/Debug-iphonesimulator/FirebaseAuth.build/Objects-normal/x86_64/FIRVerifyCustomTokenRequest.o

ScanDependencies /Users/hectorgarcia/Library/Developer/Xcode/DerivedData/Build/Intermediates.noindex/Firebase.build/Debug-iphonesimulator/FirebaseAuth.build/Objects-normal/x86_64/FIRVerifyClientResponse.o /Users/hectorgarcia/Library/Developer/Xcode/DerivedData/Lyo-eagkiegzrakogpczynhkaholsscs/SourcePackages/checkouts/firebase-ios-sdk/FirebaseAuth/Sources/Backend/RPC/FIRVerifyClientResponse.m normal x86_64 objective-c com.apple.compilers.llvm.clang.1_0.compiler (in target 'FirebaseAuth' from project 'Firebase')
    cd /Users/hectorgarcia/LYO_Da_ONE/Lyo.xcodeproj
    
    Using response file: /Users/hectorgarcia/Library/Developer/Xcode/DerivedData/Build/Intermediates.noindex/Firebase.build/Debug-iphonesimulator/FirebaseAuth.build/Objects-normal/x86_64/e6072d4f65d7061329687fe24e3d63a7-common-args.resp
    
    builtin-ScanDependencies -o /Users/hectorgarcia/Library/Developer/Xcode/DerivedData/Build/Intermediates.noindex/Firebase.build/Debug-iphonesimulator/FirebaseAuth.build/Objects-normal/x86_64/FIRVerifyClientResponse.o.scan -- /Users/hectorgarcia/Downloads/Xcode.app/Contents/Developer/Toolchains/XcodeDefault.xctoolchain/usr/bin/clang -x objective-c -ivfsstatcache /Users/hectorgarcia/Library/Developer/Xcode/DerivedData/SDKStatCaches.noindex/iphonesimulator26.2-23C53-823d3e8b6e60bc2018c189d3ca05ba9b.sdkstatcache -fmessage-length\=0 -fdiagnostics-show-note-include-stack -fmacro-backtrace-limit\=0 -fno-color-diagnostics -fmodules-prune-interval\=86400 -fmodules-prune-after\=345600 -fbuild-session-file\=/Users/hectorgarcia/Library/Developer/Xcode/DerivedData/ModuleCache.noindex/Session.modulevalidation -fmodules-validate-once-per-build-session -Wnon-modular-include-in-framework-module -Werror\=non-modular-include-in-framework-module -Wno-trigraphs -Wno-missing-field-initializers -Wno-missing-prototypes -Wno-return-type -Wno-implicit-atomic-properties -Wno-objc-interface-ivars -Wno-arc-repeated-use-of-weak -Wno-missing-braces -Wparentheses -Wswitch -Wno-unused-function -Wno-unused-label -Wno-unused-parameter -Wno-unused-variable -Wunused-value -Wno-empty-body -Wno-uninitialized -Wno-unknown-pragmas -w -Wno-shadow -Wno-four-char-constants -Wno-conversion -Wno-constant-conversion -Wno-int-conversion -Wno-bool-conversion -Wno-enum-conversion -Wno-float-conversion -Wno-non-literal-null-conversion -Wno-objc-literal-conversion -Wshorten-64-to-32 -Wpointer-sign -Wno-newline-eof -Wno-selector -Wno-strict-selector-match -Wno-undeclared-selector -Wno-deprecated-implementations -Wno-implicit-fallthrough -fstrict-aliasing -Wprotocol -Wdeprecated-declarations -Wno-sign-conversion -Wno-infinite-recursion -Wno-comma -Wno-block-capture-autoreleasing -Wno-strict-prototypes -Wno-semicolon-before-method-body -index-store-path /Users/hectorgarcia/Library/Developer/Xcode/DerivedData/Lyo-eagkiegzrakogpczynhkaholsscs/Index.noindex/DataStore @/Users/hectorgarcia/Library/Developer/Xcode/DerivedData/Build/Intermediates.noindex/Firebase.build/Debug-iphonesimulator/FirebaseAuth.build/Objects-normal/x86_64/e6072d4f65d7061329687fe24e3d63a7-common-args.resp -include /Users/hectorgarcia/Library/Developer/Xcode/DerivedData/Build/Intermediates.noindex/Firebase.build/Debug-iphonesimulator/FirebaseAuth.build/DerivedSources/resource_bundle_accessor.h -MMD -MT dependencies -MF /Users/hectorgarcia/Library/Developer/Xcode/DerivedData/Build/Intermediates.noindex/Firebase.build/Debug-iphonesimulator/FirebaseAuth.build/Objects-normal/x86_64/FIRVerifyClientResponse.d --serialize-diagnostics /Users/hectorgarcia/Library/Developer/Xcode/DerivedData/Build/Intermediates.noindex/Firebase.build/Debug-iphonesimulator/FirebaseAuth.build/Objects-normal/x86_64/FIRVerifyClientResponse.dia -c /Users/hectorgarcia/Library/Developer/Xcode/DerivedData/Lyo-eagkiegzrakogpczynhkaholsscs/SourcePackages/checkouts/firebase-ios-sdk/FirebaseAuth/Sources/Backend/RPC/FIRVerifyClientResponse.m -o /Users/hectorgarcia/Library/Developer/Xcode/DerivedData/Build/Intermediates.noindex/Firebase.build/Debug-iphonesimulator/FirebaseAuth.build/Objects-normal/x86_64/FIRVerifyClientResponse.o -index-unit-output-path /Firebase.build/Debug-iphonesimulator/FirebaseAuth.build/Objects-normal/x86_64/FIRVerifyClientResponse.o

CompileC /Users/hectorgarcia/Library/Developer/Xcode/DerivedData/Build/Intermediates.noindex/Firebase.build/Debug-iphonesimulator/FirebaseAuth.build/Objects-normal/x86_64/FIRVerifyCustomTokenResponse.o /Users/hectorgarcia/Library/Developer/Xcode/DerivedData/Lyo-eagkiegzrakogpczynhkaholsscs/SourcePackages/checkouts/firebase-ios-sdk/FirebaseAuth/Sources/Backend/RPC/FIRVerifyCustomTokenResponse.m normal x86_64 objective-c com.apple.compilers.llvm.clang.1_0.compiler (in target 'FirebaseAuth' from project 'Firebase')
    cd /Users/hectorgarcia/LYO_Da_ONE/Lyo.xcodeproj
    
    Using response file: /Users/hectorgarcia/Library/Developer/Xcode/DerivedData/Build/Intermediates.noindex/Firebase.build/Debug-iphonesimulator/FirebaseAuth.build/Objects-normal/x86_64/e6072d4f65d7061329687fe24e3d63a7-common-args.resp
    
    /Users/hectorgarcia/Downloads/Xcode.app/Contents/Developer/Toolchains/XcodeDefault.xctoolchain/usr/bin/clang -x objective-c -ivfsstatcache /Users/hectorgarcia/Library/Developer/Xcode/DerivedData/SDKStatCaches.noindex/iphonesimulator26.2-23C53-823d3e8b6e60bc2018c189d3ca05ba9b.sdkstatcache -fmessage-length\=0 -fdiagnostics-show-note-include-stack -fmacro-backtrace-limit\=0 -fno-color-diagnostics -fmodules-prune-interval\=86400 -fmodules-prune-after\=345600 -fbuild-session-file\=/Users/hectorgarcia/Library/Developer/Xcode/DerivedData/ModuleCache.noindex/Session.modulevalidation -fmodules-validate-once-per-build-session -Wnon-modular-include-in-framework-module -Werror\=non-modular-include-in-framework-module -Wno-trigraphs -Wno-missing-field-initializers -Wno-missing-prototypes -Wno-return-type -Wno-implicit-atomic-properties -Wno-objc-interface-ivars -Wno-arc-repeated-use-of-weak -Wno-missing-braces -Wparentheses -Wswitch -Wno-unused-function -Wno-unused-label -Wno-unused-parameter -Wno-unused-variable -Wunused-value -Wno-empty-body -Wno-uninitialized -Wno-unknown-pragmas -w -Wno-shadow -Wno-four-char-constants -Wno-conversion -Wno-constant-conversion -Wno-int-conversion -Wno-bool-conversion -Wno-enum-conversion -Wno-float-conversion -Wno-non-literal-null-conversion -Wno-objc-literal-conversion -Wshorten-64-to-32 -Wpointer-sign -Wno-newline-eof -Wno-selector -Wno-strict-selector-match -Wno-undeclared-selector -Wno-deprecated-implementations -Wno-implicit-fallthrough -fstrict-aliasing -Wprotocol -Wdeprecated-declarations -Wno-sign-conversion -Wno-infinite-recursion -Wno-comma -Wno-block-capture-autoreleasing -Wno-strict-prototypes -Wno-semicolon-before-method-body -index-store-path /Users/hectorgarcia/Library/Developer/Xcode/DerivedData/Lyo-eagkiegzrakogpczynhkaholsscs/Index.noindex/DataStore @/Users/hectorgarcia/Library/Developer/Xcode/DerivedData/Build/Intermediates.noindex/Firebase.build/Debug-iphonesimulator/FirebaseAuth.build/Objects-normal/x86_64/e6072d4f65d7061329687fe24e3d63a7-common-args.resp -include /Users/hectorgarcia/Library/Developer/Xcode/DerivedData/Build/Intermediates.noindex/Firebase.build/Debug-iphonesimulator/FirebaseAuth.build/DerivedSources/resource_bundle_accessor.h -MMD -MT dependencies -MF /Users/hectorgarcia/Library/Developer/Xcode/DerivedData/Build/Intermediates.noindex/Firebase.build/Debug-iphonesimulator/FirebaseAuth.build/Objects-normal/x86_64/FIRVerifyCustomTokenResponse.d --serialize-diagnostics /Users/hectorgarcia/Library/Developer/Xcode/DerivedData/Build/Intermediates.noindex/Firebase.build/Debug-iphonesimulator/FirebaseAuth.build/Objects-normal/x86_64/FIRVerifyCustomTokenResponse.dia -c /Users/hectorgarcia/Library/Developer/Xcode/DerivedData/Lyo-eagkiegzrakogpczynhkaholsscs/SourcePackages/checkouts/firebase-ios-sdk/FirebaseAuth/Sources/Backend/RPC/FIRVerifyCustomTokenResponse.m -o /Users/hectorgarcia/Library/Developer/Xcode/DerivedData/Build/Intermediates.noindex/Firebase.build/Debug-iphonesimulator/FirebaseAuth.build/Objects-normal/x86_64/FIRVerifyCustomTokenResponse.o -index-unit-output-path /Firebase.build/Debug-iphonesimulator/FirebaseAuth.build/Objects-normal/x86_64/FIRVerifyCustomTokenResponse.o

CompileC /Users/hectorgarcia/Library/Developer/Xcode/DerivedData/Build/Intermediates.noindex/Firebase.build/Debug-iphonesimulator/FirebaseAuth.build/Objects-normal/x86_64/FIRVerifyCustomTokenRequest.o /Users/hectorgarcia/Library/Developer/Xcode/DerivedData/Lyo-eagkiegzrakogpczynhkaholsscs/SourcePackages/checkouts/firebase-ios-sdk/FirebaseAuth/Sources/Backend/RPC/FIRVerifyCustomTokenRequest.m normal x86_64 objective-c com.apple.compilers.llvm.clang.1_0.compiler (in target 'FirebaseAuth' from project 'Firebase')
    cd /Users/hectorgarcia/LYO_Da_ONE/Lyo.xcodeproj
    
    Using response file: /Users/hectorgarcia/Library/Developer/Xcode/DerivedData/Build/Intermediates.noindex/Firebase.build/Debug-iphonesimulator/FirebaseAuth.build/Objects-normal/x86_64/e6072d4f65d7061329687fe24e3d63a7-common-args.resp
    
    /Users/hectorgarcia/Downloads/Xcode.app/Contents/Developer/Toolchains/XcodeDefault.xctoolchain/usr/bin/clang -x objective-c -ivfsstatcache /Users/hectorgarcia/Library/Developer/Xcode/DerivedData/SDKStatCaches.noindex/iphonesimulator26.2-23C53-823d3e8b6e60bc2018c189d3ca05ba9b.sdkstatcache -fmessage-length\=0 -fdiagnostics-show-note-include-stack -fmacro-backtrace-limit\=0 -fno-color-diagnostics -fmodules-prune-interval\=86400 -fmodules-prune-after\=345600 -fbuild-session-file\=/Users/hectorgarcia/Library/Developer/Xcode/DerivedData/ModuleCache.noindex/Session.modulevalidation -fmodules-validate-once-per-build-session -Wnon-modular-include-in-framework-module -Werror\=non-modular-include-in-framework-module -Wno-trigraphs -Wno-missing-field-initializers -Wno-missing-prototypes -Wno-return-type -Wno-implicit-atomic-properties -Wno-objc-interface-ivars -Wno-arc-repeated-use-of-weak -Wno-missing-braces -Wparentheses -Wswitch -Wno-unused-function -Wno-unused-label -Wno-unused-parameter -Wno-unused-variable -Wunused-value -Wno-empty-body -Wno-uninitialized -Wno-unknown-pragmas -w -Wno-shadow -Wno-four-char-constants -Wno-conversion -Wno-constant-conversion -Wno-int-conversion -Wno-bool-conversion -Wno-enum-conversion -Wno-float-conversion -Wno-non-literal-null-conversion -Wno-objc-literal-conversion -Wshorten-64-to-32 -Wpointer-sign -Wno-newline-eof -Wno-selector -Wno-strict-selector-match -Wno-undeclared-selector -Wno-deprecated-implementations -Wno-implicit-fallthrough -fstrict-aliasing -Wprotocol -Wdeprecated-declarations -Wno-sign-conversion -Wno-infinite-recursion -Wno-comma -Wno-block-capture-autoreleasing -Wno-strict-prototypes -Wno-semicolon-before-method-body -index-store-path /Users/hectorgarcia/Library/Developer/Xcode/DerivedData/Lyo-eagkiegzrakogpczynhkaholsscs/Index.noindex/DataStore @/Users/hectorgarcia/Library/Developer/Xcode/DerivedData/Build/Intermediates.noindex/Firebase.build/Debug-iphonesimulator/FirebaseAuth.build/Objects-normal/x86_64/e6072d4f65d7061329687fe24e3d63a7-common-args.resp -include /Users/hectorgarcia/Library/Developer/Xcode/DerivedData/Build/Intermediates.noindex/Firebase.build/Debug-iphonesimulator/FirebaseAuth.build/DerivedSources/resource_bundle_accessor.h -MMD -MT dependencies -MF /Users/hectorgarcia/Library/Developer/Xcode/DerivedData/Build/Intermediates.noindex/Firebase.build/Debug-iphonesimulator/FirebaseAuth.build/Objects-normal/x86_64/FIRVerifyCustomTokenRequest.d --serialize-diagnostics /Users/hectorgarcia/Library/Developer/Xcode/DerivedData/Build/Intermediates.noindex/Firebase.build/Debug-iphonesimulator/FirebaseAuth.build/Objects-normal/x86_64/FIRVerifyCustomTokenRequest.dia -c /Users/hectorgarcia/Library/Developer/Xcode/DerivedData/Lyo-eagkiegzrakogpczynhkaholsscs/SourcePackages/checkouts/firebase-ios-sdk/FirebaseAuth/Sources/Backend/RPC/FIRVerifyCustomTokenRequest.m -o /Users/hectorgarcia/Library/Developer/Xcode/DerivedData/Build/Intermediates.noindex/Firebase.build/Debug-iphonesimulator/FirebaseAuth.build/Objects-normal/x86_64/FIRVerifyCustomTokenRequest.o -index-unit-output-path /Firebase.build/Debug-iphonesimulator/FirebaseAuth.build/Objects-normal/x86_64/FIRVerifyCustomTokenRequest.o

ScanDependencies /Users/hectorgarcia/Library/Developer/Xcode/DerivedData/Build/Intermediates.noindex/Firebase.build/Debug-iphonesimulator/FirebaseAuth.build/Objects-normal/x86_64/FIRVerifyClientRequest.o /Users/hectorgarcia/Library/Developer/Xcode/DerivedData/Lyo-eagkiegzrakogpczynhkaholsscs/SourcePackages/checkouts/firebase-ios-sdk/FirebaseAuth/Sources/Backend/RPC/FIRVerifyClientRequest.m normal x86_64 objective-c com.apple.compilers.llvm.clang.1_0.compiler (in target 'FirebaseAuth' from project 'Firebase')
    cd /Users/hectorgarcia/LYO_Da_ONE/Lyo.xcodeproj
    
    Using response file: /Users/hectorgarcia/Library/Developer/Xcode/DerivedData/Build/Intermediates.noindex/Firebase.build/Debug-iphonesimulator/FirebaseAuth.build/Objects-normal/x86_64/e6072d4f65d7061329687fe24e3d63a7-common-args.resp
    
    builtin-ScanDependencies -o /Users/hectorgarcia/Library/Developer/Xcode/DerivedData/Build/Intermediates.noindex/Firebase.build/Debug-iphonesimulator/FirebaseAuth.build/Objects-normal/x86_64/FIRVerifyClientRequest.o.scan -- /Users/hectorgarcia/Downloads/Xcode.app/Contents/Developer/Toolchains/XcodeDefault.xctoolchain/usr/bin/clang -x objective-c -ivfsstatcache /Users/hectorgarcia/Library/Developer/Xcode/DerivedData/SDKStatCaches.noindex/iphonesimulator26.2-23C53-823d3e8b6e60bc2018c189d3ca05ba9b.sdkstatcache -fmessage-length\=0 -fdiagnostics-show-note-include-stack -fmacro-backtrace-limit\=0 -fno-color-diagnostics -fmodules-prune-interval\=86400 -fmodules-prune-after\=345600 -fbuild-session-file\=/Users/hectorgarcia/Library/Developer/Xcode/DerivedData/ModuleCache.noindex/Session.modulevalidation -fmodules-validate-once-per-build-session -Wnon-modular-include-in-framework-module -Werror\=non-modular-include-in-framework-module -Wno-trigraphs -Wno-missing-field-initializers -Wno-missing-prototypes -Wno-return-type -Wno-implicit-atomic-properties -Wno-objc-interface-ivars -Wno-arc-repeated-use-of-weak -Wno-missing-braces -Wparentheses -Wswitch -Wno-unused-function -Wno-unused-label -Wno-unused-parameter -Wno-unused-variable -Wunused-value -Wno-empty-body -Wno-uninitialized -Wno-unknown-pragmas -w -Wno-shadow -Wno-four-char-constants -Wno-conversion -Wno-constant-conversion -Wno-int-conversion -Wno-bool-conversion -Wno-enum-conversion -Wno-float-conversion -Wno-non-literal-null-conversion -Wno-objc-literal-conversion -Wshorten-64-to-32 -Wpointer-sign -Wno-newline-eof -Wno-selector -Wno-strict-selector-match -Wno-undeclared-selector -Wno-deprecated-implementations -Wno-implicit-fallthrough -fstrict-aliasing -Wprotocol -Wdeprecated-declarations -Wno-sign-conversion -Wno-infinite-recursion -Wno-comma -Wno-block-capture-autoreleasing -Wno-strict-prototypes -Wno-semicolon-before-method-body -index-store-path /Users/hectorgarcia/Library/Developer/Xcode/DerivedData/Lyo-eagkiegzrakogpczynhkaholsscs/Index.noindex/DataStore @/Users/hectorgarcia/Library/Developer/Xcode/DerivedData/Build/Intermediates.noindex/Firebase.build/Debug-iphonesimulator/FirebaseAuth.build/Objects-normal/x86_64/e6072d4f65d7061329687fe24e3d63a7-common-args.resp -include /Users/hectorgarcia/Library/Developer/Xcode/DerivedData/Build/Intermediates.noindex/Firebase.build/Debug-iphonesimulator/FirebaseAuth.build/DerivedSources/resource_bundle_accessor.h -MMD -MT dependencies -MF /Users/hectorgarcia/Library/Developer/Xcode/DerivedData/Build/Intermediates.noindex/Firebase.build/Debug-iphonesimulator/FirebaseAuth.build/Objects-normal/x86_64/FIRVerifyClientRequest.d --serialize-diagnostics /Users/hectorgarcia/Library/Developer/Xcode/DerivedData/Build/Intermediates.noindex/Firebase.build/Debug-iphonesimulator/FirebaseAuth.build/Objects-normal/x86_64/FIRVerifyClientRequest.dia -c /Users/hectorgarcia/Library/Developer/Xcode/DerivedData/Lyo-eagkiegzrakogpczynhkaholsscs/SourcePackages/checkouts/firebase-ios-sdk/FirebaseAuth/Sources/Backend/RPC/FIRVerifyClientRequest.m -o /Users/hectorgarcia/Library/Developer/Xcode/DerivedData/Build/Intermediates.noindex/Firebase.build/Debug-iphonesimulator/FirebaseAuth.build/Objects-normal/x86_64/FIRVerifyClientRequest.o -index-unit-output-path /Firebase.build/Debug-iphonesimulator/FirebaseAuth.build/Objects-normal/x86_64/FIRVerifyClientRequest.o

ScanDependencies /Users/hectorgarcia/Library/Developer/Xcode/DerivedData/Build/Intermediates.noindex/Firebase.build/Debug-iphonesimulator/FirebaseAuth.build/Objects-normal/x86_64/FIRVerifyAssertionResponse.o /Users/hectorgarcia/Library/Developer/Xcode/DerivedData/Lyo-eagkiegzrakogpczynhkaholsscs/SourcePackages/checkouts/firebase-ios-sdk/FirebaseAuth/Sources/Backend/RPC/FIRVerifyAssertionResponse.m normal x86_64 objective-c com.apple.compilers.llvm.clang.1_0.compiler (in target 'FirebaseAuth' from project 'Firebase')
    cd /Users/hectorgarcia/LYO_Da_ONE/Lyo.xcodeproj
    
    Using response file: /Users/hectorgarcia/Library/Developer/Xcode/DerivedData/Build/Intermediates.noindex/Firebase.build/Debug-iphonesimulator/FirebaseAuth.build/Objects-normal/x86_64/e6072d4f65d7061329687fe24e3d63a7-common-args.resp
    
    builtin-ScanDependencies -o /Users/hectorgarcia/Library/Developer/Xcode/DerivedData/Build/Intermediates.noindex/Firebase.build/Debug-iphonesimulator/FirebaseAuth.build/Objects-normal/x86_64/FIRVerifyAssertionResponse.o.scan -- /Users/hectorgarcia/Downloads/Xcode.app/Contents/Developer/Toolchains/XcodeDefault.xctoolchain/usr/bin/clang -x objective-c -ivfsstatcache /Users/hectorgarcia/Library/Developer/Xcode/DerivedData/SDKStatCaches.noindex/iphonesimulator26.2-23C53-823d3e8b6e60bc2018c189d3ca05ba9b.sdkstatcache -fmessage-length\=0 -fdiagnostics-show-note-include-stack -fmacro-backtrace-limit\=0 -fno-color-diagnostics -fmodules-prune-interval\=86400 -fmodules-prune-after\=345600 -fbuild-session-file\=/Users/hectorgarcia/Library/Developer/Xcode/DerivedData/ModuleCache.noindex/Session.modulevalidation -fmodules-validate-once-per-build-session -Wnon-modular-include-in-framework-module -Werror\=non-modular-include-in-framework-module -Wno-trigraphs -Wno-missing-field-initializers -Wno-missing-prototypes -Wno-return-type -Wno-implicit-atomic-properties -Wno-objc-interface-ivars -Wno-arc-repeated-use-of-weak -Wno-missing-braces -Wparentheses -Wswitch -Wno-unused-function -Wno-unused-label -Wno-unused-parameter -Wno-unused-variable -Wunused-value -Wno-empty-body -Wno-uninitialized -Wno-unknown-pragmas -w -Wno-shadow -Wno-four-char-constants -Wno-conversion -Wno-constant-conversion -Wno-int-conversion -Wno-bool-conversion -Wno-enum-conversion -Wno-float-conversion -Wno-non-literal-null-conversion -Wno-objc-literal-conversion -Wshorten-64-to-32 -Wpointer-sign -Wno-newline-eof -Wno-selector -Wno-strict-selector-match -Wno-undeclared-selector -Wno-deprecated-implementations -Wno-implicit-fallthrough -fstrict-aliasing -Wprotocol -Wdeprecated-declarations -Wno-sign-conversion -Wno-infinite-recursion -Wno-comma -Wno-block-capture-autoreleasing -Wno-strict-prototypes -Wno-semicolon-before-method-body -index-store-path /Users/hectorgarcia/Library/Developer/Xcode/DerivedData/Lyo-eagkiegzrakogpczynhkaholsscs/Index.noindex/DataStore @/Users/hectorgarcia/Library/Developer/Xcode/DerivedData/Build/Intermediates.noindex/Firebase.build/Debug-iphonesimulator/FirebaseAuth.build/Objects-normal/x86_64/e6072d4f65d7061329687fe24e3d63a7-common-args.resp -include /Users/hectorgarcia/Library/Developer/Xcode/DerivedData/Build/Intermediates.noindex/Firebase.build/Debug-iphonesimulator/FirebaseAuth.build/DerivedSources/resource_bundle_accessor.h -MMD -MT dependencies -MF /Users/hectorgarcia/Library/Developer/Xcode/DerivedData/Build/Intermediates.noindex/Firebase.build/Debug-iphonesimulator/FirebaseAuth.build/Objects-normal/x86_64/FIRVerifyAssertionResponse.d --serialize-diagnostics /Users/hectorgarcia/Library/Developer/Xcode/DerivedData/Build/Intermediates.noindex/Firebase.build/Debug-iphonesimulator/FirebaseAuth.build/Objects-normal/x86_64/FIRVerifyAssertionResponse.dia -c /Users/hectorgarcia/Library/Developer/Xcode/DerivedData/Lyo-eagkiegzrakogpczynhkaholsscs/SourcePackages/checkouts/firebase-ios-sdk/FirebaseAuth/Sources/Backend/RPC/FIRVerifyAssertionResponse.m -o /Users/hectorgarcia/Library/Developer/Xcode/DerivedData/Build/Intermediates.noindex/Firebase.build/Debug-iphonesimulator/FirebaseAuth.build/Objects-normal/x86_64/FIRVerifyAssertionResponse.o -index-unit-output-path /Firebase.build/Debug-iphonesimulator/FirebaseAuth.build/Objects-normal/x86_64/FIRVerifyAssertionResponse.o

CompileC /Users/hectorgarcia/Library/Developer/Xcode/DerivedData/Build/Intermediates.noindex/Firebase.build/Debug-iphonesimulator/FirebaseAuth.build/Objects-normal/x86_64/FIRVerifyClientResponse.o /Users/hectorgarcia/Library/Developer/Xcode/DerivedData/Lyo-eagkiegzrakogpczynhkaholsscs/SourcePackages/checkouts/firebase-ios-sdk/FirebaseAuth/Sources/Backend/RPC/FIRVerifyClientResponse.m normal x86_64 objective-c com.apple.compilers.llvm.clang.1_0.compiler (in target 'FirebaseAuth' from project 'Firebase')
    cd /Users/hectorgarcia/LYO_Da_ONE/Lyo.xcodeproj
    
    Using response file: /Users/hectorgarcia/Library/Developer/Xcode/DerivedData/Build/Intermediates.noindex/Firebase.build/Debug-iphonesimulator/FirebaseAuth.build/Objects-normal/x86_64/e6072d4f65d7061329687fe24e3d63a7-common-args.resp
    
    /Users/hectorgarcia/Downloads/Xcode.app/Contents/Developer/Toolchains/XcodeDefault.xctoolchain/usr/bin/clang -x objective-c -ivfsstatcache /Users/hectorgarcia/Library/Developer/Xcode/DerivedData/SDKStatCaches.noindex/iphonesimulator26.2-23C53-823d3e8b6e60bc2018c189d3ca05ba9b.sdkstatcache -fmessage-length\=0 -fdiagnostics-show-note-include-stack -fmacro-backtrace-limit\=0 -fno-color-diagnostics -fmodules-prune-interval\=86400 -fmodules-prune-after\=345600 -fbuild-session-file\=/Users/hectorgarcia/Library/Developer/Xcode/DerivedData/ModuleCache.noindex/Session.modulevalidation -fmodules-validate-once-per-build-session -Wnon-modular-include-in-framework-module -Werror\=non-modular-include-in-framework-module -Wno-trigraphs -Wno-missing-field-initializers -Wno-missing-prototypes -Wno-return-type -Wno-implicit-atomic-properties -Wno-objc-interface-ivars -Wno-arc-repeated-use-of-weak -Wno-missing-braces -Wparentheses -Wswitch -Wno-unused-function -Wno-unused-label -Wno-unused-parameter -Wno-unused-variable -Wunused-value -Wno-empty-body -Wno-uninitialized -Wno-unknown-pragmas -w -Wno-shadow -Wno-four-char-constants -Wno-conversion -Wno-constant-conversion -Wno-int-conversion -Wno-bool-conversion -Wno-enum-conversion -Wno-float-conversion -Wno-non-literal-null-conversion -Wno-objc-literal-conversion -Wshorten-64-to-32 -Wpointer-sign -Wno-newline-eof -Wno-selector -Wno-strict-selector-match -Wno-undeclared-selector -Wno-deprecated-implementations -Wno-implicit-fallthrough -fstrict-aliasing -Wprotocol -Wdeprecated-declarations -Wno-sign-conversion -Wno-infinite-recursion -Wno-comma -Wno-block-capture-autoreleasing -Wno-strict-prototypes -Wno-semicolon-before-method-body -index-store-path /Users/hectorgarcia/Library/Developer/Xcode/DerivedData/Lyo-eagkiegzrakogpczynhkaholsscs/Index.noindex/DataStore @/Users/hectorgarcia/Library/Developer/Xcode/DerivedData/Build/Intermediates.noindex/Firebase.build/Debug-iphonesimulator/FirebaseAuth.build/Objects-normal/x86_64/e6072d4f65d7061329687fe24e3d63a7-common-args.resp -include /Users/hectorgarcia/Library/Developer/Xcode/DerivedData/Build/Intermediates.noindex/Firebase.build/Debug-iphonesimulator/FirebaseAuth.build/DerivedSources/resource_bundle_accessor.h -MMD -MT dependencies -MF /Users/hectorgarcia/Library/Developer/Xcode/DerivedData/Build/Intermediates.noindex/Firebase.build/Debug-iphonesimulator/FirebaseAuth.build/Objects-normal/x86_64/FIRVerifyClientResponse.d --serialize-diagnostics /Users/hectorgarcia/Library/Developer/Xcode/DerivedData/Build/Intermediates.noindex/Firebase.build/Debug-iphonesimulator/FirebaseAuth.build/Objects-normal/x86_64/FIRVerifyClientResponse.dia -c /Users/hectorgarcia/Library/Developer/Xcode/DerivedData/Lyo-eagkiegzrakogpczynhkaholsscs/SourcePackages/checkouts/firebase-ios-sdk/FirebaseAuth/Sources/Backend/RPC/FIRVerifyClientResponse.m -o /Users/hectorgarcia/Library/Developer/Xcode/DerivedData/Build/Intermediates.noindex/Firebase.build/Debug-iphonesimulator/FirebaseAuth.build/Objects-normal/x86_64/FIRVerifyClientResponse.o -index-unit-output-path /Firebase.build/Debug-iphonesimulator/FirebaseAuth.build/Objects-normal/x86_64/FIRVerifyClientResponse.o

CompileC /Users/hectorgarcia/Library/Developer/Xcode/DerivedData/Build/Intermediates.noindex/Firebase.build/Debug-iphonesimulator/FirebaseAuth.build/Objects-normal/x86_64/FIRVerifyClientRequest.o /Users/hectorgarcia/Library/Developer/Xcode/DerivedData/Lyo-eagkiegzrakogpczynhkaholsscs/SourcePackages/checkouts/firebase-ios-sdk/FirebaseAuth/Sources/Backend/RPC/FIRVerifyClientRequest.m normal x86_64 objective-c com.apple.compilers.llvm.clang.1_0.compiler (in target 'FirebaseAuth' from project 'Firebase')
    cd /Users/hectorgarcia/LYO_Da_ONE/Lyo.xcodeproj
    
    Using response file: /Users/hectorgarcia/Library/Developer/Xcode/DerivedData/Build/Intermediates.noindex/Firebase.build/Debug-iphonesimulator/FirebaseAuth.build/Objects-normal/x86_64/e6072d4f65d7061329687fe24e3d63a7-common-args.resp
    
    /Users/hectorgarcia/Downloads/Xcode.app/Contents/Developer/Toolchains/XcodeDefault.xctoolchain/usr/bin/clang -x objective-c -ivfsstatcache /Users/hectorgarcia/Library/Developer/Xcode/DerivedData/SDKStatCaches.noindex/iphonesimulator26.2-23C53-823d3e8b6e60bc2018c189d3ca05ba9b.sdkstatcache -fmessage-length\=0 -fdiagnostics-show-note-include-stack -fmacro-backtrace-limit\=0 -fno-color-diagnostics -fmodules-prune-interval\=86400 -fmodules-prune-after\=345600 -fbuild-session-file\=/Users/hectorgarcia/Library/Developer/Xcode/DerivedData/ModuleCache.noindex/Session.modulevalidation -fmodules-validate-once-per-build-session -Wnon-modular-include-in-framework-module -Werror\=non-modular-include-in-framework-module -Wno-trigraphs -Wno-missing-field-initializers -Wno-missing-prototypes -Wno-return-type -Wno-implicit-atomic-properties -Wno-objc-interface-ivars -Wno-arc-repeated-use-of-weak -Wno-missing-braces -Wparentheses -Wswitch -Wno-unused-function -Wno-unused-label -Wno-unused-parameter -Wno-unused-variable -Wunused-value -Wno-empty-body -Wno-uninitialized -Wno-unknown-pragmas -w -Wno-shadow -Wno-four-char-constants -Wno-conversion -Wno-constant-conversion -Wno-int-conversion -Wno-bool-conversion -Wno-enum-conversion -Wno-float-conversion -Wno-non-literal-null-conversion -Wno-objc-literal-conversion -Wshorten-64-to-32 -Wpointer-sign -Wno-newline-eof -Wno-selector -Wno-strict-selector-match -Wno-undeclared-selector -Wno-deprecated-implementations -Wno-implicit-fallthrough -fstrict-aliasing -Wprotocol -Wdeprecated-declarations -Wno-sign-conversion -Wno-infinite-recursion -Wno-comma -Wno-block-capture-autoreleasing -Wno-strict-prototypes -Wno-semicolon-before-method-body -index-store-path /Users/hectorgarcia/Library/Developer/Xcode/DerivedData/Lyo-eagkiegzrakogpczynhkaholsscs/Index.noindex/DataStore @/Users/hectorgarcia/Library/Developer/Xcode/DerivedData/Build/Intermediates.noindex/Firebase.build/Debug-iphonesimulator/FirebaseAuth.build/Objects-normal/x86_64/e6072d4f65d7061329687fe24e3d63a7-common-args.resp -include /Users/hectorgarcia/Library/Developer/Xcode/DerivedData/Build/Intermediates.noindex/Firebase.build/Debug-iphonesimulator/FirebaseAuth.build/DerivedSources/resource_bundle_accessor.h -MMD -MT dependencies -MF /Users/hectorgarcia/Library/Developer/Xcode/DerivedData/Build/Intermediates.noindex/Firebase.build/Debug-iphonesimulator/FirebaseAuth.build/Objects-normal/x86_64/FIRVerifyClientRequest.d --serialize-diagnostics /Users/hectorgarcia/Library/Developer/Xcode/DerivedData/Build/Intermediates.noindex/Firebase.build/Debug-iphonesimulator/FirebaseAuth.build/Objects-normal/x86_64/FIRVerifyClientRequest.dia -c /Users/hectorgarcia/Library/Developer/Xcode/DerivedData/Lyo-eagkiegzrakogpczynhkaholsscs/SourcePackages/checkouts/firebase-ios-sdk/FirebaseAuth/Sources/Backend/RPC/FIRVerifyClientRequest.m -o /Users/hectorgarcia/Library/Developer/Xcode/DerivedData/Build/Intermediates.noindex/Firebase.build/Debug-iphonesimulator/FirebaseAuth.build/Objects-normal/x86_64/FIRVerifyClientRequest.o -index-unit-output-path /Firebase.build/Debug-iphonesimulator/FirebaseAuth.build/Objects-normal/x86_64/FIRVerifyClientRequest.o

ScanDependencies /Users/hectorgarcia/Library/Developer/Xcode/DerivedData/Build/Intermediates.noindex/Firebase.build/Debug-iphonesimulator/FirebaseAuth.build/Objects-normal/x86_64/FIRVerifyAssertionRequest.o /Users/hectorgarcia/Library/Developer/Xcode/DerivedData/Lyo-eagkiegzrakogpczynhkaholsscs/SourcePackages/checkouts/firebase-ios-sdk/FirebaseAuth/Sources/Backend/RPC/FIRVerifyAssertionRequest.m normal x86_64 objective-c com.apple.compilers.llvm.clang.1_0.compiler (in target 'FirebaseAuth' from project 'Firebase')
    cd /Users/hectorgarcia/LYO_Da_ONE/Lyo.xcodeproj
    
    Using response file: /Users/hectorgarcia/Library/Developer/Xcode/DerivedData/Build/Intermediates.noindex/Firebase.build/Debug-iphonesimulator/FirebaseAuth.build/Objects-normal/x86_64/e6072d4f65d7061329687fe24e3d63a7-common-args.resp
    
    builtin-ScanDependencies -o /Users/hectorgarcia/Library/Developer/Xcode/DerivedData/Build/Intermediates.noindex/Firebase.build/Debug-iphonesimulator/FirebaseAuth.build/Objects-normal/x86_64/FIRVerifyAssertionRequest.o.scan -- /Users/hectorgarcia/Downloads/Xcode.app/Contents/Developer/Toolchains/XcodeDefault.xctoolchain/usr/bin/clang -x objective-c -ivfsstatcache /Users/hectorgarcia/Library/Developer/Xcode/DerivedData/SDKStatCaches.noindex/iphonesimulator26.2-23C53-823d3e8b6e60bc2018c189d3ca05ba9b.sdkstatcache -fmessage-length\=0 -fdiagnostics-show-note-include-stack -fmacro-backtrace-limit\=0 -fno-color-diagnostics -fmodules-prune-interval\=86400 -fmodules-prune-after\=345600 -fbuild-session-file\=/Users/hectorgarcia/Library/Developer/Xcode/DerivedData/ModuleCache.noindex/Session.modulevalidation -fmodules-validate-once-per-build-session -Wnon-modular-include-in-framework-module -Werror\=non-modular-include-in-framework-module -Wno-trigraphs -Wno-missing-field-initializers -Wno-missing-prototypes -Wno-return-type -Wno-implicit-atomic-properties -Wno-objc-interface-ivars -Wno-arc-repeated-use-of-weak -Wno-missing-braces -Wparentheses -Wswitch -Wno-unused-function -Wno-unused-label -Wno-unused-parameter -Wno-unused-variable -Wunused-value -Wno-empty-body -Wno-uninitialized -Wno-unknown-pragmas -w -Wno-shadow -Wno-four-char-constants -Wno-conversion -Wno-constant-conversion -Wno-int-conversion -Wno-bool-conversion -Wno-enum-conversion -Wno-float-conversion -Wno-non-literal-null-conversion -Wno-objc-literal-conversion -Wshorten-64-to-32 -Wpointer-sign -Wno-newline-eof -Wno-selector -Wno-strict-selector-match -Wno-undeclared-selector -Wno-deprecated-implementations -Wno-implicit-fallthrough -fstrict-aliasing -Wprotocol -Wdeprecated-declarations -Wno-sign-conversion -Wno-infinite-recursion -Wno-comma -Wno-block-capture-autoreleasing -Wno-strict-prototypes -Wno-semicolon-before-method-body -index-store-path /Users/hectorgarcia/Library/Developer/Xcode/DerivedData/Lyo-eagkiegzrakogpczynhkaholsscs/Index.noindex/DataStore @/Users/hectorgarcia/Library/Developer/Xcode/DerivedData/Build/Intermediates.noindex/Firebase.build/Debug-iphonesimulator/FirebaseAuth.build/Objects-normal/x86_64/e6072d4f65d7061329687fe24e3d63a7-common-args.resp -include /Users/hectorgarcia/Library/Developer/Xcode/DerivedData/Build/Intermediates.noindex/Firebase.build/Debug-iphonesimulator/FirebaseAuth.build/DerivedSources/resource_bundle_accessor.h -MMD -MT dependencies -MF /Users/hectorgarcia/Library/Developer/Xcode/DerivedData/Build/Intermediates.noindex/Firebase.build/Debug-iphonesimulator/FirebaseAuth.build/Objects-normal/x86_64/FIRVerifyAssertionRequest.d --serialize-diagnostics /Users/hectorgarcia/Library/Developer/Xcode/DerivedData/Build/Intermediates.noindex/Firebase.build/Debug-iphonesimulator/FirebaseAuth.build/Objects-normal/x86_64/FIRVerifyAssertionRequest.dia -c /Users/hectorgarcia/Library/Developer/Xcode/DerivedData/Lyo-eagkiegzrakogpczynhkaholsscs/SourcePackages/checkouts/firebase-ios-sdk/FirebaseAuth/Sources/Backend/RPC/FIRVerifyAssertionRequest.m -o /Users/hectorgarcia/Library/Developer/Xcode/DerivedData/Build/Intermediates.noindex/Firebase.build/Debug-iphonesimulator/FirebaseAuth.build/Objects-normal/x86_64/FIRVerifyAssertionRequest.o -index-unit-output-path /Firebase.build/Debug-iphonesimulator/FirebaseAuth.build/Objects-normal/x86_64/FIRVerifyAssertionRequest.o

ScanDependencies /Users/hectorgarcia/Library/Developer/Xcode/DerivedData/Build/Intermediates.noindex/Firebase.build/Debug-iphonesimulator/FirebaseAuth.build/Objects-normal/x86_64/FIRUserMetadata.o /Users/hectorgarcia/Library/Developer/Xcode/DerivedData/Lyo-eagkiegzrakogpczynhkaholsscs/SourcePackages/checkouts/firebase-ios-sdk/FirebaseAuth/Sources/User/FIRUserMetadata.m normal x86_64 objective-c com.apple.compilers.llvm.clang.1_0.compiler (in target 'FirebaseAuth' from project 'Firebase')
    cd /Users/hectorgarcia/LYO_Da_ONE/Lyo.xcodeproj
    
    Using response file: /Users/hectorgarcia/Library/Developer/Xcode/DerivedData/Build/Intermediates.noindex/Firebase.build/Debug-iphonesimulator/FirebaseAuth.build/Objects-normal/x86_64/e6072d4f65d7061329687fe24e3d63a7-common-args.resp
    
    builtin-ScanDependencies -o /Users/hectorgarcia/Library/Developer/Xcode/DerivedData/Build/Intermediates.noindex/Firebase.build/Debug-iphonesimulator/FirebaseAuth.build/Objects-normal/x86_64/FIRUserMetadata.o.scan -- /Users/hectorgarcia/Downloads/Xcode.app/Contents/Developer/Toolchains/XcodeDefault.xctoolchain/usr/bin/clang -x objective-c -ivfsstatcache /Users/hectorgarcia/Library/Developer/Xcode/DerivedData/SDKStatCaches.noindex/iphonesimulator26.2-23C53-823d3e8b6e60bc2018c189d3ca05ba9b.sdkstatcache -fmessage-length\=0 -fdiagnostics-show-note-include-stack -fmacro-backtrace-limit\=0 -fno-color-diagnostics -fmodules-prune-interval\=86400 -fmodules-prune-after\=345600 -fbuild-session-file\=/Users/hectorgarcia/Library/Developer/Xcode/DerivedData/ModuleCache.noindex/Session.modulevalidation -fmodules-validate-once-per-build-session -Wnon-modular-include-in-framework-module -Werror\=non-modular-include-in-framework-module -Wno-trigraphs -Wno-missing-field-initializers -Wno-missing-prototypes -Wno-return-type -Wno-implicit-atomic-properties -Wno-objc-interface-ivars -Wno-arc-repeated-use-of-weak -Wno-missing-braces -Wparentheses -Wswitch -Wno-unused-function -Wno-unused-label -Wno-unused-parameter -Wno-unused-variable -Wunused-value -Wno-empty-body -Wno-uninitialized -Wno-unknown-pragmas -w -Wno-shadow -Wno-four-char-constants -Wno-conversion -Wno-constant-conversion -Wno-int-conversion -Wno-bool-conversion -Wno-enum-conversion -Wno-float-conversion -Wno-non-literal-null-conversion -Wno-objc-literal-conversion -Wshorten-64-to-32 -Wpointer-sign -Wno-newline-eof -Wno-selector -Wno-strict-selector-match -Wno-undeclared-selector -Wno-deprecated-implementations -Wno-implicit-fallthrough -fstrict-aliasing -Wprotocol -Wdeprecated-declarations -Wno-sign-conversion -Wno-infinite-recursion -Wno-comma -Wno-block-capture-autoreleasing -Wno-strict-prototypes -Wno-semicolon-before-method-body -index-store-path /Users/hectorgarcia/Library/Developer/Xcode/DerivedData/Lyo-eagkiegzrakogpczynhkaholsscs/Index.noindex/DataStore @/Users/hectorgarcia/Library/Developer/Xcode/DerivedData/Build/Intermediates.noindex/Firebase.build/Debug-iphonesimulator/FirebaseAuth.build/Objects-normal/x86_64/e6072d4f65d7061329687fe24e3d63a7-common-args.resp -include /Users/hectorgarcia/Library/Developer/Xcode/DerivedData/Build/Intermediates.noindex/Firebase.build/Debug-iphonesimulator/FirebaseAuth.build/DerivedSources/resource_bundle_accessor.h -MMD -MT dependencies -MF /Users/hectorgarcia/Library/Developer/Xcode/DerivedData/Build/Intermediates.noindex/Firebase.build/Debug-iphonesimulator/FirebaseAuth.build/Objects-normal/x86_64/FIRUserMetadata.d --serialize-diagnostics /Users/hectorgarcia/Library/Developer/Xcode/DerivedData/Build/Intermediates.noindex/Firebase.build/Debug-iphonesimulator/FirebaseAuth.build/Objects-normal/x86_64/FIRUserMetadata.dia -c /Users/hectorgarcia/Library/Developer/Xcode/DerivedData/Lyo-eagkiegzrakogpczynhkaholsscs/SourcePackages/checkouts/firebase-ios-sdk/FirebaseAuth/Sources/User/FIRUserMetadata.m -o /Users/hectorgarcia/Library/Developer/Xcode/DerivedData/Build/Intermediates.noindex/Firebase.build/Debug-iphonesimulator/FirebaseAuth.build/Objects-normal/x86_64/FIRUserMetadata.o -index-unit-output-path /Firebase.build/Debug-iphonesimulator/FirebaseAuth.build/Objects-normal/x86_64/FIRUserMetadata.o

ScanDependencies /Users/hectorgarcia/Library/Developer/Xcode/DerivedData/Build/Intermediates.noindex/Firebase.build/Debug-iphonesimulator/FirebaseAuth.build/Objects-normal/x86_64/FIRUserInfoImpl.o /Users/hectorgarcia/Library/Developer/Xcode/DerivedData/Lyo-eagkiegzrakogpczynhkaholsscs/SourcePackages/checkouts/firebase-ios-sdk/FirebaseAuth/Sources/User/FIRUserInfoImpl.m normal x86_64 objective-c com.apple.compilers.llvm.clang.1_0.compiler (in target 'FirebaseAuth' from project 'Firebase')
    cd /Users/hectorgarcia/LYO_Da_ONE/Lyo.xcodeproj
    
    Using response file: /Users/hectorgarcia/Library/Developer/Xcode/DerivedData/Build/Intermediates.noindex/Firebase.build/Debug-iphonesimulator/FirebaseAuth.build/Objects-normal/x86_64/e6072d4f65d7061329687fe24e3d63a7-common-args.resp
    
    builtin-ScanDependencies -o /Users/hectorgarcia/Library/Developer/Xcode/DerivedData/Build/Intermediates.noindex/Firebase.build/Debug-iphonesimulator/FirebaseAuth.build/Objects-normal/x86_64/FIRUserInfoImpl.o.scan -- /Users/hectorgarcia/Downloads/Xcode.app/Contents/Developer/Toolchains/XcodeDefault.xctoolchain/usr/bin/clang -x objective-c -ivfsstatcache /Users/hectorgarcia/Library/Developer/Xcode/DerivedData/SDKStatCaches.noindex/iphonesimulator26.2-23C53-823d3e8b6e60bc2018c189d3ca05ba9b.sdkstatcache -fmessage-length\=0 -fdiagnostics-show-note-include-stack -fmacro-backtrace-limit\=0 -fno-color-diagnostics -fmodules-prune-interval\=86400 -fmodules-prune-after\=345600 -fbuild-session-file\=/Users/hectorgarcia/Library/Developer/Xcode/DerivedData/ModuleCache.noindex/Session.modulevalidation -fmodules-validate-once-per-build-session -Wnon-modular-include-in-framework-module -Werror\=non-modular-include-in-framework-module -Wno-trigraphs -Wno-missing-field-initializers -Wno-missing-prototypes -Wno-return-type -Wno-implicit-atomic-properties -Wno-objc-interface-ivars -Wno-arc-repeated-use-of-weak -Wno-missing-braces -Wparentheses -Wswitch -Wno-unused-function -Wno-unused-label -Wno-unused-parameter -Wno-unused-variable -Wunused-value -Wno-empty-body -Wno-uninitialized -Wno-unknown-pragmas -w -Wno-shadow -Wno-four-char-constants -Wno-conversion -Wno-constant-conversion -Wno-int-conversion -Wno-bool-conversion -Wno-enum-conversion -Wno-float-conversion -Wno-non-literal-null-conversion -Wno-objc-literal-conversion -Wshorten-64-to-32 -Wpointer-sign -Wno-newline-eof -Wno-selector -Wno-strict-selector-match -Wno-undeclared-selector -Wno-deprecated-implementations -Wno-implicit-fallthrough -fstrict-aliasing -Wprotocol -Wdeprecated-declarations -Wno-sign-conversion -Wno-infinite-recursion -Wno-comma -Wno-block-capture-autoreleasing -Wno-strict-prototypes -Wno-semicolon-before-method-body -index-store-path /Users/hectorgarcia/Library/Developer/Xcode/DerivedData/Lyo-eagkiegzrakogpczynhkaholsscs/Index.noindex/DataStore @/Users/hectorgarcia/Library/Developer/Xcode/DerivedData/Build/Intermediates.noindex/Firebase.build/Debug-iphonesimulator/FirebaseAuth.build/Objects-normal/x86_64/e6072d4f65d7061329687fe24e3d63a7-common-args.resp -include /Users/hectorgarcia/Library/Developer/Xcode/DerivedData/Build/Intermediates.noindex/Firebase.build/Debug-iphonesimulator/FirebaseAuth.build/DerivedSources/resource_bundle_accessor.h -MMD -MT dependencies -MF /Users/hectorgarcia/Library/Developer/Xcode/DerivedData/Build/Intermediates.noindex/Firebase.build/Debug-iphonesimulator/FirebaseAuth.build/Objects-normal/x86_64/FIRUserInfoImpl.d --serialize-diagnostics /Users/hectorgarcia/Library/Developer/Xcode/DerivedData/Build/Intermediates.noindex/Firebase.build/Debug-iphonesimulator/FirebaseAuth.build/Objects-normal/x86_64/FIRUserInfoImpl.dia -c /Users/hectorgarcia/Library/Developer/Xcode/DerivedData/Lyo-eagkiegzrakogpczynhkaholsscs/SourcePackages/checkouts/firebase-ios-sdk/FirebaseAuth/Sources/User/FIRUserInfoImpl.m -o /Users/hectorgarcia/Library/Developer/Xcode/DerivedData/Build/Intermediates.noindex/Firebase.build/Debug-iphonesimulator/FirebaseAuth.build/Objects-normal/x86_64/FIRUserInfoImpl.o -index-unit-output-path /Firebase.build/Debug-iphonesimulator/FirebaseAuth.build/Objects-normal/x86_64/FIRUserInfoImpl.o

CompileC /Users/hectorgarcia/Library/Developer/Xcode/DerivedData/Build/Intermediates.noindex/Firebase.build/Debug-iphonesimulator/FirebaseAuth.build/Objects-normal/x86_64/FIRVerifyAssertionRequest.o /Users/hectorgarcia/Library/Developer/Xcode/DerivedData/Lyo-eagkiegzrakogpczynhkaholsscs/SourcePackages/checkouts/firebase-ios-sdk/FirebaseAuth/Sources/Backend/RPC/FIRVerifyAssertionRequest.m normal x86_64 objective-c com.apple.compilers.llvm.clang.1_0.compiler (in target 'FirebaseAuth' from project 'Firebase')
    cd /Users/hectorgarcia/LYO_Da_ONE/Lyo.xcodeproj
    
    Using response file: /Users/hectorgarcia/Library/Developer/Xcode/DerivedData/Build/Intermediates.noindex/Firebase.build/Debug-iphonesimulator/FirebaseAuth.build/Objects-normal/x86_64/e6072d4f65d7061329687fe24e3d63a7-common-args.resp
    
    /Users/hectorgarcia/Downloads/Xcode.app/Contents/Developer/Toolchains/XcodeDefault.xctoolchain/usr/bin/clang -x objective-c -ivfsstatcache /Users/hectorgarcia/Library/Developer/Xcode/DerivedData/SDKStatCaches.noindex/iphonesimulator26.2-23C53-823d3e8b6e60bc2018c189d3ca05ba9b.sdkstatcache -fmessage-length\=0 -fdiagnostics-show-note-include-stack -fmacro-backtrace-limit\=0 -fno-color-diagnostics -fmodules-prune-interval\=86400 -fmodules-prune-after\=345600 -fbuild-session-file\=/Users/hectorgarcia/Library/Developer/Xcode/DerivedData/ModuleCache.noindex/Session.modulevalidation -fmodules-validate-once-per-build-session -Wnon-modular-include-in-framework-module -Werror\=non-modular-include-in-framework-module -Wno-trigraphs -Wno-missing-field-initializers -Wno-missing-prototypes -Wno-return-type -Wno-implicit-atomic-properties -Wno-objc-interface-ivars -Wno-arc-repeated-use-of-weak -Wno-missing-braces -Wparentheses -Wswitch -Wno-unused-function -Wno-unused-label -Wno-unused-parameter -Wno-unused-variable -Wunused-value -Wno-empty-body -Wno-uninitialized -Wno-unknown-pragmas -w -Wno-shadow -Wno-four-char-constants -Wno-conversion -Wno-constant-conversion -Wno-int-conversion -Wno-bool-conversion -Wno-enum-conversion -Wno-float-conversion -Wno-non-literal-null-conversion -Wno-objc-literal-conversion -Wshorten-64-to-32 -Wpointer-sign -Wno-newline-eof -Wno-selector -Wno-strict-selector-match -Wno-undeclared-selector -Wno-deprecated-implementations -Wno-implicit-fallthrough -fstrict-aliasing -Wprotocol -Wdeprecated-declarations -Wno-sign-conversion -Wno-infinite-recursion -Wno-comma -Wno-block-capture-autoreleasing -Wno-strict-prototypes -Wno-semicolon-before-method-body -index-store-path /Users/hectorgarcia/Library/Developer/Xcode/DerivedData/Lyo-eagkiegzrakogpczynhkaholsscs/Index.noindex/DataStore @/Users/hectorgarcia/Library/Developer/Xcode/DerivedData/Build/Intermediates.noindex/Firebase.build/Debug-iphonesimulator/FirebaseAuth.build/Objects-normal/x86_64/e6072d4f65d7061329687fe24e3d63a7-common-args.resp -include /Users/hectorgarcia/Library/Developer/Xcode/DerivedData/Build/Intermediates.noindex/Firebase.build/Debug-iphonesimulator/FirebaseAuth.build/DerivedSources/resource_bundle_accessor.h -MMD -MT dependencies -MF /Users/hectorgarcia/Library/Developer/Xcode/DerivedData/Build/Intermediates.noindex/Firebase.build/Debug-iphonesimulator/FirebaseAuth.build/Objects-normal/x86_64/FIRVerifyAssertionRequest.d --serialize-diagnostics /Users/hectorgarcia/Library/Developer/Xcode/DerivedData/Build/Intermediates.noindex/Firebase.build/Debug-iphonesimulator/FirebaseAuth.build/Objects-normal/x86_64/FIRVerifyAssertionRequest.dia -c /Users/hectorgarcia/Library/Developer/Xcode/DerivedData/Lyo-eagkiegzrakogpczynhkaholsscs/SourcePackages/checkouts/firebase-ios-sdk/FirebaseAuth/Sources/Backend/RPC/FIRVerifyAssertionRequest.m -o /Users/hectorgarcia/Library/Developer/Xcode/DerivedData/Build/Intermediates.noindex/Firebase.build/Debug-iphonesimulator/FirebaseAuth.build/Objects-normal/x86_64/FIRVerifyAssertionRequest.o -index-unit-output-path /Firebase.build/Debug-iphonesimulator/FirebaseAuth.build/Objects-normal/x86_64/FIRVerifyAssertionRequest.o

CompileC /Users/hectorgarcia/Library/Developer/Xcode/DerivedData/Build/Intermediates.noindex/Firebase.build/Debug-iphonesimulator/FirebaseAuth.build/Objects-normal/x86_64/FIRUserMetadata.o /Users/hectorgarcia/Library/Developer/Xcode/DerivedData/Lyo-eagkiegzrakogpczynhkaholsscs/SourcePackages/checkouts/firebase-ios-sdk/FirebaseAuth/Sources/User/FIRUserMetadata.m normal x86_64 objective-c com.apple.compilers.llvm.clang.1_0.compiler (in target 'FirebaseAuth' from project 'Firebase')
    cd /Users/hectorgarcia/LYO_Da_ONE/Lyo.xcodeproj
    
    Using response file: /Users/hectorgarcia/Library/Developer/Xcode/DerivedData/Build/Intermediates.noindex/Firebase.build/Debug-iphonesimulator/FirebaseAuth.build/Objects-normal/x86_64/e6072d4f65d7061329687fe24e3d63a7-common-args.resp
    
    /Users/hectorgarcia/Downloads/Xcode.app/Contents/Developer/Toolchains/XcodeDefault.xctoolchain/usr/bin/clang -x objective-c -ivfsstatcache /Users/hectorgarcia/Library/Developer/Xcode/DerivedData/SDKStatCaches.noindex/iphonesimulator26.2-23C53-823d3e8b6e60bc2018c189d3ca05ba9b.sdkstatcache -fmessage-length\=0 -fdiagnostics-show-note-include-stack -fmacro-backtrace-limit\=0 -fno-color-diagnostics -fmodules-prune-interval\=86400 -fmodules-prune-after\=345600 -fbuild-session-file\=/Users/hectorgarcia/Library/Developer/Xcode/DerivedData/ModuleCache.noindex/Session.modulevalidation -fmodules-validate-once-per-build-session -Wnon-modular-include-in-framework-module -Werror\=non-modular-include-in-framework-module -Wno-trigraphs -Wno-missing-field-initializers -Wno-missing-prototypes -Wno-return-type -Wno-implicit-atomic-properties -Wno-objc-interface-ivars -Wno-arc-repeated-use-of-weak -Wno-missing-braces -Wparentheses -Wswitch -Wno-unused-function -Wno-unused-label -Wno-unused-parameter -Wno-unused-variable -Wunused-value -Wno-empty-body -Wno-uninitialized -Wno-unknown-pragmas -w -Wno-shadow -Wno-four-char-constants -Wno-conversion -Wno-constant-conversion -Wno-int-conversion -Wno-bool-conversion -Wno-enum-conversion -Wno-float-conversion -Wno-non-literal-null-conversion -Wno-objc-literal-conversion -Wshorten-64-to-32 -Wpointer-sign -Wno-newline-eof -Wno-selector -Wno-strict-selector-match -Wno-undeclared-selector -Wno-deprecated-implementations -Wno-implicit-fallthrough -fstrict-aliasing -Wprotocol -Wdeprecated-declarations -Wno-sign-conversion -Wno-infinite-recursion -Wno-comma -Wno-block-capture-autoreleasing -Wno-strict-prototypes -Wno-semicolon-before-method-body -index-store-path /Users/hectorgarcia/Library/Developer/Xcode/DerivedData/Lyo-eagkiegzrakogpczynhkaholsscs/Index.noindex/DataStore @/Users/hectorgarcia/Library/Developer/Xcode/DerivedData/Build/Intermediates.noindex/Firebase.build/Debug-iphonesimulator/FirebaseAuth.build/Objects-normal/x86_64/e6072d4f65d7061329687fe24e3d63a7-common-args.resp -include /Users/hectorgarcia/Library/Developer/Xcode/DerivedData/Build/Intermediates.noindex/Firebase.build/Debug-iphonesimulator/FirebaseAuth.build/DerivedSources/resource_bundle_accessor.h -MMD -MT dependencies -MF /Users/hectorgarcia/Library/Developer/Xcode/DerivedData/Build/Intermediates.noindex/Firebase.build/Debug-iphonesimulator/FirebaseAuth.build/Objects-normal/x86_64/FIRUserMetadata.d --serialize-diagnostics /Users/hectorgarcia/Library/Developer/Xcode/DerivedData/Build/Intermediates.noindex/Firebase.build/Debug-iphonesimulator/FirebaseAuth.build/Objects-normal/x86_64/FIRUserMetadata.dia -c /Users/hectorgarcia/Library/Developer/Xcode/DerivedData/Lyo-eagkiegzrakogpczynhkaholsscs/SourcePackages/checkouts/firebase-ios-sdk/FirebaseAuth/Sources/User/FIRUserMetadata.m -o /Users/hectorgarcia/Library/Developer/Xcode/DerivedData/Build/Intermediates.noindex/Firebase.build/Debug-iphonesimulator/FirebaseAuth.build/Objects-normal/x86_64/FIRUserMetadata.o -index-unit-output-path /Firebase.build/Debug-iphonesimulator/FirebaseAuth.build/Objects-normal/x86_64/FIRUserMetadata.o

CompileC /Users/hectorgarcia/Library/Developer/Xcode/DerivedData/Build/Intermediates.noindex/Firebase.build/Debug-iphonesimulator/FirebaseAuth.build/Objects-normal/x86_64/FIRVerifyAssertionResponse.o /Users/hectorgarcia/Library/Developer/Xcode/DerivedData/Lyo-eagkiegzrakogpczynhkaholsscs/SourcePackages/checkouts/firebase-ios-sdk/FirebaseAuth/Sources/Backend/RPC/FIRVerifyAssertionResponse.m normal x86_64 objective-c com.apple.compilers.llvm.clang.1_0.compiler (in target 'FirebaseAuth' from project 'Firebase')
    cd /Users/hectorgarcia/LYO_Da_ONE/Lyo.xcodeproj
    
    Using response file: /Users/hectorgarcia/Library/Developer/Xcode/DerivedData/Build/Intermediates.noindex/Firebase.build/Debug-iphonesimulator/FirebaseAuth.build/Objects-normal/x86_64/e6072d4f65d7061329687fe24e3d63a7-common-args.resp
    
    /Users/hectorgarcia/Downloads/Xcode.app/Contents/Developer/Toolchains/XcodeDefault.xctoolchain/usr/bin/clang -x objective-c -ivfsstatcache /Users/hectorgarcia/Library/Developer/Xcode/DerivedData/SDKStatCaches.noindex/iphonesimulator26.2-23C53-823d3e8b6e60bc2018c189d3ca05ba9b.sdkstatcache -fmessage-length\=0 -fdiagnostics-show-note-include-stack -fmacro-backtrace-limit\=0 -fno-color-diagnostics -fmodules-prune-interval\=86400 -fmodules-prune-after\=345600 -fbuild-session-file\=/Users/hectorgarcia/Library/Developer/Xcode/DerivedData/ModuleCache.noindex/Session.modulevalidation -fmodules-validate-once-per-build-session -Wnon-modular-include-in-framework-module -Werror\=non-modular-include-in-framework-module -Wno-trigraphs -Wno-missing-field-initializers -Wno-missing-prototypes -Wno-return-type -Wno-implicit-atomic-properties -Wno-objc-interface-ivars -Wno-arc-repeated-use-of-weak -Wno-missing-braces -Wparentheses -Wswitch -Wno-unused-function -Wno-unused-label -Wno-unused-parameter -Wno-unused-variable -Wunused-value -Wno-empty-body -Wno-uninitialized -Wno-unknown-pragmas -w -Wno-shadow -Wno-four-char-constants -Wno-conversion -Wno-constant-conversion -Wno-int-conversion -Wno-bool-conversion -Wno-enum-conversion -Wno-float-conversion -Wno-non-literal-null-conversion -Wno-objc-literal-conversion -Wshorten-64-to-32 -Wpointer-sign -Wno-newline-eof -Wno-selector -Wno-strict-selector-match -Wno-undeclared-selector -Wno-deprecated-implementations -Wno-implicit-fallthrough -fstrict-aliasing -Wprotocol -Wdeprecated-declarations -Wno-sign-conversion -Wno-infinite-recursion -Wno-comma -Wno-block-capture-autoreleasing -Wno-strict-prototypes -Wno-semicolon-before-method-body -index-store-path /Users/hectorgarcia/Library/Developer/Xcode/DerivedData/Lyo-eagkiegzrakogpczynhkaholsscs/Index.noindex/DataStore @/Users/hectorgarcia/Library/Developer/Xcode/DerivedData/Build/Intermediates.noindex/Firebase.build/Debug-iphonesimulator/FirebaseAuth.build/Objects-normal/x86_64/e6072d4f65d7061329687fe24e3d63a7-common-args.resp -include /Users/hectorgarcia/Library/Developer/Xcode/DerivedData/Build/Intermediates.noindex/Firebase.build/Debug-iphonesimulator/FirebaseAuth.build/DerivedSources/resource_bundle_accessor.h -MMD -MT dependencies -MF /Users/hectorgarcia/Library/Developer/Xcode/DerivedData/Build/Intermediates.noindex/Firebase.build/Debug-iphonesimulator/FirebaseAuth.build/Objects-normal/x86_64/FIRVerifyAssertionResponse.d --serialize-diagnostics /Users/hectorgarcia/Library/Developer/Xcode/DerivedData/Build/Intermediates.noindex/Firebase.build/Debug-iphonesimulator/FirebaseAuth.build/Objects-normal/x86_64/FIRVerifyAssertionResponse.dia -c /Users/hectorgarcia/Library/Developer/Xcode/DerivedData/Lyo-eagkiegzrakogpczynhkaholsscs/SourcePackages/checkouts/firebase-ios-sdk/FirebaseAuth/Sources/Backend/RPC/FIRVerifyAssertionResponse.m -o /Users/hectorgarcia/Library/Developer/Xcode/DerivedData/Build/Intermediates.noindex/Firebase.build/Debug-iphonesimulator/FirebaseAuth.build/Objects-normal/x86_64/FIRVerifyAssertionResponse.o -index-unit-output-path /Firebase.build/Debug-iphonesimulator/FirebaseAuth.build/Objects-normal/x86_64/FIRVerifyAssertionResponse.o

ScanDependencies /Users/hectorgarcia/Library/Developer/Xcode/DerivedData/Build/Intermediates.noindex/Firebase.build/Debug-iphonesimulator/FirebaseAuth.build/Objects-normal/x86_64/FIRUser.o /Users/hectorgarcia/Library/Developer/Xcode/DerivedData/Lyo-eagkiegzrakogpczynhkaholsscs/SourcePackages/checkouts/firebase-ios-sdk/FirebaseAuth/Sources/User/FIRUser.m normal x86_64 objective-c com.apple.compilers.llvm.clang.1_0.compiler (in target 'FirebaseAuth' from project 'Firebase')
    cd /Users/hectorgarcia/LYO_Da_ONE/Lyo.xcodeproj
    
    Using response file: /Users/hectorgarcia/Library/Developer/Xcode/DerivedData/Build/Intermediates.noindex/Firebase.build/Debug-iphonesimulator/FirebaseAuth.build/Objects-normal/x86_64/e6072d4f65d7061329687fe24e3d63a7-common-args.resp
    
    builtin-ScanDependencies -o /Users/hectorgarcia/Library/Developer/Xcode/DerivedData/Build/Intermediates.noindex/Firebase.build/Debug-iphonesimulator/FirebaseAuth.build/Objects-normal/x86_64/FIRUser.o.scan -- /Users/hectorgarcia/Downloads/Xcode.app/Contents/Developer/Toolchains/XcodeDefault.xctoolchain/usr/bin/clang -x objective-c -ivfsstatcache /Users/hectorgarcia/Library/Developer/Xcode/DerivedData/SDKStatCaches.noindex/iphonesimulator26.2-23C53-823d3e8b6e60bc2018c189d3ca05ba9b.sdkstatcache -fmessage-length\=0 -fdiagnostics-show-note-include-stack -fmacro-backtrace-limit\=0 -fno-color-diagnostics -fmodules-prune-interval\=86400 -fmodules-prune-after\=345600 -fbuild-session-file\=/Users/hectorgarcia/Library/Developer/Xcode/DerivedData/ModuleCache.noindex/Session.modulevalidation -fmodules-validate-once-per-build-session -Wnon-modular-include-in-framework-module -Werror\=non-modular-include-in-framework-module -Wno-trigraphs -Wno-missing-field-initializers -Wno-missing-prototypes -Wno-return-type -Wno-implicit-atomic-properties -Wno-objc-interface-ivars -Wno-arc-repeated-use-of-weak -Wno-missing-braces -Wparentheses -Wswitch -Wno-unused-function -Wno-unused-label -Wno-unused-parameter -Wno-unused-variable -Wunused-value -Wno-empty-body -Wno-uninitialized -Wno-unknown-pragmas -w -Wno-shadow -Wno-four-char-constants -Wno-conversion -Wno-constant-conversion -Wno-int-conversion -Wno-bool-conversion -Wno-enum-conversion -Wno-float-conversion -Wno-non-literal-null-conversion -Wno-objc-literal-conversion -Wshorten-64-to-32 -Wpointer-sign -Wno-newline-eof -Wno-selector -Wno-strict-selector-match -Wno-undeclared-selector -Wno-deprecated-implementations -Wno-implicit-fallthrough -fstrict-aliasing -Wprotocol -Wdeprecated-declarations -Wno-sign-conversion -Wno-infinite-recursion -Wno-comma -Wno-block-capture-autoreleasing -Wno-strict-prototypes -Wno-semicolon-before-method-body -index-store-path /Users/hectorgarcia/Library/Developer/Xcode/DerivedData/Lyo-eagkiegzrakogpczynhkaholsscs/Index.noindex/DataStore @/Users/hectorgarcia/Library/Developer/Xcode/DerivedData/Build/Intermediates.noindex/Firebase.build/Debug-iphonesimulator/FirebaseAuth.build/Objects-normal/x86_64/e6072d4f65d7061329687fe24e3d63a7-common-args.resp -include /Users/hectorgarcia/Library/Developer/Xcode/DerivedData/Build/Intermediates.noindex/Firebase.build/Debug-iphonesimulator/FirebaseAuth.build/DerivedSources/resource_bundle_accessor.h -MMD -MT dependencies -MF /Users/hectorgarcia/Library/Developer/Xcode/DerivedData/Build/Intermediates.noindex/Firebase.build/Debug-iphonesimulator/FirebaseAuth.build/Objects-normal/x86_64/FIRUser.d --serialize-diagnostics /Users/hectorgarcia/Library/Developer/Xcode/DerivedData/Build/Intermediates.noindex/Firebase.build/Debug-iphonesimulator/FirebaseAuth.build/Objects-normal/x86_64/FIRUser.dia -c /Users/hectorgarcia/Library/Developer/Xcode/DerivedData/Lyo-eagkiegzrakogpczynhkaholsscs/SourcePackages/checkouts/firebase-ios-sdk/FirebaseAuth/Sources/User/FIRUser.m -o /Users/hectorgarcia/Library/Developer/Xcode/DerivedData/Build/Intermediates.noindex/Firebase.build/Debug-iphonesimulator/FirebaseAuth.build/Objects-normal/x86_64/FIRUser.o -index-unit-output-path /Firebase.build/Debug-iphonesimulator/FirebaseAuth.build/Objects-normal/x86_64/FIRUser.o

CompileC /Users/hectorgarcia/Library/Developer/Xcode/DerivedData/Build/Intermediates.noindex/GoogleSignIn.build/Debug-iphonesimulator/GoogleSignIn.build/Objects-normal/x86_64/NSBundle+GID3PAdditions.o /Users/hectorgarcia/Library/Developer/Xcode/DerivedData/Lyo-eagkiegzrakogpczynhkaholsscs/SourcePackages/checkouts/GoogleSignIn-iOS/GoogleSignIn/Sources/NSBundle+GID3PAdditions.m normal x86_64 objective-c com.apple.compilers.llvm.clang.1_0.compiler (in target 'GoogleSignIn' from project 'GoogleSignIn')
    cd /Users/hectorgarcia/LYO_Da_ONE/Lyo.xcodeproj
    
    Using response file: /Users/hectorgarcia/Library/Developer/Xcode/DerivedData/Build/Intermediates.noindex/GoogleSignIn.build/Debug-iphonesimulator/GoogleSignIn.build/Objects-normal/x86_64/e6072d4f65d7061329687fe24e3d63a7-common-args.resp
    
    /Users/hectorgarcia/Downloads/Xcode.app/Contents/Developer/Toolchains/XcodeDefault.xctoolchain/usr/bin/clang -x objective-c -ivfsstatcache /Users/hectorgarcia/Library/Developer/Xcode/DerivedData/SDKStatCaches.noindex/iphonesimulator26.2-23C53-823d3e8b6e60bc2018c189d3ca05ba9b.sdkstatcache -fmessage-length\=0 -fdiagnostics-show-note-include-stack -fmacro-backtrace-limit\=0 -fno-color-diagnostics -fmodules-prune-interval\=86400 -fmodules-prune-after\=345600 -fbuild-session-file\=/Users/hectorgarcia/Library/Developer/Xcode/DerivedData/ModuleCache.noindex/Session.modulevalidation -fmodules-validate-once-per-build-session -Wnon-modular-include-in-framework-module -Werror\=non-modular-include-in-framework-module -Wno-trigraphs -Wno-missing-field-initializers -Wno-missing-prototypes -Wno-return-type -Wno-implicit-atomic-properties -Wno-objc-interface-ivars -Wno-arc-repeated-use-of-weak -Wno-missing-braces -Wparentheses -Wswitch -Wno-unused-function -Wno-unused-label -Wno-unused-parameter -Wno-unused-variable -Wunused-value -Wno-empty-body -Wno-uninitialized -Wno-unknown-pragmas -w -Wno-shadow -Wno-four-char-constants -Wno-conversion -Wno-constant-conversion -Wno-int-conversion -Wno-bool-conversion -Wno-enum-conversion -Wno-float-conversion -Wno-non-literal-null-conversion -Wno-objc-literal-conversion -Wshorten-64-to-32 -Wpointer-sign -Wno-newline-eof -Wno-selector -Wno-strict-selector-match -Wno-undeclared-selector -Wno-deprecated-implementations -Wno-implicit-fallthrough -fstrict-aliasing -Wprotocol -Wdeprecated-declarations -Wno-sign-conversion -Wno-infinite-recursion -Wno-comma -Wno-block-capture-autoreleasing -Wno-strict-prototypes -Wno-semicolon-before-method-body -index-store-path /Users/hectorgarcia/Library/Developer/Xcode/DerivedData/Lyo-eagkiegzrakogpczynhkaholsscs/Index.noindex/DataStore @/Users/hectorgarcia/Library/Developer/Xcode/DerivedData/Build/Intermediates.noindex/GoogleSignIn.build/Debug-iphonesimulator/GoogleSignIn.build/Objects-normal/x86_64/e6072d4f65d7061329687fe24e3d63a7-common-args.resp -include /Users/hectorgarcia/Library/Developer/Xcode/DerivedData/Build/Intermediates.noindex/GoogleSignIn.build/Debug-iphonesimulator/GoogleSignIn.build/DerivedSources/resource_bundle_accessor.h -MMD -MT dependencies -MF /Users/hectorgarcia/Library/Developer/Xcode/DerivedData/Build/Intermediates.noindex/GoogleSignIn.build/Debug-iphonesimulator/GoogleSignIn.build/Objects-normal/x86_64/NSBundle+GID3PAdditions.d --serialize-diagnostics /Users/hectorgarcia/Library/Developer/Xcode/DerivedData/Build/Intermediates.noindex/GoogleSignIn.build/Debug-iphonesimulator/GoogleSignIn.build/Objects-normal/x86_64/NSBundle+GID3PAdditions.dia -c /Users/hectorgarcia/Library/Developer/Xcode/DerivedData/Lyo-eagkiegzrakogpczynhkaholsscs/SourcePackages/checkouts/GoogleSignIn-iOS/GoogleSignIn/Sources/NSBundle+GID3PAdditions.m -o /Users/hectorgarcia/Library/Developer/Xcode/DerivedData/Build/Intermediates.noindex/GoogleSignIn.build/Debug-iphonesimulator/GoogleSignIn.build/Objects-normal/x86_64/NSBundle+GID3PAdditions.o -index-unit-output-path /GoogleSignIn.build/Debug-iphonesimulator/GoogleSignIn.build/Objects-normal/x86_64/NSBundle+GID3PAdditions.o

CompileC /Users/hectorgarcia/Library/Developer/Xcode/DerivedData/Build/Intermediates.noindex/GoogleSignIn.build/Debug-iphonesimulator/GoogleSignIn.build/Objects-normal/x86_64/GIDSignInInternalOptions.o /Users/hectorgarcia/Library/Developer/Xcode/DerivedData/Lyo-eagkiegzrakogpczynhkaholsscs/SourcePackages/checkouts/GoogleSignIn-iOS/GoogleSignIn/Sources/GIDSignInInternalOptions.m normal x86_64 objective-c com.apple.compilers.llvm.clang.1_0.compiler (in target 'GoogleSignIn' from project 'GoogleSignIn')
    cd /Users/hectorgarcia/LYO_Da_ONE/Lyo.xcodeproj
    
    Using response file: /Users/hectorgarcia/Library/Developer/Xcode/DerivedData/Build/Intermediates.noindex/GoogleSignIn.build/Debug-iphonesimulator/GoogleSignIn.build/Objects-normal/x86_64/e6072d4f65d7061329687fe24e3d63a7-common-args.resp
    
    /Users/hectorgarcia/Downloads/Xcode.app/Contents/Developer/Toolchains/XcodeDefault.xctoolchain/usr/bin/clang -x objective-c -ivfsstatcache /Users/hectorgarcia/Library/Developer/Xcode/DerivedData/SDKStatCaches.noindex/iphonesimulator26.2-23C53-823d3e8b6e60bc2018c189d3ca05ba9b.sdkstatcache -fmessage-length\=0 -fdiagnostics-show-note-include-stack -fmacro-backtrace-limit\=0 -fno-color-diagnostics -fmodules-prune-interval\=86400 -fmodules-prune-after\=345600 -fbuild-session-file\=/Users/hectorgarcia/Library/Developer/Xcode/DerivedData/ModuleCache.noindex/Session.modulevalidation -fmodules-validate-once-per-build-session -Wnon-modular-include-in-framework-module -Werror\=non-modular-include-in-framework-module -Wno-trigraphs -Wno-missing-field-initializers -Wno-missing-prototypes -Wno-return-type -Wno-implicit-atomic-properties -Wno-objc-interface-ivars -Wno-arc-repeated-use-of-weak -Wno-missing-braces -Wparentheses -Wswitch -Wno-unused-function -Wno-unused-label -Wno-unused-parameter -Wno-unused-variable -Wunused-value -Wno-empty-body -Wno-uninitialized -Wno-unknown-pragmas -w -Wno-shadow -Wno-four-char-constants -Wno-conversion -Wno-constant-conversion -Wno-int-conversion -Wno-bool-conversion -Wno-enum-conversion -Wno-float-conversion -Wno-non-literal-null-conversion -Wno-objc-literal-conversion -Wshorten-64-to-32 -Wpointer-sign -Wno-newline-eof -Wno-selector -Wno-strict-selector-match -Wno-undeclared-selector -Wno-deprecated-implementations -Wno-implicit-fallthrough -fstrict-aliasing -Wprotocol -Wdeprecated-declarations -Wno-sign-conversion -Wno-infinite-recursion -Wno-comma -Wno-block-capture-autoreleasing -Wno-strict-prototypes -Wno-semicolon-before-method-body -index-store-path /Users/hectorgarcia/Library/Developer/Xcode/DerivedData/Lyo-eagkiegzrakogpczynhkaholsscs/Index.noindex/DataStore @/Users/hectorgarcia/Library/Developer/Xcode/DerivedData/Build/Intermediates.noindex/GoogleSignIn.build/Debug-iphonesimulator/GoogleSignIn.build/Objects-normal/x86_64/e6072d4f65d7061329687fe24e3d63a7-common-args.resp -include /Users/hectorgarcia/Library/Developer/Xcode/DerivedData/Build/Intermediates.noindex/GoogleSignIn.build/Debug-iphonesimulator/GoogleSignIn.build/DerivedSources/resource_bundle_accessor.h -MMD -MT dependencies -MF /Users/hectorgarcia/Library/Developer/Xcode/DerivedData/Build/Intermediates.noindex/GoogleSignIn.build/Debug-iphonesimulator/GoogleSignIn.build/Objects-normal/x86_64/GIDSignInInternalOptions.d --serialize-diagnostics /Users/hectorgarcia/Library/Developer/Xcode/DerivedData/Build/Intermediates.noindex/GoogleSignIn.build/Debug-iphonesimulator/GoogleSignIn.build/Objects-normal/x86_64/GIDSignInInternalOptions.dia -c /Users/hectorgarcia/Library/Developer/Xcode/DerivedData/Lyo-eagkiegzrakogpczynhkaholsscs/SourcePackages/checkouts/GoogleSignIn-iOS/GoogleSignIn/Sources/GIDSignInInternalOptions.m -o /Users/hectorgarcia/Library/Developer/Xcode/DerivedData/Build/Intermediates.noindex/GoogleSignIn.build/Debug-iphonesimulator/GoogleSignIn.build/Objects-normal/x86_64/GIDSignInInternalOptions.o -index-unit-output-path /GoogleSignIn.build/Debug-iphonesimulator/GoogleSignIn.build/Objects-normal/x86_64/GIDSignInInternalOptions.o

CompileC /Users/hectorgarcia/Library/Developer/Xcode/DerivedData/Build/Intermediates.noindex/GoogleSignIn.build/Debug-iphonesimulator/GoogleSignIn.build/Objects-normal/x86_64/GIDSignInButton.o /Users/hectorgarcia/Library/Developer/Xcode/DerivedData/Lyo-eagkiegzrakogpczynhkaholsscs/SourcePackages/checkouts/GoogleSignIn-iOS/GoogleSignIn/Sources/GIDSignInButton.m normal x86_64 objective-c com.apple.compilers.llvm.clang.1_0.compiler (in target 'GoogleSignIn' from project 'GoogleSignIn')
    cd /Users/hectorgarcia/LYO_Da_ONE/Lyo.xcodeproj
    
    Using response file: /Users/hectorgarcia/Library/Developer/Xcode/DerivedData/Build/Intermediates.noindex/GoogleSignIn.build/Debug-iphonesimulator/GoogleSignIn.build/Objects-normal/x86_64/e6072d4f65d7061329687fe24e3d63a7-common-args.resp
    
    /Users/hectorgarcia/Downloads/Xcode.app/Contents/Developer/Toolchains/XcodeDefault.xctoolchain/usr/bin/clang -x objective-c -ivfsstatcache /Users/hectorgarcia/Library/Developer/Xcode/DerivedData/SDKStatCaches.noindex/iphonesimulator26.2-23C53-823d3e8b6e60bc2018c189d3ca05ba9b.sdkstatcache -fmessage-length\=0 -fdiagnostics-show-note-include-stack -fmacro-backtrace-limit\=0 -fno-color-diagnostics -fmodules-prune-interval\=86400 -fmodules-prune-after\=345600 -fbuild-session-file\=/Users/hectorgarcia/Library/Developer/Xcode/DerivedData/ModuleCache.noindex/Session.modulevalidation -fmodules-validate-once-per-build-session -Wnon-modular-include-in-framework-module -Werror\=non-modular-include-in-framework-module -Wno-trigraphs -Wno-missing-field-initializers -Wno-missing-prototypes -Wno-return-type -Wno-implicit-atomic-properties -Wno-objc-interface-ivars -Wno-arc-repeated-use-of-weak -Wno-missing-braces -Wparentheses -Wswitch -Wno-unused-function -Wno-unused-label -Wno-unused-parameter -Wno-unused-variable -Wunused-value -Wno-empty-body -Wno-uninitialized -Wno-unknown-pragmas -w -Wno-shadow -Wno-four-char-constants -Wno-conversion -Wno-constant-conversion -Wno-int-conversion -Wno-bool-conversion -Wno-enum-conversion -Wno-float-conversion -Wno-non-literal-null-conversion -Wno-objc-literal-conversion -Wshorten-64-to-32 -Wpointer-sign -Wno-newline-eof -Wno-selector -Wno-strict-selector-match -Wno-undeclared-selector -Wno-deprecated-implementations -Wno-implicit-fallthrough -fstrict-aliasing -Wprotocol -Wdeprecated-declarations -Wno-sign-conversion -Wno-infinite-recursion -Wno-comma -Wno-block-capture-autoreleasing -Wno-strict-prototypes -Wno-semicolon-before-method-body -index-store-path /Users/hectorgarcia/Library/Developer/Xcode/DerivedData/Lyo-eagkiegzrakogpczynhkaholsscs/Index.noindex/DataStore @/Users/hectorgarcia/Library/Developer/Xcode/DerivedData/Build/Intermediates.noindex/GoogleSignIn.build/Debug-iphonesimulator/GoogleSignIn.build/Objects-normal/x86_64/e6072d4f65d7061329687fe24e3d63a7-common-args.resp -include /Users/hectorgarcia/Library/Developer/Xcode/DerivedData/Build/Intermediates.noindex/GoogleSignIn.build/Debug-iphonesimulator/GoogleSignIn.build/DerivedSources/resource_bundle_accessor.h -MMD -MT dependencies -MF /Users/hectorgarcia/Library/Developer/Xcode/DerivedData/Build/Intermediates.noindex/GoogleSignIn.build/Debug-iphonesimulator/GoogleSignIn.build/Objects-normal/x86_64/GIDSignInButton.d --serialize-diagnostics /Users/hectorgarcia/Library/Developer/Xcode/DerivedData/Build/Intermediates.noindex/GoogleSignIn.build/Debug-iphonesimulator/GoogleSignIn.build/Objects-normal/x86_64/GIDSignInButton.dia -c /Users/hectorgarcia/Library/Developer/Xcode/DerivedData/Lyo-eagkiegzrakogpczynhkaholsscs/SourcePackages/checkouts/GoogleSignIn-iOS/GoogleSignIn/Sources/GIDSignInButton.m -o /Users/hectorgarcia/Library/Developer/Xcode/DerivedData/Build/Intermediates.noindex/GoogleSignIn.build/Debug-iphonesimulator/GoogleSignIn.build/Objects-normal/x86_64/GIDSignInButton.o -index-unit-output-path /GoogleSignIn.build/Debug-iphonesimulator/GoogleSignIn.build/Objects-normal/x86_64/GIDSignInButton.o

CompileC /Users/hectorgarcia/Library/Developer/Xcode/DerivedData/Build/Intermediates.noindex/GoogleSignIn.build/Debug-iphonesimulator/GoogleSignIn.build/Objects-normal/x86_64/GIDMDMPasscodeCache.o /Users/hectorgarcia/Library/Developer/Xcode/DerivedData/Lyo-eagkiegzrakogpczynhkaholsscs/SourcePackages/checkouts/GoogleSignIn-iOS/GoogleSignIn/Sources/GIDMDMPasscodeCache.m normal x86_64 objective-c com.apple.compilers.llvm.clang.1_0.compiler (in target 'GoogleSignIn' from project 'GoogleSignIn')
    cd /Users/hectorgarcia/LYO_Da_ONE/Lyo.xcodeproj
    
    Using response file: /Users/hectorgarcia/Library/Developer/Xcode/DerivedData/Build/Intermediates.noindex/GoogleSignIn.build/Debug-iphonesimulator/GoogleSignIn.build/Objects-normal/x86_64/e6072d4f65d7061329687fe24e3d63a7-common-args.resp
    
    /Users/hectorgarcia/Downloads/Xcode.app/Contents/Developer/Toolchains/XcodeDefault.xctoolchain/usr/bin/clang -x objective-c -ivfsstatcache /Users/hectorgarcia/Library/Developer/Xcode/DerivedData/SDKStatCaches.noindex/iphonesimulator26.2-23C53-823d3e8b6e60bc2018c189d3ca05ba9b.sdkstatcache -fmessage-length\=0 -fdiagnostics-show-note-include-stack -fmacro-backtrace-limit\=0 -fno-color-diagnostics -fmodules-prune-interval\=86400 -fmodules-prune-after\=345600 -fbuild-session-file\=/Users/hectorgarcia/Library/Developer/Xcode/DerivedData/ModuleCache.noindex/Session.modulevalidation -fmodules-validate-once-per-build-session -Wnon-modular-include-in-framework-module -Werror\=non-modular-include-in-framework-module -Wno-trigraphs -Wno-missing-field-initializers -Wno-missing-prototypes -Wno-return-type -Wno-implicit-atomic-properties -Wno-objc-interface-ivars -Wno-arc-repeated-use-of-weak -Wno-missing-braces -Wparentheses -Wswitch -Wno-unused-function -Wno-unused-label -Wno-unused-parameter -Wno-unused-variable -Wunused-value -Wno-empty-body -Wno-uninitialized -Wno-unknown-pragmas -w -Wno-shadow -Wno-four-char-constants -Wno-conversion -Wno-constant-conversion -Wno-int-conversion -Wno-bool-conversion -Wno-enum-conversion -Wno-float-conversion -Wno-non-literal-null-conversion -Wno-objc-literal-conversion -Wshorten-64-to-32 -Wpointer-sign -Wno-newline-eof -Wno-selector -Wno-strict-selector-match -Wno-undeclared-selector -Wno-deprecated-implementations -Wno-implicit-fallthrough -fstrict-aliasing -Wprotocol -Wdeprecated-declarations -Wno-sign-conversion -Wno-infinite-recursion -Wno-comma -Wno-block-capture-autoreleasing -Wno-strict-prototypes -Wno-semicolon-before-method-body -index-store-path /Users/hectorgarcia/Library/Developer/Xcode/DerivedData/Lyo-eagkiegzrakogpczynhkaholsscs/Index.noindex/DataStore @/Users/hectorgarcia/Library/Developer/Xcode/DerivedData/Build/Intermediates.noindex/GoogleSignIn.build/Debug-iphonesimulator/GoogleSignIn.build/Objects-normal/x86_64/e6072d4f65d7061329687fe24e3d63a7-common-args.resp -include /Users/hectorgarcia/Library/Developer/Xcode/DerivedData/Build/Intermediates.noindex/GoogleSignIn.build/Debug-iphonesimulator/GoogleSignIn.build/DerivedSources/resource_bundle_accessor.h -MMD -MT dependencies -MF /Users/hectorgarcia/Library/Developer/Xcode/DerivedData/Build/Intermediates.noindex/GoogleSignIn.build/Debug-iphonesimulator/GoogleSignIn.build/Objects-normal/x86_64/GIDMDMPasscodeCache.d --serialize-diagnostics /Users/hectorgarcia/Library/Developer/Xcode/DerivedData/Build/Intermediates.noindex/GoogleSignIn.build/Debug-iphonesimulator/GoogleSignIn.build/Objects-normal/x86_64/GIDMDMPasscodeCache.dia -c /Users/hectorgarcia/Library/Developer/Xcode/DerivedData/Lyo-eagkiegzrakogpczynhkaholsscs/SourcePackages/checkouts/GoogleSignIn-iOS/GoogleSignIn/Sources/GIDMDMPasscodeCache.m -o /Users/hectorgarcia/Library/Developer/Xcode/DerivedData/Build/Intermediates.noindex/GoogleSignIn.build/Debug-iphonesimulator/GoogleSignIn.build/Objects-normal/x86_64/GIDMDMPasscodeCache.o -index-unit-output-path /GoogleSignIn.build/Debug-iphonesimulator/GoogleSignIn.build/Objects-normal/x86_64/GIDMDMPasscodeCache.o

CompileC /Users/hectorgarcia/Library/Developer/Xcode/DerivedData/Build/Intermediates.noindex/GoogleSignIn.build/Debug-iphonesimulator/GoogleSignIn.build/Objects-normal/x86_64/GIDEMMErrorHandler.o /Users/hectorgarcia/Library/Developer/Xcode/DerivedData/Lyo-eagkiegzrakogpczynhkaholsscs/SourcePackages/checkouts/GoogleSignIn-iOS/GoogleSignIn/Sources/GIDEMMErrorHandler.m normal x86_64 objective-c com.apple.compilers.llvm.clang.1_0.compiler (in target 'GoogleSignIn' from project 'GoogleSignIn')
    cd /Users/hectorgarcia/LYO_Da_ONE/Lyo.xcodeproj
    
    Using response file: /Users/hectorgarcia/Library/Developer/Xcode/DerivedData/Build/Intermediates.noindex/GoogleSignIn.build/Debug-iphonesimulator/GoogleSignIn.build/Objects-normal/x86_64/e6072d4f65d7061329687fe24e3d63a7-common-args.resp
    
    /Users/hectorgarcia/Downloads/Xcode.app/Contents/Developer/Toolchains/XcodeDefault.xctoolchain/usr/bin/clang -x objective-c -ivfsstatcache /Users/hectorgarcia/Library/Developer/Xcode/DerivedData/SDKStatCaches.noindex/iphonesimulator26.2-23C53-823d3e8b6e60bc2018c189d3ca05ba9b.sdkstatcache -fmessage-length\=0 -fdiagnostics-show-note-include-stack -fmacro-backtrace-limit\=0 -fno-color-diagnostics -fmodules-prune-interval\=86400 -fmodules-prune-after\=345600 -fbuild-session-file\=/Users/hectorgarcia/Library/Developer/Xcode/DerivedData/ModuleCache.noindex/Session.modulevalidation -fmodules-validate-once-per-build-session -Wnon-modular-include-in-framework-module -Werror\=non-modular-include-in-framework-module -Wno-trigraphs -Wno-missing-field-initializers -Wno-missing-prototypes -Wno-return-type -Wno-implicit-atomic-properties -Wno-objc-interface-ivars -Wno-arc-repeated-use-of-weak -Wno-missing-braces -Wparentheses -Wswitch -Wno-unused-function -Wno-unused-label -Wno-unused-parameter -Wno-unused-variable -Wunused-value -Wno-empty-body -Wno-uninitialized -Wno-unknown-pragmas -w -Wno-shadow -Wno-four-char-constants -Wno-conversion -Wno-constant-conversion -Wno-int-conversion -Wno-bool-conversion -Wno-enum-conversion -Wno-float-conversion -Wno-non-literal-null-conversion -Wno-objc-literal-conversion -Wshorten-64-to-32 -Wpointer-sign -Wno-newline-eof -Wno-selector -Wno-strict-selector-match -Wno-undeclared-selector -Wno-deprecated-implementations -Wno-implicit-fallthrough -fstrict-aliasing -Wprotocol -Wdeprecated-declarations -Wno-sign-conversion -Wno-infinite-recursion -Wno-comma -Wno-block-capture-autoreleasing -Wno-strict-prototypes -Wno-semicolon-before-method-body -index-store-path /Users/hectorgarcia/Library/Developer/Xcode/DerivedData/Lyo-eagkiegzrakogpczynhkaholsscs/Index.noindex/DataStore @/Users/hectorgarcia/Library/Developer/Xcode/DerivedData/Build/Intermediates.noindex/GoogleSignIn.build/Debug-iphonesimulator/GoogleSignIn.build/Objects-normal/x86_64/e6072d4f65d7061329687fe24e3d63a7-common-args.resp -include /Users/hectorgarcia/Library/Developer/Xcode/DerivedData/Build/Intermediates.noindex/GoogleSignIn.build/Debug-iphonesimulator/GoogleSignIn.build/DerivedSources/resource_bundle_accessor.h -MMD -MT dependencies -MF /Users/hectorgarcia/Library/Developer/Xcode/DerivedData/Build/Intermediates.noindex/GoogleSignIn.build/Debug-iphonesimulator/GoogleSignIn.build/Objects-normal/x86_64/GIDEMMErrorHandler.d --serialize-diagnostics /Users/hectorgarcia/Library/Developer/Xcode/DerivedData/Build/Intermediates.noindex/GoogleSignIn.build/Debug-iphonesimulator/GoogleSignIn.build/Objects-normal/x86_64/GIDEMMErrorHandler.dia -c /Users/hectorgarcia/Library/Developer/Xcode/DerivedData/Lyo-eagkiegzrakogpczynhkaholsscs/SourcePackages/checkouts/GoogleSignIn-iOS/GoogleSignIn/Sources/GIDEMMErrorHandler.m -o /Users/hectorgarcia/Library/Developer/Xcode/DerivedData/Build/Intermediates.noindex/GoogleSignIn.build/Debug-iphonesimulator/GoogleSignIn.build/Objects-normal/x86_64/GIDEMMErrorHandler.o -index-unit-output-path /GoogleSignIn.build/Debug-iphonesimulator/GoogleSignIn.build/Objects-normal/x86_64/GIDEMMErrorHandler.o

CompileC /Users/hectorgarcia/Library/Developer/Xcode/DerivedData/Build/Intermediates.noindex/Firebase.build/Debug-iphonesimulator/FirebaseAuth.build/Objects-normal/x86_64/FIRUserInfoImpl.o /Users/hectorgarcia/Library/Developer/Xcode/DerivedData/Lyo-eagkiegzrakogpczynhkaholsscs/SourcePackages/checkouts/firebase-ios-sdk/FirebaseAuth/Sources/User/FIRUserInfoImpl.m normal x86_64 objective-c com.apple.compilers.llvm.clang.1_0.compiler (in target 'FirebaseAuth' from project 'Firebase')
    cd /Users/hectorgarcia/LYO_Da_ONE/Lyo.xcodeproj
    
    Using response file: /Users/hectorgarcia/Library/Developer/Xcode/DerivedData/Build/Intermediates.noindex/Firebase.build/Debug-iphonesimulator/FirebaseAuth.build/Objects-normal/x86_64/e6072d4f65d7061329687fe24e3d63a7-common-args.resp
    
    /Users/hectorgarcia/Downloads/Xcode.app/Contents/Developer/Toolchains/XcodeDefault.xctoolchain/usr/bin/clang -x objective-c -ivfsstatcache /Users/hectorgarcia/Library/Developer/Xcode/DerivedData/SDKStatCaches.noindex/iphonesimulator26.2-23C53-823d3e8b6e60bc2018c189d3ca05ba9b.sdkstatcache -fmessage-length\=0 -fdiagnostics-show-note-include-stack -fmacro-backtrace-limit\=0 -fno-color-diagnostics -fmodules-prune-interval\=86400 -fmodules-prune-after\=345600 -fbuild-session-file\=/Users/hectorgarcia/Library/Developer/Xcode/DerivedData/ModuleCache.noindex/Session.modulevalidation -fmodules-validate-once-per-build-session -Wnon-modular-include-in-framework-module -Werror\=non-modular-include-in-framework-module -Wno-trigraphs -Wno-missing-field-initializers -Wno-missing-prototypes -Wno-return-type -Wno-implicit-atomic-properties -Wno-objc-interface-ivars -Wno-arc-repeated-use-of-weak -Wno-missing-braces -Wparentheses -Wswitch -Wno-unused-function -Wno-unused-label -Wno-unused-parameter -Wno-unused-variable -Wunused-value -Wno-empty-body -Wno-uninitialized -Wno-unknown-pragmas -w -Wno-shadow -Wno-four-char-constants -Wno-conversion -Wno-constant-conversion -Wno-int-conversion -Wno-bool-conversion -Wno-enum-conversion -Wno-float-conversion -Wno-non-literal-null-conversion -Wno-objc-literal-conversion -Wshorten-64-to-32 -Wpointer-sign -Wno-newline-eof -Wno-selector -Wno-strict-selector-match -Wno-undeclared-selector -Wno-deprecated-implementations -Wno-implicit-fallthrough -fstrict-aliasing -Wprotocol -Wdeprecated-declarations -Wno-sign-conversion -Wno-infinite-recursion -Wno-comma -Wno-block-capture-autoreleasing -Wno-strict-prototypes -Wno-semicolon-before-method-body -index-store-path /Users/hectorgarcia/Library/Developer/Xcode/DerivedData/Lyo-eagkiegzrakogpczynhkaholsscs/Index.noindex/DataStore @/Users/hectorgarcia/Library/Developer/Xcode/DerivedData/Build/Intermediates.noindex/Firebase.build/Debug-iphonesimulator/FirebaseAuth.build/Objects-normal/x86_64/e6072d4f65d7061329687fe24e3d63a7-common-args.resp -include /Users/hectorgarcia/Library/Developer/Xcode/DerivedData/Build/Intermediates.noindex/Firebase.build/Debug-iphonesimulator/FirebaseAuth.build/DerivedSources/resource_bundle_accessor.h -MMD -MT dependencies -MF /Users/hectorgarcia/Library/Developer/Xcode/DerivedData/Build/Intermediates.noindex/Firebase.build/Debug-iphonesimulator/FirebaseAuth.build/Objects-normal/x86_64/FIRUserInfoImpl.d --serialize-diagnostics /Users/hectorgarcia/Library/Developer/Xcode/DerivedData/Build/Intermediates.noindex/Firebase.build/Debug-iphonesimulator/FirebaseAuth.build/Objects-normal/x86_64/FIRUserInfoImpl.dia -c /Users/hectorgarcia/Library/Developer/Xcode/DerivedData/Lyo-eagkiegzrakogpczynhkaholsscs/SourcePackages/checkouts/firebase-ios-sdk/FirebaseAuth/Sources/User/FIRUserInfoImpl.m -o /Users/hectorgarcia/Library/Developer/Xcode/DerivedData/Build/Intermediates.noindex/Firebase.build/Debug-iphonesimulator/FirebaseAuth.build/Objects-normal/x86_64/FIRUserInfoImpl.o -index-unit-output-path /Firebase.build/Debug-iphonesimulator/FirebaseAuth.build/Objects-normal/x86_64/FIRUserInfoImpl.o

PrecompileModule /Users/hectorgarcia/Library/Developer/Xcode/DerivedData/Build/Intermediates.noindex/ExplicitPrecompiledModules/RecaptchaInterop-8ERJ6E07Q24LWVT29H6VJ8IZK.scan
    cd /
    builtin-precompileModule /Users/hectorgarcia/Library/Developer/Xcode/DerivedData/Build/Intermediates.noindex/ExplicitPrecompiledModules/RecaptchaInterop-8ERJ6E07Q24LWVT29H6VJ8IZK.scan

PrecompileModule /Users/hectorgarcia/Library/Developer/Xcode/DerivedData/Build/Intermediates.noindex/ExplicitPrecompiledModules/GTMSessionFetcherCore-EUW2DAGN8ADRKLZDJLQW2KH76.scan
    cd /
    builtin-precompileModule /Users/hectorgarcia/Library/Developer/Xcode/DerivedData/Build/Intermediates.noindex/ExplicitPrecompiledModules/GTMSessionFetcherCore-EUW2DAGN8ADRKLZDJLQW2KH76.scan

CompileC /Users/hectorgarcia/Library/Developer/Xcode/DerivedData/Build/Intermediates.noindex/Firebase.build/Debug-iphonesimulator/FirebaseAuth.build/Objects-normal/x86_64/FIRUser.o /Users/hectorgarcia/Library/Developer/Xcode/DerivedData/Lyo-eagkiegzrakogpczynhkaholsscs/SourcePackages/checkouts/firebase-ios-sdk/FirebaseAuth/Sources/User/FIRUser.m normal x86_64 objective-c com.apple.compilers.llvm.clang.1_0.compiler (in target 'FirebaseAuth' from project 'Firebase')
    cd /Users/hectorgarcia/LYO_Da_ONE/Lyo.xcodeproj
    
    Using response file: /Users/hectorgarcia/Library/Developer/Xcode/DerivedData/Build/Intermediates.noindex/Firebase.build/Debug-iphonesimulator/FirebaseAuth.build/Objects-normal/x86_64/e6072d4f65d7061329687fe24e3d63a7-common-args.resp
    
    /Users/hectorgarcia/Downloads/Xcode.app/Contents/Developer/Toolchains/XcodeDefault.xctoolchain/usr/bin/clang -x objective-c -ivfsstatcache /Users/hectorgarcia/Library/Developer/Xcode/DerivedData/SDKStatCaches.noindex/iphonesimulator26.2-23C53-823d3e8b6e60bc2018c189d3ca05ba9b.sdkstatcache -fmessage-length\=0 -fdiagnostics-show-note-include-stack -fmacro-backtrace-limit\=0 -fno-color-diagnostics -fmodules-prune-interval\=86400 -fmodules-prune-after\=345600 -fbuild-session-file\=/Users/hectorgarcia/Library/Developer/Xcode/DerivedData/ModuleCache.noindex/Session.modulevalidation -fmodules-validate-once-per-build-session -Wnon-modular-include-in-framework-module -Werror\=non-modular-include-in-framework-module -Wno-trigraphs -Wno-missing-field-initializers -Wno-missing-prototypes -Wno-return-type -Wno-implicit-atomic-properties -Wno-objc-interface-ivars -Wno-arc-repeated-use-of-weak -Wno-missing-braces -Wparentheses -Wswitch -Wno-unused-function -Wno-unused-label -Wno-unused-parameter -Wno-unused-variable -Wunused-value -Wno-empty-body -Wno-uninitialized -Wno-unknown-pragmas -w -Wno-shadow -Wno-four-char-constants -Wno-conversion -Wno-constant-conversion -Wno-int-conversion -Wno-bool-conversion -Wno-enum-conversion -Wno-float-conversion -Wno-non-literal-null-conversion -Wno-objc-literal-conversion -Wshorten-64-to-32 -Wpointer-sign -Wno-newline-eof -Wno-selector -Wno-strict-selector-match -Wno-undeclared-selector -Wno-deprecated-implementations -Wno-implicit-fallthrough -fstrict-aliasing -Wprotocol -Wdeprecated-declarations -Wno-sign-conversion -Wno-infinite-recursion -Wno-comma -Wno-block-capture-autoreleasing -Wno-strict-prototypes -Wno-semicolon-before-method-body -index-store-path /Users/hectorgarcia/Library/Developer/Xcode/DerivedData/Lyo-eagkiegzrakogpczynhkaholsscs/Index.noindex/DataStore @/Users/hectorgarcia/Library/Developer/Xcode/DerivedData/Build/Intermediates.noindex/Firebase.build/Debug-iphonesimulator/FirebaseAuth.build/Objects-normal/x86_64/e6072d4f65d7061329687fe24e3d63a7-common-args.resp -include /Users/hectorgarcia/Library/Developer/Xcode/DerivedData/Build/Intermediates.noindex/Firebase.build/Debug-iphonesimulator/FirebaseAuth.build/DerivedSources/resource_bundle_accessor.h -MMD -MT dependencies -MF /Users/hectorgarcia/Library/Developer/Xcode/DerivedData/Build/Intermediates.noindex/Firebase.build/Debug-iphonesimulator/FirebaseAuth.build/Objects-normal/x86_64/FIRUser.d --serialize-diagnostics /Users/hectorgarcia/Library/Developer/Xcode/DerivedData/Build/Intermediates.noindex/Firebase.build/Debug-iphonesimulator/FirebaseAuth.build/Objects-normal/x86_64/FIRUser.dia -c /Users/hectorgarcia/Library/Developer/Xcode/DerivedData/Lyo-eagkiegzrakogpczynhkaholsscs/SourcePackages/checkouts/firebase-ios-sdk/FirebaseAuth/Sources/User/FIRUser.m -o /Users/hectorgarcia/Library/Developer/Xcode/DerivedData/Build/Intermediates.noindex/Firebase.build/Debug-iphonesimulator/FirebaseAuth.build/Objects-normal/x86_64/FIRUser.o -index-unit-output-path /Firebase.build/Debug-iphonesimulator/FirebaseAuth.build/Objects-normal/x86_64/FIRUser.o

PrecompileModule /Users/hectorgarcia/Library/Developer/Xcode/DerivedData/Build/Intermediates.noindex/ExplicitPrecompiledModules/AppAuth-BBIAT5VRA9MHAR6FE9Z53ZZJJ.scan
    cd /
    builtin-precompileModule /Users/hectorgarcia/Library/Developer/Xcode/DerivedData/Build/Intermediates.noindex/ExplicitPrecompiledModules/AppAuth-BBIAT5VRA9MHAR6FE9Z53ZZJJ.scan

ScanDependencies /Users/hectorgarcia/Library/Developer/Xcode/DerivedData/Build/Intermediates.noindex/Firebase.build/Debug-iphonesimulator/FirebaseAuth.build/Objects-normal/x86_64/FIRTwitterAuthProvider.o /Users/hectorgarcia/Library/Developer/Xcode/DerivedData/Lyo-eagkiegzrakogpczynhkaholsscs/SourcePackages/checkouts/firebase-ios-sdk/FirebaseAuth/Sources/AuthProvider/Twitter/FIRTwitterAuthProvider.m normal x86_64 objective-c com.apple.compilers.llvm.clang.1_0.compiler (in target 'FirebaseAuth' from project 'Firebase')
    cd /Users/hectorgarcia/LYO_Da_ONE/Lyo.xcodeproj
    
    Using response file: /Users/hectorgarcia/Library/Developer/Xcode/DerivedData/Build/Intermediates.noindex/Firebase.build/Debug-iphonesimulator/FirebaseAuth.build/Objects-normal/x86_64/e6072d4f65d7061329687fe24e3d63a7-common-args.resp
    
    builtin-ScanDependencies -o /Users/hectorgarcia/Library/Developer/Xcode/DerivedData/Build/Intermediates.noindex/Firebase.build/Debug-iphonesimulator/FirebaseAuth.build/Objects-normal/x86_64/FIRTwitterAuthProvider.o.scan -- /Users/hectorgarcia/Downloads/Xcode.app/Contents/Developer/Toolchains/XcodeDefault.xctoolchain/usr/bin/clang -x objective-c -ivfsstatcache /Users/hectorgarcia/Library/Developer/Xcode/DerivedData/SDKStatCaches.noindex/iphonesimulator26.2-23C53-823d3e8b6e60bc2018c189d3ca05ba9b.sdkstatcache -fmessage-length\=0 -fdiagnostics-show-note-include-stack -fmacro-backtrace-limit\=0 -fno-color-diagnostics -fmodules-prune-interval\=86400 -fmodules-prune-after\=345600 -fbuild-session-file\=/Users/hectorgarcia/Library/Developer/Xcode/DerivedData/ModuleCache.noindex/Session.modulevalidation -fmodules-validate-once-per-build-session -Wnon-modular-include-in-framework-module -Werror\=non-modular-include-in-framework-module -Wno-trigraphs -Wno-missing-field-initializers -Wno-missing-prototypes -Wno-return-type -Wno-implicit-atomic-properties -Wno-objc-interface-ivars -Wno-arc-repeated-use-of-weak -Wno-missing-braces -Wparentheses -Wswitch -Wno-unused-function -Wno-unused-label -Wno-unused-parameter -Wno-unused-variable -Wunused-value -Wno-empty-body -Wno-uninitialized -Wno-unknown-pragmas -w -Wno-shadow -Wno-four-char-constants -Wno-conversion -Wno-constant-conversion -Wno-int-conversion -Wno-bool-conversion -Wno-enum-conversion -Wno-float-conversion -Wno-non-literal-null-conversion -Wno-objc-literal-conversion -Wshorten-64-to-32 -Wpointer-sign -Wno-newline-eof -Wno-selector -Wno-strict-selector-match -Wno-undeclared-selector -Wno-deprecated-implementations -Wno-implicit-fallthrough -fstrict-aliasing -Wprotocol -Wdeprecated-declarations -Wno-sign-conversion -Wno-infinite-recursion -Wno-comma -Wno-block-capture-autoreleasing -Wno-strict-prototypes -Wno-semicolon-before-method-body -index-store-path /Users/hectorgarcia/Library/Developer/Xcode/DerivedData/Lyo-eagkiegzrakogpczynhkaholsscs/Index.noindex/DataStore @/Users/hectorgarcia/Library/Developer/Xcode/DerivedData/Build/Intermediates.noindex/Firebase.build/Debug-iphonesimulator/FirebaseAuth.build/Objects-normal/x86_64/e6072d4f65d7061329687fe24e3d63a7-common-args.resp -include /Users/hectorgarcia/Library/Developer/Xcode/DerivedData/Build/Intermediates.noindex/Firebase.build/Debug-iphonesimulator/FirebaseAuth.build/DerivedSources/resource_bundle_accessor.h -MMD -MT dependencies -MF /Users/hectorgarcia/Library/Developer/Xcode/DerivedData/Build/Intermediates.noindex/Firebase.build/Debug-iphonesimulator/FirebaseAuth.build/Objects-normal/x86_64/FIRTwitterAuthProvider.d --serialize-diagnostics /Users/hectorgarcia/Library/Developer/Xcode/DerivedData/Build/Intermediates.noindex/Firebase.build/Debug-iphonesimulator/FirebaseAuth.build/Objects-normal/x86_64/FIRTwitterAuthProvider.dia -c /Users/hectorgarcia/Library/Developer/Xcode/DerivedData/Lyo-eagkiegzrakogpczynhkaholsscs/SourcePackages/checkouts/firebase-ios-sdk/FirebaseAuth/Sources/AuthProvider/Twitter/FIRTwitterAuthProvider.m -o /Users/hectorgarcia/Library/Developer/Xcode/DerivedData/Build/Intermediates.noindex/Firebase.build/Debug-iphonesimulator/FirebaseAuth.build/Objects-normal/x86_64/FIRTwitterAuthProvider.o -index-unit-output-path /Firebase.build/Debug-iphonesimulator/FirebaseAuth.build/Objects-normal/x86_64/FIRTwitterAuthProvider.o

ScanDependencies /Users/hectorgarcia/Library/Developer/Xcode/DerivedData/Build/Intermediates.noindex/Firebase.build/Debug-iphonesimulator/FirebaseAuth.build/Objects-normal/x86_64/FIRTwitterAuthCredential.o /Users/hectorgarcia/Library/Developer/Xcode/DerivedData/Lyo-eagkiegzrakogpczynhkaholsscs/SourcePackages/checkouts/firebase-ios-sdk/FirebaseAuth/Sources/AuthProvider/Twitter/FIRTwitterAuthCredential.m normal x86_64 objective-c com.apple.compilers.llvm.clang.1_0.compiler (in target 'FirebaseAuth' from project 'Firebase')
    cd /Users/hectorgarcia/LYO_Da_ONE/Lyo.xcodeproj
    
    Using response file: /Users/hectorgarcia/Library/Developer/Xcode/DerivedData/Build/Intermediates.noindex/Firebase.build/Debug-iphonesimulator/FirebaseAuth.build/Objects-normal/x86_64/e6072d4f65d7061329687fe24e3d63a7-common-args.resp
    
    builtin-ScanDependencies -o /Users/hectorgarcia/Library/Developer/Xcode/DerivedData/Build/Intermediates.noindex/Firebase.build/Debug-iphonesimulator/FirebaseAuth.build/Objects-normal/x86_64/FIRTwitterAuthCredential.o.scan -- /Users/hectorgarcia/Downloads/Xcode.app/Contents/Developer/Toolchains/XcodeDefault.xctoolchain/usr/bin/clang -x objective-c -ivfsstatcache /Users/hectorgarcia/Library/Developer/Xcode/DerivedData/SDKStatCaches.noindex/iphonesimulator26.2-23C53-823d3e8b6e60bc2018c189d3ca05ba9b.sdkstatcache -fmessage-length\=0 -fdiagnostics-show-note-include-stack -fmacro-backtrace-limit\=0 -fno-color-diagnostics -fmodules-prune-interval\=86400 -fmodules-prune-after\=345600 -fbuild-session-file\=/Users/hectorgarcia/Library/Developer/Xcode/DerivedData/ModuleCache.noindex/Session.modulevalidation -fmodules-validate-once-per-build-session -Wnon-modular-include-in-framework-module -Werror\=non-modular-include-in-framework-module -Wno-trigraphs -Wno-missing-field-initializers -Wno-missing-prototypes -Wno-return-type -Wno-implicit-atomic-properties -Wno-objc-interface-ivars -Wno-arc-repeated-use-of-weak -Wno-missing-braces -Wparentheses -Wswitch -Wno-unused-function -Wno-unused-label -Wno-unused-parameter -Wno-unused-variable -Wunused-value -Wno-empty-body -Wno-uninitialized -Wno-unknown-pragmas -w -Wno-shadow -Wno-four-char-constants -Wno-conversion -Wno-constant-conversion -Wno-int-conversion -Wno-bool-conversion -Wno-enum-conversion -Wno-float-conversion -Wno-non-literal-null-conversion -Wno-objc-literal-conversion -Wshorten-64-to-32 -Wpointer-sign -Wno-newline-eof -Wno-selector -Wno-strict-selector-match -Wno-undeclared-selector -Wno-deprecated-implementations -Wno-implicit-fallthrough -fstrict-aliasing -Wprotocol -Wdeprecated-declarations -Wno-sign-conversion -Wno-infinite-recursion -Wno-comma -Wno-block-capture-autoreleasing -Wno-strict-prototypes -Wno-semicolon-before-method-body -index-store-path /Users/hectorgarcia/Library/Developer/Xcode/DerivedData/Lyo-eagkiegzrakogpczynhkaholsscs/Index.noindex/DataStore @/Users/hectorgarcia/Library/Developer/Xcode/DerivedData/Build/Intermediates.noindex/Firebase.build/Debug-iphonesimulator/FirebaseAuth.build/Objects-normal/x86_64/e6072d4f65d7061329687fe24e3d63a7-common-args.resp -include /Users/hectorgarcia/Library/Developer/Xcode/DerivedData/Build/Intermediates.noindex/Firebase.build/Debug-iphonesimulator/FirebaseAuth.build/DerivedSources/resource_bundle_accessor.h -MMD -MT dependencies -MF /Users/hectorgarcia/Library/Developer/Xcode/DerivedData/Build/Intermediates.noindex/Firebase.build/Debug-iphonesimulator/FirebaseAuth.build/Objects-normal/x86_64/FIRTwitterAuthCredential.d --serialize-diagnostics /Users/hectorgarcia/Library/Developer/Xcode/DerivedData/Build/Intermediates.noindex/Firebase.build/Debug-iphonesimulator/FirebaseAuth.build/Objects-normal/x86_64/FIRTwitterAuthCredential.dia -c /Users/hectorgarcia/Library/Developer/Xcode/DerivedData/Lyo-eagkiegzrakogpczynhkaholsscs/SourcePackages/checkouts/firebase-ios-sdk/FirebaseAuth/Sources/AuthProvider/Twitter/FIRTwitterAuthCredential.m -o /Users/hectorgarcia/Library/Developer/Xcode/DerivedData/Build/Intermediates.noindex/Firebase.build/Debug-iphonesimulator/FirebaseAuth.build/Objects-normal/x86_64/FIRTwitterAuthCredential.o -index-unit-output-path /Firebase.build/Debug-iphonesimulator/FirebaseAuth.build/Objects-normal/x86_64/FIRTwitterAuthCredential.o

CompileC /Users/hectorgarcia/Library/Developer/Xcode/DerivedData/Build/Intermediates.noindex/GoogleSignIn.build/Debug-iphonesimulator/GoogleSignIn.build/Objects-normal/x86_64/GIDSignInResult.o /Users/hectorgarcia/Library/Developer/Xcode/DerivedData/Lyo-eagkiegzrakogpczynhkaholsscs/SourcePackages/checkouts/GoogleSignIn-iOS/GoogleSignIn/Sources/GIDSignInResult.m normal x86_64 objective-c com.apple.compilers.llvm.clang.1_0.compiler (in target 'GoogleSignIn' from project 'GoogleSignIn')
    cd /Users/hectorgarcia/LYO_Da_ONE/Lyo.xcodeproj
    
    Using response file: /Users/hectorgarcia/Library/Developer/Xcode/DerivedData/Build/Intermediates.noindex/GoogleSignIn.build/Debug-iphonesimulator/GoogleSignIn.build/Objects-normal/x86_64/e6072d4f65d7061329687fe24e3d63a7-common-args.resp
    
    /Users/hectorgarcia/Downloads/Xcode.app/Contents/Developer/Toolchains/XcodeDefault.xctoolchain/usr/bin/clang -x objective-c -ivfsstatcache /Users/hectorgarcia/Library/Developer/Xcode/DerivedData/SDKStatCaches.noindex/iphonesimulator26.2-23C53-823d3e8b6e60bc2018c189d3ca05ba9b.sdkstatcache -fmessage-length\=0 -fdiagnostics-show-note-include-stack -fmacro-backtrace-limit\=0 -fno-color-diagnostics -fmodules-prune-interval\=86400 -fmodules-prune-after\=345600 -fbuild-session-file\=/Users/hectorgarcia/Library/Developer/Xcode/DerivedData/ModuleCache.noindex/Session.modulevalidation -fmodules-validate-once-per-build-session -Wnon-modular-include-in-framework-module -Werror\=non-modular-include-in-framework-module -Wno-trigraphs -Wno-missing-field-initializers -Wno-missing-prototypes -Wno-return-type -Wno-implicit-atomic-properties -Wno-objc-interface-ivars -Wno-arc-repeated-use-of-weak -Wno-missing-braces -Wparentheses -Wswitch -Wno-unused-function -Wno-unused-label -Wno-unused-parameter -Wno-unused-variable -Wunused-value -Wno-empty-body -Wno-uninitialized -Wno-unknown-pragmas -w -Wno-shadow -Wno-four-char-constants -Wno-conversion -Wno-constant-conversion -Wno-int-conversion -Wno-bool-conversion -Wno-enum-conversion -Wno-float-conversion -Wno-non-literal-null-conversion -Wno-objc-literal-conversion -Wshorten-64-to-32 -Wpointer-sign -Wno-newline-eof -Wno-selector -Wno-strict-selector-match -Wno-undeclared-selector -Wno-deprecated-implementations -Wno-implicit-fallthrough -fstrict-aliasing -Wprotocol -Wdeprecated-declarations -Wno-sign-conversion -Wno-infinite-recursion -Wno-comma -Wno-block-capture-autoreleasing -Wno-strict-prototypes -Wno-semicolon-before-method-body -index-store-path /Users/hectorgarcia/Library/Developer/Xcode/DerivedData/Lyo-eagkiegzrakogpczynhkaholsscs/Index.noindex/DataStore @/Users/hectorgarcia/Library/Developer/Xcode/DerivedData/Build/Intermediates.noindex/GoogleSignIn.build/Debug-iphonesimulator/GoogleSignIn.build/Objects-normal/x86_64/e6072d4f65d7061329687fe24e3d63a7-common-args.resp -include /Users/hectorgarcia/Library/Developer/Xcode/DerivedData/Build/Intermediates.noindex/GoogleSignIn.build/Debug-iphonesimulator/GoogleSignIn.build/DerivedSources/resource_bundle_accessor.h -MMD -MT dependencies -MF /Users/hectorgarcia/Library/Developer/Xcode/DerivedData/Build/Intermediates.noindex/GoogleSignIn.build/Debug-iphonesimulator/GoogleSignIn.build/Objects-normal/x86_64/GIDSignInResult.d --serialize-diagnostics /Users/hectorgarcia/Library/Developer/Xcode/DerivedData/Build/Intermediates.noindex/GoogleSignIn.build/Debug-iphonesimulator/GoogleSignIn.build/Objects-normal/x86_64/GIDSignInResult.dia -c /Users/hectorgarcia/Library/Developer/Xcode/DerivedData/Lyo-eagkiegzrakogpczynhkaholsscs/SourcePackages/checkouts/GoogleSignIn-iOS/GoogleSignIn/Sources/GIDSignInResult.m -o /Users/hectorgarcia/Library/Developer/Xcode/DerivedData/Build/Intermediates.noindex/GoogleSignIn.build/Debug-iphonesimulator/GoogleSignIn.build/Objects-normal/x86_64/GIDSignInResult.o -index-unit-output-path /GoogleSignIn.build/Debug-iphonesimulator/GoogleSignIn.build/Objects-normal/x86_64/GIDSignInResult.o

CompileC /Users/hectorgarcia/Library/Developer/Xcode/DerivedData/Build/Intermediates.noindex/Firebase.build/Debug-iphonesimulator/FirebaseAuth.build/Objects-normal/x86_64/FIRTwitterAuthProvider.o /Users/hectorgarcia/Library/Developer/Xcode/DerivedData/Lyo-eagkiegzrakogpczynhkaholsscs/SourcePackages/checkouts/firebase-ios-sdk/FirebaseAuth/Sources/AuthProvider/Twitter/FIRTwitterAuthProvider.m normal x86_64 objective-c com.apple.compilers.llvm.clang.1_0.compiler (in target 'FirebaseAuth' from project 'Firebase')
    cd /Users/hectorgarcia/LYO_Da_ONE/Lyo.xcodeproj
    
    Using response file: /Users/hectorgarcia/Library/Developer/Xcode/DerivedData/Build/Intermediates.noindex/Firebase.build/Debug-iphonesimulator/FirebaseAuth.build/Objects-normal/x86_64/e6072d4f65d7061329687fe24e3d63a7-common-args.resp
    
    /Users/hectorgarcia/Downloads/Xcode.app/Contents/Developer/Toolchains/XcodeDefault.xctoolchain/usr/bin/clang -x objective-c -ivfsstatcache /Users/hectorgarcia/Library/Developer/Xcode/DerivedData/SDKStatCaches.noindex/iphonesimulator26.2-23C53-823d3e8b6e60bc2018c189d3ca05ba9b.sdkstatcache -fmessage-length\=0 -fdiagnostics-show-note-include-stack -fmacro-backtrace-limit\=0 -fno-color-diagnostics -fmodules-prune-interval\=86400 -fmodules-prune-after\=345600 -fbuild-session-file\=/Users/hectorgarcia/Library/Developer/Xcode/DerivedData/ModuleCache.noindex/Session.modulevalidation -fmodules-validate-once-per-build-session -Wnon-modular-include-in-framework-module -Werror\=non-modular-include-in-framework-module -Wno-trigraphs -Wno-missing-field-initializers -Wno-missing-prototypes -Wno-return-type -Wno-implicit-atomic-properties -Wno-objc-interface-ivars -Wno-arc-repeated-use-of-weak -Wno-missing-braces -Wparentheses -Wswitch -Wno-unused-function -Wno-unused-label -Wno-unused-parameter -Wno-unused-variable -Wunused-value -Wno-empty-body -Wno-uninitialized -Wno-unknown-pragmas -w -Wno-shadow -Wno-four-char-constants -Wno-conversion -Wno-constant-conversion -Wno-int-conversion -Wno-bool-conversion -Wno-enum-conversion -Wno-float-conversion -Wno-non-literal-null-conversion -Wno-objc-literal-conversion -Wshorten-64-to-32 -Wpointer-sign -Wno-newline-eof -Wno-selector -Wno-strict-selector-match -Wno-undeclared-selector -Wno-deprecated-implementations -Wno-implicit-fallthrough -fstrict-aliasing -Wprotocol -Wdeprecated-declarations -Wno-sign-conversion -Wno-infinite-recursion -Wno-comma -Wno-block-capture-autoreleasing -Wno-strict-prototypes -Wno-semicolon-before-method-body -index-store-path /Users/hectorgarcia/Library/Developer/Xcode/DerivedData/Lyo-eagkiegzrakogpczynhkaholsscs/Index.noindex/DataStore @/Users/hectorgarcia/Library/Developer/Xcode/DerivedData/Build/Intermediates.noindex/Firebase.build/Debug-iphonesimulator/FirebaseAuth.build/Objects-normal/x86_64/e6072d4f65d7061329687fe24e3d63a7-common-args.resp -include /Users/hectorgarcia/Library/Developer/Xcode/DerivedData/Build/Intermediates.noindex/Firebase.build/Debug-iphonesimulator/FirebaseAuth.build/DerivedSources/resource_bundle_accessor.h -MMD -MT dependencies -MF /Users/hectorgarcia/Library/Developer/Xcode/DerivedData/Build/Intermediates.noindex/Firebase.build/Debug-iphonesimulator/FirebaseAuth.build/Objects-normal/x86_64/FIRTwitterAuthProvider.d --serialize-diagnostics /Users/hectorgarcia/Library/Developer/Xcode/DerivedData/Build/Intermediates.noindex/Firebase.build/Debug-iphonesimulator/FirebaseAuth.build/Objects-normal/x86_64/FIRTwitterAuthProvider.dia -c /Users/hectorgarcia/Library/Developer/Xcode/DerivedData/Lyo-eagkiegzrakogpczynhkaholsscs/SourcePackages/checkouts/firebase-ios-sdk/FirebaseAuth/Sources/AuthProvider/Twitter/FIRTwitterAuthProvider.m -o /Users/hectorgarcia/Library/Developer/Xcode/DerivedData/Build/Intermediates.noindex/Firebase.build/Debug-iphonesimulator/FirebaseAuth.build/Objects-normal/x86_64/FIRTwitterAuthProvider.o -index-unit-output-path /Firebase.build/Debug-iphonesimulator/FirebaseAuth.build/Objects-normal/x86_64/FIRTwitterAuthProvider.o

PrecompileModule /Users/hectorgarcia/Library/Developer/Xcode/DerivedData/Build/Intermediates.noindex/ExplicitPrecompiledModules/GTMAppAuth-340J3GQDJVVHPPM7SJ154QRUC.scan
    cd /
    builtin-precompileModule /Users/hectorgarcia/Library/Developer/Xcode/DerivedData/Build/Intermediates.noindex/ExplicitPrecompiledModules/GTMAppAuth-340J3GQDJVVHPPM7SJ154QRUC.scan

CompileC /Users/hectorgarcia/Library/Developer/Xcode/DerivedData/Build/Intermediates.noindex/GoogleSignIn.build/Debug-iphonesimulator/GoogleSignIn.build/Objects-normal/x86_64/GIDAuthentication.o /Users/hectorgarcia/Library/Developer/Xcode/DerivedData/Lyo-eagkiegzrakogpczynhkaholsscs/SourcePackages/checkouts/GoogleSignIn-iOS/GoogleSignIn/Sources/GIDAuthentication.m normal x86_64 objective-c com.apple.compilers.llvm.clang.1_0.compiler (in target 'GoogleSignIn' from project 'GoogleSignIn')
    cd /Users/hectorgarcia/LYO_Da_ONE/Lyo.xcodeproj
    
    Using response file: /Users/hectorgarcia/Library/Developer/Xcode/DerivedData/Build/Intermediates.noindex/GoogleSignIn.build/Debug-iphonesimulator/GoogleSignIn.build/Objects-normal/x86_64/e6072d4f65d7061329687fe24e3d63a7-common-args.resp
    
    /Users/hectorgarcia/Downloads/Xcode.app/Contents/Developer/Toolchains/XcodeDefault.xctoolchain/usr/bin/clang -x objective-c -ivfsstatcache /Users/hectorgarcia/Library/Developer/Xcode/DerivedData/SDKStatCaches.noindex/iphonesimulator26.2-23C53-823d3e8b6e60bc2018c189d3ca05ba9b.sdkstatcache -fmessage-length\=0 -fdiagnostics-show-note-include-stack -fmacro-backtrace-limit\=0 -fno-color-diagnostics -fmodules-prune-interval\=86400 -fmodules-prune-after\=345600 -fbuild-session-file\=/Users/hectorgarcia/Library/Developer/Xcode/DerivedData/ModuleCache.noindex/Session.modulevalidation -fmodules-validate-once-per-build-session -Wnon-modular-include-in-framework-module -Werror\=non-modular-include-in-framework-module -Wno-trigraphs -Wno-missing-field-initializers -Wno-missing-prototypes -Wno-return-type -Wno-implicit-atomic-properties -Wno-objc-interface-ivars -Wno-arc-repeated-use-of-weak -Wno-missing-braces -Wparentheses -Wswitch -Wno-unused-function -Wno-unused-label -Wno-unused-parameter -Wno-unused-variable -Wunused-value -Wno-empty-body -Wno-uninitialized -Wno-unknown-pragmas -w -Wno-shadow -Wno-four-char-constants -Wno-conversion -Wno-constant-conversion -Wno-int-conversion -Wno-bool-conversion -Wno-enum-conversion -Wno-float-conversion -Wno-non-literal-null-conversion -Wno-objc-literal-conversion -Wshorten-64-to-32 -Wpointer-sign -Wno-newline-eof -Wno-selector -Wno-strict-selector-match -Wno-undeclared-selector -Wno-deprecated-implementations -Wno-implicit-fallthrough -fstrict-aliasing -Wprotocol -Wdeprecated-declarations -Wno-sign-conversion -Wno-infinite-recursion -Wno-comma -Wno-block-capture-autoreleasing -Wno-strict-prototypes -Wno-semicolon-before-method-body -index-store-path /Users/hectorgarcia/Library/Developer/Xcode/DerivedData/Lyo-eagkiegzrakogpczynhkaholsscs/Index.noindex/DataStore @/Users/hectorgarcia/Library/Developer/Xcode/DerivedData/Build/Intermediates.noindex/GoogleSignIn.build/Debug-iphonesimulator/GoogleSignIn.build/Objects-normal/x86_64/e6072d4f65d7061329687fe24e3d63a7-common-args.resp -include /Users/hectorgarcia/Library/Developer/Xcode/DerivedData/Build/Intermediates.noindex/GoogleSignIn.build/Debug-iphonesimulator/GoogleSignIn.build/DerivedSources/resource_bundle_accessor.h -MMD -MT dependencies -MF /Users/hectorgarcia/Library/Developer/Xcode/DerivedData/Build/Intermediates.noindex/GoogleSignIn.build/Debug-iphonesimulator/GoogleSignIn.build/Objects-normal/x86_64/GIDAuthentication.d --serialize-diagnostics /Users/hectorgarcia/Library/Developer/Xcode/DerivedData/Build/Intermediates.noindex/GoogleSignIn.build/Debug-iphonesimulator/GoogleSignIn.build/Objects-normal/x86_64/GIDAuthentication.dia -c /Users/hectorgarcia/Library/Developer/Xcode/DerivedData/Lyo-eagkiegzrakogpczynhkaholsscs/SourcePackages/checkouts/GoogleSignIn-iOS/GoogleSignIn/Sources/GIDAuthentication.m -o /Users/hectorgarcia/Library/Developer/Xcode/DerivedData/Build/Intermediates.noindex/GoogleSignIn.build/Debug-iphonesimulator/GoogleSignIn.build/Objects-normal/x86_64/GIDAuthentication.o -index-unit-output-path /GoogleSignIn.build/Debug-iphonesimulator/GoogleSignIn.build/Objects-normal/x86_64/GIDAuthentication.o

CompileC /Users/hectorgarcia/Library/Developer/Xcode/DerivedData/Build/Intermediates.noindex/Firebase.build/Debug-iphonesimulator/FirebaseAuth.build/Objects-normal/x86_64/FIRTwitterAuthCredential.o /Users/hectorgarcia/Library/Developer/Xcode/DerivedData/Lyo-eagkiegzrakogpczynhkaholsscs/SourcePackages/checkouts/firebase-ios-sdk/FirebaseAuth/Sources/AuthProvider/Twitter/FIRTwitterAuthCredential.m normal x86_64 objective-c com.apple.compilers.llvm.clang.1_0.compiler (in target 'FirebaseAuth' from project 'Firebase')
    cd /Users/hectorgarcia/LYO_Da_ONE/Lyo.xcodeproj
    
    Using response file: /Users/hectorgarcia/Library/Developer/Xcode/DerivedData/Build/Intermediates.noindex/Firebase.build/Debug-iphonesimulator/FirebaseAuth.build/Objects-normal/x86_64/e6072d4f65d7061329687fe24e3d63a7-common-args.resp
    
    /Users/hectorgarcia/Downloads/Xcode.app/Contents/Developer/Toolchains/XcodeDefault.xctoolchain/usr/bin/clang -x objective-c -ivfsstatcache /Users/hectorgarcia/Library/Developer/Xcode/DerivedData/SDKStatCaches.noindex/iphonesimulator26.2-23C53-823d3e8b6e60bc2018c189d3ca05ba9b.sdkstatcache -fmessage-length\=0 -fdiagnostics-show-note-include-stack -fmacro-backtrace-limit\=0 -fno-color-diagnostics -fmodules-prune-interval\=86400 -fmodules-prune-after\=345600 -fbuild-session-file\=/Users/hectorgarcia/Library/Developer/Xcode/DerivedData/ModuleCache.noindex/Session.modulevalidation -fmodules-validate-once-per-build-session -Wnon-modular-include-in-framework-module -Werror\=non-modular-include-in-framework-module -Wno-trigraphs -Wno-missing-field-initializers -Wno-missing-prototypes -Wno-return-type -Wno-implicit-atomic-properties -Wno-objc-interface-ivars -Wno-arc-repeated-use-of-weak -Wno-missing-braces -Wparentheses -Wswitch -Wno-unused-function -Wno-unused-label -Wno-unused-parameter -Wno-unused-variable -Wunused-value -Wno-empty-body -Wno-uninitialized -Wno-unknown-pragmas -w -Wno-shadow -Wno-four-char-constants -Wno-conversion -Wno-constant-conversion -Wno-int-conversion -Wno-bool-conversion -Wno-enum-conversion -Wno-float-conversion -Wno-non-literal-null-conversion -Wno-objc-literal-conversion -Wshorten-64-to-32 -Wpointer-sign -Wno-newline-eof -Wno-selector -Wno-strict-selector-match -Wno-undeclared-selector -Wno-deprecated-implementations -Wno-implicit-fallthrough -fstrict-aliasing -Wprotocol -Wdeprecated-declarations -Wno-sign-conversion -Wno-infinite-recursion -Wno-comma -Wno-block-capture-autoreleasing -Wno-strict-prototypes -Wno-semicolon-before-method-body -index-store-path /Users/hectorgarcia/Library/Developer/Xcode/DerivedData/Lyo-eagkiegzrakogpczynhkaholsscs/Index.noindex/DataStore @/Users/hectorgarcia/Library/Developer/Xcode/DerivedData/Build/Intermediates.noindex/Firebase.build/Debug-iphonesimulator/FirebaseAuth.build/Objects-normal/x86_64/e6072d4f65d7061329687fe24e3d63a7-common-args.resp -include /Users/hectorgarcia/Library/Developer/Xcode/DerivedData/Build/Intermediates.noindex/Firebase.build/Debug-iphonesimulator/FirebaseAuth.build/DerivedSources/resource_bundle_accessor.h -MMD -MT dependencies -MF /Users/hectorgarcia/Library/Developer/Xcode/DerivedData/Build/Intermediates.noindex/Firebase.build/Debug-iphonesimulator/FirebaseAuth.build/Objects-normal/x86_64/FIRTwitterAuthCredential.d --serialize-diagnostics /Users/hectorgarcia/Library/Developer/Xcode/DerivedData/Build/Intermediates.noindex/Firebase.build/Debug-iphonesimulator/FirebaseAuth.build/Objects-normal/x86_64/FIRTwitterAuthCredential.dia -c /Users/hectorgarcia/Library/Developer/Xcode/DerivedData/Lyo-eagkiegzrakogpczynhkaholsscs/SourcePackages/checkouts/firebase-ios-sdk/FirebaseAuth/Sources/AuthProvider/Twitter/FIRTwitterAuthCredential.m -o /Users/hectorgarcia/Library/Developer/Xcode/DerivedData/Build/Intermediates.noindex/Firebase.build/Debug-iphonesimulator/FirebaseAuth.build/Objects-normal/x86_64/FIRTwitterAuthCredential.o -index-unit-output-path /Firebase.build/Debug-iphonesimulator/FirebaseAuth.build/Objects-normal/x86_64/FIRTwitterAuthCredential.o

ScanDependencies /Users/hectorgarcia/Library/Developer/Xcode/DerivedData/Build/Intermediates.noindex/Firebase.build/Debug-iphonesimulator/FirebaseAuth.build/Objects-normal/x86_64/FIRTOTPSecret.o /Users/hectorgarcia/Library/Developer/Xcode/DerivedData/Lyo-eagkiegzrakogpczynhkaholsscs/SourcePackages/checkouts/firebase-ios-sdk/FirebaseAuth/Sources/MultiFactor/TOTP/FIRTOTPSecret.m normal x86_64 objective-c com.apple.compilers.llvm.clang.1_0.compiler (in target 'FirebaseAuth' from project 'Firebase')
    cd /Users/hectorgarcia/LYO_Da_ONE/Lyo.xcodeproj
    
    Using response file: /Users/hectorgarcia/Library/Developer/Xcode/DerivedData/Build/Intermediates.noindex/Firebase.build/Debug-iphonesimulator/FirebaseAuth.build/Objects-normal/x86_64/e6072d4f65d7061329687fe24e3d63a7-common-args.resp
    
    builtin-ScanDependencies -o /Users/hectorgarcia/Library/Developer/Xcode/DerivedData/Build/Intermediates.noindex/Firebase.build/Debug-iphonesimulator/FirebaseAuth.build/Objects-normal/x86_64/FIRTOTPSecret.o.scan -- /Users/hectorgarcia/Downloads/Xcode.app/Contents/Developer/Toolchains/XcodeDefault.xctoolchain/usr/bin/clang -x objective-c -ivfsstatcache /Users/hectorgarcia/Library/Developer/Xcode/DerivedData/SDKStatCaches.noindex/iphonesimulator26.2-23C53-823d3e8b6e60bc2018c189d3ca05ba9b.sdkstatcache -fmessage-length\=0 -fdiagnostics-show-note-include-stack -fmacro-backtrace-limit\=0 -fno-color-diagnostics -fmodules-prune-interval\=86400 -fmodules-prune-after\=345600 -fbuild-session-file\=/Users/hectorgarcia/Library/Developer/Xcode/DerivedData/ModuleCache.noindex/Session.modulevalidation -fmodules-validate-once-per-build-session -Wnon-modular-include-in-framework-module -Werror\=non-modular-include-in-framework-module -Wno-trigraphs -Wno-missing-field-initializers -Wno-missing-prototypes -Wno-return-type -Wno-implicit-atomic-properties -Wno-objc-interface-ivars -Wno-arc-repeated-use-of-weak -Wno-missing-braces -Wparentheses -Wswitch -Wno-unused-function -Wno-unused-label -Wno-unused-parameter -Wno-unused-variable -Wunused-value -Wno-empty-body -Wno-uninitialized -Wno-unknown-pragmas -w -Wno-shadow -Wno-four-char-constants -Wno-conversion -Wno-constant-conversion -Wno-int-conversion -Wno-bool-conversion -Wno-enum-conversion -Wno-float-conversion -Wno-non-literal-null-conversion -Wno-objc-literal-conversion -Wshorten-64-to-32 -Wpointer-sign -Wno-newline-eof -Wno-selector -Wno-strict-selector-match -Wno-undeclared-selector -Wno-deprecated-implementations -Wno-implicit-fallthrough -fstrict-aliasing -Wprotocol -Wdeprecated-declarations -Wno-sign-conversion -Wno-infinite-recursion -Wno-comma -Wno-block-capture-autoreleasing -Wno-strict-prototypes -Wno-semicolon-before-method-body -index-store-path /Users/hectorgarcia/Library/Developer/Xcode/DerivedData/Lyo-eagkiegzrakogpczynhkaholsscs/Index.noindex/DataStore @/Users/hectorgarcia/Library/Developer/Xcode/DerivedData/Build/Intermediates.noindex/Firebase.build/Debug-iphonesimulator/FirebaseAuth.build/Objects-normal/x86_64/e6072d4f65d7061329687fe24e3d63a7-common-args.resp -include /Users/hectorgarcia/Library/Developer/Xcode/DerivedData/Build/Intermediates.noindex/Firebase.build/Debug-iphonesimulator/FirebaseAuth.build/DerivedSources/resource_bundle_accessor.h -MMD -MT dependencies -MF /Users/hectorgarcia/Library/Developer/Xcode/DerivedData/Build/Intermediates.noindex/Firebase.build/Debug-iphonesimulator/FirebaseAuth.build/Objects-normal/x86_64/FIRTOTPSecret.d --serialize-diagnostics /Users/hectorgarcia/Library/Developer/Xcode/DerivedData/Build/Intermediates.noindex/Firebase.build/Debug-iphonesimulator/FirebaseAuth.build/Objects-normal/x86_64/FIRTOTPSecret.dia -c /Users/hectorgarcia/Library/Developer/Xcode/DerivedData/Lyo-eagkiegzrakogpczynhkaholsscs/SourcePackages/checkouts/firebase-ios-sdk/FirebaseAuth/Sources/MultiFactor/TOTP/FIRTOTPSecret.m -o /Users/hectorgarcia/Library/Developer/Xcode/DerivedData/Build/Intermediates.noindex/Firebase.build/Debug-iphonesimulator/FirebaseAuth.build/Objects-normal/x86_64/FIRTOTPSecret.o -index-unit-output-path /Firebase.build/Debug-iphonesimulator/FirebaseAuth.build/Objects-normal/x86_64/FIRTOTPSecret.o

ScanDependencies /Users/hectorgarcia/Library/Developer/Xcode/DerivedData/Build/Intermediates.noindex/Firebase.build/Debug-iphonesimulator/FirebaseAuth.build/Objects-normal/x86_64/FIRTOTPMultiFactorInfo.o /Users/hectorgarcia/Library/Developer/Xcode/DerivedData/Lyo-eagkiegzrakogpczynhkaholsscs/SourcePackages/checkouts/firebase-ios-sdk/FirebaseAuth/Sources/MultiFactor/TOTP/FIRTOTPMultiFactorInfo.m normal x86_64 objective-c com.apple.compilers.llvm.clang.1_0.compiler (in target 'FirebaseAuth' from project 'Firebase')
    cd /Users/hectorgarcia/LYO_Da_ONE/Lyo.xcodeproj
    
    Using response file: /Users/hectorgarcia/Library/Developer/Xcode/DerivedData/Build/Intermediates.noindex/Firebase.build/Debug-iphonesimulator/FirebaseAuth.build/Objects-normal/x86_64/e6072d4f65d7061329687fe24e3d63a7-common-args.resp
    
    builtin-ScanDependencies -o /Users/hectorgarcia/Library/Developer/Xcode/DerivedData/Build/Intermediates.noindex/Firebase.build/Debug-iphonesimulator/FirebaseAuth.build/Objects-normal/x86_64/FIRTOTPMultiFactorInfo.o.scan -- /Users/hectorgarcia/Downloads/Xcode.app/Contents/Developer/Toolchains/XcodeDefault.xctoolchain/usr/bin/clang -x objective-c -ivfsstatcache /Users/hectorgarcia/Library/Developer/Xcode/DerivedData/SDKStatCaches.noindex/iphonesimulator26.2-23C53-823d3e8b6e60bc2018c189d3ca05ba9b.sdkstatcache -fmessage-length\=0 -fdiagnostics-show-note-include-stack -fmacro-backtrace-limit\=0 -fno-color-diagnostics -fmodules-prune-interval\=86400 -fmodules-prune-after\=345600 -fbuild-session-file\=/Users/hectorgarcia/Library/Developer/Xcode/DerivedData/ModuleCache.noindex/Session.modulevalidation -fmodules-validate-once-per-build-session -Wnon-modular-include-in-framework-module -Werror\=non-modular-include-in-framework-module -Wno-trigraphs -Wno-missing-field-initializers -Wno-missing-prototypes -Wno-return-type -Wno-implicit-atomic-properties -Wno-objc-interface-ivars -Wno-arc-repeated-use-of-weak -Wno-missing-braces -Wparentheses -Wswitch -Wno-unused-function -Wno-unused-label -Wno-unused-parameter -Wno-unused-variable -Wunused-value -Wno-empty-body -Wno-uninitialized -Wno-unknown-pragmas -w -Wno-shadow -Wno-four-char-constants -Wno-conversion -Wno-constant-conversion -Wno-int-conversion -Wno-bool-conversion -Wno-enum-conversion -Wno-float-conversion -Wno-non-literal-null-conversion -Wno-objc-literal-conversion -Wshorten-64-to-32 -Wpointer-sign -Wno-newline-eof -Wno-selector -Wno-strict-selector-match -Wno-undeclared-selector -Wno-deprecated-implementations -Wno-implicit-fallthrough -fstrict-aliasing -Wprotocol -Wdeprecated-declarations -Wno-sign-conversion -Wno-infinite-recursion -Wno-comma -Wno-block-capture-autoreleasing -Wno-strict-prototypes -Wno-semicolon-before-method-body -index-store-path /Users/hectorgarcia/Library/Developer/Xcode/DerivedData/Lyo-eagkiegzrakogpczynhkaholsscs/Index.noindex/DataStore @/Users/hectorgarcia/Library/Developer/Xcode/DerivedData/Build/Intermediates.noindex/Firebase.build/Debug-iphonesimulator/FirebaseAuth.build/Objects-normal/x86_64/e6072d4f65d7061329687fe24e3d63a7-common-args.resp -include /Users/hectorgarcia/Library/Developer/Xcode/DerivedData/Build/Intermediates.noindex/Firebase.build/Debug-iphonesimulator/FirebaseAuth.build/DerivedSources/resource_bundle_accessor.h -MMD -MT dependencies -MF /Users/hectorgarcia/Library/Developer/Xcode/DerivedData/Build/Intermediates.noindex/Firebase.build/Debug-iphonesimulator/FirebaseAuth.build/Objects-normal/x86_64/FIRTOTPMultiFactorInfo.d --serialize-diagnostics /Users/hectorgarcia/Library/Developer/Xcode/DerivedData/Build/Intermediates.noindex/Firebase.build/Debug-iphonesimulator/FirebaseAuth.build/Objects-normal/x86_64/FIRTOTPMultiFactorInfo.dia -c /Users/hectorgarcia/Library/Developer/Xcode/DerivedData/Lyo-eagkiegzrakogpczynhkaholsscs/SourcePackages/checkouts/firebase-ios-sdk/FirebaseAuth/Sources/MultiFactor/TOTP/FIRTOTPMultiFactorInfo.m -o /Users/hectorgarcia/Library/Developer/Xcode/DerivedData/Build/Intermediates.noindex/Firebase.build/Debug-iphonesimulator/FirebaseAuth.build/Objects-normal/x86_64/FIRTOTPMultiFactorInfo.o -index-unit-output-path /Firebase.build/Debug-iphonesimulator/FirebaseAuth.build/Objects-normal/x86_64/FIRTOTPMultiFactorInfo.o

ScanDependencies /Users/hectorgarcia/Library/Developer/Xcode/DerivedData/Build/Intermediates.noindex/Firebase.build/Debug-iphonesimulator/FirebaseAuth.build/Objects-normal/x86_64/FIRTOTPMultiFactorGenerator.o /Users/hectorgarcia/Library/Developer/Xcode/DerivedData/Lyo-eagkiegzrakogpczynhkaholsscs/SourcePackages/checkouts/firebase-ios-sdk/FirebaseAuth/Sources/MultiFactor/TOTP/FIRTOTPMultiFactorGenerator.m normal x86_64 objective-c com.apple.compilers.llvm.clang.1_0.compiler (in target 'FirebaseAuth' from project 'Firebase')
    cd /Users/hectorgarcia/LYO_Da_ONE/Lyo.xcodeproj
    
    Using response file: /Users/hectorgarcia/Library/Developer/Xcode/DerivedData/Build/Intermediates.noindex/Firebase.build/Debug-iphonesimulator/FirebaseAuth.build/Objects-normal/x86_64/e6072d4f65d7061329687fe24e3d63a7-common-args.resp
    
    builtin-ScanDependencies -o /Users/hectorgarcia/Library/Developer/Xcode/DerivedData/Build/Intermediates.noindex/Firebase.build/Debug-iphonesimulator/FirebaseAuth.build/Objects-normal/x86_64/FIRTOTPMultiFactorGenerator.o.scan -- /Users/hectorgarcia/Downloads/Xcode.app/Contents/Developer/Toolchains/XcodeDefault.xctoolchain/usr/bin/clang -x objective-c -ivfsstatcache /Users/hectorgarcia/Library/Developer/Xcode/DerivedData/SDKStatCaches.noindex/iphonesimulator26.2-23C53-823d3e8b6e60bc2018c189d3ca05ba9b.sdkstatcache -fmessage-length\=0 -fdiagnostics-show-note-include-stack -fmacro-backtrace-limit\=0 -fno-color-diagnostics -fmodules-prune-interval\=86400 -fmodules-prune-after\=345600 -fbuild-session-file\=/Users/hectorgarcia/Library/Developer/Xcode/DerivedData/ModuleCache.noindex/Session.modulevalidation -fmodules-validate-once-per-build-session -Wnon-modular-include-in-framework-module -Werror\=non-modular-include-in-framework-module -Wno-trigraphs -Wno-missing-field-initializers -Wno-missing-prototypes -Wno-return-type -Wno-implicit-atomic-properties -Wno-objc-interface-ivars -Wno-arc-repeated-use-of-weak -Wno-missing-braces -Wparentheses -Wswitch -Wno-unused-function -Wno-unused-label -Wno-unused-parameter -Wno-unused-variable -Wunused-value -Wno-empty-body -Wno-uninitialized -Wno-unknown-pragmas -w -Wno-shadow -Wno-four-char-constants -Wno-conversion -Wno-constant-conversion -Wno-int-conversion -Wno-bool-conversion -Wno-enum-conversion -Wno-float-conversion -Wno-non-literal-null-conversion -Wno-objc-literal-conversion -Wshorten-64-to-32 -Wpointer-sign -Wno-newline-eof -Wno-selector -Wno-strict-selector-match -Wno-undeclared-selector -Wno-deprecated-implementations -Wno-implicit-fallthrough -fstrict-aliasing -Wprotocol -Wdeprecated-declarations -Wno-sign-conversion -Wno-infinite-recursion -Wno-comma -Wno-block-capture-autoreleasing -Wno-strict-prototypes -Wno-semicolon-before-method-body -index-store-path /Users/hectorgarcia/Library/Developer/Xcode/DerivedData/Lyo-eagkiegzrakogpczynhkaholsscs/Index.noindex/DataStore @/Users/hectorgarcia/Library/Developer/Xcode/DerivedData/Build/Intermediates.noindex/Firebase.build/Debug-iphonesimulator/FirebaseAuth.build/Objects-normal/x86_64/e6072d4f65d7061329687fe24e3d63a7-common-args.resp -include /Users/hectorgarcia/Library/Developer/Xcode/DerivedData/Build/Intermediates.noindex/Firebase.build/Debug-iphonesimulator/FirebaseAuth.build/DerivedSources/resource_bundle_accessor.h -MMD -MT dependencies -MF /Users/hectorgarcia/Library/Developer/Xcode/DerivedData/Build/Intermediates.noindex/Firebase.build/Debug-iphonesimulator/FirebaseAuth.build/Objects-normal/x86_64/FIRTOTPMultiFactorGenerator.d --serialize-diagnostics /Users/hectorgarcia/Library/Developer/Xcode/DerivedData/Build/Intermediates.noindex/Firebase.build/Debug-iphonesimulator/FirebaseAuth.build/Objects-normal/x86_64/FIRTOTPMultiFactorGenerator.dia -c /Users/hectorgarcia/Library/Developer/Xcode/DerivedData/Lyo-eagkiegzrakogpczynhkaholsscs/SourcePackages/checkouts/firebase-ios-sdk/FirebaseAuth/Sources/MultiFactor/TOTP/FIRTOTPMultiFactorGenerator.m -o /Users/hectorgarcia/Library/Developer/Xcode/DerivedData/Build/Intermediates.noindex/Firebase.build/Debug-iphonesimulator/FirebaseAuth.build/Objects-normal/x86_64/FIRTOTPMultiFactorGenerator.o -index-unit-output-path /Firebase.build/Debug-iphonesimulator/FirebaseAuth.build/Objects-normal/x86_64/FIRTOTPMultiFactorGenerator.o

CompileC /Users/hectorgarcia/Library/Developer/Xcode/DerivedData/Build/Intermediates.noindex/GoogleSignIn.build/Debug-iphonesimulator/GoogleSignIn.build/Objects-normal/x86_64/GIDSignIn.o /Users/hectorgarcia/Library/Developer/Xcode/DerivedData/Lyo-eagkiegzrakogpczynhkaholsscs/SourcePackages/checkouts/GoogleSignIn-iOS/GoogleSignIn/Sources/GIDSignIn.m normal x86_64 objective-c com.apple.compilers.llvm.clang.1_0.compiler (in target 'GoogleSignIn' from project 'GoogleSignIn')
    cd /Users/hectorgarcia/LYO_Da_ONE/Lyo.xcodeproj
    
    Using response file: /Users/hectorgarcia/Library/Developer/Xcode/DerivedData/Build/Intermediates.noindex/GoogleSignIn.build/Debug-iphonesimulator/GoogleSignIn.build/Objects-normal/x86_64/e6072d4f65d7061329687fe24e3d63a7-common-args.resp
    
    /Users/hectorgarcia/Downloads/Xcode.app/Contents/Developer/Toolchains/XcodeDefault.xctoolchain/usr/bin/clang -x objective-c -ivfsstatcache /Users/hectorgarcia/Library/Developer/Xcode/DerivedData/SDKStatCaches.noindex/iphonesimulator26.2-23C53-823d3e8b6e60bc2018c189d3ca05ba9b.sdkstatcache -fmessage-length\=0 -fdiagnostics-show-note-include-stack -fmacro-backtrace-limit\=0 -fno-color-diagnostics -fmodules-prune-interval\=86400 -fmodules-prune-after\=345600 -fbuild-session-file\=/Users/hectorgarcia/Library/Developer/Xcode/DerivedData/ModuleCache.noindex/Session.modulevalidation -fmodules-validate-once-per-build-session -Wnon-modular-include-in-framework-module -Werror\=non-modular-include-in-framework-module -Wno-trigraphs -Wno-missing-field-initializers -Wno-missing-prototypes -Wno-return-type -Wno-implicit-atomic-properties -Wno-objc-interface-ivars -Wno-arc-repeated-use-of-weak -Wno-missing-braces -Wparentheses -Wswitch -Wno-unused-function -Wno-unused-label -Wno-unused-parameter -Wno-unused-variable -Wunused-value -Wno-empty-body -Wno-uninitialized -Wno-unknown-pragmas -w -Wno-shadow -Wno-four-char-constants -Wno-conversion -Wno-constant-conversion -Wno-int-conversion -Wno-bool-conversion -Wno-enum-conversion -Wno-float-conversion -Wno-non-literal-null-conversion -Wno-objc-literal-conversion -Wshorten-64-to-32 -Wpointer-sign -Wno-newline-eof -Wno-selector -Wno-strict-selector-match -Wno-undeclared-selector -Wno-deprecated-implementations -Wno-implicit-fallthrough -fstrict-aliasing -Wprotocol -Wdeprecated-declarations -Wno-sign-conversion -Wno-infinite-recursion -Wno-comma -Wno-block-capture-autoreleasing -Wno-strict-prototypes -Wno-semicolon-before-method-body -index-store-path /Users/hectorgarcia/Library/Developer/Xcode/DerivedData/Lyo-eagkiegzrakogpczynhkaholsscs/Index.noindex/DataStore @/Users/hectorgarcia/Library/Developer/Xcode/DerivedData/Build/Intermediates.noindex/GoogleSignIn.build/Debug-iphonesimulator/GoogleSignIn.build/Objects-normal/x86_64/e6072d4f65d7061329687fe24e3d63a7-common-args.resp -include /Users/hectorgarcia/Library/Developer/Xcode/DerivedData/Build/Intermediates.noindex/GoogleSignIn.build/Debug-iphonesimulator/GoogleSignIn.build/DerivedSources/resource_bundle_accessor.h -MMD -MT dependencies -MF /Users/hectorgarcia/Library/Developer/Xcode/DerivedData/Build/Intermediates.noindex/GoogleSignIn.build/Debug-iphonesimulator/GoogleSignIn.build/Objects-normal/x86_64/GIDSignIn.d --serialize-diagnostics /Users/hectorgarcia/Library/Developer/Xcode/DerivedData/Build/Intermediates.noindex/GoogleSignIn.build/Debug-iphonesimulator/GoogleSignIn.build/Objects-normal/x86_64/GIDSignIn.dia -c /Users/hectorgarcia/Library/Developer/Xcode/DerivedData/Lyo-eagkiegzrakogpczynhkaholsscs/SourcePackages/checkouts/GoogleSignIn-iOS/GoogleSignIn/Sources/GIDSignIn.m -o /Users/hectorgarcia/Library/Developer/Xcode/DerivedData/Build/Intermediates.noindex/GoogleSignIn.build/Debug-iphonesimulator/GoogleSignIn.build/Objects-normal/x86_64/GIDSignIn.o -index-unit-output-path /GoogleSignIn.build/Debug-iphonesimulator/GoogleSignIn.build/Objects-normal/x86_64/GIDSignIn.o

CompileC /Users/hectorgarcia/Library/Developer/Xcode/DerivedData/Build/Intermediates.noindex/GoogleSignIn.build/Debug-iphonesimulator/GoogleSignIn.build/Objects-normal/x86_64/GIDGoogleUser.o /Users/hectorgarcia/Library/Developer/Xcode/DerivedData/Lyo-eagkiegzrakogpczynhkaholsscs/SourcePackages/checkouts/GoogleSignIn-iOS/GoogleSignIn/Sources/GIDGoogleUser.m normal x86_64 objective-c com.apple.compilers.llvm.clang.1_0.compiler (in target 'GoogleSignIn' from project 'GoogleSignIn')
    cd /Users/hectorgarcia/LYO_Da_ONE/Lyo.xcodeproj
    
    Using response file: /Users/hectorgarcia/Library/Developer/Xcode/DerivedData/Build/Intermediates.noindex/GoogleSignIn.build/Debug-iphonesimulator/GoogleSignIn.build/Objects-normal/x86_64/e6072d4f65d7061329687fe24e3d63a7-common-args.resp
    
    /Users/hectorgarcia/Downloads/Xcode.app/Contents/Developer/Toolchains/XcodeDefault.xctoolchain/usr/bin/clang -x objective-c -ivfsstatcache /Users/hectorgarcia/Library/Developer/Xcode/DerivedData/SDKStatCaches.noindex/iphonesimulator26.2-23C53-823d3e8b6e60bc2018c189d3ca05ba9b.sdkstatcache -fmessage-length\=0 -fdiagnostics-show-note-include-stack -fmacro-backtrace-limit\=0 -fno-color-diagnostics -fmodules-prune-interval\=86400 -fmodules-prune-after\=345600 -fbuild-session-file\=/Users/hectorgarcia/Library/Developer/Xcode/DerivedData/ModuleCache.noindex/Session.modulevalidation -fmodules-validate-once-per-build-session -Wnon-modular-include-in-framework-module -Werror\=non-modular-include-in-framework-module -Wno-trigraphs -Wno-missing-field-initializers -Wno-missing-prototypes -Wno-return-type -Wno-implicit-atomic-properties -Wno-objc-interface-ivars -Wno-arc-repeated-use-of-weak -Wno-missing-braces -Wparentheses -Wswitch -Wno-unused-function -Wno-unused-label -Wno-unused-parameter -Wno-unused-variable -Wunused-value -Wno-empty-body -Wno-uninitialized -Wno-unknown-pragmas -w -Wno-shadow -Wno-four-char-constants -Wno-conversion -Wno-constant-conversion -Wno-int-conversion -Wno-bool-conversion -Wno-enum-conversion -Wno-float-conversion -Wno-non-literal-null-conversion -Wno-objc-literal-conversion -Wshorten-64-to-32 -Wpointer-sign -Wno-newline-eof -Wno-selector -Wno-strict-selector-match -Wno-undeclared-selector -Wno-deprecated-implementations -Wno-implicit-fallthrough -fstrict-aliasing -Wprotocol -Wdeprecated-declarations -Wno-sign-conversion -Wno-infinite-recursion -Wno-comma -Wno-block-capture-autoreleasing -Wno-strict-prototypes -Wno-semicolon-before-method-body -index-store-path /Users/hectorgarcia/Library/Developer/Xcode/DerivedData/Lyo-eagkiegzrakogpczynhkaholsscs/Index.noindex/DataStore @/Users/hectorgarcia/Library/Developer/Xcode/DerivedData/Build/Intermediates.noindex/GoogleSignIn.build/Debug-iphonesimulator/GoogleSignIn.build/Objects-normal/x86_64/e6072d4f65d7061329687fe24e3d63a7-common-args.resp -include /Users/hectorgarcia/Library/Developer/Xcode/DerivedData/Build/Intermediates.noindex/GoogleSignIn.build/Debug-iphonesimulator/GoogleSignIn.build/DerivedSources/resource_bundle_accessor.h -MMD -MT dependencies -MF /Users/hectorgarcia/Library/Developer/Xcode/DerivedData/Build/Intermediates.noindex/GoogleSignIn.build/Debug-iphonesimulator/GoogleSignIn.build/Objects-normal/x86_64/GIDGoogleUser.d --serialize-diagnostics /Users/hectorgarcia/Library/Developer/Xcode/DerivedData/Build/Intermediates.noindex/GoogleSignIn.build/Debug-iphonesimulator/GoogleSignIn.build/Objects-normal/x86_64/GIDGoogleUser.dia -c /Users/hectorgarcia/Library/Developer/Xcode/DerivedData/Lyo-eagkiegzrakogpczynhkaholsscs/SourcePackages/checkouts/GoogleSignIn-iOS/GoogleSignIn/Sources/GIDGoogleUser.m -o /Users/hectorgarcia/Library/Developer/Xcode/DerivedData/Build/Intermediates.noindex/GoogleSignIn.build/Debug-iphonesimulator/GoogleSignIn.build/Objects-normal/x86_64/GIDGoogleUser.o -index-unit-output-path /GoogleSignIn.build/Debug-iphonesimulator/GoogleSignIn.build/Objects-normal/x86_64/GIDGoogleUser.o

CompileC /Users/hectorgarcia/Library/Developer/Xcode/DerivedData/Build/Intermediates.noindex/GoogleSignIn.build/Debug-iphonesimulator/GoogleSignIn.build/Objects-normal/x86_64/GIDEMMSupport.o /Users/hectorgarcia/Library/Developer/Xcode/DerivedData/Lyo-eagkiegzrakogpczynhkaholsscs/SourcePackages/checkouts/GoogleSignIn-iOS/GoogleSignIn/Sources/GIDEMMSupport.m normal x86_64 objective-c com.apple.compilers.llvm.clang.1_0.compiler (in target 'GoogleSignIn' from project 'GoogleSignIn')
    cd /Users/hectorgarcia/LYO_Da_ONE/Lyo.xcodeproj
    
    Using response file: /Users/hectorgarcia/Library/Developer/Xcode/DerivedData/Build/Intermediates.noindex/GoogleSignIn.build/Debug-iphonesimulator/GoogleSignIn.build/Objects-normal/x86_64/e6072d4f65d7061329687fe24e3d63a7-common-args.resp
    
    /Users/hectorgarcia/Downloads/Xcode.app/Contents/Developer/Toolchains/XcodeDefault.xctoolchain/usr/bin/clang -x objective-c -ivfsstatcache /Users/hectorgarcia/Library/Developer/Xcode/DerivedData/SDKStatCaches.noindex/iphonesimulator26.2-23C53-823d3e8b6e60bc2018c189d3ca05ba9b.sdkstatcache -fmessage-length\=0 -fdiagnostics-show-note-include-stack -fmacro-backtrace-limit\=0 -fno-color-diagnostics -fmodules-prune-interval\=86400 -fmodules-prune-after\=345600 -fbuild-session-file\=/Users/hectorgarcia/Library/Developer/Xcode/DerivedData/ModuleCache.noindex/Session.modulevalidation -fmodules-validate-once-per-build-session -Wnon-modular-include-in-framework-module -Werror\=non-modular-include-in-framework-module -Wno-trigraphs -Wno-missing-field-initializers -Wno-missing-prototypes -Wno-return-type -Wno-implicit-atomic-properties -Wno-objc-interface-ivars -Wno-arc-repeated-use-of-weak -Wno-missing-braces -Wparentheses -Wswitch -Wno-unused-function -Wno-unused-label -Wno-unused-parameter -Wno-unused-variable -Wunused-value -Wno-empty-body -Wno-uninitialized -Wno-unknown-pragmas -w -Wno-shadow -Wno-four-char-constants -Wno-conversion -Wno-constant-conversion -Wno-int-conversion -Wno-bool-conversion -Wno-enum-conversion -Wno-float-conversion -Wno-non-literal-null-conversion -Wno-objc-literal-conversion -Wshorten-64-to-32 -Wpointer-sign -Wno-newline-eof -Wno-selector -Wno-strict-selector-match -Wno-undeclared-selector -Wno-deprecated-implementations -Wno-implicit-fallthrough -fstrict-aliasing -Wprotocol -Wdeprecated-declarations -Wno-sign-conversion -Wno-infinite-recursion -Wno-comma -Wno-block-capture-autoreleasing -Wno-strict-prototypes -Wno-semicolon-before-method-body -index-store-path /Users/hectorgarcia/Library/Developer/Xcode/DerivedData/Lyo-eagkiegzrakogpczynhkaholsscs/Index.noindex/DataStore @/Users/hectorgarcia/Library/Developer/Xcode/DerivedData/Build/Intermediates.noindex/GoogleSignIn.build/Debug-iphonesimulator/GoogleSignIn.build/Objects-normal/x86_64/e6072d4f65d7061329687fe24e3d63a7-common-args.resp -include /Users/hectorgarcia/Library/Developer/Xcode/DerivedData/Build/Intermediates.noindex/GoogleSignIn.build/Debug-iphonesimulator/GoogleSignIn.build/DerivedSources/resource_bundle_accessor.h -MMD -MT dependencies -MF /Users/hectorgarcia/Library/Developer/Xcode/DerivedData/Build/Intermediates.noindex/GoogleSignIn.build/Debug-iphonesimulator/GoogleSignIn.build/Objects-normal/x86_64/GIDEMMSupport.d --serialize-diagnostics /Users/hectorgarcia/Library/Developer/Xcode/DerivedData/Build/Intermediates.noindex/GoogleSignIn.build/Debug-iphonesimulator/GoogleSignIn.build/Objects-normal/x86_64/GIDEMMSupport.dia -c /Users/hectorgarcia/Library/Developer/Xcode/DerivedData/Lyo-eagkiegzrakogpczynhkaholsscs/SourcePackages/checkouts/GoogleSignIn-iOS/GoogleSignIn/Sources/GIDEMMSupport.m -o /Users/hectorgarcia/Library/Developer/Xcode/DerivedData/Build/Intermediates.noindex/GoogleSignIn.build/Debug-iphonesimulator/GoogleSignIn.build/Objects-normal/x86_64/GIDEMMSupport.o -index-unit-output-path /GoogleSignIn.build/Debug-iphonesimulator/GoogleSignIn.build/Objects-normal/x86_64/GIDEMMSupport.o

CompileC /Users/hectorgarcia/Library/Developer/Xcode/DerivedData/Build/Intermediates.noindex/GoogleSignIn.build/Debug-iphonesimulator/GoogleSignIn.build/Objects-normal/x86_64/GIDAuthStateMigration.o /Users/hectorgarcia/Library/Developer/Xcode/DerivedData/Lyo-eagkiegzrakogpczynhkaholsscs/SourcePackages/checkouts/GoogleSignIn-iOS/GoogleSignIn/Sources/GIDAuthStateMigration.m normal x86_64 objective-c com.apple.compilers.llvm.clang.1_0.compiler (in target 'GoogleSignIn' from project 'GoogleSignIn')
    cd /Users/hectorgarcia/LYO_Da_ONE/Lyo.xcodeproj
    
    Using response file: /Users/hectorgarcia/Library/Developer/Xcode/DerivedData/Build/Intermediates.noindex/GoogleSignIn.build/Debug-iphonesimulator/GoogleSignIn.build/Objects-normal/x86_64/e6072d4f65d7061329687fe24e3d63a7-common-args.resp
    
    /Users/hectorgarcia/Downloads/Xcode.app/Contents/Developer/Toolchains/XcodeDefault.xctoolchain/usr/bin/clang -x objective-c -ivfsstatcache /Users/hectorgarcia/Library/Developer/Xcode/DerivedData/SDKStatCaches.noindex/iphonesimulator26.2-23C53-823d3e8b6e60bc2018c189d3ca05ba9b.sdkstatcache -fmessage-length\=0 -fdiagnostics-show-note-include-stack -fmacro-backtrace-limit\=0 -fno-color-diagnostics -fmodules-prune-interval\=86400 -fmodules-prune-after\=345600 -fbuild-session-file\=/Users/hectorgarcia/Library/Developer/Xcode/DerivedData/ModuleCache.noindex/Session.modulevalidation -fmodules-validate-once-per-build-session -Wnon-modular-include-in-framework-module -Werror\=non-modular-include-in-framework-module -Wno-trigraphs -Wno-missing-field-initializers -Wno-missing-prototypes -Wno-return-type -Wno-implicit-atomic-properties -Wno-objc-interface-ivars -Wno-arc-repeated-use-of-weak -Wno-missing-braces -Wparentheses -Wswitch -Wno-unused-function -Wno-unused-label -Wno-unused-parameter -Wno-unused-variable -Wunused-value -Wno-empty-body -Wno-uninitialized -Wno-unknown-pragmas -w -Wno-shadow -Wno-four-char-constants -Wno-conversion -Wno-constant-conversion -Wno-int-conversion -Wno-bool-conversion -Wno-enum-conversion -Wno-float-conversion -Wno-non-literal-null-conversion -Wno-objc-literal-conversion -Wshorten-64-to-32 -Wpointer-sign -Wno-newline-eof -Wno-selector -Wno-strict-selector-match -Wno-undeclared-selector -Wno-deprecated-implementations -Wno-implicit-fallthrough -fstrict-aliasing -Wprotocol -Wdeprecated-declarations -Wno-sign-conversion -Wno-infinite-recursion -Wno-comma -Wno-block-capture-autoreleasing -Wno-strict-prototypes -Wno-semicolon-before-method-body -index-store-path /Users/hectorgarcia/Library/Developer/Xcode/DerivedData/Lyo-eagkiegzrakogpczynhkaholsscs/Index.noindex/DataStore @/Users/hectorgarcia/Library/Developer/Xcode/DerivedData/Build/Intermediates.noindex/GoogleSignIn.build/Debug-iphonesimulator/GoogleSignIn.build/Objects-normal/x86_64/e6072d4f65d7061329687fe24e3d63a7-common-args.resp -include /Users/hectorgarcia/Library/Developer/Xcode/DerivedData/Build/Intermediates.noindex/GoogleSignIn.build/Debug-iphonesimulator/GoogleSignIn.build/DerivedSources/resource_bundle_accessor.h -MMD -MT dependencies -MF /Users/hectorgarcia/Library/Developer/Xcode/DerivedData/Build/Intermediates.noindex/GoogleSignIn.build/Debug-iphonesimulator/GoogleSignIn.build/Objects-normal/x86_64/GIDAuthStateMigration.d --serialize-diagnostics /Users/hectorgarcia/Library/Developer/Xcode/DerivedData/Build/Intermediates.noindex/GoogleSignIn.build/Debug-iphonesimulator/GoogleSignIn.build/Objects-normal/x86_64/GIDAuthStateMigration.dia -c /Users/hectorgarcia/Library/Developer/Xcode/DerivedData/Lyo-eagkiegzrakogpczynhkaholsscs/SourcePackages/checkouts/GoogleSignIn-iOS/GoogleSignIn/Sources/GIDAuthStateMigration.m -o /Users/hectorgarcia/Library/Developer/Xcode/DerivedData/Build/Intermediates.noindex/GoogleSignIn.build/Debug-iphonesimulator/GoogleSignIn.build/Objects-normal/x86_64/GIDAuthStateMigration.o -index-unit-output-path /GoogleSignIn.build/Debug-iphonesimulator/GoogleSignIn.build/Objects-normal/x86_64/GIDAuthStateMigration.o

CompileC /Users/hectorgarcia/Library/Developer/Xcode/DerivedData/Build/Intermediates.noindex/Firebase.build/Debug-iphonesimulator/FirebaseAuth.build/Objects-normal/x86_64/FIRTOTPSecret.o /Users/hectorgarcia/Library/Developer/Xcode/DerivedData/Lyo-eagkiegzrakogpczynhkaholsscs/SourcePackages/checkouts/firebase-ios-sdk/FirebaseAuth/Sources/MultiFactor/TOTP/FIRTOTPSecret.m normal x86_64 objective-c com.apple.compilers.llvm.clang.1_0.compiler (in target 'FirebaseAuth' from project 'Firebase')
    cd /Users/hectorgarcia/LYO_Da_ONE/Lyo.xcodeproj
    
    Using response file: /Users/hectorgarcia/Library/Developer/Xcode/DerivedData/Build/Intermediates.noindex/Firebase.build/Debug-iphonesimulator/FirebaseAuth.build/Objects-normal/x86_64/e6072d4f65d7061329687fe24e3d63a7-common-args.resp
    
    /Users/hectorgarcia/Downloads/Xcode.app/Contents/Developer/Toolchains/XcodeDefault.xctoolchain/usr/bin/clang -x objective-c -ivfsstatcache /Users/hectorgarcia/Library/Developer/Xcode/DerivedData/SDKStatCaches.noindex/iphonesimulator26.2-23C53-823d3e8b6e60bc2018c189d3ca05ba9b.sdkstatcache -fmessage-length\=0 -fdiagnostics-show-note-include-stack -fmacro-backtrace-limit\=0 -fno-color-diagnostics -fmodules-prune-interval\=86400 -fmodules-prune-after\=345600 -fbuild-session-file\=/Users/hectorgarcia/Library/Developer/Xcode/DerivedData/ModuleCache.noindex/Session.modulevalidation -fmodules-validate-once-per-build-session -Wnon-modular-include-in-framework-module -Werror\=non-modular-include-in-framework-module -Wno-trigraphs -Wno-missing-field-initializers -Wno-missing-prototypes -Wno-return-type -Wno-implicit-atomic-properties -Wno-objc-interface-ivars -Wno-arc-repeated-use-of-weak -Wno-missing-braces -Wparentheses -Wswitch -Wno-unused-function -Wno-unused-label -Wno-unused-parameter -Wno-unused-variable -Wunused-value -Wno-empty-body -Wno-uninitialized -Wno-unknown-pragmas -w -Wno-shadow -Wno-four-char-constants -Wno-conversion -Wno-constant-conversion -Wno-int-conversion -Wno-bool-conversion -Wno-enum-conversion -Wno-float-conversion -Wno-non-literal-null-conversion -Wno-objc-literal-conversion -Wshorten-64-to-32 -Wpointer-sign -Wno-newline-eof -Wno-selector -Wno-strict-selector-match -Wno-undeclared-selector -Wno-deprecated-implementations -Wno-implicit-fallthrough -fstrict-aliasing -Wprotocol -Wdeprecated-declarations -Wno-sign-conversion -Wno-infinite-recursion -Wno-comma -Wno-block-capture-autoreleasing -Wno-strict-prototypes -Wno-semicolon-before-method-body -index-store-path /Users/hectorgarcia/Library/Developer/Xcode/DerivedData/Lyo-eagkiegzrakogpczynhkaholsscs/Index.noindex/DataStore @/Users/hectorgarcia/Library/Developer/Xcode/DerivedData/Build/Intermediates.noindex/Firebase.build/Debug-iphonesimulator/FirebaseAuth.build/Objects-normal/x86_64/e6072d4f65d7061329687fe24e3d63a7-common-args.resp -include /Users/hectorgarcia/Library/Developer/Xcode/DerivedData/Build/Intermediates.noindex/Firebase.build/Debug-iphonesimulator/FirebaseAuth.build/DerivedSources/resource_bundle_accessor.h -MMD -MT dependencies -MF /Users/hectorgarcia/Library/Developer/Xcode/DerivedData/Build/Intermediates.noindex/Firebase.build/Debug-iphonesimulator/FirebaseAuth.build/Objects-normal/x86_64/FIRTOTPSecret.d --serialize-diagnostics /Users/hectorgarcia/Library/Developer/Xcode/DerivedData/Build/Intermediates.noindex/Firebase.build/Debug-iphonesimulator/FirebaseAuth.build/Objects-normal/x86_64/FIRTOTPSecret.dia -c /Users/hectorgarcia/Library/Developer/Xcode/DerivedData/Lyo-eagkiegzrakogpczynhkaholsscs/SourcePackages/checkouts/firebase-ios-sdk/FirebaseAuth/Sources/MultiFactor/TOTP/FIRTOTPSecret.m -o /Users/hectorgarcia/Library/Developer/Xcode/DerivedData/Build/Intermediates.noindex/Firebase.build/Debug-iphonesimulator/FirebaseAuth.build/Objects-normal/x86_64/FIRTOTPSecret.o -index-unit-output-path /Firebase.build/Debug-iphonesimulator/FirebaseAuth.build/Objects-normal/x86_64/FIRTOTPSecret.o

CompileC /Users/hectorgarcia/Library/Developer/Xcode/DerivedData/Build/Intermediates.noindex/Firebase.build/Debug-iphonesimulator/FirebaseAuth.build/Objects-normal/x86_64/FIRTOTPMultiFactorInfo.o /Users/hectorgarcia/Library/Developer/Xcode/DerivedData/Lyo-eagkiegzrakogpczynhkaholsscs/SourcePackages/checkouts/firebase-ios-sdk/FirebaseAuth/Sources/MultiFactor/TOTP/FIRTOTPMultiFactorInfo.m normal x86_64 objective-c com.apple.compilers.llvm.clang.1_0.compiler (in target 'FirebaseAuth' from project 'Firebase')
    cd /Users/hectorgarcia/LYO_Da_ONE/Lyo.xcodeproj
    
    Using response file: /Users/hectorgarcia/Library/Developer/Xcode/DerivedData/Build/Intermediates.noindex/Firebase.build/Debug-iphonesimulator/FirebaseAuth.build/Objects-normal/x86_64/e6072d4f65d7061329687fe24e3d63a7-common-args.resp
    
    /Users/hectorgarcia/Downloads/Xcode.app/Contents/Developer/Toolchains/XcodeDefault.xctoolchain/usr/bin/clang -x objective-c -ivfsstatcache /Users/hectorgarcia/Library/Developer/Xcode/DerivedData/SDKStatCaches.noindex/iphonesimulator26.2-23C53-823d3e8b6e60bc2018c189d3ca05ba9b.sdkstatcache -fmessage-length\=0 -fdiagnostics-show-note-include-stack -fmacro-backtrace-limit\=0 -fno-color-diagnostics -fmodules-prune-interval\=86400 -fmodules-prune-after\=345600 -fbuild-session-file\=/Users/hectorgarcia/Library/Developer/Xcode/DerivedData/ModuleCache.noindex/Session.modulevalidation -fmodules-validate-once-per-build-session -Wnon-modular-include-in-framework-module -Werror\=non-modular-include-in-framework-module -Wno-trigraphs -Wno-missing-field-initializers -Wno-missing-prototypes -Wno-return-type -Wno-implicit-atomic-properties -Wno-objc-interface-ivars -Wno-arc-repeated-use-of-weak -Wno-missing-braces -Wparentheses -Wswitch -Wno-unused-function -Wno-unused-label -Wno-unused-parameter -Wno-unused-variable -Wunused-value -Wno-empty-body -Wno-uninitialized -Wno-unknown-pragmas -w -Wno-shadow -Wno-four-char-constants -Wno-conversion -Wno-constant-conversion -Wno-int-conversion -Wno-bool-conversion -Wno-enum-conversion -Wno-float-conversion -Wno-non-literal-null-conversion -Wno-objc-literal-conversion -Wshorten-64-to-32 -Wpointer-sign -Wno-newline-eof -Wno-selector -Wno-strict-selector-match -Wno-undeclared-selector -Wno-deprecated-implementations -Wno-implicit-fallthrough -fstrict-aliasing -Wprotocol -Wdeprecated-declarations -Wno-sign-conversion -Wno-infinite-recursion -Wno-comma -Wno-block-capture-autoreleasing -Wno-strict-prototypes -Wno-semicolon-before-method-body -index-store-path /Users/hectorgarcia/Library/Developer/Xcode/DerivedData/Lyo-eagkiegzrakogpczynhkaholsscs/Index.noindex/DataStore @/Users/hectorgarcia/Library/Developer/Xcode/DerivedData/Build/Intermediates.noindex/Firebase.build/Debug-iphonesimulator/FirebaseAuth.build/Objects-normal/x86_64/e6072d4f65d7061329687fe24e3d63a7-common-args.resp -include /Users/hectorgarcia/Library/Developer/Xcode/DerivedData/Build/Intermediates.noindex/Firebase.build/Debug-iphonesimulator/FirebaseAuth.build/DerivedSources/resource_bundle_accessor.h -MMD -MT dependencies -MF /Users/hectorgarcia/Library/Developer/Xcode/DerivedData/Build/Intermediates.noindex/Firebase.build/Debug-iphonesimulator/FirebaseAuth.build/Objects-normal/x86_64/FIRTOTPMultiFactorInfo.d --serialize-diagnostics /Users/hectorgarcia/Library/Developer/Xcode/DerivedData/Build/Intermediates.noindex/Firebase.build/Debug-iphonesimulator/FirebaseAuth.build/Objects-normal/x86_64/FIRTOTPMultiFactorInfo.dia -c /Users/hectorgarcia/Library/Developer/Xcode/DerivedData/Lyo-eagkiegzrakogpczynhkaholsscs/SourcePackages/checkouts/firebase-ios-sdk/FirebaseAuth/Sources/MultiFactor/TOTP/FIRTOTPMultiFactorInfo.m -o /Users/hectorgarcia/Library/Developer/Xcode/DerivedData/Build/Intermediates.noindex/Firebase.build/Debug-iphonesimulator/FirebaseAuth.build/Objects-normal/x86_64/FIRTOTPMultiFactorInfo.o -index-unit-output-path /Firebase.build/Debug-iphonesimulator/FirebaseAuth.build/Objects-normal/x86_64/FIRTOTPMultiFactorInfo.o

CompileC /Users/hectorgarcia/Library/Developer/Xcode/DerivedData/Build/Intermediates.noindex/Firebase.build/Debug-iphonesimulator/FirebaseAuth.build/Objects-normal/x86_64/FIRTOTPMultiFactorGenerator.o /Users/hectorgarcia/Library/Developer/Xcode/DerivedData/Lyo-eagkiegzrakogpczynhkaholsscs/SourcePackages/checkouts/firebase-ios-sdk/FirebaseAuth/Sources/MultiFactor/TOTP/FIRTOTPMultiFactorGenerator.m normal x86_64 objective-c com.apple.compilers.llvm.clang.1_0.compiler (in target 'FirebaseAuth' from project 'Firebase')
    cd /Users/hectorgarcia/LYO_Da_ONE/Lyo.xcodeproj
    
    Using response file: /Users/hectorgarcia/Library/Developer/Xcode/DerivedData/Build/Intermediates.noindex/Firebase.build/Debug-iphonesimulator/FirebaseAuth.build/Objects-normal/x86_64/e6072d4f65d7061329687fe24e3d63a7-common-args.resp
    
    /Users/hectorgarcia/Downloads/Xcode.app/Contents/Developer/Toolchains/XcodeDefault.xctoolchain/usr/bin/clang -x objective-c -ivfsstatcache /Users/hectorgarcia/Library/Developer/Xcode/DerivedData/SDKStatCaches.noindex/iphonesimulator26.2-23C53-823d3e8b6e60bc2018c189d3ca05ba9b.sdkstatcache -fmessage-length\=0 -fdiagnostics-show-note-include-stack -fmacro-backtrace-limit\=0 -fno-color-diagnostics -fmodules-prune-interval\=86400 -fmodules-prune-after\=345600 -fbuild-session-file\=/Users/hectorgarcia/Library/Developer/Xcode/DerivedData/ModuleCache.noindex/Session.modulevalidation -fmodules-validate-once-per-build-session -Wnon-modular-include-in-framework-module -Werror\=non-modular-include-in-framework-module -Wno-trigraphs -Wno-missing-field-initializers -Wno-missing-prototypes -Wno-return-type -Wno-implicit-atomic-properties -Wno-objc-interface-ivars -Wno-arc-repeated-use-of-weak -Wno-missing-braces -Wparentheses -Wswitch -Wno-unused-function -Wno-unused-label -Wno-unused-parameter -Wno-unused-variable -Wunused-value -Wno-empty-body -Wno-uninitialized -Wno-unknown-pragmas -w -Wno-shadow -Wno-four-char-constants -Wno-conversion -Wno-constant-conversion -Wno-int-conversion -Wno-bool-conversion -Wno-enum-conversion -Wno-float-conversion -Wno-non-literal-null-conversion -Wno-objc-literal-conversion -Wshorten-64-to-32 -Wpointer-sign -Wno-newline-eof -Wno-selector -Wno-strict-selector-match -Wno-undeclared-selector -Wno-deprecated-implementations -Wno-implicit-fallthrough -fstrict-aliasing -Wprotocol -Wdeprecated-declarations -Wno-sign-conversion -Wno-infinite-recursion -Wno-comma -Wno-block-capture-autoreleasing -Wno-strict-prototypes -Wno-semicolon-before-method-body -index-store-path /Users/hectorgarcia/Library/Developer/Xcode/DerivedData/Lyo-eagkiegzrakogpczynhkaholsscs/Index.noindex/DataStore @/Users/hectorgarcia/Library/Developer/Xcode/DerivedData/Build/Intermediates.noindex/Firebase.build/Debug-iphonesimulator/FirebaseAuth.build/Objects-normal/x86_64/e6072d4f65d7061329687fe24e3d63a7-common-args.resp -include /Users/hectorgarcia/Library/Developer/Xcode/DerivedData/Build/Intermediates.noindex/Firebase.build/Debug-iphonesimulator/FirebaseAuth.build/DerivedSources/resource_bundle_accessor.h -MMD -MT dependencies -MF /Users/hectorgarcia/Library/Developer/Xcode/DerivedData/Build/Intermediates.noindex/Firebase.build/Debug-iphonesimulator/FirebaseAuth.build/Objects-normal/x86_64/FIRTOTPMultiFactorGenerator.d --serialize-diagnostics /Users/hectorgarcia/Library/Developer/Xcode/DerivedData/Build/Intermediates.noindex/Firebase.build/Debug-iphonesimulator/FirebaseAuth.build/Objects-normal/x86_64/FIRTOTPMultiFactorGenerator.dia -c /Users/hectorgarcia/Library/Developer/Xcode/DerivedData/Lyo-eagkiegzrakogpczynhkaholsscs/SourcePackages/checkouts/firebase-ios-sdk/FirebaseAuth/Sources/MultiFactor/TOTP/FIRTOTPMultiFactorGenerator.m -o /Users/hectorgarcia/Library/Developer/Xcode/DerivedData/Build/Intermediates.noindex/Firebase.build/Debug-iphonesimulator/FirebaseAuth.build/Objects-normal/x86_64/FIRTOTPMultiFactorGenerator.o -index-unit-output-path /Firebase.build/Debug-iphonesimulator/FirebaseAuth.build/Objects-normal/x86_64/FIRTOTPMultiFactorGenerator.o

PrecompileModule /Users/hectorgarcia/Library/Developer/Xcode/DerivedData/Build/Intermediates.noindex/ExplicitPrecompiledModules/ObjectiveC-EBHG2Z72RJ8HI2PM0IMR2EPN3.scan
    cd /
    builtin-precompileModule /Users/hectorgarcia/Library/Developer/Xcode/DerivedData/Build/Intermediates.noindex/ExplicitPrecompiledModules/ObjectiveC-EBHG2Z72RJ8HI2PM0IMR2EPN3.scan

ScanDependencies /Users/hectorgarcia/Library/Developer/Xcode/DerivedData/Build/Intermediates.noindex/Firebase.build/Debug-iphonesimulator/FirebaseAuth.build/Objects-normal/x86_64/FIRTOTPMultiFactorAssertion.o /Users/hectorgarcia/Library/Developer/Xcode/DerivedData/Lyo-eagkiegzrakogpczynhkaholsscs/SourcePackages/checkouts/firebase-ios-sdk/FirebaseAuth/Sources/MultiFactor/TOTP/FIRTOTPMultiFactorAssertion.m normal x86_64 objective-c com.apple.compilers.llvm.clang.1_0.compiler (in target 'FirebaseAuth' from project 'Firebase')
    cd /Users/hectorgarcia/LYO_Da_ONE/Lyo.xcodeproj
    
    Using response file: /Users/hectorgarcia/Library/Developer/Xcode/DerivedData/Build/Intermediates.noindex/Firebase.build/Debug-iphonesimulator/FirebaseAuth.build/Objects-normal/x86_64/e6072d4f65d7061329687fe24e3d63a7-common-args.resp
    
    builtin-ScanDependencies -o /Users/hectorgarcia/Library/Developer/Xcode/DerivedData/Build/Intermediates.noindex/Firebase.build/Debug-iphonesimulator/FirebaseAuth.build/Objects-normal/x86_64/FIRTOTPMultiFactorAssertion.o.scan -- /Users/hectorgarcia/Downloads/Xcode.app/Contents/Developer/Toolchains/XcodeDefault.xctoolchain/usr/bin/clang -x objective-c -ivfsstatcache /Users/hectorgarcia/Library/Developer/Xcode/DerivedData/SDKStatCaches.noindex/iphonesimulator26.2-23C53-823d3e8b6e60bc2018c189d3ca05ba9b.sdkstatcache -fmessage-length\=0 -fdiagnostics-show-note-include-stack -fmacro-backtrace-limit\=0 -fno-color-diagnostics -fmodules-prune-interval\=86400 -fmodules-prune-after\=345600 -fbuild-session-file\=/Users/hectorgarcia/Library/Developer/Xcode/DerivedData/ModuleCache.noindex/Session.modulevalidation -fmodules-validate-once-per-build-session -Wnon-modular-include-in-framework-module -Werror\=non-modular-include-in-framework-module -Wno-trigraphs -Wno-missing-field-initializers -Wno-missing-prototypes -Wno-return-type -Wno-implicit-atomic-properties -Wno-objc-interface-ivars -Wno-arc-repeated-use-of-weak -Wno-missing-braces -Wparentheses -Wswitch -Wno-unused-function -Wno-unused-label -Wno-unused-parameter -Wno-unused-variable -Wunused-value -Wno-empty-body -Wno-uninitialized -Wno-unknown-pragmas -w -Wno-shadow -Wno-four-char-constants -Wno-conversion -Wno-constant-conversion -Wno-int-conversion -Wno-bool-conversion -Wno-enum-conversion -Wno-float-conversion -Wno-non-literal-null-conversion -Wno-objc-literal-conversion -Wshorten-64-to-32 -Wpointer-sign -Wno-newline-eof -Wno-selector -Wno-strict-selector-match -Wno-undeclared-selector -Wno-deprecated-implementations -Wno-implicit-fallthrough -fstrict-aliasing -Wprotocol -Wdeprecated-declarations -Wno-sign-conversion -Wno-infinite-recursion -Wno-comma -Wno-block-capture-autoreleasing -Wno-strict-prototypes -Wno-semicolon-before-method-body -index-store-path /Users/hectorgarcia/Library/Developer/Xcode/DerivedData/Lyo-eagkiegzrakogpczynhkaholsscs/Index.noindex/DataStore @/Users/hectorgarcia/Library/Developer/Xcode/DerivedData/Build/Intermediates.noindex/Firebase.build/Debug-iphonesimulator/FirebaseAuth.build/Objects-normal/x86_64/e6072d4f65d7061329687fe24e3d63a7-common-args.resp -include /Users/hectorgarcia/Library/Developer/Xcode/DerivedData/Build/Intermediates.noindex/Firebase.build/Debug-iphonesimulator/FirebaseAuth.build/DerivedSources/resource_bundle_accessor.h -MMD -MT dependencies -MF /Users/hectorgarcia/Library/Developer/Xcode/DerivedData/Build/Intermediates.noindex/Firebase.build/Debug-iphonesimulator/FirebaseAuth.build/Objects-normal/x86_64/FIRTOTPMultiFactorAssertion.d --serialize-diagnostics /Users/hectorgarcia/Library/Developer/Xcode/DerivedData/Build/Intermediates.noindex/Firebase.build/Debug-iphonesimulator/FirebaseAuth.build/Objects-normal/x86_64/FIRTOTPMultiFactorAssertion.dia -c /Users/hectorgarcia/Library/Developer/Xcode/DerivedData/Lyo-eagkiegzrakogpczynhkaholsscs/SourcePackages/checkouts/firebase-ios-sdk/FirebaseAuth/Sources/MultiFactor/TOTP/FIRTOTPMultiFactorAssertion.m -o /Users/hectorgarcia/Library/Developer/Xcode/DerivedData/Build/Intermediates.noindex/Firebase.build/Debug-iphonesimulator/FirebaseAuth.build/Objects-normal/x86_64/FIRTOTPMultiFactorAssertion.o -index-unit-output-path /Firebase.build/Debug-iphonesimulator/FirebaseAuth.build/Objects-normal/x86_64/FIRTOTPMultiFactorAssertion.o

ScanDependencies /Users/hectorgarcia/Library/Developer/Xcode/DerivedData/Build/Intermediates.noindex/Firebase.build/Debug-iphonesimulator/FirebaseAuth.build/Objects-normal/x86_64/FIRStartMFASignInResponse.o /Users/hectorgarcia/Library/Developer/Xcode/DerivedData/Lyo-eagkiegzrakogpczynhkaholsscs/SourcePackages/checkouts/firebase-ios-sdk/FirebaseAuth/Sources/Backend/RPC/MultiFactor/SignIn/FIRStartMFASignInResponse.m normal x86_64 objective-c com.apple.compilers.llvm.clang.1_0.compiler (in target 'FirebaseAuth' from project 'Firebase')
    cd /Users/hectorgarcia/LYO_Da_ONE/Lyo.xcodeproj
    
    Using response file: /Users/hectorgarcia/Library/Developer/Xcode/DerivedData/Build/Intermediates.noindex/Firebase.build/Debug-iphonesimulator/FirebaseAuth.build/Objects-normal/x86_64/e6072d4f65d7061329687fe24e3d63a7-common-args.resp
    
    builtin-ScanDependencies -o /Users/hectorgarcia/Library/Developer/Xcode/DerivedData/Build/Intermediates.noindex/Firebase.build/Debug-iphonesimulator/FirebaseAuth.build/Objects-normal/x86_64/FIRStartMFASignInResponse.o.scan -- /Users/hectorgarcia/Downloads/Xcode.app/Contents/Developer/Toolchains/XcodeDefault.xctoolchain/usr/bin/clang -x objective-c -ivfsstatcache /Users/hectorgarcia/Library/Developer/Xcode/DerivedData/SDKStatCaches.noindex/iphonesimulator26.2-23C53-823d3e8b6e60bc2018c189d3ca05ba9b.sdkstatcache -fmessage-length\=0 -fdiagnostics-show-note-include-stack -fmacro-backtrace-limit\=0 -fno-color-diagnostics -fmodules-prune-interval\=86400 -fmodules-prune-after\=345600 -fbuild-session-file\=/Users/hectorgarcia/Library/Developer/Xcode/DerivedData/ModuleCache.noindex/Session.modulevalidation -fmodules-validate-once-per-build-session -Wnon-modular-include-in-framework-module -Werror\=non-modular-include-in-framework-module -Wno-trigraphs -Wno-missing-field-initializers -Wno-missing-prototypes -Wno-return-type -Wno-implicit-atomic-properties -Wno-objc-interface-ivars -Wno-arc-repeated-use-of-weak -Wno-missing-braces -Wparentheses -Wswitch -Wno-unused-function -Wno-unused-label -Wno-unused-parameter -Wno-unused-variable -Wunused-value -Wno-empty-body -Wno-uninitialized -Wno-unknown-pragmas -w -Wno-shadow -Wno-four-char-constants -Wno-conversion -Wno-constant-conversion -Wno-int-conversion -Wno-bool-conversion -Wno-enum-conversion -Wno-float-conversion -Wno-non-literal-null-conversion -Wno-objc-literal-conversion -Wshorten-64-to-32 -Wpointer-sign -Wno-newline-eof -Wno-selector -Wno-strict-selector-match -Wno-undeclared-selector -Wno-deprecated-implementations -Wno-implicit-fallthrough -fstrict-aliasing -Wprotocol -Wdeprecated-declarations -Wno-sign-conversion -Wno-infinite-recursion -Wno-comma -Wno-block-capture-autoreleasing -Wno-strict-prototypes -Wno-semicolon-before-method-body -index-store-path /Users/hectorgarcia/Library/Developer/Xcode/DerivedData/Lyo-eagkiegzrakogpczynhkaholsscs/Index.noindex/DataStore @/Users/hectorgarcia/Library/Developer/Xcode/DerivedData/Build/Intermediates.noindex/Firebase.build/Debug-iphonesimulator/FirebaseAuth.build/Objects-normal/x86_64/e6072d4f65d7061329687fe24e3d63a7-common-args.resp -include /Users/hectorgarcia/Library/Developer/Xcode/DerivedData/Build/Intermediates.noindex/Firebase.build/Debug-iphonesimulator/FirebaseAuth.build/DerivedSources/resource_bundle_accessor.h -MMD -MT dependencies -MF /Users/hectorgarcia/Library/Developer/Xcode/DerivedData/Build/Intermediates.noindex/Firebase.build/Debug-iphonesimulator/FirebaseAuth.build/Objects-normal/x86_64/FIRStartMFASignInResponse.d --serialize-diagnostics /Users/hectorgarcia/Library/Developer/Xcode/DerivedData/Build/Intermediates.noindex/Firebase.build/Debug-iphonesimulator/FirebaseAuth.build/Objects-normal/x86_64/FIRStartMFASignInResponse.dia -c /Users/hectorgarcia/Library/Developer/Xcode/DerivedData/Lyo-eagkiegzrakogpczynhkaholsscs/SourcePackages/checkouts/firebase-ios-sdk/FirebaseAuth/Sources/Backend/RPC/MultiFactor/SignIn/FIRStartMFASignInResponse.m -o /Users/hectorgarcia/Library/Developer/Xcode/DerivedData/Build/Intermediates.noindex/Firebase.build/Debug-iphonesimulator/FirebaseAuth.build/Objects-normal/x86_64/FIRStartMFASignInResponse.o -index-unit-output-path /Firebase.build/Debug-iphonesimulator/FirebaseAuth.build/Objects-normal/x86_64/FIRStartMFASignInResponse.o

ScanDependencies /Users/hectorgarcia/Library/Developer/Xcode/DerivedData/Build/Intermediates.noindex/Firebase.build/Debug-iphonesimulator/FirebaseAuth.build/Objects-normal/x86_64/FIRStartMFASignInRequest.o /Users/hectorgarcia/Library/Developer/Xcode/DerivedData/Lyo-eagkiegzrakogpczynhkaholsscs/SourcePackages/checkouts/firebase-ios-sdk/FirebaseAuth/Sources/Backend/RPC/MultiFactor/SignIn/FIRStartMFASignInRequest.m normal x86_64 objective-c com.apple.compilers.llvm.clang.1_0.compiler (in target 'FirebaseAuth' from project 'Firebase')
    cd /Users/hectorgarcia/LYO_Da_ONE/Lyo.xcodeproj
    
    Using response file: /Users/hectorgarcia/Library/Developer/Xcode/DerivedData/Build/Intermediates.noindex/Firebase.build/Debug-iphonesimulator/FirebaseAuth.build/Objects-normal/x86_64/e6072d4f65d7061329687fe24e3d63a7-common-args.resp
    
    builtin-ScanDependencies -o /Users/hectorgarcia/Library/Developer/Xcode/DerivedData/Build/Intermediates.noindex/Firebase.build/Debug-iphonesimulator/FirebaseAuth.build/Objects-normal/x86_64/FIRStartMFASignInRequest.o.scan -- /Users/hectorgarcia/Downloads/Xcode.app/Contents/Developer/Toolchains/XcodeDefault.xctoolchain/usr/bin/clang -x objective-c -ivfsstatcache /Users/hectorgarcia/Library/Developer/Xcode/DerivedData/SDKStatCaches.noindex/iphonesimulator26.2-23C53-823d3e8b6e60bc2018c189d3ca05ba9b.sdkstatcache -fmessage-length\=0 -fdiagnostics-show-note-include-stack -fmacro-backtrace-limit\=0 -fno-color-diagnostics -fmodules-prune-interval\=86400 -fmodules-prune-after\=345600 -fbuild-session-file\=/Users/hectorgarcia/Library/Developer/Xcode/DerivedData/ModuleCache.noindex/Session.modulevalidation -fmodules-validate-once-per-build-session -Wnon-modular-include-in-framework-module -Werror\=non-modular-include-in-framework-module -Wno-trigraphs -Wno-missing-field-initializers -Wno-missing-prototypes -Wno-return-type -Wno-implicit-atomic-properties -Wno-objc-interface-ivars -Wno-arc-repeated-use-of-weak -Wno-missing-braces -Wparentheses -Wswitch -Wno-unused-function -Wno-unused-label -Wno-unused-parameter -Wno-unused-variable -Wunused-value -Wno-empty-body -Wno-uninitialized -Wno-unknown-pragmas -w -Wno-shadow -Wno-four-char-constants -Wno-conversion -Wno-constant-conversion -Wno-int-conversion -Wno-bool-conversion -Wno-enum-conversion -Wno-float-conversion -Wno-non-literal-null-conversion -Wno-objc-literal-conversion -Wshorten-64-to-32 -Wpointer-sign -Wno-newline-eof -Wno-selector -Wno-strict-selector-match -Wno-undeclared-selector -Wno-deprecated-implementations -Wno-implicit-fallthrough -fstrict-aliasing -Wprotocol -Wdeprecated-declarations -Wno-sign-conversion -Wno-infinite-recursion -Wno-comma -Wno-block-capture-autoreleasing -Wno-strict-prototypes -Wno-semicolon-before-method-body -index-store-path /Users/hectorgarcia/Library/Developer/Xcode/DerivedData/Lyo-eagkiegzrakogpczynhkaholsscs/Index.noindex/DataStore @/Users/hectorgarcia/Library/Developer/Xcode/DerivedData/Build/Intermediates.noindex/Firebase.build/Debug-iphonesimulator/FirebaseAuth.build/Objects-normal/x86_64/e6072d4f65d7061329687fe24e3d63a7-common-args.resp -include /Users/hectorgarcia/Library/Developer/Xcode/DerivedData/Build/Intermediates.noindex/Firebase.build/Debug-iphonesimulator/FirebaseAuth.build/DerivedSources/resource_bundle_accessor.h -MMD -MT dependencies -MF /Users/hectorgarcia/Library/Developer/Xcode/DerivedData/Build/Intermediates.noindex/Firebase.build/Debug-iphonesimulator/FirebaseAuth.build/Objects-normal/x86_64/FIRStartMFASignInRequest.d --serialize-diagnostics /Users/hectorgarcia/Library/Developer/Xcode/DerivedData/Build/Intermediates.noindex/Firebase.build/Debug-iphonesimulator/FirebaseAuth.build/Objects-normal/x86_64/FIRStartMFASignInRequest.dia -c /Users/hectorgarcia/Library/Developer/Xcode/DerivedData/Lyo-eagkiegzrakogpczynhkaholsscs/SourcePackages/checkouts/firebase-ios-sdk/FirebaseAuth/Sources/Backend/RPC/MultiFactor/SignIn/FIRStartMFASignInRequest.m -o /Users/hectorgarcia/Library/Developer/Xcode/DerivedData/Build/Intermediates.noindex/Firebase.build/Debug-iphonesimulator/FirebaseAuth.build/Objects-normal/x86_64/FIRStartMFASignInRequest.o -index-unit-output-path /Firebase.build/Debug-iphonesimulator/FirebaseAuth.build/Objects-normal/x86_64/FIRStartMFASignInRequest.o

ScanDependencies /Users/hectorgarcia/Library/Developer/Xcode/DerivedData/Build/Intermediates.noindex/Firebase.build/Debug-iphonesimulator/FirebaseAuth.build/Objects-normal/x86_64/FIRStartMFAEnrollmentResponse.o /Users/hectorgarcia/Library/Developer/Xcode/DerivedData/Lyo-eagkiegzrakogpczynhkaholsscs/SourcePackages/checkouts/firebase-ios-sdk/FirebaseAuth/Sources/Backend/RPC/MultiFactor/Enroll/FIRStartMFAEnrollmentResponse.m normal x86_64 objective-c com.apple.compilers.llvm.clang.1_0.compiler (in target 'FirebaseAuth' from project 'Firebase')
    cd /Users/hectorgarcia/LYO_Da_ONE/Lyo.xcodeproj
    
    Using response file: /Users/hectorgarcia/Library/Developer/Xcode/DerivedData/Build/Intermediates.noindex/Firebase.build/Debug-iphonesimulator/FirebaseAuth.build/Objects-normal/x86_64/e6072d4f65d7061329687fe24e3d63a7-common-args.resp
    
    builtin-ScanDependencies -o /Users/hectorgarcia/Library/Developer/Xcode/DerivedData/Build/Intermediates.noindex/Firebase.build/Debug-iphonesimulator/FirebaseAuth.build/Objects-normal/x86_64/FIRStartMFAEnrollmentResponse.o.scan -- /Users/hectorgarcia/Downloads/Xcode.app/Contents/Developer/Toolchains/XcodeDefault.xctoolchain/usr/bin/clang -x objective-c -ivfsstatcache /Users/hectorgarcia/Library/Developer/Xcode/DerivedData/SDKStatCaches.noindex/iphonesimulator26.2-23C53-823d3e8b6e60bc2018c189d3ca05ba9b.sdkstatcache -fmessage-length\=0 -fdiagnostics-show-note-include-stack -fmacro-backtrace-limit\=0 -fno-color-diagnostics -fmodules-prune-interval\=86400 -fmodules-prune-after\=345600 -fbuild-session-file\=/Users/hectorgarcia/Library/Developer/Xcode/DerivedData/ModuleCache.noindex/Session.modulevalidation -fmodules-validate-once-per-build-session -Wnon-modular-include-in-framework-module -Werror\=non-modular-include-in-framework-module -Wno-trigraphs -Wno-missing-field-initializers -Wno-missing-prototypes -Wno-return-type -Wno-implicit-atomic-properties -Wno-objc-interface-ivars -Wno-arc-repeated-use-of-weak -Wno-missing-braces -Wparentheses -Wswitch -Wno-unused-function -Wno-unused-label -Wno-unused-parameter -Wno-unused-variable -Wunused-value -Wno-empty-body -Wno-uninitialized -Wno-unknown-pragmas -w -Wno-shadow -Wno-four-char-constants -Wno-conversion -Wno-constant-conversion -Wno-int-conversion -Wno-bool-conversion -Wno-enum-conversion -Wno-float-conversion -Wno-non-literal-null-conversion -Wno-objc-literal-conversion -Wshorten-64-to-32 -Wpointer-sign -Wno-newline-eof -Wno-selector -Wno-strict-selector-match -Wno-undeclared-selector -Wno-deprecated-implementations -Wno-implicit-fallthrough -fstrict-aliasing -Wprotocol -Wdeprecated-declarations -Wno-sign-conversion -Wno-infinite-recursion -Wno-comma -Wno-block-capture-autoreleasing -Wno-strict-prototypes -Wno-semicolon-before-method-body -index-store-path /Users/hectorgarcia/Library/Developer/Xcode/DerivedData/Lyo-eagkiegzrakogpczynhkaholsscs/Index.noindex/DataStore @/Users/hectorgarcia/Library/Developer/Xcode/DerivedData/Build/Intermediates.noindex/Firebase.build/Debug-iphonesimulator/FirebaseAuth.build/Objects-normal/x86_64/e6072d4f65d7061329687fe24e3d63a7-common-args.resp -include /Users/hectorgarcia/Library/Developer/Xcode/DerivedData/Build/Intermediates.noindex/Firebase.build/Debug-iphonesimulator/FirebaseAuth.build/DerivedSources/resource_bundle_accessor.h -MMD -MT dependencies -MF /Users/hectorgarcia/Library/Developer/Xcode/DerivedData/Build/Intermediates.noindex/Firebase.build/Debug-iphonesimulator/FirebaseAuth.build/Objects-normal/x86_64/FIRStartMFAEnrollmentResponse.d --serialize-diagnostics /Users/hectorgarcia/Library/Developer/Xcode/DerivedData/Build/Intermediates.noindex/Firebase.build/Debug-iphonesimulator/FirebaseAuth.build/Objects-normal/x86_64/FIRStartMFAEnrollmentResponse.dia -c /Users/hectorgarcia/Library/Developer/Xcode/DerivedData/Lyo-eagkiegzrakogpczynhkaholsscs/SourcePackages/checkouts/firebase-ios-sdk/FirebaseAuth/Sources/Backend/RPC/MultiFactor/Enroll/FIRStartMFAEnrollmentResponse.m -o /Users/hectorgarcia/Library/Developer/Xcode/DerivedData/Build/Intermediates.noindex/Firebase.build/Debug-iphonesimulator/FirebaseAuth.build/Objects-normal/x86_64/FIRStartMFAEnrollmentResponse.o -index-unit-output-path /Firebase.build/Debug-iphonesimulator/FirebaseAuth.build/Objects-normal/x86_64/FIRStartMFAEnrollmentResponse.o

CompileC /Users/hectorgarcia/Library/Developer/Xcode/DerivedData/Build/Intermediates.noindex/Firebase.build/Debug-iphonesimulator/FirebaseAuth.build/Objects-normal/x86_64/FIRTOTPMultiFactorAssertion.o /Users/hectorgarcia/Library/Developer/Xcode/DerivedData/Lyo-eagkiegzrakogpczynhkaholsscs/SourcePackages/checkouts/firebase-ios-sdk/FirebaseAuth/Sources/MultiFactor/TOTP/FIRTOTPMultiFactorAssertion.m normal x86_64 objective-c com.apple.compilers.llvm.clang.1_0.compiler (in target 'FirebaseAuth' from project 'Firebase')
    cd /Users/hectorgarcia/LYO_Da_ONE/Lyo.xcodeproj
    
    Using response file: /Users/hectorgarcia/Library/Developer/Xcode/DerivedData/Build/Intermediates.noindex/Firebase.build/Debug-iphonesimulator/FirebaseAuth.build/Objects-normal/x86_64/e6072d4f65d7061329687fe24e3d63a7-common-args.resp
    
    /Users/hectorgarcia/Downloads/Xcode.app/Contents/Developer/Toolchains/XcodeDefault.xctoolchain/usr/bin/clang -x objective-c -ivfsstatcache /Users/hectorgarcia/Library/Developer/Xcode/DerivedData/SDKStatCaches.noindex/iphonesimulator26.2-23C53-823d3e8b6e60bc2018c189d3ca05ba9b.sdkstatcache -fmessage-length\=0 -fdiagnostics-show-note-include-stack -fmacro-backtrace-limit\=0 -fno-color-diagnostics -fmodules-prune-interval\=86400 -fmodules-prune-after\=345600 -fbuild-session-file\=/Users/hectorgarcia/Library/Developer/Xcode/DerivedData/ModuleCache.noindex/Session.modulevalidation -fmodules-validate-once-per-build-session -Wnon-modular-include-in-framework-module -Werror\=non-modular-include-in-framework-module -Wno-trigraphs -Wno-missing-field-initializers -Wno-missing-prototypes -Wno-return-type -Wno-implicit-atomic-properties -Wno-objc-interface-ivars -Wno-arc-repeated-use-of-weak -Wno-missing-braces -Wparentheses -Wswitch -Wno-unused-function -Wno-unused-label -Wno-unused-parameter -Wno-unused-variable -Wunused-value -Wno-empty-body -Wno-uninitialized -Wno-unknown-pragmas -w -Wno-shadow -Wno-four-char-constants -Wno-conversion -Wno-constant-conversion -Wno-int-conversion -Wno-bool-conversion -Wno-enum-conversion -Wno-float-conversion -Wno-non-literal-null-conversion -Wno-objc-literal-conversion -Wshorten-64-to-32 -Wpointer-sign -Wno-newline-eof -Wno-selector -Wno-strict-selector-match -Wno-undeclared-selector -Wno-deprecated-implementations -Wno-implicit-fallthrough -fstrict-aliasing -Wprotocol -Wdeprecated-declarations -Wno-sign-conversion -Wno-infinite-recursion -Wno-comma -Wno-block-capture-autoreleasing -Wno-strict-prototypes -Wno-semicolon-before-method-body -index-store-path /Users/hectorgarcia/Library/Developer/Xcode/DerivedData/Lyo-eagkiegzrakogpczynhkaholsscs/Index.noindex/DataStore @/Users/hectorgarcia/Library/Developer/Xcode/DerivedData/Build/Intermediates.noindex/Firebase.build/Debug-iphonesimulator/FirebaseAuth.build/Objects-normal/x86_64/e6072d4f65d7061329687fe24e3d63a7-common-args.resp -include /Users/hectorgarcia/Library/Developer/Xcode/DerivedData/Build/Intermediates.noindex/Firebase.build/Debug-iphonesimulator/FirebaseAuth.build/DerivedSources/resource_bundle_accessor.h -MMD -MT dependencies -MF /Users/hectorgarcia/Library/Developer/Xcode/DerivedData/Build/Intermediates.noindex/Firebase.build/Debug-iphonesimulator/FirebaseAuth.build/Objects-normal/x86_64/FIRTOTPMultiFactorAssertion.d --serialize-diagnostics /Users/hectorgarcia/Library/Developer/Xcode/DerivedData/Build/Intermediates.noindex/Firebase.build/Debug-iphonesimulator/FirebaseAuth.build/Objects-normal/x86_64/FIRTOTPMultiFactorAssertion.dia -c /Users/hectorgarcia/Library/Developer/Xcode/DerivedData/Lyo-eagkiegzrakogpczynhkaholsscs/SourcePackages/checkouts/firebase-ios-sdk/FirebaseAuth/Sources/MultiFactor/TOTP/FIRTOTPMultiFactorAssertion.m -o /Users/hectorgarcia/Library/Developer/Xcode/DerivedData/Build/Intermediates.noindex/Firebase.build/Debug-iphonesimulator/FirebaseAuth.build/Objects-normal/x86_64/FIRTOTPMultiFactorAssertion.o -index-unit-output-path /Firebase.build/Debug-iphonesimulator/FirebaseAuth.build/Objects-normal/x86_64/FIRTOTPMultiFactorAssertion.o

CompileC /Users/hectorgarcia/Library/Developer/Xcode/DerivedData/Build/Intermediates.noindex/Firebase.build/Debug-iphonesimulator/FirebaseAuth.build/Objects-normal/x86_64/FIRStartMFASignInResponse.o /Users/hectorgarcia/Library/Developer/Xcode/DerivedData/Lyo-eagkiegzrakogpczynhkaholsscs/SourcePackages/checkouts/firebase-ios-sdk/FirebaseAuth/Sources/Backend/RPC/MultiFactor/SignIn/FIRStartMFASignInResponse.m normal x86_64 objective-c com.apple.compilers.llvm.clang.1_0.compiler (in target 'FirebaseAuth' from project 'Firebase')
    cd /Users/hectorgarcia/LYO_Da_ONE/Lyo.xcodeproj
    
    Using response file: /Users/hectorgarcia/Library/Developer/Xcode/DerivedData/Build/Intermediates.noindex/Firebase.build/Debug-iphonesimulator/FirebaseAuth.build/Objects-normal/x86_64/e6072d4f65d7061329687fe24e3d63a7-common-args.resp
    
    /Users/hectorgarcia/Downloads/Xcode.app/Contents/Developer/Toolchains/XcodeDefault.xctoolchain/usr/bin/clang -x objective-c -ivfsstatcache /Users/hectorgarcia/Library/Developer/Xcode/DerivedData/SDKStatCaches.noindex/iphonesimulator26.2-23C53-823d3e8b6e60bc2018c189d3ca05ba9b.sdkstatcache -fmessage-length\=0 -fdiagnostics-show-note-include-stack -fmacro-backtrace-limit\=0 -fno-color-diagnostics -fmodules-prune-interval\=86400 -fmodules-prune-after\=345600 -fbuild-session-file\=/Users/hectorgarcia/Library/Developer/Xcode/DerivedData/ModuleCache.noindex/Session.modulevalidation -fmodules-validate-once-per-build-session -Wnon-modular-include-in-framework-module -Werror\=non-modular-include-in-framework-module -Wno-trigraphs -Wno-missing-field-initializers -Wno-missing-prototypes -Wno-return-type -Wno-implicit-atomic-properties -Wno-objc-interface-ivars -Wno-arc-repeated-use-of-weak -Wno-missing-braces -Wparentheses -Wswitch -Wno-unused-function -Wno-unused-label -Wno-unused-parameter -Wno-unused-variable -Wunused-value -Wno-empty-body -Wno-uninitialized -Wno-unknown-pragmas -w -Wno-shadow -Wno-four-char-constants -Wno-conversion -Wno-constant-conversion -Wno-int-conversion -Wno-bool-conversion -Wno-enum-conversion -Wno-float-conversion -Wno-non-literal-null-conversion -Wno-objc-literal-conversion -Wshorten-64-to-32 -Wpointer-sign -Wno-newline-eof -Wno-selector -Wno-strict-selector-match -Wno-undeclared-selector -Wno-deprecated-implementations -Wno-implicit-fallthrough -fstrict-aliasing -Wprotocol -Wdeprecated-declarations -Wno-sign-conversion -Wno-infinite-recursion -Wno-comma -Wno-block-capture-autoreleasing -Wno-strict-prototypes -Wno-semicolon-before-method-body -index-store-path /Users/hectorgarcia/Library/Developer/Xcode/DerivedData/Lyo-eagkiegzrakogpczynhkaholsscs/Index.noindex/DataStore @/Users/hectorgarcia/Library/Developer/Xcode/DerivedData/Build/Intermediates.noindex/Firebase.build/Debug-iphonesimulator/FirebaseAuth.build/Objects-normal/x86_64/e6072d4f65d7061329687fe24e3d63a7-common-args.resp -include /Users/hectorgarcia/Library/Developer/Xcode/DerivedData/Build/Intermediates.noindex/Firebase.build/Debug-iphonesimulator/FirebaseAuth.build/DerivedSources/resource_bundle_accessor.h -MMD -MT dependencies -MF /Users/hectorgarcia/Library/Developer/Xcode/DerivedData/Build/Intermediates.noindex/Firebase.build/Debug-iphonesimulator/FirebaseAuth.build/Objects-normal/x86_64/FIRStartMFASignInResponse.d --serialize-diagnostics /Users/hectorgarcia/Library/Developer/Xcode/DerivedData/Build/Intermediates.noindex/Firebase.build/Debug-iphonesimulator/FirebaseAuth.build/Objects-normal/x86_64/FIRStartMFASignInResponse.dia -c /Users/hectorgarcia/Library/Developer/Xcode/DerivedData/Lyo-eagkiegzrakogpczynhkaholsscs/SourcePackages/checkouts/firebase-ios-sdk/FirebaseAuth/Sources/Backend/RPC/MultiFactor/SignIn/FIRStartMFASignInResponse.m -o /Users/hectorgarcia/Library/Developer/Xcode/DerivedData/Build/Intermediates.noindex/Firebase.build/Debug-iphonesimulator/FirebaseAuth.build/Objects-normal/x86_64/FIRStartMFASignInResponse.o -index-unit-output-path /Firebase.build/Debug-iphonesimulator/FirebaseAuth.build/Objects-normal/x86_64/FIRStartMFASignInResponse.o

CompileC /Users/hectorgarcia/Library/Developer/Xcode/DerivedData/Build/Intermediates.noindex/Firebase.build/Debug-iphonesimulator/FirebaseAuth.build/Objects-normal/x86_64/FIRStartMFASignInRequest.o /Users/hectorgarcia/Library/Developer/Xcode/DerivedData/Lyo-eagkiegzrakogpczynhkaholsscs/SourcePackages/checkouts/firebase-ios-sdk/FirebaseAuth/Sources/Backend/RPC/MultiFactor/SignIn/FIRStartMFASignInRequest.m normal x86_64 objective-c com.apple.compilers.llvm.clang.1_0.compiler (in target 'FirebaseAuth' from project 'Firebase')
    cd /Users/hectorgarcia/LYO_Da_ONE/Lyo.xcodeproj
    
    Using response file: /Users/hectorgarcia/Library/Developer/Xcode/DerivedData/Build/Intermediates.noindex/Firebase.build/Debug-iphonesimulator/FirebaseAuth.build/Objects-normal/x86_64/e6072d4f65d7061329687fe24e3d63a7-common-args.resp
    
    /Users/hectorgarcia/Downloads/Xcode.app/Contents/Developer/Toolchains/XcodeDefault.xctoolchain/usr/bin/clang -x objective-c -ivfsstatcache /Users/hectorgarcia/Library/Developer/Xcode/DerivedData/SDKStatCaches.noindex/iphonesimulator26.2-23C53-823d3e8b6e60bc2018c189d3ca05ba9b.sdkstatcache -fmessage-length\=0 -fdiagnostics-show-note-include-stack -fmacro-backtrace-limit\=0 -fno-color-diagnostics -fmodules-prune-interval\=86400 -fmodules-prune-after\=345600 -fbuild-session-file\=/Users/hectorgarcia/Library/Developer/Xcode/DerivedData/ModuleCache.noindex/Session.modulevalidation -fmodules-validate-once-per-build-session -Wnon-modular-include-in-framework-module -Werror\=non-modular-include-in-framework-module -Wno-trigraphs -Wno-missing-field-initializers -Wno-missing-prototypes -Wno-return-type -Wno-implicit-atomic-properties -Wno-objc-interface-ivars -Wno-arc-repeated-use-of-weak -Wno-missing-braces -Wparentheses -Wswitch -Wno-unused-function -Wno-unused-label -Wno-unused-parameter -Wno-unused-variable -Wunused-value -Wno-empty-body -Wno-uninitialized -Wno-unknown-pragmas -w -Wno-shadow -Wno-four-char-constants -Wno-conversion -Wno-constant-conversion -Wno-int-conversion -Wno-bool-conversion -Wno-enum-conversion -Wno-float-conversion -Wno-non-literal-null-conversion -Wno-objc-literal-conversion -Wshorten-64-to-32 -Wpointer-sign -Wno-newline-eof -Wno-selector -Wno-strict-selector-match -Wno-undeclared-selector -Wno-deprecated-implementations -Wno-implicit-fallthrough -fstrict-aliasing -Wprotocol -Wdeprecated-declarations -Wno-sign-conversion -Wno-infinite-recursion -Wno-comma -Wno-block-capture-autoreleasing -Wno-strict-prototypes -Wno-semicolon-before-method-body -index-store-path /Users/hectorgarcia/Library/Developer/Xcode/DerivedData/Lyo-eagkiegzrakogpczynhkaholsscs/Index.noindex/DataStore @/Users/hectorgarcia/Library/Developer/Xcode/DerivedData/Build/Intermediates.noindex/Firebase.build/Debug-iphonesimulator/FirebaseAuth.build/Objects-normal/x86_64/e6072d4f65d7061329687fe24e3d63a7-common-args.resp -include /Users/hectorgarcia/Library/Developer/Xcode/DerivedData/Build/Intermediates.noindex/Firebase.build/Debug-iphonesimulator/FirebaseAuth.build/DerivedSources/resource_bundle_accessor.h -MMD -MT dependencies -MF /Users/hectorgarcia/Library/Developer/Xcode/DerivedData/Build/Intermediates.noindex/Firebase.build/Debug-iphonesimulator/FirebaseAuth.build/Objects-normal/x86_64/FIRStartMFASignInRequest.d --serialize-diagnostics /Users/hectorgarcia/Library/Developer/Xcode/DerivedData/Build/Intermediates.noindex/Firebase.build/Debug-iphonesimulator/FirebaseAuth.build/Objects-normal/x86_64/FIRStartMFASignInRequest.dia -c /Users/hectorgarcia/Library/Developer/Xcode/DerivedData/Lyo-eagkiegzrakogpczynhkaholsscs/SourcePackages/checkouts/firebase-ios-sdk/FirebaseAuth/Sources/Backend/RPC/MultiFactor/SignIn/FIRStartMFASignInRequest.m -o /Users/hectorgarcia/Library/Developer/Xcode/DerivedData/Build/Intermediates.noindex/Firebase.build/Debug-iphonesimulator/FirebaseAuth.build/Objects-normal/x86_64/FIRStartMFASignInRequest.o -index-unit-output-path /Firebase.build/Debug-iphonesimulator/FirebaseAuth.build/Objects-normal/x86_64/FIRStartMFASignInRequest.o

ScanDependencies /Users/hectorgarcia/Library/Developer/Xcode/DerivedData/Build/Intermediates.noindex/Firebase.build/Debug-iphonesimulator/FirebaseAuth.build/Objects-normal/x86_64/FIRStartMFAEnrollmentRequest.o /Users/hectorgarcia/Library/Developer/Xcode/DerivedData/Lyo-eagkiegzrakogpczynhkaholsscs/SourcePackages/checkouts/firebase-ios-sdk/FirebaseAuth/Sources/Backend/RPC/MultiFactor/Enroll/FIRStartMFAEnrollmentRequest.m normal x86_64 objective-c com.apple.compilers.llvm.clang.1_0.compiler (in target 'FirebaseAuth' from project 'Firebase')
    cd /Users/hectorgarcia/LYO_Da_ONE/Lyo.xcodeproj
    
    Using response file: /Users/hectorgarcia/Library/Developer/Xcode/DerivedData/Build/Intermediates.noindex/Firebase.build/Debug-iphonesimulator/FirebaseAuth.build/Objects-normal/x86_64/e6072d4f65d7061329687fe24e3d63a7-common-args.resp
    
    builtin-ScanDependencies -o /Users/hectorgarcia/Library/Developer/Xcode/DerivedData/Build/Intermediates.noindex/Firebase.build/Debug-iphonesimulator/FirebaseAuth.build/Objects-normal/x86_64/FIRStartMFAEnrollmentRequest.o.scan -- /Users/hectorgarcia/Downloads/Xcode.app/Contents/Developer/Toolchains/XcodeDefault.xctoolchain/usr/bin/clang -x objective-c -ivfsstatcache /Users/hectorgarcia/Library/Developer/Xcode/DerivedData/SDKStatCaches.noindex/iphonesimulator26.2-23C53-823d3e8b6e60bc2018c189d3ca05ba9b.sdkstatcache -fmessage-length\=0 -fdiagnostics-show-note-include-stack -fmacro-backtrace-limit\=0 -fno-color-diagnostics -fmodules-prune-interval\=86400 -fmodules-prune-after\=345600 -fbuild-session-file\=/Users/hectorgarcia/Library/Developer/Xcode/DerivedData/ModuleCache.noindex/Session.modulevalidation -fmodules-validate-once-per-build-session -Wnon-modular-include-in-framework-module -Werror\=non-modular-include-in-framework-module -Wno-trigraphs -Wno-missing-field-initializers -Wno-missing-prototypes -Wno-return-type -Wno-implicit-atomic-properties -Wno-objc-interface-ivars -Wno-arc-repeated-use-of-weak -Wno-missing-braces -Wparentheses -Wswitch -Wno-unused-function -Wno-unused-label -Wno-unused-parameter -Wno-unused-variable -Wunused-value -Wno-empty-body -Wno-uninitialized -Wno-unknown-pragmas -w -Wno-shadow -Wno-four-char-constants -Wno-conversion -Wno-constant-conversion -Wno-int-conversion -Wno-bool-conversion -Wno-enum-conversion -Wno-float-conversion -Wno-non-literal-null-conversion -Wno-objc-literal-conversion -Wshorten-64-to-32 -Wpointer-sign -Wno-newline-eof -Wno-selector -Wno-strict-selector-match -Wno-undeclared-selector -Wno-deprecated-implementations -Wno-implicit-fallthrough -fstrict-aliasing -Wprotocol -Wdeprecated-declarations -Wno-sign-conversion -Wno-infinite-recursion -Wno-comma -Wno-block-capture-autoreleasing -Wno-strict-prototypes -Wno-semicolon-before-method-body -index-store-path /Users/hectorgarcia/Library/Developer/Xcode/DerivedData/Lyo-eagkiegzrakogpczynhkaholsscs/Index.noindex/DataStore @/Users/hectorgarcia/Library/Developer/Xcode/DerivedData/Build/Intermediates.noindex/Firebase.build/Debug-iphonesimulator/FirebaseAuth.build/Objects-normal/x86_64/e6072d4f65d7061329687fe24e3d63a7-common-args.resp -include /Users/hectorgarcia/Library/Developer/Xcode/DerivedData/Build/Intermediates.noindex/Firebase.build/Debug-iphonesimulator/FirebaseAuth.build/DerivedSources/resource_bundle_accessor.h -MMD -MT dependencies -MF /Users/hectorgarcia/Library/Developer/Xcode/DerivedData/Build/Intermediates.noindex/Firebase.build/Debug-iphonesimulator/FirebaseAuth.build/Objects-normal/x86_64/FIRStartMFAEnrollmentRequest.d --serialize-diagnostics /Users/hectorgarcia/Library/Developer/Xcode/DerivedData/Build/Intermediates.noindex/Firebase.build/Debug-iphonesimulator/FirebaseAuth.build/Objects-normal/x86_64/FIRStartMFAEnrollmentRequest.dia -c /Users/hectorgarcia/Library/Developer/Xcode/DerivedData/Lyo-eagkiegzrakogpczynhkaholsscs/SourcePackages/checkouts/firebase-ios-sdk/FirebaseAuth/Sources/Backend/RPC/MultiFactor/Enroll/FIRStartMFAEnrollmentRequest.m -o /Users/hectorgarcia/Library/Developer/Xcode/DerivedData/Build/Intermediates.noindex/Firebase.build/Debug-iphonesimulator/FirebaseAuth.build/Objects-normal/x86_64/FIRStartMFAEnrollmentRequest.o -index-unit-output-path /Firebase.build/Debug-iphonesimulator/FirebaseAuth.build/Objects-normal/x86_64/FIRStartMFAEnrollmentRequest.o

CompileC /Users/hectorgarcia/Library/Developer/Xcode/DerivedData/Build/Intermediates.noindex/Firebase.build/Debug-iphonesimulator/FirebaseAuth.build/Objects-normal/x86_64/FIRStartMFAEnrollmentResponse.o /Users/hectorgarcia/Library/Developer/Xcode/DerivedData/Lyo-eagkiegzrakogpczynhkaholsscs/SourcePackages/checkouts/firebase-ios-sdk/FirebaseAuth/Sources/Backend/RPC/MultiFactor/Enroll/FIRStartMFAEnrollmentResponse.m normal x86_64 objective-c com.apple.compilers.llvm.clang.1_0.compiler (in target 'FirebaseAuth' from project 'Firebase')
    cd /Users/hectorgarcia/LYO_Da_ONE/Lyo.xcodeproj
    
    Using response file: /Users/hectorgarcia/Library/Developer/Xcode/DerivedData/Build/Intermediates.noindex/Firebase.build/Debug-iphonesimulator/FirebaseAuth.build/Objects-normal/x86_64/e6072d4f65d7061329687fe24e3d63a7-common-args.resp
    
    /Users/hectorgarcia/Downloads/Xcode.app/Contents/Developer/Toolchains/XcodeDefault.xctoolchain/usr/bin/clang -x objective-c -ivfsstatcache /Users/hectorgarcia/Library/Developer/Xcode/DerivedData/SDKStatCaches.noindex/iphonesimulator26.2-23C53-823d3e8b6e60bc2018c189d3ca05ba9b.sdkstatcache -fmessage-length\=0 -fdiagnostics-show-note-include-stack -fmacro-backtrace-limit\=0 -fno-color-diagnostics -fmodules-prune-interval\=86400 -fmodules-prune-after\=345600 -fbuild-session-file\=/Users/hectorgarcia/Library/Developer/Xcode/DerivedData/ModuleCache.noindex/Session.modulevalidation -fmodules-validate-once-per-build-session -Wnon-modular-include-in-framework-module -Werror\=non-modular-include-in-framework-module -Wno-trigraphs -Wno-missing-field-initializers -Wno-missing-prototypes -Wno-return-type -Wno-implicit-atomic-properties -Wno-objc-interface-ivars -Wno-arc-repeated-use-of-weak -Wno-missing-braces -Wparentheses -Wswitch -Wno-unused-function -Wno-unused-label -Wno-unused-parameter -Wno-unused-variable -Wunused-value -Wno-empty-body -Wno-uninitialized -Wno-unknown-pragmas -w -Wno-shadow -Wno-four-char-constants -Wno-conversion -Wno-constant-conversion -Wno-int-conversion -Wno-bool-conversion -Wno-enum-conversion -Wno-float-conversion -Wno-non-literal-null-conversion -Wno-objc-literal-conversion -Wshorten-64-to-32 -Wpointer-sign -Wno-newline-eof -Wno-selector -Wno-strict-selector-match -Wno-undeclared-selector -Wno-deprecated-implementations -Wno-implicit-fallthrough -fstrict-aliasing -Wprotocol -Wdeprecated-declarations -Wno-sign-conversion -Wno-infinite-recursion -Wno-comma -Wno-block-capture-autoreleasing -Wno-strict-prototypes -Wno-semicolon-before-method-body -index-store-path /Users/hectorgarcia/Library/Developer/Xcode/DerivedData/Lyo-eagkiegzrakogpczynhkaholsscs/Index.noindex/DataStore @/Users/hectorgarcia/Library/Developer/Xcode/DerivedData/Build/Intermediates.noindex/Firebase.build/Debug-iphonesimulator/FirebaseAuth.build/Objects-normal/x86_64/e6072d4f65d7061329687fe24e3d63a7-common-args.resp -include /Users/hectorgarcia/Library/Developer/Xcode/DerivedData/Build/Intermediates.noindex/Firebase.build/Debug-iphonesimulator/FirebaseAuth.build/DerivedSources/resource_bundle_accessor.h -MMD -MT dependencies -MF /Users/hectorgarcia/Library/Developer/Xcode/DerivedData/Build/Intermediates.noindex/Firebase.build/Debug-iphonesimulator/FirebaseAuth.build/Objects-normal/x86_64/FIRStartMFAEnrollmentResponse.d --serialize-diagnostics /Users/hectorgarcia/Library/Developer/Xcode/DerivedData/Build/Intermediates.noindex/Firebase.build/Debug-iphonesimulator/FirebaseAuth.build/Objects-normal/x86_64/FIRStartMFAEnrollmentResponse.dia -c /Users/hectorgarcia/Library/Developer/Xcode/DerivedData/Lyo-eagkiegzrakogpczynhkaholsscs/SourcePackages/checkouts/firebase-ios-sdk/FirebaseAuth/Sources/Backend/RPC/MultiFactor/Enroll/FIRStartMFAEnrollmentResponse.m -o /Users/hectorgarcia/Library/Developer/Xcode/DerivedData/Build/Intermediates.noindex/Firebase.build/Debug-iphonesimulator/FirebaseAuth.build/Objects-normal/x86_64/FIRStartMFAEnrollmentResponse.o -index-unit-output-path /Firebase.build/Debug-iphonesimulator/FirebaseAuth.build/Objects-normal/x86_64/FIRStartMFAEnrollmentResponse.o

PrecompileModule /Users/hectorgarcia/Library/Developer/Xcode/DerivedData/Build/Intermediates.noindex/ExplicitPrecompiledModules/os_object-6OAOMZJ5O4F23LXJFJQPM6L3.scan
    cd /
    builtin-precompileModule /Users/hectorgarcia/Library/Developer/Xcode/DerivedData/Build/Intermediates.noindex/ExplicitPrecompiledModules/os_object-6OAOMZJ5O4F23LXJFJQPM6L3.scan

ScanDependencies /Users/hectorgarcia/Library/Developer/Xcode/DerivedData/Build/Intermediates.noindex/Firebase.build/Debug-iphonesimulator/FirebaseAuth.build/Objects-normal/x86_64/FIRSignUpNewUserResponse.o /Users/hectorgarcia/Library/Developer/Xcode/DerivedData/Lyo-eagkiegzrakogpczynhkaholsscs/SourcePackages/checkouts/firebase-ios-sdk/FirebaseAuth/Sources/Backend/RPC/FIRSignUpNewUserResponse.m normal x86_64 objective-c com.apple.compilers.llvm.clang.1_0.compiler (in target 'FirebaseAuth' from project 'Firebase')
    cd /Users/hectorgarcia/LYO_Da_ONE/Lyo.xcodeproj
    
    Using response file: /Users/hectorgarcia/Library/Developer/Xcode/DerivedData/Build/Intermediates.noindex/Firebase.build/Debug-iphonesimulator/FirebaseAuth.build/Objects-normal/x86_64/e6072d4f65d7061329687fe24e3d63a7-common-args.resp
    
    builtin-ScanDependencies -o /Users/hectorgarcia/Library/Developer/Xcode/DerivedData/Build/Intermediates.noindex/Firebase.build/Debug-iphonesimulator/FirebaseAuth.build/Objects-normal/x86_64/FIRSignUpNewUserResponse.o.scan -- /Users/hectorgarcia/Downloads/Xcode.app/Contents/Developer/Toolchains/XcodeDefault.xctoolchain/usr/bin/clang -x objective-c -ivfsstatcache /Users/hectorgarcia/Library/Developer/Xcode/DerivedData/SDKStatCaches.noindex/iphonesimulator26.2-23C53-823d3e8b6e60bc2018c189d3ca05ba9b.sdkstatcache -fmessage-length\=0 -fdiagnostics-show-note-include-stack -fmacro-backtrace-limit\=0 -fno-color-diagnostics -fmodules-prune-interval\=86400 -fmodules-prune-after\=345600 -fbuild-session-file\=/Users/hectorgarcia/Library/Developer/Xcode/DerivedData/ModuleCache.noindex/Session.modulevalidation -fmodules-validate-once-per-build-session -Wnon-modular-include-in-framework-module -Werror\=non-modular-include-in-framework-module -Wno-trigraphs -Wno-missing-field-initializers -Wno-missing-prototypes -Wno-return-type -Wno-implicit-atomic-properties -Wno-objc-interface-ivars -Wno-arc-repeated-use-of-weak -Wno-missing-braces -Wparentheses -Wswitch -Wno-unused-function -Wno-unused-label -Wno-unused-parameter -Wno-unused-variable -Wunused-value -Wno-empty-body -Wno-uninitialized -Wno-unknown-pragmas -w -Wno-shadow -Wno-four-char-constants -Wno-conversion -Wno-constant-conversion -Wno-int-conversion -Wno-bool-conversion -Wno-enum-conversion -Wno-float-conversion -Wno-non-literal-null-conversion -Wno-objc-literal-conversion -Wshorten-64-to-32 -Wpointer-sign -Wno-newline-eof -Wno-selector -Wno-strict-selector-match -Wno-undeclared-selector -Wno-deprecated-implementations -Wno-implicit-fallthrough -fstrict-aliasing -Wprotocol -Wdeprecated-declarations -Wno-sign-conversion -Wno-infinite-recursion -Wno-comma -Wno-block-capture-autoreleasing -Wno-strict-prototypes -Wno-semicolon-before-method-body -index-store-path /Users/hectorgarcia/Library/Developer/Xcode/DerivedData/Lyo-eagkiegzrakogpczynhkaholsscs/Index.noindex/DataStore @/Users/hectorgarcia/Library/Developer/Xcode/DerivedData/Build/Intermediates.noindex/Firebase.build/Debug-iphonesimulator/FirebaseAuth.build/Objects-normal/x86_64/e6072d4f65d7061329687fe24e3d63a7-common-args.resp -include /Users/hectorgarcia/Library/Developer/Xcode/DerivedData/Build/Intermediates.noindex/Firebase.build/Debug-iphonesimulator/FirebaseAuth.build/DerivedSources/resource_bundle_accessor.h -MMD -MT dependencies -MF /Users/hectorgarcia/Library/Developer/Xcode/DerivedData/Build/Intermediates.noindex/Firebase.build/Debug-iphonesimulator/FirebaseAuth.build/Objects-normal/x86_64/FIRSignUpNewUserResponse.d --serialize-diagnostics /Users/hectorgarcia/Library/Developer/Xcode/DerivedData/Build/Intermediates.noindex/Firebase.build/Debug-iphonesimulator/FirebaseAuth.build/Objects-normal/x86_64/FIRSignUpNewUserResponse.dia -c /Users/hectorgarcia/Library/Developer/Xcode/DerivedData/Lyo-eagkiegzrakogpczynhkaholsscs/SourcePackages/checkouts/firebase-ios-sdk/FirebaseAuth/Sources/Backend/RPC/FIRSignUpNewUserResponse.m -o /Users/hectorgarcia/Library/Developer/Xcode/DerivedData/Build/Intermediates.noindex/Firebase.build/Debug-iphonesimulator/FirebaseAuth.build/Objects-normal/x86_64/FIRSignUpNewUserResponse.o -index-unit-output-path /Firebase.build/Debug-iphonesimulator/FirebaseAuth.build/Objects-normal/x86_64/FIRSignUpNewUserResponse.o

ScanDependencies /Users/hectorgarcia/Library/Developer/Xcode/DerivedData/Build/Intermediates.noindex/Firebase.build/Debug-iphonesimulator/FirebaseAuth.build/Objects-normal/x86_64/FIRSignUpNewUserRequest.o /Users/hectorgarcia/Library/Developer/Xcode/DerivedData/Lyo-eagkiegzrakogpczynhkaholsscs/SourcePackages/checkouts/firebase-ios-sdk/FirebaseAuth/Sources/Backend/RPC/FIRSignUpNewUserRequest.m normal x86_64 objective-c com.apple.compilers.llvm.clang.1_0.compiler (in target 'FirebaseAuth' from project 'Firebase')
    cd /Users/hectorgarcia/LYO_Da_ONE/Lyo.xcodeproj
    
    Using response file: /Users/hectorgarcia/Library/Developer/Xcode/DerivedData/Build/Intermediates.noindex/Firebase.build/Debug-iphonesimulator/FirebaseAuth.build/Objects-normal/x86_64/e6072d4f65d7061329687fe24e3d63a7-common-args.resp
    
    builtin-ScanDependencies -o /Users/hectorgarcia/Library/Developer/Xcode/DerivedData/Build/Intermediates.noindex/Firebase.build/Debug-iphonesimulator/FirebaseAuth.build/Objects-normal/x86_64/FIRSignUpNewUserRequest.o.scan -- /Users/hectorgarcia/Downloads/Xcode.app/Contents/Developer/Toolchains/XcodeDefault.xctoolchain/usr/bin/clang -x objective-c -ivfsstatcache /Users/hectorgarcia/Library/Developer/Xcode/DerivedData/SDKStatCaches.noindex/iphonesimulator26.2-23C53-823d3e8b6e60bc2018c189d3ca05ba9b.sdkstatcache -fmessage-length\=0 -fdiagnostics-show-note-include-stack -fmacro-backtrace-limit\=0 -fno-color-diagnostics -fmodules-prune-interval\=86400 -fmodules-prune-after\=345600 -fbuild-session-file\=/Users/hectorgarcia/Library/Developer/Xcode/DerivedData/ModuleCache.noindex/Session.modulevalidation -fmodules-validate-once-per-build-session -Wnon-modular-include-in-framework-module -Werror\=non-modular-include-in-framework-module -Wno-trigraphs -Wno-missing-field-initializers -Wno-missing-prototypes -Wno-return-type -Wno-implicit-atomic-properties -Wno-objc-interface-ivars -Wno-arc-repeated-use-of-weak -Wno-missing-braces -Wparentheses -Wswitch -Wno-unused-function -Wno-unused-label -Wno-unused-parameter -Wno-unused-variable -Wunused-value -Wno-empty-body -Wno-uninitialized -Wno-unknown-pragmas -w -Wno-shadow -Wno-four-char-constants -Wno-conversion -Wno-constant-conversion -Wno-int-conversion -Wno-bool-conversion -Wno-enum-conversion -Wno-float-conversion -Wno-non-literal-null-conversion -Wno-objc-literal-conversion -Wshorten-64-to-32 -Wpointer-sign -Wno-newline-eof -Wno-selector -Wno-strict-selector-match -Wno-undeclared-selector -Wno-deprecated-implementations -Wno-implicit-fallthrough -fstrict-aliasing -Wprotocol -Wdeprecated-declarations -Wno-sign-conversion -Wno-infinite-recursion -Wno-comma -Wno-block-capture-autoreleasing -Wno-strict-prototypes -Wno-semicolon-before-method-body -index-store-path /Users/hectorgarcia/Library/Developer/Xcode/DerivedData/Lyo-eagkiegzrakogpczynhkaholsscs/Index.noindex/DataStore @/Users/hectorgarcia/Library/Developer/Xcode/DerivedData/Build/Intermediates.noindex/Firebase.build/Debug-iphonesimulator/FirebaseAuth.build/Objects-normal/x86_64/e6072d4f65d7061329687fe24e3d63a7-common-args.resp -include /Users/hectorgarcia/Library/Developer/Xcode/DerivedData/Build/Intermediates.noindex/Firebase.build/Debug-iphonesimulator/FirebaseAuth.build/DerivedSources/resource_bundle_accessor.h -MMD -MT dependencies -MF /Users/hectorgarcia/Library/Developer/Xcode/DerivedData/Build/Intermediates.noindex/Firebase.build/Debug-iphonesimulator/FirebaseAuth.build/Objects-normal/x86_64/FIRSignUpNewUserRequest.d --serialize-diagnostics /Users/hectorgarcia/Library/Developer/Xcode/DerivedData/Build/Intermediates.noindex/Firebase.build/Debug-iphonesimulator/FirebaseAuth.build/Objects-normal/x86_64/FIRSignUpNewUserRequest.dia -c /Users/hectorgarcia/Library/Developer/Xcode/DerivedData/Lyo-eagkiegzrakogpczynhkaholsscs/SourcePackages/checkouts/firebase-ios-sdk/FirebaseAuth/Sources/Backend/RPC/FIRSignUpNewUserRequest.m -o /Users/hectorgarcia/Library/Developer/Xcode/DerivedData/Build/Intermediates.noindex/Firebase.build/Debug-iphonesimulator/FirebaseAuth.build/Objects-normal/x86_64/FIRSignUpNewUserRequest.o -index-unit-output-path /Firebase.build/Debug-iphonesimulator/FirebaseAuth.build/Objects-normal/x86_64/FIRSignUpNewUserRequest.o

ScanDependencies /Users/hectorgarcia/Library/Developer/Xcode/DerivedData/Build/Intermediates.noindex/Firebase.build/Debug-iphonesimulator/FirebaseAuth.build/Objects-normal/x86_64/FIRSignInWithGameCenterResponse.o /Users/hectorgarcia/Library/Developer/Xcode/DerivedData/Lyo-eagkiegzrakogpczynhkaholsscs/SourcePackages/checkouts/firebase-ios-sdk/FirebaseAuth/Sources/Backend/RPC/FIRSignInWithGameCenterResponse.m normal x86_64 objective-c com.apple.compilers.llvm.clang.1_0.compiler (in target 'FirebaseAuth' from project 'Firebase')
    cd /Users/hectorgarcia/LYO_Da_ONE/Lyo.xcodeproj
    
    Using response file: /Users/hectorgarcia/Library/Developer/Xcode/DerivedData/Build/Intermediates.noindex/Firebase.build/Debug-iphonesimulator/FirebaseAuth.build/Objects-normal/x86_64/e6072d4f65d7061329687fe24e3d63a7-common-args.resp
    
    builtin-ScanDependencies -o /Users/hectorgarcia/Library/Developer/Xcode/DerivedData/Build/Intermediates.noindex/Firebase.build/Debug-iphonesimulator/FirebaseAuth.build/Objects-normal/x86_64/FIRSignInWithGameCenterResponse.o.scan -- /Users/hectorgarcia/Downloads/Xcode.app/Contents/Developer/Toolchains/XcodeDefault.xctoolchain/usr/bin/clang -x objective-c -ivfsstatcache /Users/hectorgarcia/Library/Developer/Xcode/DerivedData/SDKStatCaches.noindex/iphonesimulator26.2-23C53-823d3e8b6e60bc2018c189d3ca05ba9b.sdkstatcache -fmessage-length\=0 -fdiagnostics-show-note-include-stack -fmacro-backtrace-limit\=0 -fno-color-diagnostics -fmodules-prune-interval\=86400 -fmodules-prune-after\=345600 -fbuild-session-file\=/Users/hectorgarcia/Library/Developer/Xcode/DerivedData/ModuleCache.noindex/Session.modulevalidation -fmodules-validate-once-per-build-session -Wnon-modular-include-in-framework-module -Werror\=non-modular-include-in-framework-module -Wno-trigraphs -Wno-missing-field-initializers -Wno-missing-prototypes -Wno-return-type -Wno-implicit-atomic-properties -Wno-objc-interface-ivars -Wno-arc-repeated-use-of-weak -Wno-missing-braces -Wparentheses -Wswitch -Wno-unused-function -Wno-unused-label -Wno-unused-parameter -Wno-unused-variable -Wunused-value -Wno-empty-body -Wno-uninitialized -Wno-unknown-pragmas -w -Wno-shadow -Wno-four-char-constants -Wno-conversion -Wno-constant-conversion -Wno-int-conversion -Wno-bool-conversion -Wno-enum-conversion -Wno-float-conversion -Wno-non-literal-null-conversion -Wno-objc-literal-conversion -Wshorten-64-to-32 -Wpointer-sign -Wno-newline-eof -Wno-selector -Wno-strict-selector-match -Wno-undeclared-selector -Wno-deprecated-implementations -Wno-implicit-fallthrough -fstrict-aliasing -Wprotocol -Wdeprecated-declarations -Wno-sign-conversion -Wno-infinite-recursion -Wno-comma -Wno-block-capture-autoreleasing -Wno-strict-prototypes -Wno-semicolon-before-method-body -index-store-path /Users/hectorgarcia/Library/Developer/Xcode/DerivedData/Lyo-eagkiegzrakogpczynhkaholsscs/Index.noindex/DataStore @/Users/hectorgarcia/Library/Developer/Xcode/DerivedData/Build/Intermediates.noindex/Firebase.build/Debug-iphonesimulator/FirebaseAuth.build/Objects-normal/x86_64/e6072d4f65d7061329687fe24e3d63a7-common-args.resp -include /Users/hectorgarcia/Library/Developer/Xcode/DerivedData/Build/Intermediates.noindex/Firebase.build/Debug-iphonesimulator/FirebaseAuth.build/DerivedSources/resource_bundle_accessor.h -MMD -MT dependencies -MF /Users/hectorgarcia/Library/Developer/Xcode/DerivedData/Build/Intermediates.noindex/Firebase.build/Debug-iphonesimulator/FirebaseAuth.build/Objects-normal/x86_64/FIRSignInWithGameCenterResponse.d --serialize-diagnostics /Users/hectorgarcia/Library/Developer/Xcode/DerivedData/Build/Intermediates.noindex/Firebase.build/Debug-iphonesimulator/FirebaseAuth.build/Objects-normal/x86_64/FIRSignInWithGameCenterResponse.dia -c /Users/hectorgarcia/Library/Developer/Xcode/DerivedData/Lyo-eagkiegzrakogpczynhkaholsscs/SourcePackages/checkouts/firebase-ios-sdk/FirebaseAuth/Sources/Backend/RPC/FIRSignInWithGameCenterResponse.m -o /Users/hectorgarcia/Library/Developer/Xcode/DerivedData/Build/Intermediates.noindex/Firebase.build/Debug-iphonesimulator/FirebaseAuth.build/Objects-normal/x86_64/FIRSignInWithGameCenterResponse.o -index-unit-output-path /Firebase.build/Debug-iphonesimulator/FirebaseAuth.build/Objects-normal/x86_64/FIRSignInWithGameCenterResponse.o

PrecompileModule /Users/hectorgarcia/Library/Developer/Xcode/DerivedData/Build/Intermediates.noindex/ExplicitPrecompiledModules/os_workgroup-9N2QPT4971JIRHMDZ2H3X2RNB.scan
    cd /
    builtin-precompileModule /Users/hectorgarcia/Library/Developer/Xcode/DerivedData/Build/Intermediates.noindex/ExplicitPrecompiledModules/os_workgroup-9N2QPT4971JIRHMDZ2H3X2RNB.scan

ScanDependencies /Users/hectorgarcia/Library/Developer/Xcode/DerivedData/Build/Intermediates.noindex/Firebase.build/Debug-iphonesimulator/FirebaseAuth.build/Objects-normal/x86_64/FIRSignInWithGameCenterRequest.o /Users/hectorgarcia/Library/Developer/Xcode/DerivedData/Lyo-eagkiegzrakogpczynhkaholsscs/SourcePackages/checkouts/firebase-ios-sdk/FirebaseAuth/Sources/Backend/RPC/FIRSignInWithGameCenterRequest.m normal x86_64 objective-c com.apple.compilers.llvm.clang.1_0.compiler (in target 'FirebaseAuth' from project 'Firebase')
    cd /Users/hectorgarcia/LYO_Da_ONE/Lyo.xcodeproj
    
    Using response file: /Users/hectorgarcia/Library/Developer/Xcode/DerivedData/Build/Intermediates.noindex/Firebase.build/Debug-iphonesimulator/FirebaseAuth.build/Objects-normal/x86_64/e6072d4f65d7061329687fe24e3d63a7-common-args.resp
    
    builtin-ScanDependencies -o /Users/hectorgarcia/Library/Developer/Xcode/DerivedData/Build/Intermediates.noindex/Firebase.build/Debug-iphonesimulator/FirebaseAuth.build/Objects-normal/x86_64/FIRSignInWithGameCenterRequest.o.scan -- /Users/hectorgarcia/Downloads/Xcode.app/Contents/Developer/Toolchains/XcodeDefault.xctoolchain/usr/bin/clang -x objective-c -ivfsstatcache /Users/hectorgarcia/Library/Developer/Xcode/DerivedData/SDKStatCaches.noindex/iphonesimulator26.2-23C53-823d3e8b6e60bc2018c189d3ca05ba9b.sdkstatcache -fmessage-length\=0 -fdiagnostics-show-note-include-stack -fmacro-backtrace-limit\=0 -fno-color-diagnostics -fmodules-prune-interval\=86400 -fmodules-prune-after\=345600 -fbuild-session-file\=/Users/hectorgarcia/Library/Developer/Xcode/DerivedData/ModuleCache.noindex/Session.modulevalidation -fmodules-validate-once-per-build-session -Wnon-modular-include-in-framework-module -Werror\=non-modular-include-in-framework-module -Wno-trigraphs -Wno-missing-field-initializers -Wno-missing-prototypes -Wno-return-type -Wno-implicit-atomic-properties -Wno-objc-interface-ivars -Wno-arc-repeated-use-of-weak -Wno-missing-braces -Wparentheses -Wswitch -Wno-unused-function -Wno-unused-label -Wno-unused-parameter -Wno-unused-variable -Wunused-value -Wno-empty-body -Wno-uninitialized -Wno-unknown-pragmas -w -Wno-shadow -Wno-four-char-constants -Wno-conversion -Wno-constant-conversion -Wno-int-conversion -Wno-bool-conversion -Wno-enum-conversion -Wno-float-conversion -Wno-non-literal-null-conversion -Wno-objc-literal-conversion -Wshorten-64-to-32 -Wpointer-sign -Wno-newline-eof -Wno-selector -Wno-strict-selector-match -Wno-undeclared-selector -Wno-deprecated-implementations -Wno-implicit-fallthrough -fstrict-aliasing -Wprotocol -Wdeprecated-declarations -Wno-sign-conversion -Wno-infinite-recursion -Wno-comma -Wno-block-capture-autoreleasing -Wno-strict-prototypes -Wno-semicolon-before-method-body -index-store-path /Users/hectorgarcia/Library/Developer/Xcode/DerivedData/Lyo-eagkiegzrakogpczynhkaholsscs/Index.noindex/DataStore @/Users/hectorgarcia/Library/Developer/Xcode/DerivedData/Build/Intermediates.noindex/Firebase.build/Debug-iphonesimulator/FirebaseAuth.build/Objects-normal/x86_64/e6072d4f65d7061329687fe24e3d63a7-common-args.resp -include /Users/hectorgarcia/Library/Developer/Xcode/DerivedData/Build/Intermediates.noindex/Firebase.build/Debug-iphonesimulator/FirebaseAuth.build/DerivedSources/resource_bundle_accessor.h -MMD -MT dependencies -MF /Users/hectorgarcia/Library/Developer/Xcode/DerivedData/Build/Intermediates.noindex/Firebase.build/Debug-iphonesimulator/FirebaseAuth.build/Objects-normal/x86_64/FIRSignInWithGameCenterRequest.d --serialize-diagnostics /Users/hectorgarcia/Library/Developer/Xcode/DerivedData/Build/Intermediates.noindex/Firebase.build/Debug-iphonesimulator/FirebaseAuth.build/Objects-normal/x86_64/FIRSignInWithGameCenterRequest.dia -c /Users/hectorgarcia/Library/Developer/Xcode/DerivedData/Lyo-eagkiegzrakogpczynhkaholsscs/SourcePackages/checkouts/firebase-ios-sdk/FirebaseAuth/Sources/Backend/RPC/FIRSignInWithGameCenterRequest.m -o /Users/hectorgarcia/Library/Developer/Xcode/DerivedData/Build/Intermediates.noindex/Firebase.build/Debug-iphonesimulator/FirebaseAuth.build/Objects-normal/x86_64/FIRSignInWithGameCenterRequest.o -index-unit-output-path /Firebase.build/Debug-iphonesimulator/FirebaseAuth.build/Objects-normal/x86_64/FIRSignInWithGameCenterRequest.o

CompileC /Users/hectorgarcia/Library/Developer/Xcode/DerivedData/Build/Intermediates.noindex/Firebase.build/Debug-iphonesimulator/FirebaseAuth.build/Objects-normal/x86_64/FIRSignUpNewUserRequest.o /Users/hectorgarcia/Library/Developer/Xcode/DerivedData/Lyo-eagkiegzrakogpczynhkaholsscs/SourcePackages/checkouts/firebase-ios-sdk/FirebaseAuth/Sources/Backend/RPC/FIRSignUpNewUserRequest.m normal x86_64 objective-c com.apple.compilers.llvm.clang.1_0.compiler (in target 'FirebaseAuth' from project 'Firebase')
    cd /Users/hectorgarcia/LYO_Da_ONE/Lyo.xcodeproj
    
    Using response file: /Users/hectorgarcia/Library/Developer/Xcode/DerivedData/Build/Intermediates.noindex/Firebase.build/Debug-iphonesimulator/FirebaseAuth.build/Objects-normal/x86_64/e6072d4f65d7061329687fe24e3d63a7-common-args.resp
    
    /Users/hectorgarcia/Downloads/Xcode.app/Contents/Developer/Toolchains/XcodeDefault.xctoolchain/usr/bin/clang -x objective-c -ivfsstatcache /Users/hectorgarcia/Library/Developer/Xcode/DerivedData/SDKStatCaches.noindex/iphonesimulator26.2-23C53-823d3e8b6e60bc2018c189d3ca05ba9b.sdkstatcache -fmessage-length\=0 -fdiagnostics-show-note-include-stack -fmacro-backtrace-limit\=0 -fno-color-diagnostics -fmodules-prune-interval\=86400 -fmodules-prune-after\=345600 -fbuild-session-file\=/Users/hectorgarcia/Library/Developer/Xcode/DerivedData/ModuleCache.noindex/Session.modulevalidation -fmodules-validate-once-per-build-session -Wnon-modular-include-in-framework-module -Werror\=non-modular-include-in-framework-module -Wno-trigraphs -Wno-missing-field-initializers -Wno-missing-prototypes -Wno-return-type -Wno-implicit-atomic-properties -Wno-objc-interface-ivars -Wno-arc-repeated-use-of-weak -Wno-missing-braces -Wparentheses -Wswitch -Wno-unused-function -Wno-unused-label -Wno-unused-parameter -Wno-unused-variable -Wunused-value -Wno-empty-body -Wno-uninitialized -Wno-unknown-pragmas -w -Wno-shadow -Wno-four-char-constants -Wno-conversion -Wno-constant-conversion -Wno-int-conversion -Wno-bool-conversion -Wno-enum-conversion -Wno-float-conversion -Wno-non-literal-null-conversion -Wno-objc-literal-conversion -Wshorten-64-to-32 -Wpointer-sign -Wno-newline-eof -Wno-selector -Wno-strict-selector-match -Wno-undeclared-selector -Wno-deprecated-implementations -Wno-implicit-fallthrough -fstrict-aliasing -Wprotocol -Wdeprecated-declarations -Wno-sign-conversion -Wno-infinite-recursion -Wno-comma -Wno-block-capture-autoreleasing -Wno-strict-prototypes -Wno-semicolon-before-method-body -index-store-path /Users/hectorgarcia/Library/Developer/Xcode/DerivedData/Lyo-eagkiegzrakogpczynhkaholsscs/Index.noindex/DataStore @/Users/hectorgarcia/Library/Developer/Xcode/DerivedData/Build/Intermediates.noindex/Firebase.build/Debug-iphonesimulator/FirebaseAuth.build/Objects-normal/x86_64/e6072d4f65d7061329687fe24e3d63a7-common-args.resp -include /Users/hectorgarcia/Library/Developer/Xcode/DerivedData/Build/Intermediates.noindex/Firebase.build/Debug-iphonesimulator/FirebaseAuth.build/DerivedSources/resource_bundle_accessor.h -MMD -MT dependencies -MF /Users/hectorgarcia/Library/Developer/Xcode/DerivedData/Build/Intermediates.noindex/Firebase.build/Debug-iphonesimulator/FirebaseAuth.build/Objects-normal/x86_64/FIRSignUpNewUserRequest.d --serialize-diagnostics /Users/hectorgarcia/Library/Developer/Xcode/DerivedData/Build/Intermediates.noindex/Firebase.build/Debug-iphonesimulator/FirebaseAuth.build/Objects-normal/x86_64/FIRSignUpNewUserRequest.dia -c /Users/hectorgarcia/Library/Developer/Xcode/DerivedData/Lyo-eagkiegzrakogpczynhkaholsscs/SourcePackages/checkouts/firebase-ios-sdk/FirebaseAuth/Sources/Backend/RPC/FIRSignUpNewUserRequest.m -o /Users/hectorgarcia/Library/Developer/Xcode/DerivedData/Build/Intermediates.noindex/Firebase.build/Debug-iphonesimulator/FirebaseAuth.build/Objects-normal/x86_64/FIRSignUpNewUserRequest.o -index-unit-output-path /Firebase.build/Debug-iphonesimulator/FirebaseAuth.build/Objects-normal/x86_64/FIRSignUpNewUserRequest.o

CompileC /Users/hectorgarcia/Library/Developer/Xcode/DerivedData/Build/Intermediates.noindex/Firebase.build/Debug-iphonesimulator/FirebaseAuth.build/Objects-normal/x86_64/FIRSignUpNewUserResponse.o /Users/hectorgarcia/Library/Developer/Xcode/DerivedData/Lyo-eagkiegzrakogpczynhkaholsscs/SourcePackages/checkouts/firebase-ios-sdk/FirebaseAuth/Sources/Backend/RPC/FIRSignUpNewUserResponse.m normal x86_64 objective-c com.apple.compilers.llvm.clang.1_0.compiler (in target 'FirebaseAuth' from project 'Firebase')
    cd /Users/hectorgarcia/LYO_Da_ONE/Lyo.xcodeproj
    
    Using response file: /Users/hectorgarcia/Library/Developer/Xcode/DerivedData/Build/Intermediates.noindex/Firebase.build/Debug-iphonesimulator/FirebaseAuth.build/Objects-normal/x86_64/e6072d4f65d7061329687fe24e3d63a7-common-args.resp
    
    /Users/hectorgarcia/Downloads/Xcode.app/Contents/Developer/Toolchains/XcodeDefault.xctoolchain/usr/bin/clang -x objective-c -ivfsstatcache /Users/hectorgarcia/Library/Developer/Xcode/DerivedData/SDKStatCaches.noindex/iphonesimulator26.2-23C53-823d3e8b6e60bc2018c189d3ca05ba9b.sdkstatcache -fmessage-length\=0 -fdiagnostics-show-note-include-stack -fmacro-backtrace-limit\=0 -fno-color-diagnostics -fmodules-prune-interval\=86400 -fmodules-prune-after\=345600 -fbuild-session-file\=/Users/hectorgarcia/Library/Developer/Xcode/DerivedData/ModuleCache.noindex/Session.modulevalidation -fmodules-validate-once-per-build-session -Wnon-modular-include-in-framework-module -Werror\=non-modular-include-in-framework-module -Wno-trigraphs -Wno-missing-field-initializers -Wno-missing-prototypes -Wno-return-type -Wno-implicit-atomic-properties -Wno-objc-interface-ivars -Wno-arc-repeated-use-of-weak -Wno-missing-braces -Wparentheses -Wswitch -Wno-unused-function -Wno-unused-label -Wno-unused-parameter -Wno-unused-variable -Wunused-value -Wno-empty-body -Wno-uninitialized -Wno-unknown-pragmas -w -Wno-shadow -Wno-four-char-constants -Wno-conversion -Wno-constant-conversion -Wno-int-conversion -Wno-bool-conversion -Wno-enum-conversion -Wno-float-conversion -Wno-non-literal-null-conversion -Wno-objc-literal-conversion -Wshorten-64-to-32 -Wpointer-sign -Wno-newline-eof -Wno-selector -Wno-strict-selector-match -Wno-undeclared-selector -Wno-deprecated-implementations -Wno-implicit-fallthrough -fstrict-aliasing -Wprotocol -Wdeprecated-declarations -Wno-sign-conversion -Wno-infinite-recursion -Wno-comma -Wno-block-capture-autoreleasing -Wno-strict-prototypes -Wno-semicolon-before-method-body -index-store-path /Users/hectorgarcia/Library/Developer/Xcode/DerivedData/Lyo-eagkiegzrakogpczynhkaholsscs/Index.noindex/DataStore @/Users/hectorgarcia/Library/Developer/Xcode/DerivedData/Build/Intermediates.noindex/Firebase.build/Debug-iphonesimulator/FirebaseAuth.build/Objects-normal/x86_64/e6072d4f65d7061329687fe24e3d63a7-common-args.resp -include /Users/hectorgarcia/Library/Developer/Xcode/DerivedData/Build/Intermediates.noindex/Firebase.build/Debug-iphonesimulator/FirebaseAuth.build/DerivedSources/resource_bundle_accessor.h -MMD -MT dependencies -MF /Users/hectorgarcia/Library/Developer/Xcode/DerivedData/Build/Intermediates.noindex/Firebase.build/Debug-iphonesimulator/FirebaseAuth.build/Objects-normal/x86_64/FIRSignUpNewUserResponse.d --serialize-diagnostics /Users/hectorgarcia/Library/Developer/Xcode/DerivedData/Build/Intermediates.noindex/Firebase.build/Debug-iphonesimulator/FirebaseAuth.build/Objects-normal/x86_64/FIRSignUpNewUserResponse.dia -c /Users/hectorgarcia/Library/Developer/Xcode/DerivedData/Lyo-eagkiegzrakogpczynhkaholsscs/SourcePackages/checkouts/firebase-ios-sdk/FirebaseAuth/Sources/Backend/RPC/FIRSignUpNewUserResponse.m -o /Users/hectorgarcia/Library/Developer/Xcode/DerivedData/Build/Intermediates.noindex/Firebase.build/Debug-iphonesimulator/FirebaseAuth.build/Objects-normal/x86_64/FIRSignUpNewUserResponse.o -index-unit-output-path /Firebase.build/Debug-iphonesimulator/FirebaseAuth.build/Objects-normal/x86_64/FIRSignUpNewUserResponse.o

CompileC /Users/hectorgarcia/Library/Developer/Xcode/DerivedData/Build/Intermediates.noindex/Firebase.build/Debug-iphonesimulator/FirebaseAuth.build/Objects-normal/x86_64/FIRSignInWithGameCenterResponse.o /Users/hectorgarcia/Library/Developer/Xcode/DerivedData/Lyo-eagkiegzrakogpczynhkaholsscs/SourcePackages/checkouts/firebase-ios-sdk/FirebaseAuth/Sources/Backend/RPC/FIRSignInWithGameCenterResponse.m normal x86_64 objective-c com.apple.compilers.llvm.clang.1_0.compiler (in target 'FirebaseAuth' from project 'Firebase')
    cd /Users/hectorgarcia/LYO_Da_ONE/Lyo.xcodeproj
    
    Using response file: /Users/hectorgarcia/Library/Developer/Xcode/DerivedData/Build/Intermediates.noindex/Firebase.build/Debug-iphonesimulator/FirebaseAuth.build/Objects-normal/x86_64/e6072d4f65d7061329687fe24e3d63a7-common-args.resp
    
    /Users/hectorgarcia/Downloads/Xcode.app/Contents/Developer/Toolchains/XcodeDefault.xctoolchain/usr/bin/clang -x objective-c -ivfsstatcache /Users/hectorgarcia/Library/Developer/Xcode/DerivedData/SDKStatCaches.noindex/iphonesimulator26.2-23C53-823d3e8b6e60bc2018c189d3ca05ba9b.sdkstatcache -fmessage-length\=0 -fdiagnostics-show-note-include-stack -fmacro-backtrace-limit\=0 -fno-color-diagnostics -fmodules-prune-interval\=86400 -fmodules-prune-after\=345600 -fbuild-session-file\=/Users/hectorgarcia/Library/Developer/Xcode/DerivedData/ModuleCache.noindex/Session.modulevalidation -fmodules-validate-once-per-build-session -Wnon-modular-include-in-framework-module -Werror\=non-modular-include-in-framework-module -Wno-trigraphs -Wno-missing-field-initializers -Wno-missing-prototypes -Wno-return-type -Wno-implicit-atomic-properties -Wno-objc-interface-ivars -Wno-arc-repeated-use-of-weak -Wno-missing-braces -Wparentheses -Wswitch -Wno-unused-function -Wno-unused-label -Wno-unused-parameter -Wno-unused-variable -Wunused-value -Wno-empty-body -Wno-uninitialized -Wno-unknown-pragmas -w -Wno-shadow -Wno-four-char-constants -Wno-conversion -Wno-constant-conversion -Wno-int-conversion -Wno-bool-conversion -Wno-enum-conversion -Wno-float-conversion -Wno-non-literal-null-conversion -Wno-objc-literal-conversion -Wshorten-64-to-32 -Wpointer-sign -Wno-newline-eof -Wno-selector -Wno-strict-selector-match -Wno-undeclared-selector -Wno-deprecated-implementations -Wno-implicit-fallthrough -fstrict-aliasing -Wprotocol -Wdeprecated-declarations -Wno-sign-conversion -Wno-infinite-recursion -Wno-comma -Wno-block-capture-autoreleasing -Wno-strict-prototypes -Wno-semicolon-before-method-body -index-store-path /Users/hectorgarcia/Library/Developer/Xcode/DerivedData/Lyo-eagkiegzrakogpczynhkaholsscs/Index.noindex/DataStore @/Users/hectorgarcia/Library/Developer/Xcode/DerivedData/Build/Intermediates.noindex/Firebase.build/Debug-iphonesimulator/FirebaseAuth.build/Objects-normal/x86_64/e6072d4f65d7061329687fe24e3d63a7-common-args.resp -include /Users/hectorgarcia/Library/Developer/Xcode/DerivedData/Build/Intermediates.noindex/Firebase.build/Debug-iphonesimulator/FirebaseAuth.build/DerivedSources/resource_bundle_accessor.h -MMD -MT dependencies -MF /Users/hectorgarcia/Library/Developer/Xcode/DerivedData/Build/Intermediates.noindex/Firebase.build/Debug-iphonesimulator/FirebaseAuth.build/Objects-normal/x86_64/FIRSignInWithGameCenterResponse.d --serialize-diagnostics /Users/hectorgarcia/Library/Developer/Xcode/DerivedData/Build/Intermediates.noindex/Firebase.build/Debug-iphonesimulator/FirebaseAuth.build/Objects-normal/x86_64/FIRSignInWithGameCenterResponse.dia -c /Users/hectorgarcia/Library/Developer/Xcode/DerivedData/Lyo-eagkiegzrakogpczynhkaholsscs/SourcePackages/checkouts/firebase-ios-sdk/FirebaseAuth/Sources/Backend/RPC/FIRSignInWithGameCenterResponse.m -o /Users/hectorgarcia/Library/Developer/Xcode/DerivedData/Build/Intermediates.noindex/Firebase.build/Debug-iphonesimulator/FirebaseAuth.build/Objects-normal/x86_64/FIRSignInWithGameCenterResponse.o -index-unit-output-path /Firebase.build/Debug-iphonesimulator/FirebaseAuth.build/Objects-normal/x86_64/FIRSignInWithGameCenterResponse.o

CompileC /Users/hectorgarcia/Library/Developer/Xcode/DerivedData/Build/Intermediates.noindex/Firebase.build/Debug-iphonesimulator/FirebaseAuth.build/Objects-normal/x86_64/FIRStartMFAEnrollmentRequest.o /Users/hectorgarcia/Library/Developer/Xcode/DerivedData/Lyo-eagkiegzrakogpczynhkaholsscs/SourcePackages/checkouts/firebase-ios-sdk/FirebaseAuth/Sources/Backend/RPC/MultiFactor/Enroll/FIRStartMFAEnrollmentRequest.m normal x86_64 objective-c com.apple.compilers.llvm.clang.1_0.compiler (in target 'FirebaseAuth' from project 'Firebase')
    cd /Users/hectorgarcia/LYO_Da_ONE/Lyo.xcodeproj
    
    Using response file: /Users/hectorgarcia/Library/Developer/Xcode/DerivedData/Build/Intermediates.noindex/Firebase.build/Debug-iphonesimulator/FirebaseAuth.build/Objects-normal/x86_64/e6072d4f65d7061329687fe24e3d63a7-common-args.resp
    
    /Users/hectorgarcia/Downloads/Xcode.app/Contents/Developer/Toolchains/XcodeDefault.xctoolchain/usr/bin/clang -x objective-c -ivfsstatcache /Users/hectorgarcia/Library/Developer/Xcode/DerivedData/SDKStatCaches.noindex/iphonesimulator26.2-23C53-823d3e8b6e60bc2018c189d3ca05ba9b.sdkstatcache -fmessage-length\=0 -fdiagnostics-show-note-include-stack -fmacro-backtrace-limit\=0 -fno-color-diagnostics -fmodules-prune-interval\=86400 -fmodules-prune-after\=345600 -fbuild-session-file\=/Users/hectorgarcia/Library/Developer/Xcode/DerivedData/ModuleCache.noindex/Session.modulevalidation -fmodules-validate-once-per-build-session -Wnon-modular-include-in-framework-module -Werror\=non-modular-include-in-framework-module -Wno-trigraphs -Wno-missing-field-initializers -Wno-missing-prototypes -Wno-return-type -Wno-implicit-atomic-properties -Wno-objc-interface-ivars -Wno-arc-repeated-use-of-weak -Wno-missing-braces -Wparentheses -Wswitch -Wno-unused-function -Wno-unused-label -Wno-unused-parameter -Wno-unused-variable -Wunused-value -Wno-empty-body -Wno-uninitialized -Wno-unknown-pragmas -w -Wno-shadow -Wno-four-char-constants -Wno-conversion -Wno-constant-conversion -Wno-int-conversion -Wno-bool-conversion -Wno-enum-conversion -Wno-float-conversion -Wno-non-literal-null-conversion -Wno-objc-literal-conversion -Wshorten-64-to-32 -Wpointer-sign -Wno-newline-eof -Wno-selector -Wno-strict-selector-match -Wno-undeclared-selector -Wno-deprecated-implementations -Wno-implicit-fallthrough -fstrict-aliasing -Wprotocol -Wdeprecated-declarations -Wno-sign-conversion -Wno-infinite-recursion -Wno-comma -Wno-block-capture-autoreleasing -Wno-strict-prototypes -Wno-semicolon-before-method-body -index-store-path /Users/hectorgarcia/Library/Developer/Xcode/DerivedData/Lyo-eagkiegzrakogpczynhkaholsscs/Index.noindex/DataStore @/Users/hectorgarcia/Library/Developer/Xcode/DerivedData/Build/Intermediates.noindex/Firebase.build/Debug-iphonesimulator/FirebaseAuth.build/Objects-normal/x86_64/e6072d4f65d7061329687fe24e3d63a7-common-args.resp -include /Users/hectorgarcia/Library/Developer/Xcode/DerivedData/Build/Intermediates.noindex/Firebase.build/Debug-iphonesimulator/FirebaseAuth.build/DerivedSources/resource_bundle_accessor.h -MMD -MT dependencies -MF /Users/hectorgarcia/Library/Developer/Xcode/DerivedData/Build/Intermediates.noindex/Firebase.build/Debug-iphonesimulator/FirebaseAuth.build/Objects-normal/x86_64/FIRStartMFAEnrollmentRequest.d --serialize-diagnostics /Users/hectorgarcia/Library/Developer/Xcode/DerivedData/Build/Intermediates.noindex/Firebase.build/Debug-iphonesimulator/FirebaseAuth.build/Objects-normal/x86_64/FIRStartMFAEnrollmentRequest.dia -c /Users/hectorgarcia/Library/Developer/Xcode/DerivedData/Lyo-eagkiegzrakogpczynhkaholsscs/SourcePackages/checkouts/firebase-ios-sdk/FirebaseAuth/Sources/Backend/RPC/MultiFactor/Enroll/FIRStartMFAEnrollmentRequest.m -o /Users/hectorgarcia/Library/Developer/Xcode/DerivedData/Build/Intermediates.noindex/Firebase.build/Debug-iphonesimulator/FirebaseAuth.build/Objects-normal/x86_64/FIRStartMFAEnrollmentRequest.o -index-unit-output-path /Firebase.build/Debug-iphonesimulator/FirebaseAuth.build/Objects-normal/x86_64/FIRStartMFAEnrollmentRequest.o

PrecompileModule /Users/hectorgarcia/Library/Developer/Xcode/DerivedData/Build/Intermediates.noindex/ExplicitPrecompiledModules/Dispatch-EQEAFPWOV8K9WQJP5XWPU8OEC.scan
    cd /
    builtin-precompileModule /Users/hectorgarcia/Library/Developer/Xcode/DerivedData/Build/Intermediates.noindex/ExplicitPrecompiledModules/Dispatch-EQEAFPWOV8K9WQJP5XWPU8OEC.scan

ScanDependencies /Users/hectorgarcia/Library/Developer/Xcode/DerivedData/Build/Intermediates.noindex/Firebase.build/Debug-iphonesimulator/FirebaseAuth.build/Objects-normal/x86_64/FIRSetAccountInfoResponse.o /Users/hectorgarcia/Library/Developer/Xcode/DerivedData/Lyo-eagkiegzrakogpczynhkaholsscs/SourcePackages/checkouts/firebase-ios-sdk/FirebaseAuth/Sources/Backend/RPC/FIRSetAccountInfoResponse.m normal x86_64 objective-c com.apple.compilers.llvm.clang.1_0.compiler (in target 'FirebaseAuth' from project 'Firebase')
    cd /Users/hectorgarcia/LYO_Da_ONE/Lyo.xcodeproj
    
    Using response file: /Users/hectorgarcia/Library/Developer/Xcode/DerivedData/Build/Intermediates.noindex/Firebase.build/Debug-iphonesimulator/FirebaseAuth.build/Objects-normal/x86_64/e6072d4f65d7061329687fe24e3d63a7-common-args.resp
    
    builtin-ScanDependencies -o /Users/hectorgarcia/Library/Developer/Xcode/DerivedData/Build/Intermediates.noindex/Firebase.build/Debug-iphonesimulator/FirebaseAuth.build/Objects-normal/x86_64/FIRSetAccountInfoResponse.o.scan -- /Users/hectorgarcia/Downloads/Xcode.app/Contents/Developer/Toolchains/XcodeDefault.xctoolchain/usr/bin/clang -x objective-c -ivfsstatcache /Users/hectorgarcia/Library/Developer/Xcode/DerivedData/SDKStatCaches.noindex/iphonesimulator26.2-23C53-823d3e8b6e60bc2018c189d3ca05ba9b.sdkstatcache -fmessage-length\=0 -fdiagnostics-show-note-include-stack -fmacro-backtrace-limit\=0 -fno-color-diagnostics -fmodules-prune-interval\=86400 -fmodules-prune-after\=345600 -fbuild-session-file\=/Users/hectorgarcia/Library/Developer/Xcode/DerivedData/ModuleCache.noindex/Session.modulevalidation -fmodules-validate-once-per-build-session -Wnon-modular-include-in-framework-module -Werror\=non-modular-include-in-framework-module -Wno-trigraphs -Wno-missing-field-initializers -Wno-missing-prototypes -Wno-return-type -Wno-implicit-atomic-properties -Wno-objc-interface-ivars -Wno-arc-repeated-use-of-weak -Wno-missing-braces -Wparentheses -Wswitch -Wno-unused-function -Wno-unused-label -Wno-unused-parameter -Wno-unused-variable -Wunused-value -Wno-empty-body -Wno-uninitialized -Wno-unknown-pragmas -w -Wno-shadow -Wno-four-char-constants -Wno-conversion -Wno-constant-conversion -Wno-int-conversion -Wno-bool-conversion -Wno-enum-conversion -Wno-float-conversion -Wno-non-literal-null-conversion -Wno-objc-literal-conversion -Wshorten-64-to-32 -Wpointer-sign -Wno-newline-eof -Wno-selector -Wno-strict-selector-match -Wno-undeclared-selector -Wno-deprecated-implementations -Wno-implicit-fallthrough -fstrict-aliasing -Wprotocol -Wdeprecated-declarations -Wno-sign-conversion -Wno-infinite-recursion -Wno-comma -Wno-block-capture-autoreleasing -Wno-strict-prototypes -Wno-semicolon-before-method-body -index-store-path /Users/hectorgarcia/Library/Developer/Xcode/DerivedData/Lyo-eagkiegzrakogpczynhkaholsscs/Index.noindex/DataStore @/Users/hectorgarcia/Library/Developer/Xcode/DerivedData/Build/Intermediates.noindex/Firebase.build/Debug-iphonesimulator/FirebaseAuth.build/Objects-normal/x86_64/e6072d4f65d7061329687fe24e3d63a7-common-args.resp -include /Users/hectorgarcia/Library/Developer/Xcode/DerivedData/Build/Intermediates.noindex/Firebase.build/Debug-iphonesimulator/FirebaseAuth.build/DerivedSources/resource_bundle_accessor.h -MMD -MT dependencies -MF /Users/hectorgarcia/Library/Developer/Xcode/DerivedData/Build/Intermediates.noindex/Firebase.build/Debug-iphonesimulator/FirebaseAuth.build/Objects-normal/x86_64/FIRSetAccountInfoResponse.d --serialize-diagnostics /Users/hectorgarcia/Library/Developer/Xcode/DerivedData/Build/Intermediates.noindex/Firebase.build/Debug-iphonesimulator/FirebaseAuth.build/Objects-normal/x86_64/FIRSetAccountInfoResponse.dia -c /Users/hectorgarcia/Library/Developer/Xcode/DerivedData/Lyo-eagkiegzrakogpczynhkaholsscs/SourcePackages/checkouts/firebase-ios-sdk/FirebaseAuth/Sources/Backend/RPC/FIRSetAccountInfoResponse.m -o /Users/hectorgarcia/Library/Developer/Xcode/DerivedData/Build/Intermediates.noindex/Firebase.build/Debug-iphonesimulator/FirebaseAuth.build/Objects-normal/x86_64/FIRSetAccountInfoResponse.o -index-unit-output-path /Firebase.build/Debug-iphonesimulator/FirebaseAuth.build/Objects-normal/x86_64/FIRSetAccountInfoResponse.o

ScanDependencies /Users/hectorgarcia/Library/Developer/Xcode/DerivedData/Build/Intermediates.noindex/Firebase.build/Debug-iphonesimulator/FirebaseAuth.build/Objects-normal/x86_64/FIRSetAccountInfoRequest.o /Users/hectorgarcia/Library/Developer/Xcode/DerivedData/Lyo-eagkiegzrakogpczynhkaholsscs/SourcePackages/checkouts/firebase-ios-sdk/FirebaseAuth/Sources/Backend/RPC/FIRSetAccountInfoRequest.m normal x86_64 objective-c com.apple.compilers.llvm.clang.1_0.compiler (in target 'FirebaseAuth' from project 'Firebase')
    cd /Users/hectorgarcia/LYO_Da_ONE/Lyo.xcodeproj
    
    Using response file: /Users/hectorgarcia/Library/Developer/Xcode/DerivedData/Build/Intermediates.noindex/Firebase.build/Debug-iphonesimulator/FirebaseAuth.build/Objects-normal/x86_64/e6072d4f65d7061329687fe24e3d63a7-common-args.resp
    
    builtin-ScanDependencies -o /Users/hectorgarcia/Library/Developer/Xcode/DerivedData/Build/Intermediates.noindex/Firebase.build/Debug-iphonesimulator/FirebaseAuth.build/Objects-normal/x86_64/FIRSetAccountInfoRequest.o.scan -- /Users/hectorgarcia/Downloads/Xcode.app/Contents/Developer/Toolchains/XcodeDefault.xctoolchain/usr/bin/clang -x objective-c -ivfsstatcache /Users/hectorgarcia/Library/Developer/Xcode/DerivedData/SDKStatCaches.noindex/iphonesimulator26.2-23C53-823d3e8b6e60bc2018c189d3ca05ba9b.sdkstatcache -fmessage-length\=0 -fdiagnostics-show-note-include-stack -fmacro-backtrace-limit\=0 -fno-color-diagnostics -fmodules-prune-interval\=86400 -fmodules-prune-after\=345600 -fbuild-session-file\=/Users/hectorgarcia/Library/Developer/Xcode/DerivedData/ModuleCache.noindex/Session.modulevalidation -fmodules-validate-once-per-build-session -Wnon-modular-include-in-framework-module -Werror\=non-modular-include-in-framework-module -Wno-trigraphs -Wno-missing-field-initializers -Wno-missing-prototypes -Wno-return-type -Wno-implicit-atomic-properties -Wno-objc-interface-ivars -Wno-arc-repeated-use-of-weak -Wno-missing-braces -Wparentheses -Wswitch -Wno-unused-function -Wno-unused-label -Wno-unused-parameter -Wno-unused-variable -Wunused-value -Wno-empty-body -Wno-uninitialized -Wno-unknown-pragmas -w -Wno-shadow -Wno-four-char-constants -Wno-conversion -Wno-constant-conversion -Wno-int-conversion -Wno-bool-conversion -Wno-enum-conversion -Wno-float-conversion -Wno-non-literal-null-conversion -Wno-objc-literal-conversion -Wshorten-64-to-32 -Wpointer-sign -Wno-newline-eof -Wno-selector -Wno-strict-selector-match -Wno-undeclared-selector -Wno-deprecated-implementations -Wno-implicit-fallthrough -fstrict-aliasing -Wprotocol -Wdeprecated-declarations -Wno-sign-conversion -Wno-infinite-recursion -Wno-comma -Wno-block-capture-autoreleasing -Wno-strict-prototypes -Wno-semicolon-before-method-body -index-store-path /Users/hectorgarcia/Library/Developer/Xcode/DerivedData/Lyo-eagkiegzrakogpczynhkaholsscs/Index.noindex/DataStore @/Users/hectorgarcia/Library/Developer/Xcode/DerivedData/Build/Intermediates.noindex/Firebase.build/Debug-iphonesimulator/FirebaseAuth.build/Objects-normal/x86_64/e6072d4f65d7061329687fe24e3d63a7-common-args.resp -include /Users/hectorgarcia/Library/Developer/Xcode/DerivedData/Build/Intermediates.noindex/Firebase.build/Debug-iphonesimulator/FirebaseAuth.build/DerivedSources/resource_bundle_accessor.h -MMD -MT dependencies -MF /Users/hectorgarcia/Library/Developer/Xcode/DerivedData/Build/Intermediates.noindex/Firebase.build/Debug-iphonesimulator/FirebaseAuth.build/Objects-normal/x86_64/FIRSetAccountInfoRequest.d --serialize-diagnostics /Users/hectorgarcia/Library/Developer/Xcode/DerivedData/Build/Intermediates.noindex/Firebase.build/Debug-iphonesimulator/FirebaseAuth.build/Objects-normal/x86_64/FIRSetAccountInfoRequest.dia -c /Users/hectorgarcia/Library/Developer/Xcode/DerivedData/Lyo-eagkiegzrakogpczynhkaholsscs/SourcePackages/checkouts/firebase-ios-sdk/FirebaseAuth/Sources/Backend/RPC/FIRSetAccountInfoRequest.m -o /Users/hectorgarcia/Library/Developer/Xcode/DerivedData/Build/Intermediates.noindex/Firebase.build/Debug-iphonesimulator/FirebaseAuth.build/Objects-normal/x86_64/FIRSetAccountInfoRequest.o -index-unit-output-path /Firebase.build/Debug-iphonesimulator/FirebaseAuth.build/Objects-normal/x86_64/FIRSetAccountInfoRequest.o

ScanDependencies /Users/hectorgarcia/Library/Developer/Xcode/DerivedData/Build/Intermediates.noindex/Firebase.build/Debug-iphonesimulator/FirebaseAuth.build/Objects-normal/x86_64/FIRSendVerificationCodeResponse.o /Users/hectorgarcia/Library/Developer/Xcode/DerivedData/Lyo-eagkiegzrakogpczynhkaholsscs/SourcePackages/checkouts/firebase-ios-sdk/FirebaseAuth/Sources/Backend/RPC/FIRSendVerificationCodeResponse.m normal x86_64 objective-c com.apple.compilers.llvm.clang.1_0.compiler (in target 'FirebaseAuth' from project 'Firebase')
    cd /Users/hectorgarcia/LYO_Da_ONE/Lyo.xcodeproj
    
    Using response file: /Users/hectorgarcia/Library/Developer/Xcode/DerivedData/Build/Intermediates.noindex/Firebase.build/Debug-iphonesimulator/FirebaseAuth.build/Objects-normal/x86_64/e6072d4f65d7061329687fe24e3d63a7-common-args.resp
    
    builtin-ScanDependencies -o /Users/hectorgarcia/Library/Developer/Xcode/DerivedData/Build/Intermediates.noindex/Firebase.build/Debug-iphonesimulator/FirebaseAuth.build/Objects-normal/x86_64/FIRSendVerificationCodeResponse.o.scan -- /Users/hectorgarcia/Downloads/Xcode.app/Contents/Developer/Toolchains/XcodeDefault.xctoolchain/usr/bin/clang -x objective-c -ivfsstatcache /Users/hectorgarcia/Library/Developer/Xcode/DerivedData/SDKStatCaches.noindex/iphonesimulator26.2-23C53-823d3e8b6e60bc2018c189d3ca05ba9b.sdkstatcache -fmessage-length\=0 -fdiagnostics-show-note-include-stack -fmacro-backtrace-limit\=0 -fno-color-diagnostics -fmodules-prune-interval\=86400 -fmodules-prune-after\=345600 -fbuild-session-file\=/Users/hectorgarcia/Library/Developer/Xcode/DerivedData/ModuleCache.noindex/Session.modulevalidation -fmodules-validate-once-per-build-session -Wnon-modular-include-in-framework-module -Werror\=non-modular-include-in-framework-module -Wno-trigraphs -Wno-missing-field-initializers -Wno-missing-prototypes -Wno-return-type -Wno-implicit-atomic-properties -Wno-objc-interface-ivars -Wno-arc-repeated-use-of-weak -Wno-missing-braces -Wparentheses -Wswitch -Wno-unused-function -Wno-unused-label -Wno-unused-parameter -Wno-unused-variable -Wunused-value -Wno-empty-body -Wno-uninitialized -Wno-unknown-pragmas -w -Wno-shadow -Wno-four-char-constants -Wno-conversion -Wno-constant-conversion -Wno-int-conversion -Wno-bool-conversion -Wno-enum-conversion -Wno-float-conversion -Wno-non-literal-null-conversion -Wno-objc-literal-conversion -Wshorten-64-to-32 -Wpointer-sign -Wno-newline-eof -Wno-selector -Wno-strict-selector-match -Wno-undeclared-selector -Wno-deprecated-implementations -Wno-implicit-fallthrough -fstrict-aliasing -Wprotocol -Wdeprecated-declarations -Wno-sign-conversion -Wno-infinite-recursion -Wno-comma -Wno-block-capture-autoreleasing -Wno-strict-prototypes -Wno-semicolon-before-method-body -index-store-path /Users/hectorgarcia/Library/Developer/Xcode/DerivedData/Lyo-eagkiegzrakogpczynhkaholsscs/Index.noindex/DataStore @/Users/hectorgarcia/Library/Developer/Xcode/DerivedData/Build/Intermediates.noindex/Firebase.build/Debug-iphonesimulator/FirebaseAuth.build/Objects-normal/x86_64/e6072d4f65d7061329687fe24e3d63a7-common-args.resp -include /Users/hectorgarcia/Library/Developer/Xcode/DerivedData/Build/Intermediates.noindex/Firebase.build/Debug-iphonesimulator/FirebaseAuth.build/DerivedSources/resource_bundle_accessor.h -MMD -MT dependencies -MF /Users/hectorgarcia/Library/Developer/Xcode/DerivedData/Build/Intermediates.noindex/Firebase.build/Debug-iphonesimulator/FirebaseAuth.build/Objects-normal/x86_64/FIRSendVerificationCodeResponse.d --serialize-diagnostics /Users/hectorgarcia/Library/Developer/Xcode/DerivedData/Build/Intermediates.noindex/Firebase.build/Debug-iphonesimulator/FirebaseAuth.build/Objects-normal/x86_64/FIRSendVerificationCodeResponse.dia -c /Users/hectorgarcia/Library/Developer/Xcode/DerivedData/Lyo-eagkiegzrakogpczynhkaholsscs/SourcePackages/checkouts/firebase-ios-sdk/FirebaseAuth/Sources/Backend/RPC/FIRSendVerificationCodeResponse.m -o /Users/hectorgarcia/Library/Developer/Xcode/DerivedData/Build/Intermediates.noindex/Firebase.build/Debug-iphonesimulator/FirebaseAuth.build/Objects-normal/x86_64/FIRSendVerificationCodeResponse.o -index-unit-output-path /Firebase.build/Debug-iphonesimulator/FirebaseAuth.build/Objects-normal/x86_64/FIRSendVerificationCodeResponse.o

CompileC /Users/hectorgarcia/Library/Developer/Xcode/DerivedData/Build/Intermediates.noindex/Firebase.build/Debug-iphonesimulator/FirebaseAuth.build/Objects-normal/x86_64/FIRSetAccountInfoResponse.o /Users/hectorgarcia/Library/Developer/Xcode/DerivedData/Lyo-eagkiegzrakogpczynhkaholsscs/SourcePackages/checkouts/firebase-ios-sdk/FirebaseAuth/Sources/Backend/RPC/FIRSetAccountInfoResponse.m normal x86_64 objective-c com.apple.compilers.llvm.clang.1_0.compiler (in target 'FirebaseAuth' from project 'Firebase')
    cd /Users/hectorgarcia/LYO_Da_ONE/Lyo.xcodeproj
    
    Using response file: /Users/hectorgarcia/Library/Developer/Xcode/DerivedData/Build/Intermediates.noindex/Firebase.build/Debug-iphonesimulator/FirebaseAuth.build/Objects-normal/x86_64/e6072d4f65d7061329687fe24e3d63a7-common-args.resp
    
    /Users/hectorgarcia/Downloads/Xcode.app/Contents/Developer/Toolchains/XcodeDefault.xctoolchain/usr/bin/clang -x objective-c -ivfsstatcache /Users/hectorgarcia/Library/Developer/Xcode/DerivedData/SDKStatCaches.noindex/iphonesimulator26.2-23C53-823d3e8b6e60bc2018c189d3ca05ba9b.sdkstatcache -fmessage-length\=0 -fdiagnostics-show-note-include-stack -fmacro-backtrace-limit\=0 -fno-color-diagnostics -fmodules-prune-interval\=86400 -fmodules-prune-after\=345600 -fbuild-session-file\=/Users/hectorgarcia/Library/Developer/Xcode/DerivedData/ModuleCache.noindex/Session.modulevalidation -fmodules-validate-once-per-build-session -Wnon-modular-include-in-framework-module -Werror\=non-modular-include-in-framework-module -Wno-trigraphs -Wno-missing-field-initializers -Wno-missing-prototypes -Wno-return-type -Wno-implicit-atomic-properties -Wno-objc-interface-ivars -Wno-arc-repeated-use-of-weak -Wno-missing-braces -Wparentheses -Wswitch -Wno-unused-function -Wno-unused-label -Wno-unused-parameter -Wno-unused-variable -Wunused-value -Wno-empty-body -Wno-uninitialized -Wno-unknown-pragmas -w -Wno-shadow -Wno-four-char-constants -Wno-conversion -Wno-constant-conversion -Wno-int-conversion -Wno-bool-conversion -Wno-enum-conversion -Wno-float-conversion -Wno-non-literal-null-conversion -Wno-objc-literal-conversion -Wshorten-64-to-32 -Wpointer-sign -Wno-newline-eof -Wno-selector -Wno-strict-selector-match -Wno-undeclared-selector -Wno-deprecated-implementations -Wno-implicit-fallthrough -fstrict-aliasing -Wprotocol -Wdeprecated-declarations -Wno-sign-conversion -Wno-infinite-recursion -Wno-comma -Wno-block-capture-autoreleasing -Wno-strict-prototypes -Wno-semicolon-before-method-body -index-store-path /Users/hectorgarcia/Library/Developer/Xcode/DerivedData/Lyo-eagkiegzrakogpczynhkaholsscs/Index.noindex/DataStore @/Users/hectorgarcia/Library/Developer/Xcode/DerivedData/Build/Intermediates.noindex/Firebase.build/Debug-iphonesimulator/FirebaseAuth.build/Objects-normal/x86_64/e6072d4f65d7061329687fe24e3d63a7-common-args.resp -include /Users/hectorgarcia/Library/Developer/Xcode/DerivedData/Build/Intermediates.noindex/Firebase.build/Debug-iphonesimulator/FirebaseAuth.build/DerivedSources/resource_bundle_accessor.h -MMD -MT dependencies -MF /Users/hectorgarcia/Library/Developer/Xcode/DerivedData/Build/Intermediates.noindex/Firebase.build/Debug-iphonesimulator/FirebaseAuth.build/Objects-normal/x86_64/FIRSetAccountInfoResponse.d --serialize-diagnostics /Users/hectorgarcia/Library/Developer/Xcode/DerivedData/Build/Intermediates.noindex/Firebase.build/Debug-iphonesimulator/FirebaseAuth.build/Objects-normal/x86_64/FIRSetAccountInfoResponse.dia -c /Users/hectorgarcia/Library/Developer/Xcode/DerivedData/Lyo-eagkiegzrakogpczynhkaholsscs/SourcePackages/checkouts/firebase-ios-sdk/FirebaseAuth/Sources/Backend/RPC/FIRSetAccountInfoResponse.m -o /Users/hectorgarcia/Library/Developer/Xcode/DerivedData/Build/Intermediates.noindex/Firebase.build/Debug-iphonesimulator/FirebaseAuth.build/Objects-normal/x86_64/FIRSetAccountInfoResponse.o -index-unit-output-path /Firebase.build/Debug-iphonesimulator/FirebaseAuth.build/Objects-normal/x86_64/FIRSetAccountInfoResponse.o

CompileC /Users/hectorgarcia/Library/Developer/Xcode/DerivedData/Build/Intermediates.noindex/Firebase.build/Debug-iphonesimulator/FirebaseAuth.build/Objects-normal/x86_64/FIRSignInWithGameCenterRequest.o /Users/hectorgarcia/Library/Developer/Xcode/DerivedData/Lyo-eagkiegzrakogpczynhkaholsscs/SourcePackages/checkouts/firebase-ios-sdk/FirebaseAuth/Sources/Backend/RPC/FIRSignInWithGameCenterRequest.m normal x86_64 objective-c com.apple.compilers.llvm.clang.1_0.compiler (in target 'FirebaseAuth' from project 'Firebase')
    cd /Users/hectorgarcia/LYO_Da_ONE/Lyo.xcodeproj
    
    Using response file: /Users/hectorgarcia/Library/Developer/Xcode/DerivedData/Build/Intermediates.noindex/Firebase.build/Debug-iphonesimulator/FirebaseAuth.build/Objects-normal/x86_64/e6072d4f65d7061329687fe24e3d63a7-common-args.resp
    
    /Users/hectorgarcia/Downloads/Xcode.app/Contents/Developer/Toolchains/XcodeDefault.xctoolchain/usr/bin/clang -x objective-c -ivfsstatcache /Users/hectorgarcia/Library/Developer/Xcode/DerivedData/SDKStatCaches.noindex/iphonesimulator26.2-23C53-823d3e8b6e60bc2018c189d3ca05ba9b.sdkstatcache -fmessage-length\=0 -fdiagnostics-show-note-include-stack -fmacro-backtrace-limit\=0 -fno-color-diagnostics -fmodules-prune-interval\=86400 -fmodules-prune-after\=345600 -fbuild-session-file\=/Users/hectorgarcia/Library/Developer/Xcode/DerivedData/ModuleCache.noindex/Session.modulevalidation -fmodules-validate-once-per-build-session -Wnon-modular-include-in-framework-module -Werror\=non-modular-include-in-framework-module -Wno-trigraphs -Wno-missing-field-initializers -Wno-missing-prototypes -Wno-return-type -Wno-implicit-atomic-properties -Wno-objc-interface-ivars -Wno-arc-repeated-use-of-weak -Wno-missing-braces -Wparentheses -Wswitch -Wno-unused-function -Wno-unused-label -Wno-unused-parameter -Wno-unused-variable -Wunused-value -Wno-empty-body -Wno-uninitialized -Wno-unknown-pragmas -w -Wno-shadow -Wno-four-char-constants -Wno-conversion -Wno-constant-conversion -Wno-int-conversion -Wno-bool-conversion -Wno-enum-conversion -Wno-float-conversion -Wno-non-literal-null-conversion -Wno-objc-literal-conversion -Wshorten-64-to-32 -Wpointer-sign -Wno-newline-eof -Wno-selector -Wno-strict-selector-match -Wno-undeclared-selector -Wno-deprecated-implementations -Wno-implicit-fallthrough -fstrict-aliasing -Wprotocol -Wdeprecated-declarations -Wno-sign-conversion -Wno-infinite-recursion -Wno-comma -Wno-block-capture-autoreleasing -Wno-strict-prototypes -Wno-semicolon-before-method-body -index-store-path /Users/hectorgarcia/Library/Developer/Xcode/DerivedData/Lyo-eagkiegzrakogpczynhkaholsscs/Index.noindex/DataStore @/Users/hectorgarcia/Library/Developer/Xcode/DerivedData/Build/Intermediates.noindex/Firebase.build/Debug-iphonesimulator/FirebaseAuth.build/Objects-normal/x86_64/e6072d4f65d7061329687fe24e3d63a7-common-args.resp -include /Users/hectorgarcia/Library/Developer/Xcode/DerivedData/Build/Intermediates.noindex/Firebase.build/Debug-iphonesimulator/FirebaseAuth.build/DerivedSources/resource_bundle_accessor.h -MMD -MT dependencies -MF /Users/hectorgarcia/Library/Developer/Xcode/DerivedData/Build/Intermediates.noindex/Firebase.build/Debug-iphonesimulator/FirebaseAuth.build/Objects-normal/x86_64/FIRSignInWithGameCenterRequest.d --serialize-diagnostics /Users/hectorgarcia/Library/Developer/Xcode/DerivedData/Build/Intermediates.noindex/Firebase.build/Debug-iphonesimulator/FirebaseAuth.build/Objects-normal/x86_64/FIRSignInWithGameCenterRequest.dia -c /Users/hectorgarcia/Library/Developer/Xcode/DerivedData/Lyo-eagkiegzrakogpczynhkaholsscs/SourcePackages/checkouts/firebase-ios-sdk/FirebaseAuth/Sources/Backend/RPC/FIRSignInWithGameCenterRequest.m -o /Users/hectorgarcia/Library/Developer/Xcode/DerivedData/Build/Intermediates.noindex/Firebase.build/Debug-iphonesimulator/FirebaseAuth.build/Objects-normal/x86_64/FIRSignInWithGameCenterRequest.o -index-unit-output-path /Firebase.build/Debug-iphonesimulator/FirebaseAuth.build/Objects-normal/x86_64/FIRSignInWithGameCenterRequest.o

ScanDependencies /Users/hectorgarcia/Library/Developer/Xcode/DerivedData/Build/Intermediates.noindex/Firebase.build/Debug-iphonesimulator/FirebaseAuth.build/Objects-normal/x86_64/FIRSendVerificationCodeRequest.o /Users/hectorgarcia/Library/Developer/Xcode/DerivedData/Lyo-eagkiegzrakogpczynhkaholsscs/SourcePackages/checkouts/firebase-ios-sdk/FirebaseAuth/Sources/Backend/RPC/FIRSendVerificationCodeRequest.m normal x86_64 objective-c com.apple.compilers.llvm.clang.1_0.compiler (in target 'FirebaseAuth' from project 'Firebase')
    cd /Users/hectorgarcia/LYO_Da_ONE/Lyo.xcodeproj
    
    Using response file: /Users/hectorgarcia/Library/Developer/Xcode/DerivedData/Build/Intermediates.noindex/Firebase.build/Debug-iphonesimulator/FirebaseAuth.build/Objects-normal/x86_64/e6072d4f65d7061329687fe24e3d63a7-common-args.resp
    
    builtin-ScanDependencies -o /Users/hectorgarcia/Library/Developer/Xcode/DerivedData/Build/Intermediates.noindex/Firebase.build/Debug-iphonesimulator/FirebaseAuth.build/Objects-normal/x86_64/FIRSendVerificationCodeRequest.o.scan -- /Users/hectorgarcia/Downloads/Xcode.app/Contents/Developer/Toolchains/XcodeDefault.xctoolchain/usr/bin/clang -x objective-c -ivfsstatcache /Users/hectorgarcia/Library/Developer/Xcode/DerivedData/SDKStatCaches.noindex/iphonesimulator26.2-23C53-823d3e8b6e60bc2018c189d3ca05ba9b.sdkstatcache -fmessage-length\=0 -fdiagnostics-show-note-include-stack -fmacro-backtrace-limit\=0 -fno-color-diagnostics -fmodules-prune-interval\=86400 -fmodules-prune-after\=345600 -fbuild-session-file\=/Users/hectorgarcia/Library/Developer/Xcode/DerivedData/ModuleCache.noindex/Session.modulevalidation -fmodules-validate-once-per-build-session -Wnon-modular-include-in-framework-module -Werror\=non-modular-include-in-framework-module -Wno-trigraphs -Wno-missing-field-initializers -Wno-missing-prototypes -Wno-return-type -Wno-implicit-atomic-properties -Wno-objc-interface-ivars -Wno-arc-repeated-use-of-weak -Wno-missing-braces -Wparentheses -Wswitch -Wno-unused-function -Wno-unused-label -Wno-unused-parameter -Wno-unused-variable -Wunused-value -Wno-empty-body -Wno-uninitialized -Wno-unknown-pragmas -w -Wno-shadow -Wno-four-char-constants -Wno-conversion -Wno-constant-conversion -Wno-int-conversion -Wno-bool-conversion -Wno-enum-conversion -Wno-float-conversion -Wno-non-literal-null-conversion -Wno-objc-literal-conversion -Wshorten-64-to-32 -Wpointer-sign -Wno-newline-eof -Wno-selector -Wno-strict-selector-match -Wno-undeclared-selector -Wno-deprecated-implementations -Wno-implicit-fallthrough -fstrict-aliasing -Wprotocol -Wdeprecated-declarations -Wno-sign-conversion -Wno-infinite-recursion -Wno-comma -Wno-block-capture-autoreleasing -Wno-strict-prototypes -Wno-semicolon-before-method-body -index-store-path /Users/hectorgarcia/Library/Developer/Xcode/DerivedData/Lyo-eagkiegzrakogpczynhkaholsscs/Index.noindex/DataStore @/Users/hectorgarcia/Library/Developer/Xcode/DerivedData/Build/Intermediates.noindex/Firebase.build/Debug-iphonesimulator/FirebaseAuth.build/Objects-normal/x86_64/e6072d4f65d7061329687fe24e3d63a7-common-args.resp -include /Users/hectorgarcia/Library/Developer/Xcode/DerivedData/Build/Intermediates.noindex/Firebase.build/Debug-iphonesimulator/FirebaseAuth.build/DerivedSources/resource_bundle_accessor.h -MMD -MT dependencies -MF /Users/hectorgarcia/Library/Developer/Xcode/DerivedData/Build/Intermediates.noindex/Firebase.build/Debug-iphonesimulator/FirebaseAuth.build/Objects-normal/x86_64/FIRSendVerificationCodeRequest.d --serialize-diagnostics /Users/hectorgarcia/Library/Developer/Xcode/DerivedData/Build/Intermediates.noindex/Firebase.build/Debug-iphonesimulator/FirebaseAuth.build/Objects-normal/x86_64/FIRSendVerificationCodeRequest.dia -c /Users/hectorgarcia/Library/Developer/Xcode/DerivedData/Lyo-eagkiegzrakogpczynhkaholsscs/SourcePackages/checkouts/firebase-ios-sdk/FirebaseAuth/Sources/Backend/RPC/FIRSendVerificationCodeRequest.m -o /Users/hectorgarcia/Library/Developer/Xcode/DerivedData/Build/Intermediates.noindex/Firebase.build/Debug-iphonesimulator/FirebaseAuth.build/Objects-normal/x86_64/FIRSendVerificationCodeRequest.o -index-unit-output-path /Firebase.build/Debug-iphonesimulator/FirebaseAuth.build/Objects-normal/x86_64/FIRSendVerificationCodeRequest.o

CompileC /Users/hectorgarcia/Library/Developer/Xcode/DerivedData/Build/Intermediates.noindex/Firebase.build/Debug-iphonesimulator/FirebaseAuth.build/Objects-normal/x86_64/FIRSetAccountInfoRequest.o /Users/hectorgarcia/Library/Developer/Xcode/DerivedData/Lyo-eagkiegzrakogpczynhkaholsscs/SourcePackages/checkouts/firebase-ios-sdk/FirebaseAuth/Sources/Backend/RPC/FIRSetAccountInfoRequest.m normal x86_64 objective-c com.apple.compilers.llvm.clang.1_0.compiler (in target 'FirebaseAuth' from project 'Firebase')
    cd /Users/hectorgarcia/LYO_Da_ONE/Lyo.xcodeproj
    
    Using response file: /Users/hectorgarcia/Library/Developer/Xcode/DerivedData/Build/Intermediates.noindex/Firebase.build/Debug-iphonesimulator/FirebaseAuth.build/Objects-normal/x86_64/e6072d4f65d7061329687fe24e3d63a7-common-args.resp
    
    /Users/hectorgarcia/Downloads/Xcode.app/Contents/Developer/Toolchains/XcodeDefault.xctoolchain/usr/bin/clang -x objective-c -ivfsstatcache /Users/hectorgarcia/Library/Developer/Xcode/DerivedData/SDKStatCaches.noindex/iphonesimulator26.2-23C53-823d3e8b6e60bc2018c189d3ca05ba9b.sdkstatcache -fmessage-length\=0 -fdiagnostics-show-note-include-stack -fmacro-backtrace-limit\=0 -fno-color-diagnostics -fmodules-prune-interval\=86400 -fmodules-prune-after\=345600 -fbuild-session-file\=/Users/hectorgarcia/Library/Developer/Xcode/DerivedData/ModuleCache.noindex/Session.modulevalidation -fmodules-validate-once-per-build-session -Wnon-modular-include-in-framework-module -Werror\=non-modular-include-in-framework-module -Wno-trigraphs -Wno-missing-field-initializers -Wno-missing-prototypes -Wno-return-type -Wno-implicit-atomic-properties -Wno-objc-interface-ivars -Wno-arc-repeated-use-of-weak -Wno-missing-braces -Wparentheses -Wswitch -Wno-unused-function -Wno-unused-label -Wno-unused-parameter -Wno-unused-variable -Wunused-value -Wno-empty-body -Wno-uninitialized -Wno-unknown-pragmas -w -Wno-shadow -Wno-four-char-constants -Wno-conversion -Wno-constant-conversion -Wno-int-conversion -Wno-bool-conversion -Wno-enum-conversion -Wno-float-conversion -Wno-non-literal-null-conversion -Wno-objc-literal-conversion -Wshorten-64-to-32 -Wpointer-sign -Wno-newline-eof -Wno-selector -Wno-strict-selector-match -Wno-undeclared-selector -Wno-deprecated-implementations -Wno-implicit-fallthrough -fstrict-aliasing -Wprotocol -Wdeprecated-declarations -Wno-sign-conversion -Wno-infinite-recursion -Wno-comma -Wno-block-capture-autoreleasing -Wno-strict-prototypes -Wno-semicolon-before-method-body -index-store-path /Users/hectorgarcia/Library/Developer/Xcode/DerivedData/Lyo-eagkiegzrakogpczynhkaholsscs/Index.noindex/DataStore @/Users/hectorgarcia/Library/Developer/Xcode/DerivedData/Build/Intermediates.noindex/Firebase.build/Debug-iphonesimulator/FirebaseAuth.build/Objects-normal/x86_64/e6072d4f65d7061329687fe24e3d63a7-common-args.resp -include /Users/hectorgarcia/Library/Developer/Xcode/DerivedData/Build/Intermediates.noindex/Firebase.build/Debug-iphonesimulator/FirebaseAuth.build/DerivedSources/resource_bundle_accessor.h -MMD -MT dependencies -MF /Users/hectorgarcia/Library/Developer/Xcode/DerivedData/Build/Intermediates.noindex/Firebase.build/Debug-iphonesimulator/FirebaseAuth.build/Objects-normal/x86_64/FIRSetAccountInfoRequest.d --serialize-diagnostics /Users/hectorgarcia/Library/Developer/Xcode/DerivedData/Build/Intermediates.noindex/Firebase.build/Debug-iphonesimulator/FirebaseAuth.build/Objects-normal/x86_64/FIRSetAccountInfoRequest.dia -c /Users/hectorgarcia/Library/Developer/Xcode/DerivedData/Lyo-eagkiegzrakogpczynhkaholsscs/SourcePackages/checkouts/firebase-ios-sdk/FirebaseAuth/Sources/Backend/RPC/FIRSetAccountInfoRequest.m -o /Users/hectorgarcia/Library/Developer/Xcode/DerivedData/Build/Intermediates.noindex/Firebase.build/Debug-iphonesimulator/FirebaseAuth.build/Objects-normal/x86_64/FIRSetAccountInfoRequest.o -index-unit-output-path /Firebase.build/Debug-iphonesimulator/FirebaseAuth.build/Objects-normal/x86_64/FIRSetAccountInfoRequest.o

ScanDependencies /Users/hectorgarcia/Library/Developer/Xcode/DerivedData/Build/Intermediates.noindex/Firebase.build/Debug-iphonesimulator/FirebaseAuth.build/Objects-normal/x86_64/FIRSecureTokenService.o /Users/hectorgarcia/Library/Developer/Xcode/DerivedData/Lyo-eagkiegzrakogpczynhkaholsscs/SourcePackages/checkouts/firebase-ios-sdk/FirebaseAuth/Sources/SystemService/FIRSecureTokenService.m normal x86_64 objective-c com.apple.compilers.llvm.clang.1_0.compiler (in target 'FirebaseAuth' from project 'Firebase')
    cd /Users/hectorgarcia/LYO_Da_ONE/Lyo.xcodeproj
    
    Using response file: /Users/hectorgarcia/Library/Developer/Xcode/DerivedData/Build/Intermediates.noindex/Firebase.build/Debug-iphonesimulator/FirebaseAuth.build/Objects-normal/x86_64/e6072d4f65d7061329687fe24e3d63a7-common-args.resp
    
    builtin-ScanDependencies -o /Users/hectorgarcia/Library/Developer/Xcode/DerivedData/Build/Intermediates.noindex/Firebase.build/Debug-iphonesimulator/FirebaseAuth.build/Objects-normal/x86_64/FIRSecureTokenService.o.scan -- /Users/hectorgarcia/Downloads/Xcode.app/Contents/Developer/Toolchains/XcodeDefault.xctoolchain/usr/bin/clang -x objective-c -ivfsstatcache /Users/hectorgarcia/Library/Developer/Xcode/DerivedData/SDKStatCaches.noindex/iphonesimulator26.2-23C53-823d3e8b6e60bc2018c189d3ca05ba9b.sdkstatcache -fmessage-length\=0 -fdiagnostics-show-note-include-stack -fmacro-backtrace-limit\=0 -fno-color-diagnostics -fmodules-prune-interval\=86400 -fmodules-prune-after\=345600 -fbuild-session-file\=/Users/hectorgarcia/Library/Developer/Xcode/DerivedData/ModuleCache.noindex/Session.modulevalidation -fmodules-validate-once-per-build-session -Wnon-modular-include-in-framework-module -Werror\=non-modular-include-in-framework-module -Wno-trigraphs -Wno-missing-field-initializers -Wno-missing-prototypes -Wno-return-type -Wno-implicit-atomic-properties -Wno-objc-interface-ivars -Wno-arc-repeated-use-of-weak -Wno-missing-braces -Wparentheses -Wswitch -Wno-unused-function -Wno-unused-label -Wno-unused-parameter -Wno-unused-variable -Wunused-value -Wno-empty-body -Wno-uninitialized -Wno-unknown-pragmas -w -Wno-shadow -Wno-four-char-constants -Wno-conversion -Wno-constant-conversion -Wno-int-conversion -Wno-bool-conversion -Wno-enum-conversion -Wno-float-conversion -Wno-non-literal-null-conversion -Wno-objc-literal-conversion -Wshorten-64-to-32 -Wpointer-sign -Wno-newline-eof -Wno-selector -Wno-strict-selector-match -Wno-undeclared-selector -Wno-deprecated-implementations -Wno-implicit-fallthrough -fstrict-aliasing -Wprotocol -Wdeprecated-declarations -Wno-sign-conversion -Wno-infinite-recursion -Wno-comma -Wno-block-capture-autoreleasing -Wno-strict-prototypes -Wno-semicolon-before-method-body -index-store-path /Users/hectorgarcia/Library/Developer/Xcode/DerivedData/Lyo-eagkiegzrakogpczynhkaholsscs/Index.noindex/DataStore @/Users/hectorgarcia/Library/Developer/Xcode/DerivedData/Build/Intermediates.noindex/Firebase.build/Debug-iphonesimulator/FirebaseAuth.build/Objects-normal/x86_64/e6072d4f65d7061329687fe24e3d63a7-common-args.resp -include /Users/hectorgarcia/Library/Developer/Xcode/DerivedData/Build/Intermediates.noindex/Firebase.build/Debug-iphonesimulator/FirebaseAuth.build/DerivedSources/resource_bundle_accessor.h -MMD -MT dependencies -MF /Users/hectorgarcia/Library/Developer/Xcode/DerivedData/Build/Intermediates.noindex/Firebase.build/Debug-iphonesimulator/FirebaseAuth.build/Objects-normal/x86_64/FIRSecureTokenService.d --serialize-diagnostics /Users/hectorgarcia/Library/Developer/Xcode/DerivedData/Build/Intermediates.noindex/Firebase.build/Debug-iphonesimulator/FirebaseAuth.build/Objects-normal/x86_64/FIRSecureTokenService.dia -c /Users/hectorgarcia/Library/Developer/Xcode/DerivedData/Lyo-eagkiegzrakogpczynhkaholsscs/SourcePackages/checkouts/firebase-ios-sdk/FirebaseAuth/Sources/SystemService/FIRSecureTokenService.m -o /Users/hectorgarcia/Library/Developer/Xcode/DerivedData/Build/Intermediates.noindex/Firebase.build/Debug-iphonesimulator/FirebaseAuth.build/Objects-normal/x86_64/FIRSecureTokenService.o -index-unit-output-path /Firebase.build/Debug-iphonesimulator/FirebaseAuth.build/Objects-normal/x86_64/FIRSecureTokenService.o

PrecompileModule /Users/hectorgarcia/Library/Developer/Xcode/DerivedData/Build/Intermediates.noindex/ExplicitPrecompiledModules/XPC-D6AF0JDJZCEJ3BGR9406PPD3K.scan
    cd /
    builtin-precompileModule /Users/hectorgarcia/Library/Developer/Xcode/DerivedData/Build/Intermediates.noindex/ExplicitPrecompiledModules/XPC-D6AF0JDJZCEJ3BGR9406PPD3K.scan

CompileC /Users/hectorgarcia/Library/Developer/Xcode/DerivedData/Build/Intermediates.noindex/Firebase.build/Debug-iphonesimulator/FirebaseAuth.build/Objects-normal/x86_64/FIRSendVerificationCodeResponse.o /Users/hectorgarcia/Library/Developer/Xcode/DerivedData/Lyo-eagkiegzrakogpczynhkaholsscs/SourcePackages/checkouts/firebase-ios-sdk/FirebaseAuth/Sources/Backend/RPC/FIRSendVerificationCodeResponse.m normal x86_64 objective-c com.apple.compilers.llvm.clang.1_0.compiler (in target 'FirebaseAuth' from project 'Firebase')
    cd /Users/hectorgarcia/LYO_Da_ONE/Lyo.xcodeproj
    
    Using response file: /Users/hectorgarcia/Library/Developer/Xcode/DerivedData/Build/Intermediates.noindex/Firebase.build/Debug-iphonesimulator/FirebaseAuth.build/Objects-normal/x86_64/e6072d4f65d7061329687fe24e3d63a7-common-args.resp
    
    /Users/hectorgarcia/Downloads/Xcode.app/Contents/Developer/Toolchains/XcodeDefault.xctoolchain/usr/bin/clang -x objective-c -ivfsstatcache /Users/hectorgarcia/Library/Developer/Xcode/DerivedData/SDKStatCaches.noindex/iphonesimulator26.2-23C53-823d3e8b6e60bc2018c189d3ca05ba9b.sdkstatcache -fmessage-length\=0 -fdiagnostics-show-note-include-stack -fmacro-backtrace-limit\=0 -fno-color-diagnostics -fmodules-prune-interval\=86400 -fmodules-prune-after\=345600 -fbuild-session-file\=/Users/hectorgarcia/Library/Developer/Xcode/DerivedData/ModuleCache.noindex/Session.modulevalidation -fmodules-validate-once-per-build-session -Wnon-modular-include-in-framework-module -Werror\=non-modular-include-in-framework-module -Wno-trigraphs -Wno-missing-field-initializers -Wno-missing-prototypes -Wno-return-type -Wno-implicit-atomic-properties -Wno-objc-interface-ivars -Wno-arc-repeated-use-of-weak -Wno-missing-braces -Wparentheses -Wswitch -Wno-unused-function -Wno-unused-label -Wno-unused-parameter -Wno-unused-variable -Wunused-value -Wno-empty-body -Wno-uninitialized -Wno-unknown-pragmas -w -Wno-shadow -Wno-four-char-constants -Wno-conversion -Wno-constant-conversion -Wno-int-conversion -Wno-bool-conversion -Wno-enum-conversion -Wno-float-conversion -Wno-non-literal-null-conversion -Wno-objc-literal-conversion -Wshorten-64-to-32 -Wpointer-sign -Wno-newline-eof -Wno-selector -Wno-strict-selector-match -Wno-undeclared-selector -Wno-deprecated-implementations -Wno-implicit-fallthrough -fstrict-aliasing -Wprotocol -Wdeprecated-declarations -Wno-sign-conversion -Wno-infinite-recursion -Wno-comma -Wno-block-capture-autoreleasing -Wno-strict-prototypes -Wno-semicolon-before-method-body -index-store-path /Users/hectorgarcia/Library/Developer/Xcode/DerivedData/Lyo-eagkiegzrakogpczynhkaholsscs/Index.noindex/DataStore @/Users/hectorgarcia/Library/Developer/Xcode/DerivedData/Build/Intermediates.noindex/Firebase.build/Debug-iphonesimulator/FirebaseAuth.build/Objects-normal/x86_64/e6072d4f65d7061329687fe24e3d63a7-common-args.resp -include /Users/hectorgarcia/Library/Developer/Xcode/DerivedData/Build/Intermediates.noindex/Firebase.build/Debug-iphonesimulator/FirebaseAuth.build/DerivedSources/resource_bundle_accessor.h -MMD -MT dependencies -MF /Users/hectorgarcia/Library/Developer/Xcode/DerivedData/Build/Intermediates.noindex/Firebase.build/Debug-iphonesimulator/FirebaseAuth.build/Objects-normal/x86_64/FIRSendVerificationCodeResponse.d --serialize-diagnostics /Users/hectorgarcia/Library/Developer/Xcode/DerivedData/Build/Intermediates.noindex/Firebase.build/Debug-iphonesimulator/FirebaseAuth.build/Objects-normal/x86_64/FIRSendVerificationCodeResponse.dia -c /Users/hectorgarcia/Library/Developer/Xcode/DerivedData/Lyo-eagkiegzrakogpczynhkaholsscs/SourcePackages/checkouts/firebase-ios-sdk/FirebaseAuth/Sources/Backend/RPC/FIRSendVerificationCodeResponse.m -o /Users/hectorgarcia/Library/Developer/Xcode/DerivedData/Build/Intermediates.noindex/Firebase.build/Debug-iphonesimulator/FirebaseAuth.build/Objects-normal/x86_64/FIRSendVerificationCodeResponse.o -index-unit-output-path /Firebase.build/Debug-iphonesimulator/FirebaseAuth.build/Objects-normal/x86_64/FIRSendVerificationCodeResponse.o

PrecompileModule /Users/hectorgarcia/Library/Developer/Xcode/DerivedData/Build/Intermediates.noindex/ExplicitPrecompiledModules/CoreFoundation-862406C1MYW27NT5LFA2FJWJJ.scan
    cd /
    builtin-precompileModule /Users/hectorgarcia/Library/Developer/Xcode/DerivedData/Build/Intermediates.noindex/ExplicitPrecompiledModules/CoreFoundation-862406C1MYW27NT5LFA2FJWJJ.scan

CompileC /Users/hectorgarcia/Library/Developer/Xcode/DerivedData/Build/Intermediates.noindex/Firebase.build/Debug-iphonesimulator/FirebaseAuth.build/Objects-normal/x86_64/FIRSendVerificationCodeRequest.o /Users/hectorgarcia/Library/Developer/Xcode/DerivedData/Lyo-eagkiegzrakogpczynhkaholsscs/SourcePackages/checkouts/firebase-ios-sdk/FirebaseAuth/Sources/Backend/RPC/FIRSendVerificationCodeRequest.m normal x86_64 objective-c com.apple.compilers.llvm.clang.1_0.compiler (in target 'FirebaseAuth' from project 'Firebase')
    cd /Users/hectorgarcia/LYO_Da_ONE/Lyo.xcodeproj
    
    Using response file: /Users/hectorgarcia/Library/Developer/Xcode/DerivedData/Build/Intermediates.noindex/Firebase.build/Debug-iphonesimulator/FirebaseAuth.build/Objects-normal/x86_64/e6072d4f65d7061329687fe24e3d63a7-common-args.resp
    
    /Users/hectorgarcia/Downloads/Xcode.app/Contents/Developer/Toolchains/XcodeDefault.xctoolchain/usr/bin/clang -x objective-c -ivfsstatcache /Users/hectorgarcia/Library/Developer/Xcode/DerivedData/SDKStatCaches.noindex/iphonesimulator26.2-23C53-823d3e8b6e60bc2018c189d3ca05ba9b.sdkstatcache -fmessage-length\=0 -fdiagnostics-show-note-include-stack -fmacro-backtrace-limit\=0 -fno-color-diagnostics -fmodules-prune-interval\=86400 -fmodules-prune-after\=345600 -fbuild-session-file\=/Users/hectorgarcia/Library/Developer/Xcode/DerivedData/ModuleCache.noindex/Session.modulevalidation -fmodules-validate-once-per-build-session -Wnon-modular-include-in-framework-module -Werror\=non-modular-include-in-framework-module -Wno-trigraphs -Wno-missing-field-initializers -Wno-missing-prototypes -Wno-return-type -Wno-implicit-atomic-properties -Wno-objc-interface-ivars -Wno-arc-repeated-use-of-weak -Wno-missing-braces -Wparentheses -Wswitch -Wno-unused-function -Wno-unused-label -Wno-unused-parameter -Wno-unused-variable -Wunused-value -Wno-empty-body -Wno-uninitialized -Wno-unknown-pragmas -w -Wno-shadow -Wno-four-char-constants -Wno-conversion -Wno-constant-conversion -Wno-int-conversion -Wno-bool-conversion -Wno-enum-conversion -Wno-float-conversion -Wno-non-literal-null-conversion -Wno-objc-literal-conversion -Wshorten-64-to-32 -Wpointer-sign -Wno-newline-eof -Wno-selector -Wno-strict-selector-match -Wno-undeclared-selector -Wno-deprecated-implementations -Wno-implicit-fallthrough -fstrict-aliasing -Wprotocol -Wdeprecated-declarations -Wno-sign-conversion -Wno-infinite-recursion -Wno-comma -Wno-block-capture-autoreleasing -Wno-strict-prototypes -Wno-semicolon-before-method-body -index-store-path /Users/hectorgarcia/Library/Developer/Xcode/DerivedData/Lyo-eagkiegzrakogpczynhkaholsscs/Index.noindex/DataStore @/Users/hectorgarcia/Library/Developer/Xcode/DerivedData/Build/Intermediates.noindex/Firebase.build/Debug-iphonesimulator/FirebaseAuth.build/Objects-normal/x86_64/e6072d4f65d7061329687fe24e3d63a7-common-args.resp -include /Users/hectorgarcia/Library/Developer/Xcode/DerivedData/Build/Intermediates.noindex/Firebase.build/Debug-iphonesimulator/FirebaseAuth.build/DerivedSources/resource_bundle_accessor.h -MMD -MT dependencies -MF /Users/hectorgarcia/Library/Developer/Xcode/DerivedData/Build/Intermediates.noindex/Firebase.build/Debug-iphonesimulator/FirebaseAuth.build/Objects-normal/x86_64/FIRSendVerificationCodeRequest.d --serialize-diagnostics /Users/hectorgarcia/Library/Developer/Xcode/DerivedData/Build/Intermediates.noindex/Firebase.build/Debug-iphonesimulator/FirebaseAuth.build/Objects-normal/x86_64/FIRSendVerificationCodeRequest.dia -c /Users/hectorgarcia/Library/Developer/Xcode/DerivedData/Lyo-eagkiegzrakogpczynhkaholsscs/SourcePackages/checkouts/firebase-ios-sdk/FirebaseAuth/Sources/Backend/RPC/FIRSendVerificationCodeRequest.m -o /Users/hectorgarcia/Library/Developer/Xcode/DerivedData/Build/Intermediates.noindex/Firebase.build/Debug-iphonesimulator/FirebaseAuth.build/Objects-normal/x86_64/FIRSendVerificationCodeRequest.o -index-unit-output-path /Firebase.build/Debug-iphonesimulator/FirebaseAuth.build/Objects-normal/x86_64/FIRSendVerificationCodeRequest.o

ScanDependencies /Users/hectorgarcia/Library/Developer/Xcode/DerivedData/Build/Intermediates.noindex/Firebase.build/Debug-iphonesimulator/FirebaseAuth.build/Objects-normal/x86_64/FIRSecureTokenResponse.o /Users/hectorgarcia/Library/Developer/Xcode/DerivedData/Lyo-eagkiegzrakogpczynhkaholsscs/SourcePackages/checkouts/firebase-ios-sdk/FirebaseAuth/Sources/Backend/RPC/FIRSecureTokenResponse.m normal x86_64 objective-c com.apple.compilers.llvm.clang.1_0.compiler (in target 'FirebaseAuth' from project 'Firebase')
    cd /Users/hectorgarcia/LYO_Da_ONE/Lyo.xcodeproj
    
    Using response file: /Users/hectorgarcia/Library/Developer/Xcode/DerivedData/Build/Intermediates.noindex/Firebase.build/Debug-iphonesimulator/FirebaseAuth.build/Objects-normal/x86_64/e6072d4f65d7061329687fe24e3d63a7-common-args.resp
    
    builtin-ScanDependencies -o /Users/hectorgarcia/Library/Developer/Xcode/DerivedData/Build/Intermediates.noindex/Firebase.build/Debug-iphonesimulator/FirebaseAuth.build/Objects-normal/x86_64/FIRSecureTokenResponse.o.scan -- /Users/hectorgarcia/Downloads/Xcode.app/Contents/Developer/Toolchains/XcodeDefault.xctoolchain/usr/bin/clang -x objective-c -ivfsstatcache /Users/hectorgarcia/Library/Developer/Xcode/DerivedData/SDKStatCaches.noindex/iphonesimulator26.2-23C53-823d3e8b6e60bc2018c189d3ca05ba9b.sdkstatcache -fmessage-length\=0 -fdiagnostics-show-note-include-stack -fmacro-backtrace-limit\=0 -fno-color-diagnostics -fmodules-prune-interval\=86400 -fmodules-prune-after\=345600 -fbuild-session-file\=/Users/hectorgarcia/Library/Developer/Xcode/DerivedData/ModuleCache.noindex/Session.modulevalidation -fmodules-validate-once-per-build-session -Wnon-modular-include-in-framework-module -Werror\=non-modular-include-in-framework-module -Wno-trigraphs -Wno-missing-field-initializers -Wno-missing-prototypes -Wno-return-type -Wno-implicit-atomic-properties -Wno-objc-interface-ivars -Wno-arc-repeated-use-of-weak -Wno-missing-braces -Wparentheses -Wswitch -Wno-unused-function -Wno-unused-label -Wno-unused-parameter -Wno-unused-variable -Wunused-value -Wno-empty-body -Wno-uninitialized -Wno-unknown-pragmas -w -Wno-shadow -Wno-four-char-constants -Wno-conversion -Wno-constant-conversion -Wno-int-conversion -Wno-bool-conversion -Wno-enum-conversion -Wno-float-conversion -Wno-non-literal-null-conversion -Wno-objc-literal-conversion -Wshorten-64-to-32 -Wpointer-sign -Wno-newline-eof -Wno-selector -Wno-strict-selector-match -Wno-undeclared-selector -Wno-deprecated-implementations -Wno-implicit-fallthrough -fstrict-aliasing -Wprotocol -Wdeprecated-declarations -Wno-sign-conversion -Wno-infinite-recursion -Wno-comma -Wno-block-capture-autoreleasing -Wno-strict-prototypes -Wno-semicolon-before-method-body -index-store-path /Users/hectorgarcia/Library/Developer/Xcode/DerivedData/Lyo-eagkiegzrakogpczynhkaholsscs/Index.noindex/DataStore @/Users/hectorgarcia/Library/Developer/Xcode/DerivedData/Build/Intermediates.noindex/Firebase.build/Debug-iphonesimulator/FirebaseAuth.build/Objects-normal/x86_64/e6072d4f65d7061329687fe24e3d63a7-common-args.resp -include /Users/hectorgarcia/Library/Developer/Xcode/DerivedData/Build/Intermediates.noindex/Firebase.build/Debug-iphonesimulator/FirebaseAuth.build/DerivedSources/resource_bundle_accessor.h -MMD -MT dependencies -MF /Users/hectorgarcia/Library/Developer/Xcode/DerivedData/Build/Intermediates.noindex/Firebase.build/Debug-iphonesimulator/FirebaseAuth.build/Objects-normal/x86_64/FIRSecureTokenResponse.d --serialize-diagnostics /Users/hectorgarcia/Library/Developer/Xcode/DerivedData/Build/Intermediates.noindex/Firebase.build/Debug-iphonesimulator/FirebaseAuth.build/Objects-normal/x86_64/FIRSecureTokenResponse.dia -c /Users/hectorgarcia/Library/Developer/Xcode/DerivedData/Lyo-eagkiegzrakogpczynhkaholsscs/SourcePackages/checkouts/firebase-ios-sdk/FirebaseAuth/Sources/Backend/RPC/FIRSecureTokenResponse.m -o /Users/hectorgarcia/Library/Developer/Xcode/DerivedData/Build/Intermediates.noindex/Firebase.build/Debug-iphonesimulator/FirebaseAuth.build/Objects-normal/x86_64/FIRSecureTokenResponse.o -index-unit-output-path /Firebase.build/Debug-iphonesimulator/FirebaseAuth.build/Objects-normal/x86_64/FIRSecureTokenResponse.o

CompileC /Users/hectorgarcia/Library/Developer/Xcode/DerivedData/Build/Intermediates.noindex/Firebase.build/Debug-iphonesimulator/FirebaseAuth.build/Objects-normal/x86_64/FIRSecureTokenService.o /Users/hectorgarcia/Library/Developer/Xcode/DerivedData/Lyo-eagkiegzrakogpczynhkaholsscs/SourcePackages/checkouts/firebase-ios-sdk/FirebaseAuth/Sources/SystemService/FIRSecureTokenService.m normal x86_64 objective-c com.apple.compilers.llvm.clang.1_0.compiler (in target 'FirebaseAuth' from project 'Firebase')
    cd /Users/hectorgarcia/LYO_Da_ONE/Lyo.xcodeproj
    
    Using response file: /Users/hectorgarcia/Library/Developer/Xcode/DerivedData/Build/Intermediates.noindex/Firebase.build/Debug-iphonesimulator/FirebaseAuth.build/Objects-normal/x86_64/e6072d4f65d7061329687fe24e3d63a7-common-args.resp
    
    /Users/hectorgarcia/Downloads/Xcode.app/Contents/Developer/Toolchains/XcodeDefault.xctoolchain/usr/bin/clang -x objective-c -ivfsstatcache /Users/hectorgarcia/Library/Developer/Xcode/DerivedData/SDKStatCaches.noindex/iphonesimulator26.2-23C53-823d3e8b6e60bc2018c189d3ca05ba9b.sdkstatcache -fmessage-length\=0 -fdiagnostics-show-note-include-stack -fmacro-backtrace-limit\=0 -fno-color-diagnostics -fmodules-prune-interval\=86400 -fmodules-prune-after\=345600 -fbuild-session-file\=/Users/hectorgarcia/Library/Developer/Xcode/DerivedData/ModuleCache.noindex/Session.modulevalidation -fmodules-validate-once-per-build-session -Wnon-modular-include-in-framework-module -Werror\=non-modular-include-in-framework-module -Wno-trigraphs -Wno-missing-field-initializers -Wno-missing-prototypes -Wno-return-type -Wno-implicit-atomic-properties -Wno-objc-interface-ivars -Wno-arc-repeated-use-of-weak -Wno-missing-braces -Wparentheses -Wswitch -Wno-unused-function -Wno-unused-label -Wno-unused-parameter -Wno-unused-variable -Wunused-value -Wno-empty-body -Wno-uninitialized -Wno-unknown-pragmas -w -Wno-shadow -Wno-four-char-constants -Wno-conversion -Wno-constant-conversion -Wno-int-conversion -Wno-bool-conversion -Wno-enum-conversion -Wno-float-conversion -Wno-non-literal-null-conversion -Wno-objc-literal-conversion -Wshorten-64-to-32 -Wpointer-sign -Wno-newline-eof -Wno-selector -Wno-strict-selector-match -Wno-undeclared-selector -Wno-deprecated-implementations -Wno-implicit-fallthrough -fstrict-aliasing -Wprotocol -Wdeprecated-declarations -Wno-sign-conversion -Wno-infinite-recursion -Wno-comma -Wno-block-capture-autoreleasing -Wno-strict-prototypes -Wno-semicolon-before-method-body -index-store-path /Users/hectorgarcia/Library/Developer/Xcode/DerivedData/Lyo-eagkiegzrakogpczynhkaholsscs/Index.noindex/DataStore @/Users/hectorgarcia/Library/Developer/Xcode/DerivedData/Build/Intermediates.noindex/Firebase.build/Debug-iphonesimulator/FirebaseAuth.build/Objects-normal/x86_64/e6072d4f65d7061329687fe24e3d63a7-common-args.resp -include /Users/hectorgarcia/Library/Developer/Xcode/DerivedData/Build/Intermediates.noindex/Firebase.build/Debug-iphonesimulator/FirebaseAuth.build/DerivedSources/resource_bundle_accessor.h -MMD -MT dependencies -MF /Users/hectorgarcia/Library/Developer/Xcode/DerivedData/Build/Intermediates.noindex/Firebase.build/Debug-iphonesimulator/FirebaseAuth.build/Objects-normal/x86_64/FIRSecureTokenService.d --serialize-diagnostics /Users/hectorgarcia/Library/Developer/Xcode/DerivedData/Build/Intermediates.noindex/Firebase.build/Debug-iphonesimulator/FirebaseAuth.build/Objects-normal/x86_64/FIRSecureTokenService.dia -c /Users/hectorgarcia/Library/Developer/Xcode/DerivedData/Lyo-eagkiegzrakogpczynhkaholsscs/SourcePackages/checkouts/firebase-ios-sdk/FirebaseAuth/Sources/SystemService/FIRSecureTokenService.m -o /Users/hectorgarcia/Library/Developer/Xcode/DerivedData/Build/Intermediates.noindex/Firebase.build/Debug-iphonesimulator/FirebaseAuth.build/Objects-normal/x86_64/FIRSecureTokenService.o -index-unit-output-path /Firebase.build/Debug-iphonesimulator/FirebaseAuth.build/Objects-normal/x86_64/FIRSecureTokenService.o

ScanDependencies /Users/hectorgarcia/Library/Developer/Xcode/DerivedData/Build/Intermediates.noindex/Firebase.build/Debug-iphonesimulator/FirebaseAuth.build/Objects-normal/x86_64/FIRSecureTokenRequest.o /Users/hectorgarcia/Library/Developer/Xcode/DerivedData/Lyo-eagkiegzrakogpczynhkaholsscs/SourcePackages/checkouts/firebase-ios-sdk/FirebaseAuth/Sources/Backend/RPC/FIRSecureTokenRequest.m normal x86_64 objective-c com.apple.compilers.llvm.clang.1_0.compiler (in target 'FirebaseAuth' from project 'Firebase')
    cd /Users/hectorgarcia/LYO_Da_ONE/Lyo.xcodeproj
    
    Using response file: /Users/hectorgarcia/Library/Developer/Xcode/DerivedData/Build/Intermediates.noindex/Firebase.build/Debug-iphonesimulator/FirebaseAuth.build/Objects-normal/x86_64/e6072d4f65d7061329687fe24e3d63a7-common-args.resp
    
    builtin-ScanDependencies -o /Users/hectorgarcia/Library/Developer/Xcode/DerivedData/Build/Intermediates.noindex/Firebase.build/Debug-iphonesimulator/FirebaseAuth.build/Objects-normal/x86_64/FIRSecureTokenRequest.o.scan -- /Users/hectorgarcia/Downloads/Xcode.app/Contents/Developer/Toolchains/XcodeDefault.xctoolchain/usr/bin/clang -x objective-c -ivfsstatcache /Users/hectorgarcia/Library/Developer/Xcode/DerivedData/SDKStatCaches.noindex/iphonesimulator26.2-23C53-823d3e8b6e60bc2018c189d3ca05ba9b.sdkstatcache -fmessage-length\=0 -fdiagnostics-show-note-include-stack -fmacro-backtrace-limit\=0 -fno-color-diagnostics -fmodules-prune-interval\=86400 -fmodules-prune-after\=345600 -fbuild-session-file\=/Users/hectorgarcia/Library/Developer/Xcode/DerivedData/ModuleCache.noindex/Session.modulevalidation -fmodules-validate-once-per-build-session -Wnon-modular-include-in-framework-module -Werror\=non-modular-include-in-framework-module -Wno-trigraphs -Wno-missing-field-initializers -Wno-missing-prototypes -Wno-return-type -Wno-implicit-atomic-properties -Wno-objc-interface-ivars -Wno-arc-repeated-use-of-weak -Wno-missing-braces -Wparentheses -Wswitch -Wno-unused-function -Wno-unused-label -Wno-unused-parameter -Wno-unused-variable -Wunused-value -Wno-empty-body -Wno-uninitialized -Wno-unknown-pragmas -w -Wno-shadow -Wno-four-char-constants -Wno-conversion -Wno-constant-conversion -Wno-int-conversion -Wno-bool-conversion -Wno-enum-conversion -Wno-float-conversion -Wno-non-literal-null-conversion -Wno-objc-literal-conversion -Wshorten-64-to-32 -Wpointer-sign -Wno-newline-eof -Wno-selector -Wno-strict-selector-match -Wno-undeclared-selector -Wno-deprecated-implementations -Wno-implicit-fallthrough -fstrict-aliasing -Wprotocol -Wdeprecated-declarations -Wno-sign-conversion -Wno-infinite-recursion -Wno-comma -Wno-block-capture-autoreleasing -Wno-strict-prototypes -Wno-semicolon-before-method-body -index-store-path /Users/hectorgarcia/Library/Developer/Xcode/DerivedData/Lyo-eagkiegzrakogpczynhkaholsscs/Index.noindex/DataStore @/Users/hectorgarcia/Library/Developer/Xcode/DerivedData/Build/Intermediates.noindex/Firebase.build/Debug-iphonesimulator/FirebaseAuth.build/Objects-normal/x86_64/e6072d4f65d7061329687fe24e3d63a7-common-args.resp -include /Users/hectorgarcia/Library/Developer/Xcode/DerivedData/Build/Intermediates.noindex/Firebase.build/Debug-iphonesimulator/FirebaseAuth.build/DerivedSources/resource_bundle_accessor.h -MMD -MT dependencies -MF /Users/hectorgarcia/Library/Developer/Xcode/DerivedData/Build/Intermediates.noindex/Firebase.build/Debug-iphonesimulator/FirebaseAuth.build/Objects-normal/x86_64/FIRSecureTokenRequest.d --serialize-diagnostics /Users/hectorgarcia/Library/Developer/Xcode/DerivedData/Build/Intermediates.noindex/Firebase.build/Debug-iphonesimulator/FirebaseAuth.build/Objects-normal/x86_64/FIRSecureTokenRequest.dia -c /Users/hectorgarcia/Library/Developer/Xcode/DerivedData/Lyo-eagkiegzrakogpczynhkaholsscs/SourcePackages/checkouts/firebase-ios-sdk/FirebaseAuth/Sources/Backend/RPC/FIRSecureTokenRequest.m -o /Users/hectorgarcia/Library/Developer/Xcode/DerivedData/Build/Intermediates.noindex/Firebase.build/Debug-iphonesimulator/FirebaseAuth.build/Objects-normal/x86_64/FIRSecureTokenRequest.o -index-unit-output-path /Firebase.build/Debug-iphonesimulator/FirebaseAuth.build/Objects-normal/x86_64/FIRSecureTokenRequest.o

ScanDependencies /Users/hectorgarcia/Library/Developer/Xcode/DerivedData/Build/Intermediates.noindex/Firebase.build/Debug-iphonesimulator/FirebaseAuth.build/Objects-normal/x86_64/FIRRevokeTokenResponse.o /Users/hectorgarcia/Library/Developer/Xcode/DerivedData/Lyo-eagkiegzrakogpczynhkaholsscs/SourcePackages/checkouts/firebase-ios-sdk/FirebaseAuth/Sources/Backend/RPC/FIRRevokeTokenResponse.m normal x86_64 objective-c com.apple.compilers.llvm.clang.1_0.compiler (in target 'FirebaseAuth' from project 'Firebase')
    cd /Users/hectorgarcia/LYO_Da_ONE/Lyo.xcodeproj
    
    Using response file: /Users/hectorgarcia/Library/Developer/Xcode/DerivedData/Build/Intermediates.noindex/Firebase.build/Debug-iphonesimulator/FirebaseAuth.build/Objects-normal/x86_64/e6072d4f65d7061329687fe24e3d63a7-common-args.resp
    
    builtin-ScanDependencies -o /Users/hectorgarcia/Library/Developer/Xcode/DerivedData/Build/Intermediates.noindex/Firebase.build/Debug-iphonesimulator/FirebaseAuth.build/Objects-normal/x86_64/FIRRevokeTokenResponse.o.scan -- /Users/hectorgarcia/Downloads/Xcode.app/Contents/Developer/Toolchains/XcodeDefault.xctoolchain/usr/bin/clang -x objective-c -ivfsstatcache /Users/hectorgarcia/Library/Developer/Xcode/DerivedData/SDKStatCaches.noindex/iphonesimulator26.2-23C53-823d3e8b6e60bc2018c189d3ca05ba9b.sdkstatcache -fmessage-length\=0 -fdiagnostics-show-note-include-stack -fmacro-backtrace-limit\=0 -fno-color-diagnostics -fmodules-prune-interval\=86400 -fmodules-prune-after\=345600 -fbuild-session-file\=/Users/hectorgarcia/Library/Developer/Xcode/DerivedData/ModuleCache.noindex/Session.modulevalidation -fmodules-validate-once-per-build-session -Wnon-modular-include-in-framework-module -Werror\=non-modular-include-in-framework-module -Wno-trigraphs -Wno-missing-field-initializers -Wno-missing-prototypes -Wno-return-type -Wno-implicit-atomic-properties -Wno-objc-interface-ivars -Wno-arc-repeated-use-of-weak -Wno-missing-braces -Wparentheses -Wswitch -Wno-unused-function -Wno-unused-label -Wno-unused-parameter -Wno-unused-variable -Wunused-value -Wno-empty-body -Wno-uninitialized -Wno-unknown-pragmas -w -Wno-shadow -Wno-four-char-constants -Wno-conversion -Wno-constant-conversion -Wno-int-conversion -Wno-bool-conversion -Wno-enum-conversion -Wno-float-conversion -Wno-non-literal-null-conversion -Wno-objc-literal-conversion -Wshorten-64-to-32 -Wpointer-sign -Wno-newline-eof -Wno-selector -Wno-strict-selector-match -Wno-undeclared-selector -Wno-deprecated-implementations -Wno-implicit-fallthrough -fstrict-aliasing -Wprotocol -Wdeprecated-declarations -Wno-sign-conversion -Wno-infinite-recursion -Wno-comma -Wno-block-capture-autoreleasing -Wno-strict-prototypes -Wno-semicolon-before-method-body -index-store-path /Users/hectorgarcia/Library/Developer/Xcode/DerivedData/Lyo-eagkiegzrakogpczynhkaholsscs/Index.noindex/DataStore @/Users/hectorgarcia/Library/Developer/Xcode/DerivedData/Build/Intermediates.noindex/Firebase.build/Debug-iphonesimulator/FirebaseAuth.build/Objects-normal/x86_64/e6072d4f65d7061329687fe24e3d63a7-common-args.resp -include /Users/hectorgarcia/Library/Developer/Xcode/DerivedData/Build/Intermediates.noindex/Firebase.build/Debug-iphonesimulator/FirebaseAuth.build/DerivedSources/resource_bundle_accessor.h -MMD -MT dependencies -MF /Users/hectorgarcia/Library/Developer/Xcode/DerivedData/Build/Intermediates.noindex/Firebase.build/Debug-iphonesimulator/FirebaseAuth.build/Objects-normal/x86_64/FIRRevokeTokenResponse.d --serialize-diagnostics /Users/hectorgarcia/Library/Developer/Xcode/DerivedData/Build/Intermediates.noindex/Firebase.build/Debug-iphonesimulator/FirebaseAuth.build/Objects-normal/x86_64/FIRRevokeTokenResponse.dia -c /Users/hectorgarcia/Library/Developer/Xcode/DerivedData/Lyo-eagkiegzrakogpczynhkaholsscs/SourcePackages/checkouts/firebase-ios-sdk/FirebaseAuth/Sources/Backend/RPC/FIRRevokeTokenResponse.m -o /Users/hectorgarcia/Library/Developer/Xcode/DerivedData/Build/Intermediates.noindex/Firebase.build/Debug-iphonesimulator/FirebaseAuth.build/Objects-normal/x86_64/FIRRevokeTokenResponse.o -index-unit-output-path /Firebase.build/Debug-iphonesimulator/FirebaseAuth.build/Objects-normal/x86_64/FIRRevokeTokenResponse.o

ScanDependencies /Users/hectorgarcia/Library/Developer/Xcode/DerivedData/Build/Intermediates.noindex/Firebase.build/Debug-iphonesimulator/FirebaseAuth.build/Objects-normal/x86_64/FIRRevokeTokenRequest.o /Users/hectorgarcia/Library/Developer/Xcode/DerivedData/Lyo-eagkiegzrakogpczynhkaholsscs/SourcePackages/checkouts/firebase-ios-sdk/FirebaseAuth/Sources/Backend/RPC/FIRRevokeTokenRequest.m normal x86_64 objective-c com.apple.compilers.llvm.clang.1_0.compiler (in target 'FirebaseAuth' from project 'Firebase')
    cd /Users/hectorgarcia/LYO_Da_ONE/Lyo.xcodeproj
    
    Using response file: /Users/hectorgarcia/Library/Developer/Xcode/DerivedData/Build/Intermediates.noindex/Firebase.build/Debug-iphonesimulator/FirebaseAuth.build/Objects-normal/x86_64/e6072d4f65d7061329687fe24e3d63a7-common-args.resp
    
    builtin-ScanDependencies -o /Users/hectorgarcia/Library/Developer/Xcode/DerivedData/Build/Intermediates.noindex/Firebase.build/Debug-iphonesimulator/FirebaseAuth.build/Objects-normal/x86_64/FIRRevokeTokenRequest.o.scan -- /Users/hectorgarcia/Downloads/Xcode.app/Contents/Developer/Toolchains/XcodeDefault.xctoolchain/usr/bin/clang -x objective-c -ivfsstatcache /Users/hectorgarcia/Library/Developer/Xcode/DerivedData/SDKStatCaches.noindex/iphonesimulator26.2-23C53-823d3e8b6e60bc2018c189d3ca05ba9b.sdkstatcache -fmessage-length\=0 -fdiagnostics-show-note-include-stack -fmacro-backtrace-limit\=0 -fno-color-diagnostics -fmodules-prune-interval\=86400 -fmodules-prune-after\=345600 -fbuild-session-file\=/Users/hectorgarcia/Library/Developer/Xcode/DerivedData/ModuleCache.noindex/Session.modulevalidation -fmodules-validate-once-per-build-session -Wnon-modular-include-in-framework-module -Werror\=non-modular-include-in-framework-module -Wno-trigraphs -Wno-missing-field-initializers -Wno-missing-prototypes -Wno-return-type -Wno-implicit-atomic-properties -Wno-objc-interface-ivars -Wno-arc-repeated-use-of-weak -Wno-missing-braces -Wparentheses -Wswitch -Wno-unused-function -Wno-unused-label -Wno-unused-parameter -Wno-unused-variable -Wunused-value -Wno-empty-body -Wno-uninitialized -Wno-unknown-pragmas -w -Wno-shadow -Wno-four-char-constants -Wno-conversion -Wno-constant-conversion -Wno-int-conversion -Wno-bool-conversion -Wno-enum-conversion -Wno-float-conversion -Wno-non-literal-null-conversion -Wno-objc-literal-conversion -Wshorten-64-to-32 -Wpointer-sign -Wno-newline-eof -Wno-selector -Wno-strict-selector-match -Wno-undeclared-selector -Wno-deprecated-implementations -Wno-implicit-fallthrough -fstrict-aliasing -Wprotocol -Wdeprecated-declarations -Wno-sign-conversion -Wno-infinite-recursion -Wno-comma -Wno-block-capture-autoreleasing -Wno-strict-prototypes -Wno-semicolon-before-method-body -index-store-path /Users/hectorgarcia/Library/Developer/Xcode/DerivedData/Lyo-eagkiegzrakogpczynhkaholsscs/Index.noindex/DataStore @/Users/hectorgarcia/Library/Developer/Xcode/DerivedData/Build/Intermediates.noindex/Firebase.build/Debug-iphonesimulator/FirebaseAuth.build/Objects-normal/x86_64/e6072d4f65d7061329687fe24e3d63a7-common-args.resp -include /Users/hectorgarcia/Library/Developer/Xcode/DerivedData/Build/Intermediates.noindex/Firebase.build/Debug-iphonesimulator/FirebaseAuth.build/DerivedSources/resource_bundle_accessor.h -MMD -MT dependencies -MF /Users/hectorgarcia/Library/Developer/Xcode/DerivedData/Build/Intermediates.noindex/Firebase.build/Debug-iphonesimulator/FirebaseAuth.build/Objects-normal/x86_64/FIRRevokeTokenRequest.d --serialize-diagnostics /Users/hectorgarcia/Library/Developer/Xcode/DerivedData/Build/Intermediates.noindex/Firebase.build/Debug-iphonesimulator/FirebaseAuth.build/Objects-normal/x86_64/FIRRevokeTokenRequest.dia -c /Users/hectorgarcia/Library/Developer/Xcode/DerivedData/Lyo-eagkiegzrakogpczynhkaholsscs/SourcePackages/checkouts/firebase-ios-sdk/FirebaseAuth/Sources/Backend/RPC/FIRRevokeTokenRequest.m -o /Users/hectorgarcia/Library/Developer/Xcode/DerivedData/Build/Intermediates.noindex/Firebase.build/Debug-iphonesimulator/FirebaseAuth.build/Objects-normal/x86_64/FIRRevokeTokenRequest.o -index-unit-output-path /Firebase.build/Debug-iphonesimulator/FirebaseAuth.build/Objects-normal/x86_64/FIRRevokeTokenRequest.o

CompileC /Users/hectorgarcia/Library/Developer/Xcode/DerivedData/Build/Intermediates.noindex/Firebase.build/Debug-iphonesimulator/FirebaseAuth.build/Objects-normal/x86_64/FIRSecureTokenResponse.o /Users/hectorgarcia/Library/Developer/Xcode/DerivedData/Lyo-eagkiegzrakogpczynhkaholsscs/SourcePackages/checkouts/firebase-ios-sdk/FirebaseAuth/Sources/Backend/RPC/FIRSecureTokenResponse.m normal x86_64 objective-c com.apple.compilers.llvm.clang.1_0.compiler (in target 'FirebaseAuth' from project 'Firebase')
    cd /Users/hectorgarcia/LYO_Da_ONE/Lyo.xcodeproj
    
    Using response file: /Users/hectorgarcia/Library/Developer/Xcode/DerivedData/Build/Intermediates.noindex/Firebase.build/Debug-iphonesimulator/FirebaseAuth.build/Objects-normal/x86_64/e6072d4f65d7061329687fe24e3d63a7-common-args.resp
    
    /Users/hectorgarcia/Downloads/Xcode.app/Contents/Developer/Toolchains/XcodeDefault.xctoolchain/usr/bin/clang -x objective-c -ivfsstatcache /Users/hectorgarcia/Library/Developer/Xcode/DerivedData/SDKStatCaches.noindex/iphonesimulator26.2-23C53-823d3e8b6e60bc2018c189d3ca05ba9b.sdkstatcache -fmessage-length\=0 -fdiagnostics-show-note-include-stack -fmacro-backtrace-limit\=0 -fno-color-diagnostics -fmodules-prune-interval\=86400 -fmodules-prune-after\=345600 -fbuild-session-file\=/Users/hectorgarcia/Library/Developer/Xcode/DerivedData/ModuleCache.noindex/Session.modulevalidation -fmodules-validate-once-per-build-session -Wnon-modular-include-in-framework-module -Werror\=non-modular-include-in-framework-module -Wno-trigraphs -Wno-missing-field-initializers -Wno-missing-prototypes -Wno-return-type -Wno-implicit-atomic-properties -Wno-objc-interface-ivars -Wno-arc-repeated-use-of-weak -Wno-missing-braces -Wparentheses -Wswitch -Wno-unused-function -Wno-unused-label -Wno-unused-parameter -Wno-unused-variable -Wunused-value -Wno-empty-body -Wno-uninitialized -Wno-unknown-pragmas -w -Wno-shadow -Wno-four-char-constants -Wno-conversion -Wno-constant-conversion -Wno-int-conversion -Wno-bool-conversion -Wno-enum-conversion -Wno-float-conversion -Wno-non-literal-null-conversion -Wno-objc-literal-conversion -Wshorten-64-to-32 -Wpointer-sign -Wno-newline-eof -Wno-selector -Wno-strict-selector-match -Wno-undeclared-selector -Wno-deprecated-implementations -Wno-implicit-fallthrough -fstrict-aliasing -Wprotocol -Wdeprecated-declarations -Wno-sign-conversion -Wno-infinite-recursion -Wno-comma -Wno-block-capture-autoreleasing -Wno-strict-prototypes -Wno-semicolon-before-method-body -index-store-path /Users/hectorgarcia/Library/Developer/Xcode/DerivedData/Lyo-eagkiegzrakogpczynhkaholsscs/Index.noindex/DataStore @/Users/hectorgarcia/Library/Developer/Xcode/DerivedData/Build/Intermediates.noindex/Firebase.build/Debug-iphonesimulator/FirebaseAuth.build/Objects-normal/x86_64/e6072d4f65d7061329687fe24e3d63a7-common-args.resp -include /Users/hectorgarcia/Library/Developer/Xcode/DerivedData/Build/Intermediates.noindex/Firebase.build/Debug-iphonesimulator/FirebaseAuth.build/DerivedSources/resource_bundle_accessor.h -MMD -MT dependencies -MF /Users/hectorgarcia/Library/Developer/Xcode/DerivedData/Build/Intermediates.noindex/Firebase.build/Debug-iphonesimulator/FirebaseAuth.build/Objects-normal/x86_64/FIRSecureTokenResponse.d --serialize-diagnostics /Users/hectorgarcia/Library/Developer/Xcode/DerivedData/Build/Intermediates.noindex/Firebase.build/Debug-iphonesimulator/FirebaseAuth.build/Objects-normal/x86_64/FIRSecureTokenResponse.dia -c /Users/hectorgarcia/Library/Developer/Xcode/DerivedData/Lyo-eagkiegzrakogpczynhkaholsscs/SourcePackages/checkouts/firebase-ios-sdk/FirebaseAuth/Sources/Backend/RPC/FIRSecureTokenResponse.m -o /Users/hectorgarcia/Library/Developer/Xcode/DerivedData/Build/Intermediates.noindex/Firebase.build/Debug-iphonesimulator/FirebaseAuth.build/Objects-normal/x86_64/FIRSecureTokenResponse.o -index-unit-output-path /Firebase.build/Debug-iphonesimulator/FirebaseAuth.build/Objects-normal/x86_64/FIRSecureTokenResponse.o

ScanDependencies /Users/hectorgarcia/Library/Developer/Xcode/DerivedData/Build/Intermediates.noindex/Firebase.build/Debug-iphonesimulator/FirebaseAuth.build/Objects-normal/x86_64/FIRResetPasswordResponse.o /Users/hectorgarcia/Library/Developer/Xcode/DerivedData/Lyo-eagkiegzrakogpczynhkaholsscs/SourcePackages/checkouts/firebase-ios-sdk/FirebaseAuth/Sources/Backend/RPC/FIRResetPasswordResponse.m normal x86_64 objective-c com.apple.compilers.llvm.clang.1_0.compiler (in target 'FirebaseAuth' from project 'Firebase')
    cd /Users/hectorgarcia/LYO_Da_ONE/Lyo.xcodeproj
    
    Using response file: /Users/hectorgarcia/Library/Developer/Xcode/DerivedData/Build/Intermediates.noindex/Firebase.build/Debug-iphonesimulator/FirebaseAuth.build/Objects-normal/x86_64/e6072d4f65d7061329687fe24e3d63a7-common-args.resp
    
    builtin-ScanDependencies -o /Users/hectorgarcia/Library/Developer/Xcode/DerivedData/Build/Intermediates.noindex/Firebase.build/Debug-iphonesimulator/FirebaseAuth.build/Objects-normal/x86_64/FIRResetPasswordResponse.o.scan -- /Users/hectorgarcia/Downloads/Xcode.app/Contents/Developer/Toolchains/XcodeDefault.xctoolchain/usr/bin/clang -x objective-c -ivfsstatcache /Users/hectorgarcia/Library/Developer/Xcode/DerivedData/SDKStatCaches.noindex/iphonesimulator26.2-23C53-823d3e8b6e60bc2018c189d3ca05ba9b.sdkstatcache -fmessage-length\=0 -fdiagnostics-show-note-include-stack -fmacro-backtrace-limit\=0 -fno-color-diagnostics -fmodules-prune-interval\=86400 -fmodules-prune-after\=345600 -fbuild-session-file\=/Users/hectorgarcia/Library/Developer/Xcode/DerivedData/ModuleCache.noindex/Session.modulevalidation -fmodules-validate-once-per-build-session -Wnon-modular-include-in-framework-module -Werror\=non-modular-include-in-framework-module -Wno-trigraphs -Wno-missing-field-initializers -Wno-missing-prototypes -Wno-return-type -Wno-implicit-atomic-properties -Wno-objc-interface-ivars -Wno-arc-repeated-use-of-weak -Wno-missing-braces -Wparentheses -Wswitch -Wno-unused-function -Wno-unused-label -Wno-unused-parameter -Wno-unused-variable -Wunused-value -Wno-empty-body -Wno-uninitialized -Wno-unknown-pragmas -w -Wno-shadow -Wno-four-char-constants -Wno-conversion -Wno-constant-conversion -Wno-int-conversion -Wno-bool-conversion -Wno-enum-conversion -Wno-float-conversion -Wno-non-literal-null-conversion -Wno-objc-literal-conversion -Wshorten-64-to-32 -Wpointer-sign -Wno-newline-eof -Wno-selector -Wno-strict-selector-match -Wno-undeclared-selector -Wno-deprecated-implementations -Wno-implicit-fallthrough -fstrict-aliasing -Wprotocol -Wdeprecated-declarations -Wno-sign-conversion -Wno-infinite-recursion -Wno-comma -Wno-block-capture-autoreleasing -Wno-strict-prototypes -Wno-semicolon-before-method-body -index-store-path /Users/hectorgarcia/Library/Developer/Xcode/DerivedData/Lyo-eagkiegzrakogpczynhkaholsscs/Index.noindex/DataStore @/Users/hectorgarcia/Library/Developer/Xcode/DerivedData/Build/Intermediates.noindex/Firebase.build/Debug-iphonesimulator/FirebaseAuth.build/Objects-normal/x86_64/e6072d4f65d7061329687fe24e3d63a7-common-args.resp -include /Users/hectorgarcia/Library/Developer/Xcode/DerivedData/Build/Intermediates.noindex/Firebase.build/Debug-iphonesimulator/FirebaseAuth.build/DerivedSources/resource_bundle_accessor.h -MMD -MT dependencies -MF /Users/hectorgarcia/Library/Developer/Xcode/DerivedData/Build/Intermediates.noindex/Firebase.build/Debug-iphonesimulator/FirebaseAuth.build/Objects-normal/x86_64/FIRResetPasswordResponse.d --serialize-diagnostics /Users/hectorgarcia/Library/Developer/Xcode/DerivedData/Build/Intermediates.noindex/Firebase.build/Debug-iphonesimulator/FirebaseAuth.build/Objects-normal/x86_64/FIRResetPasswordResponse.dia -c /Users/hectorgarcia/Library/Developer/Xcode/DerivedData/Lyo-eagkiegzrakogpczynhkaholsscs/SourcePackages/checkouts/firebase-ios-sdk/FirebaseAuth/Sources/Backend/RPC/FIRResetPasswordResponse.m -o /Users/hectorgarcia/Library/Developer/Xcode/DerivedData/Build/Intermediates.noindex/Firebase.build/Debug-iphonesimulator/FirebaseAuth.build/Objects-normal/x86_64/FIRResetPasswordResponse.o -index-unit-output-path /Firebase.build/Debug-iphonesimulator/FirebaseAuth.build/Objects-normal/x86_64/FIRResetPasswordResponse.o

CompileC /Users/hectorgarcia/Library/Developer/Xcode/DerivedData/Build/Intermediates.noindex/Firebase.build/Debug-iphonesimulator/FirebaseAuth.build/Objects-normal/x86_64/FIRSecureTokenRequest.o /Users/hectorgarcia/Library/Developer/Xcode/DerivedData/Lyo-eagkiegzrakogpczynhkaholsscs/SourcePackages/checkouts/firebase-ios-sdk/FirebaseAuth/Sources/Backend/RPC/FIRSecureTokenRequest.m normal x86_64 objective-c com.apple.compilers.llvm.clang.1_0.compiler (in target 'FirebaseAuth' from project 'Firebase')
    cd /Users/hectorgarcia/LYO_Da_ONE/Lyo.xcodeproj
    
    Using response file: /Users/hectorgarcia/Library/Developer/Xcode/DerivedData/Build/Intermediates.noindex/Firebase.build/Debug-iphonesimulator/FirebaseAuth.build/Objects-normal/x86_64/e6072d4f65d7061329687fe24e3d63a7-common-args.resp
    
    /Users/hectorgarcia/Downloads/Xcode.app/Contents/Developer/Toolchains/XcodeDefault.xctoolchain/usr/bin/clang -x objective-c -ivfsstatcache /Users/hectorgarcia/Library/Developer/Xcode/DerivedData/SDKStatCaches.noindex/iphonesimulator26.2-23C53-823d3e8b6e60bc2018c189d3ca05ba9b.sdkstatcache -fmessage-length\=0 -fdiagnostics-show-note-include-stack -fmacro-backtrace-limit\=0 -fno-color-diagnostics -fmodules-prune-interval\=86400 -fmodules-prune-after\=345600 -fbuild-session-file\=/Users/hectorgarcia/Library/Developer/Xcode/DerivedData/ModuleCache.noindex/Session.modulevalidation -fmodules-validate-once-per-build-session -Wnon-modular-include-in-framework-module -Werror\=non-modular-include-in-framework-module -Wno-trigraphs -Wno-missing-field-initializers -Wno-missing-prototypes -Wno-return-type -Wno-implicit-atomic-properties -Wno-objc-interface-ivars -Wno-arc-repeated-use-of-weak -Wno-missing-braces -Wparentheses -Wswitch -Wno-unused-function -Wno-unused-label -Wno-unused-parameter -Wno-unused-variable -Wunused-value -Wno-empty-body -Wno-uninitialized -Wno-unknown-pragmas -w -Wno-shadow -Wno-four-char-constants -Wno-conversion -Wno-constant-conversion -Wno-int-conversion -Wno-bool-conversion -Wno-enum-conversion -Wno-float-conversion -Wno-non-literal-null-conversion -Wno-objc-literal-conversion -Wshorten-64-to-32 -Wpointer-sign -Wno-newline-eof -Wno-selector -Wno-strict-selector-match -Wno-undeclared-selector -Wno-deprecated-implementations -Wno-implicit-fallthrough -fstrict-aliasing -Wprotocol -Wdeprecated-declarations -Wno-sign-conversion -Wno-infinite-recursion -Wno-comma -Wno-block-capture-autoreleasing -Wno-strict-prototypes -Wno-semicolon-before-method-body -index-store-path /Users/hectorgarcia/Library/Developer/Xcode/DerivedData/Lyo-eagkiegzrakogpczynhkaholsscs/Index.noindex/DataStore @/Users/hectorgarcia/Library/Developer/Xcode/DerivedData/Build/Intermediates.noindex/Firebase.build/Debug-iphonesimulator/FirebaseAuth.build/Objects-normal/x86_64/e6072d4f65d7061329687fe24e3d63a7-common-args.resp -include /Users/hectorgarcia/Library/Developer/Xcode/DerivedData/Build/Intermediates.noindex/Firebase.build/Debug-iphonesimulator/FirebaseAuth.build/DerivedSources/resource_bundle_accessor.h -MMD -MT dependencies -MF /Users/hectorgarcia/Library/Developer/Xcode/DerivedData/Build/Intermediates.noindex/Firebase.build/Debug-iphonesimulator/FirebaseAuth.build/Objects-normal/x86_64/FIRSecureTokenRequest.d --serialize-diagnostics /Users/hectorgarcia/Library/Developer/Xcode/DerivedData/Build/Intermediates.noindex/Firebase.build/Debug-iphonesimulator/FirebaseAuth.build/Objects-normal/x86_64/FIRSecureTokenRequest.dia -c /Users/hectorgarcia/Library/Developer/Xcode/DerivedData/Lyo-eagkiegzrakogpczynhkaholsscs/SourcePackages/checkouts/firebase-ios-sdk/FirebaseAuth/Sources/Backend/RPC/FIRSecureTokenRequest.m -o /Users/hectorgarcia/Library/Developer/Xcode/DerivedData/Build/Intermediates.noindex/Firebase.build/Debug-iphonesimulator/FirebaseAuth.build/Objects-normal/x86_64/FIRSecureTokenRequest.o -index-unit-output-path /Firebase.build/Debug-iphonesimulator/FirebaseAuth.build/Objects-normal/x86_64/FIRSecureTokenRequest.o

CompileC /Users/hectorgarcia/Library/Developer/Xcode/DerivedData/Build/Intermediates.noindex/Firebase.build/Debug-iphonesimulator/FirebaseAuth.build/Objects-normal/x86_64/FIRRevokeTokenResponse.o /Users/hectorgarcia/Library/Developer/Xcode/DerivedData/Lyo-eagkiegzrakogpczynhkaholsscs/SourcePackages/checkouts/firebase-ios-sdk/FirebaseAuth/Sources/Backend/RPC/FIRRevokeTokenResponse.m normal x86_64 objective-c com.apple.compilers.llvm.clang.1_0.compiler (in target 'FirebaseAuth' from project 'Firebase')
    cd /Users/hectorgarcia/LYO_Da_ONE/Lyo.xcodeproj
    
    Using response file: /Users/hectorgarcia/Library/Developer/Xcode/DerivedData/Build/Intermediates.noindex/Firebase.build/Debug-iphonesimulator/FirebaseAuth.build/Objects-normal/x86_64/e6072d4f65d7061329687fe24e3d63a7-common-args.resp
    
    /Users/hectorgarcia/Downloads/Xcode.app/Contents/Developer/Toolchains/XcodeDefault.xctoolchain/usr/bin/clang -x objective-c -ivfsstatcache /Users/hectorgarcia/Library/Developer/Xcode/DerivedData/SDKStatCaches.noindex/iphonesimulator26.2-23C53-823d3e8b6e60bc2018c189d3ca05ba9b.sdkstatcache -fmessage-length\=0 -fdiagnostics-show-note-include-stack -fmacro-backtrace-limit\=0 -fno-color-diagnostics -fmodules-prune-interval\=86400 -fmodules-prune-after\=345600 -fbuild-session-file\=/Users/hectorgarcia/Library/Developer/Xcode/DerivedData/ModuleCache.noindex/Session.modulevalidation -fmodules-validate-once-per-build-session -Wnon-modular-include-in-framework-module -Werror\=non-modular-include-in-framework-module -Wno-trigraphs -Wno-missing-field-initializers -Wno-missing-prototypes -Wno-return-type -Wno-implicit-atomic-properties -Wno-objc-interface-ivars -Wno-arc-repeated-use-of-weak -Wno-missing-braces -Wparentheses -Wswitch -Wno-unused-function -Wno-unused-label -Wno-unused-parameter -Wno-unused-variable -Wunused-value -Wno-empty-body -Wno-uninitialized -Wno-unknown-pragmas -w -Wno-shadow -Wno-four-char-constants -Wno-conversion -Wno-constant-conversion -Wno-int-conversion -Wno-bool-conversion -Wno-enum-conversion -Wno-float-conversion -Wno-non-literal-null-conversion -Wno-objc-literal-conversion -Wshorten-64-to-32 -Wpointer-sign -Wno-newline-eof -Wno-selector -Wno-strict-selector-match -Wno-undeclared-selector -Wno-deprecated-implementations -Wno-implicit-fallthrough -fstrict-aliasing -Wprotocol -Wdeprecated-declarations -Wno-sign-conversion -Wno-infinite-recursion -Wno-comma -Wno-block-capture-autoreleasing -Wno-strict-prototypes -Wno-semicolon-before-method-body -index-store-path /Users/hectorgarcia/Library/Developer/Xcode/DerivedData/Lyo-eagkiegzrakogpczynhkaholsscs/Index.noindex/DataStore @/Users/hectorgarcia/Library/Developer/Xcode/DerivedData/Build/Intermediates.noindex/Firebase.build/Debug-iphonesimulator/FirebaseAuth.build/Objects-normal/x86_64/e6072d4f65d7061329687fe24e3d63a7-common-args.resp -include /Users/hectorgarcia/Library/Developer/Xcode/DerivedData/Build/Intermediates.noindex/Firebase.build/Debug-iphonesimulator/FirebaseAuth.build/DerivedSources/resource_bundle_accessor.h -MMD -MT dependencies -MF /Users/hectorgarcia/Library/Developer/Xcode/DerivedData/Build/Intermediates.noindex/Firebase.build/Debug-iphonesimulator/FirebaseAuth.build/Objects-normal/x86_64/FIRRevokeTokenResponse.d --serialize-diagnostics /Users/hectorgarcia/Library/Developer/Xcode/DerivedData/Build/Intermediates.noindex/Firebase.build/Debug-iphonesimulator/FirebaseAuth.build/Objects-normal/x86_64/FIRRevokeTokenResponse.dia -c /Users/hectorgarcia/Library/Developer/Xcode/DerivedData/Lyo-eagkiegzrakogpczynhkaholsscs/SourcePackages/checkouts/firebase-ios-sdk/FirebaseAuth/Sources/Backend/RPC/FIRRevokeTokenResponse.m -o /Users/hectorgarcia/Library/Developer/Xcode/DerivedData/Build/Intermediates.noindex/Firebase.build/Debug-iphonesimulator/FirebaseAuth.build/Objects-normal/x86_64/FIRRevokeTokenResponse.o -index-unit-output-path /Firebase.build/Debug-iphonesimulator/FirebaseAuth.build/Objects-normal/x86_64/FIRRevokeTokenResponse.o

CompileC /Users/hectorgarcia/Library/Developer/Xcode/DerivedData/Build/Intermediates.noindex/Firebase.build/Debug-iphonesimulator/FirebaseAuth.build/Objects-normal/x86_64/FIRRevokeTokenRequest.o /Users/hectorgarcia/Library/Developer/Xcode/DerivedData/Lyo-eagkiegzrakogpczynhkaholsscs/SourcePackages/checkouts/firebase-ios-sdk/FirebaseAuth/Sources/Backend/RPC/FIRRevokeTokenRequest.m normal x86_64 objective-c com.apple.compilers.llvm.clang.1_0.compiler (in target 'FirebaseAuth' from project 'Firebase')
    cd /Users/hectorgarcia/LYO_Da_ONE/Lyo.xcodeproj
    
    Using response file: /Users/hectorgarcia/Library/Developer/Xcode/DerivedData/Build/Intermediates.noindex/Firebase.build/Debug-iphonesimulator/FirebaseAuth.build/Objects-normal/x86_64/e6072d4f65d7061329687fe24e3d63a7-common-args.resp
    
    /Users/hectorgarcia/Downloads/Xcode.app/Contents/Developer/Toolchains/XcodeDefault.xctoolchain/usr/bin/clang -x objective-c -ivfsstatcache /Users/hectorgarcia/Library/Developer/Xcode/DerivedData/SDKStatCaches.noindex/iphonesimulator26.2-23C53-823d3e8b6e60bc2018c189d3ca05ba9b.sdkstatcache -fmessage-length\=0 -fdiagnostics-show-note-include-stack -fmacro-backtrace-limit\=0 -fno-color-diagnostics -fmodules-prune-interval\=86400 -fmodules-prune-after\=345600 -fbuild-session-file\=/Users/hectorgarcia/Library/Developer/Xcode/DerivedData/ModuleCache.noindex/Session.modulevalidation -fmodules-validate-once-per-build-session -Wnon-modular-include-in-framework-module -Werror\=non-modular-include-in-framework-module -Wno-trigraphs -Wno-missing-field-initializers -Wno-missing-prototypes -Wno-return-type -Wno-implicit-atomic-properties -Wno-objc-interface-ivars -Wno-arc-repeated-use-of-weak -Wno-missing-braces -Wparentheses -Wswitch -Wno-unused-function -Wno-unused-label -Wno-unused-parameter -Wno-unused-variable -Wunused-value -Wno-empty-body -Wno-uninitialized -Wno-unknown-pragmas -w -Wno-shadow -Wno-four-char-constants -Wno-conversion -Wno-constant-conversion -Wno-int-conversion -Wno-bool-conversion -Wno-enum-conversion -Wno-float-conversion -Wno-non-literal-null-conversion -Wno-objc-literal-conversion -Wshorten-64-to-32 -Wpointer-sign -Wno-newline-eof -Wno-selector -Wno-strict-selector-match -Wno-undeclared-selector -Wno-deprecated-implementations -Wno-implicit-fallthrough -fstrict-aliasing -Wprotocol -Wdeprecated-declarations -Wno-sign-conversion -Wno-infinite-recursion -Wno-comma -Wno-block-capture-autoreleasing -Wno-strict-prototypes -Wno-semicolon-before-method-body -index-store-path /Users/hectorgarcia/Library/Developer/Xcode/DerivedData/Lyo-eagkiegzrakogpczynhkaholsscs/Index.noindex/DataStore @/Users/hectorgarcia/Library/Developer/Xcode/DerivedData/Build/Intermediates.noindex/Firebase.build/Debug-iphonesimulator/FirebaseAuth.build/Objects-normal/x86_64/e6072d4f65d7061329687fe24e3d63a7-common-args.resp -include /Users/hectorgarcia/Library/Developer/Xcode/DerivedData/Build/Intermediates.noindex/Firebase.build/Debug-iphonesimulator/FirebaseAuth.build/DerivedSources/resource_bundle_accessor.h -MMD -MT dependencies -MF /Users/hectorgarcia/Library/Developer/Xcode/DerivedData/Build/Intermediates.noindex/Firebase.build/Debug-iphonesimulator/FirebaseAuth.build/Objects-normal/x86_64/FIRRevokeTokenRequest.d --serialize-diagnostics /Users/hectorgarcia/Library/Developer/Xcode/DerivedData/Build/Intermediates.noindex/Firebase.build/Debug-iphonesimulator/FirebaseAuth.build/Objects-normal/x86_64/FIRRevokeTokenRequest.dia -c /Users/hectorgarcia/Library/Developer/Xcode/DerivedData/Lyo-eagkiegzrakogpczynhkaholsscs/SourcePackages/checkouts/firebase-ios-sdk/FirebaseAuth/Sources/Backend/RPC/FIRRevokeTokenRequest.m -o /Users/hectorgarcia/Library/Developer/Xcode/DerivedData/Build/Intermediates.noindex/Firebase.build/Debug-iphonesimulator/FirebaseAuth.build/Objects-normal/x86_64/FIRRevokeTokenRequest.o -index-unit-output-path /Firebase.build/Debug-iphonesimulator/FirebaseAuth.build/Objects-normal/x86_64/FIRRevokeTokenRequest.o

ScanDependencies /Users/hectorgarcia/Library/Developer/Xcode/DerivedData/Build/Intermediates.noindex/Firebase.build/Debug-iphonesimulator/FirebaseAuth.build/Objects-normal/x86_64/FIRResetPasswordRequest.o /Users/hectorgarcia/Library/Developer/Xcode/DerivedData/Lyo-eagkiegzrakogpczynhkaholsscs/SourcePackages/checkouts/firebase-ios-sdk/FirebaseAuth/Sources/Backend/RPC/FIRResetPasswordRequest.m normal x86_64 objective-c com.apple.compilers.llvm.clang.1_0.compiler (in target 'FirebaseAuth' from project 'Firebase')
    cd /Users/hectorgarcia/LYO_Da_ONE/Lyo.xcodeproj
    
    Using response file: /Users/hectorgarcia/Library/Developer/Xcode/DerivedData/Build/Intermediates.noindex/Firebase.build/Debug-iphonesimulator/FirebaseAuth.build/Objects-normal/x86_64/e6072d4f65d7061329687fe24e3d63a7-common-args.resp
    
    builtin-ScanDependencies -o /Users/hectorgarcia/Library/Developer/Xcode/DerivedData/Build/Intermediates.noindex/Firebase.build/Debug-iphonesimulator/FirebaseAuth.build/Objects-normal/x86_64/FIRResetPasswordRequest.o.scan -- /Users/hectorgarcia/Downloads/Xcode.app/Contents/Developer/Toolchains/XcodeDefault.xctoolchain/usr/bin/clang -x objective-c -ivfsstatcache /Users/hectorgarcia/Library/Developer/Xcode/DerivedData/SDKStatCaches.noindex/iphonesimulator26.2-23C53-823d3e8b6e60bc2018c189d3ca05ba9b.sdkstatcache -fmessage-length\=0 -fdiagnostics-show-note-include-stack -fmacro-backtrace-limit\=0 -fno-color-diagnostics -fmodules-prune-interval\=86400 -fmodules-prune-after\=345600 -fbuild-session-file\=/Users/hectorgarcia/Library/Developer/Xcode/DerivedData/ModuleCache.noindex/Session.modulevalidation -fmodules-validate-once-per-build-session -Wnon-modular-include-in-framework-module -Werror\=non-modular-include-in-framework-module -Wno-trigraphs -Wno-missing-field-initializers -Wno-missing-prototypes -Wno-return-type -Wno-implicit-atomic-properties -Wno-objc-interface-ivars -Wno-arc-repeated-use-of-weak -Wno-missing-braces -Wparentheses -Wswitch -Wno-unused-function -Wno-unused-label -Wno-unused-parameter -Wno-unused-variable -Wunused-value -Wno-empty-body -Wno-uninitialized -Wno-unknown-pragmas -w -Wno-shadow -Wno-four-char-constants -Wno-conversion -Wno-constant-conversion -Wno-int-conversion -Wno-bool-conversion -Wno-enum-conversion -Wno-float-conversion -Wno-non-literal-null-conversion -Wno-objc-literal-conversion -Wshorten-64-to-32 -Wpointer-sign -Wno-newline-eof -Wno-selector -Wno-strict-selector-match -Wno-undeclared-selector -Wno-deprecated-implementations -Wno-implicit-fallthrough -fstrict-aliasing -Wprotocol -Wdeprecated-declarations -Wno-sign-conversion -Wno-infinite-recursion -Wno-comma -Wno-block-capture-autoreleasing -Wno-strict-prototypes -Wno-semicolon-before-method-body -index-store-path /Users/hectorgarcia/Library/Developer/Xcode/DerivedData/Lyo-eagkiegzrakogpczynhkaholsscs/Index.noindex/DataStore @/Users/hectorgarcia/Library/Developer/Xcode/DerivedData/Build/Intermediates.noindex/Firebase.build/Debug-iphonesimulator/FirebaseAuth.build/Objects-normal/x86_64/e6072d4f65d7061329687fe24e3d63a7-common-args.resp -include /Users/hectorgarcia/Library/Developer/Xcode/DerivedData/Build/Intermediates.noindex/Firebase.build/Debug-iphonesimulator/FirebaseAuth.build/DerivedSources/resource_bundle_accessor.h -MMD -MT dependencies -MF /Users/hectorgarcia/Library/Developer/Xcode/DerivedData/Build/Intermediates.noindex/Firebase.build/Debug-iphonesimulator/FirebaseAuth.build/Objects-normal/x86_64/FIRResetPasswordRequest.d --serialize-diagnostics /Users/hectorgarcia/Library/Developer/Xcode/DerivedData/Build/Intermediates.noindex/Firebase.build/Debug-iphonesimulator/FirebaseAuth.build/Objects-normal/x86_64/FIRResetPasswordRequest.dia -c /Users/hectorgarcia/Library/Developer/Xcode/DerivedData/Lyo-eagkiegzrakogpczynhkaholsscs/SourcePackages/checkouts/firebase-ios-sdk/FirebaseAuth/Sources/Backend/RPC/FIRResetPasswordRequest.m -o /Users/hectorgarcia/Library/Developer/Xcode/DerivedData/Build/Intermediates.noindex/Firebase.build/Debug-iphonesimulator/FirebaseAuth.build/Objects-normal/x86_64/FIRResetPasswordRequest.o -index-unit-output-path /Firebase.build/Debug-iphonesimulator/FirebaseAuth.build/Objects-normal/x86_64/FIRResetPasswordRequest.o

ScanDependencies /Users/hectorgarcia/Library/Developer/Xcode/DerivedData/Build/Intermediates.noindex/Firebase.build/Debug-iphonesimulator/FirebaseAuth.build/Objects-normal/x86_64/FIRPhoneMultiFactorInfo.o /Users/hectorgarcia/Library/Developer/Xcode/DerivedData/Lyo-eagkiegzrakogpczynhkaholsscs/SourcePackages/checkouts/firebase-ios-sdk/FirebaseAuth/Sources/MultiFactor/Phone/FIRPhoneMultiFactorInfo.m normal x86_64 objective-c com.apple.compilers.llvm.clang.1_0.compiler (in target 'FirebaseAuth' from project 'Firebase')
    cd /Users/hectorgarcia/LYO_Da_ONE/Lyo.xcodeproj
    
    Using response file: /Users/hectorgarcia/Library/Developer/Xcode/DerivedData/Build/Intermediates.noindex/Firebase.build/Debug-iphonesimulator/FirebaseAuth.build/Objects-normal/x86_64/e6072d4f65d7061329687fe24e3d63a7-common-args.resp
    
    builtin-ScanDependencies -o /Users/hectorgarcia/Library/Developer/Xcode/DerivedData/Build/Intermediates.noindex/Firebase.build/Debug-iphonesimulator/FirebaseAuth.build/Objects-normal/x86_64/FIRPhoneMultiFactorInfo.o.scan -- /Users/hectorgarcia/Downloads/Xcode.app/Contents/Developer/Toolchains/XcodeDefault.xctoolchain/usr/bin/clang -x objective-c -ivfsstatcache /Users/hectorgarcia/Library/Developer/Xcode/DerivedData/SDKStatCaches.noindex/iphonesimulator26.2-23C53-823d3e8b6e60bc2018c189d3ca05ba9b.sdkstatcache -fmessage-length\=0 -fdiagnostics-show-note-include-stack -fmacro-backtrace-limit\=0 -fno-color-diagnostics -fmodules-prune-interval\=86400 -fmodules-prune-after\=345600 -fbuild-session-file\=/Users/hectorgarcia/Library/Developer/Xcode/DerivedData/ModuleCache.noindex/Session.modulevalidation -fmodules-validate-once-per-build-session -Wnon-modular-include-in-framework-module -Werror\=non-modular-include-in-framework-module -Wno-trigraphs -Wno-missing-field-initializers -Wno-missing-prototypes -Wno-return-type -Wno-implicit-atomic-properties -Wno-objc-interface-ivars -Wno-arc-repeated-use-of-weak -Wno-missing-braces -Wparentheses -Wswitch -Wno-unused-function -Wno-unused-label -Wno-unused-parameter -Wno-unused-variable -Wunused-value -Wno-empty-body -Wno-uninitialized -Wno-unknown-pragmas -w -Wno-shadow -Wno-four-char-constants -Wno-conversion -Wno-constant-conversion -Wno-int-conversion -Wno-bool-conversion -Wno-enum-conversion -Wno-float-conversion -Wno-non-literal-null-conversion -Wno-objc-literal-conversion -Wshorten-64-to-32 -Wpointer-sign -Wno-newline-eof -Wno-selector -Wno-strict-selector-match -Wno-undeclared-selector -Wno-deprecated-implementations -Wno-implicit-fallthrough -fstrict-aliasing -Wprotocol -Wdeprecated-declarations -Wno-sign-conversion -Wno-infinite-recursion -Wno-comma -Wno-block-capture-autoreleasing -Wno-strict-prototypes -Wno-semicolon-before-method-body -index-store-path /Users/hectorgarcia/Library/Developer/Xcode/DerivedData/Lyo-eagkiegzrakogpczynhkaholsscs/Index.noindex/DataStore @/Users/hectorgarcia/Library/Developer/Xcode/DerivedData/Build/Intermediates.noindex/Firebase.build/Debug-iphonesimulator/FirebaseAuth.build/Objects-normal/x86_64/e6072d4f65d7061329687fe24e3d63a7-common-args.resp -include /Users/hectorgarcia/Library/Developer/Xcode/DerivedData/Build/Intermediates.noindex/Firebase.build/Debug-iphonesimulator/FirebaseAuth.build/DerivedSources/resource_bundle_accessor.h -MMD -MT dependencies -MF /Users/hectorgarcia/Library/Developer/Xcode/DerivedData/Build/Intermediates.noindex/Firebase.build/Debug-iphonesimulator/FirebaseAuth.build/Objects-normal/x86_64/FIRPhoneMultiFactorInfo.d --serialize-diagnostics /Users/hectorgarcia/Library/Developer/Xcode/DerivedData/Build/Intermediates.noindex/Firebase.build/Debug-iphonesimulator/FirebaseAuth.build/Objects-normal/x86_64/FIRPhoneMultiFactorInfo.dia -c /Users/hectorgarcia/Library/Developer/Xcode/DerivedData/Lyo-eagkiegzrakogpczynhkaholsscs/SourcePackages/checkouts/firebase-ios-sdk/FirebaseAuth/Sources/MultiFactor/Phone/FIRPhoneMultiFactorInfo.m -o /Users/hectorgarcia/Library/Developer/Xcode/DerivedData/Build/Intermediates.noindex/Firebase.build/Debug-iphonesimulator/FirebaseAuth.build/Objects-normal/x86_64/FIRPhoneMultiFactorInfo.o -index-unit-output-path /Firebase.build/Debug-iphonesimulator/FirebaseAuth.build/Objects-normal/x86_64/FIRPhoneMultiFactorInfo.o

CompileC /Users/hectorgarcia/Library/Developer/Xcode/DerivedData/Build/Intermediates.noindex/Firebase.build/Debug-iphonesimulator/FirebaseAuth.build/Objects-normal/x86_64/FIRResetPasswordResponse.o /Users/hectorgarcia/Library/Developer/Xcode/DerivedData/Lyo-eagkiegzrakogpczynhkaholsscs/SourcePackages/checkouts/firebase-ios-sdk/FirebaseAuth/Sources/Backend/RPC/FIRResetPasswordResponse.m normal x86_64 objective-c com.apple.compilers.llvm.clang.1_0.compiler (in target 'FirebaseAuth' from project 'Firebase')
    cd /Users/hectorgarcia/LYO_Da_ONE/Lyo.xcodeproj
    
    Using response file: /Users/hectorgarcia/Library/Developer/Xcode/DerivedData/Build/Intermediates.noindex/Firebase.build/Debug-iphonesimulator/FirebaseAuth.build/Objects-normal/x86_64/e6072d4f65d7061329687fe24e3d63a7-common-args.resp
    
    /Users/hectorgarcia/Downloads/Xcode.app/Contents/Developer/Toolchains/XcodeDefault.xctoolchain/usr/bin/clang -x objective-c -ivfsstatcache /Users/hectorgarcia/Library/Developer/Xcode/DerivedData/SDKStatCaches.noindex/iphonesimulator26.2-23C53-823d3e8b6e60bc2018c189d3ca05ba9b.sdkstatcache -fmessage-length\=0 -fdiagnostics-show-note-include-stack -fmacro-backtrace-limit\=0 -fno-color-diagnostics -fmodules-prune-interval\=86400 -fmodules-prune-after\=345600 -fbuild-session-file\=/Users/hectorgarcia/Library/Developer/Xcode/DerivedData/ModuleCache.noindex/Session.modulevalidation -fmodules-validate-once-per-build-session -Wnon-modular-include-in-framework-module -Werror\=non-modular-include-in-framework-module -Wno-trigraphs -Wno-missing-field-initializers -Wno-missing-prototypes -Wno-return-type -Wno-implicit-atomic-properties -Wno-objc-interface-ivars -Wno-arc-repeated-use-of-weak -Wno-missing-braces -Wparentheses -Wswitch -Wno-unused-function -Wno-unused-label -Wno-unused-parameter -Wno-unused-variable -Wunused-value -Wno-empty-body -Wno-uninitialized -Wno-unknown-pragmas -w -Wno-shadow -Wno-four-char-constants -Wno-conversion -Wno-constant-conversion -Wno-int-conversion -Wno-bool-conversion -Wno-enum-conversion -Wno-float-conversion -Wno-non-literal-null-conversion -Wno-objc-literal-conversion -Wshorten-64-to-32 -Wpointer-sign -Wno-newline-eof -Wno-selector -Wno-strict-selector-match -Wno-undeclared-selector -Wno-deprecated-implementations -Wno-implicit-fallthrough -fstrict-aliasing -Wprotocol -Wdeprecated-declarations -Wno-sign-conversion -Wno-infinite-recursion -Wno-comma -Wno-block-capture-autoreleasing -Wno-strict-prototypes -Wno-semicolon-before-method-body -index-store-path /Users/hectorgarcia/Library/Developer/Xcode/DerivedData/Lyo-eagkiegzrakogpczynhkaholsscs/Index.noindex/DataStore @/Users/hectorgarcia/Library/Developer/Xcode/DerivedData/Build/Intermediates.noindex/Firebase.build/Debug-iphonesimulator/FirebaseAuth.build/Objects-normal/x86_64/e6072d4f65d7061329687fe24e3d63a7-common-args.resp -include /Users/hectorgarcia/Library/Developer/Xcode/DerivedData/Build/Intermediates.noindex/Firebase.build/Debug-iphonesimulator/FirebaseAuth.build/DerivedSources/resource_bundle_accessor.h -MMD -MT dependencies -MF /Users/hectorgarcia/Library/Developer/Xcode/DerivedData/Build/Intermediates.noindex/Firebase.build/Debug-iphonesimulator/FirebaseAuth.build/Objects-normal/x86_64/FIRResetPasswordResponse.d --serialize-diagnostics /Users/hectorgarcia/Library/Developer/Xcode/DerivedData/Build/Intermediates.noindex/Firebase.build/Debug-iphonesimulator/FirebaseAuth.build/Objects-normal/x86_64/FIRResetPasswordResponse.dia -c /Users/hectorgarcia/Library/Developer/Xcode/DerivedData/Lyo-eagkiegzrakogpczynhkaholsscs/SourcePackages/checkouts/firebase-ios-sdk/FirebaseAuth/Sources/Backend/RPC/FIRResetPasswordResponse.m -o /Users/hectorgarcia/Library/Developer/Xcode/DerivedData/Build/Intermediates.noindex/Firebase.build/Debug-iphonesimulator/FirebaseAuth.build/Objects-normal/x86_64/FIRResetPasswordResponse.o -index-unit-output-path /Firebase.build/Debug-iphonesimulator/FirebaseAuth.build/Objects-normal/x86_64/FIRResetPasswordResponse.o

ScanDependencies /Users/hectorgarcia/Library/Developer/Xcode/DerivedData/Build/Intermediates.noindex/Firebase.build/Debug-iphonesimulator/FirebaseAuth.build/Objects-normal/x86_64/FIRPhoneMultiFactorGenerator.o /Users/hectorgarcia/Library/Developer/Xcode/DerivedData/Lyo-eagkiegzrakogpczynhkaholsscs/SourcePackages/checkouts/firebase-ios-sdk/FirebaseAuth/Sources/MultiFactor/Phone/FIRPhoneMultiFactorGenerator.m normal x86_64 objective-c com.apple.compilers.llvm.clang.1_0.compiler (in target 'FirebaseAuth' from project 'Firebase')
    cd /Users/hectorgarcia/LYO_Da_ONE/Lyo.xcodeproj
    
    Using response file: /Users/hectorgarcia/Library/Developer/Xcode/DerivedData/Build/Intermediates.noindex/Firebase.build/Debug-iphonesimulator/FirebaseAuth.build/Objects-normal/x86_64/e6072d4f65d7061329687fe24e3d63a7-common-args.resp
    
    builtin-ScanDependencies -o /Users/hectorgarcia/Library/Developer/Xcode/DerivedData/Build/Intermediates.noindex/Firebase.build/Debug-iphonesimulator/FirebaseAuth.build/Objects-normal/x86_64/FIRPhoneMultiFactorGenerator.o.scan -- /Users/hectorgarcia/Downloads/Xcode.app/Contents/Developer/Toolchains/XcodeDefault.xctoolchain/usr/bin/clang -x objective-c -ivfsstatcache /Users/hectorgarcia/Library/Developer/Xcode/DerivedData/SDKStatCaches.noindex/iphonesimulator26.2-23C53-823d3e8b6e60bc2018c189d3ca05ba9b.sdkstatcache -fmessage-length\=0 -fdiagnostics-show-note-include-stack -fmacro-backtrace-limit\=0 -fno-color-diagnostics -fmodules-prune-interval\=86400 -fmodules-prune-after\=345600 -fbuild-session-file\=/Users/hectorgarcia/Library/Developer/Xcode/DerivedData/ModuleCache.noindex/Session.modulevalidation -fmodules-validate-once-per-build-session -Wnon-modular-include-in-framework-module -Werror\=non-modular-include-in-framework-module -Wno-trigraphs -Wno-missing-field-initializers -Wno-missing-prototypes -Wno-return-type -Wno-implicit-atomic-properties -Wno-objc-interface-ivars -Wno-arc-repeated-use-of-weak -Wno-missing-braces -Wparentheses -Wswitch -Wno-unused-function -Wno-unused-label -Wno-unused-parameter -Wno-unused-variable -Wunused-value -Wno-empty-body -Wno-uninitialized -Wno-unknown-pragmas -w -Wno-shadow -Wno-four-char-constants -Wno-conversion -Wno-constant-conversion -Wno-int-conversion -Wno-bool-conversion -Wno-enum-conversion -Wno-float-conversion -Wno-non-literal-null-conversion -Wno-objc-literal-conversion -Wshorten-64-to-32 -Wpointer-sign -Wno-newline-eof -Wno-selector -Wno-strict-selector-match -Wno-undeclared-selector -Wno-deprecated-implementations -Wno-implicit-fallthrough -fstrict-aliasing -Wprotocol -Wdeprecated-declarations -Wno-sign-conversion -Wno-infinite-recursion -Wno-comma -Wno-block-capture-autoreleasing -Wno-strict-prototypes -Wno-semicolon-before-method-body -index-store-path /Users/hectorgarcia/Library/Developer/Xcode/DerivedData/Lyo-eagkiegzrakogpczynhkaholsscs/Index.noindex/DataStore @/Users/hectorgarcia/Library/Developer/Xcode/DerivedData/Build/Intermediates.noindex/Firebase.build/Debug-iphonesimulator/FirebaseAuth.build/Objects-normal/x86_64/e6072d4f65d7061329687fe24e3d63a7-common-args.resp -include /Users/hectorgarcia/Library/Developer/Xcode/DerivedData/Build/Intermediates.noindex/Firebase.build/Debug-iphonesimulator/FirebaseAuth.build/DerivedSources/resource_bundle_accessor.h -MMD -MT dependencies -MF /Users/hectorgarcia/Library/Developer/Xcode/DerivedData/Build/Intermediates.noindex/Firebase.build/Debug-iphonesimulator/FirebaseAuth.build/Objects-normal/x86_64/FIRPhoneMultiFactorGenerator.d --serialize-diagnostics /Users/hectorgarcia/Library/Developer/Xcode/DerivedData/Build/Intermediates.noindex/Firebase.build/Debug-iphonesimulator/FirebaseAuth.build/Objects-normal/x86_64/FIRPhoneMultiFactorGenerator.dia -c /Users/hectorgarcia/Library/Developer/Xcode/DerivedData/Lyo-eagkiegzrakogpczynhkaholsscs/SourcePackages/checkouts/firebase-ios-sdk/FirebaseAuth/Sources/MultiFactor/Phone/FIRPhoneMultiFactorGenerator.m -o /Users/hectorgarcia/Library/Developer/Xcode/DerivedData/Build/Intermediates.noindex/Firebase.build/Debug-iphonesimulator/FirebaseAuth.build/Objects-normal/x86_64/FIRPhoneMultiFactorGenerator.o -index-unit-output-path /Firebase.build/Debug-iphonesimulator/FirebaseAuth.build/Objects-normal/x86_64/FIRPhoneMultiFactorGenerator.o

PrecompileModule /Users/hectorgarcia/Library/Developer/Xcode/DerivedData/Build/Intermediates.noindex/ExplicitPrecompiledModules/CFNetwork-E7DGVPH5OWNO72Y1UZCJLAP5A.scan
    cd /
    builtin-precompileModule /Users/hectorgarcia/Library/Developer/Xcode/DerivedData/Build/Intermediates.noindex/ExplicitPrecompiledModules/CFNetwork-E7DGVPH5OWNO72Y1UZCJLAP5A.scan

PrecompileModule /Users/hectorgarcia/Library/Developer/Xcode/DerivedData/Build/Intermediates.noindex/ExplicitPrecompiledModules/CoreGraphics-464OAPQS9NHU72RDRM8SER3YW.scan
    cd /
    builtin-precompileModule /Users/hectorgarcia/Library/Developer/Xcode/DerivedData/Build/Intermediates.noindex/ExplicitPrecompiledModules/CoreGraphics-464OAPQS9NHU72RDRM8SER3YW.scan

CompileC /Users/hectorgarcia/Library/Developer/Xcode/DerivedData/Build/Intermediates.noindex/Firebase.build/Debug-iphonesimulator/FirebaseAuth.build/Objects-normal/x86_64/FIRResetPasswordRequest.o /Users/hectorgarcia/Library/Developer/Xcode/DerivedData/Lyo-eagkiegzrakogpczynhkaholsscs/SourcePackages/checkouts/firebase-ios-sdk/FirebaseAuth/Sources/Backend/RPC/FIRResetPasswordRequest.m normal x86_64 objective-c com.apple.compilers.llvm.clang.1_0.compiler (in target 'FirebaseAuth' from project 'Firebase')
    cd /Users/hectorgarcia/LYO_Da_ONE/Lyo.xcodeproj
    
    Using response file: /Users/hectorgarcia/Library/Developer/Xcode/DerivedData/Build/Intermediates.noindex/Firebase.build/Debug-iphonesimulator/FirebaseAuth.build/Objects-normal/x86_64/e6072d4f65d7061329687fe24e3d63a7-common-args.resp
    
    /Users/hectorgarcia/Downloads/Xcode.app/Contents/Developer/Toolchains/XcodeDefault.xctoolchain/usr/bin/clang -x objective-c -ivfsstatcache /Users/hectorgarcia/Library/Developer/Xcode/DerivedData/SDKStatCaches.noindex/iphonesimulator26.2-23C53-823d3e8b6e60bc2018c189d3ca05ba9b.sdkstatcache -fmessage-length\=0 -fdiagnostics-show-note-include-stack -fmacro-backtrace-limit\=0 -fno-color-diagnostics -fmodules-prune-interval\=86400 -fmodules-prune-after\=345600 -fbuild-session-file\=/Users/hectorgarcia/Library/Developer/Xcode/DerivedData/ModuleCache.noindex/Session.modulevalidation -fmodules-validate-once-per-build-session -Wnon-modular-include-in-framework-module -Werror\=non-modular-include-in-framework-module -Wno-trigraphs -Wno-missing-field-initializers -Wno-missing-prototypes -Wno-return-type -Wno-implicit-atomic-properties -Wno-objc-interface-ivars -Wno-arc-repeated-use-of-weak -Wno-missing-braces -Wparentheses -Wswitch -Wno-unused-function -Wno-unused-label -Wno-unused-parameter -Wno-unused-variable -Wunused-value -Wno-empty-body -Wno-uninitialized -Wno-unknown-pragmas -w -Wno-shadow -Wno-four-char-constants -Wno-conversion -Wno-constant-conversion -Wno-int-conversion -Wno-bool-conversion -Wno-enum-conversion -Wno-float-conversion -Wno-non-literal-null-conversion -Wno-objc-literal-conversion -Wshorten-64-to-32 -Wpointer-sign -Wno-newline-eof -Wno-selector -Wno-strict-selector-match -Wno-undeclared-selector -Wno-deprecated-implementations -Wno-implicit-fallthrough -fstrict-aliasing -Wprotocol -Wdeprecated-declarations -Wno-sign-conversion -Wno-infinite-recursion -Wno-comma -Wno-block-capture-autoreleasing -Wno-strict-prototypes -Wno-semicolon-before-method-body -index-store-path /Users/hectorgarcia/Library/Developer/Xcode/DerivedData/Lyo-eagkiegzrakogpczynhkaholsscs/Index.noindex/DataStore @/Users/hectorgarcia/Library/Developer/Xcode/DerivedData/Build/Intermediates.noindex/Firebase.build/Debug-iphonesimulator/FirebaseAuth.build/Objects-normal/x86_64/e6072d4f65d7061329687fe24e3d63a7-common-args.resp -include /Users/hectorgarcia/Library/Developer/Xcode/DerivedData/Build/Intermediates.noindex/Firebase.build/Debug-iphonesimulator/FirebaseAuth.build/DerivedSources/resource_bundle_accessor.h -MMD -MT dependencies -MF /Users/hectorgarcia/Library/Developer/Xcode/DerivedData/Build/Intermediates.noindex/Firebase.build/Debug-iphonesimulator/FirebaseAuth.build/Objects-normal/x86_64/FIRResetPasswordRequest.d --serialize-diagnostics /Users/hectorgarcia/Library/Developer/Xcode/DerivedData/Build/Intermediates.noindex/Firebase.build/Debug-iphonesimulator/FirebaseAuth.build/Objects-normal/x86_64/FIRResetPasswordRequest.dia -c /Users/hectorgarcia/Library/Developer/Xcode/DerivedData/Lyo-eagkiegzrakogpczynhkaholsscs/SourcePackages/checkouts/firebase-ios-sdk/FirebaseAuth/Sources/Backend/RPC/FIRResetPasswordRequest.m -o /Users/hectorgarcia/Library/Developer/Xcode/DerivedData/Build/Intermediates.noindex/Firebase.build/Debug-iphonesimulator/FirebaseAuth.build/Objects-normal/x86_64/FIRResetPasswordRequest.o -index-unit-output-path /Firebase.build/Debug-iphonesimulator/FirebaseAuth.build/Objects-normal/x86_64/FIRResetPasswordRequest.o

PrecompileModule /Users/hectorgarcia/Library/Developer/Xcode/DerivedData/Build/Intermediates.noindex/ExplicitPrecompiledModules/Security-8QSYHTFI0FUSDJ7JMKKRUAQKU.scan
    cd /
    builtin-precompileModule /Users/hectorgarcia/Library/Developer/Xcode/DerivedData/Build/Intermediates.noindex/ExplicitPrecompiledModules/Security-8QSYHTFI0FUSDJ7JMKKRUAQKU.scan

CompileC /Users/hectorgarcia/Library/Developer/Xcode/DerivedData/Build/Intermediates.noindex/Firebase.build/Debug-iphonesimulator/FirebaseAuth.build/Objects-normal/x86_64/FIRPhoneMultiFactorGenerator.o /Users/hectorgarcia/Library/Developer/Xcode/DerivedData/Lyo-eagkiegzrakogpczynhkaholsscs/SourcePackages/checkouts/firebase-ios-sdk/FirebaseAuth/Sources/MultiFactor/Phone/FIRPhoneMultiFactorGenerator.m normal x86_64 objective-c com.apple.compilers.llvm.clang.1_0.compiler (in target 'FirebaseAuth' from project 'Firebase')
    cd /Users/hectorgarcia/LYO_Da_ONE/Lyo.xcodeproj
    
    Using response file: /Users/hectorgarcia/Library/Developer/Xcode/DerivedData/Build/Intermediates.noindex/Firebase.build/Debug-iphonesimulator/FirebaseAuth.build/Objects-normal/x86_64/e6072d4f65d7061329687fe24e3d63a7-common-args.resp
    
    /Users/hectorgarcia/Downloads/Xcode.app/Contents/Developer/Toolchains/XcodeDefault.xctoolchain/usr/bin/clang -x objective-c -ivfsstatcache /Users/hectorgarcia/Library/Developer/Xcode/DerivedData/SDKStatCaches.noindex/iphonesimulator26.2-23C53-823d3e8b6e60bc2018c189d3ca05ba9b.sdkstatcache -fmessage-length\=0 -fdiagnostics-show-note-include-stack -fmacro-backtrace-limit\=0 -fno-color-diagnostics -fmodules-prune-interval\=86400 -fmodules-prune-after\=345600 -fbuild-session-file\=/Users/hectorgarcia/Library/Developer/Xcode/DerivedData/ModuleCache.noindex/Session.modulevalidation -fmodules-validate-once-per-build-session -Wnon-modular-include-in-framework-module -Werror\=non-modular-include-in-framework-module -Wno-trigraphs -Wno-missing-field-initializers -Wno-missing-prototypes -Wno-return-type -Wno-implicit-atomic-properties -Wno-objc-interface-ivars -Wno-arc-repeated-use-of-weak -Wno-missing-braces -Wparentheses -Wswitch -Wno-unused-function -Wno-unused-label -Wno-unused-parameter -Wno-unused-variable -Wunused-value -Wno-empty-body -Wno-uninitialized -Wno-unknown-pragmas -w -Wno-shadow -Wno-four-char-constants -Wno-conversion -Wno-constant-conversion -Wno-int-conversion -Wno-bool-conversion -Wno-enum-conversion -Wno-float-conversion -Wno-non-literal-null-conversion -Wno-objc-literal-conversion -Wshorten-64-to-32 -Wpointer-sign -Wno-newline-eof -Wno-selector -Wno-strict-selector-match -Wno-undeclared-selector -Wno-deprecated-implementations -Wno-implicit-fallthrough -fstrict-aliasing -Wprotocol -Wdeprecated-declarations -Wno-sign-conversion -Wno-infinite-recursion -Wno-comma -Wno-block-capture-autoreleasing -Wno-strict-prototypes -Wno-semicolon-before-method-body -index-store-path /Users/hectorgarcia/Library/Developer/Xcode/DerivedData/Lyo-eagkiegzrakogpczynhkaholsscs/Index.noindex/DataStore @/Users/hectorgarcia/Library/Developer/Xcode/DerivedData/Build/Intermediates.noindex/Firebase.build/Debug-iphonesimulator/FirebaseAuth.build/Objects-normal/x86_64/e6072d4f65d7061329687fe24e3d63a7-common-args.resp -include /Users/hectorgarcia/Library/Developer/Xcode/DerivedData/Build/Intermediates.noindex/Firebase.build/Debug-iphonesimulator/FirebaseAuth.build/DerivedSources/resource_bundle_accessor.h -MMD -MT dependencies -MF /Users/hectorgarcia/Library/Developer/Xcode/DerivedData/Build/Intermediates.noindex/Firebase.build/Debug-iphonesimulator/FirebaseAuth.build/Objects-normal/x86_64/FIRPhoneMultiFactorGenerator.d --serialize-diagnostics /Users/hectorgarcia/Library/Developer/Xcode/DerivedData/Build/Intermediates.noindex/Firebase.build/Debug-iphonesimulator/FirebaseAuth.build/Objects-normal/x86_64/FIRPhoneMultiFactorGenerator.dia -c /Users/hectorgarcia/Library/Developer/Xcode/DerivedData/Lyo-eagkiegzrakogpczynhkaholsscs/SourcePackages/checkouts/firebase-ios-sdk/FirebaseAuth/Sources/MultiFactor/Phone/FIRPhoneMultiFactorGenerator.m -o /Users/hectorgarcia/Library/Developer/Xcode/DerivedData/Build/Intermediates.noindex/Firebase.build/Debug-iphonesimulator/FirebaseAuth.build/Objects-normal/x86_64/FIRPhoneMultiFactorGenerator.o -index-unit-output-path /Firebase.build/Debug-iphonesimulator/FirebaseAuth.build/Objects-normal/x86_64/FIRPhoneMultiFactorGenerator.o

CompileC /Users/hectorgarcia/Library/Developer/Xcode/DerivedData/Build/Intermediates.noindex/Firebase.build/Debug-iphonesimulator/FirebaseAuth.build/Objects-normal/x86_64/FIRPhoneMultiFactorInfo.o /Users/hectorgarcia/Library/Developer/Xcode/DerivedData/Lyo-eagkiegzrakogpczynhkaholsscs/SourcePackages/checkouts/firebase-ios-sdk/FirebaseAuth/Sources/MultiFactor/Phone/FIRPhoneMultiFactorInfo.m normal x86_64 objective-c com.apple.compilers.llvm.clang.1_0.compiler (in target 'FirebaseAuth' from project 'Firebase')
    cd /Users/hectorgarcia/LYO_Da_ONE/Lyo.xcodeproj
    
    Using response file: /Users/hectorgarcia/Library/Developer/Xcode/DerivedData/Build/Intermediates.noindex/Firebase.build/Debug-iphonesimulator/FirebaseAuth.build/Objects-normal/x86_64/e6072d4f65d7061329687fe24e3d63a7-common-args.resp
    
    /Users/hectorgarcia/Downloads/Xcode.app/Contents/Developer/Toolchains/XcodeDefault.xctoolchain/usr/bin/clang -x objective-c -ivfsstatcache /Users/hectorgarcia/Library/Developer/Xcode/DerivedData/SDKStatCaches.noindex/iphonesimulator26.2-23C53-823d3e8b6e60bc2018c189d3ca05ba9b.sdkstatcache -fmessage-length\=0 -fdiagnostics-show-note-include-stack -fmacro-backtrace-limit\=0 -fno-color-diagnostics -fmodules-prune-interval\=86400 -fmodules-prune-after\=345600 -fbuild-session-file\=/Users/hectorgarcia/Library/Developer/Xcode/DerivedData/ModuleCache.noindex/Session.modulevalidation -fmodules-validate-once-per-build-session -Wnon-modular-include-in-framework-module -Werror\=non-modular-include-in-framework-module -Wno-trigraphs -Wno-missing-field-initializers -Wno-missing-prototypes -Wno-return-type -Wno-implicit-atomic-properties -Wno-objc-interface-ivars -Wno-arc-repeated-use-of-weak -Wno-missing-braces -Wparentheses -Wswitch -Wno-unused-function -Wno-unused-label -Wno-unused-parameter -Wno-unused-variable -Wunused-value -Wno-empty-body -Wno-uninitialized -Wno-unknown-pragmas -w -Wno-shadow -Wno-four-char-constants -Wno-conversion -Wno-constant-conversion -Wno-int-conversion -Wno-bool-conversion -Wno-enum-conversion -Wno-float-conversion -Wno-non-literal-null-conversion -Wno-objc-literal-conversion -Wshorten-64-to-32 -Wpointer-sign -Wno-newline-eof -Wno-selector -Wno-strict-selector-match -Wno-undeclared-selector -Wno-deprecated-implementations -Wno-implicit-fallthrough -fstrict-aliasing -Wprotocol -Wdeprecated-declarations -Wno-sign-conversion -Wno-infinite-recursion -Wno-comma -Wno-block-capture-autoreleasing -Wno-strict-prototypes -Wno-semicolon-before-method-body -index-store-path /Users/hectorgarcia/Library/Developer/Xcode/DerivedData/Lyo-eagkiegzrakogpczynhkaholsscs/Index.noindex/DataStore @/Users/hectorgarcia/Library/Developer/Xcode/DerivedData/Build/Intermediates.noindex/Firebase.build/Debug-iphonesimulator/FirebaseAuth.build/Objects-normal/x86_64/e6072d4f65d7061329687fe24e3d63a7-common-args.resp -include /Users/hectorgarcia/Library/Developer/Xcode/DerivedData/Build/Intermediates.noindex/Firebase.build/Debug-iphonesimulator/FirebaseAuth.build/DerivedSources/resource_bundle_accessor.h -MMD -MT dependencies -MF /Users/hectorgarcia/Library/Developer/Xcode/DerivedData/Build/Intermediates.noindex/Firebase.build/Debug-iphonesimulator/FirebaseAuth.build/Objects-normal/x86_64/FIRPhoneMultiFactorInfo.d --serialize-diagnostics /Users/hectorgarcia/Library/Developer/Xcode/DerivedData/Build/Intermediates.noindex/Firebase.build/Debug-iphonesimulator/FirebaseAuth.build/Objects-normal/x86_64/FIRPhoneMultiFactorInfo.dia -c /Users/hectorgarcia/Library/Developer/Xcode/DerivedData/Lyo-eagkiegzrakogpczynhkaholsscs/SourcePackages/checkouts/firebase-ios-sdk/FirebaseAuth/Sources/MultiFactor/Phone/FIRPhoneMultiFactorInfo.m -o /Users/hectorgarcia/Library/Developer/Xcode/DerivedData/Build/Intermediates.noindex/Firebase.build/Debug-iphonesimulator/FirebaseAuth.build/Objects-normal/x86_64/FIRPhoneMultiFactorInfo.o -index-unit-output-path /Firebase.build/Debug-iphonesimulator/FirebaseAuth.build/Objects-normal/x86_64/FIRPhoneMultiFactorInfo.o

ScanDependencies /Users/hectorgarcia/Library/Developer/Xcode/DerivedData/Build/Intermediates.noindex/Firebase.build/Debug-iphonesimulator/FirebaseAuth.build/Objects-normal/x86_64/FIRPhoneMultiFactorAssertion.o /Users/hectorgarcia/Library/Developer/Xcode/DerivedData/Lyo-eagkiegzrakogpczynhkaholsscs/SourcePackages/checkouts/firebase-ios-sdk/FirebaseAuth/Sources/MultiFactor/Phone/FIRPhoneMultiFactorAssertion.m normal x86_64 objective-c com.apple.compilers.llvm.clang.1_0.compiler (in target 'FirebaseAuth' from project 'Firebase')
    cd /Users/hectorgarcia/LYO_Da_ONE/Lyo.xcodeproj
    
    Using response file: /Users/hectorgarcia/Library/Developer/Xcode/DerivedData/Build/Intermediates.noindex/Firebase.build/Debug-iphonesimulator/FirebaseAuth.build/Objects-normal/x86_64/e6072d4f65d7061329687fe24e3d63a7-common-args.resp
    
    builtin-ScanDependencies -o /Users/hectorgarcia/Library/Developer/Xcode/DerivedData/Build/Intermediates.noindex/Firebase.build/Debug-iphonesimulator/FirebaseAuth.build/Objects-normal/x86_64/FIRPhoneMultiFactorAssertion.o.scan -- /Users/hectorgarcia/Downloads/Xcode.app/Contents/Developer/Toolchains/XcodeDefault.xctoolchain/usr/bin/clang -x objective-c -ivfsstatcache /Users/hectorgarcia/Library/Developer/Xcode/DerivedData/SDKStatCaches.noindex/iphonesimulator26.2-23C53-823d3e8b6e60bc2018c189d3ca05ba9b.sdkstatcache -fmessage-length\=0 -fdiagnostics-show-note-include-stack -fmacro-backtrace-limit\=0 -fno-color-diagnostics -fmodules-prune-interval\=86400 -fmodules-prune-after\=345600 -fbuild-session-file\=/Users/hectorgarcia/Library/Developer/Xcode/DerivedData/ModuleCache.noindex/Session.modulevalidation -fmodules-validate-once-per-build-session -Wnon-modular-include-in-framework-module -Werror\=non-modular-include-in-framework-module -Wno-trigraphs -Wno-missing-field-initializers -Wno-missing-prototypes -Wno-return-type -Wno-implicit-atomic-properties -Wno-objc-interface-ivars -Wno-arc-repeated-use-of-weak -Wno-missing-braces -Wparentheses -Wswitch -Wno-unused-function -Wno-unused-label -Wno-unused-parameter -Wno-unused-variable -Wunused-value -Wno-empty-body -Wno-uninitialized -Wno-unknown-pragmas -w -Wno-shadow -Wno-four-char-constants -Wno-conversion -Wno-constant-conversion -Wno-int-conversion -Wno-bool-conversion -Wno-enum-conversion -Wno-float-conversion -Wno-non-literal-null-conversion -Wno-objc-literal-conversion -Wshorten-64-to-32 -Wpointer-sign -Wno-newline-eof -Wno-selector -Wno-strict-selector-match -Wno-undeclared-selector -Wno-deprecated-implementations -Wno-implicit-fallthrough -fstrict-aliasing -Wprotocol -Wdeprecated-declarations -Wno-sign-conversion -Wno-infinite-recursion -Wno-comma -Wno-block-capture-autoreleasing -Wno-strict-prototypes -Wno-semicolon-before-method-body -index-store-path /Users/hectorgarcia/Library/Developer/Xcode/DerivedData/Lyo-eagkiegzrakogpczynhkaholsscs/Index.noindex/DataStore @/Users/hectorgarcia/Library/Developer/Xcode/DerivedData/Build/Intermediates.noindex/Firebase.build/Debug-iphonesimulator/FirebaseAuth.build/Objects-normal/x86_64/e6072d4f65d7061329687fe24e3d63a7-common-args.resp -include /Users/hectorgarcia/Library/Developer/Xcode/DerivedData/Build/Intermediates.noindex/Firebase.build/Debug-iphonesimulator/FirebaseAuth.build/DerivedSources/resource_bundle_accessor.h -MMD -MT dependencies -MF /Users/hectorgarcia/Library/Developer/Xcode/DerivedData/Build/Intermediates.noindex/Firebase.build/Debug-iphonesimulator/FirebaseAuth.build/Objects-normal/x86_64/FIRPhoneMultiFactorAssertion.d --serialize-diagnostics /Users/hectorgarcia/Library/Developer/Xcode/DerivedData/Build/Intermediates.noindex/Firebase.build/Debug-iphonesimulator/FirebaseAuth.build/Objects-normal/x86_64/FIRPhoneMultiFactorAssertion.dia -c /Users/hectorgarcia/Library/Developer/Xcode/DerivedData/Lyo-eagkiegzrakogpczynhkaholsscs/SourcePackages/checkouts/firebase-ios-sdk/FirebaseAuth/Sources/MultiFactor/Phone/FIRPhoneMultiFactorAssertion.m -o /Users/hectorgarcia/Library/Developer/Xcode/DerivedData/Build/Intermediates.noindex/Firebase.build/Debug-iphonesimulator/FirebaseAuth.build/Objects-normal/x86_64/FIRPhoneMultiFactorAssertion.o -index-unit-output-path /Firebase.build/Debug-iphonesimulator/FirebaseAuth.build/Objects-normal/x86_64/FIRPhoneMultiFactorAssertion.o

ScanDependencies /Users/hectorgarcia/Library/Developer/Xcode/DerivedData/Build/Intermediates.noindex/Firebase.build/Debug-iphonesimulator/FirebaseAuth.build/Objects-normal/x86_64/FIRPhoneAuthProvider.o /Users/hectorgarcia/Library/Developer/Xcode/DerivedData/Lyo-eagkiegzrakogpczynhkaholsscs/SourcePackages/checkouts/firebase-ios-sdk/FirebaseAuth/Sources/AuthProvider/Phone/FIRPhoneAuthProvider.m normal x86_64 objective-c com.apple.compilers.llvm.clang.1_0.compiler (in target 'FirebaseAuth' from project 'Firebase')
    cd /Users/hectorgarcia/LYO_Da_ONE/Lyo.xcodeproj
    
    Using response file: /Users/hectorgarcia/Library/Developer/Xcode/DerivedData/Build/Intermediates.noindex/Firebase.build/Debug-iphonesimulator/FirebaseAuth.build/Objects-normal/x86_64/e6072d4f65d7061329687fe24e3d63a7-common-args.resp
    
    builtin-ScanDependencies -o /Users/hectorgarcia/Library/Developer/Xcode/DerivedData/Build/Intermediates.noindex/Firebase.build/Debug-iphonesimulator/FirebaseAuth.build/Objects-normal/x86_64/FIRPhoneAuthProvider.o.scan -- /Users/hectorgarcia/Downloads/Xcode.app/Contents/Developer/Toolchains/XcodeDefault.xctoolchain/usr/bin/clang -x objective-c -ivfsstatcache /Users/hectorgarcia/Library/Developer/Xcode/DerivedData/SDKStatCaches.noindex/iphonesimulator26.2-23C53-823d3e8b6e60bc2018c189d3ca05ba9b.sdkstatcache -fmessage-length\=0 -fdiagnostics-show-note-include-stack -fmacro-backtrace-limit\=0 -fno-color-diagnostics -fmodules-prune-interval\=86400 -fmodules-prune-after\=345600 -fbuild-session-file\=/Users/hectorgarcia/Library/Developer/Xcode/DerivedData/ModuleCache.noindex/Session.modulevalidation -fmodules-validate-once-per-build-session -Wnon-modular-include-in-framework-module -Werror\=non-modular-include-in-framework-module -Wno-trigraphs -Wno-missing-field-initializers -Wno-missing-prototypes -Wno-return-type -Wno-implicit-atomic-properties -Wno-objc-interface-ivars -Wno-arc-repeated-use-of-weak -Wno-missing-braces -Wparentheses -Wswitch -Wno-unused-function -Wno-unused-label -Wno-unused-parameter -Wno-unused-variable -Wunused-value -Wno-empty-body -Wno-uninitialized -Wno-unknown-pragmas -w -Wno-shadow -Wno-four-char-constants -Wno-conversion -Wno-constant-conversion -Wno-int-conversion -Wno-bool-conversion -Wno-enum-conversion -Wno-float-conversion -Wno-non-literal-null-conversion -Wno-objc-literal-conversion -Wshorten-64-to-32 -Wpointer-sign -Wno-newline-eof -Wno-selector -Wno-strict-selector-match -Wno-undeclared-selector -Wno-deprecated-implementations -Wno-implicit-fallthrough -fstrict-aliasing -Wprotocol -Wdeprecated-declarations -Wno-sign-conversion -Wno-infinite-recursion -Wno-comma -Wno-block-capture-autoreleasing -Wno-strict-prototypes -Wno-semicolon-before-method-body -index-store-path /Users/hectorgarcia/Library/Developer/Xcode/DerivedData/Lyo-eagkiegzrakogpczynhkaholsscs/Index.noindex/DataStore @/Users/hectorgarcia/Library/Developer/Xcode/DerivedData/Build/Intermediates.noindex/Firebase.build/Debug-iphonesimulator/FirebaseAuth.build/Objects-normal/x86_64/e6072d4f65d7061329687fe24e3d63a7-common-args.resp -include /Users/hectorgarcia/Library/Developer/Xcode/DerivedData/Build/Intermediates.noindex/Firebase.build/Debug-iphonesimulator/FirebaseAuth.build/DerivedSources/resource_bundle_accessor.h -MMD -MT dependencies -MF /Users/hectorgarcia/Library/Developer/Xcode/DerivedData/Build/Intermediates.noindex/Firebase.build/Debug-iphonesimulator/FirebaseAuth.build/Objects-normal/x86_64/FIRPhoneAuthProvider.d --serialize-diagnostics /Users/hectorgarcia/Library/Developer/Xcode/DerivedData/Build/Intermediates.noindex/Firebase.build/Debug-iphonesimulator/FirebaseAuth.build/Objects-normal/x86_64/FIRPhoneAuthProvider.dia -c /Users/hectorgarcia/Library/Developer/Xcode/DerivedData/Lyo-eagkiegzrakogpczynhkaholsscs/SourcePackages/checkouts/firebase-ios-sdk/FirebaseAuth/Sources/AuthProvider/Phone/FIRPhoneAuthProvider.m -o /Users/hectorgarcia/Library/Developer/Xcode/DerivedData/Build/Intermediates.noindex/Firebase.build/Debug-iphonesimulator/FirebaseAuth.build/Objects-normal/x86_64/FIRPhoneAuthProvider.o -index-unit-output-path /Firebase.build/Debug-iphonesimulator/FirebaseAuth.build/Objects-normal/x86_64/FIRPhoneAuthProvider.o

ScanDependencies /Users/hectorgarcia/Library/Developer/Xcode/DerivedData/Build/Intermediates.noindex/Firebase.build/Debug-iphonesimulator/FirebaseAuth.build/Objects-normal/x86_64/FIRPhoneAuthCredential.o /Users/hectorgarcia/Library/Developer/Xcode/DerivedData/Lyo-eagkiegzrakogpczynhkaholsscs/SourcePackages/checkouts/firebase-ios-sdk/FirebaseAuth/Sources/AuthProvider/Phone/FIRPhoneAuthCredential.m normal x86_64 objective-c com.apple.compilers.llvm.clang.1_0.compiler (in target 'FirebaseAuth' from project 'Firebase')
    cd /Users/hectorgarcia/LYO_Da_ONE/Lyo.xcodeproj
    
    Using response file: /Users/hectorgarcia/Library/Developer/Xcode/DerivedData/Build/Intermediates.noindex/Firebase.build/Debug-iphonesimulator/FirebaseAuth.build/Objects-normal/x86_64/e6072d4f65d7061329687fe24e3d63a7-common-args.resp
    
    builtin-ScanDependencies -o /Users/hectorgarcia/Library/Developer/Xcode/DerivedData/Build/Intermediates.noindex/Firebase.build/Debug-iphonesimulator/FirebaseAuth.build/Objects-normal/x86_64/FIRPhoneAuthCredential.o.scan -- /Users/hectorgarcia/Downloads/Xcode.app/Contents/Developer/Toolchains/XcodeDefault.xctoolchain/usr/bin/clang -x objective-c -ivfsstatcache /Users/hectorgarcia/Library/Developer/Xcode/DerivedData/SDKStatCaches.noindex/iphonesimulator26.2-23C53-823d3e8b6e60bc2018c189d3ca05ba9b.sdkstatcache -fmessage-length\=0 -fdiagnostics-show-note-include-stack -fmacro-backtrace-limit\=0 -fno-color-diagnostics -fmodules-prune-interval\=86400 -fmodules-prune-after\=345600 -fbuild-session-file\=/Users/hectorgarcia/Library/Developer/Xcode/DerivedData/ModuleCache.noindex/Session.modulevalidation -fmodules-validate-once-per-build-session -Wnon-modular-include-in-framework-module -Werror\=non-modular-include-in-framework-module -Wno-trigraphs -Wno-missing-field-initializers -Wno-missing-prototypes -Wno-return-type -Wno-implicit-atomic-properties -Wno-objc-interface-ivars -Wno-arc-repeated-use-of-weak -Wno-missing-braces -Wparentheses -Wswitch -Wno-unused-function -Wno-unused-label -Wno-unused-parameter -Wno-unused-variable -Wunused-value -Wno-empty-body -Wno-uninitialized -Wno-unknown-pragmas -w -Wno-shadow -Wno-four-char-constants -Wno-conversion -Wno-constant-conversion -Wno-int-conversion -Wno-bool-conversion -Wno-enum-conversion -Wno-float-conversion -Wno-non-literal-null-conversion -Wno-objc-literal-conversion -Wshorten-64-to-32 -Wpointer-sign -Wno-newline-eof -Wno-selector -Wno-strict-selector-match -Wno-undeclared-selector -Wno-deprecated-implementations -Wno-implicit-fallthrough -fstrict-aliasing -Wprotocol -Wdeprecated-declarations -Wno-sign-conversion -Wno-infinite-recursion -Wno-comma -Wno-block-capture-autoreleasing -Wno-strict-prototypes -Wno-semicolon-before-method-body -index-store-path /Users/hectorgarcia/Library/Developer/Xcode/DerivedData/Lyo-eagkiegzrakogpczynhkaholsscs/Index.noindex/DataStore @/Users/hectorgarcia/Library/Developer/Xcode/DerivedData/Build/Intermediates.noindex/Firebase.build/Debug-iphonesimulator/FirebaseAuth.build/Objects-normal/x86_64/e6072d4f65d7061329687fe24e3d63a7-common-args.resp -include /Users/hectorgarcia/Library/Developer/Xcode/DerivedData/Build/Intermediates.noindex/Firebase.build/Debug-iphonesimulator/FirebaseAuth.build/DerivedSources/resource_bundle_accessor.h -MMD -MT dependencies -MF /Users/hectorgarcia/Library/Developer/Xcode/DerivedData/Build/Intermediates.noindex/Firebase.build/Debug-iphonesimulator/FirebaseAuth.build/Objects-normal/x86_64/FIRPhoneAuthCredential.d --serialize-diagnostics /Users/hectorgarcia/Library/Developer/Xcode/DerivedData/Build/Intermediates.noindex/Firebase.build/Debug-iphonesimulator/FirebaseAuth.build/Objects-normal/x86_64/FIRPhoneAuthCredential.dia -c /Users/hectorgarcia/Library/Developer/Xcode/DerivedData/Lyo-eagkiegzrakogpczynhkaholsscs/SourcePackages/checkouts/firebase-ios-sdk/FirebaseAuth/Sources/AuthProvider/Phone/FIRPhoneAuthCredential.m -o /Users/hectorgarcia/Library/Developer/Xcode/DerivedData/Build/Intermediates.noindex/Firebase.build/Debug-iphonesimulator/FirebaseAuth.build/Objects-normal/x86_64/FIRPhoneAuthCredential.o -index-unit-output-path /Firebase.build/Debug-iphonesimulator/FirebaseAuth.build/Objects-normal/x86_64/FIRPhoneAuthCredential.o

ScanDependencies /Users/hectorgarcia/Library/Developer/Xcode/DerivedData/Build/Intermediates.noindex/Firebase.build/Debug-iphonesimulator/FirebaseAuth.build/Objects-normal/x86_64/FIROAuthProvider.o /Users/hectorgarcia/Library/Developer/Xcode/DerivedData/Lyo-eagkiegzrakogpczynhkaholsscs/SourcePackages/checkouts/firebase-ios-sdk/FirebaseAuth/Sources/AuthProvider/OAuth/FIROAuthProvider.m normal x86_64 objective-c com.apple.compilers.llvm.clang.1_0.compiler (in target 'FirebaseAuth' from project 'Firebase')
    cd /Users/hectorgarcia/LYO_Da_ONE/Lyo.xcodeproj
    
    Using response file: /Users/hectorgarcia/Library/Developer/Xcode/DerivedData/Build/Intermediates.noindex/Firebase.build/Debug-iphonesimulator/FirebaseAuth.build/Objects-normal/x86_64/e6072d4f65d7061329687fe24e3d63a7-common-args.resp
    
    builtin-ScanDependencies -o /Users/hectorgarcia/Library/Developer/Xcode/DerivedData/Build/Intermediates.noindex/Firebase.build/Debug-iphonesimulator/FirebaseAuth.build/Objects-normal/x86_64/FIROAuthProvider.o.scan -- /Users/hectorgarcia/Downloads/Xcode.app/Contents/Developer/Toolchains/XcodeDefault.xctoolchain/usr/bin/clang -x objective-c -ivfsstatcache /Users/hectorgarcia/Library/Developer/Xcode/DerivedData/SDKStatCaches.noindex/iphonesimulator26.2-23C53-823d3e8b6e60bc2018c189d3ca05ba9b.sdkstatcache -fmessage-length\=0 -fdiagnostics-show-note-include-stack -fmacro-backtrace-limit\=0 -fno-color-diagnostics -fmodules-prune-interval\=86400 -fmodules-prune-after\=345600 -fbuild-session-file\=/Users/hectorgarcia/Library/Developer/Xcode/DerivedData/ModuleCache.noindex/Session.modulevalidation -fmodules-validate-once-per-build-session -Wnon-modular-include-in-framework-module -Werror\=non-modular-include-in-framework-module -Wno-trigraphs -Wno-missing-field-initializers -Wno-missing-prototypes -Wno-return-type -Wno-implicit-atomic-properties -Wno-objc-interface-ivars -Wno-arc-repeated-use-of-weak -Wno-missing-braces -Wparentheses -Wswitch -Wno-unused-function -Wno-unused-label -Wno-unused-parameter -Wno-unused-variable -Wunused-value -Wno-empty-body -Wno-uninitialized -Wno-unknown-pragmas -w -Wno-shadow -Wno-four-char-constants -Wno-conversion -Wno-constant-conversion -Wno-int-conversion -Wno-bool-conversion -Wno-enum-conversion -Wno-float-conversion -Wno-non-literal-null-conversion -Wno-objc-literal-conversion -Wshorten-64-to-32 -Wpointer-sign -Wno-newline-eof -Wno-selector -Wno-strict-selector-match -Wno-undeclared-selector -Wno-deprecated-implementations -Wno-implicit-fallthrough -fstrict-aliasing -Wprotocol -Wdeprecated-declarations -Wno-sign-conversion -Wno-infinite-recursion -Wno-comma -Wno-block-capture-autoreleasing -Wno-strict-prototypes -Wno-semicolon-before-method-body -index-store-path /Users/hectorgarcia/Library/Developer/Xcode/DerivedData/Lyo-eagkiegzrakogpczynhkaholsscs/Index.noindex/DataStore @/Users/hectorgarcia/Library/Developer/Xcode/DerivedData/Build/Intermediates.noindex/Firebase.build/Debug-iphonesimulator/FirebaseAuth.build/Objects-normal/x86_64/e6072d4f65d7061329687fe24e3d63a7-common-args.resp -include /Users/hectorgarcia/Library/Developer/Xcode/DerivedData/Build/Intermediates.noindex/Firebase.build/Debug-iphonesimulator/FirebaseAuth.build/DerivedSources/resource_bundle_accessor.h -MMD -MT dependencies -MF /Users/hectorgarcia/Library/Developer/Xcode/DerivedData/Build/Intermediates.noindex/Firebase.build/Debug-iphonesimulator/FirebaseAuth.build/Objects-normal/x86_64/FIROAuthProvider.d --serialize-diagnostics /Users/hectorgarcia/Library/Developer/Xcode/DerivedData/Build/Intermediates.noindex/Firebase.build/Debug-iphonesimulator/FirebaseAuth.build/Objects-normal/x86_64/FIROAuthProvider.dia -c /Users/hectorgarcia/Library/Developer/Xcode/DerivedData/Lyo-eagkiegzrakogpczynhkaholsscs/SourcePackages/checkouts/firebase-ios-sdk/FirebaseAuth/Sources/AuthProvider/OAuth/FIROAuthProvider.m -o /Users/hectorgarcia/Library/Developer/Xcode/DerivedData/Build/Intermediates.noindex/Firebase.build/Debug-iphonesimulator/FirebaseAuth.build/Objects-normal/x86_64/FIROAuthProvider.o -index-unit-output-path /Firebase.build/Debug-iphonesimulator/FirebaseAuth.build/Objects-normal/x86_64/FIROAuthProvider.o

ScanDependencies /Users/hectorgarcia/Library/Developer/Xcode/DerivedData/Build/Intermediates.noindex/Firebase.build/Debug-iphonesimulator/FirebaseAuth.build/Objects-normal/x86_64/FIROAuthCredential.o /Users/hectorgarcia/Library/Developer/Xcode/DerivedData/Lyo-eagkiegzrakogpczynhkaholsscs/SourcePackages/checkouts/firebase-ios-sdk/FirebaseAuth/Sources/AuthProvider/OAuth/FIROAuthCredential.m normal x86_64 objective-c com.apple.compilers.llvm.clang.1_0.compiler (in target 'FirebaseAuth' from project 'Firebase')
    cd /Users/hectorgarcia/LYO_Da_ONE/Lyo.xcodeproj
    
    Using response file: /Users/hectorgarcia/Library/Developer/Xcode/DerivedData/Build/Intermediates.noindex/Firebase.build/Debug-iphonesimulator/FirebaseAuth.build/Objects-normal/x86_64/e6072d4f65d7061329687fe24e3d63a7-common-args.resp
    
    builtin-ScanDependencies -o /Users/hectorgarcia/Library/Developer/Xcode/DerivedData/Build/Intermediates.noindex/Firebase.build/Debug-iphonesimulator/FirebaseAuth.build/Objects-normal/x86_64/FIROAuthCredential.o.scan -- /Users/hectorgarcia/Downloads/Xcode.app/Contents/Developer/Toolchains/XcodeDefault.xctoolchain/usr/bin/clang -x objective-c -ivfsstatcache /Users/hectorgarcia/Library/Developer/Xcode/DerivedData/SDKStatCaches.noindex/iphonesimulator26.2-23C53-823d3e8b6e60bc2018c189d3ca05ba9b.sdkstatcache -fmessage-length\=0 -fdiagnostics-show-note-include-stack -fmacro-backtrace-limit\=0 -fno-color-diagnostics -fmodules-prune-interval\=86400 -fmodules-prune-after\=345600 -fbuild-session-file\=/Users/hectorgarcia/Library/Developer/Xcode/DerivedData/ModuleCache.noindex/Session.modulevalidation -fmodules-validate-once-per-build-session -Wnon-modular-include-in-framework-module -Werror\=non-modular-include-in-framework-module -Wno-trigraphs -Wno-missing-field-initializers -Wno-missing-prototypes -Wno-return-type -Wno-implicit-atomic-properties -Wno-objc-interface-ivars -Wno-arc-repeated-use-of-weak -Wno-missing-braces -Wparentheses -Wswitch -Wno-unused-function -Wno-unused-label -Wno-unused-parameter -Wno-unused-variable -Wunused-value -Wno-empty-body -Wno-uninitialized -Wno-unknown-pragmas -w -Wno-shadow -Wno-four-char-constants -Wno-conversion -Wno-constant-conversion -Wno-int-conversion -Wno-bool-conversion -Wno-enum-conversion -Wno-float-conversion -Wno-non-literal-null-conversion -Wno-objc-literal-conversion -Wshorten-64-to-32 -Wpointer-sign -Wno-newline-eof -Wno-selector -Wno-strict-selector-match -Wno-undeclared-selector -Wno-deprecated-implementations -Wno-implicit-fallthrough -fstrict-aliasing -Wprotocol -Wdeprecated-declarations -Wno-sign-conversion -Wno-infinite-recursion -Wno-comma -Wno-block-capture-autoreleasing -Wno-strict-prototypes -Wno-semicolon-before-method-body -index-store-path /Users/hectorgarcia/Library/Developer/Xcode/DerivedData/Lyo-eagkiegzrakogpczynhkaholsscs/Index.noindex/DataStore @/Users/hectorgarcia/Library/Developer/Xcode/DerivedData/Build/Intermediates.noindex/Firebase.build/Debug-iphonesimulator/FirebaseAuth.build/Objects-normal/x86_64/e6072d4f65d7061329687fe24e3d63a7-common-args.resp -include /Users/hectorgarcia/Library/Developer/Xcode/DerivedData/Build/Intermediates.noindex/Firebase.build/Debug-iphonesimulator/FirebaseAuth.build/DerivedSources/resource_bundle_accessor.h -MMD -MT dependencies -MF /Users/hectorgarcia/Library/Developer/Xcode/DerivedData/Build/Intermediates.noindex/Firebase.build/Debug-iphonesimulator/FirebaseAuth.build/Objects-normal/x86_64/FIROAuthCredential.d --serialize-diagnostics /Users/hectorgarcia/Library/Developer/Xcode/DerivedData/Build/Intermediates.noindex/Firebase.build/Debug-iphonesimulator/FirebaseAuth.build/Objects-normal/x86_64/FIROAuthCredential.dia -c /Users/hectorgarcia/Library/Developer/Xcode/DerivedData/Lyo-eagkiegzrakogpczynhkaholsscs/SourcePackages/checkouts/firebase-ios-sdk/FirebaseAuth/Sources/AuthProvider/OAuth/FIROAuthCredential.m -o /Users/hectorgarcia/Library/Developer/Xcode/DerivedData/Build/Intermediates.noindex/Firebase.build/Debug-iphonesimulator/FirebaseAuth.build/Objects-normal/x86_64/FIROAuthCredential.o -index-unit-output-path /Firebase.build/Debug-iphonesimulator/FirebaseAuth.build/Objects-normal/x86_64/FIROAuthCredential.o

CompileC /Users/hectorgarcia/Library/Developer/Xcode/DerivedData/Build/Intermediates.noindex/Firebase.build/Debug-iphonesimulator/FirebaseAuth.build/Objects-normal/x86_64/FIRPhoneMultiFactorAssertion.o /Users/hectorgarcia/Library/Developer/Xcode/DerivedData/Lyo-eagkiegzrakogpczynhkaholsscs/SourcePackages/checkouts/firebase-ios-sdk/FirebaseAuth/Sources/MultiFactor/Phone/FIRPhoneMultiFactorAssertion.m normal x86_64 objective-c com.apple.compilers.llvm.clang.1_0.compiler (in target 'FirebaseAuth' from project 'Firebase')
    cd /Users/hectorgarcia/LYO_Da_ONE/Lyo.xcodeproj
    
    Using response file: /Users/hectorgarcia/Library/Developer/Xcode/DerivedData/Build/Intermediates.noindex/Firebase.build/Debug-iphonesimulator/FirebaseAuth.build/Objects-normal/x86_64/e6072d4f65d7061329687fe24e3d63a7-common-args.resp
    
    /Users/hectorgarcia/Downloads/Xcode.app/Contents/Developer/Toolchains/XcodeDefault.xctoolchain/usr/bin/clang -x objective-c -ivfsstatcache /Users/hectorgarcia/Library/Developer/Xcode/DerivedData/SDKStatCaches.noindex/iphonesimulator26.2-23C53-823d3e8b6e60bc2018c189d3ca05ba9b.sdkstatcache -fmessage-length\=0 -fdiagnostics-show-note-include-stack -fmacro-backtrace-limit\=0 -fno-color-diagnostics -fmodules-prune-interval\=86400 -fmodules-prune-after\=345600 -fbuild-session-file\=/Users/hectorgarcia/Library/Developer/Xcode/DerivedData/ModuleCache.noindex/Session.modulevalidation -fmodules-validate-once-per-build-session -Wnon-modular-include-in-framework-module -Werror\=non-modular-include-in-framework-module -Wno-trigraphs -Wno-missing-field-initializers -Wno-missing-prototypes -Wno-return-type -Wno-implicit-atomic-properties -Wno-objc-interface-ivars -Wno-arc-repeated-use-of-weak -Wno-missing-braces -Wparentheses -Wswitch -Wno-unused-function -Wno-unused-label -Wno-unused-parameter -Wno-unused-variable -Wunused-value -Wno-empty-body -Wno-uninitialized -Wno-unknown-pragmas -w -Wno-shadow -Wno-four-char-constants -Wno-conversion -Wno-constant-conversion -Wno-int-conversion -Wno-bool-conversion -Wno-enum-conversion -Wno-float-conversion -Wno-non-literal-null-conversion -Wno-objc-literal-conversion -Wshorten-64-to-32 -Wpointer-sign -Wno-newline-eof -Wno-selector -Wno-strict-selector-match -Wno-undeclared-selector -Wno-deprecated-implementations -Wno-implicit-fallthrough -fstrict-aliasing -Wprotocol -Wdeprecated-declarations -Wno-sign-conversion -Wno-infinite-recursion -Wno-comma -Wno-block-capture-autoreleasing -Wno-strict-prototypes -Wno-semicolon-before-method-body -index-store-path /Users/hectorgarcia/Library/Developer/Xcode/DerivedData/Lyo-eagkiegzrakogpczynhkaholsscs/Index.noindex/DataStore @/Users/hectorgarcia/Library/Developer/Xcode/DerivedData/Build/Intermediates.noindex/Firebase.build/Debug-iphonesimulator/FirebaseAuth.build/Objects-normal/x86_64/e6072d4f65d7061329687fe24e3d63a7-common-args.resp -include /Users/hectorgarcia/Library/Developer/Xcode/DerivedData/Build/Intermediates.noindex/Firebase.build/Debug-iphonesimulator/FirebaseAuth.build/DerivedSources/resource_bundle_accessor.h -MMD -MT dependencies -MF /Users/hectorgarcia/Library/Developer/Xcode/DerivedData/Build/Intermediates.noindex/Firebase.build/Debug-iphonesimulator/FirebaseAuth.build/Objects-normal/x86_64/FIRPhoneMultiFactorAssertion.d --serialize-diagnostics /Users/hectorgarcia/Library/Developer/Xcode/DerivedData/Build/Intermediates.noindex/Firebase.build/Debug-iphonesimulator/FirebaseAuth.build/Objects-normal/x86_64/FIRPhoneMultiFactorAssertion.dia -c /Users/hectorgarcia/Library/Developer/Xcode/DerivedData/Lyo-eagkiegzrakogpczynhkaholsscs/SourcePackages/checkouts/firebase-ios-sdk/FirebaseAuth/Sources/MultiFactor/Phone/FIRPhoneMultiFactorAssertion.m -o /Users/hectorgarcia/Library/Developer/Xcode/DerivedData/Build/Intermediates.noindex/Firebase.build/Debug-iphonesimulator/FirebaseAuth.build/Objects-normal/x86_64/FIRPhoneMultiFactorAssertion.o -index-unit-output-path /Firebase.build/Debug-iphonesimulator/FirebaseAuth.build/Objects-normal/x86_64/FIRPhoneMultiFactorAssertion.o

CompileC /Users/hectorgarcia/Library/Developer/Xcode/DerivedData/Build/Intermediates.noindex/Firebase.build/Debug-iphonesimulator/FirebaseAuth.build/Objects-normal/x86_64/FIRPhoneAuthCredential.o /Users/hectorgarcia/Library/Developer/Xcode/DerivedData/Lyo-eagkiegzrakogpczynhkaholsscs/SourcePackages/checkouts/firebase-ios-sdk/FirebaseAuth/Sources/AuthProvider/Phone/FIRPhoneAuthCredential.m normal x86_64 objective-c com.apple.compilers.llvm.clang.1_0.compiler (in target 'FirebaseAuth' from project 'Firebase')
    cd /Users/hectorgarcia/LYO_Da_ONE/Lyo.xcodeproj
    
    Using response file: /Users/hectorgarcia/Library/Developer/Xcode/DerivedData/Build/Intermediates.noindex/Firebase.build/Debug-iphonesimulator/FirebaseAuth.build/Objects-normal/x86_64/e6072d4f65d7061329687fe24e3d63a7-common-args.resp
    
    /Users/hectorgarcia/Downloads/Xcode.app/Contents/Developer/Toolchains/XcodeDefault.xctoolchain/usr/bin/clang -x objective-c -ivfsstatcache /Users/hectorgarcia/Library/Developer/Xcode/DerivedData/SDKStatCaches.noindex/iphonesimulator26.2-23C53-823d3e8b6e60bc2018c189d3ca05ba9b.sdkstatcache -fmessage-length\=0 -fdiagnostics-show-note-include-stack -fmacro-backtrace-limit\=0 -fno-color-diagnostics -fmodules-prune-interval\=86400 -fmodules-prune-after\=345600 -fbuild-session-file\=/Users/hectorgarcia/Library/Developer/Xcode/DerivedData/ModuleCache.noindex/Session.modulevalidation -fmodules-validate-once-per-build-session -Wnon-modular-include-in-framework-module -Werror\=non-modular-include-in-framework-module -Wno-trigraphs -Wno-missing-field-initializers -Wno-missing-prototypes -Wno-return-type -Wno-implicit-atomic-properties -Wno-objc-interface-ivars -Wno-arc-repeated-use-of-weak -Wno-missing-braces -Wparentheses -Wswitch -Wno-unused-function -Wno-unused-label -Wno-unused-parameter -Wno-unused-variable -Wunused-value -Wno-empty-body -Wno-uninitialized -Wno-unknown-pragmas -w -Wno-shadow -Wno-four-char-constants -Wno-conversion -Wno-constant-conversion -Wno-int-conversion -Wno-bool-conversion -Wno-enum-conversion -Wno-float-conversion -Wno-non-literal-null-conversion -Wno-objc-literal-conversion -Wshorten-64-to-32 -Wpointer-sign -Wno-newline-eof -Wno-selector -Wno-strict-selector-match -Wno-undeclared-selector -Wno-deprecated-implementations -Wno-implicit-fallthrough -fstrict-aliasing -Wprotocol -Wdeprecated-declarations -Wno-sign-conversion -Wno-infinite-recursion -Wno-comma -Wno-block-capture-autoreleasing -Wno-strict-prototypes -Wno-semicolon-before-method-body -index-store-path /Users/hectorgarcia/Library/Developer/Xcode/DerivedData/Lyo-eagkiegzrakogpczynhkaholsscs/Index.noindex/DataStore @/Users/hectorgarcia/Library/Developer/Xcode/DerivedData/Build/Intermediates.noindex/Firebase.build/Debug-iphonesimulator/FirebaseAuth.build/Objects-normal/x86_64/e6072d4f65d7061329687fe24e3d63a7-common-args.resp -include /Users/hectorgarcia/Library/Developer/Xcode/DerivedData/Build/Intermediates.noindex/Firebase.build/Debug-iphonesimulator/FirebaseAuth.build/DerivedSources/resource_bundle_accessor.h -MMD -MT dependencies -MF /Users/hectorgarcia/Library/Developer/Xcode/DerivedData/Build/Intermediates.noindex/Firebase.build/Debug-iphonesimulator/FirebaseAuth.build/Objects-normal/x86_64/FIRPhoneAuthCredential.d --serialize-diagnostics /Users/hectorgarcia/Library/Developer/Xcode/DerivedData/Build/Intermediates.noindex/Firebase.build/Debug-iphonesimulator/FirebaseAuth.build/Objects-normal/x86_64/FIRPhoneAuthCredential.dia -c /Users/hectorgarcia/Library/Developer/Xcode/DerivedData/Lyo-eagkiegzrakogpczynhkaholsscs/SourcePackages/checkouts/firebase-ios-sdk/FirebaseAuth/Sources/AuthProvider/Phone/FIRPhoneAuthCredential.m -o /Users/hectorgarcia/Library/Developer/Xcode/DerivedData/Build/Intermediates.noindex/Firebase.build/Debug-iphonesimulator/FirebaseAuth.build/Objects-normal/x86_64/FIRPhoneAuthCredential.o -index-unit-output-path /Firebase.build/Debug-iphonesimulator/FirebaseAuth.build/Objects-normal/x86_64/FIRPhoneAuthCredential.o

CompileC /Users/hectorgarcia/Library/Developer/Xcode/DerivedData/Build/Intermediates.noindex/Firebase.build/Debug-iphonesimulator/FirebaseAuth.build/Objects-normal/x86_64/FIROAuthCredential.o /Users/hectorgarcia/Library/Developer/Xcode/DerivedData/Lyo-eagkiegzrakogpczynhkaholsscs/SourcePackages/checkouts/firebase-ios-sdk/FirebaseAuth/Sources/AuthProvider/OAuth/FIROAuthCredential.m normal x86_64 objective-c com.apple.compilers.llvm.clang.1_0.compiler (in target 'FirebaseAuth' from project 'Firebase')
    cd /Users/hectorgarcia/LYO_Da_ONE/Lyo.xcodeproj
    
    Using response file: /Users/hectorgarcia/Library/Developer/Xcode/DerivedData/Build/Intermediates.noindex/Firebase.build/Debug-iphonesimulator/FirebaseAuth.build/Objects-normal/x86_64/e6072d4f65d7061329687fe24e3d63a7-common-args.resp
    
    /Users/hectorgarcia/Downloads/Xcode.app/Contents/Developer/Toolchains/XcodeDefault.xctoolchain/usr/bin/clang -x objective-c -ivfsstatcache /Users/hectorgarcia/Library/Developer/Xcode/DerivedData/SDKStatCaches.noindex/iphonesimulator26.2-23C53-823d3e8b6e60bc2018c189d3ca05ba9b.sdkstatcache -fmessage-length\=0 -fdiagnostics-show-note-include-stack -fmacro-backtrace-limit\=0 -fno-color-diagnostics -fmodules-prune-interval\=86400 -fmodules-prune-after\=345600 -fbuild-session-file\=/Users/hectorgarcia/Library/Developer/Xcode/DerivedData/ModuleCache.noindex/Session.modulevalidation -fmodules-validate-once-per-build-session -Wnon-modular-include-in-framework-module -Werror\=non-modular-include-in-framework-module -Wno-trigraphs -Wno-missing-field-initializers -Wno-missing-prototypes -Wno-return-type -Wno-implicit-atomic-properties -Wno-objc-interface-ivars -Wno-arc-repeated-use-of-weak -Wno-missing-braces -Wparentheses -Wswitch -Wno-unused-function -Wno-unused-label -Wno-unused-parameter -Wno-unused-variable -Wunused-value -Wno-empty-body -Wno-uninitialized -Wno-unknown-pragmas -w -Wno-shadow -Wno-four-char-constants -Wno-conversion -Wno-constant-conversion -Wno-int-conversion -Wno-bool-conversion -Wno-enum-conversion -Wno-float-conversion -Wno-non-literal-null-conversion -Wno-objc-literal-conversion -Wshorten-64-to-32 -Wpointer-sign -Wno-newline-eof -Wno-selector -Wno-strict-selector-match -Wno-undeclared-selector -Wno-deprecated-implementations -Wno-implicit-fallthrough -fstrict-aliasing -Wprotocol -Wdeprecated-declarations -Wno-sign-conversion -Wno-infinite-recursion -Wno-comma -Wno-block-capture-autoreleasing -Wno-strict-prototypes -Wno-semicolon-before-method-body -index-store-path /Users/hectorgarcia/Library/Developer/Xcode/DerivedData/Lyo-eagkiegzrakogpczynhkaholsscs/Index.noindex/DataStore @/Users/hectorgarcia/Library/Developer/Xcode/DerivedData/Build/Intermediates.noindex/Firebase.build/Debug-iphonesimulator/FirebaseAuth.build/Objects-normal/x86_64/e6072d4f65d7061329687fe24e3d63a7-common-args.resp -include /Users/hectorgarcia/Library/Developer/Xcode/DerivedData/Build/Intermediates.noindex/Firebase.build/Debug-iphonesimulator/FirebaseAuth.build/DerivedSources/resource_bundle_accessor.h -MMD -MT dependencies -MF /Users/hectorgarcia/Library/Developer/Xcode/DerivedData/Build/Intermediates.noindex/Firebase.build/Debug-iphonesimulator/FirebaseAuth.build/Objects-normal/x86_64/FIROAuthCredential.d --serialize-diagnostics /Users/hectorgarcia/Library/Developer/Xcode/DerivedData/Build/Intermediates.noindex/Firebase.build/Debug-iphonesimulator/FirebaseAuth.build/Objects-normal/x86_64/FIROAuthCredential.dia -c /Users/hectorgarcia/Library/Developer/Xcode/DerivedData/Lyo-eagkiegzrakogpczynhkaholsscs/SourcePackages/checkouts/firebase-ios-sdk/FirebaseAuth/Sources/AuthProvider/OAuth/FIROAuthCredential.m -o /Users/hectorgarcia/Library/Developer/Xcode/DerivedData/Build/Intermediates.noindex/Firebase.build/Debug-iphonesimulator/FirebaseAuth.build/Objects-normal/x86_64/FIROAuthCredential.o -index-unit-output-path /Firebase.build/Debug-iphonesimulator/FirebaseAuth.build/Objects-normal/x86_64/FIROAuthCredential.o

PrecompileModule /Users/hectorgarcia/Library/Developer/Xcode/DerivedData/Build/Intermediates.noindex/ExplicitPrecompiledModules/Foundation-2K6ZBOJ6L8FIOFODDUEB5419T.scan
    cd /
    builtin-precompileModule /Users/hectorgarcia/Library/Developer/Xcode/DerivedData/Build/Intermediates.noindex/ExplicitPrecompiledModules/Foundation-2K6ZBOJ6L8FIOFODDUEB5419T.scan

PrecompileModule /Users/hectorgarcia/Library/Developer/Xcode/DerivedData/Build/Intermediates.noindex/ExplicitPrecompiledModules/ImageIO-73Y2BM7LMSUVG7ZH0JLKE0QKY.scan
    cd /
    builtin-precompileModule /Users/hectorgarcia/Library/Developer/Xcode/DerivedData/Build/Intermediates.noindex/ExplicitPrecompiledModules/ImageIO-73Y2BM7LMSUVG7ZH0JLKE0QKY.scan

CompileC /Users/hectorgarcia/Library/Developer/Xcode/DerivedData/Build/Intermediates.noindex/Firebase.build/Debug-iphonesimulator/FirebaseAuth.build/Objects-normal/x86_64/FIROAuthProvider.o /Users/hectorgarcia/Library/Developer/Xcode/DerivedData/Lyo-eagkiegzrakogpczynhkaholsscs/SourcePackages/checkouts/firebase-ios-sdk/FirebaseAuth/Sources/AuthProvider/OAuth/FIROAuthProvider.m normal x86_64 objective-c com.apple.compilers.llvm.clang.1_0.compiler (in target 'FirebaseAuth' from project 'Firebase')
    cd /Users/hectorgarcia/LYO_Da_ONE/Lyo.xcodeproj
    
    Using response file: /Users/hectorgarcia/Library/Developer/Xcode/DerivedData/Build/Intermediates.noindex/Firebase.build/Debug-iphonesimulator/FirebaseAuth.build/Objects-normal/x86_64/e6072d4f65d7061329687fe24e3d63a7-common-args.resp
    
    /Users/hectorgarcia/Downloads/Xcode.app/Contents/Developer/Toolchains/XcodeDefault.xctoolchain/usr/bin/clang -x objective-c -ivfsstatcache /Users/hectorgarcia/Library/Developer/Xcode/DerivedData/SDKStatCaches.noindex/iphonesimulator26.2-23C53-823d3e8b6e60bc2018c189d3ca05ba9b.sdkstatcache -fmessage-length\=0 -fdiagnostics-show-note-include-stack -fmacro-backtrace-limit\=0 -fno-color-diagnostics -fmodules-prune-interval\=86400 -fmodules-prune-after\=345600 -fbuild-session-file\=/Users/hectorgarcia/Library/Developer/Xcode/DerivedData/ModuleCache.noindex/Session.modulevalidation -fmodules-validate-once-per-build-session -Wnon-modular-include-in-framework-module -Werror\=non-modular-include-in-framework-module -Wno-trigraphs -Wno-missing-field-initializers -Wno-missing-prototypes -Wno-return-type -Wno-implicit-atomic-properties -Wno-objc-interface-ivars -Wno-arc-repeated-use-of-weak -Wno-missing-braces -Wparentheses -Wswitch -Wno-unused-function -Wno-unused-label -Wno-unused-parameter -Wno-unused-variable -Wunused-value -Wno-empty-body -Wno-uninitialized -Wno-unknown-pragmas -w -Wno-shadow -Wno-four-char-constants -Wno-conversion -Wno-constant-conversion -Wno-int-conversion -Wno-bool-conversion -Wno-enum-conversion -Wno-float-conversion -Wno-non-literal-null-conversion -Wno-objc-literal-conversion -Wshorten-64-to-32 -Wpointer-sign -Wno-newline-eof -Wno-selector -Wno-strict-selector-match -Wno-undeclared-selector -Wno-deprecated-implementations -Wno-implicit-fallthrough -fstrict-aliasing -Wprotocol -Wdeprecated-declarations -Wno-sign-conversion -Wno-infinite-recursion -Wno-comma -Wno-block-capture-autoreleasing -Wno-strict-prototypes -Wno-semicolon-before-method-body -index-store-path /Users/hectorgarcia/Library/Developer/Xcode/DerivedData/Lyo-eagkiegzrakogpczynhkaholsscs/Index.noindex/DataStore @/Users/hectorgarcia/Library/Developer/Xcode/DerivedData/Build/Intermediates.noindex/Firebase.build/Debug-iphonesimulator/FirebaseAuth.build/Objects-normal/x86_64/e6072d4f65d7061329687fe24e3d63a7-common-args.resp -include /Users/hectorgarcia/Library/Developer/Xcode/DerivedData/Build/Intermediates.noindex/Firebase.build/Debug-iphonesimulator/FirebaseAuth.build/DerivedSources/resource_bundle_accessor.h -MMD -MT dependencies -MF /Users/hectorgarcia/Library/Developer/Xcode/DerivedData/Build/Intermediates.noindex/Firebase.build/Debug-iphonesimulator/FirebaseAuth.build/Objects-normal/x86_64/FIROAuthProvider.d --serialize-diagnostics /Users/hectorgarcia/Library/Developer/Xcode/DerivedData/Build/Intermediates.noindex/Firebase.build/Debug-iphonesimulator/FirebaseAuth.build/Objects-normal/x86_64/FIROAuthProvider.dia -c /Users/hectorgarcia/Library/Developer/Xcode/DerivedData/Lyo-eagkiegzrakogpczynhkaholsscs/SourcePackages/checkouts/firebase-ios-sdk/FirebaseAuth/Sources/AuthProvider/OAuth/FIROAuthProvider.m -o /Users/hectorgarcia/Library/Developer/Xcode/DerivedData/Build/Intermediates.noindex/Firebase.build/Debug-iphonesimulator/FirebaseAuth.build/Objects-normal/x86_64/FIROAuthProvider.o -index-unit-output-path /Firebase.build/Debug-iphonesimulator/FirebaseAuth.build/Objects-normal/x86_64/FIROAuthProvider.o

CompileC /Users/hectorgarcia/Library/Developer/Xcode/DerivedData/Build/Intermediates.noindex/Firebase.build/Debug-iphonesimulator/FirebaseAuth.build/Objects-normal/x86_64/FIRPhoneAuthProvider.o /Users/hectorgarcia/Library/Developer/Xcode/DerivedData/Lyo-eagkiegzrakogpczynhkaholsscs/SourcePackages/checkouts/firebase-ios-sdk/FirebaseAuth/Sources/AuthProvider/Phone/FIRPhoneAuthProvider.m normal x86_64 objective-c com.apple.compilers.llvm.clang.1_0.compiler (in target 'FirebaseAuth' from project 'Firebase')
    cd /Users/hectorgarcia/LYO_Da_ONE/Lyo.xcodeproj
    
    Using response file: /Users/hectorgarcia/Library/Developer/Xcode/DerivedData/Build/Intermediates.noindex/Firebase.build/Debug-iphonesimulator/FirebaseAuth.build/Objects-normal/x86_64/e6072d4f65d7061329687fe24e3d63a7-common-args.resp
    
    /Users/hectorgarcia/Downloads/Xcode.app/Contents/Developer/Toolchains/XcodeDefault.xctoolchain/usr/bin/clang -x objective-c -ivfsstatcache /Users/hectorgarcia/Library/Developer/Xcode/DerivedData/SDKStatCaches.noindex/iphonesimulator26.2-23C53-823d3e8b6e60bc2018c189d3ca05ba9b.sdkstatcache -fmessage-length\=0 -fdiagnostics-show-note-include-stack -fmacro-backtrace-limit\=0 -fno-color-diagnostics -fmodules-prune-interval\=86400 -fmodules-prune-after\=345600 -fbuild-session-file\=/Users/hectorgarcia/Library/Developer/Xcode/DerivedData/ModuleCache.noindex/Session.modulevalidation -fmodules-validate-once-per-build-session -Wnon-modular-include-in-framework-module -Werror\=non-modular-include-in-framework-module -Wno-trigraphs -Wno-missing-field-initializers -Wno-missing-prototypes -Wno-return-type -Wno-implicit-atomic-properties -Wno-objc-interface-ivars -Wno-arc-repeated-use-of-weak -Wno-missing-braces -Wparentheses -Wswitch -Wno-unused-function -Wno-unused-label -Wno-unused-parameter -Wno-unused-variable -Wunused-value -Wno-empty-body -Wno-uninitialized -Wno-unknown-pragmas -w -Wno-shadow -Wno-four-char-constants -Wno-conversion -Wno-constant-conversion -Wno-int-conversion -Wno-bool-conversion -Wno-enum-conversion -Wno-float-conversion -Wno-non-literal-null-conversion -Wno-objc-literal-conversion -Wshorten-64-to-32 -Wpointer-sign -Wno-newline-eof -Wno-selector -Wno-strict-selector-match -Wno-undeclared-selector -Wno-deprecated-implementations -Wno-implicit-fallthrough -fstrict-aliasing -Wprotocol -Wdeprecated-declarations -Wno-sign-conversion -Wno-infinite-recursion -Wno-comma -Wno-block-capture-autoreleasing -Wno-strict-prototypes -Wno-semicolon-before-method-body -index-store-path /Users/hectorgarcia/Library/Developer/Xcode/DerivedData/Lyo-eagkiegzrakogpczynhkaholsscs/Index.noindex/DataStore @/Users/hectorgarcia/Library/Developer/Xcode/DerivedData/Build/Intermediates.noindex/Firebase.build/Debug-iphonesimulator/FirebaseAuth.build/Objects-normal/x86_64/e6072d4f65d7061329687fe24e3d63a7-common-args.resp -include /Users/hectorgarcia/Library/Developer/Xcode/DerivedData/Build/Intermediates.noindex/Firebase.build/Debug-iphonesimulator/FirebaseAuth.build/DerivedSources/resource_bundle_accessor.h -MMD -MT dependencies -MF /Users/hectorgarcia/Library/Developer/Xcode/DerivedData/Build/Intermediates.noindex/Firebase.build/Debug-iphonesimulator/FirebaseAuth.build/Objects-normal/x86_64/FIRPhoneAuthProvider.d --serialize-diagnostics /Users/hectorgarcia/Library/Developer/Xcode/DerivedData/Build/Intermediates.noindex/Firebase.build/Debug-iphonesimulator/FirebaseAuth.build/Objects-normal/x86_64/FIRPhoneAuthProvider.dia -c /Users/hectorgarcia/Library/Developer/Xcode/DerivedData/Lyo-eagkiegzrakogpczynhkaholsscs/SourcePackages/checkouts/firebase-ios-sdk/FirebaseAuth/Sources/AuthProvider/Phone/FIRPhoneAuthProvider.m -o /Users/hectorgarcia/Library/Developer/Xcode/DerivedData/Build/Intermediates.noindex/Firebase.build/Debug-iphonesimulator/FirebaseAuth.build/Objects-normal/x86_64/FIRPhoneAuthProvider.o -index-unit-output-path /Firebase.build/Debug-iphonesimulator/FirebaseAuth.build/Objects-normal/x86_64/FIRPhoneAuthProvider.o

PrecompileModule /Users/hectorgarcia/Library/Developer/Xcode/DerivedData/Build/Intermediates.noindex/ExplicitPrecompiledModules/CoreText-3TO4N77SMH9DFQL1W4LX9K4G3.scan
    cd /
    builtin-precompileModule /Users/hectorgarcia/Library/Developer/Xcode/DerivedData/Build/Intermediates.noindex/ExplicitPrecompiledModules/CoreText-3TO4N77SMH9DFQL1W4LX9K4G3.scan

ScanDependencies /Users/hectorgarcia/Library/Developer/Xcode/DerivedData/Build/Intermediates.noindex/Firebase.build/Debug-iphonesimulator/FirebaseAuth.build/Objects-normal/x86_64/FIRMultiFactorSession.o /Users/hectorgarcia/Library/Developer/Xcode/DerivedData/Lyo-eagkiegzrakogpczynhkaholsscs/SourcePackages/checkouts/firebase-ios-sdk/FirebaseAuth/Sources/MultiFactor/FIRMultiFactorSession.m normal x86_64 objective-c com.apple.compilers.llvm.clang.1_0.compiler (in target 'FirebaseAuth' from project 'Firebase')
    cd /Users/hectorgarcia/LYO_Da_ONE/Lyo.xcodeproj
    
    Using response file: /Users/hectorgarcia/Library/Developer/Xcode/DerivedData/Build/Intermediates.noindex/Firebase.build/Debug-iphonesimulator/FirebaseAuth.build/Objects-normal/x86_64/e6072d4f65d7061329687fe24e3d63a7-common-args.resp
    
    builtin-ScanDependencies -o /Users/hectorgarcia/Library/Developer/Xcode/DerivedData/Build/Intermediates.noindex/Firebase.build/Debug-iphonesimulator/FirebaseAuth.build/Objects-normal/x86_64/FIRMultiFactorSession.o.scan -- /Users/hectorgarcia/Downloads/Xcode.app/Contents/Developer/Toolchains/XcodeDefault.xctoolchain/usr/bin/clang -x objective-c -ivfsstatcache /Users/hectorgarcia/Library/Developer/Xcode/DerivedData/SDKStatCaches.noindex/iphonesimulator26.2-23C53-823d3e8b6e60bc2018c189d3ca05ba9b.sdkstatcache -fmessage-length\=0 -fdiagnostics-show-note-include-stack -fmacro-backtrace-limit\=0 -fno-color-diagnostics -fmodules-prune-interval\=86400 -fmodules-prune-after\=345600 -fbuild-session-file\=/Users/hectorgarcia/Library/Developer/Xcode/DerivedData/ModuleCache.noindex/Session.modulevalidation -fmodules-validate-once-per-build-session -Wnon-modular-include-in-framework-module -Werror\=non-modular-include-in-framework-module -Wno-trigraphs -Wno-missing-field-initializers -Wno-missing-prototypes -Wno-return-type -Wno-implicit-atomic-properties -Wno-objc-interface-ivars -Wno-arc-repeated-use-of-weak -Wno-missing-braces -Wparentheses -Wswitch -Wno-unused-function -Wno-unused-label -Wno-unused-parameter -Wno-unused-variable -Wunused-value -Wno-empty-body -Wno-uninitialized -Wno-unknown-pragmas -w -Wno-shadow -Wno-four-char-constants -Wno-conversion -Wno-constant-conversion -Wno-int-conversion -Wno-bool-conversion -Wno-enum-conversion -Wno-float-conversion -Wno-non-literal-null-conversion -Wno-objc-literal-conversion -Wshorten-64-to-32 -Wpointer-sign -Wno-newline-eof -Wno-selector -Wno-strict-selector-match -Wno-undeclared-selector -Wno-deprecated-implementations -Wno-implicit-fallthrough -fstrict-aliasing -Wprotocol -Wdeprecated-declarations -Wno-sign-conversion -Wno-infinite-recursion -Wno-comma -Wno-block-capture-autoreleasing -Wno-strict-prototypes -Wno-semicolon-before-method-body -index-store-path /Users/hectorgarcia/Library/Developer/Xcode/DerivedData/Lyo-eagkiegzrakogpczynhkaholsscs/Index.noindex/DataStore @/Users/hectorgarcia/Library/Developer/Xcode/DerivedData/Build/Intermediates.noindex/Firebase.build/Debug-iphonesimulator/FirebaseAuth.build/Objects-normal/x86_64/e6072d4f65d7061329687fe24e3d63a7-common-args.resp -include /Users/hectorgarcia/Library/Developer/Xcode/DerivedData/Build/Intermediates.noindex/Firebase.build/Debug-iphonesimulator/FirebaseAuth.build/DerivedSources/resource_bundle_accessor.h -MMD -MT dependencies -MF /Users/hectorgarcia/Library/Developer/Xcode/DerivedData/Build/Intermediates.noindex/Firebase.build/Debug-iphonesimulator/FirebaseAuth.build/Objects-normal/x86_64/FIRMultiFactorSession.d --serialize-diagnostics /Users/hectorgarcia/Library/Developer/Xcode/DerivedData/Build/Intermediates.noindex/Firebase.build/Debug-iphonesimulator/FirebaseAuth.build/Objects-normal/x86_64/FIRMultiFactorSession.dia -c /Users/hectorgarcia/Library/Developer/Xcode/DerivedData/Lyo-eagkiegzrakogpczynhkaholsscs/SourcePackages/checkouts/firebase-ios-sdk/FirebaseAuth/Sources/MultiFactor/FIRMultiFactorSession.m -o /Users/hectorgarcia/Library/Developer/Xcode/DerivedData/Build/Intermediates.noindex/Firebase.build/Debug-iphonesimulator/FirebaseAuth.build/Objects-normal/x86_64/FIRMultiFactorSession.o -index-unit-output-path /Firebase.build/Debug-iphonesimulator/FirebaseAuth.build/Objects-normal/x86_64/FIRMultiFactorSession.o

ScanDependencies /Users/hectorgarcia/Library/Developer/Xcode/DerivedData/Build/Intermediates.noindex/Firebase.build/Debug-iphonesimulator/FirebaseAuth.build/Objects-normal/x86_64/FIRMultiFactorResolver.o /Users/hectorgarcia/Library/Developer/Xcode/DerivedData/Lyo-eagkiegzrakogpczynhkaholsscs/SourcePackages/checkouts/firebase-ios-sdk/FirebaseAuth/Sources/MultiFactor/FIRMultiFactorResolver.m normal x86_64 objective-c com.apple.compilers.llvm.clang.1_0.compiler (in target 'FirebaseAuth' from project 'Firebase')
    cd /Users/hectorgarcia/LYO_Da_ONE/Lyo.xcodeproj
    
    Using response file: /Users/hectorgarcia/Library/Developer/Xcode/DerivedData/Build/Intermediates.noindex/Firebase.build/Debug-iphonesimulator/FirebaseAuth.build/Objects-normal/x86_64/e6072d4f65d7061329687fe24e3d63a7-common-args.resp
    
    builtin-ScanDependencies -o /Users/hectorgarcia/Library/Developer/Xcode/DerivedData/Build/Intermediates.noindex/Firebase.build/Debug-iphonesimulator/FirebaseAuth.build/Objects-normal/x86_64/FIRMultiFactorResolver.o.scan -- /Users/hectorgarcia/Downloads/Xcode.app/Contents/Developer/Toolchains/XcodeDefault.xctoolchain/usr/bin/clang -x objective-c -ivfsstatcache /Users/hectorgarcia/Library/Developer/Xcode/DerivedData/SDKStatCaches.noindex/iphonesimulator26.2-23C53-823d3e8b6e60bc2018c189d3ca05ba9b.sdkstatcache -fmessage-length\=0 -fdiagnostics-show-note-include-stack -fmacro-backtrace-limit\=0 -fno-color-diagnostics -fmodules-prune-interval\=86400 -fmodules-prune-after\=345600 -fbuild-session-file\=/Users/hectorgarcia/Library/Developer/Xcode/DerivedData/ModuleCache.noindex/Session.modulevalidation -fmodules-validate-once-per-build-session -Wnon-modular-include-in-framework-module -Werror\=non-modular-include-in-framework-module -Wno-trigraphs -Wno-missing-field-initializers -Wno-missing-prototypes -Wno-return-type -Wno-implicit-atomic-properties -Wno-objc-interface-ivars -Wno-arc-repeated-use-of-weak -Wno-missing-braces -Wparentheses -Wswitch -Wno-unused-function -Wno-unused-label -Wno-unused-parameter -Wno-unused-variable -Wunused-value -Wno-empty-body -Wno-uninitialized -Wno-unknown-pragmas -w -Wno-shadow -Wno-four-char-constants -Wno-conversion -Wno-constant-conversion -Wno-int-conversion -Wno-bool-conversion -Wno-enum-conversion -Wno-float-conversion -Wno-non-literal-null-conversion -Wno-objc-literal-conversion -Wshorten-64-to-32 -Wpointer-sign -Wno-newline-eof -Wno-selector -Wno-strict-selector-match -Wno-undeclared-selector -Wno-deprecated-implementations -Wno-implicit-fallthrough -fstrict-aliasing -Wprotocol -Wdeprecated-declarations -Wno-sign-conversion -Wno-infinite-recursion -Wno-comma -Wno-block-capture-autoreleasing -Wno-strict-prototypes -Wno-semicolon-before-method-body -index-store-path /Users/hectorgarcia/Library/Developer/Xcode/DerivedData/Lyo-eagkiegzrakogpczynhkaholsscs/Index.noindex/DataStore @/Users/hectorgarcia/Library/Developer/Xcode/DerivedData/Build/Intermediates.noindex/Firebase.build/Debug-iphonesimulator/FirebaseAuth.build/Objects-normal/x86_64/e6072d4f65d7061329687fe24e3d63a7-common-args.resp -include /Users/hectorgarcia/Library/Developer/Xcode/DerivedData/Build/Intermediates.noindex/Firebase.build/Debug-iphonesimulator/FirebaseAuth.build/DerivedSources/resource_bundle_accessor.h -MMD -MT dependencies -MF /Users/hectorgarcia/Library/Developer/Xcode/DerivedData/Build/Intermediates.noindex/Firebase.build/Debug-iphonesimulator/FirebaseAuth.build/Objects-normal/x86_64/FIRMultiFactorResolver.d --serialize-diagnostics /Users/hectorgarcia/Library/Developer/Xcode/DerivedData/Build/Intermediates.noindex/Firebase.build/Debug-iphonesimulator/FirebaseAuth.build/Objects-normal/x86_64/FIRMultiFactorResolver.dia -c /Users/hectorgarcia/Library/Developer/Xcode/DerivedData/Lyo-eagkiegzrakogpczynhkaholsscs/SourcePackages/checkouts/firebase-ios-sdk/FirebaseAuth/Sources/MultiFactor/FIRMultiFactorResolver.m -o /Users/hectorgarcia/Library/Developer/Xcode/DerivedData/Build/Intermediates.noindex/Firebase.build/Debug-iphonesimulator/FirebaseAuth.build/Objects-normal/x86_64/FIRMultiFactorResolver.o -index-unit-output-path /Firebase.build/Debug-iphonesimulator/FirebaseAuth.build/Objects-normal/x86_64/FIRMultiFactorResolver.o

CompileC /Users/hectorgarcia/Library/Developer/Xcode/DerivedData/Build/Intermediates.noindex/Firebase.build/Debug-iphonesimulator/FirebaseAuth.build/Objects-normal/x86_64/FIRMultiFactorSession.o /Users/hectorgarcia/Library/Developer/Xcode/DerivedData/Lyo-eagkiegzrakogpczynhkaholsscs/SourcePackages/checkouts/firebase-ios-sdk/FirebaseAuth/Sources/MultiFactor/FIRMultiFactorSession.m normal x86_64 objective-c com.apple.compilers.llvm.clang.1_0.compiler (in target 'FirebaseAuth' from project 'Firebase')
    cd /Users/hectorgarcia/LYO_Da_ONE/Lyo.xcodeproj
    
    Using response file: /Users/hectorgarcia/Library/Developer/Xcode/DerivedData/Build/Intermediates.noindex/Firebase.build/Debug-iphonesimulator/FirebaseAuth.build/Objects-normal/x86_64/e6072d4f65d7061329687fe24e3d63a7-common-args.resp
    
    /Users/hectorgarcia/Downloads/Xcode.app/Contents/Developer/Toolchains/XcodeDefault.xctoolchain/usr/bin/clang -x objective-c -ivfsstatcache /Users/hectorgarcia/Library/Developer/Xcode/DerivedData/SDKStatCaches.noindex/iphonesimulator26.2-23C53-823d3e8b6e60bc2018c189d3ca05ba9b.sdkstatcache -fmessage-length\=0 -fdiagnostics-show-note-include-stack -fmacro-backtrace-limit\=0 -fno-color-diagnostics -fmodules-prune-interval\=86400 -fmodules-prune-after\=345600 -fbuild-session-file\=/Users/hectorgarcia/Library/Developer/Xcode/DerivedData/ModuleCache.noindex/Session.modulevalidation -fmodules-validate-once-per-build-session -Wnon-modular-include-in-framework-module -Werror\=non-modular-include-in-framework-module -Wno-trigraphs -Wno-missing-field-initializers -Wno-missing-prototypes -Wno-return-type -Wno-implicit-atomic-properties -Wno-objc-interface-ivars -Wno-arc-repeated-use-of-weak -Wno-missing-braces -Wparentheses -Wswitch -Wno-unused-function -Wno-unused-label -Wno-unused-parameter -Wno-unused-variable -Wunused-value -Wno-empty-body -Wno-uninitialized -Wno-unknown-pragmas -w -Wno-shadow -Wno-four-char-constants -Wno-conversion -Wno-constant-conversion -Wno-int-conversion -Wno-bool-conversion -Wno-enum-conversion -Wno-float-conversion -Wno-non-literal-null-conversion -Wno-objc-literal-conversion -Wshorten-64-to-32 -Wpointer-sign -Wno-newline-eof -Wno-selector -Wno-strict-selector-match -Wno-undeclared-selector -Wno-deprecated-implementations -Wno-implicit-fallthrough -fstrict-aliasing -Wprotocol -Wdeprecated-declarations -Wno-sign-conversion -Wno-infinite-recursion -Wno-comma -Wno-block-capture-autoreleasing -Wno-strict-prototypes -Wno-semicolon-before-method-body -index-store-path /Users/hectorgarcia/Library/Developer/Xcode/DerivedData/Lyo-eagkiegzrakogpczynhkaholsscs/Index.noindex/DataStore @/Users/hectorgarcia/Library/Developer/Xcode/DerivedData/Build/Intermediates.noindex/Firebase.build/Debug-iphonesimulator/FirebaseAuth.build/Objects-normal/x86_64/e6072d4f65d7061329687fe24e3d63a7-common-args.resp -include /Users/hectorgarcia/Library/Developer/Xcode/DerivedData/Build/Intermediates.noindex/Firebase.build/Debug-iphonesimulator/FirebaseAuth.build/DerivedSources/resource_bundle_accessor.h -MMD -MT dependencies -MF /Users/hectorgarcia/Library/Developer/Xcode/DerivedData/Build/Intermediates.noindex/Firebase.build/Debug-iphonesimulator/FirebaseAuth.build/Objects-normal/x86_64/FIRMultiFactorSession.d --serialize-diagnostics /Users/hectorgarcia/Library/Developer/Xcode/DerivedData/Build/Intermediates.noindex/Firebase.build/Debug-iphonesimulator/FirebaseAuth.build/Objects-normal/x86_64/FIRMultiFactorSession.dia -c /Users/hectorgarcia/Library/Developer/Xcode/DerivedData/Lyo-eagkiegzrakogpczynhkaholsscs/SourcePackages/checkouts/firebase-ios-sdk/FirebaseAuth/Sources/MultiFactor/FIRMultiFactorSession.m -o /Users/hectorgarcia/Library/Developer/Xcode/DerivedData/Build/Intermediates.noindex/Firebase.build/Debug-iphonesimulator/FirebaseAuth.build/Objects-normal/x86_64/FIRMultiFactorSession.o -index-unit-output-path /Firebase.build/Debug-iphonesimulator/FirebaseAuth.build/Objects-normal/x86_64/FIRMultiFactorSession.o

ScanDependencies /Users/hectorgarcia/Library/Developer/Xcode/DerivedData/Build/Intermediates.noindex/Firebase.build/Debug-iphonesimulator/FirebaseAuth.build/Objects-normal/x86_64/FIRMultiFactorInfo.o /Users/hectorgarcia/Library/Developer/Xcode/DerivedData/Lyo-eagkiegzrakogpczynhkaholsscs/SourcePackages/checkouts/firebase-ios-sdk/FirebaseAuth/Sources/MultiFactor/FIRMultiFactorInfo.m normal x86_64 objective-c com.apple.compilers.llvm.clang.1_0.compiler (in target 'FirebaseAuth' from project 'Firebase')
    cd /Users/hectorgarcia/LYO_Da_ONE/Lyo.xcodeproj
    
    Using response file: /Users/hectorgarcia/Library/Developer/Xcode/DerivedData/Build/Intermediates.noindex/Firebase.build/Debug-iphonesimulator/FirebaseAuth.build/Objects-normal/x86_64/e6072d4f65d7061329687fe24e3d63a7-common-args.resp
    
    builtin-ScanDependencies -o /Users/hectorgarcia/Library/Developer/Xcode/DerivedData/Build/Intermediates.noindex/Firebase.build/Debug-iphonesimulator/FirebaseAuth.build/Objects-normal/x86_64/FIRMultiFactorInfo.o.scan -- /Users/hectorgarcia/Downloads/Xcode.app/Contents/Developer/Toolchains/XcodeDefault.xctoolchain/usr/bin/clang -x objective-c -ivfsstatcache /Users/hectorgarcia/Library/Developer/Xcode/DerivedData/SDKStatCaches.noindex/iphonesimulator26.2-23C53-823d3e8b6e60bc2018c189d3ca05ba9b.sdkstatcache -fmessage-length\=0 -fdiagnostics-show-note-include-stack -fmacro-backtrace-limit\=0 -fno-color-diagnostics -fmodules-prune-interval\=86400 -fmodules-prune-after\=345600 -fbuild-session-file\=/Users/hectorgarcia/Library/Developer/Xcode/DerivedData/ModuleCache.noindex/Session.modulevalidation -fmodules-validate-once-per-build-session -Wnon-modular-include-in-framework-module -Werror\=non-modular-include-in-framework-module -Wno-trigraphs -Wno-missing-field-initializers -Wno-missing-prototypes -Wno-return-type -Wno-implicit-atomic-properties -Wno-objc-interface-ivars -Wno-arc-repeated-use-of-weak -Wno-missing-braces -Wparentheses -Wswitch -Wno-unused-function -Wno-unused-label -Wno-unused-parameter -Wno-unused-variable -Wunused-value -Wno-empty-body -Wno-uninitialized -Wno-unknown-pragmas -w -Wno-shadow -Wno-four-char-constants -Wno-conversion -Wno-constant-conversion -Wno-int-conversion -Wno-bool-conversion -Wno-enum-conversion -Wno-float-conversion -Wno-non-literal-null-conversion -Wno-objc-literal-conversion -Wshorten-64-to-32 -Wpointer-sign -Wno-newline-eof -Wno-selector -Wno-strict-selector-match -Wno-undeclared-selector -Wno-deprecated-implementations -Wno-implicit-fallthrough -fstrict-aliasing -Wprotocol -Wdeprecated-declarations -Wno-sign-conversion -Wno-infinite-recursion -Wno-comma -Wno-block-capture-autoreleasing -Wno-strict-prototypes -Wno-semicolon-before-method-body -index-store-path /Users/hectorgarcia/Library/Developer/Xcode/DerivedData/Lyo-eagkiegzrakogpczynhkaholsscs/Index.noindex/DataStore @/Users/hectorgarcia/Library/Developer/Xcode/DerivedData/Build/Intermediates.noindex/Firebase.build/Debug-iphonesimulator/FirebaseAuth.build/Objects-normal/x86_64/e6072d4f65d7061329687fe24e3d63a7-common-args.resp -include /Users/hectorgarcia/Library/Developer/Xcode/DerivedData/Build/Intermediates.noindex/Firebase.build/Debug-iphonesimulator/FirebaseAuth.build/DerivedSources/resource_bundle_accessor.h -MMD -MT dependencies -MF /Users/hectorgarcia/Library/Developer/Xcode/DerivedData/Build/Intermediates.noindex/Firebase.build/Debug-iphonesimulator/FirebaseAuth.build/Objects-normal/x86_64/FIRMultiFactorInfo.d --serialize-diagnostics /Users/hectorgarcia/Library/Developer/Xcode/DerivedData/Build/Intermediates.noindex/Firebase.build/Debug-iphonesimulator/FirebaseAuth.build/Objects-normal/x86_64/FIRMultiFactorInfo.dia -c /Users/hectorgarcia/Library/Developer/Xcode/DerivedData/Lyo-eagkiegzrakogpczynhkaholsscs/SourcePackages/checkouts/firebase-ios-sdk/FirebaseAuth/Sources/MultiFactor/FIRMultiFactorInfo.m -o /Users/hectorgarcia/Library/Developer/Xcode/DerivedData/Build/Intermediates.noindex/Firebase.build/Debug-iphonesimulator/FirebaseAuth.build/Objects-normal/x86_64/FIRMultiFactorInfo.o -index-unit-output-path /Firebase.build/Debug-iphonesimulator/FirebaseAuth.build/Objects-normal/x86_64/FIRMultiFactorInfo.o

CompileC /Users/hectorgarcia/Library/Developer/Xcode/DerivedData/Build/Intermediates.noindex/Firebase.build/Debug-iphonesimulator/FirebaseAuth.build/Objects-normal/x86_64/FIRMultiFactorResolver.o /Users/hectorgarcia/Library/Developer/Xcode/DerivedData/Lyo-eagkiegzrakogpczynhkaholsscs/SourcePackages/checkouts/firebase-ios-sdk/FirebaseAuth/Sources/MultiFactor/FIRMultiFactorResolver.m normal x86_64 objective-c com.apple.compilers.llvm.clang.1_0.compiler (in target 'FirebaseAuth' from project 'Firebase')
    cd /Users/hectorgarcia/LYO_Da_ONE/Lyo.xcodeproj
    
    Using response file: /Users/hectorgarcia/Library/Developer/Xcode/DerivedData/Build/Intermediates.noindex/Firebase.build/Debug-iphonesimulator/FirebaseAuth.build/Objects-normal/x86_64/e6072d4f65d7061329687fe24e3d63a7-common-args.resp
    
    /Users/hectorgarcia/Downloads/Xcode.app/Contents/Developer/Toolchains/XcodeDefault.xctoolchain/usr/bin/clang -x objective-c -ivfsstatcache /Users/hectorgarcia/Library/Developer/Xcode/DerivedData/SDKStatCaches.noindex/iphonesimulator26.2-23C53-823d3e8b6e60bc2018c189d3ca05ba9b.sdkstatcache -fmessage-length\=0 -fdiagnostics-show-note-include-stack -fmacro-backtrace-limit\=0 -fno-color-diagnostics -fmodules-prune-interval\=86400 -fmodules-prune-after\=345600 -fbuild-session-file\=/Users/hectorgarcia/Library/Developer/Xcode/DerivedData/ModuleCache.noindex/Session.modulevalidation -fmodules-validate-once-per-build-session -Wnon-modular-include-in-framework-module -Werror\=non-modular-include-in-framework-module -Wno-trigraphs -Wno-missing-field-initializers -Wno-missing-prototypes -Wno-return-type -Wno-implicit-atomic-properties -Wno-objc-interface-ivars -Wno-arc-repeated-use-of-weak -Wno-missing-braces -Wparentheses -Wswitch -Wno-unused-function -Wno-unused-label -Wno-unused-parameter -Wno-unused-variable -Wunused-value -Wno-empty-body -Wno-uninitialized -Wno-unknown-pragmas -w -Wno-shadow -Wno-four-char-constants -Wno-conversion -Wno-constant-conversion -Wno-int-conversion -Wno-bool-conversion -Wno-enum-conversion -Wno-float-conversion -Wno-non-literal-null-conversion -Wno-objc-literal-conversion -Wshorten-64-to-32 -Wpointer-sign -Wno-newline-eof -Wno-selector -Wno-strict-selector-match -Wno-undeclared-selector -Wno-deprecated-implementations -Wno-implicit-fallthrough -fstrict-aliasing -Wprotocol -Wdeprecated-declarations -Wno-sign-conversion -Wno-infinite-recursion -Wno-comma -Wno-block-capture-autoreleasing -Wno-strict-prototypes -Wno-semicolon-before-method-body -index-store-path /Users/hectorgarcia/Library/Developer/Xcode/DerivedData/Lyo-eagkiegzrakogpczynhkaholsscs/Index.noindex/DataStore @/Users/hectorgarcia/Library/Developer/Xcode/DerivedData/Build/Intermediates.noindex/Firebase.build/Debug-iphonesimulator/FirebaseAuth.build/Objects-normal/x86_64/e6072d4f65d7061329687fe24e3d63a7-common-args.resp -include /Users/hectorgarcia/Library/Developer/Xcode/DerivedData/Build/Intermediates.noindex/Firebase.build/Debug-iphonesimulator/FirebaseAuth.build/DerivedSources/resource_bundle_accessor.h -MMD -MT dependencies -MF /Users/hectorgarcia/Library/Developer/Xcode/DerivedData/Build/Intermediates.noindex/Firebase.build/Debug-iphonesimulator/FirebaseAuth.build/Objects-normal/x86_64/FIRMultiFactorResolver.d --serialize-diagnostics /Users/hectorgarcia/Library/Developer/Xcode/DerivedData/Build/Intermediates.noindex/Firebase.build/Debug-iphonesimulator/FirebaseAuth.build/Objects-normal/x86_64/FIRMultiFactorResolver.dia -c /Users/hectorgarcia/Library/Developer/Xcode/DerivedData/Lyo-eagkiegzrakogpczynhkaholsscs/SourcePackages/checkouts/firebase-ios-sdk/FirebaseAuth/Sources/MultiFactor/FIRMultiFactorResolver.m -o /Users/hectorgarcia/Library/Developer/Xcode/DerivedData/Build/Intermediates.noindex/Firebase.build/Debug-iphonesimulator/FirebaseAuth.build/Objects-normal/x86_64/FIRMultiFactorResolver.o -index-unit-output-path /Firebase.build/Debug-iphonesimulator/FirebaseAuth.build/Objects-normal/x86_64/FIRMultiFactorResolver.o

ScanDependencies /Users/hectorgarcia/Library/Developer/Xcode/DerivedData/Build/Intermediates.noindex/Firebase.build/Debug-iphonesimulator/FirebaseAuth.build/Objects-normal/x86_64/FIRMultiFactorConstants.o /Users/hectorgarcia/Library/Developer/Xcode/DerivedData/Lyo-eagkiegzrakogpczynhkaholsscs/SourcePackages/checkouts/firebase-ios-sdk/FirebaseAuth/Sources/MultiFactor/FIRMultiFactorConstants.m normal x86_64 objective-c com.apple.compilers.llvm.clang.1_0.compiler (in target 'FirebaseAuth' from project 'Firebase')
    cd /Users/hectorgarcia/LYO_Da_ONE/Lyo.xcodeproj
    
    Using response file: /Users/hectorgarcia/Library/Developer/Xcode/DerivedData/Build/Intermediates.noindex/Firebase.build/Debug-iphonesimulator/FirebaseAuth.build/Objects-normal/x86_64/e6072d4f65d7061329687fe24e3d63a7-common-args.resp
    
    builtin-ScanDependencies -o /Users/hectorgarcia/Library/Developer/Xcode/DerivedData/Build/Intermediates.noindex/Firebase.build/Debug-iphonesimulator/FirebaseAuth.build/Objects-normal/x86_64/FIRMultiFactorConstants.o.scan -- /Users/hectorgarcia/Downloads/Xcode.app/Contents/Developer/Toolchains/XcodeDefault.xctoolchain/usr/bin/clang -x objective-c -ivfsstatcache /Users/hectorgarcia/Library/Developer/Xcode/DerivedData/SDKStatCaches.noindex/iphonesimulator26.2-23C53-823d3e8b6e60bc2018c189d3ca05ba9b.sdkstatcache -fmessage-length\=0 -fdiagnostics-show-note-include-stack -fmacro-backtrace-limit\=0 -fno-color-diagnostics -fmodules-prune-interval\=86400 -fmodules-prune-after\=345600 -fbuild-session-file\=/Users/hectorgarcia/Library/Developer/Xcode/DerivedData/ModuleCache.noindex/Session.modulevalidation -fmodules-validate-once-per-build-session -Wnon-modular-include-in-framework-module -Werror\=non-modular-include-in-framework-module -Wno-trigraphs -Wno-missing-field-initializers -Wno-missing-prototypes -Wno-return-type -Wno-implicit-atomic-properties -Wno-objc-interface-ivars -Wno-arc-repeated-use-of-weak -Wno-missing-braces -Wparentheses -Wswitch -Wno-unused-function -Wno-unused-label -Wno-unused-parameter -Wno-unused-variable -Wunused-value -Wno-empty-body -Wno-uninitialized -Wno-unknown-pragmas -w -Wno-shadow -Wno-four-char-constants -Wno-conversion -Wno-constant-conversion -Wno-int-conversion -Wno-bool-conversion -Wno-enum-conversion -Wno-float-conversion -Wno-non-literal-null-conversion -Wno-objc-literal-conversion -Wshorten-64-to-32 -Wpointer-sign -Wno-newline-eof -Wno-selector -Wno-strict-selector-match -Wno-undeclared-selector -Wno-deprecated-implementations -Wno-implicit-fallthrough -fstrict-aliasing -Wprotocol -Wdeprecated-declarations -Wno-sign-conversion -Wno-infinite-recursion -Wno-comma -Wno-block-capture-autoreleasing -Wno-strict-prototypes -Wno-semicolon-before-method-body -index-store-path /Users/hectorgarcia/Library/Developer/Xcode/DerivedData/Lyo-eagkiegzrakogpczynhkaholsscs/Index.noindex/DataStore @/Users/hectorgarcia/Library/Developer/Xcode/DerivedData/Build/Intermediates.noindex/Firebase.build/Debug-iphonesimulator/FirebaseAuth.build/Objects-normal/x86_64/e6072d4f65d7061329687fe24e3d63a7-common-args.resp -include /Users/hectorgarcia/Library/Developer/Xcode/DerivedData/Build/Intermediates.noindex/Firebase.build/Debug-iphonesimulator/FirebaseAuth.build/DerivedSources/resource_bundle_accessor.h -MMD -MT dependencies -MF /Users/hectorgarcia/Library/Developer/Xcode/DerivedData/Build/Intermediates.noindex/Firebase.build/Debug-iphonesimulator/FirebaseAuth.build/Objects-normal/x86_64/FIRMultiFactorConstants.d --serialize-diagnostics /Users/hectorgarcia/Library/Developer/Xcode/DerivedData/Build/Intermediates.noindex/Firebase.build/Debug-iphonesimulator/FirebaseAuth.build/Objects-normal/x86_64/FIRMultiFactorConstants.dia -c /Users/hectorgarcia/Library/Developer/Xcode/DerivedData/Lyo-eagkiegzrakogpczynhkaholsscs/SourcePackages/checkouts/firebase-ios-sdk/FirebaseAuth/Sources/MultiFactor/FIRMultiFactorConstants.m -o /Users/hectorgarcia/Library/Developer/Xcode/DerivedData/Build/Intermediates.noindex/Firebase.build/Debug-iphonesimulator/FirebaseAuth.build/Objects-normal/x86_64/FIRMultiFactorConstants.o -index-unit-output-path /Firebase.build/Debug-iphonesimulator/FirebaseAuth.build/Objects-normal/x86_64/FIRMultiFactorConstants.o

CompileC /Users/hectorgarcia/Library/Developer/Xcode/DerivedData/Build/Intermediates.noindex/Firebase.build/Debug-iphonesimulator/FirebaseAuth.build/Objects-normal/x86_64/FIRMultiFactorInfo.o /Users/hectorgarcia/Library/Developer/Xcode/DerivedData/Lyo-eagkiegzrakogpczynhkaholsscs/SourcePackages/checkouts/firebase-ios-sdk/FirebaseAuth/Sources/MultiFactor/FIRMultiFactorInfo.m normal x86_64 objective-c com.apple.compilers.llvm.clang.1_0.compiler (in target 'FirebaseAuth' from project 'Firebase')
    cd /Users/hectorgarcia/LYO_Da_ONE/Lyo.xcodeproj
    
    Using response file: /Users/hectorgarcia/Library/Developer/Xcode/DerivedData/Build/Intermediates.noindex/Firebase.build/Debug-iphonesimulator/FirebaseAuth.build/Objects-normal/x86_64/e6072d4f65d7061329687fe24e3d63a7-common-args.resp
    
    /Users/hectorgarcia/Downloads/Xcode.app/Contents/Developer/Toolchains/XcodeDefault.xctoolchain/usr/bin/clang -x objective-c -ivfsstatcache /Users/hectorgarcia/Library/Developer/Xcode/DerivedData/SDKStatCaches.noindex/iphonesimulator26.2-23C53-823d3e8b6e60bc2018c189d3ca05ba9b.sdkstatcache -fmessage-length\=0 -fdiagnostics-show-note-include-stack -fmacro-backtrace-limit\=0 -fno-color-diagnostics -fmodules-prune-interval\=86400 -fmodules-prune-after\=345600 -fbuild-session-file\=/Users/hectorgarcia/Library/Developer/Xcode/DerivedData/ModuleCache.noindex/Session.modulevalidation -fmodules-validate-once-per-build-session -Wnon-modular-include-in-framework-module -Werror\=non-modular-include-in-framework-module -Wno-trigraphs -Wno-missing-field-initializers -Wno-missing-prototypes -Wno-return-type -Wno-implicit-atomic-properties -Wno-objc-interface-ivars -Wno-arc-repeated-use-of-weak -Wno-missing-braces -Wparentheses -Wswitch -Wno-unused-function -Wno-unused-label -Wno-unused-parameter -Wno-unused-variable -Wunused-value -Wno-empty-body -Wno-uninitialized -Wno-unknown-pragmas -w -Wno-shadow -Wno-four-char-constants -Wno-conversion -Wno-constant-conversion -Wno-int-conversion -Wno-bool-conversion -Wno-enum-conversion -Wno-float-conversion -Wno-non-literal-null-conversion -Wno-objc-literal-conversion -Wshorten-64-to-32 -Wpointer-sign -Wno-newline-eof -Wno-selector -Wno-strict-selector-match -Wno-undeclared-selector -Wno-deprecated-implementations -Wno-implicit-fallthrough -fstrict-aliasing -Wprotocol -Wdeprecated-declarations -Wno-sign-conversion -Wno-infinite-recursion -Wno-comma -Wno-block-capture-autoreleasing -Wno-strict-prototypes -Wno-semicolon-before-method-body -index-store-path /Users/hectorgarcia/Library/Developer/Xcode/DerivedData/Lyo-eagkiegzrakogpczynhkaholsscs/Index.noindex/DataStore @/Users/hectorgarcia/Library/Developer/Xcode/DerivedData/Build/Intermediates.noindex/Firebase.build/Debug-iphonesimulator/FirebaseAuth.build/Objects-normal/x86_64/e6072d4f65d7061329687fe24e3d63a7-common-args.resp -include /Users/hectorgarcia/Library/Developer/Xcode/DerivedData/Build/Intermediates.noindex/Firebase.build/Debug-iphonesimulator/FirebaseAuth.build/DerivedSources/resource_bundle_accessor.h -MMD -MT dependencies -MF /Users/hectorgarcia/Library/Developer/Xcode/DerivedData/Build/Intermediates.noindex/Firebase.build/Debug-iphonesimulator/FirebaseAuth.build/Objects-normal/x86_64/FIRMultiFactorInfo.d --serialize-diagnostics /Users/hectorgarcia/Library/Developer/Xcode/DerivedData/Build/Intermediates.noindex/Firebase.build/Debug-iphonesimulator/FirebaseAuth.build/Objects-normal/x86_64/FIRMultiFactorInfo.dia -c /Users/hectorgarcia/Library/Developer/Xcode/DerivedData/Lyo-eagkiegzrakogpczynhkaholsscs/SourcePackages/checkouts/firebase-ios-sdk/FirebaseAuth/Sources/MultiFactor/FIRMultiFactorInfo.m -o /Users/hectorgarcia/Library/Developer/Xcode/DerivedData/Build/Intermediates.noindex/Firebase.build/Debug-iphonesimulator/FirebaseAuth.build/Objects-normal/x86_64/FIRMultiFactorInfo.o -index-unit-output-path /Firebase.build/Debug-iphonesimulator/FirebaseAuth.build/Objects-normal/x86_64/FIRMultiFactorInfo.o

ScanDependencies /Users/hectorgarcia/Library/Developer/Xcode/DerivedData/Build/Intermediates.noindex/Firebase.build/Debug-iphonesimulator/FirebaseAuth.build/Objects-normal/x86_64/FIRMultiFactorAssertion.o /Users/hectorgarcia/Library/Developer/Xcode/DerivedData/Lyo-eagkiegzrakogpczynhkaholsscs/SourcePackages/checkouts/firebase-ios-sdk/FirebaseAuth/Sources/MultiFactor/FIRMultiFactorAssertion.m normal x86_64 objective-c com.apple.compilers.llvm.clang.1_0.compiler (in target 'FirebaseAuth' from project 'Firebase')
    cd /Users/hectorgarcia/LYO_Da_ONE/Lyo.xcodeproj
    
    Using response file: /Users/hectorgarcia/Library/Developer/Xcode/DerivedData/Build/Intermediates.noindex/Firebase.build/Debug-iphonesimulator/FirebaseAuth.build/Objects-normal/x86_64/e6072d4f65d7061329687fe24e3d63a7-common-args.resp
    
    builtin-ScanDependencies -o /Users/hectorgarcia/Library/Developer/Xcode/DerivedData/Build/Intermediates.noindex/Firebase.build/Debug-iphonesimulator/FirebaseAuth.build/Objects-normal/x86_64/FIRMultiFactorAssertion.o.scan -- /Users/hectorgarcia/Downloads/Xcode.app/Contents/Developer/Toolchains/XcodeDefault.xctoolchain/usr/bin/clang -x objective-c -ivfsstatcache /Users/hectorgarcia/Library/Developer/Xcode/DerivedData/SDKStatCaches.noindex/iphonesimulator26.2-23C53-823d3e8b6e60bc2018c189d3ca05ba9b.sdkstatcache -fmessage-length\=0 -fdiagnostics-show-note-include-stack -fmacro-backtrace-limit\=0 -fno-color-diagnostics -fmodules-prune-interval\=86400 -fmodules-prune-after\=345600 -fbuild-session-file\=/Users/hectorgarcia/Library/Developer/Xcode/DerivedData/ModuleCache.noindex/Session.modulevalidation -fmodules-validate-once-per-build-session -Wnon-modular-include-in-framework-module -Werror\=non-modular-include-in-framework-module -Wno-trigraphs -Wno-missing-field-initializers -Wno-missing-prototypes -Wno-return-type -Wno-implicit-atomic-properties -Wno-objc-interface-ivars -Wno-arc-repeated-use-of-weak -Wno-missing-braces -Wparentheses -Wswitch -Wno-unused-function -Wno-unused-label -Wno-unused-parameter -Wno-unused-variable -Wunused-value -Wno-empty-body -Wno-uninitialized -Wno-unknown-pragmas -w -Wno-shadow -Wno-four-char-constants -Wno-conversion -Wno-constant-conversion -Wno-int-conversion -Wno-bool-conversion -Wno-enum-conversion -Wno-float-conversion -Wno-non-literal-null-conversion -Wno-objc-literal-conversion -Wshorten-64-to-32 -Wpointer-sign -Wno-newline-eof -Wno-selector -Wno-strict-selector-match -Wno-undeclared-selector -Wno-deprecated-implementations -Wno-implicit-fallthrough -fstrict-aliasing -Wprotocol -Wdeprecated-declarations -Wno-sign-conversion -Wno-infinite-recursion -Wno-comma -Wno-block-capture-autoreleasing -Wno-strict-prototypes -Wno-semicolon-before-method-body -index-store-path /Users/hectorgarcia/Library/Developer/Xcode/DerivedData/Lyo-eagkiegzrakogpczynhkaholsscs/Index.noindex/DataStore @/Users/hectorgarcia/Library/Developer/Xcode/DerivedData/Build/Intermediates.noindex/Firebase.build/Debug-iphonesimulator/FirebaseAuth.build/Objects-normal/x86_64/e6072d4f65d7061329687fe24e3d63a7-common-args.resp -include /Users/hectorgarcia/Library/Developer/Xcode/DerivedData/Build/Intermediates.noindex/Firebase.build/Debug-iphonesimulator/FirebaseAuth.build/DerivedSources/resource_bundle_accessor.h -MMD -MT dependencies -MF /Users/hectorgarcia/Library/Developer/Xcode/DerivedData/Build/Intermediates.noindex/Firebase.build/Debug-iphonesimulator/FirebaseAuth.build/Objects-normal/x86_64/FIRMultiFactorAssertion.d --serialize-diagnostics /Users/hectorgarcia/Library/Developer/Xcode/DerivedData/Build/Intermediates.noindex/Firebase.build/Debug-iphonesimulator/FirebaseAuth.build/Objects-normal/x86_64/FIRMultiFactorAssertion.dia -c /Users/hectorgarcia/Library/Developer/Xcode/DerivedData/Lyo-eagkiegzrakogpczynhkaholsscs/SourcePackages/checkouts/firebase-ios-sdk/FirebaseAuth/Sources/MultiFactor/FIRMultiFactorAssertion.m -o /Users/hectorgarcia/Library/Developer/Xcode/DerivedData/Build/Intermediates.noindex/Firebase.build/Debug-iphonesimulator/FirebaseAuth.build/Objects-normal/x86_64/FIRMultiFactorAssertion.o -index-unit-output-path /Firebase.build/Debug-iphonesimulator/FirebaseAuth.build/Objects-normal/x86_64/FIRMultiFactorAssertion.o

ScanDependencies /Users/hectorgarcia/Library/Developer/Xcode/DerivedData/Build/Intermediates.noindex/Firebase.build/Debug-iphonesimulator/FirebaseAuth.build/Objects-normal/x86_64/FIRMultiFactor.o /Users/hectorgarcia/Library/Developer/Xcode/DerivedData/Lyo-eagkiegzrakogpczynhkaholsscs/SourcePackages/checkouts/firebase-ios-sdk/FirebaseAuth/Sources/MultiFactor/FIRMultiFactor.m normal x86_64 objective-c com.apple.compilers.llvm.clang.1_0.compiler (in target 'FirebaseAuth' from project 'Firebase')
    cd /Users/hectorgarcia/LYO_Da_ONE/Lyo.xcodeproj
    
    Using response file: /Users/hectorgarcia/Library/Developer/Xcode/DerivedData/Build/Intermediates.noindex/Firebase.build/Debug-iphonesimulator/FirebaseAuth.build/Objects-normal/x86_64/e6072d4f65d7061329687fe24e3d63a7-common-args.resp
    
    builtin-ScanDependencies -o /Users/hectorgarcia/Library/Developer/Xcode/DerivedData/Build/Intermediates.noindex/Firebase.build/Debug-iphonesimulator/FirebaseAuth.build/Objects-normal/x86_64/FIRMultiFactor.o.scan -- /Users/hectorgarcia/Downloads/Xcode.app/Contents/Developer/Toolchains/XcodeDefault.xctoolchain/usr/bin/clang -x objective-c -ivfsstatcache /Users/hectorgarcia/Library/Developer/Xcode/DerivedData/SDKStatCaches.noindex/iphonesimulator26.2-23C53-823d3e8b6e60bc2018c189d3ca05ba9b.sdkstatcache -fmessage-length\=0 -fdiagnostics-show-note-include-stack -fmacro-backtrace-limit\=0 -fno-color-diagnostics -fmodules-prune-interval\=86400 -fmodules-prune-after\=345600 -fbuild-session-file\=/Users/hectorgarcia/Library/Developer/Xcode/DerivedData/ModuleCache.noindex/Session.modulevalidation -fmodules-validate-once-per-build-session -Wnon-modular-include-in-framework-module -Werror\=non-modular-include-in-framework-module -Wno-trigraphs -Wno-missing-field-initializers -Wno-missing-prototypes -Wno-return-type -Wno-implicit-atomic-properties -Wno-objc-interface-ivars -Wno-arc-repeated-use-of-weak -Wno-missing-braces -Wparentheses -Wswitch -Wno-unused-function -Wno-unused-label -Wno-unused-parameter -Wno-unused-variable -Wunused-value -Wno-empty-body -Wno-uninitialized -Wno-unknown-pragmas -w -Wno-shadow -Wno-four-char-constants -Wno-conversion -Wno-constant-conversion -Wno-int-conversion -Wno-bool-conversion -Wno-enum-conversion -Wno-float-conversion -Wno-non-literal-null-conversion -Wno-objc-literal-conversion -Wshorten-64-to-32 -Wpointer-sign -Wno-newline-eof -Wno-selector -Wno-strict-selector-match -Wno-undeclared-selector -Wno-deprecated-implementations -Wno-implicit-fallthrough -fstrict-aliasing -Wprotocol -Wdeprecated-declarations -Wno-sign-conversion -Wno-infinite-recursion -Wno-comma -Wno-block-capture-autoreleasing -Wno-strict-prototypes -Wno-semicolon-before-method-body -index-store-path /Users/hectorgarcia/Library/Developer/Xcode/DerivedData/Lyo-eagkiegzrakogpczynhkaholsscs/Index.noindex/DataStore @/Users/hectorgarcia/Library/Developer/Xcode/DerivedData/Build/Intermediates.noindex/Firebase.build/Debug-iphonesimulator/FirebaseAuth.build/Objects-normal/x86_64/e6072d4f65d7061329687fe24e3d63a7-common-args.resp -include /Users/hectorgarcia/Library/Developer/Xcode/DerivedData/Build/Intermediates.noindex/Firebase.build/Debug-iphonesimulator/FirebaseAuth.build/DerivedSources/resource_bundle_accessor.h -MMD -MT dependencies -MF /Users/hectorgarcia/Library/Developer/Xcode/DerivedData/Build/Intermediates.noindex/Firebase.build/Debug-iphonesimulator/FirebaseAuth.build/Objects-normal/x86_64/FIRMultiFactor.d --serialize-diagnostics /Users/hectorgarcia/Library/Developer/Xcode/DerivedData/Build/Intermediates.noindex/Firebase.build/Debug-iphonesimulator/FirebaseAuth.build/Objects-normal/x86_64/FIRMultiFactor.dia -c /Users/hectorgarcia/Library/Developer/Xcode/DerivedData/Lyo-eagkiegzrakogpczynhkaholsscs/SourcePackages/checkouts/firebase-ios-sdk/FirebaseAuth/Sources/MultiFactor/FIRMultiFactor.m -o /Users/hectorgarcia/Library/Developer/Xcode/DerivedData/Build/Intermediates.noindex/Firebase.build/Debug-iphonesimulator/FirebaseAuth.build/Objects-normal/x86_64/FIRMultiFactor.o -index-unit-output-path /Firebase.build/Debug-iphonesimulator/FirebaseAuth.build/Objects-normal/x86_64/FIRMultiFactor.o

CompileC /Users/hectorgarcia/Library/Developer/Xcode/DerivedData/Build/Intermediates.noindex/Firebase.build/Debug-iphonesimulator/FirebaseAuth.build/Objects-normal/x86_64/FIRMultiFactorConstants.o /Users/hectorgarcia/Library/Developer/Xcode/DerivedData/Lyo-eagkiegzrakogpczynhkaholsscs/SourcePackages/checkouts/firebase-ios-sdk/FirebaseAuth/Sources/MultiFactor/FIRMultiFactorConstants.m normal x86_64 objective-c com.apple.compilers.llvm.clang.1_0.compiler (in target 'FirebaseAuth' from project 'Firebase')
    cd /Users/hectorgarcia/LYO_Da_ONE/Lyo.xcodeproj
    
    Using response file: /Users/hectorgarcia/Library/Developer/Xcode/DerivedData/Build/Intermediates.noindex/Firebase.build/Debug-iphonesimulator/FirebaseAuth.build/Objects-normal/x86_64/e6072d4f65d7061329687fe24e3d63a7-common-args.resp
    
    /Users/hectorgarcia/Downloads/Xcode.app/Contents/Developer/Toolchains/XcodeDefault.xctoolchain/usr/bin/clang -x objective-c -ivfsstatcache /Users/hectorgarcia/Library/Developer/Xcode/DerivedData/SDKStatCaches.noindex/iphonesimulator26.2-23C53-823d3e8b6e60bc2018c189d3ca05ba9b.sdkstatcache -fmessage-length\=0 -fdiagnostics-show-note-include-stack -fmacro-backtrace-limit\=0 -fno-color-diagnostics -fmodules-prune-interval\=86400 -fmodules-prune-after\=345600 -fbuild-session-file\=/Users/hectorgarcia/Library/Developer/Xcode/DerivedData/ModuleCache.noindex/Session.modulevalidation -fmodules-validate-once-per-build-session -Wnon-modular-include-in-framework-module -Werror\=non-modular-include-in-framework-module -Wno-trigraphs -Wno-missing-field-initializers -Wno-missing-prototypes -Wno-return-type -Wno-implicit-atomic-properties -Wno-objc-interface-ivars -Wno-arc-repeated-use-of-weak -Wno-missing-braces -Wparentheses -Wswitch -Wno-unused-function -Wno-unused-label -Wno-unused-parameter -Wno-unused-variable -Wunused-value -Wno-empty-body -Wno-uninitialized -Wno-unknown-pragmas -w -Wno-shadow -Wno-four-char-constants -Wno-conversion -Wno-constant-conversion -Wno-int-conversion -Wno-bool-conversion -Wno-enum-conversion -Wno-float-conversion -Wno-non-literal-null-conversion -Wno-objc-literal-conversion -Wshorten-64-to-32 -Wpointer-sign -Wno-newline-eof -Wno-selector -Wno-strict-selector-match -Wno-undeclared-selector -Wno-deprecated-implementations -Wno-implicit-fallthrough -fstrict-aliasing -Wprotocol -Wdeprecated-declarations -Wno-sign-conversion -Wno-infinite-recursion -Wno-comma -Wno-block-capture-autoreleasing -Wno-strict-prototypes -Wno-semicolon-before-method-body -index-store-path /Users/hectorgarcia/Library/Developer/Xcode/DerivedData/Lyo-eagkiegzrakogpczynhkaholsscs/Index.noindex/DataStore @/Users/hectorgarcia/Library/Developer/Xcode/DerivedData/Build/Intermediates.noindex/Firebase.build/Debug-iphonesimulator/FirebaseAuth.build/Objects-normal/x86_64/e6072d4f65d7061329687fe24e3d63a7-common-args.resp -include /Users/hectorgarcia/Library/Developer/Xcode/DerivedData/Build/Intermediates.noindex/Firebase.build/Debug-iphonesimulator/FirebaseAuth.build/DerivedSources/resource_bundle_accessor.h -MMD -MT dependencies -MF /Users/hectorgarcia/Library/Developer/Xcode/DerivedData/Build/Intermediates.noindex/Firebase.build/Debug-iphonesimulator/FirebaseAuth.build/Objects-normal/x86_64/FIRMultiFactorConstants.d --serialize-diagnostics /Users/hectorgarcia/Library/Developer/Xcode/DerivedData/Build/Intermediates.noindex/Firebase.build/Debug-iphonesimulator/FirebaseAuth.build/Objects-normal/x86_64/FIRMultiFactorConstants.dia -c /Users/hectorgarcia/Library/Developer/Xcode/DerivedData/Lyo-eagkiegzrakogpczynhkaholsscs/SourcePackages/checkouts/firebase-ios-sdk/FirebaseAuth/Sources/MultiFactor/FIRMultiFactorConstants.m -o /Users/hectorgarcia/Library/Developer/Xcode/DerivedData/Build/Intermediates.noindex/Firebase.build/Debug-iphonesimulator/FirebaseAuth.build/Objects-normal/x86_64/FIRMultiFactorConstants.o -index-unit-output-path /Firebase.build/Debug-iphonesimulator/FirebaseAuth.build/Objects-normal/x86_64/FIRMultiFactorConstants.o

CompileC /Users/hectorgarcia/Library/Developer/Xcode/DerivedData/Build/Intermediates.noindex/Firebase.build/Debug-iphonesimulator/FirebaseAuth.build/Objects-normal/x86_64/FIRMultiFactorAssertion.o /Users/hectorgarcia/Library/Developer/Xcode/DerivedData/Lyo-eagkiegzrakogpczynhkaholsscs/SourcePackages/checkouts/firebase-ios-sdk/FirebaseAuth/Sources/MultiFactor/FIRMultiFactorAssertion.m normal x86_64 objective-c com.apple.compilers.llvm.clang.1_0.compiler (in target 'FirebaseAuth' from project 'Firebase')
    cd /Users/hectorgarcia/LYO_Da_ONE/Lyo.xcodeproj
    
    Using response file: /Users/hectorgarcia/Library/Developer/Xcode/DerivedData/Build/Intermediates.noindex/Firebase.build/Debug-iphonesimulator/FirebaseAuth.build/Objects-normal/x86_64/e6072d4f65d7061329687fe24e3d63a7-common-args.resp
    
    /Users/hectorgarcia/Downloads/Xcode.app/Contents/Developer/Toolchains/XcodeDefault.xctoolchain/usr/bin/clang -x objective-c -ivfsstatcache /Users/hectorgarcia/Library/Developer/Xcode/DerivedData/SDKStatCaches.noindex/iphonesimulator26.2-23C53-823d3e8b6e60bc2018c189d3ca05ba9b.sdkstatcache -fmessage-length\=0 -fdiagnostics-show-note-include-stack -fmacro-backtrace-limit\=0 -fno-color-diagnostics -fmodules-prune-interval\=86400 -fmodules-prune-after\=345600 -fbuild-session-file\=/Users/hectorgarcia/Library/Developer/Xcode/DerivedData/ModuleCache.noindex/Session.modulevalidation -fmodules-validate-once-per-build-session -Wnon-modular-include-in-framework-module -Werror\=non-modular-include-in-framework-module -Wno-trigraphs -Wno-missing-field-initializers -Wno-missing-prototypes -Wno-return-type -Wno-implicit-atomic-properties -Wno-objc-interface-ivars -Wno-arc-repeated-use-of-weak -Wno-missing-braces -Wparentheses -Wswitch -Wno-unused-function -Wno-unused-label -Wno-unused-parameter -Wno-unused-variable -Wunused-value -Wno-empty-body -Wno-uninitialized -Wno-unknown-pragmas -w -Wno-shadow -Wno-four-char-constants -Wno-conversion -Wno-constant-conversion -Wno-int-conversion -Wno-bool-conversion -Wno-enum-conversion -Wno-float-conversion -Wno-non-literal-null-conversion -Wno-objc-literal-conversion -Wshorten-64-to-32 -Wpointer-sign -Wno-newline-eof -Wno-selector -Wno-strict-selector-match -Wno-undeclared-selector -Wno-deprecated-implementations -Wno-implicit-fallthrough -fstrict-aliasing -Wprotocol -Wdeprecated-declarations -Wno-sign-conversion -Wno-infinite-recursion -Wno-comma -Wno-block-capture-autoreleasing -Wno-strict-prototypes -Wno-semicolon-before-method-body -index-store-path /Users/hectorgarcia/Library/Developer/Xcode/DerivedData/Lyo-eagkiegzrakogpczynhkaholsscs/Index.noindex/DataStore @/Users/hectorgarcia/Library/Developer/Xcode/DerivedData/Build/Intermediates.noindex/Firebase.build/Debug-iphonesimulator/FirebaseAuth.build/Objects-normal/x86_64/e6072d4f65d7061329687fe24e3d63a7-common-args.resp -include /Users/hectorgarcia/Library/Developer/Xcode/DerivedData/Build/Intermediates.noindex/Firebase.build/Debug-iphonesimulator/FirebaseAuth.build/DerivedSources/resource_bundle_accessor.h -MMD -MT dependencies -MF /Users/hectorgarcia/Library/Developer/Xcode/DerivedData/Build/Intermediates.noindex/Firebase.build/Debug-iphonesimulator/FirebaseAuth.build/Objects-normal/x86_64/FIRMultiFactorAssertion.d --serialize-diagnostics /Users/hectorgarcia/Library/Developer/Xcode/DerivedData/Build/Intermediates.noindex/Firebase.build/Debug-iphonesimulator/FirebaseAuth.build/Objects-normal/x86_64/FIRMultiFactorAssertion.dia -c /Users/hectorgarcia/Library/Developer/Xcode/DerivedData/Lyo-eagkiegzrakogpczynhkaholsscs/SourcePackages/checkouts/firebase-ios-sdk/FirebaseAuth/Sources/MultiFactor/FIRMultiFactorAssertion.m -o /Users/hectorgarcia/Library/Developer/Xcode/DerivedData/Build/Intermediates.noindex/Firebase.build/Debug-iphonesimulator/FirebaseAuth.build/Objects-normal/x86_64/FIRMultiFactorAssertion.o -index-unit-output-path /Firebase.build/Debug-iphonesimulator/FirebaseAuth.build/Objects-normal/x86_64/FIRMultiFactorAssertion.o

ScanDependencies /Users/hectorgarcia/Library/Developer/Xcode/DerivedData/Build/Intermediates.noindex/Firebase.build/Debug-iphonesimulator/FirebaseAuth.build/Objects-normal/x86_64/FIRIdentityToolkitRequest.o /Users/hectorgarcia/Library/Developer/Xcode/DerivedData/Lyo-eagkiegzrakogpczynhkaholsscs/SourcePackages/checkouts/firebase-ios-sdk/FirebaseAuth/Sources/Backend/FIRIdentityToolkitRequest.m normal x86_64 objective-c com.apple.compilers.llvm.clang.1_0.compiler (in target 'FirebaseAuth' from project 'Firebase')
    cd /Users/hectorgarcia/LYO_Da_ONE/Lyo.xcodeproj
    
    Using response file: /Users/hectorgarcia/Library/Developer/Xcode/DerivedData/Build/Intermediates.noindex/Firebase.build/Debug-iphonesimulator/FirebaseAuth.build/Objects-normal/x86_64/e6072d4f65d7061329687fe24e3d63a7-common-args.resp
    
    builtin-ScanDependencies -o /Users/hectorgarcia/Library/Developer/Xcode/DerivedData/Build/Intermediates.noindex/Firebase.build/Debug-iphonesimulator/FirebaseAuth.build/Objects-normal/x86_64/FIRIdentityToolkitRequest.o.scan -- /Users/hectorgarcia/Downloads/Xcode.app/Contents/Developer/Toolchains/XcodeDefault.xctoolchain/usr/bin/clang -x objective-c -ivfsstatcache /Users/hectorgarcia/Library/Developer/Xcode/DerivedData/SDKStatCaches.noindex/iphonesimulator26.2-23C53-823d3e8b6e60bc2018c189d3ca05ba9b.sdkstatcache -fmessage-length\=0 -fdiagnostics-show-note-include-stack -fmacro-backtrace-limit\=0 -fno-color-diagnostics -fmodules-prune-interval\=86400 -fmodules-prune-after\=345600 -fbuild-session-file\=/Users/hectorgarcia/Library/Developer/Xcode/DerivedData/ModuleCache.noindex/Session.modulevalidation -fmodules-validate-once-per-build-session -Wnon-modular-include-in-framework-module -Werror\=non-modular-include-in-framework-module -Wno-trigraphs -Wno-missing-field-initializers -Wno-missing-prototypes -Wno-return-type -Wno-implicit-atomic-properties -Wno-objc-interface-ivars -Wno-arc-repeated-use-of-weak -Wno-missing-braces -Wparentheses -Wswitch -Wno-unused-function -Wno-unused-label -Wno-unused-parameter -Wno-unused-variable -Wunused-value -Wno-empty-body -Wno-uninitialized -Wno-unknown-pragmas -w -Wno-shadow -Wno-four-char-constants -Wno-conversion -Wno-constant-conversion -Wno-int-conversion -Wno-bool-conversion -Wno-enum-conversion -Wno-float-conversion -Wno-non-literal-null-conversion -Wno-objc-literal-conversion -Wshorten-64-to-32 -Wpointer-sign -Wno-newline-eof -Wno-selector -Wno-strict-selector-match -Wno-undeclared-selector -Wno-deprecated-implementations -Wno-implicit-fallthrough -fstrict-aliasing -Wprotocol -Wdeprecated-declarations -Wno-sign-conversion -Wno-infinite-recursion -Wno-comma -Wno-block-capture-autoreleasing -Wno-strict-prototypes -Wno-semicolon-before-method-body -index-store-path /Users/hectorgarcia/Library/Developer/Xcode/DerivedData/Lyo-eagkiegzrakogpczynhkaholsscs/Index.noindex/DataStore @/Users/hectorgarcia/Library/Developer/Xcode/DerivedData/Build/Intermediates.noindex/Firebase.build/Debug-iphonesimulator/FirebaseAuth.build/Objects-normal/x86_64/e6072d4f65d7061329687fe24e3d63a7-common-args.resp -include /Users/hectorgarcia/Library/Developer/Xcode/DerivedData/Build/Intermediates.noindex/Firebase.build/Debug-iphonesimulator/FirebaseAuth.build/DerivedSources/resource_bundle_accessor.h -MMD -MT dependencies -MF /Users/hectorgarcia/Library/Developer/Xcode/DerivedData/Build/Intermediates.noindex/Firebase.build/Debug-iphonesimulator/FirebaseAuth.build/Objects-normal/x86_64/FIRIdentityToolkitRequest.d --serialize-diagnostics /Users/hectorgarcia/Library/Developer/Xcode/DerivedData/Build/Intermediates.noindex/Firebase.build/Debug-iphonesimulator/FirebaseAuth.build/Objects-normal/x86_64/FIRIdentityToolkitRequest.dia -c /Users/hectorgarcia/Library/Developer/Xcode/DerivedData/Lyo-eagkiegzrakogpczynhkaholsscs/SourcePackages/checkouts/firebase-ios-sdk/FirebaseAuth/Sources/Backend/FIRIdentityToolkitRequest.m -o /Users/hectorgarcia/Library/Developer/Xcode/DerivedData/Build/Intermediates.noindex/Firebase.build/Debug-iphonesimulator/FirebaseAuth.build/Objects-normal/x86_64/FIRIdentityToolkitRequest.o -index-unit-output-path /Firebase.build/Debug-iphonesimulator/FirebaseAuth.build/Objects-normal/x86_64/FIRIdentityToolkitRequest.o

ScanDependencies /Users/hectorgarcia/Library/Developer/Xcode/DerivedData/Build/Intermediates.noindex/Firebase.build/Debug-iphonesimulator/FirebaseAuth.build/Objects-normal/x86_64/FIRGoogleAuthProvider.o /Users/hectorgarcia/Library/Developer/Xcode/DerivedData/Lyo-eagkiegzrakogpczynhkaholsscs/SourcePackages/checkouts/firebase-ios-sdk/FirebaseAuth/Sources/AuthProvider/Google/FIRGoogleAuthProvider.m normal x86_64 objective-c com.apple.compilers.llvm.clang.1_0.compiler (in target 'FirebaseAuth' from project 'Firebase')
    cd /Users/hectorgarcia/LYO_Da_ONE/Lyo.xcodeproj
    
    Using response file: /Users/hectorgarcia/Library/Developer/Xcode/DerivedData/Build/Intermediates.noindex/Firebase.build/Debug-iphonesimulator/FirebaseAuth.build/Objects-normal/x86_64/e6072d4f65d7061329687fe24e3d63a7-common-args.resp
    
    builtin-ScanDependencies -o /Users/hectorgarcia/Library/Developer/Xcode/DerivedData/Build/Intermediates.noindex/Firebase.build/Debug-iphonesimulator/FirebaseAuth.build/Objects-normal/x86_64/FIRGoogleAuthProvider.o.scan -- /Users/hectorgarcia/Downloads/Xcode.app/Contents/Developer/Toolchains/XcodeDefault.xctoolchain/usr/bin/clang -x objective-c -ivfsstatcache /Users/hectorgarcia/Library/Developer/Xcode/DerivedData/SDKStatCaches.noindex/iphonesimulator26.2-23C53-823d3e8b6e60bc2018c189d3ca05ba9b.sdkstatcache -fmessage-length\=0 -fdiagnostics-show-note-include-stack -fmacro-backtrace-limit\=0 -fno-color-diagnostics -fmodules-prune-interval\=86400 -fmodules-prune-after\=345600 -fbuild-session-file\=/Users/hectorgarcia/Library/Developer/Xcode/DerivedData/ModuleCache.noindex/Session.modulevalidation -fmodules-validate-once-per-build-session -Wnon-modular-include-in-framework-module -Werror\=non-modular-include-in-framework-module -Wno-trigraphs -Wno-missing-field-initializers -Wno-missing-prototypes -Wno-return-type -Wno-implicit-atomic-properties -Wno-objc-interface-ivars -Wno-arc-repeated-use-of-weak -Wno-missing-braces -Wparentheses -Wswitch -Wno-unused-function -Wno-unused-label -Wno-unused-parameter -Wno-unused-variable -Wunused-value -Wno-empty-body -Wno-uninitialized -Wno-unknown-pragmas -w -Wno-shadow -Wno-four-char-constants -Wno-conversion -Wno-constant-conversion -Wno-int-conversion -Wno-bool-conversion -Wno-enum-conversion -Wno-float-conversion -Wno-non-literal-null-conversion -Wno-objc-literal-conversion -Wshorten-64-to-32 -Wpointer-sign -Wno-newline-eof -Wno-selector -Wno-strict-selector-match -Wno-undeclared-selector -Wno-deprecated-implementations -Wno-implicit-fallthrough -fstrict-aliasing -Wprotocol -Wdeprecated-declarations -Wno-sign-conversion -Wno-infinite-recursion -Wno-comma -Wno-block-capture-autoreleasing -Wno-strict-prototypes -Wno-semicolon-before-method-body -index-store-path /Users/hectorgarcia/Library/Developer/Xcode/DerivedData/Lyo-eagkiegzrakogpczynhkaholsscs/Index.noindex/DataStore @/Users/hectorgarcia/Library/Developer/Xcode/DerivedData/Build/Intermediates.noindex/Firebase.build/Debug-iphonesimulator/FirebaseAuth.build/Objects-normal/x86_64/e6072d4f65d7061329687fe24e3d63a7-common-args.resp -include /Users/hectorgarcia/Library/Developer/Xcode/DerivedData/Build/Intermediates.noindex/Firebase.build/Debug-iphonesimulator/FirebaseAuth.build/DerivedSources/resource_bundle_accessor.h -MMD -MT dependencies -MF /Users/hectorgarcia/Library/Developer/Xcode/DerivedData/Build/Intermediates.noindex/Firebase.build/Debug-iphonesimulator/FirebaseAuth.build/Objects-normal/x86_64/FIRGoogleAuthProvider.d --serialize-diagnostics /Users/hectorgarcia/Library/Developer/Xcode/DerivedData/Build/Intermediates.noindex/Firebase.build/Debug-iphonesimulator/FirebaseAuth.build/Objects-normal/x86_64/FIRGoogleAuthProvider.dia -c /Users/hectorgarcia/Library/Developer/Xcode/DerivedData/Lyo-eagkiegzrakogpczynhkaholsscs/SourcePackages/checkouts/firebase-ios-sdk/FirebaseAuth/Sources/AuthProvider/Google/FIRGoogleAuthProvider.m -o /Users/hectorgarcia/Library/Developer/Xcode/DerivedData/Build/Intermediates.noindex/Firebase.build/Debug-iphonesimulator/FirebaseAuth.build/Objects-normal/x86_64/FIRGoogleAuthProvider.o -index-unit-output-path /Firebase.build/Debug-iphonesimulator/FirebaseAuth.build/Objects-normal/x86_64/FIRGoogleAuthProvider.o

CompileC /Users/hectorgarcia/Library/Developer/Xcode/DerivedData/Build/Intermediates.noindex/Firebase.build/Debug-iphonesimulator/FirebaseAuth.build/Objects-normal/x86_64/FIRMultiFactor.o /Users/hectorgarcia/Library/Developer/Xcode/DerivedData/Lyo-eagkiegzrakogpczynhkaholsscs/SourcePackages/checkouts/firebase-ios-sdk/FirebaseAuth/Sources/MultiFactor/FIRMultiFactor.m normal x86_64 objective-c com.apple.compilers.llvm.clang.1_0.compiler (in target 'FirebaseAuth' from project 'Firebase')
    cd /Users/hectorgarcia/LYO_Da_ONE/Lyo.xcodeproj
    
    Using response file: /Users/hectorgarcia/Library/Developer/Xcode/DerivedData/Build/Intermediates.noindex/Firebase.build/Debug-iphonesimulator/FirebaseAuth.build/Objects-normal/x86_64/e6072d4f65d7061329687fe24e3d63a7-common-args.resp
    
    /Users/hectorgarcia/Downloads/Xcode.app/Contents/Developer/Toolchains/XcodeDefault.xctoolchain/usr/bin/clang -x objective-c -ivfsstatcache /Users/hectorgarcia/Library/Developer/Xcode/DerivedData/SDKStatCaches.noindex/iphonesimulator26.2-23C53-823d3e8b6e60bc2018c189d3ca05ba9b.sdkstatcache -fmessage-length\=0 -fdiagnostics-show-note-include-stack -fmacro-backtrace-limit\=0 -fno-color-diagnostics -fmodules-prune-interval\=86400 -fmodules-prune-after\=345600 -fbuild-session-file\=/Users/hectorgarcia/Library/Developer/Xcode/DerivedData/ModuleCache.noindex/Session.modulevalidation -fmodules-validate-once-per-build-session -Wnon-modular-include-in-framework-module -Werror\=non-modular-include-in-framework-module -Wno-trigraphs -Wno-missing-field-initializers -Wno-missing-prototypes -Wno-return-type -Wno-implicit-atomic-properties -Wno-objc-interface-ivars -Wno-arc-repeated-use-of-weak -Wno-missing-braces -Wparentheses -Wswitch -Wno-unused-function -Wno-unused-label -Wno-unused-parameter -Wno-unused-variable -Wunused-value -Wno-empty-body -Wno-uninitialized -Wno-unknown-pragmas -w -Wno-shadow -Wno-four-char-constants -Wno-conversion -Wno-constant-conversion -Wno-int-conversion -Wno-bool-conversion -Wno-enum-conversion -Wno-float-conversion -Wno-non-literal-null-conversion -Wno-objc-literal-conversion -Wshorten-64-to-32 -Wpointer-sign -Wno-newline-eof -Wno-selector -Wno-strict-selector-match -Wno-undeclared-selector -Wno-deprecated-implementations -Wno-implicit-fallthrough -fstrict-aliasing -Wprotocol -Wdeprecated-declarations -Wno-sign-conversion -Wno-infinite-recursion -Wno-comma -Wno-block-capture-autoreleasing -Wno-strict-prototypes -Wno-semicolon-before-method-body -index-store-path /Users/hectorgarcia/Library/Developer/Xcode/DerivedData/Lyo-eagkiegzrakogpczynhkaholsscs/Index.noindex/DataStore @/Users/hectorgarcia/Library/Developer/Xcode/DerivedData/Build/Intermediates.noindex/Firebase.build/Debug-iphonesimulator/FirebaseAuth.build/Objects-normal/x86_64/e6072d4f65d7061329687fe24e3d63a7-common-args.resp -include /Users/hectorgarcia/Library/Developer/Xcode/DerivedData/Build/Intermediates.noindex/Firebase.build/Debug-iphonesimulator/FirebaseAuth.build/DerivedSources/resource_bundle_accessor.h -MMD -MT dependencies -MF /Users/hectorgarcia/Library/Developer/Xcode/DerivedData/Build/Intermediates.noindex/Firebase.build/Debug-iphonesimulator/FirebaseAuth.build/Objects-normal/x86_64/FIRMultiFactor.d --serialize-diagnostics /Users/hectorgarcia/Library/Developer/Xcode/DerivedData/Build/Intermediates.noindex/Firebase.build/Debug-iphonesimulator/FirebaseAuth.build/Objects-normal/x86_64/FIRMultiFactor.dia -c /Users/hectorgarcia/Library/Developer/Xcode/DerivedData/Lyo-eagkiegzrakogpczynhkaholsscs/SourcePackages/checkouts/firebase-ios-sdk/FirebaseAuth/Sources/MultiFactor/FIRMultiFactor.m -o /Users/hectorgarcia/Library/Developer/Xcode/DerivedData/Build/Intermediates.noindex/Firebase.build/Debug-iphonesimulator/FirebaseAuth.build/Objects-normal/x86_64/FIRMultiFactor.o -index-unit-output-path /Firebase.build/Debug-iphonesimulator/FirebaseAuth.build/Objects-normal/x86_64/FIRMultiFactor.o

ScanDependencies /Users/hectorgarcia/Library/Developer/Xcode/DerivedData/Build/Intermediates.noindex/Firebase.build/Debug-iphonesimulator/FirebaseAuth.build/Objects-normal/x86_64/FIRGoogleAuthCredential.o /Users/hectorgarcia/Library/Developer/Xcode/DerivedData/Lyo-eagkiegzrakogpczynhkaholsscs/SourcePackages/checkouts/firebase-ios-sdk/FirebaseAuth/Sources/AuthProvider/Google/FIRGoogleAuthCredential.m normal x86_64 objective-c com.apple.compilers.llvm.clang.1_0.compiler (in target 'FirebaseAuth' from project 'Firebase')
    cd /Users/hectorgarcia/LYO_Da_ONE/Lyo.xcodeproj
    
    Using response file: /Users/hectorgarcia/Library/Developer/Xcode/DerivedData/Build/Intermediates.noindex/Firebase.build/Debug-iphonesimulator/FirebaseAuth.build/Objects-normal/x86_64/e6072d4f65d7061329687fe24e3d63a7-common-args.resp
    
    builtin-ScanDependencies -o /Users/hectorgarcia/Library/Developer/Xcode/DerivedData/Build/Intermediates.noindex/Firebase.build/Debug-iphonesimulator/FirebaseAuth.build/Objects-normal/x86_64/FIRGoogleAuthCredential.o.scan -- /Users/hectorgarcia/Downloads/Xcode.app/Contents/Developer/Toolchains/XcodeDefault.xctoolchain/usr/bin/clang -x objective-c -ivfsstatcache /Users/hectorgarcia/Library/Developer/Xcode/DerivedData/SDKStatCaches.noindex/iphonesimulator26.2-23C53-823d3e8b6e60bc2018c189d3ca05ba9b.sdkstatcache -fmessage-length\=0 -fdiagnostics-show-note-include-stack -fmacro-backtrace-limit\=0 -fno-color-diagnostics -fmodules-prune-interval\=86400 -fmodules-prune-after\=345600 -fbuild-session-file\=/Users/hectorgarcia/Library/Developer/Xcode/DerivedData/ModuleCache.noindex/Session.modulevalidation -fmodules-validate-once-per-build-session -Wnon-modular-include-in-framework-module -Werror\=non-modular-include-in-framework-module -Wno-trigraphs -Wno-missing-field-initializers -Wno-missing-prototypes -Wno-return-type -Wno-implicit-atomic-properties -Wno-objc-interface-ivars -Wno-arc-repeated-use-of-weak -Wno-missing-braces -Wparentheses -Wswitch -Wno-unused-function -Wno-unused-label -Wno-unused-parameter -Wno-unused-variable -Wunused-value -Wno-empty-body -Wno-uninitialized -Wno-unknown-pragmas -w -Wno-shadow -Wno-four-char-constants -Wno-conversion -Wno-constant-conversion -Wno-int-conversion -Wno-bool-conversion -Wno-enum-conversion -Wno-float-conversion -Wno-non-literal-null-conversion -Wno-objc-literal-conversion -Wshorten-64-to-32 -Wpointer-sign -Wno-newline-eof -Wno-selector -Wno-strict-selector-match -Wno-undeclared-selector -Wno-deprecated-implementations -Wno-implicit-fallthrough -fstrict-aliasing -Wprotocol -Wdeprecated-declarations -Wno-sign-conversion -Wno-infinite-recursion -Wno-comma -Wno-block-capture-autoreleasing -Wno-strict-prototypes -Wno-semicolon-before-method-body -index-store-path /Users/hectorgarcia/Library/Developer/Xcode/DerivedData/Lyo-eagkiegzrakogpczynhkaholsscs/Index.noindex/DataStore @/Users/hectorgarcia/Library/Developer/Xcode/DerivedData/Build/Intermediates.noindex/Firebase.build/Debug-iphonesimulator/FirebaseAuth.build/Objects-normal/x86_64/e6072d4f65d7061329687fe24e3d63a7-common-args.resp -include /Users/hectorgarcia/Library/Developer/Xcode/DerivedData/Build/Intermediates.noindex/Firebase.build/Debug-iphonesimulator/FirebaseAuth.build/DerivedSources/resource_bundle_accessor.h -MMD -MT dependencies -MF /Users/hectorgarcia/Library/Developer/Xcode/DerivedData/Build/Intermediates.noindex/Firebase.build/Debug-iphonesimulator/FirebaseAuth.build/Objects-normal/x86_64/FIRGoogleAuthCredential.d --serialize-diagnostics /Users/hectorgarcia/Library/Developer/Xcode/DerivedData/Build/Intermediates.noindex/Firebase.build/Debug-iphonesimulator/FirebaseAuth.build/Objects-normal/x86_64/FIRGoogleAuthCredential.dia -c /Users/hectorgarcia/Library/Developer/Xcode/DerivedData/Lyo-eagkiegzrakogpczynhkaholsscs/SourcePackages/checkouts/firebase-ios-sdk/FirebaseAuth/Sources/AuthProvider/Google/FIRGoogleAuthCredential.m -o /Users/hectorgarcia/Library/Developer/Xcode/DerivedData/Build/Intermediates.noindex/Firebase.build/Debug-iphonesimulator/FirebaseAuth.build/Objects-normal/x86_64/FIRGoogleAuthCredential.o -index-unit-output-path /Firebase.build/Debug-iphonesimulator/FirebaseAuth.build/Objects-normal/x86_64/FIRGoogleAuthCredential.o

ScanDependencies /Users/hectorgarcia/Library/Developer/Xcode/DerivedData/Build/Intermediates.noindex/Firebase.build/Debug-iphonesimulator/FirebaseAuth.build/Objects-normal/x86_64/FIRGitHubAuthProvider.o /Users/hectorgarcia/Library/Developer/Xcode/DerivedData/Lyo-eagkiegzrakogpczynhkaholsscs/SourcePackages/checkouts/firebase-ios-sdk/FirebaseAuth/Sources/AuthProvider/GitHub/FIRGitHubAuthProvider.m normal x86_64 objective-c com.apple.compilers.llvm.clang.1_0.compiler (in target 'FirebaseAuth' from project 'Firebase')
    cd /Users/hectorgarcia/LYO_Da_ONE/Lyo.xcodeproj
    
    Using response file: /Users/hectorgarcia/Library/Developer/Xcode/DerivedData/Build/Intermediates.noindex/Firebase.build/Debug-iphonesimulator/FirebaseAuth.build/Objects-normal/x86_64/e6072d4f65d7061329687fe24e3d63a7-common-args.resp
    
    builtin-ScanDependencies -o /Users/hectorgarcia/Library/Developer/Xcode/DerivedData/Build/Intermediates.noindex/Firebase.build/Debug-iphonesimulator/FirebaseAuth.build/Objects-normal/x86_64/FIRGitHubAuthProvider.o.scan -- /Users/hectorgarcia/Downloads/Xcode.app/Contents/Developer/Toolchains/XcodeDefault.xctoolchain/usr/bin/clang -x objective-c -ivfsstatcache /Users/hectorgarcia/Library/Developer/Xcode/DerivedData/SDKStatCaches.noindex/iphonesimulator26.2-23C53-823d3e8b6e60bc2018c189d3ca05ba9b.sdkstatcache -fmessage-length\=0 -fdiagnostics-show-note-include-stack -fmacro-backtrace-limit\=0 -fno-color-diagnostics -fmodules-prune-interval\=86400 -fmodules-prune-after\=345600 -fbuild-session-file\=/Users/hectorgarcia/Library/Developer/Xcode/DerivedData/ModuleCache.noindex/Session.modulevalidation -fmodules-validate-once-per-build-session -Wnon-modular-include-in-framework-module -Werror\=non-modular-include-in-framework-module -Wno-trigraphs -Wno-missing-field-initializers -Wno-missing-prototypes -Wno-return-type -Wno-implicit-atomic-properties -Wno-objc-interface-ivars -Wno-arc-repeated-use-of-weak -Wno-missing-braces -Wparentheses -Wswitch -Wno-unused-function -Wno-unused-label -Wno-unused-parameter -Wno-unused-variable -Wunused-value -Wno-empty-body -Wno-uninitialized -Wno-unknown-pragmas -w -Wno-shadow -Wno-four-char-constants -Wno-conversion -Wno-constant-conversion -Wno-int-conversion -Wno-bool-conversion -Wno-enum-conversion -Wno-float-conversion -Wno-non-literal-null-conversion -Wno-objc-literal-conversion -Wshorten-64-to-32 -Wpointer-sign -Wno-newline-eof -Wno-selector -Wno-strict-selector-match -Wno-undeclared-selector -Wno-deprecated-implementations -Wno-implicit-fallthrough -fstrict-aliasing -Wprotocol -Wdeprecated-declarations -Wno-sign-conversion -Wno-infinite-recursion -Wno-comma -Wno-block-capture-autoreleasing -Wno-strict-prototypes -Wno-semicolon-before-method-body -index-store-path /Users/hectorgarcia/Library/Developer/Xcode/DerivedData/Lyo-eagkiegzrakogpczynhkaholsscs/Index.noindex/DataStore @/Users/hectorgarcia/Library/Developer/Xcode/DerivedData/Build/Intermediates.noindex/Firebase.build/Debug-iphonesimulator/FirebaseAuth.build/Objects-normal/x86_64/e6072d4f65d7061329687fe24e3d63a7-common-args.resp -include /Users/hectorgarcia/Library/Developer/Xcode/DerivedData/Build/Intermediates.noindex/Firebase.build/Debug-iphonesimulator/FirebaseAuth.build/DerivedSources/resource_bundle_accessor.h -MMD -MT dependencies -MF /Users/hectorgarcia/Library/Developer/Xcode/DerivedData/Build/Intermediates.noindex/Firebase.build/Debug-iphonesimulator/FirebaseAuth.build/Objects-normal/x86_64/FIRGitHubAuthProvider.d --serialize-diagnostics /Users/hectorgarcia/Library/Developer/Xcode/DerivedData/Build/Intermediates.noindex/Firebase.build/Debug-iphonesimulator/FirebaseAuth.build/Objects-normal/x86_64/FIRGitHubAuthProvider.dia -c /Users/hectorgarcia/Library/Developer/Xcode/DerivedData/Lyo-eagkiegzrakogpczynhkaholsscs/SourcePackages/checkouts/firebase-ios-sdk/FirebaseAuth/Sources/AuthProvider/GitHub/FIRGitHubAuthProvider.m -o /Users/hectorgarcia/Library/Developer/Xcode/DerivedData/Build/Intermediates.noindex/Firebase.build/Debug-iphonesimulator/FirebaseAuth.build/Objects-normal/x86_64/FIRGitHubAuthProvider.o -index-unit-output-path /Firebase.build/Debug-iphonesimulator/FirebaseAuth.build/Objects-normal/x86_64/FIRGitHubAuthProvider.o

ScanDependencies /Users/hectorgarcia/Library/Developer/Xcode/DerivedData/Build/Intermediates.noindex/Firebase.build/Debug-iphonesimulator/FirebaseAuth.build/Objects-normal/x86_64/FIRGitHubAuthCredential.o /Users/hectorgarcia/Library/Developer/Xcode/DerivedData/Lyo-eagkiegzrakogpczynhkaholsscs/SourcePackages/checkouts/firebase-ios-sdk/FirebaseAuth/Sources/AuthProvider/GitHub/FIRGitHubAuthCredential.m normal x86_64 objective-c com.apple.compilers.llvm.clang.1_0.compiler (in target 'FirebaseAuth' from project 'Firebase')
    cd /Users/hectorgarcia/LYO_Da_ONE/Lyo.xcodeproj
    
    Using response file: /Users/hectorgarcia/Library/Developer/Xcode/DerivedData/Build/Intermediates.noindex/Firebase.build/Debug-iphonesimulator/FirebaseAuth.build/Objects-normal/x86_64/e6072d4f65d7061329687fe24e3d63a7-common-args.resp
    
    builtin-ScanDependencies -o /Users/hectorgarcia/Library/Developer/Xcode/DerivedData/Build/Intermediates.noindex/Firebase.build/Debug-iphonesimulator/FirebaseAuth.build/Objects-normal/x86_64/FIRGitHubAuthCredential.o.scan -- /Users/hectorgarcia/Downloads/Xcode.app/Contents/Developer/Toolchains/XcodeDefault.xctoolchain/usr/bin/clang -x objective-c -ivfsstatcache /Users/hectorgarcia/Library/Developer/Xcode/DerivedData/SDKStatCaches.noindex/iphonesimulator26.2-23C53-823d3e8b6e60bc2018c189d3ca05ba9b.sdkstatcache -fmessage-length\=0 -fdiagnostics-show-note-include-stack -fmacro-backtrace-limit\=0 -fno-color-diagnostics -fmodules-prune-interval\=86400 -fmodules-prune-after\=345600 -fbuild-session-file\=/Users/hectorgarcia/Library/Developer/Xcode/DerivedData/ModuleCache.noindex/Session.modulevalidation -fmodules-validate-once-per-build-session -Wnon-modular-include-in-framework-module -Werror\=non-modular-include-in-framework-module -Wno-trigraphs -Wno-missing-field-initializers -Wno-missing-prototypes -Wno-return-type -Wno-implicit-atomic-properties -Wno-objc-interface-ivars -Wno-arc-repeated-use-of-weak -Wno-missing-braces -Wparentheses -Wswitch -Wno-unused-function -Wno-unused-label -Wno-unused-parameter -Wno-unused-variable -Wunused-value -Wno-empty-body -Wno-uninitialized -Wno-unknown-pragmas -w -Wno-shadow -Wno-four-char-constants -Wno-conversion -Wno-constant-conversion -Wno-int-conversion -Wno-bool-conversion -Wno-enum-conversion -Wno-float-conversion -Wno-non-literal-null-conversion -Wno-objc-literal-conversion -Wshorten-64-to-32 -Wpointer-sign -Wno-newline-eof -Wno-selector -Wno-strict-selector-match -Wno-undeclared-selector -Wno-deprecated-implementations -Wno-implicit-fallthrough -fstrict-aliasing -Wprotocol -Wdeprecated-declarations -Wno-sign-conversion -Wno-infinite-recursion -Wno-comma -Wno-block-capture-autoreleasing -Wno-strict-prototypes -Wno-semicolon-before-method-body -index-store-path /Users/hectorgarcia/Library/Developer/Xcode/DerivedData/Lyo-eagkiegzrakogpczynhkaholsscs/Index.noindex/DataStore @/Users/hectorgarcia/Library/Developer/Xcode/DerivedData/Build/Intermediates.noindex/Firebase.build/Debug-iphonesimulator/FirebaseAuth.build/Objects-normal/x86_64/e6072d4f65d7061329687fe24e3d63a7-common-args.resp -include /Users/hectorgarcia/Library/Developer/Xcode/DerivedData/Build/Intermediates.noindex/Firebase.build/Debug-iphonesimulator/FirebaseAuth.build/DerivedSources/resource_bundle_accessor.h -MMD -MT dependencies -MF /Users/hectorgarcia/Library/Developer/Xcode/DerivedData/Build/Intermediates.noindex/Firebase.build/Debug-iphonesimulator/FirebaseAuth.build/Objects-normal/x86_64/FIRGitHubAuthCredential.d --serialize-diagnostics /Users/hectorgarcia/Library/Developer/Xcode/DerivedData/Build/Intermediates.noindex/Firebase.build/Debug-iphonesimulator/FirebaseAuth.build/Objects-normal/x86_64/FIRGitHubAuthCredential.dia -c /Users/hectorgarcia/Library/Developer/Xcode/DerivedData/Lyo-eagkiegzrakogpczynhkaholsscs/SourcePackages/checkouts/firebase-ios-sdk/FirebaseAuth/Sources/AuthProvider/GitHub/FIRGitHubAuthCredential.m -o /Users/hectorgarcia/Library/Developer/Xcode/DerivedData/Build/Intermediates.noindex/Firebase.build/Debug-iphonesimulator/FirebaseAuth.build/Objects-normal/x86_64/FIRGitHubAuthCredential.o -index-unit-output-path /Firebase.build/Debug-iphonesimulator/FirebaseAuth.build/Objects-normal/x86_64/FIRGitHubAuthCredential.o

CompileC /Users/hectorgarcia/Library/Developer/Xcode/DerivedData/Build/Intermediates.noindex/Firebase.build/Debug-iphonesimulator/FirebaseAuth.build/Objects-normal/x86_64/FIRGoogleAuthProvider.o /Users/hectorgarcia/Library/Developer/Xcode/DerivedData/Lyo-eagkiegzrakogpczynhkaholsscs/SourcePackages/checkouts/firebase-ios-sdk/FirebaseAuth/Sources/AuthProvider/Google/FIRGoogleAuthProvider.m normal x86_64 objective-c com.apple.compilers.llvm.clang.1_0.compiler (in target 'FirebaseAuth' from project 'Firebase')
    cd /Users/hectorgarcia/LYO_Da_ONE/Lyo.xcodeproj
    
    Using response file: /Users/hectorgarcia/Library/Developer/Xcode/DerivedData/Build/Intermediates.noindex/Firebase.build/Debug-iphonesimulator/FirebaseAuth.build/Objects-normal/x86_64/e6072d4f65d7061329687fe24e3d63a7-common-args.resp
    
    /Users/hectorgarcia/Downloads/Xcode.app/Contents/Developer/Toolchains/XcodeDefault.xctoolchain/usr/bin/clang -x objective-c -ivfsstatcache /Users/hectorgarcia/Library/Developer/Xcode/DerivedData/SDKStatCaches.noindex/iphonesimulator26.2-23C53-823d3e8b6e60bc2018c189d3ca05ba9b.sdkstatcache -fmessage-length\=0 -fdiagnostics-show-note-include-stack -fmacro-backtrace-limit\=0 -fno-color-diagnostics -fmodules-prune-interval\=86400 -fmodules-prune-after\=345600 -fbuild-session-file\=/Users/hectorgarcia/Library/Developer/Xcode/DerivedData/ModuleCache.noindex/Session.modulevalidation -fmodules-validate-once-per-build-session -Wnon-modular-include-in-framework-module -Werror\=non-modular-include-in-framework-module -Wno-trigraphs -Wno-missing-field-initializers -Wno-missing-prototypes -Wno-return-type -Wno-implicit-atomic-properties -Wno-objc-interface-ivars -Wno-arc-repeated-use-of-weak -Wno-missing-braces -Wparentheses -Wswitch -Wno-unused-function -Wno-unused-label -Wno-unused-parameter -Wno-unused-variable -Wunused-value -Wno-empty-body -Wno-uninitialized -Wno-unknown-pragmas -w -Wno-shadow -Wno-four-char-constants -Wno-conversion -Wno-constant-conversion -Wno-int-conversion -Wno-bool-conversion -Wno-enum-conversion -Wno-float-conversion -Wno-non-literal-null-conversion -Wno-objc-literal-conversion -Wshorten-64-to-32 -Wpointer-sign -Wno-newline-eof -Wno-selector -Wno-strict-selector-match -Wno-undeclared-selector -Wno-deprecated-implementations -Wno-implicit-fallthrough -fstrict-aliasing -Wprotocol -Wdeprecated-declarations -Wno-sign-conversion -Wno-infinite-recursion -Wno-comma -Wno-block-capture-autoreleasing -Wno-strict-prototypes -Wno-semicolon-before-method-body -index-store-path /Users/hectorgarcia/Library/Developer/Xcode/DerivedData/Lyo-eagkiegzrakogpczynhkaholsscs/Index.noindex/DataStore @/Users/hectorgarcia/Library/Developer/Xcode/DerivedData/Build/Intermediates.noindex/Firebase.build/Debug-iphonesimulator/FirebaseAuth.build/Objects-normal/x86_64/e6072d4f65d7061329687fe24e3d63a7-common-args.resp -include /Users/hectorgarcia/Library/Developer/Xcode/DerivedData/Build/Intermediates.noindex/Firebase.build/Debug-iphonesimulator/FirebaseAuth.build/DerivedSources/resource_bundle_accessor.h -MMD -MT dependencies -MF /Users/hectorgarcia/Library/Developer/Xcode/DerivedData/Build/Intermediates.noindex/Firebase.build/Debug-iphonesimulator/FirebaseAuth.build/Objects-normal/x86_64/FIRGoogleAuthProvider.d --serialize-diagnostics /Users/hectorgarcia/Library/Developer/Xcode/DerivedData/Build/Intermediates.noindex/Firebase.build/Debug-iphonesimulator/FirebaseAuth.build/Objects-normal/x86_64/FIRGoogleAuthProvider.dia -c /Users/hectorgarcia/Library/Developer/Xcode/DerivedData/Lyo-eagkiegzrakogpczynhkaholsscs/SourcePackages/checkouts/firebase-ios-sdk/FirebaseAuth/Sources/AuthProvider/Google/FIRGoogleAuthProvider.m -o /Users/hectorgarcia/Library/Developer/Xcode/DerivedData/Build/Intermediates.noindex/Firebase.build/Debug-iphonesimulator/FirebaseAuth.build/Objects-normal/x86_64/FIRGoogleAuthProvider.o -index-unit-output-path /Firebase.build/Debug-iphonesimulator/FirebaseAuth.build/Objects-normal/x86_64/FIRGoogleAuthProvider.o

CompileC /Users/hectorgarcia/Library/Developer/Xcode/DerivedData/Build/Intermediates.noindex/Firebase.build/Debug-iphonesimulator/FirebaseAuth.build/Objects-normal/x86_64/FIRIdentityToolkitRequest.o /Users/hectorgarcia/Library/Developer/Xcode/DerivedData/Lyo-eagkiegzrakogpczynhkaholsscs/SourcePackages/checkouts/firebase-ios-sdk/FirebaseAuth/Sources/Backend/FIRIdentityToolkitRequest.m normal x86_64 objective-c com.apple.compilers.llvm.clang.1_0.compiler (in target 'FirebaseAuth' from project 'Firebase')
    cd /Users/hectorgarcia/LYO_Da_ONE/Lyo.xcodeproj
    
    Using response file: /Users/hectorgarcia/Library/Developer/Xcode/DerivedData/Build/Intermediates.noindex/Firebase.build/Debug-iphonesimulator/FirebaseAuth.build/Objects-normal/x86_64/e6072d4f65d7061329687fe24e3d63a7-common-args.resp
    
    /Users/hectorgarcia/Downloads/Xcode.app/Contents/Developer/Toolchains/XcodeDefault.xctoolchain/usr/bin/clang -x objective-c -ivfsstatcache /Users/hectorgarcia/Library/Developer/Xcode/DerivedData/SDKStatCaches.noindex/iphonesimulator26.2-23C53-823d3e8b6e60bc2018c189d3ca05ba9b.sdkstatcache -fmessage-length\=0 -fdiagnostics-show-note-include-stack -fmacro-backtrace-limit\=0 -fno-color-diagnostics -fmodules-prune-interval\=86400 -fmodules-prune-after\=345600 -fbuild-session-file\=/Users/hectorgarcia/Library/Developer/Xcode/DerivedData/ModuleCache.noindex/Session.modulevalidation -fmodules-validate-once-per-build-session -Wnon-modular-include-in-framework-module -Werror\=non-modular-include-in-framework-module -Wno-trigraphs -Wno-missing-field-initializers -Wno-missing-prototypes -Wno-return-type -Wno-implicit-atomic-properties -Wno-objc-interface-ivars -Wno-arc-repeated-use-of-weak -Wno-missing-braces -Wparentheses -Wswitch -Wno-unused-function -Wno-unused-label -Wno-unused-parameter -Wno-unused-variable -Wunused-value -Wno-empty-body -Wno-uninitialized -Wno-unknown-pragmas -w -Wno-shadow -Wno-four-char-constants -Wno-conversion -Wno-constant-conversion -Wno-int-conversion -Wno-bool-conversion -Wno-enum-conversion -Wno-float-conversion -Wno-non-literal-null-conversion -Wno-objc-literal-conversion -Wshorten-64-to-32 -Wpointer-sign -Wno-newline-eof -Wno-selector -Wno-strict-selector-match -Wno-undeclared-selector -Wno-deprecated-implementations -Wno-implicit-fallthrough -fstrict-aliasing -Wprotocol -Wdeprecated-declarations -Wno-sign-conversion -Wno-infinite-recursion -Wno-comma -Wno-block-capture-autoreleasing -Wno-strict-prototypes -Wno-semicolon-before-method-body -index-store-path /Users/hectorgarcia/Library/Developer/Xcode/DerivedData/Lyo-eagkiegzrakogpczynhkaholsscs/Index.noindex/DataStore @/Users/hectorgarcia/Library/Developer/Xcode/DerivedData/Build/Intermediates.noindex/Firebase.build/Debug-iphonesimulator/FirebaseAuth.build/Objects-normal/x86_64/e6072d4f65d7061329687fe24e3d63a7-common-args.resp -include /Users/hectorgarcia/Library/Developer/Xcode/DerivedData/Build/Intermediates.noindex/Firebase.build/Debug-iphonesimulator/FirebaseAuth.build/DerivedSources/resource_bundle_accessor.h -MMD -MT dependencies -MF /Users/hectorgarcia/Library/Developer/Xcode/DerivedData/Build/Intermediates.noindex/Firebase.build/Debug-iphonesimulator/FirebaseAuth.build/Objects-normal/x86_64/FIRIdentityToolkitRequest.d --serialize-diagnostics /Users/hectorgarcia/Library/Developer/Xcode/DerivedData/Build/Intermediates.noindex/Firebase.build/Debug-iphonesimulator/FirebaseAuth.build/Objects-normal/x86_64/FIRIdentityToolkitRequest.dia -c /Users/hectorgarcia/Library/Developer/Xcode/DerivedData/Lyo-eagkiegzrakogpczynhkaholsscs/SourcePackages/checkouts/firebase-ios-sdk/FirebaseAuth/Sources/Backend/FIRIdentityToolkitRequest.m -o /Users/hectorgarcia/Library/Developer/Xcode/DerivedData/Build/Intermediates.noindex/Firebase.build/Debug-iphonesimulator/FirebaseAuth.build/Objects-normal/x86_64/FIRIdentityToolkitRequest.o -index-unit-output-path /Firebase.build/Debug-iphonesimulator/FirebaseAuth.build/Objects-normal/x86_64/FIRIdentityToolkitRequest.o

CompileC /Users/hectorgarcia/Library/Developer/Xcode/DerivedData/Build/Intermediates.noindex/Firebase.build/Debug-iphonesimulator/FirebaseAuth.build/Objects-normal/x86_64/FIRGoogleAuthCredential.o /Users/hectorgarcia/Library/Developer/Xcode/DerivedData/Lyo-eagkiegzrakogpczynhkaholsscs/SourcePackages/checkouts/firebase-ios-sdk/FirebaseAuth/Sources/AuthProvider/Google/FIRGoogleAuthCredential.m normal x86_64 objective-c com.apple.compilers.llvm.clang.1_0.compiler (in target 'FirebaseAuth' from project 'Firebase')
    cd /Users/hectorgarcia/LYO_Da_ONE/Lyo.xcodeproj
    
    Using response file: /Users/hectorgarcia/Library/Developer/Xcode/DerivedData/Build/Intermediates.noindex/Firebase.build/Debug-iphonesimulator/FirebaseAuth.build/Objects-normal/x86_64/e6072d4f65d7061329687fe24e3d63a7-common-args.resp
    
    /Users/hectorgarcia/Downloads/Xcode.app/Contents/Developer/Toolchains/XcodeDefault.xctoolchain/usr/bin/clang -x objective-c -ivfsstatcache /Users/hectorgarcia/Library/Developer/Xcode/DerivedData/SDKStatCaches.noindex/iphonesimulator26.2-23C53-823d3e8b6e60bc2018c189d3ca05ba9b.sdkstatcache -fmessage-length\=0 -fdiagnostics-show-note-include-stack -fmacro-backtrace-limit\=0 -fno-color-diagnostics -fmodules-prune-interval\=86400 -fmodules-prune-after\=345600 -fbuild-session-file\=/Users/hectorgarcia/Library/Developer/Xcode/DerivedData/ModuleCache.noindex/Session.modulevalidation -fmodules-validate-once-per-build-session -Wnon-modular-include-in-framework-module -Werror\=non-modular-include-in-framework-module -Wno-trigraphs -Wno-missing-field-initializers -Wno-missing-prototypes -Wno-return-type -Wno-implicit-atomic-properties -Wno-objc-interface-ivars -Wno-arc-repeated-use-of-weak -Wno-missing-braces -Wparentheses -Wswitch -Wno-unused-function -Wno-unused-label -Wno-unused-parameter -Wno-unused-variable -Wunused-value -Wno-empty-body -Wno-uninitialized -Wno-unknown-pragmas -w -Wno-shadow -Wno-four-char-constants -Wno-conversion -Wno-constant-conversion -Wno-int-conversion -Wno-bool-conversion -Wno-enum-conversion -Wno-float-conversion -Wno-non-literal-null-conversion -Wno-objc-literal-conversion -Wshorten-64-to-32 -Wpointer-sign -Wno-newline-eof -Wno-selector -Wno-strict-selector-match -Wno-undeclared-selector -Wno-deprecated-implementations -Wno-implicit-fallthrough -fstrict-aliasing -Wprotocol -Wdeprecated-declarations -Wno-sign-conversion -Wno-infinite-recursion -Wno-comma -Wno-block-capture-autoreleasing -Wno-strict-prototypes -Wno-semicolon-before-method-body -index-store-path /Users/hectorgarcia/Library/Developer/Xcode/DerivedData/Lyo-eagkiegzrakogpczynhkaholsscs/Index.noindex/DataStore @/Users/hectorgarcia/Library/Developer/Xcode/DerivedData/Build/Intermediates.noindex/Firebase.build/Debug-iphonesimulator/FirebaseAuth.build/Objects-normal/x86_64/e6072d4f65d7061329687fe24e3d63a7-common-args.resp -include /Users/hectorgarcia/Library/Developer/Xcode/DerivedData/Build/Intermediates.noindex/Firebase.build/Debug-iphonesimulator/FirebaseAuth.build/DerivedSources/resource_bundle_accessor.h -MMD -MT dependencies -MF /Users/hectorgarcia/Library/Developer/Xcode/DerivedData/Build/Intermediates.noindex/Firebase.build/Debug-iphonesimulator/FirebaseAuth.build/Objects-normal/x86_64/FIRGoogleAuthCredential.d --serialize-diagnostics /Users/hectorgarcia/Library/Developer/Xcode/DerivedData/Build/Intermediates.noindex/Firebase.build/Debug-iphonesimulator/FirebaseAuth.build/Objects-normal/x86_64/FIRGoogleAuthCredential.dia -c /Users/hectorgarcia/Library/Developer/Xcode/DerivedData/Lyo-eagkiegzrakogpczynhkaholsscs/SourcePackages/checkouts/firebase-ios-sdk/FirebaseAuth/Sources/AuthProvider/Google/FIRGoogleAuthCredential.m -o /Users/hectorgarcia/Library/Developer/Xcode/DerivedData/Build/Intermediates.noindex/Firebase.build/Debug-iphonesimulator/FirebaseAuth.build/Objects-normal/x86_64/FIRGoogleAuthCredential.o -index-unit-output-path /Firebase.build/Debug-iphonesimulator/FirebaseAuth.build/Objects-normal/x86_64/FIRGoogleAuthCredential.o

CompileC /Users/hectorgarcia/Library/Developer/Xcode/DerivedData/Build/Intermediates.noindex/Firebase.build/Debug-iphonesimulator/FirebaseAuth.build/Objects-normal/x86_64/FIRGitHubAuthProvider.o /Users/hectorgarcia/Library/Developer/Xcode/DerivedData/Lyo-eagkiegzrakogpczynhkaholsscs/SourcePackages/checkouts/firebase-ios-sdk/FirebaseAuth/Sources/AuthProvider/GitHub/FIRGitHubAuthProvider.m normal x86_64 objective-c com.apple.compilers.llvm.clang.1_0.compiler (in target 'FirebaseAuth' from project 'Firebase')
    cd /Users/hectorgarcia/LYO_Da_ONE/Lyo.xcodeproj
    
    Using response file: /Users/hectorgarcia/Library/Developer/Xcode/DerivedData/Build/Intermediates.noindex/Firebase.build/Debug-iphonesimulator/FirebaseAuth.build/Objects-normal/x86_64/e6072d4f65d7061329687fe24e3d63a7-common-args.resp
    
    /Users/hectorgarcia/Downloads/Xcode.app/Contents/Developer/Toolchains/XcodeDefault.xctoolchain/usr/bin/clang -x objective-c -ivfsstatcache /Users/hectorgarcia/Library/Developer/Xcode/DerivedData/SDKStatCaches.noindex/iphonesimulator26.2-23C53-823d3e8b6e60bc2018c189d3ca05ba9b.sdkstatcache -fmessage-length\=0 -fdiagnostics-show-note-include-stack -fmacro-backtrace-limit\=0 -fno-color-diagnostics -fmodules-prune-interval\=86400 -fmodules-prune-after\=345600 -fbuild-session-file\=/Users/hectorgarcia/Library/Developer/Xcode/DerivedData/ModuleCache.noindex/Session.modulevalidation -fmodules-validate-once-per-build-session -Wnon-modular-include-in-framework-module -Werror\=non-modular-include-in-framework-module -Wno-trigraphs -Wno-missing-field-initializers -Wno-missing-prototypes -Wno-return-type -Wno-implicit-atomic-properties -Wno-objc-interface-ivars -Wno-arc-repeated-use-of-weak -Wno-missing-braces -Wparentheses -Wswitch -Wno-unused-function -Wno-unused-label -Wno-unused-parameter -Wno-unused-variable -Wunused-value -Wno-empty-body -Wno-uninitialized -Wno-unknown-pragmas -w -Wno-shadow -Wno-four-char-constants -Wno-conversion -Wno-constant-conversion -Wno-int-conversion -Wno-bool-conversion -Wno-enum-conversion -Wno-float-conversion -Wno-non-literal-null-conversion -Wno-objc-literal-conversion -Wshorten-64-to-32 -Wpointer-sign -Wno-newline-eof -Wno-selector -Wno-strict-selector-match -Wno-undeclared-selector -Wno-deprecated-implementations -Wno-implicit-fallthrough -fstrict-aliasing -Wprotocol -Wdeprecated-declarations -Wno-sign-conversion -Wno-infinite-recursion -Wno-comma -Wno-block-capture-autoreleasing -Wno-strict-prototypes -Wno-semicolon-before-method-body -index-store-path /Users/hectorgarcia/Library/Developer/Xcode/DerivedData/Lyo-eagkiegzrakogpczynhkaholsscs/Index.noindex/DataStore @/Users/hectorgarcia/Library/Developer/Xcode/DerivedData/Build/Intermediates.noindex/Firebase.build/Debug-iphonesimulator/FirebaseAuth.build/Objects-normal/x86_64/e6072d4f65d7061329687fe24e3d63a7-common-args.resp -include /Users/hectorgarcia/Library/Developer/Xcode/DerivedData/Build/Intermediates.noindex/Firebase.build/Debug-iphonesimulator/FirebaseAuth.build/DerivedSources/resource_bundle_accessor.h -MMD -MT dependencies -MF /Users/hectorgarcia/Library/Developer/Xcode/DerivedData/Build/Intermediates.noindex/Firebase.build/Debug-iphonesimulator/FirebaseAuth.build/Objects-normal/x86_64/FIRGitHubAuthProvider.d --serialize-diagnostics /Users/hectorgarcia/Library/Developer/Xcode/DerivedData/Build/Intermediates.noindex/Firebase.build/Debug-iphonesimulator/FirebaseAuth.build/Objects-normal/x86_64/FIRGitHubAuthProvider.dia -c /Users/hectorgarcia/Library/Developer/Xcode/DerivedData/Lyo-eagkiegzrakogpczynhkaholsscs/SourcePackages/checkouts/firebase-ios-sdk/FirebaseAuth/Sources/AuthProvider/GitHub/FIRGitHubAuthProvider.m -o /Users/hectorgarcia/Library/Developer/Xcode/DerivedData/Build/Intermediates.noindex/Firebase.build/Debug-iphonesimulator/FirebaseAuth.build/Objects-normal/x86_64/FIRGitHubAuthProvider.o -index-unit-output-path /Firebase.build/Debug-iphonesimulator/FirebaseAuth.build/Objects-normal/x86_64/FIRGitHubAuthProvider.o

CompileC /Users/hectorgarcia/Library/Developer/Xcode/DerivedData/Build/Intermediates.noindex/Firebase.build/Debug-iphonesimulator/FirebaseAuth.build/Objects-normal/x86_64/FIRGitHubAuthCredential.o /Users/hectorgarcia/Library/Developer/Xcode/DerivedData/Lyo-eagkiegzrakogpczynhkaholsscs/SourcePackages/checkouts/firebase-ios-sdk/FirebaseAuth/Sources/AuthProvider/GitHub/FIRGitHubAuthCredential.m normal x86_64 objective-c com.apple.compilers.llvm.clang.1_0.compiler (in target 'FirebaseAuth' from project 'Firebase')
    cd /Users/hectorgarcia/LYO_Da_ONE/Lyo.xcodeproj
    
    Using response file: /Users/hectorgarcia/Library/Developer/Xcode/DerivedData/Build/Intermediates.noindex/Firebase.build/Debug-iphonesimulator/FirebaseAuth.build/Objects-normal/x86_64/e6072d4f65d7061329687fe24e3d63a7-common-args.resp
    
    /Users/hectorgarcia/Downloads/Xcode.app/Contents/Developer/Toolchains/XcodeDefault.xctoolchain/usr/bin/clang -x objective-c -ivfsstatcache /Users/hectorgarcia/Library/Developer/Xcode/DerivedData/SDKStatCaches.noindex/iphonesimulator26.2-23C53-823d3e8b6e60bc2018c189d3ca05ba9b.sdkstatcache -fmessage-length\=0 -fdiagnostics-show-note-include-stack -fmacro-backtrace-limit\=0 -fno-color-diagnostics -fmodules-prune-interval\=86400 -fmodules-prune-after\=345600 -fbuild-session-file\=/Users/hectorgarcia/Library/Developer/Xcode/DerivedData/ModuleCache.noindex/Session.modulevalidation -fmodules-validate-once-per-build-session -Wnon-modular-include-in-framework-module -Werror\=non-modular-include-in-framework-module -Wno-trigraphs -Wno-missing-field-initializers -Wno-missing-prototypes -Wno-return-type -Wno-implicit-atomic-properties -Wno-objc-interface-ivars -Wno-arc-repeated-use-of-weak -Wno-missing-braces -Wparentheses -Wswitch -Wno-unused-function -Wno-unused-label -Wno-unused-parameter -Wno-unused-variable -Wunused-value -Wno-empty-body -Wno-uninitialized -Wno-unknown-pragmas -w -Wno-shadow -Wno-four-char-constants -Wno-conversion -Wno-constant-conversion -Wno-int-conversion -Wno-bool-conversion -Wno-enum-conversion -Wno-float-conversion -Wno-non-literal-null-conversion -Wno-objc-literal-conversion -Wshorten-64-to-32 -Wpointer-sign -Wno-newline-eof -Wno-selector -Wno-strict-selector-match -Wno-undeclared-selector -Wno-deprecated-implementations -Wno-implicit-fallthrough -fstrict-aliasing -Wprotocol -Wdeprecated-declarations -Wno-sign-conversion -Wno-infinite-recursion -Wno-comma -Wno-block-capture-autoreleasing -Wno-strict-prototypes -Wno-semicolon-before-method-body -index-store-path /Users/hectorgarcia/Library/Developer/Xcode/DerivedData/Lyo-eagkiegzrakogpczynhkaholsscs/Index.noindex/DataStore @/Users/hectorgarcia/Library/Developer/Xcode/DerivedData/Build/Intermediates.noindex/Firebase.build/Debug-iphonesimulator/FirebaseAuth.build/Objects-normal/x86_64/e6072d4f65d7061329687fe24e3d63a7-common-args.resp -include /Users/hectorgarcia/Library/Developer/Xcode/DerivedData/Build/Intermediates.noindex/Firebase.build/Debug-iphonesimulator/FirebaseAuth.build/DerivedSources/resource_bundle_accessor.h -MMD -MT dependencies -MF /Users/hectorgarcia/Library/Developer/Xcode/DerivedData/Build/Intermediates.noindex/Firebase.build/Debug-iphonesimulator/FirebaseAuth.build/Objects-normal/x86_64/FIRGitHubAuthCredential.d --serialize-diagnostics /Users/hectorgarcia/Library/Developer/Xcode/DerivedData/Build/Intermediates.noindex/Firebase.build/Debug-iphonesimulator/FirebaseAuth.build/Objects-normal/x86_64/FIRGitHubAuthCredential.dia -c /Users/hectorgarcia/Library/Developer/Xcode/DerivedData/Lyo-eagkiegzrakogpczynhkaholsscs/SourcePackages/checkouts/firebase-ios-sdk/FirebaseAuth/Sources/AuthProvider/GitHub/FIRGitHubAuthCredential.m -o /Users/hectorgarcia/Library/Developer/Xcode/DerivedData/Build/Intermediates.noindex/Firebase.build/Debug-iphonesimulator/FirebaseAuth.build/Objects-normal/x86_64/FIRGitHubAuthCredential.o -index-unit-output-path /Firebase.build/Debug-iphonesimulator/FirebaseAuth.build/Objects-normal/x86_64/FIRGitHubAuthCredential.o

ScanDependencies /Users/hectorgarcia/Library/Developer/Xcode/DerivedData/Build/Intermediates.noindex/Firebase.build/Debug-iphonesimulator/FirebaseAuth.build/Objects-normal/x86_64/FIRGetRecaptchaConfigResponse.o /Users/hectorgarcia/Library/Developer/Xcode/DerivedData/Lyo-eagkiegzrakogpczynhkaholsscs/SourcePackages/checkouts/firebase-ios-sdk/FirebaseAuth/Sources/Backend/RPC/FIRGetRecaptchaConfigResponse.m normal x86_64 objective-c com.apple.compilers.llvm.clang.1_0.compiler (in target 'FirebaseAuth' from project 'Firebase')
    cd /Users/hectorgarcia/LYO_Da_ONE/Lyo.xcodeproj
    
    Using response file: /Users/hectorgarcia/Library/Developer/Xcode/DerivedData/Build/Intermediates.noindex/Firebase.build/Debug-iphonesimulator/FirebaseAuth.build/Objects-normal/x86_64/e6072d4f65d7061329687fe24e3d63a7-common-args.resp
    
    builtin-ScanDependencies -o /Users/hectorgarcia/Library/Developer/Xcode/DerivedData/Build/Intermediates.noindex/Firebase.build/Debug-iphonesimulator/FirebaseAuth.build/Objects-normal/x86_64/FIRGetRecaptchaConfigResponse.o.scan -- /Users/hectorgarcia/Downloads/Xcode.app/Contents/Developer/Toolchains/XcodeDefault.xctoolchain/usr/bin/clang -x objective-c -ivfsstatcache /Users/hectorgarcia/Library/Developer/Xcode/DerivedData/SDKStatCaches.noindex/iphonesimulator26.2-23C53-823d3e8b6e60bc2018c189d3ca05ba9b.sdkstatcache -fmessage-length\=0 -fdiagnostics-show-note-include-stack -fmacro-backtrace-limit\=0 -fno-color-diagnostics -fmodules-prune-interval\=86400 -fmodules-prune-after\=345600 -fbuild-session-file\=/Users/hectorgarcia/Library/Developer/Xcode/DerivedData/ModuleCache.noindex/Session.modulevalidation -fmodules-validate-once-per-build-session -Wnon-modular-include-in-framework-module -Werror\=non-modular-include-in-framework-module -Wno-trigraphs -Wno-missing-field-initializers -Wno-missing-prototypes -Wno-return-type -Wno-implicit-atomic-properties -Wno-objc-interface-ivars -Wno-arc-repeated-use-of-weak -Wno-missing-braces -Wparentheses -Wswitch -Wno-unused-function -Wno-unused-label -Wno-unused-parameter -Wno-unused-variable -Wunused-value -Wno-empty-body -Wno-uninitialized -Wno-unknown-pragmas -w -Wno-shadow -Wno-four-char-constants -Wno-conversion -Wno-constant-conversion -Wno-int-conversion -Wno-bool-conversion -Wno-enum-conversion -Wno-float-conversion -Wno-non-literal-null-conversion -Wno-objc-literal-conversion -Wshorten-64-to-32 -Wpointer-sign -Wno-newline-eof -Wno-selector -Wno-strict-selector-match -Wno-undeclared-selector -Wno-deprecated-implementations -Wno-implicit-fallthrough -fstrict-aliasing -Wprotocol -Wdeprecated-declarations -Wno-sign-conversion -Wno-infinite-recursion -Wno-comma -Wno-block-capture-autoreleasing -Wno-strict-prototypes -Wno-semicolon-before-method-body -index-store-path /Users/hectorgarcia/Library/Developer/Xcode/DerivedData/Lyo-eagkiegzrakogpczynhkaholsscs/Index.noindex/DataStore @/Users/hectorgarcia/Library/Developer/Xcode/DerivedData/Build/Intermediates.noindex/Firebase.build/Debug-iphonesimulator/FirebaseAuth.build/Objects-normal/x86_64/e6072d4f65d7061329687fe24e3d63a7-common-args.resp -include /Users/hectorgarcia/Library/Developer/Xcode/DerivedData/Build/Intermediates.noindex/Firebase.build/Debug-iphonesimulator/FirebaseAuth.build/DerivedSources/resource_bundle_accessor.h -MMD -MT dependencies -MF /Users/hectorgarcia/Library/Developer/Xcode/DerivedData/Build/Intermediates.noindex/Firebase.build/Debug-iphonesimulator/FirebaseAuth.build/Objects-normal/x86_64/FIRGetRecaptchaConfigResponse.d --serialize-diagnostics /Users/hectorgarcia/Library/Developer/Xcode/DerivedData/Build/Intermediates.noindex/Firebase.build/Debug-iphonesimulator/FirebaseAuth.build/Objects-normal/x86_64/FIRGetRecaptchaConfigResponse.dia -c /Users/hectorgarcia/Library/Developer/Xcode/DerivedData/Lyo-eagkiegzrakogpczynhkaholsscs/SourcePackages/checkouts/firebase-ios-sdk/FirebaseAuth/Sources/Backend/RPC/FIRGetRecaptchaConfigResponse.m -o /Users/hectorgarcia/Library/Developer/Xcode/DerivedData/Build/Intermediates.noindex/Firebase.build/Debug-iphonesimulator/FirebaseAuth.build/Objects-normal/x86_64/FIRGetRecaptchaConfigResponse.o -index-unit-output-path /Firebase.build/Debug-iphonesimulator/FirebaseAuth.build/Objects-normal/x86_64/FIRGetRecaptchaConfigResponse.o

ScanDependencies /Users/hectorgarcia/Library/Developer/Xcode/DerivedData/Build/Intermediates.noindex/Firebase.build/Debug-iphonesimulator/FirebaseAuth.build/Objects-normal/x86_64/FIRGetRecaptchaConfigRequest.o /Users/hectorgarcia/Library/Developer/Xcode/DerivedData/Lyo-eagkiegzrakogpczynhkaholsscs/SourcePackages/checkouts/firebase-ios-sdk/FirebaseAuth/Sources/Backend/RPC/FIRGetRecaptchaConfigRequest.m normal x86_64 objective-c com.apple.compilers.llvm.clang.1_0.compiler (in target 'FirebaseAuth' from project 'Firebase')
    cd /Users/hectorgarcia/LYO_Da_ONE/Lyo.xcodeproj
    
    Using response file: /Users/hectorgarcia/Library/Developer/Xcode/DerivedData/Build/Intermediates.noindex/Firebase.build/Debug-iphonesimulator/FirebaseAuth.build/Objects-normal/x86_64/e6072d4f65d7061329687fe24e3d63a7-common-args.resp
    
    builtin-ScanDependencies -o /Users/hectorgarcia/Library/Developer/Xcode/DerivedData/Build/Intermediates.noindex/Firebase.build/Debug-iphonesimulator/FirebaseAuth.build/Objects-normal/x86_64/FIRGetRecaptchaConfigRequest.o.scan -- /Users/hectorgarcia/Downloads/Xcode.app/Contents/Developer/Toolchains/XcodeDefault.xctoolchain/usr/bin/clang -x objective-c -ivfsstatcache /Users/hectorgarcia/Library/Developer/Xcode/DerivedData/SDKStatCaches.noindex/iphonesimulator26.2-23C53-823d3e8b6e60bc2018c189d3ca05ba9b.sdkstatcache -fmessage-length\=0 -fdiagnostics-show-note-include-stack -fmacro-backtrace-limit\=0 -fno-color-diagnostics -fmodules-prune-interval\=86400 -fmodules-prune-after\=345600 -fbuild-session-file\=/Users/hectorgarcia/Library/Developer/Xcode/DerivedData/ModuleCache.noindex/Session.modulevalidation -fmodules-validate-once-per-build-session -Wnon-modular-include-in-framework-module -Werror\=non-modular-include-in-framework-module -Wno-trigraphs -Wno-missing-field-initializers -Wno-missing-prototypes -Wno-return-type -Wno-implicit-atomic-properties -Wno-objc-interface-ivars -Wno-arc-repeated-use-of-weak -Wno-missing-braces -Wparentheses -Wswitch -Wno-unused-function -Wno-unused-label -Wno-unused-parameter -Wno-unused-variable -Wunused-value -Wno-empty-body -Wno-uninitialized -Wno-unknown-pragmas -w -Wno-shadow -Wno-four-char-constants -Wno-conversion -Wno-constant-conversion -Wno-int-conversion -Wno-bool-conversion -Wno-enum-conversion -Wno-float-conversion -Wno-non-literal-null-conversion -Wno-objc-literal-conversion -Wshorten-64-to-32 -Wpointer-sign -Wno-newline-eof -Wno-selector -Wno-strict-selector-match -Wno-undeclared-selector -Wno-deprecated-implementations -Wno-implicit-fallthrough -fstrict-aliasing -Wprotocol -Wdeprecated-declarations -Wno-sign-conversion -Wno-infinite-recursion -Wno-comma -Wno-block-capture-autoreleasing -Wno-strict-prototypes -Wno-semicolon-before-method-body -index-store-path /Users/hectorgarcia/Library/Developer/Xcode/DerivedData/Lyo-eagkiegzrakogpczynhkaholsscs/Index.noindex/DataStore @/Users/hectorgarcia/Library/Developer/Xcode/DerivedData/Build/Intermediates.noindex/Firebase.build/Debug-iphonesimulator/FirebaseAuth.build/Objects-normal/x86_64/e6072d4f65d7061329687fe24e3d63a7-common-args.resp -include /Users/hectorgarcia/Library/Developer/Xcode/DerivedData/Build/Intermediates.noindex/Firebase.build/Debug-iphonesimulator/FirebaseAuth.build/DerivedSources/resource_bundle_accessor.h -MMD -MT dependencies -MF /Users/hectorgarcia/Library/Developer/Xcode/DerivedData/Build/Intermediates.noindex/Firebase.build/Debug-iphonesimulator/FirebaseAuth.build/Objects-normal/x86_64/FIRGetRecaptchaConfigRequest.d --serialize-diagnostics /Users/hectorgarcia/Library/Developer/Xcode/DerivedData/Build/Intermediates.noindex/Firebase.build/Debug-iphonesimulator/FirebaseAuth.build/Objects-normal/x86_64/FIRGetRecaptchaConfigRequest.dia -c /Users/hectorgarcia/Library/Developer/Xcode/DerivedData/Lyo-eagkiegzrakogpczynhkaholsscs/SourcePackages/checkouts/firebase-ios-sdk/FirebaseAuth/Sources/Backend/RPC/FIRGetRecaptchaConfigRequest.m -o /Users/hectorgarcia/Library/Developer/Xcode/DerivedData/Build/Intermediates.noindex/Firebase.build/Debug-iphonesimulator/FirebaseAuth.build/Objects-normal/x86_64/FIRGetRecaptchaConfigRequest.o -index-unit-output-path /Firebase.build/Debug-iphonesimulator/FirebaseAuth.build/Objects-normal/x86_64/FIRGetRecaptchaConfigRequest.o

ScanDependencies /Users/hectorgarcia/Library/Developer/Xcode/DerivedData/Build/Intermediates.noindex/Firebase.build/Debug-iphonesimulator/FirebaseAuth.build/Objects-normal/x86_64/FIRGetProjectConfigResponse.o /Users/hectorgarcia/Library/Developer/Xcode/DerivedData/Lyo-eagkiegzrakogpczynhkaholsscs/SourcePackages/checkouts/firebase-ios-sdk/FirebaseAuth/Sources/Backend/RPC/FIRGetProjectConfigResponse.m normal x86_64 objective-c com.apple.compilers.llvm.clang.1_0.compiler (in target 'FirebaseAuth' from project 'Firebase')
    cd /Users/hectorgarcia/LYO_Da_ONE/Lyo.xcodeproj
    
    Using response file: /Users/hectorgarcia/Library/Developer/Xcode/DerivedData/Build/Intermediates.noindex/Firebase.build/Debug-iphonesimulator/FirebaseAuth.build/Objects-normal/x86_64/e6072d4f65d7061329687fe24e3d63a7-common-args.resp
    
    builtin-ScanDependencies -o /Users/hectorgarcia/Library/Developer/Xcode/DerivedData/Build/Intermediates.noindex/Firebase.build/Debug-iphonesimulator/FirebaseAuth.build/Objects-normal/x86_64/FIRGetProjectConfigResponse.o.scan -- /Users/hectorgarcia/Downloads/Xcode.app/Contents/Developer/Toolchains/XcodeDefault.xctoolchain/usr/bin/clang -x objective-c -ivfsstatcache /Users/hectorgarcia/Library/Developer/Xcode/DerivedData/SDKStatCaches.noindex/iphonesimulator26.2-23C53-823d3e8b6e60bc2018c189d3ca05ba9b.sdkstatcache -fmessage-length\=0 -fdiagnostics-show-note-include-stack -fmacro-backtrace-limit\=0 -fno-color-diagnostics -fmodules-prune-interval\=86400 -fmodules-prune-after\=345600 -fbuild-session-file\=/Users/hectorgarcia/Library/Developer/Xcode/DerivedData/ModuleCache.noindex/Session.modulevalidation -fmodules-validate-once-per-build-session -Wnon-modular-include-in-framework-module -Werror\=non-modular-include-in-framework-module -Wno-trigraphs -Wno-missing-field-initializers -Wno-missing-prototypes -Wno-return-type -Wno-implicit-atomic-properties -Wno-objc-interface-ivars -Wno-arc-repeated-use-of-weak -Wno-missing-braces -Wparentheses -Wswitch -Wno-unused-function -Wno-unused-label -Wno-unused-parameter -Wno-unused-variable -Wunused-value -Wno-empty-body -Wno-uninitialized -Wno-unknown-pragmas -w -Wno-shadow -Wno-four-char-constants -Wno-conversion -Wno-constant-conversion -Wno-int-conversion -Wno-bool-conversion -Wno-enum-conversion -Wno-float-conversion -Wno-non-literal-null-conversion -Wno-objc-literal-conversion -Wshorten-64-to-32 -Wpointer-sign -Wno-newline-eof -Wno-selector -Wno-strict-selector-match -Wno-undeclared-selector -Wno-deprecated-implementations -Wno-implicit-fallthrough -fstrict-aliasing -Wprotocol -Wdeprecated-declarations -Wno-sign-conversion -Wno-infinite-recursion -Wno-comma -Wno-block-capture-autoreleasing -Wno-strict-prototypes -Wno-semicolon-before-method-body -index-store-path /Users/hectorgarcia/Library/Developer/Xcode/DerivedData/Lyo-eagkiegzrakogpczynhkaholsscs/Index.noindex/DataStore @/Users/hectorgarcia/Library/Developer/Xcode/DerivedData/Build/Intermediates.noindex/Firebase.build/Debug-iphonesimulator/FirebaseAuth.build/Objects-normal/x86_64/e6072d4f65d7061329687fe24e3d63a7-common-args.resp -include /Users/hectorgarcia/Library/Developer/Xcode/DerivedData/Build/Intermediates.noindex/Firebase.build/Debug-iphonesimulator/FirebaseAuth.build/DerivedSources/resource_bundle_accessor.h -MMD -MT dependencies -MF /Users/hectorgarcia/Library/Developer/Xcode/DerivedData/Build/Intermediates.noindex/Firebase.build/Debug-iphonesimulator/FirebaseAuth.build/Objects-normal/x86_64/FIRGetProjectConfigResponse.d --serialize-diagnostics /Users/hectorgarcia/Library/Developer/Xcode/DerivedData/Build/Intermediates.noindex/Firebase.build/Debug-iphonesimulator/FirebaseAuth.build/Objects-normal/x86_64/FIRGetProjectConfigResponse.dia -c /Users/hectorgarcia/Library/Developer/Xcode/DerivedData/Lyo-eagkiegzrakogpczynhkaholsscs/SourcePackages/checkouts/firebase-ios-sdk/FirebaseAuth/Sources/Backend/RPC/FIRGetProjectConfigResponse.m -o /Users/hectorgarcia/Library/Developer/Xcode/DerivedData/Build/Intermediates.noindex/Firebase.build/Debug-iphonesimulator/FirebaseAuth.build/Objects-normal/x86_64/FIRGetProjectConfigResponse.o -index-unit-output-path /Firebase.build/Debug-iphonesimulator/FirebaseAuth.build/Objects-normal/x86_64/FIRGetProjectConfigResponse.o

ScanDependencies /Users/hectorgarcia/Library/Developer/Xcode/DerivedData/Build/Intermediates.noindex/Firebase.build/Debug-iphonesimulator/FirebaseAuth.build/Objects-normal/x86_64/FIRGetProjectConfigRequest.o /Users/hectorgarcia/Library/Developer/Xcode/DerivedData/Lyo-eagkiegzrakogpczynhkaholsscs/SourcePackages/checkouts/firebase-ios-sdk/FirebaseAuth/Sources/Backend/RPC/FIRGetProjectConfigRequest.m normal x86_64 objective-c com.apple.compilers.llvm.clang.1_0.compiler (in target 'FirebaseAuth' from project 'Firebase')
    cd /Users/hectorgarcia/LYO_Da_ONE/Lyo.xcodeproj
    
    Using response file: /Users/hectorgarcia/Library/Developer/Xcode/DerivedData/Build/Intermediates.noindex/Firebase.build/Debug-iphonesimulator/FirebaseAuth.build/Objects-normal/x86_64/e6072d4f65d7061329687fe24e3d63a7-common-args.resp
    
    builtin-ScanDependencies -o /Users/hectorgarcia/Library/Developer/Xcode/DerivedData/Build/Intermediates.noindex/Firebase.build/Debug-iphonesimulator/FirebaseAuth.build/Objects-normal/x86_64/FIRGetProjectConfigRequest.o.scan -- /Users/hectorgarcia/Downloads/Xcode.app/Contents/Developer/Toolchains/XcodeDefault.xctoolchain/usr/bin/clang -x objective-c -ivfsstatcache /Users/hectorgarcia/Library/Developer/Xcode/DerivedData/SDKStatCaches.noindex/iphonesimulator26.2-23C53-823d3e8b6e60bc2018c189d3ca05ba9b.sdkstatcache -fmessage-length\=0 -fdiagnostics-show-note-include-stack -fmacro-backtrace-limit\=0 -fno-color-diagnostics -fmodules-prune-interval\=86400 -fmodules-prune-after\=345600 -fbuild-session-file\=/Users/hectorgarcia/Library/Developer/Xcode/DerivedData/ModuleCache.noindex/Session.modulevalidation -fmodules-validate-once-per-build-session -Wnon-modular-include-in-framework-module -Werror\=non-modular-include-in-framework-module -Wno-trigraphs -Wno-missing-field-initializers -Wno-missing-prototypes -Wno-return-type -Wno-implicit-atomic-properties -Wno-objc-interface-ivars -Wno-arc-repeated-use-of-weak -Wno-missing-braces -Wparentheses -Wswitch -Wno-unused-function -Wno-unused-label -Wno-unused-parameter -Wno-unused-variable -Wunused-value -Wno-empty-body -Wno-uninitialized -Wno-unknown-pragmas -w -Wno-shadow -Wno-four-char-constants -Wno-conversion -Wno-constant-conversion -Wno-int-conversion -Wno-bool-conversion -Wno-enum-conversion -Wno-float-conversion -Wno-non-literal-null-conversion -Wno-objc-literal-conversion -Wshorten-64-to-32 -Wpointer-sign -Wno-newline-eof -Wno-selector -Wno-strict-selector-match -Wno-undeclared-selector -Wno-deprecated-implementations -Wno-implicit-fallthrough -fstrict-aliasing -Wprotocol -Wdeprecated-declarations -Wno-sign-conversion -Wno-infinite-recursion -Wno-comma -Wno-block-capture-autoreleasing -Wno-strict-prototypes -Wno-semicolon-before-method-body -index-store-path /Users/hectorgarcia/Library/Developer/Xcode/DerivedData/Lyo-eagkiegzrakogpczynhkaholsscs/Index.noindex/DataStore @/Users/hectorgarcia/Library/Developer/Xcode/DerivedData/Build/Intermediates.noindex/Firebase.build/Debug-iphonesimulator/FirebaseAuth.build/Objects-normal/x86_64/e6072d4f65d7061329687fe24e3d63a7-common-args.resp -include /Users/hectorgarcia/Library/Developer/Xcode/DerivedData/Build/Intermediates.noindex/Firebase.build/Debug-iphonesimulator/FirebaseAuth.build/DerivedSources/resource_bundle_accessor.h -MMD -MT dependencies -MF /Users/hectorgarcia/Library/Developer/Xcode/DerivedData/Build/Intermediates.noindex/Firebase.build/Debug-iphonesimulator/FirebaseAuth.build/Objects-normal/x86_64/FIRGetProjectConfigRequest.d --serialize-diagnostics /Users/hectorgarcia/Library/Developer/Xcode/DerivedData/Build/Intermediates.noindex/Firebase.build/Debug-iphonesimulator/FirebaseAuth.build/Objects-normal/x86_64/FIRGetProjectConfigRequest.dia -c /Users/hectorgarcia/Library/Developer/Xcode/DerivedData/Lyo-eagkiegzrakogpczynhkaholsscs/SourcePackages/checkouts/firebase-ios-sdk/FirebaseAuth/Sources/Backend/RPC/FIRGetProjectConfigRequest.m -o /Users/hectorgarcia/Library/Developer/Xcode/DerivedData/Build/Intermediates.noindex/Firebase.build/Debug-iphonesimulator/FirebaseAuth.build/Objects-normal/x86_64/FIRGetProjectConfigRequest.o -index-unit-output-path /Firebase.build/Debug-iphonesimulator/FirebaseAuth.build/Objects-normal/x86_64/FIRGetProjectConfigRequest.o

CompileC /Users/hectorgarcia/Library/Developer/Xcode/DerivedData/Build/Intermediates.noindex/Firebase.build/Debug-iphonesimulator/FirebaseAuth.build/Objects-normal/x86_64/FIRGetRecaptchaConfigRequest.o /Users/hectorgarcia/Library/Developer/Xcode/DerivedData/Lyo-eagkiegzrakogpczynhkaholsscs/SourcePackages/checkouts/firebase-ios-sdk/FirebaseAuth/Sources/Backend/RPC/FIRGetRecaptchaConfigRequest.m normal x86_64 objective-c com.apple.compilers.llvm.clang.1_0.compiler (in target 'FirebaseAuth' from project 'Firebase')
    cd /Users/hectorgarcia/LYO_Da_ONE/Lyo.xcodeproj
    
    Using response file: /Users/hectorgarcia/Library/Developer/Xcode/DerivedData/Build/Intermediates.noindex/Firebase.build/Debug-iphonesimulator/FirebaseAuth.build/Objects-normal/x86_64/e6072d4f65d7061329687fe24e3d63a7-common-args.resp
    
    /Users/hectorgarcia/Downloads/Xcode.app/Contents/Developer/Toolchains/XcodeDefault.xctoolchain/usr/bin/clang -x objective-c -ivfsstatcache /Users/hectorgarcia/Library/Developer/Xcode/DerivedData/SDKStatCaches.noindex/iphonesimulator26.2-23C53-823d3e8b6e60bc2018c189d3ca05ba9b.sdkstatcache -fmessage-length\=0 -fdiagnostics-show-note-include-stack -fmacro-backtrace-limit\=0 -fno-color-diagnostics -fmodules-prune-interval\=86400 -fmodules-prune-after\=345600 -fbuild-session-file\=/Users/hectorgarcia/Library/Developer/Xcode/DerivedData/ModuleCache.noindex/Session.modulevalidation -fmodules-validate-once-per-build-session -Wnon-modular-include-in-framework-module -Werror\=non-modular-include-in-framework-module -Wno-trigraphs -Wno-missing-field-initializers -Wno-missing-prototypes -Wno-return-type -Wno-implicit-atomic-properties -Wno-objc-interface-ivars -Wno-arc-repeated-use-of-weak -Wno-missing-braces -Wparentheses -Wswitch -Wno-unused-function -Wno-unused-label -Wno-unused-parameter -Wno-unused-variable -Wunused-value -Wno-empty-body -Wno-uninitialized -Wno-unknown-pragmas -w -Wno-shadow -Wno-four-char-constants -Wno-conversion -Wno-constant-conversion -Wno-int-conversion -Wno-bool-conversion -Wno-enum-conversion -Wno-float-conversion -Wno-non-literal-null-conversion -Wno-objc-literal-conversion -Wshorten-64-to-32 -Wpointer-sign -Wno-newline-eof -Wno-selector -Wno-strict-selector-match -Wno-undeclared-selector -Wno-deprecated-implementations -Wno-implicit-fallthrough -fstrict-aliasing -Wprotocol -Wdeprecated-declarations -Wno-sign-conversion -Wno-infinite-recursion -Wno-comma -Wno-block-capture-autoreleasing -Wno-strict-prototypes -Wno-semicolon-before-method-body -index-store-path /Users/hectorgarcia/Library/Developer/Xcode/DerivedData/Lyo-eagkiegzrakogpczynhkaholsscs/Index.noindex/DataStore @/Users/hectorgarcia/Library/Developer/Xcode/DerivedData/Build/Intermediates.noindex/Firebase.build/Debug-iphonesimulator/FirebaseAuth.build/Objects-normal/x86_64/e6072d4f65d7061329687fe24e3d63a7-common-args.resp -include /Users/hectorgarcia/Library/Developer/Xcode/DerivedData/Build/Intermediates.noindex/Firebase.build/Debug-iphonesimulator/FirebaseAuth.build/DerivedSources/resource_bundle_accessor.h -MMD -MT dependencies -MF /Users/hectorgarcia/Library/Developer/Xcode/DerivedData/Build/Intermediates.noindex/Firebase.build/Debug-iphonesimulator/FirebaseAuth.build/Objects-normal/x86_64/FIRGetRecaptchaConfigRequest.d --serialize-diagnostics /Users/hectorgarcia/Library/Developer/Xcode/DerivedData/Build/Intermediates.noindex/Firebase.build/Debug-iphonesimulator/FirebaseAuth.build/Objects-normal/x86_64/FIRGetRecaptchaConfigRequest.dia -c /Users/hectorgarcia/Library/Developer/Xcode/DerivedData/Lyo-eagkiegzrakogpczynhkaholsscs/SourcePackages/checkouts/firebase-ios-sdk/FirebaseAuth/Sources/Backend/RPC/FIRGetRecaptchaConfigRequest.m -o /Users/hectorgarcia/Library/Developer/Xcode/DerivedData/Build/Intermediates.noindex/Firebase.build/Debug-iphonesimulator/FirebaseAuth.build/Objects-normal/x86_64/FIRGetRecaptchaConfigRequest.o -index-unit-output-path /Firebase.build/Debug-iphonesimulator/FirebaseAuth.build/Objects-normal/x86_64/FIRGetRecaptchaConfigRequest.o

ScanDependencies /Users/hectorgarcia/Library/Developer/Xcode/DerivedData/Build/Intermediates.noindex/Firebase.build/Debug-iphonesimulator/FirebaseAuth.build/Objects-normal/x86_64/FIRGetOOBConfirmationCodeResponse.o /Users/hectorgarcia/Library/Developer/Xcode/DerivedData/Lyo-eagkiegzrakogpczynhkaholsscs/SourcePackages/checkouts/firebase-ios-sdk/FirebaseAuth/Sources/Backend/RPC/FIRGetOOBConfirmationCodeResponse.m normal x86_64 objective-c com.apple.compilers.llvm.clang.1_0.compiler (in target 'FirebaseAuth' from project 'Firebase')
    cd /Users/hectorgarcia/LYO_Da_ONE/Lyo.xcodeproj
    
    Using response file: /Users/hectorgarcia/Library/Developer/Xcode/DerivedData/Build/Intermediates.noindex/Firebase.build/Debug-iphonesimulator/FirebaseAuth.build/Objects-normal/x86_64/e6072d4f65d7061329687fe24e3d63a7-common-args.resp
    
    builtin-ScanDependencies -o /Users/hectorgarcia/Library/Developer/Xcode/DerivedData/Build/Intermediates.noindex/Firebase.build/Debug-iphonesimulator/FirebaseAuth.build/Objects-normal/x86_64/FIRGetOOBConfirmationCodeResponse.o.scan -- /Users/hectorgarcia/Downloads/Xcode.app/Contents/Developer/Toolchains/XcodeDefault.xctoolchain/usr/bin/clang -x objective-c -ivfsstatcache /Users/hectorgarcia/Library/Developer/Xcode/DerivedData/SDKStatCaches.noindex/iphonesimulator26.2-23C53-823d3e8b6e60bc2018c189d3ca05ba9b.sdkstatcache -fmessage-length\=0 -fdiagnostics-show-note-include-stack -fmacro-backtrace-limit\=0 -fno-color-diagnostics -fmodules-prune-interval\=86400 -fmodules-prune-after\=345600 -fbuild-session-file\=/Users/hectorgarcia/Library/Developer/Xcode/DerivedData/ModuleCache.noindex/Session.modulevalidation -fmodules-validate-once-per-build-session -Wnon-modular-include-in-framework-module -Werror\=non-modular-include-in-framework-module -Wno-trigraphs -Wno-missing-field-initializers -Wno-missing-prototypes -Wno-return-type -Wno-implicit-atomic-properties -Wno-objc-interface-ivars -Wno-arc-repeated-use-of-weak -Wno-missing-braces -Wparentheses -Wswitch -Wno-unused-function -Wno-unused-label -Wno-unused-parameter -Wno-unused-variable -Wunused-value -Wno-empty-body -Wno-uninitialized -Wno-unknown-pragmas -w -Wno-shadow -Wno-four-char-constants -Wno-conversion -Wno-constant-conversion -Wno-int-conversion -Wno-bool-conversion -Wno-enum-conversion -Wno-float-conversion -Wno-non-literal-null-conversion -Wno-objc-literal-conversion -Wshorten-64-to-32 -Wpointer-sign -Wno-newline-eof -Wno-selector -Wno-strict-selector-match -Wno-undeclared-selector -Wno-deprecated-implementations -Wno-implicit-fallthrough -fstrict-aliasing -Wprotocol -Wdeprecated-declarations -Wno-sign-conversion -Wno-infinite-recursion -Wno-comma -Wno-block-capture-autoreleasing -Wno-strict-prototypes -Wno-semicolon-before-method-body -index-store-path /Users/hectorgarcia/Library/Developer/Xcode/DerivedData/Lyo-eagkiegzrakogpczynhkaholsscs/Index.noindex/DataStore @/Users/hectorgarcia/Library/Developer/Xcode/DerivedData/Build/Intermediates.noindex/Firebase.build/Debug-iphonesimulator/FirebaseAuth.build/Objects-normal/x86_64/e6072d4f65d7061329687fe24e3d63a7-common-args.resp -include /Users/hectorgarcia/Library/Developer/Xcode/DerivedData/Build/Intermediates.noindex/Firebase.build/Debug-iphonesimulator/FirebaseAuth.build/DerivedSources/resource_bundle_accessor.h -MMD -MT dependencies -MF /Users/hectorgarcia/Library/Developer/Xcode/DerivedData/Build/Intermediates.noindex/Firebase.build/Debug-iphonesimulator/FirebaseAuth.build/Objects-normal/x86_64/FIRGetOOBConfirmationCodeResponse.d --serialize-diagnostics /Users/hectorgarcia/Library/Developer/Xcode/DerivedData/Build/Intermediates.noindex/Firebase.build/Debug-iphonesimulator/FirebaseAuth.build/Objects-normal/x86_64/FIRGetOOBConfirmationCodeResponse.dia -c /Users/hectorgarcia/Library/Developer/Xcode/DerivedData/Lyo-eagkiegzrakogpczynhkaholsscs/SourcePackages/checkouts/firebase-ios-sdk/FirebaseAuth/Sources/Backend/RPC/FIRGetOOBConfirmationCodeResponse.m -o /Users/hectorgarcia/Library/Developer/Xcode/DerivedData/Build/Intermediates.noindex/Firebase.build/Debug-iphonesimulator/FirebaseAuth.build/Objects-normal/x86_64/FIRGetOOBConfirmationCodeResponse.o -index-unit-output-path /Firebase.build/Debug-iphonesimulator/FirebaseAuth.build/Objects-normal/x86_64/FIRGetOOBConfirmationCodeResponse.o

CompileC /Users/hectorgarcia/Library/Developer/Xcode/DerivedData/Build/Intermediates.noindex/Firebase.build/Debug-iphonesimulator/FirebaseAuth.build/Objects-normal/x86_64/FIRGetRecaptchaConfigResponse.o /Users/hectorgarcia/Library/Developer/Xcode/DerivedData/Lyo-eagkiegzrakogpczynhkaholsscs/SourcePackages/checkouts/firebase-ios-sdk/FirebaseAuth/Sources/Backend/RPC/FIRGetRecaptchaConfigResponse.m normal x86_64 objective-c com.apple.compilers.llvm.clang.1_0.compiler (in target 'FirebaseAuth' from project 'Firebase')
    cd /Users/hectorgarcia/LYO_Da_ONE/Lyo.xcodeproj
    
    Using response file: /Users/hectorgarcia/Library/Developer/Xcode/DerivedData/Build/Intermediates.noindex/Firebase.build/Debug-iphonesimulator/FirebaseAuth.build/Objects-normal/x86_64/e6072d4f65d7061329687fe24e3d63a7-common-args.resp
    
    /Users/hectorgarcia/Downloads/Xcode.app/Contents/Developer/Toolchains/XcodeDefault.xctoolchain/usr/bin/clang -x objective-c -ivfsstatcache /Users/hectorgarcia/Library/Developer/Xcode/DerivedData/SDKStatCaches.noindex/iphonesimulator26.2-23C53-823d3e8b6e60bc2018c189d3ca05ba9b.sdkstatcache -fmessage-length\=0 -fdiagnostics-show-note-include-stack -fmacro-backtrace-limit\=0 -fno-color-diagnostics -fmodules-prune-interval\=86400 -fmodules-prune-after\=345600 -fbuild-session-file\=/Users/hectorgarcia/Library/Developer/Xcode/DerivedData/ModuleCache.noindex/Session.modulevalidation -fmodules-validate-once-per-build-session -Wnon-modular-include-in-framework-module -Werror\=non-modular-include-in-framework-module -Wno-trigraphs -Wno-missing-field-initializers -Wno-missing-prototypes -Wno-return-type -Wno-implicit-atomic-properties -Wno-objc-interface-ivars -Wno-arc-repeated-use-of-weak -Wno-missing-braces -Wparentheses -Wswitch -Wno-unused-function -Wno-unused-label -Wno-unused-parameter -Wno-unused-variable -Wunused-value -Wno-empty-body -Wno-uninitialized -Wno-unknown-pragmas -w -Wno-shadow -Wno-four-char-constants -Wno-conversion -Wno-constant-conversion -Wno-int-conversion -Wno-bool-conversion -Wno-enum-conversion -Wno-float-conversion -Wno-non-literal-null-conversion -Wno-objc-literal-conversion -Wshorten-64-to-32 -Wpointer-sign -Wno-newline-eof -Wno-selector -Wno-strict-selector-match -Wno-undeclared-selector -Wno-deprecated-implementations -Wno-implicit-fallthrough -fstrict-aliasing -Wprotocol -Wdeprecated-declarations -Wno-sign-conversion -Wno-infinite-recursion -Wno-comma -Wno-block-capture-autoreleasing -Wno-strict-prototypes -Wno-semicolon-before-method-body -index-store-path /Users/hectorgarcia/Library/Developer/Xcode/DerivedData/Lyo-eagkiegzrakogpczynhkaholsscs/Index.noindex/DataStore @/Users/hectorgarcia/Library/Developer/Xcode/DerivedData/Build/Intermediates.noindex/Firebase.build/Debug-iphonesimulator/FirebaseAuth.build/Objects-normal/x86_64/e6072d4f65d7061329687fe24e3d63a7-common-args.resp -include /Users/hectorgarcia/Library/Developer/Xcode/DerivedData/Build/Intermediates.noindex/Firebase.build/Debug-iphonesimulator/FirebaseAuth.build/DerivedSources/resource_bundle_accessor.h -MMD -MT dependencies -MF /Users/hectorgarcia/Library/Developer/Xcode/DerivedData/Build/Intermediates.noindex/Firebase.build/Debug-iphonesimulator/FirebaseAuth.build/Objects-normal/x86_64/FIRGetRecaptchaConfigResponse.d --serialize-diagnostics /Users/hectorgarcia/Library/Developer/Xcode/DerivedData/Build/Intermediates.noindex/Firebase.build/Debug-iphonesimulator/FirebaseAuth.build/Objects-normal/x86_64/FIRGetRecaptchaConfigResponse.dia -c /Users/hectorgarcia/Library/Developer/Xcode/DerivedData/Lyo-eagkiegzrakogpczynhkaholsscs/SourcePackages/checkouts/firebase-ios-sdk/FirebaseAuth/Sources/Backend/RPC/FIRGetRecaptchaConfigResponse.m -o /Users/hectorgarcia/Library/Developer/Xcode/DerivedData/Build/Intermediates.noindex/Firebase.build/Debug-iphonesimulator/FirebaseAuth.build/Objects-normal/x86_64/FIRGetRecaptchaConfigResponse.o -index-unit-output-path /Firebase.build/Debug-iphonesimulator/FirebaseAuth.build/Objects-normal/x86_64/FIRGetRecaptchaConfigResponse.o

CompileC /Users/hectorgarcia/Library/Developer/Xcode/DerivedData/Build/Intermediates.noindex/Firebase.build/Debug-iphonesimulator/FirebaseAuth.build/Objects-normal/x86_64/FIRGetOOBConfirmationCodeResponse.o /Users/hectorgarcia/Library/Developer/Xcode/DerivedData/Lyo-eagkiegzrakogpczynhkaholsscs/SourcePackages/checkouts/firebase-ios-sdk/FirebaseAuth/Sources/Backend/RPC/FIRGetOOBConfirmationCodeResponse.m normal x86_64 objective-c com.apple.compilers.llvm.clang.1_0.compiler (in target 'FirebaseAuth' from project 'Firebase')
    cd /Users/hectorgarcia/LYO_Da_ONE/Lyo.xcodeproj
    
    Using response file: /Users/hectorgarcia/Library/Developer/Xcode/DerivedData/Build/Intermediates.noindex/Firebase.build/Debug-iphonesimulator/FirebaseAuth.build/Objects-normal/x86_64/e6072d4f65d7061329687fe24e3d63a7-common-args.resp
    
    /Users/hectorgarcia/Downloads/Xcode.app/Contents/Developer/Toolchains/XcodeDefault.xctoolchain/usr/bin/clang -x objective-c -ivfsstatcache /Users/hectorgarcia/Library/Developer/Xcode/DerivedData/SDKStatCaches.noindex/iphonesimulator26.2-23C53-823d3e8b6e60bc2018c189d3ca05ba9b.sdkstatcache -fmessage-length\=0 -fdiagnostics-show-note-include-stack -fmacro-backtrace-limit\=0 -fno-color-diagnostics -fmodules-prune-interval\=86400 -fmodules-prune-after\=345600 -fbuild-session-file\=/Users/hectorgarcia/Library/Developer/Xcode/DerivedData/ModuleCache.noindex/Session.modulevalidation -fmodules-validate-once-per-build-session -Wnon-modular-include-in-framework-module -Werror\=non-modular-include-in-framework-module -Wno-trigraphs -Wno-missing-field-initializers -Wno-missing-prototypes -Wno-return-type -Wno-implicit-atomic-properties -Wno-objc-interface-ivars -Wno-arc-repeated-use-of-weak -Wno-missing-braces -Wparentheses -Wswitch -Wno-unused-function -Wno-unused-label -Wno-unused-parameter -Wno-unused-variable -Wunused-value -Wno-empty-body -Wno-uninitialized -Wno-unknown-pragmas -w -Wno-shadow -Wno-four-char-constants -Wno-conversion -Wno-constant-conversion -Wno-int-conversion -Wno-bool-conversion -Wno-enum-conversion -Wno-float-conversion -Wno-non-literal-null-conversion -Wno-objc-literal-conversion -Wshorten-64-to-32 -Wpointer-sign -Wno-newline-eof -Wno-selector -Wno-strict-selector-match -Wno-undeclared-selector -Wno-deprecated-implementations -Wno-implicit-fallthrough -fstrict-aliasing -Wprotocol -Wdeprecated-declarations -Wno-sign-conversion -Wno-infinite-recursion -Wno-comma -Wno-block-capture-autoreleasing -Wno-strict-prototypes -Wno-semicolon-before-method-body -index-store-path /Users/hectorgarcia/Library/Developer/Xcode/DerivedData/Lyo-eagkiegzrakogpczynhkaholsscs/Index.noindex/DataStore @/Users/hectorgarcia/Library/Developer/Xcode/DerivedData/Build/Intermediates.noindex/Firebase.build/Debug-iphonesimulator/FirebaseAuth.build/Objects-normal/x86_64/e6072d4f65d7061329687fe24e3d63a7-common-args.resp -include /Users/hectorgarcia/Library/Developer/Xcode/DerivedData/Build/Intermediates.noindex/Firebase.build/Debug-iphonesimulator/FirebaseAuth.build/DerivedSources/resource_bundle_accessor.h -MMD -MT dependencies -MF /Users/hectorgarcia/Library/Developer/Xcode/DerivedData/Build/Intermediates.noindex/Firebase.build/Debug-iphonesimulator/FirebaseAuth.build/Objects-normal/x86_64/FIRGetOOBConfirmationCodeResponse.d --serialize-diagnostics /Users/hectorgarcia/Library/Developer/Xcode/DerivedData/Build/Intermediates.noindex/Firebase.build/Debug-iphonesimulator/FirebaseAuth.build/Objects-normal/x86_64/FIRGetOOBConfirmationCodeResponse.dia -c /Users/hectorgarcia/Library/Developer/Xcode/DerivedData/Lyo-eagkiegzrakogpczynhkaholsscs/SourcePackages/checkouts/firebase-ios-sdk/FirebaseAuth/Sources/Backend/RPC/FIRGetOOBConfirmationCodeResponse.m -o /Users/hectorgarcia/Library/Developer/Xcode/DerivedData/Build/Intermediates.noindex/Firebase.build/Debug-iphonesimulator/FirebaseAuth.build/Objects-normal/x86_64/FIRGetOOBConfirmationCodeResponse.o -index-unit-output-path /Firebase.build/Debug-iphonesimulator/FirebaseAuth.build/Objects-normal/x86_64/FIRGetOOBConfirmationCodeResponse.o

ScanDependencies /Users/hectorgarcia/Library/Developer/Xcode/DerivedData/Build/Intermediates.noindex/Firebase.build/Debug-iphonesimulator/FirebaseAuth.build/Objects-normal/x86_64/FIRGetOOBConfirmationCodeRequest.o /Users/hectorgarcia/Library/Developer/Xcode/DerivedData/Lyo-eagkiegzrakogpczynhkaholsscs/SourcePackages/checkouts/firebase-ios-sdk/FirebaseAuth/Sources/Backend/RPC/FIRGetOOBConfirmationCodeRequest.m normal x86_64 objective-c com.apple.compilers.llvm.clang.1_0.compiler (in target 'FirebaseAuth' from project 'Firebase')
    cd /Users/hectorgarcia/LYO_Da_ONE/Lyo.xcodeproj
    
    Using response file: /Users/hectorgarcia/Library/Developer/Xcode/DerivedData/Build/Intermediates.noindex/Firebase.build/Debug-iphonesimulator/FirebaseAuth.build/Objects-normal/x86_64/e6072d4f65d7061329687fe24e3d63a7-common-args.resp
    
    builtin-ScanDependencies -o /Users/hectorgarcia/Library/Developer/Xcode/DerivedData/Build/Intermediates.noindex/Firebase.build/Debug-iphonesimulator/FirebaseAuth.build/Objects-normal/x86_64/FIRGetOOBConfirmationCodeRequest.o.scan -- /Users/hectorgarcia/Downloads/Xcode.app/Contents/Developer/Toolchains/XcodeDefault.xctoolchain/usr/bin/clang -x objective-c -ivfsstatcache /Users/hectorgarcia/Library/Developer/Xcode/DerivedData/SDKStatCaches.noindex/iphonesimulator26.2-23C53-823d3e8b6e60bc2018c189d3ca05ba9b.sdkstatcache -fmessage-length\=0 -fdiagnostics-show-note-include-stack -fmacro-backtrace-limit\=0 -fno-color-diagnostics -fmodules-prune-interval\=86400 -fmodules-prune-after\=345600 -fbuild-session-file\=/Users/hectorgarcia/Library/Developer/Xcode/DerivedData/ModuleCache.noindex/Session.modulevalidation -fmodules-validate-once-per-build-session -Wnon-modular-include-in-framework-module -Werror\=non-modular-include-in-framework-module -Wno-trigraphs -Wno-missing-field-initializers -Wno-missing-prototypes -Wno-return-type -Wno-implicit-atomic-properties -Wno-objc-interface-ivars -Wno-arc-repeated-use-of-weak -Wno-missing-braces -Wparentheses -Wswitch -Wno-unused-function -Wno-unused-label -Wno-unused-parameter -Wno-unused-variable -Wunused-value -Wno-empty-body -Wno-uninitialized -Wno-unknown-pragmas -w -Wno-shadow -Wno-four-char-constants -Wno-conversion -Wno-constant-conversion -Wno-int-conversion -Wno-bool-conversion -Wno-enum-conversion -Wno-float-conversion -Wno-non-literal-null-conversion -Wno-objc-literal-conversion -Wshorten-64-to-32 -Wpointer-sign -Wno-newline-eof -Wno-selector -Wno-strict-selector-match -Wno-undeclared-selector -Wno-deprecated-implementations -Wno-implicit-fallthrough -fstrict-aliasing -Wprotocol -Wdeprecated-declarations -Wno-sign-conversion -Wno-infinite-recursion -Wno-comma -Wno-block-capture-autoreleasing -Wno-strict-prototypes -Wno-semicolon-before-method-body -index-store-path /Users/hectorgarcia/Library/Developer/Xcode/DerivedData/Lyo-eagkiegzrakogpczynhkaholsscs/Index.noindex/DataStore @/Users/hectorgarcia/Library/Developer/Xcode/DerivedData/Build/Intermediates.noindex/Firebase.build/Debug-iphonesimulator/FirebaseAuth.build/Objects-normal/x86_64/e6072d4f65d7061329687fe24e3d63a7-common-args.resp -include /Users/hectorgarcia/Library/Developer/Xcode/DerivedData/Build/Intermediates.noindex/Firebase.build/Debug-iphonesimulator/FirebaseAuth.build/DerivedSources/resource_bundle_accessor.h -MMD -MT dependencies -MF /Users/hectorgarcia/Library/Developer/Xcode/DerivedData/Build/Intermediates.noindex/Firebase.build/Debug-iphonesimulator/FirebaseAuth.build/Objects-normal/x86_64/FIRGetOOBConfirmationCodeRequest.d --serialize-diagnostics /Users/hectorgarcia/Library/Developer/Xcode/DerivedData/Build/Intermediates.noindex/Firebase.build/Debug-iphonesimulator/FirebaseAuth.build/Objects-normal/x86_64/FIRGetOOBConfirmationCodeRequest.dia -c /Users/hectorgarcia/Library/Developer/Xcode/DerivedData/Lyo-eagkiegzrakogpczynhkaholsscs/SourcePackages/checkouts/firebase-ios-sdk/FirebaseAuth/Sources/Backend/RPC/FIRGetOOBConfirmationCodeRequest.m -o /Users/hectorgarcia/Library/Developer/Xcode/DerivedData/Build/Intermediates.noindex/Firebase.build/Debug-iphonesimulator/FirebaseAuth.build/Objects-normal/x86_64/FIRGetOOBConfirmationCodeRequest.o -index-unit-output-path /Firebase.build/Debug-iphonesimulator/FirebaseAuth.build/Objects-normal/x86_64/FIRGetOOBConfirmationCodeRequest.o

CompileC /Users/hectorgarcia/Library/Developer/Xcode/DerivedData/Build/Intermediates.noindex/Firebase.build/Debug-iphonesimulator/FirebaseAuth.build/Objects-normal/x86_64/FIRGetProjectConfigResponse.o /Users/hectorgarcia/Library/Developer/Xcode/DerivedData/Lyo-eagkiegzrakogpczynhkaholsscs/SourcePackages/checkouts/firebase-ios-sdk/FirebaseAuth/Sources/Backend/RPC/FIRGetProjectConfigResponse.m normal x86_64 objective-c com.apple.compilers.llvm.clang.1_0.compiler (in target 'FirebaseAuth' from project 'Firebase')
    cd /Users/hectorgarcia/LYO_Da_ONE/Lyo.xcodeproj
    
    Using response file: /Users/hectorgarcia/Library/Developer/Xcode/DerivedData/Build/Intermediates.noindex/Firebase.build/Debug-iphonesimulator/FirebaseAuth.build/Objects-normal/x86_64/e6072d4f65d7061329687fe24e3d63a7-common-args.resp
    
    /Users/hectorgarcia/Downloads/Xcode.app/Contents/Developer/Toolchains/XcodeDefault.xctoolchain/usr/bin/clang -x objective-c -ivfsstatcache /Users/hectorgarcia/Library/Developer/Xcode/DerivedData/SDKStatCaches.noindex/iphonesimulator26.2-23C53-823d3e8b6e60bc2018c189d3ca05ba9b.sdkstatcache -fmessage-length\=0 -fdiagnostics-show-note-include-stack -fmacro-backtrace-limit\=0 -fno-color-diagnostics -fmodules-prune-interval\=86400 -fmodules-prune-after\=345600 -fbuild-session-file\=/Users/hectorgarcia/Library/Developer/Xcode/DerivedData/ModuleCache.noindex/Session.modulevalidation -fmodules-validate-once-per-build-session -Wnon-modular-include-in-framework-module -Werror\=non-modular-include-in-framework-module -Wno-trigraphs -Wno-missing-field-initializers -Wno-missing-prototypes -Wno-return-type -Wno-implicit-atomic-properties -Wno-objc-interface-ivars -Wno-arc-repeated-use-of-weak -Wno-missing-braces -Wparentheses -Wswitch -Wno-unused-function -Wno-unused-label -Wno-unused-parameter -Wno-unused-variable -Wunused-value -Wno-empty-body -Wno-uninitialized -Wno-unknown-pragmas -w -Wno-shadow -Wno-four-char-constants -Wno-conversion -Wno-constant-conversion -Wno-int-conversion -Wno-bool-conversion -Wno-enum-conversion -Wno-float-conversion -Wno-non-literal-null-conversion -Wno-objc-literal-conversion -Wshorten-64-to-32 -Wpointer-sign -Wno-newline-eof -Wno-selector -Wno-strict-selector-match -Wno-undeclared-selector -Wno-deprecated-implementations -Wno-implicit-fallthrough -fstrict-aliasing -Wprotocol -Wdeprecated-declarations -Wno-sign-conversion -Wno-infinite-recursion -Wno-comma -Wno-block-capture-autoreleasing -Wno-strict-prototypes -Wno-semicolon-before-method-body -index-store-path /Users/hectorgarcia/Library/Developer/Xcode/DerivedData/Lyo-eagkiegzrakogpczynhkaholsscs/Index.noindex/DataStore @/Users/hectorgarcia/Library/Developer/Xcode/DerivedData/Build/Intermediates.noindex/Firebase.build/Debug-iphonesimulator/FirebaseAuth.build/Objects-normal/x86_64/e6072d4f65d7061329687fe24e3d63a7-common-args.resp -include /Users/hectorgarcia/Library/Developer/Xcode/DerivedData/Build/Intermediates.noindex/Firebase.build/Debug-iphonesimulator/FirebaseAuth.build/DerivedSources/resource_bundle_accessor.h -MMD -MT dependencies -MF /Users/hectorgarcia/Library/Developer/Xcode/DerivedData/Build/Intermediates.noindex/Firebase.build/Debug-iphonesimulator/FirebaseAuth.build/Objects-normal/x86_64/FIRGetProjectConfigResponse.d --serialize-diagnostics /Users/hectorgarcia/Library/Developer/Xcode/DerivedData/Build/Intermediates.noindex/Firebase.build/Debug-iphonesimulator/FirebaseAuth.build/Objects-normal/x86_64/FIRGetProjectConfigResponse.dia -c /Users/hectorgarcia/Library/Developer/Xcode/DerivedData/Lyo-eagkiegzrakogpczynhkaholsscs/SourcePackages/checkouts/firebase-ios-sdk/FirebaseAuth/Sources/Backend/RPC/FIRGetProjectConfigResponse.m -o /Users/hectorgarcia/Library/Developer/Xcode/DerivedData/Build/Intermediates.noindex/Firebase.build/Debug-iphonesimulator/FirebaseAuth.build/Objects-normal/x86_64/FIRGetProjectConfigResponse.o -index-unit-output-path /Firebase.build/Debug-iphonesimulator/FirebaseAuth.build/Objects-normal/x86_64/FIRGetProjectConfigResponse.o

ScanDependencies /Users/hectorgarcia/Library/Developer/Xcode/DerivedData/Build/Intermediates.noindex/Firebase.build/Debug-iphonesimulator/FirebaseAuth.build/Objects-normal/x86_64/FIRGetAccountInfoResponse.o /Users/hectorgarcia/Library/Developer/Xcode/DerivedData/Lyo-eagkiegzrakogpczynhkaholsscs/SourcePackages/checkouts/firebase-ios-sdk/FirebaseAuth/Sources/Backend/RPC/FIRGetAccountInfoResponse.m normal x86_64 objective-c com.apple.compilers.llvm.clang.1_0.compiler (in target 'FirebaseAuth' from project 'Firebase')
    cd /Users/hectorgarcia/LYO_Da_ONE/Lyo.xcodeproj
    
    Using response file: /Users/hectorgarcia/Library/Developer/Xcode/DerivedData/Build/Intermediates.noindex/Firebase.build/Debug-iphonesimulator/FirebaseAuth.build/Objects-normal/x86_64/e6072d4f65d7061329687fe24e3d63a7-common-args.resp
    
    builtin-ScanDependencies -o /Users/hectorgarcia/Library/Developer/Xcode/DerivedData/Build/Intermediates.noindex/Firebase.build/Debug-iphonesimulator/FirebaseAuth.build/Objects-normal/x86_64/FIRGetAccountInfoResponse.o.scan -- /Users/hectorgarcia/Downloads/Xcode.app/Contents/Developer/Toolchains/XcodeDefault.xctoolchain/usr/bin/clang -x objective-c -ivfsstatcache /Users/hectorgarcia/Library/Developer/Xcode/DerivedData/SDKStatCaches.noindex/iphonesimulator26.2-23C53-823d3e8b6e60bc2018c189d3ca05ba9b.sdkstatcache -fmessage-length\=0 -fdiagnostics-show-note-include-stack -fmacro-backtrace-limit\=0 -fno-color-diagnostics -fmodules-prune-interval\=86400 -fmodules-prune-after\=345600 -fbuild-session-file\=/Users/hectorgarcia/Library/Developer/Xcode/DerivedData/ModuleCache.noindex/Session.modulevalidation -fmodules-validate-once-per-build-session -Wnon-modular-include-in-framework-module -Werror\=non-modular-include-in-framework-module -Wno-trigraphs -Wno-missing-field-initializers -Wno-missing-prototypes -Wno-return-type -Wno-implicit-atomic-properties -Wno-objc-interface-ivars -Wno-arc-repeated-use-of-weak -Wno-missing-braces -Wparentheses -Wswitch -Wno-unused-function -Wno-unused-label -Wno-unused-parameter -Wno-unused-variable -Wunused-value -Wno-empty-body -Wno-uninitialized -Wno-unknown-pragmas -w -Wno-shadow -Wno-four-char-constants -Wno-conversion -Wno-constant-conversion -Wno-int-conversion -Wno-bool-conversion -Wno-enum-conversion -Wno-float-conversion -Wno-non-literal-null-conversion -Wno-objc-literal-conversion -Wshorten-64-to-32 -Wpointer-sign -Wno-newline-eof -Wno-selector -Wno-strict-selector-match -Wno-undeclared-selector -Wno-deprecated-implementations -Wno-implicit-fallthrough -fstrict-aliasing -Wprotocol -Wdeprecated-declarations -Wno-sign-conversion -Wno-infinite-recursion -Wno-comma -Wno-block-capture-autoreleasing -Wno-strict-prototypes -Wno-semicolon-before-method-body -index-store-path /Users/hectorgarcia/Library/Developer/Xcode/DerivedData/Lyo-eagkiegzrakogpczynhkaholsscs/Index.noindex/DataStore @/Users/hectorgarcia/Library/Developer/Xcode/DerivedData/Build/Intermediates.noindex/Firebase.build/Debug-iphonesimulator/FirebaseAuth.build/Objects-normal/x86_64/e6072d4f65d7061329687fe24e3d63a7-common-args.resp -include /Users/hectorgarcia/Library/Developer/Xcode/DerivedData/Build/Intermediates.noindex/Firebase.build/Debug-iphonesimulator/FirebaseAuth.build/DerivedSources/resource_bundle_accessor.h -MMD -MT dependencies -MF /Users/hectorgarcia/Library/Developer/Xcode/DerivedData/Build/Intermediates.noindex/Firebase.build/Debug-iphonesimulator/FirebaseAuth.build/Objects-normal/x86_64/FIRGetAccountInfoResponse.d --serialize-diagnostics /Users/hectorgarcia/Library/Developer/Xcode/DerivedData/Build/Intermediates.noindex/Firebase.build/Debug-iphonesimulator/FirebaseAuth.build/Objects-normal/x86_64/FIRGetAccountInfoResponse.dia -c /Users/hectorgarcia/Library/Developer/Xcode/DerivedData/Lyo-eagkiegzrakogpczynhkaholsscs/SourcePackages/checkouts/firebase-ios-sdk/FirebaseAuth/Sources/Backend/RPC/FIRGetAccountInfoResponse.m -o /Users/hectorgarcia/Library/Developer/Xcode/DerivedData/Build/Intermediates.noindex/Firebase.build/Debug-iphonesimulator/FirebaseAuth.build/Objects-normal/x86_64/FIRGetAccountInfoResponse.o -index-unit-output-path /Firebase.build/Debug-iphonesimulator/FirebaseAuth.build/Objects-normal/x86_64/FIRGetAccountInfoResponse.o

ScanDependencies /Users/hectorgarcia/Library/Developer/Xcode/DerivedData/Build/Intermediates.noindex/Firebase.build/Debug-iphonesimulator/FirebaseAuth.build/Objects-normal/x86_64/FIRGetAccountInfoRequest.o /Users/hectorgarcia/Library/Developer/Xcode/DerivedData/Lyo-eagkiegzrakogpczynhkaholsscs/SourcePackages/checkouts/firebase-ios-sdk/FirebaseAuth/Sources/Backend/RPC/FIRGetAccountInfoRequest.m normal x86_64 objective-c com.apple.compilers.llvm.clang.1_0.compiler (in target 'FirebaseAuth' from project 'Firebase')
    cd /Users/hectorgarcia/LYO_Da_ONE/Lyo.xcodeproj
    
    Using response file: /Users/hectorgarcia/Library/Developer/Xcode/DerivedData/Build/Intermediates.noindex/Firebase.build/Debug-iphonesimulator/FirebaseAuth.build/Objects-normal/x86_64/e6072d4f65d7061329687fe24e3d63a7-common-args.resp
    
    builtin-ScanDependencies -o /Users/hectorgarcia/Library/Developer/Xcode/DerivedData/Build/Intermediates.noindex/Firebase.build/Debug-iphonesimulator/FirebaseAuth.build/Objects-normal/x86_64/FIRGetAccountInfoRequest.o.scan -- /Users/hectorgarcia/Downloads/Xcode.app/Contents/Developer/Toolchains/XcodeDefault.xctoolchain/usr/bin/clang -x objective-c -ivfsstatcache /Users/hectorgarcia/Library/Developer/Xcode/DerivedData/SDKStatCaches.noindex/iphonesimulator26.2-23C53-823d3e8b6e60bc2018c189d3ca05ba9b.sdkstatcache -fmessage-length\=0 -fdiagnostics-show-note-include-stack -fmacro-backtrace-limit\=0 -fno-color-diagnostics -fmodules-prune-interval\=86400 -fmodules-prune-after\=345600 -fbuild-session-file\=/Users/hectorgarcia/Library/Developer/Xcode/DerivedData/ModuleCache.noindex/Session.modulevalidation -fmodules-validate-once-per-build-session -Wnon-modular-include-in-framework-module -Werror\=non-modular-include-in-framework-module -Wno-trigraphs -Wno-missing-field-initializers -Wno-missing-prototypes -Wno-return-type -Wno-implicit-atomic-properties -Wno-objc-interface-ivars -Wno-arc-repeated-use-of-weak -Wno-missing-braces -Wparentheses -Wswitch -Wno-unused-function -Wno-unused-label -Wno-unused-parameter -Wno-unused-variable -Wunused-value -Wno-empty-body -Wno-uninitialized -Wno-unknown-pragmas -w -Wno-shadow -Wno-four-char-constants -Wno-conversion -Wno-constant-conversion -Wno-int-conversion -Wno-bool-conversion -Wno-enum-conversion -Wno-float-conversion -Wno-non-literal-null-conversion -Wno-objc-literal-conversion -Wshorten-64-to-32 -Wpointer-sign -Wno-newline-eof -Wno-selector -Wno-strict-selector-match -Wno-undeclared-selector -Wno-deprecated-implementations -Wno-implicit-fallthrough -fstrict-aliasing -Wprotocol -Wdeprecated-declarations -Wno-sign-conversion -Wno-infinite-recursion -Wno-comma -Wno-block-capture-autoreleasing -Wno-strict-prototypes -Wno-semicolon-before-method-body -index-store-path /Users/hectorgarcia/Library/Developer/Xcode/DerivedData/Lyo-eagkiegzrakogpczynhkaholsscs/Index.noindex/DataStore @/Users/hectorgarcia/Library/Developer/Xcode/DerivedData/Build/Intermediates.noindex/Firebase.build/Debug-iphonesimulator/FirebaseAuth.build/Objects-normal/x86_64/e6072d4f65d7061329687fe24e3d63a7-common-args.resp -include /Users/hectorgarcia/Library/Developer/Xcode/DerivedData/Build/Intermediates.noindex/Firebase.build/Debug-iphonesimulator/FirebaseAuth.build/DerivedSources/resource_bundle_accessor.h -MMD -MT dependencies -MF /Users/hectorgarcia/Library/Developer/Xcode/DerivedData/Build/Intermediates.noindex/Firebase.build/Debug-iphonesimulator/FirebaseAuth.build/Objects-normal/x86_64/FIRGetAccountInfoRequest.d --serialize-diagnostics /Users/hectorgarcia/Library/Developer/Xcode/DerivedData/Build/Intermediates.noindex/Firebase.build/Debug-iphonesimulator/FirebaseAuth.build/Objects-normal/x86_64/FIRGetAccountInfoRequest.dia -c /Users/hectorgarcia/Library/Developer/Xcode/DerivedData/Lyo-eagkiegzrakogpczynhkaholsscs/SourcePackages/checkouts/firebase-ios-sdk/FirebaseAuth/Sources/Backend/RPC/FIRGetAccountInfoRequest.m -o /Users/hectorgarcia/Library/Developer/Xcode/DerivedData/Build/Intermediates.noindex/Firebase.build/Debug-iphonesimulator/FirebaseAuth.build/Objects-normal/x86_64/FIRGetAccountInfoRequest.o -index-unit-output-path /Firebase.build/Debug-iphonesimulator/FirebaseAuth.build/Objects-normal/x86_64/FIRGetAccountInfoRequest.o

ScanDependencies /Users/hectorgarcia/Library/Developer/Xcode/DerivedData/Build/Intermediates.noindex/Firebase.build/Debug-iphonesimulator/FirebaseAuth.build/Objects-normal/x86_64/FIRGameCenterAuthProvider.o /Users/hectorgarcia/Library/Developer/Xcode/DerivedData/Lyo-eagkiegzrakogpczynhkaholsscs/SourcePackages/checkouts/firebase-ios-sdk/FirebaseAuth/Sources/AuthProvider/GameCenter/FIRGameCenterAuthProvider.m normal x86_64 objective-c com.apple.compilers.llvm.clang.1_0.compiler (in target 'FirebaseAuth' from project 'Firebase')
    cd /Users/hectorgarcia/LYO_Da_ONE/Lyo.xcodeproj
    
    Using response file: /Users/hectorgarcia/Library/Developer/Xcode/DerivedData/Build/Intermediates.noindex/Firebase.build/Debug-iphonesimulator/FirebaseAuth.build/Objects-normal/x86_64/e6072d4f65d7061329687fe24e3d63a7-common-args.resp
    
    builtin-ScanDependencies -o /Users/hectorgarcia/Library/Developer/Xcode/DerivedData/Build/Intermediates.noindex/Firebase.build/Debug-iphonesimulator/FirebaseAuth.build/Objects-normal/x86_64/FIRGameCenterAuthProvider.o.scan -- /Users/hectorgarcia/Downloads/Xcode.app/Contents/Developer/Toolchains/XcodeDefault.xctoolchain/usr/bin/clang -x objective-c -ivfsstatcache /Users/hectorgarcia/Library/Developer/Xcode/DerivedData/SDKStatCaches.noindex/iphonesimulator26.2-23C53-823d3e8b6e60bc2018c189d3ca05ba9b.sdkstatcache -fmessage-length\=0 -fdiagnostics-show-note-include-stack -fmacro-backtrace-limit\=0 -fno-color-diagnostics -fmodules-prune-interval\=86400 -fmodules-prune-after\=345600 -fbuild-session-file\=/Users/hectorgarcia/Library/Developer/Xcode/DerivedData/ModuleCache.noindex/Session.modulevalidation -fmodules-validate-once-per-build-session -Wnon-modular-include-in-framework-module -Werror\=non-modular-include-in-framework-module -Wno-trigraphs -Wno-missing-field-initializers -Wno-missing-prototypes -Wno-return-type -Wno-implicit-atomic-properties -Wno-objc-interface-ivars -Wno-arc-repeated-use-of-weak -Wno-missing-braces -Wparentheses -Wswitch -Wno-unused-function -Wno-unused-label -Wno-unused-parameter -Wno-unused-variable -Wunused-value -Wno-empty-body -Wno-uninitialized -Wno-unknown-pragmas -w -Wno-shadow -Wno-four-char-constants -Wno-conversion -Wno-constant-conversion -Wno-int-conversion -Wno-bool-conversion -Wno-enum-conversion -Wno-float-conversion -Wno-non-literal-null-conversion -Wno-objc-literal-conversion -Wshorten-64-to-32 -Wpointer-sign -Wno-newline-eof -Wno-selector -Wno-strict-selector-match -Wno-undeclared-selector -Wno-deprecated-implementations -Wno-implicit-fallthrough -fstrict-aliasing -Wprotocol -Wdeprecated-declarations -Wno-sign-conversion -Wno-infinite-recursion -Wno-comma -Wno-block-capture-autoreleasing -Wno-strict-prototypes -Wno-semicolon-before-method-body -index-store-path /Users/hectorgarcia/Library/Developer/Xcode/DerivedData/Lyo-eagkiegzrakogpczynhkaholsscs/Index.noindex/DataStore @/Users/hectorgarcia/Library/Developer/Xcode/DerivedData/Build/Intermediates.noindex/Firebase.build/Debug-iphonesimulator/FirebaseAuth.build/Objects-normal/x86_64/e6072d4f65d7061329687fe24e3d63a7-common-args.resp -include /Users/hectorgarcia/Library/Developer/Xcode/DerivedData/Build/Intermediates.noindex/Firebase.build/Debug-iphonesimulator/FirebaseAuth.build/DerivedSources/resource_bundle_accessor.h -MMD -MT dependencies -MF /Users/hectorgarcia/Library/Developer/Xcode/DerivedData/Build/Intermediates.noindex/Firebase.build/Debug-iphonesimulator/FirebaseAuth.build/Objects-normal/x86_64/FIRGameCenterAuthProvider.d --serialize-diagnostics /Users/hectorgarcia/Library/Developer/Xcode/DerivedData/Build/Intermediates.noindex/Firebase.build/Debug-iphonesimulator/FirebaseAuth.build/Objects-normal/x86_64/FIRGameCenterAuthProvider.dia -c /Users/hectorgarcia/Library/Developer/Xcode/DerivedData/Lyo-eagkiegzrakogpczynhkaholsscs/SourcePackages/checkouts/firebase-ios-sdk/FirebaseAuth/Sources/AuthProvider/GameCenter/FIRGameCenterAuthProvider.m -o /Users/hectorgarcia/Library/Developer/Xcode/DerivedData/Build/Intermediates.noindex/Firebase.build/Debug-iphonesimulator/FirebaseAuth.build/Objects-normal/x86_64/FIRGameCenterAuthProvider.o -index-unit-output-path /Firebase.build/Debug-iphonesimulator/FirebaseAuth.build/Objects-normal/x86_64/FIRGameCenterAuthProvider.o

CompileC /Users/hectorgarcia/Library/Developer/Xcode/DerivedData/Build/Intermediates.noindex/Firebase.build/Debug-iphonesimulator/FirebaseAuth.build/Objects-normal/x86_64/FIRGetProjectConfigRequest.o /Users/hectorgarcia/Library/Developer/Xcode/DerivedData/Lyo-eagkiegzrakogpczynhkaholsscs/SourcePackages/checkouts/firebase-ios-sdk/FirebaseAuth/Sources/Backend/RPC/FIRGetProjectConfigRequest.m normal x86_64 objective-c com.apple.compilers.llvm.clang.1_0.compiler (in target 'FirebaseAuth' from project 'Firebase')
    cd /Users/hectorgarcia/LYO_Da_ONE/Lyo.xcodeproj
    
    Using response file: /Users/hectorgarcia/Library/Developer/Xcode/DerivedData/Build/Intermediates.noindex/Firebase.build/Debug-iphonesimulator/FirebaseAuth.build/Objects-normal/x86_64/e6072d4f65d7061329687fe24e3d63a7-common-args.resp
    
    /Users/hectorgarcia/Downloads/Xcode.app/Contents/Developer/Toolchains/XcodeDefault.xctoolchain/usr/bin/clang -x objective-c -ivfsstatcache /Users/hectorgarcia/Library/Developer/Xcode/DerivedData/SDKStatCaches.noindex/iphonesimulator26.2-23C53-823d3e8b6e60bc2018c189d3ca05ba9b.sdkstatcache -fmessage-length\=0 -fdiagnostics-show-note-include-stack -fmacro-backtrace-limit\=0 -fno-color-diagnostics -fmodules-prune-interval\=86400 -fmodules-prune-after\=345600 -fbuild-session-file\=/Users/hectorgarcia/Library/Developer/Xcode/DerivedData/ModuleCache.noindex/Session.modulevalidation -fmodules-validate-once-per-build-session -Wnon-modular-include-in-framework-module -Werror\=non-modular-include-in-framework-module -Wno-trigraphs -Wno-missing-field-initializers -Wno-missing-prototypes -Wno-return-type -Wno-implicit-atomic-properties -Wno-objc-interface-ivars -Wno-arc-repeated-use-of-weak -Wno-missing-braces -Wparentheses -Wswitch -Wno-unused-function -Wno-unused-label -Wno-unused-parameter -Wno-unused-variable -Wunused-value -Wno-empty-body -Wno-uninitialized -Wno-unknown-pragmas -w -Wno-shadow -Wno-four-char-constants -Wno-conversion -Wno-constant-conversion -Wno-int-conversion -Wno-bool-conversion -Wno-enum-conversion -Wno-float-conversion -Wno-non-literal-null-conversion -Wno-objc-literal-conversion -Wshorten-64-to-32 -Wpointer-sign -Wno-newline-eof -Wno-selector -Wno-strict-selector-match -Wno-undeclared-selector -Wno-deprecated-implementations -Wno-implicit-fallthrough -fstrict-aliasing -Wprotocol -Wdeprecated-declarations -Wno-sign-conversion -Wno-infinite-recursion -Wno-comma -Wno-block-capture-autoreleasing -Wno-strict-prototypes -Wno-semicolon-before-method-body -index-store-path /Users/hectorgarcia/Library/Developer/Xcode/DerivedData/Lyo-eagkiegzrakogpczynhkaholsscs/Index.noindex/DataStore @/Users/hectorgarcia/Library/Developer/Xcode/DerivedData/Build/Intermediates.noindex/Firebase.build/Debug-iphonesimulator/FirebaseAuth.build/Objects-normal/x86_64/e6072d4f65d7061329687fe24e3d63a7-common-args.resp -include /Users/hectorgarcia/Library/Developer/Xcode/DerivedData/Build/Intermediates.noindex/Firebase.build/Debug-iphonesimulator/FirebaseAuth.build/DerivedSources/resource_bundle_accessor.h -MMD -MT dependencies -MF /Users/hectorgarcia/Library/Developer/Xcode/DerivedData/Build/Intermediates.noindex/Firebase.build/Debug-iphonesimulator/FirebaseAuth.build/Objects-normal/x86_64/FIRGetProjectConfigRequest.d --serialize-diagnostics /Users/hectorgarcia/Library/Developer/Xcode/DerivedData/Build/Intermediates.noindex/Firebase.build/Debug-iphonesimulator/FirebaseAuth.build/Objects-normal/x86_64/FIRGetProjectConfigRequest.dia -c /Users/hectorgarcia/Library/Developer/Xcode/DerivedData/Lyo-eagkiegzrakogpczynhkaholsscs/SourcePackages/checkouts/firebase-ios-sdk/FirebaseAuth/Sources/Backend/RPC/FIRGetProjectConfigRequest.m -o /Users/hectorgarcia/Library/Developer/Xcode/DerivedData/Build/Intermediates.noindex/Firebase.build/Debug-iphonesimulator/FirebaseAuth.build/Objects-normal/x86_64/FIRGetProjectConfigRequest.o -index-unit-output-path /Firebase.build/Debug-iphonesimulator/FirebaseAuth.build/Objects-normal/x86_64/FIRGetProjectConfigRequest.o

CompileC /Users/hectorgarcia/Library/Developer/Xcode/DerivedData/Build/Intermediates.noindex/Firebase.build/Debug-iphonesimulator/FirebaseAuth.build/Objects-normal/x86_64/FIRGetAccountInfoRequest.o /Users/hectorgarcia/Library/Developer/Xcode/DerivedData/Lyo-eagkiegzrakogpczynhkaholsscs/SourcePackages/checkouts/firebase-ios-sdk/FirebaseAuth/Sources/Backend/RPC/FIRGetAccountInfoRequest.m normal x86_64 objective-c com.apple.compilers.llvm.clang.1_0.compiler (in target 'FirebaseAuth' from project 'Firebase')
    cd /Users/hectorgarcia/LYO_Da_ONE/Lyo.xcodeproj
    
    Using response file: /Users/hectorgarcia/Library/Developer/Xcode/DerivedData/Build/Intermediates.noindex/Firebase.build/Debug-iphonesimulator/FirebaseAuth.build/Objects-normal/x86_64/e6072d4f65d7061329687fe24e3d63a7-common-args.resp
    
    /Users/hectorgarcia/Downloads/Xcode.app/Contents/Developer/Toolchains/XcodeDefault.xctoolchain/usr/bin/clang -x objective-c -ivfsstatcache /Users/hectorgarcia/Library/Developer/Xcode/DerivedData/SDKStatCaches.noindex/iphonesimulator26.2-23C53-823d3e8b6e60bc2018c189d3ca05ba9b.sdkstatcache -fmessage-length\=0 -fdiagnostics-show-note-include-stack -fmacro-backtrace-limit\=0 -fno-color-diagnostics -fmodules-prune-interval\=86400 -fmodules-prune-after\=345600 -fbuild-session-file\=/Users/hectorgarcia/Library/Developer/Xcode/DerivedData/ModuleCache.noindex/Session.modulevalidation -fmodules-validate-once-per-build-session -Wnon-modular-include-in-framework-module -Werror\=non-modular-include-in-framework-module -Wno-trigraphs -Wno-missing-field-initializers -Wno-missing-prototypes -Wno-return-type -Wno-implicit-atomic-properties -Wno-objc-interface-ivars -Wno-arc-repeated-use-of-weak -Wno-missing-braces -Wparentheses -Wswitch -Wno-unused-function -Wno-unused-label -Wno-unused-parameter -Wno-unused-variable -Wunused-value -Wno-empty-body -Wno-uninitialized -Wno-unknown-pragmas -w -Wno-shadow -Wno-four-char-constants -Wno-conversion -Wno-constant-conversion -Wno-int-conversion -Wno-bool-conversion -Wno-enum-conversion -Wno-float-conversion -Wno-non-literal-null-conversion -Wno-objc-literal-conversion -Wshorten-64-to-32 -Wpointer-sign -Wno-newline-eof -Wno-selector -Wno-strict-selector-match -Wno-undeclared-selector -Wno-deprecated-implementations -Wno-implicit-fallthrough -fstrict-aliasing -Wprotocol -Wdeprecated-declarations -Wno-sign-conversion -Wno-infinite-recursion -Wno-comma -Wno-block-capture-autoreleasing -Wno-strict-prototypes -Wno-semicolon-before-method-body -index-store-path /Users/hectorgarcia/Library/Developer/Xcode/DerivedData/Lyo-eagkiegzrakogpczynhkaholsscs/Index.noindex/DataStore @/Users/hectorgarcia/Library/Developer/Xcode/DerivedData/Build/Intermediates.noindex/Firebase.build/Debug-iphonesimulator/FirebaseAuth.build/Objects-normal/x86_64/e6072d4f65d7061329687fe24e3d63a7-common-args.resp -include /Users/hectorgarcia/Library/Developer/Xcode/DerivedData/Build/Intermediates.noindex/Firebase.build/Debug-iphonesimulator/FirebaseAuth.build/DerivedSources/resource_bundle_accessor.h -MMD -MT dependencies -MF /Users/hectorgarcia/Library/Developer/Xcode/DerivedData/Build/Intermediates.noindex/Firebase.build/Debug-iphonesimulator/FirebaseAuth.build/Objects-normal/x86_64/FIRGetAccountInfoRequest.d --serialize-diagnostics /Users/hectorgarcia/Library/Developer/Xcode/DerivedData/Build/Intermediates.noindex/Firebase.build/Debug-iphonesimulator/FirebaseAuth.build/Objects-normal/x86_64/FIRGetAccountInfoRequest.dia -c /Users/hectorgarcia/Library/Developer/Xcode/DerivedData/Lyo-eagkiegzrakogpczynhkaholsscs/SourcePackages/checkouts/firebase-ios-sdk/FirebaseAuth/Sources/Backend/RPC/FIRGetAccountInfoRequest.m -o /Users/hectorgarcia/Library/Developer/Xcode/DerivedData/Build/Intermediates.noindex/Firebase.build/Debug-iphonesimulator/FirebaseAuth.build/Objects-normal/x86_64/FIRGetAccountInfoRequest.o -index-unit-output-path /Firebase.build/Debug-iphonesimulator/FirebaseAuth.build/Objects-normal/x86_64/FIRGetAccountInfoRequest.o

CompileC /Users/hectorgarcia/Library/Developer/Xcode/DerivedData/Build/Intermediates.noindex/Firebase.build/Debug-iphonesimulator/FirebaseAuth.build/Objects-normal/x86_64/FIRGetOOBConfirmationCodeRequest.o /Users/hectorgarcia/Library/Developer/Xcode/DerivedData/Lyo-eagkiegzrakogpczynhkaholsscs/SourcePackages/checkouts/firebase-ios-sdk/FirebaseAuth/Sources/Backend/RPC/FIRGetOOBConfirmationCodeRequest.m normal x86_64 objective-c com.apple.compilers.llvm.clang.1_0.compiler (in target 'FirebaseAuth' from project 'Firebase')
    cd /Users/hectorgarcia/LYO_Da_ONE/Lyo.xcodeproj
    
    Using response file: /Users/hectorgarcia/Library/Developer/Xcode/DerivedData/Build/Intermediates.noindex/Firebase.build/Debug-iphonesimulator/FirebaseAuth.build/Objects-normal/x86_64/e6072d4f65d7061329687fe24e3d63a7-common-args.resp
    
    /Users/hectorgarcia/Downloads/Xcode.app/Contents/Developer/Toolchains/XcodeDefault.xctoolchain/usr/bin/clang -x objective-c -ivfsstatcache /Users/hectorgarcia/Library/Developer/Xcode/DerivedData/SDKStatCaches.noindex/iphonesimulator26.2-23C53-823d3e8b6e60bc2018c189d3ca05ba9b.sdkstatcache -fmessage-length\=0 -fdiagnostics-show-note-include-stack -fmacro-backtrace-limit\=0 -fno-color-diagnostics -fmodules-prune-interval\=86400 -fmodules-prune-after\=345600 -fbuild-session-file\=/Users/hectorgarcia/Library/Developer/Xcode/DerivedData/ModuleCache.noindex/Session.modulevalidation -fmodules-validate-once-per-build-session -Wnon-modular-include-in-framework-module -Werror\=non-modular-include-in-framework-module -Wno-trigraphs -Wno-missing-field-initializers -Wno-missing-prototypes -Wno-return-type -Wno-implicit-atomic-properties -Wno-objc-interface-ivars -Wno-arc-repeated-use-of-weak -Wno-missing-braces -Wparentheses -Wswitch -Wno-unused-function -Wno-unused-label -Wno-unused-parameter -Wno-unused-variable -Wunused-value -Wno-empty-body -Wno-uninitialized -Wno-unknown-pragmas -w -Wno-shadow -Wno-four-char-constants -Wno-conversion -Wno-constant-conversion -Wno-int-conversion -Wno-bool-conversion -Wno-enum-conversion -Wno-float-conversion -Wno-non-literal-null-conversion -Wno-objc-literal-conversion -Wshorten-64-to-32 -Wpointer-sign -Wno-newline-eof -Wno-selector -Wno-strict-selector-match -Wno-undeclared-selector -Wno-deprecated-implementations -Wno-implicit-fallthrough -fstrict-aliasing -Wprotocol -Wdeprecated-declarations -Wno-sign-conversion -Wno-infinite-recursion -Wno-comma -Wno-block-capture-autoreleasing -Wno-strict-prototypes -Wno-semicolon-before-method-body -index-store-path /Users/hectorgarcia/Library/Developer/Xcode/DerivedData/Lyo-eagkiegzrakogpczynhkaholsscs/Index.noindex/DataStore @/Users/hectorgarcia/Library/Developer/Xcode/DerivedData/Build/Intermediates.noindex/Firebase.build/Debug-iphonesimulator/FirebaseAuth.build/Objects-normal/x86_64/e6072d4f65d7061329687fe24e3d63a7-common-args.resp -include /Users/hectorgarcia/Library/Developer/Xcode/DerivedData/Build/Intermediates.noindex/Firebase.build/Debug-iphonesimulator/FirebaseAuth.build/DerivedSources/resource_bundle_accessor.h -MMD -MT dependencies -MF /Users/hectorgarcia/Library/Developer/Xcode/DerivedData/Build/Intermediates.noindex/Firebase.build/Debug-iphonesimulator/FirebaseAuth.build/Objects-normal/x86_64/FIRGetOOBConfirmationCodeRequest.d --serialize-diagnostics /Users/hectorgarcia/Library/Developer/Xcode/DerivedData/Build/Intermediates.noindex/Firebase.build/Debug-iphonesimulator/FirebaseAuth.build/Objects-normal/x86_64/FIRGetOOBConfirmationCodeRequest.dia -c /Users/hectorgarcia/Library/Developer/Xcode/DerivedData/Lyo-eagkiegzrakogpczynhkaholsscs/SourcePackages/checkouts/firebase-ios-sdk/FirebaseAuth/Sources/Backend/RPC/FIRGetOOBConfirmationCodeRequest.m -o /Users/hectorgarcia/Library/Developer/Xcode/DerivedData/Build/Intermediates.noindex/Firebase.build/Debug-iphonesimulator/FirebaseAuth.build/Objects-normal/x86_64/FIRGetOOBConfirmationCodeRequest.o -index-unit-output-path /Firebase.build/Debug-iphonesimulator/FirebaseAuth.build/Objects-normal/x86_64/FIRGetOOBConfirmationCodeRequest.o

ScanDependencies /Users/hectorgarcia/Library/Developer/Xcode/DerivedData/Build/Intermediates.noindex/Firebase.build/Debug-iphonesimulator/FirebaseAuth.build/Objects-normal/x86_64/FIRGameCenterAuthCredential.o /Users/hectorgarcia/Library/Developer/Xcode/DerivedData/Lyo-eagkiegzrakogpczynhkaholsscs/SourcePackages/checkouts/firebase-ios-sdk/FirebaseAuth/Sources/AuthProvider/GameCenter/FIRGameCenterAuthCredential.m normal x86_64 objective-c com.apple.compilers.llvm.clang.1_0.compiler (in target 'FirebaseAuth' from project 'Firebase')
    cd /Users/hectorgarcia/LYO_Da_ONE/Lyo.xcodeproj
    
    Using response file: /Users/hectorgarcia/Library/Developer/Xcode/DerivedData/Build/Intermediates.noindex/Firebase.build/Debug-iphonesimulator/FirebaseAuth.build/Objects-normal/x86_64/e6072d4f65d7061329687fe24e3d63a7-common-args.resp
    
    builtin-ScanDependencies -o /Users/hectorgarcia/Library/Developer/Xcode/DerivedData/Build/Intermediates.noindex/Firebase.build/Debug-iphonesimulator/FirebaseAuth.build/Objects-normal/x86_64/FIRGameCenterAuthCredential.o.scan -- /Users/hectorgarcia/Downloads/Xcode.app/Contents/Developer/Toolchains/XcodeDefault.xctoolchain/usr/bin/clang -x objective-c -ivfsstatcache /Users/hectorgarcia/Library/Developer/Xcode/DerivedData/SDKStatCaches.noindex/iphonesimulator26.2-23C53-823d3e8b6e60bc2018c189d3ca05ba9b.sdkstatcache -fmessage-length\=0 -fdiagnostics-show-note-include-stack -fmacro-backtrace-limit\=0 -fno-color-diagnostics -fmodules-prune-interval\=86400 -fmodules-prune-after\=345600 -fbuild-session-file\=/Users/hectorgarcia/Library/Developer/Xcode/DerivedData/ModuleCache.noindex/Session.modulevalidation -fmodules-validate-once-per-build-session -Wnon-modular-include-in-framework-module -Werror\=non-modular-include-in-framework-module -Wno-trigraphs -Wno-missing-field-initializers -Wno-missing-prototypes -Wno-return-type -Wno-implicit-atomic-properties -Wno-objc-interface-ivars -Wno-arc-repeated-use-of-weak -Wno-missing-braces -Wparentheses -Wswitch -Wno-unused-function -Wno-unused-label -Wno-unused-parameter -Wno-unused-variable -Wunused-value -Wno-empty-body -Wno-uninitialized -Wno-unknown-pragmas -w -Wno-shadow -Wno-four-char-constants -Wno-conversion -Wno-constant-conversion -Wno-int-conversion -Wno-bool-conversion -Wno-enum-conversion -Wno-float-conversion -Wno-non-literal-null-conversion -Wno-objc-literal-conversion -Wshorten-64-to-32 -Wpointer-sign -Wno-newline-eof -Wno-selector -Wno-strict-selector-match -Wno-undeclared-selector -Wno-deprecated-implementations -Wno-implicit-fallthrough -fstrict-aliasing -Wprotocol -Wdeprecated-declarations -Wno-sign-conversion -Wno-infinite-recursion -Wno-comma -Wno-block-capture-autoreleasing -Wno-strict-prototypes -Wno-semicolon-before-method-body -index-store-path /Users/hectorgarcia/Library/Developer/Xcode/DerivedData/Lyo-eagkiegzrakogpczynhkaholsscs/Index.noindex/DataStore @/Users/hectorgarcia/Library/Developer/Xcode/DerivedData/Build/Intermediates.noindex/Firebase.build/Debug-iphonesimulator/FirebaseAuth.build/Objects-normal/x86_64/e6072d4f65d7061329687fe24e3d63a7-common-args.resp -include /Users/hectorgarcia/Library/Developer/Xcode/DerivedData/Build/Intermediates.noindex/Firebase.build/Debug-iphonesimulator/FirebaseAuth.build/DerivedSources/resource_bundle_accessor.h -MMD -MT dependencies -MF /Users/hectorgarcia/Library/Developer/Xcode/DerivedData/Build/Intermediates.noindex/Firebase.build/Debug-iphonesimulator/FirebaseAuth.build/Objects-normal/x86_64/FIRGameCenterAuthCredential.d --serialize-diagnostics /Users/hectorgarcia/Library/Developer/Xcode/DerivedData/Build/Intermediates.noindex/Firebase.build/Debug-iphonesimulator/FirebaseAuth.build/Objects-normal/x86_64/FIRGameCenterAuthCredential.dia -c /Users/hectorgarcia/Library/Developer/Xcode/DerivedData/Lyo-eagkiegzrakogpczynhkaholsscs/SourcePackages/checkouts/firebase-ios-sdk/FirebaseAuth/Sources/AuthProvider/GameCenter/FIRGameCenterAuthCredential.m -o /Users/hectorgarcia/Library/Developer/Xcode/DerivedData/Build/Intermediates.noindex/Firebase.build/Debug-iphonesimulator/FirebaseAuth.build/Objects-normal/x86_64/FIRGameCenterAuthCredential.o -index-unit-output-path /Firebase.build/Debug-iphonesimulator/FirebaseAuth.build/Objects-normal/x86_64/FIRGameCenterAuthCredential.o

CompileC /Users/hectorgarcia/Library/Developer/Xcode/DerivedData/Build/Intermediates.noindex/Firebase.build/Debug-iphonesimulator/FirebaseAuth.build/Objects-normal/x86_64/FIRGetAccountInfoResponse.o /Users/hectorgarcia/Library/Developer/Xcode/DerivedData/Lyo-eagkiegzrakogpczynhkaholsscs/SourcePackages/checkouts/firebase-ios-sdk/FirebaseAuth/Sources/Backend/RPC/FIRGetAccountInfoResponse.m normal x86_64 objective-c com.apple.compilers.llvm.clang.1_0.compiler (in target 'FirebaseAuth' from project 'Firebase')
    cd /Users/hectorgarcia/LYO_Da_ONE/Lyo.xcodeproj
    
    Using response file: /Users/hectorgarcia/Library/Developer/Xcode/DerivedData/Build/Intermediates.noindex/Firebase.build/Debug-iphonesimulator/FirebaseAuth.build/Objects-normal/x86_64/e6072d4f65d7061329687fe24e3d63a7-common-args.resp
    
    /Users/hectorgarcia/Downloads/Xcode.app/Contents/Developer/Toolchains/XcodeDefault.xctoolchain/usr/bin/clang -x objective-c -ivfsstatcache /Users/hectorgarcia/Library/Developer/Xcode/DerivedData/SDKStatCaches.noindex/iphonesimulator26.2-23C53-823d3e8b6e60bc2018c189d3ca05ba9b.sdkstatcache -fmessage-length\=0 -fdiagnostics-show-note-include-stack -fmacro-backtrace-limit\=0 -fno-color-diagnostics -fmodules-prune-interval\=86400 -fmodules-prune-after\=345600 -fbuild-session-file\=/Users/hectorgarcia/Library/Developer/Xcode/DerivedData/ModuleCache.noindex/Session.modulevalidation -fmodules-validate-once-per-build-session -Wnon-modular-include-in-framework-module -Werror\=non-modular-include-in-framework-module -Wno-trigraphs -Wno-missing-field-initializers -Wno-missing-prototypes -Wno-return-type -Wno-implicit-atomic-properties -Wno-objc-interface-ivars -Wno-arc-repeated-use-of-weak -Wno-missing-braces -Wparentheses -Wswitch -Wno-unused-function -Wno-unused-label -Wno-unused-parameter -Wno-unused-variable -Wunused-value -Wno-empty-body -Wno-uninitialized -Wno-unknown-pragmas -w -Wno-shadow -Wno-four-char-constants -Wno-conversion -Wno-constant-conversion -Wno-int-conversion -Wno-bool-conversion -Wno-enum-conversion -Wno-float-conversion -Wno-non-literal-null-conversion -Wno-objc-literal-conversion -Wshorten-64-to-32 -Wpointer-sign -Wno-newline-eof -Wno-selector -Wno-strict-selector-match -Wno-undeclared-selector -Wno-deprecated-implementations -Wno-implicit-fallthrough -fstrict-aliasing -Wprotocol -Wdeprecated-declarations -Wno-sign-conversion -Wno-infinite-recursion -Wno-comma -Wno-block-capture-autoreleasing -Wno-strict-prototypes -Wno-semicolon-before-method-body -index-store-path /Users/hectorgarcia/Library/Developer/Xcode/DerivedData/Lyo-eagkiegzrakogpczynhkaholsscs/Index.noindex/DataStore @/Users/hectorgarcia/Library/Developer/Xcode/DerivedData/Build/Intermediates.noindex/Firebase.build/Debug-iphonesimulator/FirebaseAuth.build/Objects-normal/x86_64/e6072d4f65d7061329687fe24e3d63a7-common-args.resp -include /Users/hectorgarcia/Library/Developer/Xcode/DerivedData/Build/Intermediates.noindex/Firebase.build/Debug-iphonesimulator/FirebaseAuth.build/DerivedSources/resource_bundle_accessor.h -MMD -MT dependencies -MF /Users/hectorgarcia/Library/Developer/Xcode/DerivedData/Build/Intermediates.noindex/Firebase.build/Debug-iphonesimulator/FirebaseAuth.build/Objects-normal/x86_64/FIRGetAccountInfoResponse.d --serialize-diagnostics /Users/hectorgarcia/Library/Developer/Xcode/DerivedData/Build/Intermediates.noindex/Firebase.build/Debug-iphonesimulator/FirebaseAuth.build/Objects-normal/x86_64/FIRGetAccountInfoResponse.dia -c /Users/hectorgarcia/Library/Developer/Xcode/DerivedData/Lyo-eagkiegzrakogpczynhkaholsscs/SourcePackages/checkouts/firebase-ios-sdk/FirebaseAuth/Sources/Backend/RPC/FIRGetAccountInfoResponse.m -o /Users/hectorgarcia/Library/Developer/Xcode/DerivedData/Build/Intermediates.noindex/Firebase.build/Debug-iphonesimulator/FirebaseAuth.build/Objects-normal/x86_64/FIRGetAccountInfoResponse.o -index-unit-output-path /Firebase.build/Debug-iphonesimulator/FirebaseAuth.build/Objects-normal/x86_64/FIRGetAccountInfoResponse.o

ScanDependencies /Users/hectorgarcia/Library/Developer/Xcode/DerivedData/Build/Intermediates.noindex/Firebase.build/Debug-iphonesimulator/FirebaseAuth.build/Objects-normal/x86_64/FIRFinalizeMFASignInResponse.o /Users/hectorgarcia/Library/Developer/Xcode/DerivedData/Lyo-eagkiegzrakogpczynhkaholsscs/SourcePackages/checkouts/firebase-ios-sdk/FirebaseAuth/Sources/Backend/RPC/MultiFactor/SignIn/FIRFinalizeMFASignInResponse.m normal x86_64 objective-c com.apple.compilers.llvm.clang.1_0.compiler (in target 'FirebaseAuth' from project 'Firebase')
    cd /Users/hectorgarcia/LYO_Da_ONE/Lyo.xcodeproj
    
    Using response file: /Users/hectorgarcia/Library/Developer/Xcode/DerivedData/Build/Intermediates.noindex/Firebase.build/Debug-iphonesimulator/FirebaseAuth.build/Objects-normal/x86_64/e6072d4f65d7061329687fe24e3d63a7-common-args.resp
    
    builtin-ScanDependencies -o /Users/hectorgarcia/Library/Developer/Xcode/DerivedData/Build/Intermediates.noindex/Firebase.build/Debug-iphonesimulator/FirebaseAuth.build/Objects-normal/x86_64/FIRFinalizeMFASignInResponse.o.scan -- /Users/hectorgarcia/Downloads/Xcode.app/Contents/Developer/Toolchains/XcodeDefault.xctoolchain/usr/bin/clang -x objective-c -ivfsstatcache /Users/hectorgarcia/Library/Developer/Xcode/DerivedData/SDKStatCaches.noindex/iphonesimulator26.2-23C53-823d3e8b6e60bc2018c189d3ca05ba9b.sdkstatcache -fmessage-length\=0 -fdiagnostics-show-note-include-stack -fmacro-backtrace-limit\=0 -fno-color-diagnostics -fmodules-prune-interval\=86400 -fmodules-prune-after\=345600 -fbuild-session-file\=/Users/hectorgarcia/Library/Developer/Xcode/DerivedData/ModuleCache.noindex/Session.modulevalidation -fmodules-validate-once-per-build-session -Wnon-modular-include-in-framework-module -Werror\=non-modular-include-in-framework-module -Wno-trigraphs -Wno-missing-field-initializers -Wno-missing-prototypes -Wno-return-type -Wno-implicit-atomic-properties -Wno-objc-interface-ivars -Wno-arc-repeated-use-of-weak -Wno-missing-braces -Wparentheses -Wswitch -Wno-unused-function -Wno-unused-label -Wno-unused-parameter -Wno-unused-variable -Wunused-value -Wno-empty-body -Wno-uninitialized -Wno-unknown-pragmas -w -Wno-shadow -Wno-four-char-constants -Wno-conversion -Wno-constant-conversion -Wno-int-conversion -Wno-bool-conversion -Wno-enum-conversion -Wno-float-conversion -Wno-non-literal-null-conversion -Wno-objc-literal-conversion -Wshorten-64-to-32 -Wpointer-sign -Wno-newline-eof -Wno-selector -Wno-strict-selector-match -Wno-undeclared-selector -Wno-deprecated-implementations -Wno-implicit-fallthrough -fstrict-aliasing -Wprotocol -Wdeprecated-declarations -Wno-sign-conversion -Wno-infinite-recursion -Wno-comma -Wno-block-capture-autoreleasing -Wno-strict-prototypes -Wno-semicolon-before-method-body -index-store-path /Users/hectorgarcia/Library/Developer/Xcode/DerivedData/Lyo-eagkiegzrakogpczynhkaholsscs/Index.noindex/DataStore @/Users/hectorgarcia/Library/Developer/Xcode/DerivedData/Build/Intermediates.noindex/Firebase.build/Debug-iphonesimulator/FirebaseAuth.build/Objects-normal/x86_64/e6072d4f65d7061329687fe24e3d63a7-common-args.resp -include /Users/hectorgarcia/Library/Developer/Xcode/DerivedData/Build/Intermediates.noindex/Firebase.build/Debug-iphonesimulator/FirebaseAuth.build/DerivedSources/resource_bundle_accessor.h -MMD -MT dependencies -MF /Users/hectorgarcia/Library/Developer/Xcode/DerivedData/Build/Intermediates.noindex/Firebase.build/Debug-iphonesimulator/FirebaseAuth.build/Objects-normal/x86_64/FIRFinalizeMFASignInResponse.d --serialize-diagnostics /Users/hectorgarcia/Library/Developer/Xcode/DerivedData/Build/Intermediates.noindex/Firebase.build/Debug-iphonesimulator/FirebaseAuth.build/Objects-normal/x86_64/FIRFinalizeMFASignInResponse.dia -c /Users/hectorgarcia/Library/Developer/Xcode/DerivedData/Lyo-eagkiegzrakogpczynhkaholsscs/SourcePackages/checkouts/firebase-ios-sdk/FirebaseAuth/Sources/Backend/RPC/MultiFactor/SignIn/FIRFinalizeMFASignInResponse.m -o /Users/hectorgarcia/Library/Developer/Xcode/DerivedData/Build/Intermediates.noindex/Firebase.build/Debug-iphonesimulator/FirebaseAuth.build/Objects-normal/x86_64/FIRFinalizeMFASignInResponse.o -index-unit-output-path /Firebase.build/Debug-iphonesimulator/FirebaseAuth.build/Objects-normal/x86_64/FIRFinalizeMFASignInResponse.o

ScanDependencies /Users/hectorgarcia/Library/Developer/Xcode/DerivedData/Build/Intermediates.noindex/Firebase.build/Debug-iphonesimulator/FirebaseAuth.build/Objects-normal/x86_64/FIRFinalizeMFASignInRequest.o /Users/hectorgarcia/Library/Developer/Xcode/DerivedData/Lyo-eagkiegzrakogpczynhkaholsscs/SourcePackages/checkouts/firebase-ios-sdk/FirebaseAuth/Sources/Backend/RPC/MultiFactor/SignIn/FIRFinalizeMFASignInRequest.m normal x86_64 objective-c com.apple.compilers.llvm.clang.1_0.compiler (in target 'FirebaseAuth' from project 'Firebase')
    cd /Users/hectorgarcia/LYO_Da_ONE/Lyo.xcodeproj
    
    Using response file: /Users/hectorgarcia/Library/Developer/Xcode/DerivedData/Build/Intermediates.noindex/Firebase.build/Debug-iphonesimulator/FirebaseAuth.build/Objects-normal/x86_64/e6072d4f65d7061329687fe24e3d63a7-common-args.resp
    
    builtin-ScanDependencies -o /Users/hectorgarcia/Library/Developer/Xcode/DerivedData/Build/Intermediates.noindex/Firebase.build/Debug-iphonesimulator/FirebaseAuth.build/Objects-normal/x86_64/FIRFinalizeMFASignInRequest.o.scan -- /Users/hectorgarcia/Downloads/Xcode.app/Contents/Developer/Toolchains/XcodeDefault.xctoolchain/usr/bin/clang -x objective-c -ivfsstatcache /Users/hectorgarcia/Library/Developer/Xcode/DerivedData/SDKStatCaches.noindex/iphonesimulator26.2-23C53-823d3e8b6e60bc2018c189d3ca05ba9b.sdkstatcache -fmessage-length\=0 -fdiagnostics-show-note-include-stack -fmacro-backtrace-limit\=0 -fno-color-diagnostics -fmodules-prune-interval\=86400 -fmodules-prune-after\=345600 -fbuild-session-file\=/Users/hectorgarcia/Library/Developer/Xcode/DerivedData/ModuleCache.noindex/Session.modulevalidation -fmodules-validate-once-per-build-session -Wnon-modular-include-in-framework-module -Werror\=non-modular-include-in-framework-module -Wno-trigraphs -Wno-missing-field-initializers -Wno-missing-prototypes -Wno-return-type -Wno-implicit-atomic-properties -Wno-objc-interface-ivars -Wno-arc-repeated-use-of-weak -Wno-missing-braces -Wparentheses -Wswitch -Wno-unused-function -Wno-unused-label -Wno-unused-parameter -Wno-unused-variable -Wunused-value -Wno-empty-body -Wno-uninitialized -Wno-unknown-pragmas -w -Wno-shadow -Wno-four-char-constants -Wno-conversion -Wno-constant-conversion -Wno-int-conversion -Wno-bool-conversion -Wno-enum-conversion -Wno-float-conversion -Wno-non-literal-null-conversion -Wno-objc-literal-conversion -Wshorten-64-to-32 -Wpointer-sign -Wno-newline-eof -Wno-selector -Wno-strict-selector-match -Wno-undeclared-selector -Wno-deprecated-implementations -Wno-implicit-fallthrough -fstrict-aliasing -Wprotocol -Wdeprecated-declarations -Wno-sign-conversion -Wno-infinite-recursion -Wno-comma -Wno-block-capture-autoreleasing -Wno-strict-prototypes -Wno-semicolon-before-method-body -index-store-path /Users/hectorgarcia/Library/Developer/Xcode/DerivedData/Lyo-eagkiegzrakogpczynhkaholsscs/Index.noindex/DataStore @/Users/hectorgarcia/Library/Developer/Xcode/DerivedData/Build/Intermediates.noindex/Firebase.build/Debug-iphonesimulator/FirebaseAuth.build/Objects-normal/x86_64/e6072d4f65d7061329687fe24e3d63a7-common-args.resp -include /Users/hectorgarcia/Library/Developer/Xcode/DerivedData/Build/Intermediates.noindex/Firebase.build/Debug-iphonesimulator/FirebaseAuth.build/DerivedSources/resource_bundle_accessor.h -MMD -MT dependencies -MF /Users/hectorgarcia/Library/Developer/Xcode/DerivedData/Build/Intermediates.noindex/Firebase.build/Debug-iphonesimulator/FirebaseAuth.build/Objects-normal/x86_64/FIRFinalizeMFASignInRequest.d --serialize-diagnostics /Users/hectorgarcia/Library/Developer/Xcode/DerivedData/Build/Intermediates.noindex/Firebase.build/Debug-iphonesimulator/FirebaseAuth.build/Objects-normal/x86_64/FIRFinalizeMFASignInRequest.dia -c /Users/hectorgarcia/Library/Developer/Xcode/DerivedData/Lyo-eagkiegzrakogpczynhkaholsscs/SourcePackages/checkouts/firebase-ios-sdk/FirebaseAuth/Sources/Backend/RPC/MultiFactor/SignIn/FIRFinalizeMFASignInRequest.m -o /Users/hectorgarcia/Library/Developer/Xcode/DerivedData/Build/Intermediates.noindex/Firebase.build/Debug-iphonesimulator/FirebaseAuth.build/Objects-normal/x86_64/FIRFinalizeMFASignInRequest.o -index-unit-output-path /Firebase.build/Debug-iphonesimulator/FirebaseAuth.build/Objects-normal/x86_64/FIRFinalizeMFASignInRequest.o

CompileC /Users/hectorgarcia/Library/Developer/Xcode/DerivedData/Build/Intermediates.noindex/Firebase.build/Debug-iphonesimulator/FirebaseAuth.build/Objects-normal/x86_64/FIRGameCenterAuthCredential.o /Users/hectorgarcia/Library/Developer/Xcode/DerivedData/Lyo-eagkiegzrakogpczynhkaholsscs/SourcePackages/checkouts/firebase-ios-sdk/FirebaseAuth/Sources/AuthProvider/GameCenter/FIRGameCenterAuthCredential.m normal x86_64 objective-c com.apple.compilers.llvm.clang.1_0.compiler (in target 'FirebaseAuth' from project 'Firebase')
    cd /Users/hectorgarcia/LYO_Da_ONE/Lyo.xcodeproj
    
    Using response file: /Users/hectorgarcia/Library/Developer/Xcode/DerivedData/Build/Intermediates.noindex/Firebase.build/Debug-iphonesimulator/FirebaseAuth.build/Objects-normal/x86_64/e6072d4f65d7061329687fe24e3d63a7-common-args.resp
    
    /Users/hectorgarcia/Downloads/Xcode.app/Contents/Developer/Toolchains/XcodeDefault.xctoolchain/usr/bin/clang -x objective-c -ivfsstatcache /Users/hectorgarcia/Library/Developer/Xcode/DerivedData/SDKStatCaches.noindex/iphonesimulator26.2-23C53-823d3e8b6e60bc2018c189d3ca05ba9b.sdkstatcache -fmessage-length\=0 -fdiagnostics-show-note-include-stack -fmacro-backtrace-limit\=0 -fno-color-diagnostics -fmodules-prune-interval\=86400 -fmodules-prune-after\=345600 -fbuild-session-file\=/Users/hectorgarcia/Library/Developer/Xcode/DerivedData/ModuleCache.noindex/Session.modulevalidation -fmodules-validate-once-per-build-session -Wnon-modular-include-in-framework-module -Werror\=non-modular-include-in-framework-module -Wno-trigraphs -Wno-missing-field-initializers -Wno-missing-prototypes -Wno-return-type -Wno-implicit-atomic-properties -Wno-objc-interface-ivars -Wno-arc-repeated-use-of-weak -Wno-missing-braces -Wparentheses -Wswitch -Wno-unused-function -Wno-unused-label -Wno-unused-parameter -Wno-unused-variable -Wunused-value -Wno-empty-body -Wno-uninitialized -Wno-unknown-pragmas -w -Wno-shadow -Wno-four-char-constants -Wno-conversion -Wno-constant-conversion -Wno-int-conversion -Wno-bool-conversion -Wno-enum-conversion -Wno-float-conversion -Wno-non-literal-null-conversion -Wno-objc-literal-conversion -Wshorten-64-to-32 -Wpointer-sign -Wno-newline-eof -Wno-selector -Wno-strict-selector-match -Wno-undeclared-selector -Wno-deprecated-implementations -Wno-implicit-fallthrough -fstrict-aliasing -Wprotocol -Wdeprecated-declarations -Wno-sign-conversion -Wno-infinite-recursion -Wno-comma -Wno-block-capture-autoreleasing -Wno-strict-prototypes -Wno-semicolon-before-method-body -index-store-path /Users/hectorgarcia/Library/Developer/Xcode/DerivedData/Lyo-eagkiegzrakogpczynhkaholsscs/Index.noindex/DataStore @/Users/hectorgarcia/Library/Developer/Xcode/DerivedData/Build/Intermediates.noindex/Firebase.build/Debug-iphonesimulator/FirebaseAuth.build/Objects-normal/x86_64/e6072d4f65d7061329687fe24e3d63a7-common-args.resp -include /Users/hectorgarcia/Library/Developer/Xcode/DerivedData/Build/Intermediates.noindex/Firebase.build/Debug-iphonesimulator/FirebaseAuth.build/DerivedSources/resource_bundle_accessor.h -MMD -MT dependencies -MF /Users/hectorgarcia/Library/Developer/Xcode/DerivedData/Build/Intermediates.noindex/Firebase.build/Debug-iphonesimulator/FirebaseAuth.build/Objects-normal/x86_64/FIRGameCenterAuthCredential.d --serialize-diagnostics /Users/hectorgarcia/Library/Developer/Xcode/DerivedData/Build/Intermediates.noindex/Firebase.build/Debug-iphonesimulator/FirebaseAuth.build/Objects-normal/x86_64/FIRGameCenterAuthCredential.dia -c /Users/hectorgarcia/Library/Developer/Xcode/DerivedData/Lyo-eagkiegzrakogpczynhkaholsscs/SourcePackages/checkouts/firebase-ios-sdk/FirebaseAuth/Sources/AuthProvider/GameCenter/FIRGameCenterAuthCredential.m -o /Users/hectorgarcia/Library/Developer/Xcode/DerivedData/Build/Intermediates.noindex/Firebase.build/Debug-iphonesimulator/FirebaseAuth.build/Objects-normal/x86_64/FIRGameCenterAuthCredential.o -index-unit-output-path /Firebase.build/Debug-iphonesimulator/FirebaseAuth.build/Objects-normal/x86_64/FIRGameCenterAuthCredential.o

CompileC /Users/hectorgarcia/Library/Developer/Xcode/DerivedData/Build/Intermediates.noindex/Firebase.build/Debug-iphonesimulator/FirebaseAuth.build/Objects-normal/x86_64/FIRFinalizeMFASignInResponse.o /Users/hectorgarcia/Library/Developer/Xcode/DerivedData/Lyo-eagkiegzrakogpczynhkaholsscs/SourcePackages/checkouts/firebase-ios-sdk/FirebaseAuth/Sources/Backend/RPC/MultiFactor/SignIn/FIRFinalizeMFASignInResponse.m normal x86_64 objective-c com.apple.compilers.llvm.clang.1_0.compiler (in target 'FirebaseAuth' from project 'Firebase')
    cd /Users/hectorgarcia/LYO_Da_ONE/Lyo.xcodeproj
    
    Using response file: /Users/hectorgarcia/Library/Developer/Xcode/DerivedData/Build/Intermediates.noindex/Firebase.build/Debug-iphonesimulator/FirebaseAuth.build/Objects-normal/x86_64/e6072d4f65d7061329687fe24e3d63a7-common-args.resp
    
    /Users/hectorgarcia/Downloads/Xcode.app/Contents/Developer/Toolchains/XcodeDefault.xctoolchain/usr/bin/clang -x objective-c -ivfsstatcache /Users/hectorgarcia/Library/Developer/Xcode/DerivedData/SDKStatCaches.noindex/iphonesimulator26.2-23C53-823d3e8b6e60bc2018c189d3ca05ba9b.sdkstatcache -fmessage-length\=0 -fdiagnostics-show-note-include-stack -fmacro-backtrace-limit\=0 -fno-color-diagnostics -fmodules-prune-interval\=86400 -fmodules-prune-after\=345600 -fbuild-session-file\=/Users/hectorgarcia/Library/Developer/Xcode/DerivedData/ModuleCache.noindex/Session.modulevalidation -fmodules-validate-once-per-build-session -Wnon-modular-include-in-framework-module -Werror\=non-modular-include-in-framework-module -Wno-trigraphs -Wno-missing-field-initializers -Wno-missing-prototypes -Wno-return-type -Wno-implicit-atomic-properties -Wno-objc-interface-ivars -Wno-arc-repeated-use-of-weak -Wno-missing-braces -Wparentheses -Wswitch -Wno-unused-function -Wno-unused-label -Wno-unused-parameter -Wno-unused-variable -Wunused-value -Wno-empty-body -Wno-uninitialized -Wno-unknown-pragmas -w -Wno-shadow -Wno-four-char-constants -Wno-conversion -Wno-constant-conversion -Wno-int-conversion -Wno-bool-conversion -Wno-enum-conversion -Wno-float-conversion -Wno-non-literal-null-conversion -Wno-objc-literal-conversion -Wshorten-64-to-32 -Wpointer-sign -Wno-newline-eof -Wno-selector -Wno-strict-selector-match -Wno-undeclared-selector -Wno-deprecated-implementations -Wno-implicit-fallthrough -fstrict-aliasing -Wprotocol -Wdeprecated-declarations -Wno-sign-conversion -Wno-infinite-recursion -Wno-comma -Wno-block-capture-autoreleasing -Wno-strict-prototypes -Wno-semicolon-before-method-body -index-store-path /Users/hectorgarcia/Library/Developer/Xcode/DerivedData/Lyo-eagkiegzrakogpczynhkaholsscs/Index.noindex/DataStore @/Users/hectorgarcia/Library/Developer/Xcode/DerivedData/Build/Intermediates.noindex/Firebase.build/Debug-iphonesimulator/FirebaseAuth.build/Objects-normal/x86_64/e6072d4f65d7061329687fe24e3d63a7-common-args.resp -include /Users/hectorgarcia/Library/Developer/Xcode/DerivedData/Build/Intermediates.noindex/Firebase.build/Debug-iphonesimulator/FirebaseAuth.build/DerivedSources/resource_bundle_accessor.h -MMD -MT dependencies -MF /Users/hectorgarcia/Library/Developer/Xcode/DerivedData/Build/Intermediates.noindex/Firebase.build/Debug-iphonesimulator/FirebaseAuth.build/Objects-normal/x86_64/FIRFinalizeMFASignInResponse.d --serialize-diagnostics /Users/hectorgarcia/Library/Developer/Xcode/DerivedData/Build/Intermediates.noindex/Firebase.build/Debug-iphonesimulator/FirebaseAuth.build/Objects-normal/x86_64/FIRFinalizeMFASignInResponse.dia -c /Users/hectorgarcia/Library/Developer/Xcode/DerivedData/Lyo-eagkiegzrakogpczynhkaholsscs/SourcePackages/checkouts/firebase-ios-sdk/FirebaseAuth/Sources/Backend/RPC/MultiFactor/SignIn/FIRFinalizeMFASignInResponse.m -o /Users/hectorgarcia/Library/Developer/Xcode/DerivedData/Build/Intermediates.noindex/Firebase.build/Debug-iphonesimulator/FirebaseAuth.build/Objects-normal/x86_64/FIRFinalizeMFASignInResponse.o -index-unit-output-path /Firebase.build/Debug-iphonesimulator/FirebaseAuth.build/Objects-normal/x86_64/FIRFinalizeMFASignInResponse.o

CompileC /Users/hectorgarcia/Library/Developer/Xcode/DerivedData/Build/Intermediates.noindex/Firebase.build/Debug-iphonesimulator/FirebaseAuth.build/Objects-normal/x86_64/FIRFinalizeMFASignInRequest.o /Users/hectorgarcia/Library/Developer/Xcode/DerivedData/Lyo-eagkiegzrakogpczynhkaholsscs/SourcePackages/checkouts/firebase-ios-sdk/FirebaseAuth/Sources/Backend/RPC/MultiFactor/SignIn/FIRFinalizeMFASignInRequest.m normal x86_64 objective-c com.apple.compilers.llvm.clang.1_0.compiler (in target 'FirebaseAuth' from project 'Firebase')
    cd /Users/hectorgarcia/LYO_Da_ONE/Lyo.xcodeproj
    
    Using response file: /Users/hectorgarcia/Library/Developer/Xcode/DerivedData/Build/Intermediates.noindex/Firebase.build/Debug-iphonesimulator/FirebaseAuth.build/Objects-normal/x86_64/e6072d4f65d7061329687fe24e3d63a7-common-args.resp
    
    /Users/hectorgarcia/Downloads/Xcode.app/Contents/Developer/Toolchains/XcodeDefault.xctoolchain/usr/bin/clang -x objective-c -ivfsstatcache /Users/hectorgarcia/Library/Developer/Xcode/DerivedData/SDKStatCaches.noindex/iphonesimulator26.2-23C53-823d3e8b6e60bc2018c189d3ca05ba9b.sdkstatcache -fmessage-length\=0 -fdiagnostics-show-note-include-stack -fmacro-backtrace-limit\=0 -fno-color-diagnostics -fmodules-prune-interval\=86400 -fmodules-prune-after\=345600 -fbuild-session-file\=/Users/hectorgarcia/Library/Developer/Xcode/DerivedData/ModuleCache.noindex/Session.modulevalidation -fmodules-validate-once-per-build-session -Wnon-modular-include-in-framework-module -Werror\=non-modular-include-in-framework-module -Wno-trigraphs -Wno-missing-field-initializers -Wno-missing-prototypes -Wno-return-type -Wno-implicit-atomic-properties -Wno-objc-interface-ivars -Wno-arc-repeated-use-of-weak -Wno-missing-braces -Wparentheses -Wswitch -Wno-unused-function -Wno-unused-label -Wno-unused-parameter -Wno-unused-variable -Wunused-value -Wno-empty-body -Wno-uninitialized -Wno-unknown-pragmas -w -Wno-shadow -Wno-four-char-constants -Wno-conversion -Wno-constant-conversion -Wno-int-conversion -Wno-bool-conversion -Wno-enum-conversion -Wno-float-conversion -Wno-non-literal-null-conversion -Wno-objc-literal-conversion -Wshorten-64-to-32 -Wpointer-sign -Wno-newline-eof -Wno-selector -Wno-strict-selector-match -Wno-undeclared-selector -Wno-deprecated-implementations -Wno-implicit-fallthrough -fstrict-aliasing -Wprotocol -Wdeprecated-declarations -Wno-sign-conversion -Wno-infinite-recursion -Wno-comma -Wno-block-capture-autoreleasing -Wno-strict-prototypes -Wno-semicolon-before-method-body -index-store-path /Users/hectorgarcia/Library/Developer/Xcode/DerivedData/Lyo-eagkiegzrakogpczynhkaholsscs/Index.noindex/DataStore @/Users/hectorgarcia/Library/Developer/Xcode/DerivedData/Build/Intermediates.noindex/Firebase.build/Debug-iphonesimulator/FirebaseAuth.build/Objects-normal/x86_64/e6072d4f65d7061329687fe24e3d63a7-common-args.resp -include /Users/hectorgarcia/Library/Developer/Xcode/DerivedData/Build/Intermediates.noindex/Firebase.build/Debug-iphonesimulator/FirebaseAuth.build/DerivedSources/resource_bundle_accessor.h -MMD -MT dependencies -MF /Users/hectorgarcia/Library/Developer/Xcode/DerivedData/Build/Intermediates.noindex/Firebase.build/Debug-iphonesimulator/FirebaseAuth.build/Objects-normal/x86_64/FIRFinalizeMFASignInRequest.d --serialize-diagnostics /Users/hectorgarcia/Library/Developer/Xcode/DerivedData/Build/Intermediates.noindex/Firebase.build/Debug-iphonesimulator/FirebaseAuth.build/Objects-normal/x86_64/FIRFinalizeMFASignInRequest.dia -c /Users/hectorgarcia/Library/Developer/Xcode/DerivedData/Lyo-eagkiegzrakogpczynhkaholsscs/SourcePackages/checkouts/firebase-ios-sdk/FirebaseAuth/Sources/Backend/RPC/MultiFactor/SignIn/FIRFinalizeMFASignInRequest.m -o /Users/hectorgarcia/Library/Developer/Xcode/DerivedData/Build/Intermediates.noindex/Firebase.build/Debug-iphonesimulator/FirebaseAuth.build/Objects-normal/x86_64/FIRFinalizeMFASignInRequest.o -index-unit-output-path /Firebase.build/Debug-iphonesimulator/FirebaseAuth.build/Objects-normal/x86_64/FIRFinalizeMFASignInRequest.o

ScanDependencies /Users/hectorgarcia/Library/Developer/Xcode/DerivedData/Build/Intermediates.noindex/Firebase.build/Debug-iphonesimulator/FirebaseAuth.build/Objects-normal/x86_64/FIRFinalizeMFAEnrollmentResponse.o /Users/hectorgarcia/Library/Developer/Xcode/DerivedData/Lyo-eagkiegzrakogpczynhkaholsscs/SourcePackages/checkouts/firebase-ios-sdk/FirebaseAuth/Sources/Backend/RPC/MultiFactor/Enroll/FIRFinalizeMFAEnrollmentResponse.m normal x86_64 objective-c com.apple.compilers.llvm.clang.1_0.compiler (in target 'FirebaseAuth' from project 'Firebase')
    cd /Users/hectorgarcia/LYO_Da_ONE/Lyo.xcodeproj
    
    Using response file: /Users/hectorgarcia/Library/Developer/Xcode/DerivedData/Build/Intermediates.noindex/Firebase.build/Debug-iphonesimulator/FirebaseAuth.build/Objects-normal/x86_64/e6072d4f65d7061329687fe24e3d63a7-common-args.resp
    
    builtin-ScanDependencies -o /Users/hectorgarcia/Library/Developer/Xcode/DerivedData/Build/Intermediates.noindex/Firebase.build/Debug-iphonesimulator/FirebaseAuth.build/Objects-normal/x86_64/FIRFinalizeMFAEnrollmentResponse.o.scan -- /Users/hectorgarcia/Downloads/Xcode.app/Contents/Developer/Toolchains/XcodeDefault.xctoolchain/usr/bin/clang -x objective-c -ivfsstatcache /Users/hectorgarcia/Library/Developer/Xcode/DerivedData/SDKStatCaches.noindex/iphonesimulator26.2-23C53-823d3e8b6e60bc2018c189d3ca05ba9b.sdkstatcache -fmessage-length\=0 -fdiagnostics-show-note-include-stack -fmacro-backtrace-limit\=0 -fno-color-diagnostics -fmodules-prune-interval\=86400 -fmodules-prune-after\=345600 -fbuild-session-file\=/Users/hectorgarcia/Library/Developer/Xcode/DerivedData/ModuleCache.noindex/Session.modulevalidation -fmodules-validate-once-per-build-session -Wnon-modular-include-in-framework-module -Werror\=non-modular-include-in-framework-module -Wno-trigraphs -Wno-missing-field-initializers -Wno-missing-prototypes -Wno-return-type -Wno-implicit-atomic-properties -Wno-objc-interface-ivars -Wno-arc-repeated-use-of-weak -Wno-missing-braces -Wparentheses -Wswitch -Wno-unused-function -Wno-unused-label -Wno-unused-parameter -Wno-unused-variable -Wunused-value -Wno-empty-body -Wno-uninitialized -Wno-unknown-pragmas -w -Wno-shadow -Wno-four-char-constants -Wno-conversion -Wno-constant-conversion -Wno-int-conversion -Wno-bool-conversion -Wno-enum-conversion -Wno-float-conversion -Wno-non-literal-null-conversion -Wno-objc-literal-conversion -Wshorten-64-to-32 -Wpointer-sign -Wno-newline-eof -Wno-selector -Wno-strict-selector-match -Wno-undeclared-selector -Wno-deprecated-implementations -Wno-implicit-fallthrough -fstrict-aliasing -Wprotocol -Wdeprecated-declarations -Wno-sign-conversion -Wno-infinite-recursion -Wno-comma -Wno-block-capture-autoreleasing -Wno-strict-prototypes -Wno-semicolon-before-method-body -index-store-path /Users/hectorgarcia/Library/Developer/Xcode/DerivedData/Lyo-eagkiegzrakogpczynhkaholsscs/Index.noindex/DataStore @/Users/hectorgarcia/Library/Developer/Xcode/DerivedData/Build/Intermediates.noindex/Firebase.build/Debug-iphonesimulator/FirebaseAuth.build/Objects-normal/x86_64/e6072d4f65d7061329687fe24e3d63a7-common-args.resp -include /Users/hectorgarcia/Library/Developer/Xcode/DerivedData/Build/Intermediates.noindex/Firebase.build/Debug-iphonesimulator/FirebaseAuth.build/DerivedSources/resource_bundle_accessor.h -MMD -MT dependencies -MF /Users/hectorgarcia/Library/Developer/Xcode/DerivedData/Build/Intermediates.noindex/Firebase.build/Debug-iphonesimulator/FirebaseAuth.build/Objects-normal/x86_64/FIRFinalizeMFAEnrollmentResponse.d --serialize-diagnostics /Users/hectorgarcia/Library/Developer/Xcode/DerivedData/Build/Intermediates.noindex/Firebase.build/Debug-iphonesimulator/FirebaseAuth.build/Objects-normal/x86_64/FIRFinalizeMFAEnrollmentResponse.dia -c /Users/hectorgarcia/Library/Developer/Xcode/DerivedData/Lyo-eagkiegzrakogpczynhkaholsscs/SourcePackages/checkouts/firebase-ios-sdk/FirebaseAuth/Sources/Backend/RPC/MultiFactor/Enroll/FIRFinalizeMFAEnrollmentResponse.m -o /Users/hectorgarcia/Library/Developer/Xcode/DerivedData/Build/Intermediates.noindex/Firebase.build/Debug-iphonesimulator/FirebaseAuth.build/Objects-normal/x86_64/FIRFinalizeMFAEnrollmentResponse.o -index-unit-output-path /Firebase.build/Debug-iphonesimulator/FirebaseAuth.build/Objects-normal/x86_64/FIRFinalizeMFAEnrollmentResponse.o

ScanDependencies /Users/hectorgarcia/Library/Developer/Xcode/DerivedData/Build/Intermediates.noindex/Firebase.build/Debug-iphonesimulator/FirebaseAuth.build/Objects-normal/x86_64/FIRFinalizeMFAEnrollmentRequest.o /Users/hectorgarcia/Library/Developer/Xcode/DerivedData/Lyo-eagkiegzrakogpczynhkaholsscs/SourcePackages/checkouts/firebase-ios-sdk/FirebaseAuth/Sources/Backend/RPC/MultiFactor/Enroll/FIRFinalizeMFAEnrollmentRequest.m normal x86_64 objective-c com.apple.compilers.llvm.clang.1_0.compiler (in target 'FirebaseAuth' from project 'Firebase')
    cd /Users/hectorgarcia/LYO_Da_ONE/Lyo.xcodeproj
    
    Using response file: /Users/hectorgarcia/Library/Developer/Xcode/DerivedData/Build/Intermediates.noindex/Firebase.build/Debug-iphonesimulator/FirebaseAuth.build/Objects-normal/x86_64/e6072d4f65d7061329687fe24e3d63a7-common-args.resp
    
    builtin-ScanDependencies -o /Users/hectorgarcia/Library/Developer/Xcode/DerivedData/Build/Intermediates.noindex/Firebase.build/Debug-iphonesimulator/FirebaseAuth.build/Objects-normal/x86_64/FIRFinalizeMFAEnrollmentRequest.o.scan -- /Users/hectorgarcia/Downloads/Xcode.app/Contents/Developer/Toolchains/XcodeDefault.xctoolchain/usr/bin/clang -x objective-c -ivfsstatcache /Users/hectorgarcia/Library/Developer/Xcode/DerivedData/SDKStatCaches.noindex/iphonesimulator26.2-23C53-823d3e8b6e60bc2018c189d3ca05ba9b.sdkstatcache -fmessage-length\=0 -fdiagnostics-show-note-include-stack -fmacro-backtrace-limit\=0 -fno-color-diagnostics -fmodules-prune-interval\=86400 -fmodules-prune-after\=345600 -fbuild-session-file\=/Users/hectorgarcia/Library/Developer/Xcode/DerivedData/ModuleCache.noindex/Session.modulevalidation -fmodules-validate-once-per-build-session -Wnon-modular-include-in-framework-module -Werror\=non-modular-include-in-framework-module -Wno-trigraphs -Wno-missing-field-initializers -Wno-missing-prototypes -Wno-return-type -Wno-implicit-atomic-properties -Wno-objc-interface-ivars -Wno-arc-repeated-use-of-weak -Wno-missing-braces -Wparentheses -Wswitch -Wno-unused-function -Wno-unused-label -Wno-unused-parameter -Wno-unused-variable -Wunused-value -Wno-empty-body -Wno-uninitialized -Wno-unknown-pragmas -w -Wno-shadow -Wno-four-char-constants -Wno-conversion -Wno-constant-conversion -Wno-int-conversion -Wno-bool-conversion -Wno-enum-conversion -Wno-float-conversion -Wno-non-literal-null-conversion -Wno-objc-literal-conversion -Wshorten-64-to-32 -Wpointer-sign -Wno-newline-eof -Wno-selector -Wno-strict-selector-match -Wno-undeclared-selector -Wno-deprecated-implementations -Wno-implicit-fallthrough -fstrict-aliasing -Wprotocol -Wdeprecated-declarations -Wno-sign-conversion -Wno-infinite-recursion -Wno-comma -Wno-block-capture-autoreleasing -Wno-strict-prototypes -Wno-semicolon-before-method-body -index-store-path /Users/hectorgarcia/Library/Developer/Xcode/DerivedData/Lyo-eagkiegzrakogpczynhkaholsscs/Index.noindex/DataStore @/Users/hectorgarcia/Library/Developer/Xcode/DerivedData/Build/Intermediates.noindex/Firebase.build/Debug-iphonesimulator/FirebaseAuth.build/Objects-normal/x86_64/e6072d4f65d7061329687fe24e3d63a7-common-args.resp -include /Users/hectorgarcia/Library/Developer/Xcode/DerivedData/Build/Intermediates.noindex/Firebase.build/Debug-iphonesimulator/FirebaseAuth.build/DerivedSources/resource_bundle_accessor.h -MMD -MT dependencies -MF /Users/hectorgarcia/Library/Developer/Xcode/DerivedData/Build/Intermediates.noindex/Firebase.build/Debug-iphonesimulator/FirebaseAuth.build/Objects-normal/x86_64/FIRFinalizeMFAEnrollmentRequest.d --serialize-diagnostics /Users/hectorgarcia/Library/Developer/Xcode/DerivedData/Build/Intermediates.noindex/Firebase.build/Debug-iphonesimulator/FirebaseAuth.build/Objects-normal/x86_64/FIRFinalizeMFAEnrollmentRequest.dia -c /Users/hectorgarcia/Library/Developer/Xcode/DerivedData/Lyo-eagkiegzrakogpczynhkaholsscs/SourcePackages/checkouts/firebase-ios-sdk/FirebaseAuth/Sources/Backend/RPC/MultiFactor/Enroll/FIRFinalizeMFAEnrollmentRequest.m -o /Users/hectorgarcia/Library/Developer/Xcode/DerivedData/Build/Intermediates.noindex/Firebase.build/Debug-iphonesimulator/FirebaseAuth.build/Objects-normal/x86_64/FIRFinalizeMFAEnrollmentRequest.o -index-unit-output-path /Firebase.build/Debug-iphonesimulator/FirebaseAuth.build/Objects-normal/x86_64/FIRFinalizeMFAEnrollmentRequest.o

CompileC /Users/hectorgarcia/Library/Developer/Xcode/DerivedData/Build/Intermediates.noindex/Firebase.build/Debug-iphonesimulator/FirebaseCore.build/Objects-normal/x86_64/resource_bundle_accessor.o /Users/hectorgarcia/Library/Developer/Xcode/DerivedData/Build/Intermediates.noindex/Firebase.build/Debug-iphonesimulator/FirebaseCore.build/DerivedSources/resource_bundle_accessor.m normal x86_64 objective-c com.apple.compilers.llvm.clang.1_0.compiler (in target 'FirebaseCore' from project 'Firebase')
    cd /Users/hectorgarcia/LYO_Da_ONE/Lyo.xcodeproj
    
    Using response file: /Users/hectorgarcia/Library/Developer/Xcode/DerivedData/Build/Intermediates.noindex/Firebase.build/Debug-iphonesimulator/FirebaseCore.build/Objects-normal/x86_64/e6072d4f65d7061329687fe24e3d63a7-common-args.resp
    
    /Users/hectorgarcia/Downloads/Xcode.app/Contents/Developer/Toolchains/XcodeDefault.xctoolchain/usr/bin/clang -x objective-c -ivfsstatcache /Users/hectorgarcia/Library/Developer/Xcode/DerivedData/SDKStatCaches.noindex/iphonesimulator26.2-23C53-823d3e8b6e60bc2018c189d3ca05ba9b.sdkstatcache -fmessage-length\=0 -fdiagnostics-show-note-include-stack -fmacro-backtrace-limit\=0 -fno-color-diagnostics -fmodules-prune-interval\=86400 -fmodules-prune-after\=345600 -fbuild-session-file\=/Users/hectorgarcia/Library/Developer/Xcode/DerivedData/ModuleCache.noindex/Session.modulevalidation -fmodules-validate-once-per-build-session -Wnon-modular-include-in-framework-module -Werror\=non-modular-include-in-framework-module -Wno-trigraphs -Wno-missing-field-initializers -Wno-missing-prototypes -Wno-return-type -Wno-implicit-atomic-properties -Wno-objc-interface-ivars -Wno-arc-repeated-use-of-weak -Wno-missing-braces -Wparentheses -Wswitch -Wno-unused-function -Wno-unused-label -Wno-unused-parameter -Wno-unused-variable -Wunused-value -Wno-empty-body -Wno-uninitialized -Wno-unknown-pragmas -w -Wno-shadow -Wno-four-char-constants -Wno-conversion -Wno-constant-conversion -Wno-int-conversion -Wno-bool-conversion -Wno-enum-conversion -Wno-float-conversion -Wno-non-literal-null-conversion -Wno-objc-literal-conversion -Wshorten-64-to-32 -Wpointer-sign -Wno-newline-eof -Wno-selector -Wno-strict-selector-match -Wno-undeclared-selector -Wno-deprecated-implementations -Wno-implicit-fallthrough -fstrict-aliasing -Wprotocol -Wdeprecated-declarations -Wno-sign-conversion -Wno-infinite-recursion -Wno-comma -Wno-block-capture-autoreleasing -Wno-strict-prototypes -Wno-semicolon-before-method-body -index-store-path /Users/hectorgarcia/Library/Developer/Xcode/DerivedData/Lyo-eagkiegzrakogpczynhkaholsscs/Index.noindex/DataStore @/Users/hectorgarcia/Library/Developer/Xcode/DerivedData/Build/Intermediates.noindex/Firebase.build/Debug-iphonesimulator/FirebaseCore.build/Objects-normal/x86_64/e6072d4f65d7061329687fe24e3d63a7-common-args.resp -include /Users/hectorgarcia/Library/Developer/Xcode/DerivedData/Build/Intermediates.noindex/Firebase.build/Debug-iphonesimulator/FirebaseCore.build/DerivedSources/resource_bundle_accessor.h -MMD -MT dependencies -MF /Users/hectorgarcia/Library/Developer/Xcode/DerivedData/Build/Intermediates.noindex/Firebase.build/Debug-iphonesimulator/FirebaseCore.build/Objects-normal/x86_64/resource_bundle_accessor.d --serialize-diagnostics /Users/hectorgarcia/Library/Developer/Xcode/DerivedData/Build/Intermediates.noindex/Firebase.build/Debug-iphonesimulator/FirebaseCore.build/Objects-normal/x86_64/resource_bundle_accessor.dia -c /Users/hectorgarcia/Library/Developer/Xcode/DerivedData/Build/Intermediates.noindex/Firebase.build/Debug-iphonesimulator/FirebaseCore.build/DerivedSources/resource_bundle_accessor.m -o /Users/hectorgarcia/Library/Developer/Xcode/DerivedData/Build/Intermediates.noindex/Firebase.build/Debug-iphonesimulator/FirebaseCore.build/Objects-normal/x86_64/resource_bundle_accessor.o -index-unit-output-path /Firebase.build/Debug-iphonesimulator/FirebaseCore.build/Objects-normal/x86_64/resource_bundle_accessor.o

CompileC /Users/hectorgarcia/Library/Developer/Xcode/DerivedData/Build/Intermediates.noindex/Firebase.build/Debug-iphonesimulator/FirebaseCore.build/Objects-normal/x86_64/FIRVersion.o /Users/hectorgarcia/Library/Developer/Xcode/DerivedData/Lyo-eagkiegzrakogpczynhkaholsscs/SourcePackages/checkouts/firebase-ios-sdk/FirebaseCore/Sources/FIRVersion.m normal x86_64 objective-c com.apple.compilers.llvm.clang.1_0.compiler (in target 'FirebaseCore' from project 'Firebase')
    cd /Users/hectorgarcia/LYO_Da_ONE/Lyo.xcodeproj
    
    Using response file: /Users/hectorgarcia/Library/Developer/Xcode/DerivedData/Build/Intermediates.noindex/Firebase.build/Debug-iphonesimulator/FirebaseCore.build/Objects-normal/x86_64/e6072d4f65d7061329687fe24e3d63a7-common-args.resp
    
    /Users/hectorgarcia/Downloads/Xcode.app/Contents/Developer/Toolchains/XcodeDefault.xctoolchain/usr/bin/clang -x objective-c -ivfsstatcache /Users/hectorgarcia/Library/Developer/Xcode/DerivedData/SDKStatCaches.noindex/iphonesimulator26.2-23C53-823d3e8b6e60bc2018c189d3ca05ba9b.sdkstatcache -fmessage-length\=0 -fdiagnostics-show-note-include-stack -fmacro-backtrace-limit\=0 -fno-color-diagnostics -fmodules-prune-interval\=86400 -fmodules-prune-after\=345600 -fbuild-session-file\=/Users/hectorgarcia/Library/Developer/Xcode/DerivedData/ModuleCache.noindex/Session.modulevalidation -fmodules-validate-once-per-build-session -Wnon-modular-include-in-framework-module -Werror\=non-modular-include-in-framework-module -Wno-trigraphs -Wno-missing-field-initializers -Wno-missing-prototypes -Wno-return-type -Wno-implicit-atomic-properties -Wno-objc-interface-ivars -Wno-arc-repeated-use-of-weak -Wno-missing-braces -Wparentheses -Wswitch -Wno-unused-function -Wno-unused-label -Wno-unused-parameter -Wno-unused-variable -Wunused-value -Wno-empty-body -Wno-uninitialized -Wno-unknown-pragmas -w -Wno-shadow -Wno-four-char-constants -Wno-conversion -Wno-constant-conversion -Wno-int-conversion -Wno-bool-conversion -Wno-enum-conversion -Wno-float-conversion -Wno-non-literal-null-conversion -Wno-objc-literal-conversion -Wshorten-64-to-32 -Wpointer-sign -Wno-newline-eof -Wno-selector -Wno-strict-selector-match -Wno-undeclared-selector -Wno-deprecated-implementations -Wno-implicit-fallthrough -fstrict-aliasing -Wprotocol -Wdeprecated-declarations -Wno-sign-conversion -Wno-infinite-recursion -Wno-comma -Wno-block-capture-autoreleasing -Wno-strict-prototypes -Wno-semicolon-before-method-body -index-store-path /Users/hectorgarcia/Library/Developer/Xcode/DerivedData/Lyo-eagkiegzrakogpczynhkaholsscs/Index.noindex/DataStore @/Users/hectorgarcia/Library/Developer/Xcode/DerivedData/Build/Intermediates.noindex/Firebase.build/Debug-iphonesimulator/FirebaseCore.build/Objects-normal/x86_64/e6072d4f65d7061329687fe24e3d63a7-common-args.resp -include /Users/hectorgarcia/Library/Developer/Xcode/DerivedData/Build/Intermediates.noindex/Firebase.build/Debug-iphonesimulator/FirebaseCore.build/DerivedSources/resource_bundle_accessor.h -MMD -MT dependencies -MF /Users/hectorgarcia/Library/Developer/Xcode/DerivedData/Build/Intermediates.noindex/Firebase.build/Debug-iphonesimulator/FirebaseCore.build/Objects-normal/x86_64/FIRVersion.d --serialize-diagnostics /Users/hectorgarcia/Library/Developer/Xcode/DerivedData/Build/Intermediates.noindex/Firebase.build/Debug-iphonesimulator/FirebaseCore.build/Objects-normal/x86_64/FIRVersion.dia -c /Users/hectorgarcia/Library/Developer/Xcode/DerivedData/Lyo-eagkiegzrakogpczynhkaholsscs/SourcePackages/checkouts/firebase-ios-sdk/FirebaseCore/Sources/FIRVersion.m -o /Users/hectorgarcia/Library/Developer/Xcode/DerivedData/Build/Intermediates.noindex/Firebase.build/Debug-iphonesimulator/FirebaseCore.build/Objects-normal/x86_64/FIRVersion.o -index-unit-output-path /Firebase.build/Debug-iphonesimulator/FirebaseCore.build/Objects-normal/x86_64/FIRVersion.o

CompileC /Users/hectorgarcia/Library/Developer/Xcode/DerivedData/Build/Intermediates.noindex/Firebase.build/Debug-iphonesimulator/FirebaseCore.build/Objects-normal/x86_64/FIROptions.o /Users/hectorgarcia/Library/Developer/Xcode/DerivedData/Lyo-eagkiegzrakogpczynhkaholsscs/SourcePackages/checkouts/firebase-ios-sdk/FirebaseCore/Sources/FIROptions.m normal x86_64 objective-c com.apple.compilers.llvm.clang.1_0.compiler (in target 'FirebaseCore' from project 'Firebase')
    cd /Users/hectorgarcia/LYO_Da_ONE/Lyo.xcodeproj
    
    Using response file: /Users/hectorgarcia/Library/Developer/Xcode/DerivedData/Build/Intermediates.noindex/Firebase.build/Debug-iphonesimulator/FirebaseCore.build/Objects-normal/x86_64/e6072d4f65d7061329687fe24e3d63a7-common-args.resp
    
    /Users/hectorgarcia/Downloads/Xcode.app/Contents/Developer/Toolchains/XcodeDefault.xctoolchain/usr/bin/clang -x objective-c -ivfsstatcache /Users/hectorgarcia/Library/Developer/Xcode/DerivedData/SDKStatCaches.noindex/iphonesimulator26.2-23C53-823d3e8b6e60bc2018c189d3ca05ba9b.sdkstatcache -fmessage-length\=0 -fdiagnostics-show-note-include-stack -fmacro-backtrace-limit\=0 -fno-color-diagnostics -fmodules-prune-interval\=86400 -fmodules-prune-after\=345600 -fbuild-session-file\=/Users/hectorgarcia/Library/Developer/Xcode/DerivedData/ModuleCache.noindex/Session.modulevalidation -fmodules-validate-once-per-build-session -Wnon-modular-include-in-framework-module -Werror\=non-modular-include-in-framework-module -Wno-trigraphs -Wno-missing-field-initializers -Wno-missing-prototypes -Wno-return-type -Wno-implicit-atomic-properties -Wno-objc-interface-ivars -Wno-arc-repeated-use-of-weak -Wno-missing-braces -Wparentheses -Wswitch -Wno-unused-function -Wno-unused-label -Wno-unused-parameter -Wno-unused-variable -Wunused-value -Wno-empty-body -Wno-uninitialized -Wno-unknown-pragmas -w -Wno-shadow -Wno-four-char-constants -Wno-conversion -Wno-constant-conversion -Wno-int-conversion -Wno-bool-conversion -Wno-enum-conversion -Wno-float-conversion -Wno-non-literal-null-conversion -Wno-objc-literal-conversion -Wshorten-64-to-32 -Wpointer-sign -Wno-newline-eof -Wno-selector -Wno-strict-selector-match -Wno-undeclared-selector -Wno-deprecated-implementations -Wno-implicit-fallthrough -fstrict-aliasing -Wprotocol -Wdeprecated-declarations -Wno-sign-conversion -Wno-infinite-recursion -Wno-comma -Wno-block-capture-autoreleasing -Wno-strict-prototypes -Wno-semicolon-before-method-body -index-store-path /Users/hectorgarcia/Library/Developer/Xcode/DerivedData/Lyo-eagkiegzrakogpczynhkaholsscs/Index.noindex/DataStore @/Users/hectorgarcia/Library/Developer/Xcode/DerivedData/Build/Intermediates.noindex/Firebase.build/Debug-iphonesimulator/FirebaseCore.build/Objects-normal/x86_64/e6072d4f65d7061329687fe24e3d63a7-common-args.resp -include /Users/hectorgarcia/Library/Developer/Xcode/DerivedData/Build/Intermediates.noindex/Firebase.build/Debug-iphonesimulator/FirebaseCore.build/DerivedSources/resource_bundle_accessor.h -MMD -MT dependencies -MF /Users/hectorgarcia/Library/Developer/Xcode/DerivedData/Build/Intermediates.noindex/Firebase.build/Debug-iphonesimulator/FirebaseCore.build/Objects-normal/x86_64/FIROptions.d --serialize-diagnostics /Users/hectorgarcia/Library/Developer/Xcode/DerivedData/Build/Intermediates.noindex/Firebase.build/Debug-iphonesimulator/FirebaseCore.build/Objects-normal/x86_64/FIROptions.dia -c /Users/hectorgarcia/Library/Developer/Xcode/DerivedData/Lyo-eagkiegzrakogpczynhkaholsscs/SourcePackages/checkouts/firebase-ios-sdk/FirebaseCore/Sources/FIROptions.m -o /Users/hectorgarcia/Library/Developer/Xcode/DerivedData/Build/Intermediates.noindex/Firebase.build/Debug-iphonesimulator/FirebaseCore.build/Objects-normal/x86_64/FIROptions.o -index-unit-output-path /Firebase.build/Debug-iphonesimulator/FirebaseCore.build/Objects-normal/x86_64/FIROptions.o

CompileC /Users/hectorgarcia/Library/Developer/Xcode/DerivedData/Build/Intermediates.noindex/Firebase.build/Debug-iphonesimulator/FirebaseCore.build/Objects-normal/x86_64/FIRDependency.o /Users/hectorgarcia/Library/Developer/Xcode/DerivedData/Lyo-eagkiegzrakogpczynhkaholsscs/SourcePackages/checkouts/firebase-ios-sdk/FirebaseCore/Sources/FIRDependency.m normal x86_64 objective-c com.apple.compilers.llvm.clang.1_0.compiler (in target 'FirebaseCore' from project 'Firebase')
    cd /Users/hectorgarcia/LYO_Da_ONE/Lyo.xcodeproj
    
    Using response file: /Users/hectorgarcia/Library/Developer/Xcode/DerivedData/Build/Intermediates.noindex/Firebase.build/Debug-iphonesimulator/FirebaseCore.build/Objects-normal/x86_64/e6072d4f65d7061329687fe24e3d63a7-common-args.resp
    
    /Users/hectorgarcia/Downloads/Xcode.app/Contents/Developer/Toolchains/XcodeDefault.xctoolchain/usr/bin/clang -x objective-c -ivfsstatcache /Users/hectorgarcia/Library/Developer/Xcode/DerivedData/SDKStatCaches.noindex/iphonesimulator26.2-23C53-823d3e8b6e60bc2018c189d3ca05ba9b.sdkstatcache -fmessage-length\=0 -fdiagnostics-show-note-include-stack -fmacro-backtrace-limit\=0 -fno-color-diagnostics -fmodules-prune-interval\=86400 -fmodules-prune-after\=345600 -fbuild-session-file\=/Users/hectorgarcia/Library/Developer/Xcode/DerivedData/ModuleCache.noindex/Session.modulevalidation -fmodules-validate-once-per-build-session -Wnon-modular-include-in-framework-module -Werror\=non-modular-include-in-framework-module -Wno-trigraphs -Wno-missing-field-initializers -Wno-missing-prototypes -Wno-return-type -Wno-implicit-atomic-properties -Wno-objc-interface-ivars -Wno-arc-repeated-use-of-weak -Wno-missing-braces -Wparentheses -Wswitch -Wno-unused-function -Wno-unused-label -Wno-unused-parameter -Wno-unused-variable -Wunused-value -Wno-empty-body -Wno-uninitialized -Wno-unknown-pragmas -w -Wno-shadow -Wno-four-char-constants -Wno-conversion -Wno-constant-conversion -Wno-int-conversion -Wno-bool-conversion -Wno-enum-conversion -Wno-float-conversion -Wno-non-literal-null-conversion -Wno-objc-literal-conversion -Wshorten-64-to-32 -Wpointer-sign -Wno-newline-eof -Wno-selector -Wno-strict-selector-match -Wno-undeclared-selector -Wno-deprecated-implementations -Wno-implicit-fallthrough -fstrict-aliasing -Wprotocol -Wdeprecated-declarations -Wno-sign-conversion -Wno-infinite-recursion -Wno-comma -Wno-block-capture-autoreleasing -Wno-strict-prototypes -Wno-semicolon-before-method-body -index-store-path /Users/hectorgarcia/Library/Developer/Xcode/DerivedData/Lyo-eagkiegzrakogpczynhkaholsscs/Index.noindex/DataStore @/Users/hectorgarcia/Library/Developer/Xcode/DerivedData/Build/Intermediates.noindex/Firebase.build/Debug-iphonesimulator/FirebaseCore.build/Objects-normal/x86_64/e6072d4f65d7061329687fe24e3d63a7-common-args.resp -include /Users/hectorgarcia/Library/Developer/Xcode/DerivedData/Build/Intermediates.noindex/Firebase.build/Debug-iphonesimulator/FirebaseCore.build/DerivedSources/resource_bundle_accessor.h -MMD -MT dependencies -MF /Users/hectorgarcia/Library/Developer/Xcode/DerivedData/Build/Intermediates.noindex/Firebase.build/Debug-iphonesimulator/FirebaseCore.build/Objects-normal/x86_64/FIRDependency.d --serialize-diagnostics /Users/hectorgarcia/Library/Developer/Xcode/DerivedData/Build/Intermediates.noindex/Firebase.build/Debug-iphonesimulator/FirebaseCore.build/Objects-normal/x86_64/FIRDependency.dia -c /Users/hectorgarcia/Library/Developer/Xcode/DerivedData/Lyo-eagkiegzrakogpczynhkaholsscs/SourcePackages/checkouts/firebase-ios-sdk/FirebaseCore/Sources/FIRDependency.m -o /Users/hectorgarcia/Library/Developer/Xcode/DerivedData/Build/Intermediates.noindex/Firebase.build/Debug-iphonesimulator/FirebaseCore.build/Objects-normal/x86_64/FIRDependency.o -index-unit-output-path /Firebase.build/Debug-iphonesimulator/FirebaseCore.build/Objects-normal/x86_64/FIRDependency.o

CompileC /Users/hectorgarcia/Library/Developer/Xcode/DerivedData/Build/Intermediates.noindex/Firebase.build/Debug-iphonesimulator/FirebaseCore.build/Objects-normal/x86_64/FIRConfiguration.o /Users/hectorgarcia/Library/Developer/Xcode/DerivedData/Lyo-eagkiegzrakogpczynhkaholsscs/SourcePackages/checkouts/firebase-ios-sdk/FirebaseCore/Sources/FIRConfiguration.m normal x86_64 objective-c com.apple.compilers.llvm.clang.1_0.compiler (in target 'FirebaseCore' from project 'Firebase')
    cd /Users/hectorgarcia/LYO_Da_ONE/Lyo.xcodeproj
    
    Using response file: /Users/hectorgarcia/Library/Developer/Xcode/DerivedData/Build/Intermediates.noindex/Firebase.build/Debug-iphonesimulator/FirebaseCore.build/Objects-normal/x86_64/e6072d4f65d7061329687fe24e3d63a7-common-args.resp
    
    /Users/hectorgarcia/Downloads/Xcode.app/Contents/Developer/Toolchains/XcodeDefault.xctoolchain/usr/bin/clang -x objective-c -ivfsstatcache /Users/hectorgarcia/Library/Developer/Xcode/DerivedData/SDKStatCaches.noindex/iphonesimulator26.2-23C53-823d3e8b6e60bc2018c189d3ca05ba9b.sdkstatcache -fmessage-length\=0 -fdiagnostics-show-note-include-stack -fmacro-backtrace-limit\=0 -fno-color-diagnostics -fmodules-prune-interval\=86400 -fmodules-prune-after\=345600 -fbuild-session-file\=/Users/hectorgarcia/Library/Developer/Xcode/DerivedData/ModuleCache.noindex/Session.modulevalidation -fmodules-validate-once-per-build-session -Wnon-modular-include-in-framework-module -Werror\=non-modular-include-in-framework-module -Wno-trigraphs -Wno-missing-field-initializers -Wno-missing-prototypes -Wno-return-type -Wno-implicit-atomic-properties -Wno-objc-interface-ivars -Wno-arc-repeated-use-of-weak -Wno-missing-braces -Wparentheses -Wswitch -Wno-unused-function -Wno-unused-label -Wno-unused-parameter -Wno-unused-variable -Wunused-value -Wno-empty-body -Wno-uninitialized -Wno-unknown-pragmas -w -Wno-shadow -Wno-four-char-constants -Wno-conversion -Wno-constant-conversion -Wno-int-conversion -Wno-bool-conversion -Wno-enum-conversion -Wno-float-conversion -Wno-non-literal-null-conversion -Wno-objc-literal-conversion -Wshorten-64-to-32 -Wpointer-sign -Wno-newline-eof -Wno-selector -Wno-strict-selector-match -Wno-undeclared-selector -Wno-deprecated-implementations -Wno-implicit-fallthrough -fstrict-aliasing -Wprotocol -Wdeprecated-declarations -Wno-sign-conversion -Wno-infinite-recursion -Wno-comma -Wno-block-capture-autoreleasing -Wno-strict-prototypes -Wno-semicolon-before-method-body -index-store-path /Users/hectorgarcia/Library/Developer/Xcode/DerivedData/Lyo-eagkiegzrakogpczynhkaholsscs/Index.noindex/DataStore @/Users/hectorgarcia/Library/Developer/Xcode/DerivedData/Build/Intermediates.noindex/Firebase.build/Debug-iphonesimulator/FirebaseCore.build/Objects-normal/x86_64/e6072d4f65d7061329687fe24e3d63a7-common-args.resp -include /Users/hectorgarcia/Library/Developer/Xcode/DerivedData/Build/Intermediates.noindex/Firebase.build/Debug-iphonesimulator/FirebaseCore.build/DerivedSources/resource_bundle_accessor.h -MMD -MT dependencies -MF /Users/hectorgarcia/Library/Developer/Xcode/DerivedData/Build/Intermediates.noindex/Firebase.build/Debug-iphonesimulator/FirebaseCore.build/Objects-normal/x86_64/FIRConfiguration.d --serialize-diagnostics /Users/hectorgarcia/Library/Developer/Xcode/DerivedData/Build/Intermediates.noindex/Firebase.build/Debug-iphonesimulator/FirebaseCore.build/Objects-normal/x86_64/FIRConfiguration.dia -c /Users/hectorgarcia/Library/Developer/Xcode/DerivedData/Lyo-eagkiegzrakogpczynhkaholsscs/SourcePackages/checkouts/firebase-ios-sdk/FirebaseCore/Sources/FIRConfiguration.m -o /Users/hectorgarcia/Library/Developer/Xcode/DerivedData/Build/Intermediates.noindex/Firebase.build/Debug-iphonesimulator/FirebaseCore.build/Objects-normal/x86_64/FIRConfiguration.o -index-unit-output-path /Firebase.build/Debug-iphonesimulator/FirebaseCore.build/Objects-normal/x86_64/FIRConfiguration.o

CompileC /Users/hectorgarcia/Library/Developer/Xcode/DerivedData/Build/Intermediates.noindex/Firebase.build/Debug-iphonesimulator/FirebaseCore.build/Objects-normal/x86_64/FIRComponentType.o /Users/hectorgarcia/Library/Developer/Xcode/DerivedData/Lyo-eagkiegzrakogpczynhkaholsscs/SourcePackages/checkouts/firebase-ios-sdk/FirebaseCore/Sources/FIRComponentType.m normal x86_64 objective-c com.apple.compilers.llvm.clang.1_0.compiler (in target 'FirebaseCore' from project 'Firebase')
    cd /Users/hectorgarcia/LYO_Da_ONE/Lyo.xcodeproj
    
    Using response file: /Users/hectorgarcia/Library/Developer/Xcode/DerivedData/Build/Intermediates.noindex/Firebase.build/Debug-iphonesimulator/FirebaseCore.build/Objects-normal/x86_64/e6072d4f65d7061329687fe24e3d63a7-common-args.resp
    
    /Users/hectorgarcia/Downloads/Xcode.app/Contents/Developer/Toolchains/XcodeDefault.xctoolchain/usr/bin/clang -x objective-c -ivfsstatcache /Users/hectorgarcia/Library/Developer/Xcode/DerivedData/SDKStatCaches.noindex/iphonesimulator26.2-23C53-823d3e8b6e60bc2018c189d3ca05ba9b.sdkstatcache -fmessage-length\=0 -fdiagnostics-show-note-include-stack -fmacro-backtrace-limit\=0 -fno-color-diagnostics -fmodules-prune-interval\=86400 -fmodules-prune-after\=345600 -fbuild-session-file\=/Users/hectorgarcia/Library/Developer/Xcode/DerivedData/ModuleCache.noindex/Session.modulevalidation -fmodules-validate-once-per-build-session -Wnon-modular-include-in-framework-module -Werror\=non-modular-include-in-framework-module -Wno-trigraphs -Wno-missing-field-initializers -Wno-missing-prototypes -Wno-return-type -Wno-implicit-atomic-properties -Wno-objc-interface-ivars -Wno-arc-repeated-use-of-weak -Wno-missing-braces -Wparentheses -Wswitch -Wno-unused-function -Wno-unused-label -Wno-unused-parameter -Wno-unused-variable -Wunused-value -Wno-empty-body -Wno-uninitialized -Wno-unknown-pragmas -w -Wno-shadow -Wno-four-char-constants -Wno-conversion -Wno-constant-conversion -Wno-int-conversion -Wno-bool-conversion -Wno-enum-conversion -Wno-float-conversion -Wno-non-literal-null-conversion -Wno-objc-literal-conversion -Wshorten-64-to-32 -Wpointer-sign -Wno-newline-eof -Wno-selector -Wno-strict-selector-match -Wno-undeclared-selector -Wno-deprecated-implementations -Wno-implicit-fallthrough -fstrict-aliasing -Wprotocol -Wdeprecated-declarations -Wno-sign-conversion -Wno-infinite-recursion -Wno-comma -Wno-block-capture-autoreleasing -Wno-strict-prototypes -Wno-semicolon-before-method-body -index-store-path /Users/hectorgarcia/Library/Developer/Xcode/DerivedData/Lyo-eagkiegzrakogpczynhkaholsscs/Index.noindex/DataStore @/Users/hectorgarcia/Library/Developer/Xcode/DerivedData/Build/Intermediates.noindex/Firebase.build/Debug-iphonesimulator/FirebaseCore.build/Objects-normal/x86_64/e6072d4f65d7061329687fe24e3d63a7-common-args.resp -include /Users/hectorgarcia/Library/Developer/Xcode/DerivedData/Build/Intermediates.noindex/Firebase.build/Debug-iphonesimulator/FirebaseCore.build/DerivedSources/resource_bundle_accessor.h -MMD -MT dependencies -MF /Users/hectorgarcia/Library/Developer/Xcode/DerivedData/Build/Intermediates.noindex/Firebase.build/Debug-iphonesimulator/FirebaseCore.build/Objects-normal/x86_64/FIRComponentType.d --serialize-diagnostics /Users/hectorgarcia/Library/Developer/Xcode/DerivedData/Build/Intermediates.noindex/Firebase.build/Debug-iphonesimulator/FirebaseCore.build/Objects-normal/x86_64/FIRComponentType.dia -c /Users/hectorgarcia/Library/Developer/Xcode/DerivedData/Lyo-eagkiegzrakogpczynhkaholsscs/SourcePackages/checkouts/firebase-ios-sdk/FirebaseCore/Sources/FIRComponentType.m -o /Users/hectorgarcia/Library/Developer/Xcode/DerivedData/Build/Intermediates.noindex/Firebase.build/Debug-iphonesimulator/FirebaseCore.build/Objects-normal/x86_64/FIRComponentType.o -index-unit-output-path /Firebase.build/Debug-iphonesimulator/FirebaseCore.build/Objects-normal/x86_64/FIRComponentType.o

CompileC /Users/hectorgarcia/Library/Developer/Xcode/DerivedData/Build/Intermediates.noindex/Firebase.build/Debug-iphonesimulator/FirebaseCore.build/Objects-normal/x86_64/FIRComponentContainer.o /Users/hectorgarcia/Library/Developer/Xcode/DerivedData/Lyo-eagkiegzrakogpczynhkaholsscs/SourcePackages/checkouts/firebase-ios-sdk/FirebaseCore/Sources/FIRComponentContainer.m normal x86_64 objective-c com.apple.compilers.llvm.clang.1_0.compiler (in target 'FirebaseCore' from project 'Firebase')
    cd /Users/hectorgarcia/LYO_Da_ONE/Lyo.xcodeproj
    
    Using response file: /Users/hectorgarcia/Library/Developer/Xcode/DerivedData/Build/Intermediates.noindex/Firebase.build/Debug-iphonesimulator/FirebaseCore.build/Objects-normal/x86_64/e6072d4f65d7061329687fe24e3d63a7-common-args.resp
    
    /Users/hectorgarcia/Downloads/Xcode.app/Contents/Developer/Toolchains/XcodeDefault.xctoolchain/usr/bin/clang -x objective-c -ivfsstatcache /Users/hectorgarcia/Library/Developer/Xcode/DerivedData/SDKStatCaches.noindex/iphonesimulator26.2-23C53-823d3e8b6e60bc2018c189d3ca05ba9b.sdkstatcache -fmessage-length\=0 -fdiagnostics-show-note-include-stack -fmacro-backtrace-limit\=0 -fno-color-diagnostics -fmodules-prune-interval\=86400 -fmodules-prune-after\=345600 -fbuild-session-file\=/Users/hectorgarcia/Library/Developer/Xcode/DerivedData/ModuleCache.noindex/Session.modulevalidation -fmodules-validate-once-per-build-session -Wnon-modular-include-in-framework-module -Werror\=non-modular-include-in-framework-module -Wno-trigraphs -Wno-missing-field-initializers -Wno-missing-prototypes -Wno-return-type -Wno-implicit-atomic-properties -Wno-objc-interface-ivars -Wno-arc-repeated-use-of-weak -Wno-missing-braces -Wparentheses -Wswitch -Wno-unused-function -Wno-unused-label -Wno-unused-parameter -Wno-unused-variable -Wunused-value -Wno-empty-body -Wno-uninitialized -Wno-unknown-pragmas -w -Wno-shadow -Wno-four-char-constants -Wno-conversion -Wno-constant-conversion -Wno-int-conversion -Wno-bool-conversion -Wno-enum-conversion -Wno-float-conversion -Wno-non-literal-null-conversion -Wno-objc-literal-conversion -Wshorten-64-to-32 -Wpointer-sign -Wno-newline-eof -Wno-selector -Wno-strict-selector-match -Wno-undeclared-selector -Wno-deprecated-implementations -Wno-implicit-fallthrough -fstrict-aliasing -Wprotocol -Wdeprecated-declarations -Wno-sign-conversion -Wno-infinite-recursion -Wno-comma -Wno-block-capture-autoreleasing -Wno-strict-prototypes -Wno-semicolon-before-method-body -index-store-path /Users/hectorgarcia/Library/Developer/Xcode/DerivedData/Lyo-eagkiegzrakogpczynhkaholsscs/Index.noindex/DataStore @/Users/hectorgarcia/Library/Developer/Xcode/DerivedData/Build/Intermediates.noindex/Firebase.build/Debug-iphonesimulator/FirebaseCore.build/Objects-normal/x86_64/e6072d4f65d7061329687fe24e3d63a7-common-args.resp -include /Users/hectorgarcia/Library/Developer/Xcode/DerivedData/Build/Intermediates.noindex/Firebase.build/Debug-iphonesimulator/FirebaseCore.build/DerivedSources/resource_bundle_accessor.h -MMD -MT dependencies -MF /Users/hectorgarcia/Library/Developer/Xcode/DerivedData/Build/Intermediates.noindex/Firebase.build/Debug-iphonesimulator/FirebaseCore.build/Objects-normal/x86_64/FIRComponentContainer.d --serialize-diagnostics /Users/hectorgarcia/Library/Developer/Xcode/DerivedData/Build/Intermediates.noindex/Firebase.build/Debug-iphonesimulator/FirebaseCore.build/Objects-normal/x86_64/FIRComponentContainer.dia -c /Users/hectorgarcia/Library/Developer/Xcode/DerivedData/Lyo-eagkiegzrakogpczynhkaholsscs/SourcePackages/checkouts/firebase-ios-sdk/FirebaseCore/Sources/FIRComponentContainer.m -o /Users/hectorgarcia/Library/Developer/Xcode/DerivedData/Build/Intermediates.noindex/Firebase.build/Debug-iphonesimulator/FirebaseCore.build/Objects-normal/x86_64/FIRComponentContainer.o -index-unit-output-path /Firebase.build/Debug-iphonesimulator/FirebaseCore.build/Objects-normal/x86_64/FIRComponentContainer.o

CompileC /Users/hectorgarcia/Library/Developer/Xcode/DerivedData/Build/Intermediates.noindex/Firebase.build/Debug-iphonesimulator/FirebaseCore.build/Objects-normal/x86_64/FIRComponent.o /Users/hectorgarcia/Library/Developer/Xcode/DerivedData/Lyo-eagkiegzrakogpczynhkaholsscs/SourcePackages/checkouts/firebase-ios-sdk/FirebaseCore/Sources/FIRComponent.m normal x86_64 objective-c com.apple.compilers.llvm.clang.1_0.compiler (in target 'FirebaseCore' from project 'Firebase')
    cd /Users/hectorgarcia/LYO_Da_ONE/Lyo.xcodeproj
    
    Using response file: /Users/hectorgarcia/Library/Developer/Xcode/DerivedData/Build/Intermediates.noindex/Firebase.build/Debug-iphonesimulator/FirebaseCore.build/Objects-normal/x86_64/e6072d4f65d7061329687fe24e3d63a7-common-args.resp
    
    /Users/hectorgarcia/Downloads/Xcode.app/Contents/Developer/Toolchains/XcodeDefault.xctoolchain/usr/bin/clang -x objective-c -ivfsstatcache /Users/hectorgarcia/Library/Developer/Xcode/DerivedData/SDKStatCaches.noindex/iphonesimulator26.2-23C53-823d3e8b6e60bc2018c189d3ca05ba9b.sdkstatcache -fmessage-length\=0 -fdiagnostics-show-note-include-stack -fmacro-backtrace-limit\=0 -fno-color-diagnostics -fmodules-prune-interval\=86400 -fmodules-prune-after\=345600 -fbuild-session-file\=/Users/hectorgarcia/Library/Developer/Xcode/DerivedData/ModuleCache.noindex/Session.modulevalidation -fmodules-validate-once-per-build-session -Wnon-modular-include-in-framework-module -Werror\=non-modular-include-in-framework-module -Wno-trigraphs -Wno-missing-field-initializers -Wno-missing-prototypes -Wno-return-type -Wno-implicit-atomic-properties -Wno-objc-interface-ivars -Wno-arc-repeated-use-of-weak -Wno-missing-braces -Wparentheses -Wswitch -Wno-unused-function -Wno-unused-label -Wno-unused-parameter -Wno-unused-variable -Wunused-value -Wno-empty-body -Wno-uninitialized -Wno-unknown-pragmas -w -Wno-shadow -Wno-four-char-constants -Wno-conversion -Wno-constant-conversion -Wno-int-conversion -Wno-bool-conversion -Wno-enum-conversion -Wno-float-conversion -Wno-non-literal-null-conversion -Wno-objc-literal-conversion -Wshorten-64-to-32 -Wpointer-sign -Wno-newline-eof -Wno-selector -Wno-strict-selector-match -Wno-undeclared-selector -Wno-deprecated-implementations -Wno-implicit-fallthrough -fstrict-aliasing -Wprotocol -Wdeprecated-declarations -Wno-sign-conversion -Wno-infinite-recursion -Wno-comma -Wno-block-capture-autoreleasing -Wno-strict-prototypes -Wno-semicolon-before-method-body -index-store-path /Users/hectorgarcia/Library/Developer/Xcode/DerivedData/Lyo-eagkiegzrakogpczynhkaholsscs/Index.noindex/DataStore @/Users/hectorgarcia/Library/Developer/Xcode/DerivedData/Build/Intermediates.noindex/Firebase.build/Debug-iphonesimulator/FirebaseCore.build/Objects-normal/x86_64/e6072d4f65d7061329687fe24e3d63a7-common-args.resp -include /Users/hectorgarcia/Library/Developer/Xcode/DerivedData/Build/Intermediates.noindex/Firebase.build/Debug-iphonesimulator/FirebaseCore.build/DerivedSources/resource_bundle_accessor.h -MMD -MT dependencies -MF /Users/hectorgarcia/Library/Developer/Xcode/DerivedData/Build/Intermediates.noindex/Firebase.build/Debug-iphonesimulator/FirebaseCore.build/Objects-normal/x86_64/FIRComponent.d --serialize-diagnostics /Users/hectorgarcia/Library/Developer/Xcode/DerivedData/Build/Intermediates.noindex/Firebase.build/Debug-iphonesimulator/FirebaseCore.build/Objects-normal/x86_64/FIRComponent.dia -c /Users/hectorgarcia/Library/Developer/Xcode/DerivedData/Lyo-eagkiegzrakogpczynhkaholsscs/SourcePackages/checkouts/firebase-ios-sdk/FirebaseCore/Sources/FIRComponent.m -o /Users/hectorgarcia/Library/Developer/Xcode/DerivedData/Build/Intermediates.noindex/Firebase.build/Debug-iphonesimulator/FirebaseCore.build/Objects-normal/x86_64/FIRComponent.o -index-unit-output-path /Firebase.build/Debug-iphonesimulator/FirebaseCore.build/Objects-normal/x86_64/FIRComponent.o

CompileC /Users/hectorgarcia/Library/Developer/Xcode/DerivedData/Build/Intermediates.noindex/Firebase.build/Debug-iphonesimulator/FirebaseCore.build/Objects-normal/x86_64/FIRAnalyticsConfiguration.o /Users/hectorgarcia/Library/Developer/Xcode/DerivedData/Lyo-eagkiegzrakogpczynhkaholsscs/SourcePackages/checkouts/firebase-ios-sdk/FirebaseCore/Sources/FIRAnalyticsConfiguration.m normal x86_64 objective-c com.apple.compilers.llvm.clang.1_0.compiler (in target 'FirebaseCore' from project 'Firebase')
    cd /Users/hectorgarcia/LYO_Da_ONE/Lyo.xcodeproj
    
    Using response file: /Users/hectorgarcia/Library/Developer/Xcode/DerivedData/Build/Intermediates.noindex/Firebase.build/Debug-iphonesimulator/FirebaseCore.build/Objects-normal/x86_64/e6072d4f65d7061329687fe24e3d63a7-common-args.resp
    
    /Users/hectorgarcia/Downloads/Xcode.app/Contents/Developer/Toolchains/XcodeDefault.xctoolchain/usr/bin/clang -x objective-c -ivfsstatcache /Users/hectorgarcia/Library/Developer/Xcode/DerivedData/SDKStatCaches.noindex/iphonesimulator26.2-23C53-823d3e8b6e60bc2018c189d3ca05ba9b.sdkstatcache -fmessage-length\=0 -fdiagnostics-show-note-include-stack -fmacro-backtrace-limit\=0 -fno-color-diagnostics -fmodules-prune-interval\=86400 -fmodules-prune-after\=345600 -fbuild-session-file\=/Users/hectorgarcia/Library/Developer/Xcode/DerivedData/ModuleCache.noindex/Session.modulevalidation -fmodules-validate-once-per-build-session -Wnon-modular-include-in-framework-module -Werror\=non-modular-include-in-framework-module -Wno-trigraphs -Wno-missing-field-initializers -Wno-missing-prototypes -Wno-return-type -Wno-implicit-atomic-properties -Wno-objc-interface-ivars -Wno-arc-repeated-use-of-weak -Wno-missing-braces -Wparentheses -Wswitch -Wno-unused-function -Wno-unused-label -Wno-unused-parameter -Wno-unused-variable -Wunused-value -Wno-empty-body -Wno-uninitialized -Wno-unknown-pragmas -w -Wno-shadow -Wno-four-char-constants -Wno-conversion -Wno-constant-conversion -Wno-int-conversion -Wno-bool-conversion -Wno-enum-conversion -Wno-float-conversion -Wno-non-literal-null-conversion -Wno-objc-literal-conversion -Wshorten-64-to-32 -Wpointer-sign -Wno-newline-eof -Wno-selector -Wno-strict-selector-match -Wno-undeclared-selector -Wno-deprecated-implementations -Wno-implicit-fallthrough -fstrict-aliasing -Wprotocol -Wdeprecated-declarations -Wno-sign-conversion -Wno-infinite-recursion -Wno-comma -Wno-block-capture-autoreleasing -Wno-strict-prototypes -Wno-semicolon-before-method-body -index-store-path /Users/hectorgarcia/Library/Developer/Xcode/DerivedData/Lyo-eagkiegzrakogpczynhkaholsscs/Index.noindex/DataStore @/Users/hectorgarcia/Library/Developer/Xcode/DerivedData/Build/Intermediates.noindex/Firebase.build/Debug-iphonesimulator/FirebaseCore.build/Objects-normal/x86_64/e6072d4f65d7061329687fe24e3d63a7-common-args.resp -include /Users/hectorgarcia/Library/Developer/Xcode/DerivedData/Build/Intermediates.noindex/Firebase.build/Debug-iphonesimulator/FirebaseCore.build/DerivedSources/resource_bundle_accessor.h -MMD -MT dependencies -MF /Users/hectorgarcia/Library/Developer/Xcode/DerivedData/Build/Intermediates.noindex/Firebase.build/Debug-iphonesimulator/FirebaseCore.build/Objects-normal/x86_64/FIRAnalyticsConfiguration.d --serialize-diagnostics /Users/hectorgarcia/Library/Developer/Xcode/DerivedData/Build/Intermediates.noindex/Firebase.build/Debug-iphonesimulator/FirebaseCore.build/Objects-normal/x86_64/FIRAnalyticsConfiguration.dia -c /Users/hectorgarcia/Library/Developer/Xcode/DerivedData/Lyo-eagkiegzrakogpczynhkaholsscs/SourcePackages/checkouts/firebase-ios-sdk/FirebaseCore/Sources/FIRAnalyticsConfiguration.m -o /Users/hectorgarcia/Library/Developer/Xcode/DerivedData/Build/Intermediates.noindex/Firebase.build/Debug-iphonesimulator/FirebaseCore.build/Objects-normal/x86_64/FIRAnalyticsConfiguration.o -index-unit-output-path /Firebase.build/Debug-iphonesimulator/FirebaseCore.build/Objects-normal/x86_64/FIRAnalyticsConfiguration.o

CompileC /Users/hectorgarcia/Library/Developer/Xcode/DerivedData/Build/Intermediates.noindex/Firebase.build/Debug-iphonesimulator/FirebaseAuth.build/Objects-normal/x86_64/FIRFinalizeMFAEnrollmentResponse.o /Users/hectorgarcia/Library/Developer/Xcode/DerivedData/Lyo-eagkiegzrakogpczynhkaholsscs/SourcePackages/checkouts/firebase-ios-sdk/FirebaseAuth/Sources/Backend/RPC/MultiFactor/Enroll/FIRFinalizeMFAEnrollmentResponse.m normal x86_64 objective-c com.apple.compilers.llvm.clang.1_0.compiler (in target 'FirebaseAuth' from project 'Firebase')
    cd /Users/hectorgarcia/LYO_Da_ONE/Lyo.xcodeproj
    
    Using response file: /Users/hectorgarcia/Library/Developer/Xcode/DerivedData/Build/Intermediates.noindex/Firebase.build/Debug-iphonesimulator/FirebaseAuth.build/Objects-normal/x86_64/e6072d4f65d7061329687fe24e3d63a7-common-args.resp
    
    /Users/hectorgarcia/Downloads/Xcode.app/Contents/Developer/Toolchains/XcodeDefault.xctoolchain/usr/bin/clang -x objective-c -ivfsstatcache /Users/hectorgarcia/Library/Developer/Xcode/DerivedData/SDKStatCaches.noindex/iphonesimulator26.2-23C53-823d3e8b6e60bc2018c189d3ca05ba9b.sdkstatcache -fmessage-length\=0 -fdiagnostics-show-note-include-stack -fmacro-backtrace-limit\=0 -fno-color-diagnostics -fmodules-prune-interval\=86400 -fmodules-prune-after\=345600 -fbuild-session-file\=/Users/hectorgarcia/Library/Developer/Xcode/DerivedData/ModuleCache.noindex/Session.modulevalidation -fmodules-validate-once-per-build-session -Wnon-modular-include-in-framework-module -Werror\=non-modular-include-in-framework-module -Wno-trigraphs -Wno-missing-field-initializers -Wno-missing-prototypes -Wno-return-type -Wno-implicit-atomic-properties -Wno-objc-interface-ivars -Wno-arc-repeated-use-of-weak -Wno-missing-braces -Wparentheses -Wswitch -Wno-unused-function -Wno-unused-label -Wno-unused-parameter -Wno-unused-variable -Wunused-value -Wno-empty-body -Wno-uninitialized -Wno-unknown-pragmas -w -Wno-shadow -Wno-four-char-constants -Wno-conversion -Wno-constant-conversion -Wno-int-conversion -Wno-bool-conversion -Wno-enum-conversion -Wno-float-conversion -Wno-non-literal-null-conversion -Wno-objc-literal-conversion -Wshorten-64-to-32 -Wpointer-sign -Wno-newline-eof -Wno-selector -Wno-strict-selector-match -Wno-undeclared-selector -Wno-deprecated-implementations -Wno-implicit-fallthrough -fstrict-aliasing -Wprotocol -Wdeprecated-declarations -Wno-sign-conversion -Wno-infinite-recursion -Wno-comma -Wno-block-capture-autoreleasing -Wno-strict-prototypes -Wno-semicolon-before-method-body -index-store-path /Users/hectorgarcia/Library/Developer/Xcode/DerivedData/Lyo-eagkiegzrakogpczynhkaholsscs/Index.noindex/DataStore @/Users/hectorgarcia/Library/Developer/Xcode/DerivedData/Build/Intermediates.noindex/Firebase.build/Debug-iphonesimulator/FirebaseAuth.build/Objects-normal/x86_64/e6072d4f65d7061329687fe24e3d63a7-common-args.resp -include /Users/hectorgarcia/Library/Developer/Xcode/DerivedData/Build/Intermediates.noindex/Firebase.build/Debug-iphonesimulator/FirebaseAuth.build/DerivedSources/resource_bundle_accessor.h -MMD -MT dependencies -MF /Users/hectorgarcia/Library/Developer/Xcode/DerivedData/Build/Intermediates.noindex/Firebase.build/Debug-iphonesimulator/FirebaseAuth.build/Objects-normal/x86_64/FIRFinalizeMFAEnrollmentResponse.d --serialize-diagnostics /Users/hectorgarcia/Library/Developer/Xcode/DerivedData/Build/Intermediates.noindex/Firebase.build/Debug-iphonesimulator/FirebaseAuth.build/Objects-normal/x86_64/FIRFinalizeMFAEnrollmentResponse.dia -c /Users/hectorgarcia/Library/Developer/Xcode/DerivedData/Lyo-eagkiegzrakogpczynhkaholsscs/SourcePackages/checkouts/firebase-ios-sdk/FirebaseAuth/Sources/Backend/RPC/MultiFactor/Enroll/FIRFinalizeMFAEnrollmentResponse.m -o /Users/hectorgarcia/Library/Developer/Xcode/DerivedData/Build/Intermediates.noindex/Firebase.build/Debug-iphonesimulator/FirebaseAuth.build/Objects-normal/x86_64/FIRFinalizeMFAEnrollmentResponse.o -index-unit-output-path /Firebase.build/Debug-iphonesimulator/FirebaseAuth.build/Objects-normal/x86_64/FIRFinalizeMFAEnrollmentResponse.o

CompileC /Users/hectorgarcia/Library/Developer/Xcode/DerivedData/Build/Intermediates.noindex/Firebase.build/Debug-iphonesimulator/FirebaseAuth.build/Objects-normal/x86_64/FIRFinalizeMFAEnrollmentRequest.o /Users/hectorgarcia/Library/Developer/Xcode/DerivedData/Lyo-eagkiegzrakogpczynhkaholsscs/SourcePackages/checkouts/firebase-ios-sdk/FirebaseAuth/Sources/Backend/RPC/MultiFactor/Enroll/FIRFinalizeMFAEnrollmentRequest.m normal x86_64 objective-c com.apple.compilers.llvm.clang.1_0.compiler (in target 'FirebaseAuth' from project 'Firebase')
    cd /Users/hectorgarcia/LYO_Da_ONE/Lyo.xcodeproj
    
    Using response file: /Users/hectorgarcia/Library/Developer/Xcode/DerivedData/Build/Intermediates.noindex/Firebase.build/Debug-iphonesimulator/FirebaseAuth.build/Objects-normal/x86_64/e6072d4f65d7061329687fe24e3d63a7-common-args.resp
    
    /Users/hectorgarcia/Downloads/Xcode.app/Contents/Developer/Toolchains/XcodeDefault.xctoolchain/usr/bin/clang -x objective-c -ivfsstatcache /Users/hectorgarcia/Library/Developer/Xcode/DerivedData/SDKStatCaches.noindex/iphonesimulator26.2-23C53-823d3e8b6e60bc2018c189d3ca05ba9b.sdkstatcache -fmessage-length\=0 -fdiagnostics-show-note-include-stack -fmacro-backtrace-limit\=0 -fno-color-diagnostics -fmodules-prune-interval\=86400 -fmodules-prune-after\=345600 -fbuild-session-file\=/Users/hectorgarcia/Library/Developer/Xcode/DerivedData/ModuleCache.noindex/Session.modulevalidation -fmodules-validate-once-per-build-session -Wnon-modular-include-in-framework-module -Werror\=non-modular-include-in-framework-module -Wno-trigraphs -Wno-missing-field-initializers -Wno-missing-prototypes -Wno-return-type -Wno-implicit-atomic-properties -Wno-objc-interface-ivars -Wno-arc-repeated-use-of-weak -Wno-missing-braces -Wparentheses -Wswitch -Wno-unused-function -Wno-unused-label -Wno-unused-parameter -Wno-unused-variable -Wunused-value -Wno-empty-body -Wno-uninitialized -Wno-unknown-pragmas -w -Wno-shadow -Wno-four-char-constants -Wno-conversion -Wno-constant-conversion -Wno-int-conversion -Wno-bool-conversion -Wno-enum-conversion -Wno-float-conversion -Wno-non-literal-null-conversion -Wno-objc-literal-conversion -Wshorten-64-to-32 -Wpointer-sign -Wno-newline-eof -Wno-selector -Wno-strict-selector-match -Wno-undeclared-selector -Wno-deprecated-implementations -Wno-implicit-fallthrough -fstrict-aliasing -Wprotocol -Wdeprecated-declarations -Wno-sign-conversion -Wno-infinite-recursion -Wno-comma -Wno-block-capture-autoreleasing -Wno-strict-prototypes -Wno-semicolon-before-method-body -index-store-path /Users/hectorgarcia/Library/Developer/Xcode/DerivedData/Lyo-eagkiegzrakogpczynhkaholsscs/Index.noindex/DataStore @/Users/hectorgarcia/Library/Developer/Xcode/DerivedData/Build/Intermediates.noindex/Firebase.build/Debug-iphonesimulator/FirebaseAuth.build/Objects-normal/x86_64/e6072d4f65d7061329687fe24e3d63a7-common-args.resp -include /Users/hectorgarcia/Library/Developer/Xcode/DerivedData/Build/Intermediates.noindex/Firebase.build/Debug-iphonesimulator/FirebaseAuth.build/DerivedSources/resource_bundle_accessor.h -MMD -MT dependencies -MF /Users/hectorgarcia/Library/Developer/Xcode/DerivedData/Build/Intermediates.noindex/Firebase.build/Debug-iphonesimulator/FirebaseAuth.build/Objects-normal/x86_64/FIRFinalizeMFAEnrollmentRequest.d --serialize-diagnostics /Users/hectorgarcia/Library/Developer/Xcode/DerivedData/Build/Intermediates.noindex/Firebase.build/Debug-iphonesimulator/FirebaseAuth.build/Objects-normal/x86_64/FIRFinalizeMFAEnrollmentRequest.dia -c /Users/hectorgarcia/Library/Developer/Xcode/DerivedData/Lyo-eagkiegzrakogpczynhkaholsscs/SourcePackages/checkouts/firebase-ios-sdk/FirebaseAuth/Sources/Backend/RPC/MultiFactor/Enroll/FIRFinalizeMFAEnrollmentRequest.m -o /Users/hectorgarcia/Library/Developer/Xcode/DerivedData/Build/Intermediates.noindex/Firebase.build/Debug-iphonesimulator/FirebaseAuth.build/Objects-normal/x86_64/FIRFinalizeMFAEnrollmentRequest.o -index-unit-output-path /Firebase.build/Debug-iphonesimulator/FirebaseAuth.build/Objects-normal/x86_64/FIRFinalizeMFAEnrollmentRequest.o

PrecompileModule /Users/hectorgarcia/Library/Developer/Xcode/DerivedData/Build/Intermediates.noindex/ExplicitPrecompiledModules/CoreAudioTypes-90MRX6AZW6BVX6UD98L8CLX5Y.scan
    cd /
    builtin-precompileModule /Users/hectorgarcia/Library/Developer/Xcode/DerivedData/Build/Intermediates.noindex/ExplicitPrecompiledModules/CoreAudioTypes-90MRX6AZW6BVX6UD98L8CLX5Y.scan

PrecompileModule /Users/hectorgarcia/Library/Developer/Xcode/DerivedData/Build/Intermediates.noindex/ExplicitPrecompiledModules/Contacts-B7JLUTP8L39J0L2JHXTMXHQYE.scan
    cd /
    builtin-precompileModule /Users/hectorgarcia/Library/Developer/Xcode/DerivedData/Build/Intermediates.noindex/ExplicitPrecompiledModules/Contacts-B7JLUTP8L39J0L2JHXTMXHQYE.scan

PrecompileModule /Users/hectorgarcia/Library/Developer/Xcode/DerivedData/Build/Intermediates.noindex/ExplicitPrecompiledModules/Symbols-LZ7QC8BDK0D07RGFDHHCJZP.scan
    cd /
    builtin-precompileModule /Users/hectorgarcia/Library/Developer/Xcode/DerivedData/Build/Intermediates.noindex/ExplicitPrecompiledModules/Symbols-LZ7QC8BDK0D07RGFDHHCJZP.scan

PrecompileModule /Users/hectorgarcia/Library/Developer/Xcode/DerivedData/Build/Intermediates.noindex/ExplicitPrecompiledModules/CoreMIDI-9B7EQRN3N36GVYS18BNLSBJ87.scan
    cd /
    builtin-precompileModule /Users/hectorgarcia/Library/Developer/Xcode/DerivedData/Build/Intermediates.noindex/ExplicitPrecompiledModules/CoreMIDI-9B7EQRN3N36GVYS18BNLSBJ87.scan

PrecompileModule /Users/hectorgarcia/Library/Developer/Xcode/DerivedData/Build/Intermediates.noindex/ExplicitPrecompiledModules/UniformTypeIdentifiers-3OT29XURV2CAC3TMEVA4AQIWA.scan
    cd /
    builtin-precompileModule /Users/hectorgarcia/Library/Developer/Xcode/DerivedData/Build/Intermediates.noindex/ExplicitPrecompiledModules/UniformTypeIdentifiers-3OT29XURV2CAC3TMEVA4AQIWA.scan

PrecompileModule /Users/hectorgarcia/Library/Developer/Xcode/DerivedData/Build/Intermediates.noindex/ExplicitPrecompiledModules/CoreAudio-5Z6UXK4485XSPYV0SKHLDVQRG.scan
    cd /
    builtin-precompileModule /Users/hectorgarcia/Library/Developer/Xcode/DerivedData/Build/Intermediates.noindex/ExplicitPrecompiledModules/CoreAudio-5Z6UXK4485XSPYV0SKHLDVQRG.scan

PrecompileModule /Users/hectorgarcia/Library/Developer/Xcode/DerivedData/Build/Intermediates.noindex/ExplicitPrecompiledModules/GoogleUtilities_Logger-8Q0W41GEEH6H1G1BEHQ4EZQK1.scan
    cd /
    builtin-precompileModule /Users/hectorgarcia/Library/Developer/Xcode/DerivedData/Build/Intermediates.noindex/ExplicitPrecompiledModules/GoogleUtilities_Logger-8Q0W41GEEH6H1G1BEHQ4EZQK1.scan

PrecompileModule /Users/hectorgarcia/Library/Developer/Xcode/DerivedData/Build/Intermediates.noindex/ExplicitPrecompiledModules/FirebaseCoreInternal-NF9GL6WRN81U5PB9RRRIEAYC.scan
    cd /
    builtin-precompileModule /Users/hectorgarcia/Library/Developer/Xcode/DerivedData/Build/Intermediates.noindex/ExplicitPrecompiledModules/FirebaseCoreInternal-NF9GL6WRN81U5PB9RRRIEAYC.scan

PrecompileModule /Users/hectorgarcia/Library/Developer/Xcode/DerivedData/Build/Intermediates.noindex/ExplicitPrecompiledModules/FileProvider-7A7Y3595PA88BQA6LWT6KGF0Z.scan
    cd /
    builtin-precompileModule /Users/hectorgarcia/Library/Developer/Xcode/DerivedData/Build/Intermediates.noindex/ExplicitPrecompiledModules/FileProvider-7A7Y3595PA88BQA6LWT6KGF0Z.scan

PrecompileModule /Users/hectorgarcia/Library/Developer/Xcode/DerivedData/Build/Intermediates.noindex/ExplicitPrecompiledModules/dnssd-2OYUO0BD153QEPYKBP86HRISR.scan
    cd /
    builtin-precompileModule /Users/hectorgarcia/Library/Developer/Xcode/DerivedData/Build/Intermediates.noindex/ExplicitPrecompiledModules/dnssd-2OYUO0BD153QEPYKBP86HRISR.scan

PrecompileModule /Users/hectorgarcia/Library/Developer/Xcode/DerivedData/Build/Intermediates.noindex/ExplicitPrecompiledModules/UserNotifications-AZ0VUPKTQBU2WA7BK8WIJ5QSP.scan
    cd /
    builtin-precompileModule /Users/hectorgarcia/Library/Developer/Xcode/DerivedData/Build/Intermediates.noindex/ExplicitPrecompiledModules/UserNotifications-AZ0VUPKTQBU2WA7BK8WIJ5QSP.scan

PrecompileModule /Users/hectorgarcia/Library/Developer/Xcode/DerivedData/Build/Intermediates.noindex/ExplicitPrecompiledModules/CoreMedia-CTA0V5FA2CYSA54774T28GADD.scan
    cd /
    builtin-precompileModule /Users/hectorgarcia/Library/Developer/Xcode/DerivedData/Build/Intermediates.noindex/ExplicitPrecompiledModules/CoreMedia-CTA0V5FA2CYSA54774T28GADD.scan

CompileC /Users/hectorgarcia/Library/Developer/Xcode/DerivedData/Build/Intermediates.noindex/Firebase.build/Debug-iphonesimulator/FirebaseCore.build/Objects-normal/x86_64/FIRHeartbeatLogger.o /Users/hectorgarcia/Library/Developer/Xcode/DerivedData/Lyo-eagkiegzrakogpczynhkaholsscs/SourcePackages/checkouts/firebase-ios-sdk/FirebaseCore/Sources/FIRHeartbeatLogger.m normal x86_64 objective-c com.apple.compilers.llvm.clang.1_0.compiler (in target 'FirebaseCore' from project 'Firebase')
    cd /Users/hectorgarcia/LYO_Da_ONE/Lyo.xcodeproj
    
    Using response file: /Users/hectorgarcia/Library/Developer/Xcode/DerivedData/Build/Intermediates.noindex/Firebase.build/Debug-iphonesimulator/FirebaseCore.build/Objects-normal/x86_64/e6072d4f65d7061329687fe24e3d63a7-common-args.resp
    
    /Users/hectorgarcia/Downloads/Xcode.app/Contents/Developer/Toolchains/XcodeDefault.xctoolchain/usr/bin/clang -x objective-c -ivfsstatcache /Users/hectorgarcia/Library/Developer/Xcode/DerivedData/SDKStatCaches.noindex/iphonesimulator26.2-23C53-823d3e8b6e60bc2018c189d3ca05ba9b.sdkstatcache -fmessage-length\=0 -fdiagnostics-show-note-include-stack -fmacro-backtrace-limit\=0 -fno-color-diagnostics -fmodules-prune-interval\=86400 -fmodules-prune-after\=345600 -fbuild-session-file\=/Users/hectorgarcia/Library/Developer/Xcode/DerivedData/ModuleCache.noindex/Session.modulevalidation -fmodules-validate-once-per-build-session -Wnon-modular-include-in-framework-module -Werror\=non-modular-include-in-framework-module -Wno-trigraphs -Wno-missing-field-initializers -Wno-missing-prototypes -Wno-return-type -Wno-implicit-atomic-properties -Wno-objc-interface-ivars -Wno-arc-repeated-use-of-weak -Wno-missing-braces -Wparentheses -Wswitch -Wno-unused-function -Wno-unused-label -Wno-unused-parameter -Wno-unused-variable -Wunused-value -Wno-empty-body -Wno-uninitialized -Wno-unknown-pragmas -w -Wno-shadow -Wno-four-char-constants -Wno-conversion -Wno-constant-conversion -Wno-int-conversion -Wno-bool-conversion -Wno-enum-conversion -Wno-float-conversion -Wno-non-literal-null-conversion -Wno-objc-literal-conversion -Wshorten-64-to-32 -Wpointer-sign -Wno-newline-eof -Wno-selector -Wno-strict-selector-match -Wno-undeclared-selector -Wno-deprecated-implementations -Wno-implicit-fallthrough -fstrict-aliasing -Wprotocol -Wdeprecated-declarations -Wno-sign-conversion -Wno-infinite-recursion -Wno-comma -Wno-block-capture-autoreleasing -Wno-strict-prototypes -Wno-semicolon-before-method-body -index-store-path /Users/hectorgarcia/Library/Developer/Xcode/DerivedData/Lyo-eagkiegzrakogpczynhkaholsscs/Index.noindex/DataStore @/Users/hectorgarcia/Library/Developer/Xcode/DerivedData/Build/Intermediates.noindex/Firebase.build/Debug-iphonesimulator/FirebaseCore.build/Objects-normal/x86_64/e6072d4f65d7061329687fe24e3d63a7-common-args.resp -include /Users/hectorgarcia/Library/Developer/Xcode/DerivedData/Build/Intermediates.noindex/Firebase.build/Debug-iphonesimulator/FirebaseCore.build/DerivedSources/resource_bundle_accessor.h -MMD -MT dependencies -MF /Users/hectorgarcia/Library/Developer/Xcode/DerivedData/Build/Intermediates.noindex/Firebase.build/Debug-iphonesimulator/FirebaseCore.build/Objects-normal/x86_64/FIRHeartbeatLogger.d --serialize-diagnostics /Users/hectorgarcia/Library/Developer/Xcode/DerivedData/Build/Intermediates.noindex/Firebase.build/Debug-iphonesimulator/FirebaseCore.build/Objects-normal/x86_64/FIRHeartbeatLogger.dia -c /Users/hectorgarcia/Library/Developer/Xcode/DerivedData/Lyo-eagkiegzrakogpczynhkaholsscs/SourcePackages/checkouts/firebase-ios-sdk/FirebaseCore/Sources/FIRHeartbeatLogger.m -o /Users/hectorgarcia/Library/Developer/Xcode/DerivedData/Build/Intermediates.noindex/Firebase.build/Debug-iphonesimulator/FirebaseCore.build/Objects-normal/x86_64/FIRHeartbeatLogger.o -index-unit-output-path /Firebase.build/Debug-iphonesimulator/FirebaseCore.build/Objects-normal/x86_64/FIRHeartbeatLogger.o

PrecompileModule /Users/hectorgarcia/Library/Developer/Xcode/DerivedData/Build/Intermediates.noindex/ExplicitPrecompiledModules/GoogleUtilities_Environment-DDMWVVBXAPV8YYBUFEJAVRMFI.scan
    cd /
    builtin-precompileModule /Users/hectorgarcia/Library/Developer/Xcode/DerivedData/Build/Intermediates.noindex/ExplicitPrecompiledModules/GoogleUtilities_Environment-DDMWVVBXAPV8YYBUFEJAVRMFI.scan

PrecompileModule /Users/hectorgarcia/Library/Developer/Xcode/DerivedData/Build/Intermediates.noindex/ExplicitPrecompiledModules/UIUtilities-6IUU51LN2BQ05S6YBOHDIDJWA.scan
    cd /
    builtin-precompileModule /Users/hectorgarcia/Library/Developer/Xcode/DerivedData/Build/Intermediates.noindex/ExplicitPrecompiledModules/UIUtilities-6IUU51LN2BQ05S6YBOHDIDJWA.scan

PrecompileModule /Users/hectorgarcia/Library/Developer/Xcode/DerivedData/Build/Intermediates.noindex/ExplicitPrecompiledModules/AudioToolbox-29I6B7ZRVDH31LPXWVTUS2W77.scan
    cd /
    builtin-precompileModule /Users/hectorgarcia/Library/Developer/Xcode/DerivedData/Build/Intermediates.noindex/ExplicitPrecompiledModules/AudioToolbox-29I6B7ZRVDH31LPXWVTUS2W77.scan

PrecompileModule /Users/hectorgarcia/Library/Developer/Xcode/DerivedData/Build/Intermediates.noindex/ExplicitPrecompiledModules/Network-88UWV701IGP939BWZZNP6I7OW.scan
    cd /
    builtin-precompileModule /Users/hectorgarcia/Library/Developer/Xcode/DerivedData/Build/Intermediates.noindex/ExplicitPrecompiledModules/Network-88UWV701IGP939BWZZNP6I7OW.scan

PrecompileModule /Users/hectorgarcia/Library/Developer/Xcode/DerivedData/Build/Intermediates.noindex/ExplicitPrecompiledModules/IOSurface-AFIQ777SKPRUIJEX0ACHH92XT.scan
    cd /
    builtin-precompileModule /Users/hectorgarcia/Library/Developer/Xcode/DerivedData/Build/Intermediates.noindex/ExplicitPrecompiledModules/IOSurface-AFIQ777SKPRUIJEX0ACHH92XT.scan

PrecompileModule /Users/hectorgarcia/Library/Developer/Xcode/DerivedData/Build/Intermediates.noindex/ExplicitPrecompiledModules/_Builtin_intrinsics-2SR7U8AHAQBKB42LFVZBB182S.scan
    cd /
    builtin-precompileModule /Users/hectorgarcia/Library/Developer/Xcode/DerivedData/Build/Intermediates.noindex/ExplicitPrecompiledModules/_Builtin_intrinsics-2SR7U8AHAQBKB42LFVZBB182S.scan

CompileC /Users/hectorgarcia/Library/Developer/Xcode/DerivedData/Build/Intermediates.noindex/Firebase.build/Debug-iphonesimulator/FirebaseCore.build/Objects-normal/x86_64/FIRLogger.o /Users/hectorgarcia/Library/Developer/Xcode/DerivedData/Lyo-eagkiegzrakogpczynhkaholsscs/SourcePackages/checkouts/firebase-ios-sdk/FirebaseCore/Sources/FIRLogger.m normal x86_64 objective-c com.apple.compilers.llvm.clang.1_0.compiler (in target 'FirebaseCore' from project 'Firebase')
    cd /Users/hectorgarcia/LYO_Da_ONE/Lyo.xcodeproj
    
    Using response file: /Users/hectorgarcia/Library/Developer/Xcode/DerivedData/Build/Intermediates.noindex/Firebase.build/Debug-iphonesimulator/FirebaseCore.build/Objects-normal/x86_64/e6072d4f65d7061329687fe24e3d63a7-common-args.resp
    
    /Users/hectorgarcia/Downloads/Xcode.app/Contents/Developer/Toolchains/XcodeDefault.xctoolchain/usr/bin/clang -x objective-c -ivfsstatcache /Users/hectorgarcia/Library/Developer/Xcode/DerivedData/SDKStatCaches.noindex/iphonesimulator26.2-23C53-823d3e8b6e60bc2018c189d3ca05ba9b.sdkstatcache -fmessage-length\=0 -fdiagnostics-show-note-include-stack -fmacro-backtrace-limit\=0 -fno-color-diagnostics -fmodules-prune-interval\=86400 -fmodules-prune-after\=345600 -fbuild-session-file\=/Users/hectorgarcia/Library/Developer/Xcode/DerivedData/ModuleCache.noindex/Session.modulevalidation -fmodules-validate-once-per-build-session -Wnon-modular-include-in-framework-module -Werror\=non-modular-include-in-framework-module -Wno-trigraphs -Wno-missing-field-initializers -Wno-missing-prototypes -Wno-return-type -Wno-implicit-atomic-properties -Wno-objc-interface-ivars -Wno-arc-repeated-use-of-weak -Wno-missing-braces -Wparentheses -Wswitch -Wno-unused-function -Wno-unused-label -Wno-unused-parameter -Wno-unused-variable -Wunused-value -Wno-empty-body -Wno-uninitialized -Wno-unknown-pragmas -w -Wno-shadow -Wno-four-char-constants -Wno-conversion -Wno-constant-conversion -Wno-int-conversion -Wno-bool-conversion -Wno-enum-conversion -Wno-float-conversion -Wno-non-literal-null-conversion -Wno-objc-literal-conversion -Wshorten-64-to-32 -Wpointer-sign -Wno-newline-eof -Wno-selector -Wno-strict-selector-match -Wno-undeclared-selector -Wno-deprecated-implementations -Wno-implicit-fallthrough -fstrict-aliasing -Wprotocol -Wdeprecated-declarations -Wno-sign-conversion -Wno-infinite-recursion -Wno-comma -Wno-block-capture-autoreleasing -Wno-strict-prototypes -Wno-semicolon-before-method-body -index-store-path /Users/hectorgarcia/Library/Developer/Xcode/DerivedData/Lyo-eagkiegzrakogpczynhkaholsscs/Index.noindex/DataStore @/Users/hectorgarcia/Library/Developer/Xcode/DerivedData/Build/Intermediates.noindex/Firebase.build/Debug-iphonesimulator/FirebaseCore.build/Objects-normal/x86_64/e6072d4f65d7061329687fe24e3d63a7-common-args.resp -include /Users/hectorgarcia/Library/Developer/Xcode/DerivedData/Build/Intermediates.noindex/Firebase.build/Debug-iphonesimulator/FirebaseCore.build/DerivedSources/resource_bundle_accessor.h -MMD -MT dependencies -MF /Users/hectorgarcia/Library/Developer/Xcode/DerivedData/Build/Intermediates.noindex/Firebase.build/Debug-iphonesimulator/FirebaseCore.build/Objects-normal/x86_64/FIRLogger.d --serialize-diagnostics /Users/hectorgarcia/Library/Developer/Xcode/DerivedData/Build/Intermediates.noindex/Firebase.build/Debug-iphonesimulator/FirebaseCore.build/Objects-normal/x86_64/FIRLogger.dia -c /Users/hectorgarcia/Library/Developer/Xcode/DerivedData/Lyo-eagkiegzrakogpczynhkaholsscs/SourcePackages/checkouts/firebase-ios-sdk/FirebaseCore/Sources/FIRLogger.m -o /Users/hectorgarcia/Library/Developer/Xcode/DerivedData/Build/Intermediates.noindex/Firebase.build/Debug-iphonesimulator/FirebaseCore.build/Objects-normal/x86_64/FIRLogger.o -index-unit-output-path /Firebase.build/Debug-iphonesimulator/FirebaseCore.build/Objects-normal/x86_64/FIRLogger.o

CompileC /Users/hectorgarcia/Library/Developer/Xcode/DerivedData/Build/Intermediates.noindex/Firebase.build/Debug-iphonesimulator/FirebaseCore.build/Objects-normal/x86_64/FIRFirebaseUserAgent.o /Users/hectorgarcia/Library/Developer/Xcode/DerivedData/Lyo-eagkiegzrakogpczynhkaholsscs/SourcePackages/checkouts/firebase-ios-sdk/FirebaseCore/Sources/FIRFirebaseUserAgent.m normal x86_64 objective-c com.apple.compilers.llvm.clang.1_0.compiler (in target 'FirebaseCore' from project 'Firebase')
    cd /Users/hectorgarcia/LYO_Da_ONE/Lyo.xcodeproj
    
    Using response file: /Users/hectorgarcia/Library/Developer/Xcode/DerivedData/Build/Intermediates.noindex/Firebase.build/Debug-iphonesimulator/FirebaseCore.build/Objects-normal/x86_64/e6072d4f65d7061329687fe24e3d63a7-common-args.resp
    
    /Users/hectorgarcia/Downloads/Xcode.app/Contents/Developer/Toolchains/XcodeDefault.xctoolchain/usr/bin/clang -x objective-c -ivfsstatcache /Users/hectorgarcia/Library/Developer/Xcode/DerivedData/SDKStatCaches.noindex/iphonesimulator26.2-23C53-823d3e8b6e60bc2018c189d3ca05ba9b.sdkstatcache -fmessage-length\=0 -fdiagnostics-show-note-include-stack -fmacro-backtrace-limit\=0 -fno-color-diagnostics -fmodules-prune-interval\=86400 -fmodules-prune-after\=345600 -fbuild-session-file\=/Users/hectorgarcia/Library/Developer/Xcode/DerivedData/ModuleCache.noindex/Session.modulevalidation -fmodules-validate-once-per-build-session -Wnon-modular-include-in-framework-module -Werror\=non-modular-include-in-framework-module -Wno-trigraphs -Wno-missing-field-initializers -Wno-missing-prototypes -Wno-return-type -Wno-implicit-atomic-properties -Wno-objc-interface-ivars -Wno-arc-repeated-use-of-weak -Wno-missing-braces -Wparentheses -Wswitch -Wno-unused-function -Wno-unused-label -Wno-unused-parameter -Wno-unused-variable -Wunused-value -Wno-empty-body -Wno-uninitialized -Wno-unknown-pragmas -w -Wno-shadow -Wno-four-char-constants -Wno-conversion -Wno-constant-conversion -Wno-int-conversion -Wno-bool-conversion -Wno-enum-conversion -Wno-float-conversion -Wno-non-literal-null-conversion -Wno-objc-literal-conversion -Wshorten-64-to-32 -Wpointer-sign -Wno-newline-eof -Wno-selector -Wno-strict-selector-match -Wno-undeclared-selector -Wno-deprecated-implementations -Wno-implicit-fallthrough -fstrict-aliasing -Wprotocol -Wdeprecated-declarations -Wno-sign-conversion -Wno-infinite-recursion -Wno-comma -Wno-block-capture-autoreleasing -Wno-strict-prototypes -Wno-semicolon-before-method-body -index-store-path /Users/hectorgarcia/Library/Developer/Xcode/DerivedData/Lyo-eagkiegzrakogpczynhkaholsscs/Index.noindex/DataStore @/Users/hectorgarcia/Library/Developer/Xcode/DerivedData/Build/Intermediates.noindex/Firebase.build/Debug-iphonesimulator/FirebaseCore.build/Objects-normal/x86_64/e6072d4f65d7061329687fe24e3d63a7-common-args.resp -include /Users/hectorgarcia/Library/Developer/Xcode/DerivedData/Build/Intermediates.noindex/Firebase.build/Debug-iphonesimulator/FirebaseCore.build/DerivedSources/resource_bundle_accessor.h -MMD -MT dependencies -MF /Users/hectorgarcia/Library/Developer/Xcode/DerivedData/Build/Intermediates.noindex/Firebase.build/Debug-iphonesimulator/FirebaseCore.build/Objects-normal/x86_64/FIRFirebaseUserAgent.d --serialize-diagnostics /Users/hectorgarcia/Library/Developer/Xcode/DerivedData/Build/Intermediates.noindex/Firebase.build/Debug-iphonesimulator/FirebaseCore.build/Objects-normal/x86_64/FIRFirebaseUserAgent.dia -c /Users/hectorgarcia/Library/Developer/Xcode/DerivedData/Lyo-eagkiegzrakogpczynhkaholsscs/SourcePackages/checkouts/firebase-ios-sdk/FirebaseCore/Sources/FIRFirebaseUserAgent.m -o /Users/hectorgarcia/Library/Developer/Xcode/DerivedData/Build/Intermediates.noindex/Firebase.build/Debug-iphonesimulator/FirebaseCore.build/Objects-normal/x86_64/FIRFirebaseUserAgent.o -index-unit-output-path /Firebase.build/Debug-iphonesimulator/FirebaseCore.build/Objects-normal/x86_64/FIRFirebaseUserAgent.o

CompileC /Users/hectorgarcia/Library/Developer/Xcode/DerivedData/Build/Intermediates.noindex/Firebase.build/Debug-iphonesimulator/FirebaseCore.build/Objects-normal/x86_64/FIRBundleUtil.o /Users/hectorgarcia/Library/Developer/Xcode/DerivedData/Lyo-eagkiegzrakogpczynhkaholsscs/SourcePackages/checkouts/firebase-ios-sdk/FirebaseCore/Sources/FIRBundleUtil.m normal x86_64 objective-c com.apple.compilers.llvm.clang.1_0.compiler (in target 'FirebaseCore' from project 'Firebase')
    cd /Users/hectorgarcia/LYO_Da_ONE/Lyo.xcodeproj
    
    Using response file: /Users/hectorgarcia/Library/Developer/Xcode/DerivedData/Build/Intermediates.noindex/Firebase.build/Debug-iphonesimulator/FirebaseCore.build/Objects-normal/x86_64/e6072d4f65d7061329687fe24e3d63a7-common-args.resp
    
    /Users/hectorgarcia/Downloads/Xcode.app/Contents/Developer/Toolchains/XcodeDefault.xctoolchain/usr/bin/clang -x objective-c -ivfsstatcache /Users/hectorgarcia/Library/Developer/Xcode/DerivedData/SDKStatCaches.noindex/iphonesimulator26.2-23C53-823d3e8b6e60bc2018c189d3ca05ba9b.sdkstatcache -fmessage-length\=0 -fdiagnostics-show-note-include-stack -fmacro-backtrace-limit\=0 -fno-color-diagnostics -fmodules-prune-interval\=86400 -fmodules-prune-after\=345600 -fbuild-session-file\=/Users/hectorgarcia/Library/Developer/Xcode/DerivedData/ModuleCache.noindex/Session.modulevalidation -fmodules-validate-once-per-build-session -Wnon-modular-include-in-framework-module -Werror\=non-modular-include-in-framework-module -Wno-trigraphs -Wno-missing-field-initializers -Wno-missing-prototypes -Wno-return-type -Wno-implicit-atomic-properties -Wno-objc-interface-ivars -Wno-arc-repeated-use-of-weak -Wno-missing-braces -Wparentheses -Wswitch -Wno-unused-function -Wno-unused-label -Wno-unused-parameter -Wno-unused-variable -Wunused-value -Wno-empty-body -Wno-uninitialized -Wno-unknown-pragmas -w -Wno-shadow -Wno-four-char-constants -Wno-conversion -Wno-constant-conversion -Wno-int-conversion -Wno-bool-conversion -Wno-enum-conversion -Wno-float-conversion -Wno-non-literal-null-conversion -Wno-objc-literal-conversion -Wshorten-64-to-32 -Wpointer-sign -Wno-newline-eof -Wno-selector -Wno-strict-selector-match -Wno-undeclared-selector -Wno-deprecated-implementations -Wno-implicit-fallthrough -fstrict-aliasing -Wprotocol -Wdeprecated-declarations -Wno-sign-conversion -Wno-infinite-recursion -Wno-comma -Wno-block-capture-autoreleasing -Wno-strict-prototypes -Wno-semicolon-before-method-body -index-store-path /Users/hectorgarcia/Library/Developer/Xcode/DerivedData/Lyo-eagkiegzrakogpczynhkaholsscs/Index.noindex/DataStore @/Users/hectorgarcia/Library/Developer/Xcode/DerivedData/Build/Intermediates.noindex/Firebase.build/Debug-iphonesimulator/FirebaseCore.build/Objects-normal/x86_64/e6072d4f65d7061329687fe24e3d63a7-common-args.resp -include /Users/hectorgarcia/Library/Developer/Xcode/DerivedData/Build/Intermediates.noindex/Firebase.build/Debug-iphonesimulator/FirebaseCore.build/DerivedSources/resource_bundle_accessor.h -MMD -MT dependencies -MF /Users/hectorgarcia/Library/Developer/Xcode/DerivedData/Build/Intermediates.noindex/Firebase.build/Debug-iphonesimulator/FirebaseCore.build/Objects-normal/x86_64/FIRBundleUtil.d --serialize-diagnostics /Users/hectorgarcia/Library/Developer/Xcode/DerivedData/Build/Intermediates.noindex/Firebase.build/Debug-iphonesimulator/FirebaseCore.build/Objects-normal/x86_64/FIRBundleUtil.dia -c /Users/hectorgarcia/Library/Developer/Xcode/DerivedData/Lyo-eagkiegzrakogpczynhkaholsscs/SourcePackages/checkouts/firebase-ios-sdk/FirebaseCore/Sources/FIRBundleUtil.m -o /Users/hectorgarcia/Library/Developer/Xcode/DerivedData/Build/Intermediates.noindex/Firebase.build/Debug-iphonesimulator/FirebaseCore.build/Objects-normal/x86_64/FIRBundleUtil.o -index-unit-output-path /Firebase.build/Debug-iphonesimulator/FirebaseCore.build/Objects-normal/x86_64/FIRBundleUtil.o

PrecompileModule /Users/hectorgarcia/Library/Developer/Xcode/DerivedData/Build/Intermediates.noindex/ExplicitPrecompiledModules/Metal-6TOG0RNLVRG2EY0C8WAZ0SQFR.scan
    cd /
    builtin-precompileModule /Users/hectorgarcia/Library/Developer/Xcode/DerivedData/Build/Intermediates.noindex/ExplicitPrecompiledModules/Metal-6TOG0RNLVRG2EY0C8WAZ0SQFR.scan

PrecompileModule /Users/hectorgarcia/Library/Developer/Xcode/DerivedData/Build/Intermediates.noindex/ExplicitPrecompiledModules/OpenGLES-EP25H22XAC5D1YEP6EPNND39X.scan
    cd /
    builtin-precompileModule /Users/hectorgarcia/Library/Developer/Xcode/DerivedData/Build/Intermediates.noindex/ExplicitPrecompiledModules/OpenGLES-EP25H22XAC5D1YEP6EPNND39X.scan

PrecompileModule /Users/hectorgarcia/Library/Developer/Xcode/DerivedData/Build/Intermediates.noindex/ExplicitPrecompiledModules/_Builtin_tgmath-513RYRMTZ9F95X4IL34WOIZDS.scan
    cd /
    builtin-precompileModule /Users/hectorgarcia/Library/Developer/Xcode/DerivedData/Build/Intermediates.noindex/ExplicitPrecompiledModules/_Builtin_tgmath-513RYRMTZ9F95X4IL34WOIZDS.scan

PrecompileModule /Users/hectorgarcia/Library/Developer/Xcode/DerivedData/Build/Intermediates.noindex/ExplicitPrecompiledModules/AVRouting-8K8M65J5ISFD7CBK220URD9AV.scan
    cd /
    builtin-precompileModule /Users/hectorgarcia/Library/Developer/Xcode/DerivedData/Build/Intermediates.noindex/ExplicitPrecompiledModules/AVRouting-8K8M65J5ISFD7CBK220URD9AV.scan

PrecompileModule /Users/hectorgarcia/Library/Developer/Xcode/DerivedData/Build/Intermediates.noindex/ExplicitPrecompiledModules/GameController-9733BTU936QPTH6XX9H9PSBK1.scan
    cd /
    builtin-precompileModule /Users/hectorgarcia/Library/Developer/Xcode/DerivedData/Build/Intermediates.noindex/ExplicitPrecompiledModules/GameController-9733BTU936QPTH6XX9H9PSBK1.scan

ScanDependencies /Users/hectorgarcia/Library/Developer/Xcode/DerivedData/Build/Intermediates.noindex/Firebase.build/Debug-iphonesimulator/FirebaseAuth.build/Objects-normal/x86_64/FIRFacebookAuthProvider.o /Users/hectorgarcia/Library/Developer/Xcode/DerivedData/Lyo-eagkiegzrakogpczynhkaholsscs/SourcePackages/checkouts/firebase-ios-sdk/FirebaseAuth/Sources/AuthProvider/Facebook/FIRFacebookAuthProvider.m normal x86_64 objective-c com.apple.compilers.llvm.clang.1_0.compiler (in target 'FirebaseAuth' from project 'Firebase')
    cd /Users/hectorgarcia/LYO_Da_ONE/Lyo.xcodeproj
    
    Using response file: /Users/hectorgarcia/Library/Developer/Xcode/DerivedData/Build/Intermediates.noindex/Firebase.build/Debug-iphonesimulator/FirebaseAuth.build/Objects-normal/x86_64/e6072d4f65d7061329687fe24e3d63a7-common-args.resp
    
    builtin-ScanDependencies -o /Users/hectorgarcia/Library/Developer/Xcode/DerivedData/Build/Intermediates.noindex/Firebase.build/Debug-iphonesimulator/FirebaseAuth.build/Objects-normal/x86_64/FIRFacebookAuthProvider.o.scan -- /Users/hectorgarcia/Downloads/Xcode.app/Contents/Developer/Toolchains/XcodeDefault.xctoolchain/usr/bin/clang -x objective-c -ivfsstatcache /Users/hectorgarcia/Library/Developer/Xcode/DerivedData/SDKStatCaches.noindex/iphonesimulator26.2-23C53-823d3e8b6e60bc2018c189d3ca05ba9b.sdkstatcache -fmessage-length\=0 -fdiagnostics-show-note-include-stack -fmacro-backtrace-limit\=0 -fno-color-diagnostics -fmodules-prune-interval\=86400 -fmodules-prune-after\=345600 -fbuild-session-file\=/Users/hectorgarcia/Library/Developer/Xcode/DerivedData/ModuleCache.noindex/Session.modulevalidation -fmodules-validate-once-per-build-session -Wnon-modular-include-in-framework-module -Werror\=non-modular-include-in-framework-module -Wno-trigraphs -Wno-missing-field-initializers -Wno-missing-prototypes -Wno-return-type -Wno-implicit-atomic-properties -Wno-objc-interface-ivars -Wno-arc-repeated-use-of-weak -Wno-missing-braces -Wparentheses -Wswitch -Wno-unused-function -Wno-unused-label -Wno-unused-parameter -Wno-unused-variable -Wunused-value -Wno-empty-body -Wno-uninitialized -Wno-unknown-pragmas -w -Wno-shadow -Wno-four-char-constants -Wno-conversion -Wno-constant-conversion -Wno-int-conversion -Wno-bool-conversion -Wno-enum-conversion -Wno-float-conversion -Wno-non-literal-null-conversion -Wno-objc-literal-conversion -Wshorten-64-to-32 -Wpointer-sign -Wno-newline-eof -Wno-selector -Wno-strict-selector-match -Wno-undeclared-selector -Wno-deprecated-implementations -Wno-implicit-fallthrough -fstrict-aliasing -Wprotocol -Wdeprecated-declarations -Wno-sign-conversion -Wno-infinite-recursion -Wno-comma -Wno-block-capture-autoreleasing -Wno-strict-prototypes -Wno-semicolon-before-method-body -index-store-path /Users/hectorgarcia/Library/Developer/Xcode/DerivedData/Lyo-eagkiegzrakogpczynhkaholsscs/Index.noindex/DataStore @/Users/hectorgarcia/Library/Developer/Xcode/DerivedData/Build/Intermediates.noindex/Firebase.build/Debug-iphonesimulator/FirebaseAuth.build/Objects-normal/x86_64/e6072d4f65d7061329687fe24e3d63a7-common-args.resp -include /Users/hectorgarcia/Library/Developer/Xcode/DerivedData/Build/Intermediates.noindex/Firebase.build/Debug-iphonesimulator/FirebaseAuth.build/DerivedSources/resource_bundle_accessor.h -MMD -MT dependencies -MF /Users/hectorgarcia/Library/Developer/Xcode/DerivedData/Build/Intermediates.noindex/Firebase.build/Debug-iphonesimulator/FirebaseAuth.build/Objects-normal/x86_64/FIRFacebookAuthProvider.d --serialize-diagnostics /Users/hectorgarcia/Library/Developer/Xcode/DerivedData/Build/Intermediates.noindex/Firebase.build/Debug-iphonesimulator/FirebaseAuth.build/Objects-normal/x86_64/FIRFacebookAuthProvider.dia -c /Users/hectorgarcia/Library/Developer/Xcode/DerivedData/Lyo-eagkiegzrakogpczynhkaholsscs/SourcePackages/checkouts/firebase-ios-sdk/FirebaseAuth/Sources/AuthProvider/Facebook/FIRFacebookAuthProvider.m -o /Users/hectorgarcia/Library/Developer/Xcode/DerivedData/Build/Intermediates.noindex/Firebase.build/Debug-iphonesimulator/FirebaseAuth.build/Objects-normal/x86_64/FIRFacebookAuthProvider.o -index-unit-output-path /Firebase.build/Debug-iphonesimulator/FirebaseAuth.build/Objects-normal/x86_64/FIRFacebookAuthProvider.o

ScanDependencies /Users/hectorgarcia/Library/Developer/Xcode/DerivedData/Build/Intermediates.noindex/Firebase.build/Debug-iphonesimulator/FirebaseAuth.build/Objects-normal/x86_64/FIRFacebookAuthCredential.o /Users/hectorgarcia/Library/Developer/Xcode/DerivedData/Lyo-eagkiegzrakogpczynhkaholsscs/SourcePackages/checkouts/firebase-ios-sdk/FirebaseAuth/Sources/AuthProvider/Facebook/FIRFacebookAuthCredential.m normal x86_64 objective-c com.apple.compilers.llvm.clang.1_0.compiler (in target 'FirebaseAuth' from project 'Firebase')
    cd /Users/hectorgarcia/LYO_Da_ONE/Lyo.xcodeproj
    
    Using response file: /Users/hectorgarcia/Library/Developer/Xcode/DerivedData/Build/Intermediates.noindex/Firebase.build/Debug-iphonesimulator/FirebaseAuth.build/Objects-normal/x86_64/e6072d4f65d7061329687fe24e3d63a7-common-args.resp
    
    builtin-ScanDependencies -o /Users/hectorgarcia/Library/Developer/Xcode/DerivedData/Build/Intermediates.noindex/Firebase.build/Debug-iphonesimulator/FirebaseAuth.build/Objects-normal/x86_64/FIRFacebookAuthCredential.o.scan -- /Users/hectorgarcia/Downloads/Xcode.app/Contents/Developer/Toolchains/XcodeDefault.xctoolchain/usr/bin/clang -x objective-c -ivfsstatcache /Users/hectorgarcia/Library/Developer/Xcode/DerivedData/SDKStatCaches.noindex/iphonesimulator26.2-23C53-823d3e8b6e60bc2018c189d3ca05ba9b.sdkstatcache -fmessage-length\=0 -fdiagnostics-show-note-include-stack -fmacro-backtrace-limit\=0 -fno-color-diagnostics -fmodules-prune-interval\=86400 -fmodules-prune-after\=345600 -fbuild-session-file\=/Users/hectorgarcia/Library/Developer/Xcode/DerivedData/ModuleCache.noindex/Session.modulevalidation -fmodules-validate-once-per-build-session -Wnon-modular-include-in-framework-module -Werror\=non-modular-include-in-framework-module -Wno-trigraphs -Wno-missing-field-initializers -Wno-missing-prototypes -Wno-return-type -Wno-implicit-atomic-properties -Wno-objc-interface-ivars -Wno-arc-repeated-use-of-weak -Wno-missing-braces -Wparentheses -Wswitch -Wno-unused-function -Wno-unused-label -Wno-unused-parameter -Wno-unused-variable -Wunused-value -Wno-empty-body -Wno-uninitialized -Wno-unknown-pragmas -w -Wno-shadow -Wno-four-char-constants -Wno-conversion -Wno-constant-conversion -Wno-int-conversion -Wno-bool-conversion -Wno-enum-conversion -Wno-float-conversion -Wno-non-literal-null-conversion -Wno-objc-literal-conversion -Wshorten-64-to-32 -Wpointer-sign -Wno-newline-eof -Wno-selector -Wno-strict-selector-match -Wno-undeclared-selector -Wno-deprecated-implementations -Wno-implicit-fallthrough -fstrict-aliasing -Wprotocol -Wdeprecated-declarations -Wno-sign-conversion -Wno-infinite-recursion -Wno-comma -Wno-block-capture-autoreleasing -Wno-strict-prototypes -Wno-semicolon-before-method-body -index-store-path /Users/hectorgarcia/Library/Developer/Xcode/DerivedData/Lyo-eagkiegzrakogpczynhkaholsscs/Index.noindex/DataStore @/Users/hectorgarcia/Library/Developer/Xcode/DerivedData/Build/Intermediates.noindex/Firebase.build/Debug-iphonesimulator/FirebaseAuth.build/Objects-normal/x86_64/e6072d4f65d7061329687fe24e3d63a7-common-args.resp -include /Users/hectorgarcia/Library/Developer/Xcode/DerivedData/Build/Intermediates.noindex/Firebase.build/Debug-iphonesimulator/FirebaseAuth.build/DerivedSources/resource_bundle_accessor.h -MMD -MT dependencies -MF /Users/hectorgarcia/Library/Developer/Xcode/DerivedData/Build/Intermediates.noindex/Firebase.build/Debug-iphonesimulator/FirebaseAuth.build/Objects-normal/x86_64/FIRFacebookAuthCredential.d --serialize-diagnostics /Users/hectorgarcia/Library/Developer/Xcode/DerivedData/Build/Intermediates.noindex/Firebase.build/Debug-iphonesimulator/FirebaseAuth.build/Objects-normal/x86_64/FIRFacebookAuthCredential.dia -c /Users/hectorgarcia/Library/Developer/Xcode/DerivedData/Lyo-eagkiegzrakogpczynhkaholsscs/SourcePackages/checkouts/firebase-ios-sdk/FirebaseAuth/Sources/AuthProvider/Facebook/FIRFacebookAuthCredential.m -o /Users/hectorgarcia/Library/Developer/Xcode/DerivedData/Build/Intermediates.noindex/Firebase.build/Debug-iphonesimulator/FirebaseAuth.build/Objects-normal/x86_64/FIRFacebookAuthCredential.o -index-unit-output-path /Firebase.build/Debug-iphonesimulator/FirebaseAuth.build/Objects-normal/x86_64/FIRFacebookAuthCredential.o

CompileC /Users/hectorgarcia/Library/Developer/Xcode/DerivedData/Build/Intermediates.noindex/Firebase.build/Debug-iphonesimulator/FirebaseAuth.build/Objects-normal/x86_64/FIRFacebookAuthProvider.o /Users/hectorgarcia/Library/Developer/Xcode/DerivedData/Lyo-eagkiegzrakogpczynhkaholsscs/SourcePackages/checkouts/firebase-ios-sdk/FirebaseAuth/Sources/AuthProvider/Facebook/FIRFacebookAuthProvider.m normal x86_64 objective-c com.apple.compilers.llvm.clang.1_0.compiler (in target 'FirebaseAuth' from project 'Firebase')
    cd /Users/hectorgarcia/LYO_Da_ONE/Lyo.xcodeproj
    
    Using response file: /Users/hectorgarcia/Library/Developer/Xcode/DerivedData/Build/Intermediates.noindex/Firebase.build/Debug-iphonesimulator/FirebaseAuth.build/Objects-normal/x86_64/e6072d4f65d7061329687fe24e3d63a7-common-args.resp
    
    /Users/hectorgarcia/Downloads/Xcode.app/Contents/Developer/Toolchains/XcodeDefault.xctoolchain/usr/bin/clang -x objective-c -ivfsstatcache /Users/hectorgarcia/Library/Developer/Xcode/DerivedData/SDKStatCaches.noindex/iphonesimulator26.2-23C53-823d3e8b6e60bc2018c189d3ca05ba9b.sdkstatcache -fmessage-length\=0 -fdiagnostics-show-note-include-stack -fmacro-backtrace-limit\=0 -fno-color-diagnostics -fmodules-prune-interval\=86400 -fmodules-prune-after\=345600 -fbuild-session-file\=/Users/hectorgarcia/Library/Developer/Xcode/DerivedData/ModuleCache.noindex/Session.modulevalidation -fmodules-validate-once-per-build-session -Wnon-modular-include-in-framework-module -Werror\=non-modular-include-in-framework-module -Wno-trigraphs -Wno-missing-field-initializers -Wno-missing-prototypes -Wno-return-type -Wno-implicit-atomic-properties -Wno-objc-interface-ivars -Wno-arc-repeated-use-of-weak -Wno-missing-braces -Wparentheses -Wswitch -Wno-unused-function -Wno-unused-label -Wno-unused-parameter -Wno-unused-variable -Wunused-value -Wno-empty-body -Wno-uninitialized -Wno-unknown-pragmas -w -Wno-shadow -Wno-four-char-constants -Wno-conversion -Wno-constant-conversion -Wno-int-conversion -Wno-bool-conversion -Wno-enum-conversion -Wno-float-conversion -Wno-non-literal-null-conversion -Wno-objc-literal-conversion -Wshorten-64-to-32 -Wpointer-sign -Wno-newline-eof -Wno-selector -Wno-strict-selector-match -Wno-undeclared-selector -Wno-deprecated-implementations -Wno-implicit-fallthrough -fstrict-aliasing -Wprotocol -Wdeprecated-declarations -Wno-sign-conversion -Wno-infinite-recursion -Wno-comma -Wno-block-capture-autoreleasing -Wno-strict-prototypes -Wno-semicolon-before-method-body -index-store-path /Users/hectorgarcia/Library/Developer/Xcode/DerivedData/Lyo-eagkiegzrakogpczynhkaholsscs/Index.noindex/DataStore @/Users/hectorgarcia/Library/Developer/Xcode/DerivedData/Build/Intermediates.noindex/Firebase.build/Debug-iphonesimulator/FirebaseAuth.build/Objects-normal/x86_64/e6072d4f65d7061329687fe24e3d63a7-common-args.resp -include /Users/hectorgarcia/Library/Developer/Xcode/DerivedData/Build/Intermediates.noindex/Firebase.build/Debug-iphonesimulator/FirebaseAuth.build/DerivedSources/resource_bundle_accessor.h -MMD -MT dependencies -MF /Users/hectorgarcia/Library/Developer/Xcode/DerivedData/Build/Intermediates.noindex/Firebase.build/Debug-iphonesimulator/FirebaseAuth.build/Objects-normal/x86_64/FIRFacebookAuthProvider.d --serialize-diagnostics /Users/hectorgarcia/Library/Developer/Xcode/DerivedData/Build/Intermediates.noindex/Firebase.build/Debug-iphonesimulator/FirebaseAuth.build/Objects-normal/x86_64/FIRFacebookAuthProvider.dia -c /Users/hectorgarcia/Library/Developer/Xcode/DerivedData/Lyo-eagkiegzrakogpczynhkaholsscs/SourcePackages/checkouts/firebase-ios-sdk/FirebaseAuth/Sources/AuthProvider/Facebook/FIRFacebookAuthProvider.m -o /Users/hectorgarcia/Library/Developer/Xcode/DerivedData/Build/Intermediates.noindex/Firebase.build/Debug-iphonesimulator/FirebaseAuth.build/Objects-normal/x86_64/FIRFacebookAuthProvider.o -index-unit-output-path /Firebase.build/Debug-iphonesimulator/FirebaseAuth.build/Objects-normal/x86_64/FIRFacebookAuthProvider.o

PrecompileModule /Users/hectorgarcia/Library/Developer/Xcode/DerivedData/Build/Intermediates.noindex/ExplicitPrecompiledModules/MediaToolbox-6VTGOVMH7MA3E8POYU5822N0Q.scan
    cd /
    builtin-precompileModule /Users/hectorgarcia/Library/Developer/Xcode/DerivedData/Build/Intermediates.noindex/ExplicitPrecompiledModules/MediaToolbox-6VTGOVMH7MA3E8POYU5822N0Q.scan

CompileC /Users/hectorgarcia/Library/Developer/Xcode/DerivedData/Build/Intermediates.noindex/Firebase.build/Debug-iphonesimulator/FirebaseAuth.build/Objects-normal/x86_64/FIRFacebookAuthCredential.o /Users/hectorgarcia/Library/Developer/Xcode/DerivedData/Lyo-eagkiegzrakogpczynhkaholsscs/SourcePackages/checkouts/firebase-ios-sdk/FirebaseAuth/Sources/AuthProvider/Facebook/FIRFacebookAuthCredential.m normal x86_64 objective-c com.apple.compilers.llvm.clang.1_0.compiler (in target 'FirebaseAuth' from project 'Firebase')
    cd /Users/hectorgarcia/LYO_Da_ONE/Lyo.xcodeproj
    
    Using response file: /Users/hectorgarcia/Library/Developer/Xcode/DerivedData/Build/Intermediates.noindex/Firebase.build/Debug-iphonesimulator/FirebaseAuth.build/Objects-normal/x86_64/e6072d4f65d7061329687fe24e3d63a7-common-args.resp
    
    /Users/hectorgarcia/Downloads/Xcode.app/Contents/Developer/Toolchains/XcodeDefault.xctoolchain/usr/bin/clang -x objective-c -ivfsstatcache /Users/hectorgarcia/Library/Developer/Xcode/DerivedData/SDKStatCaches.noindex/iphonesimulator26.2-23C53-823d3e8b6e60bc2018c189d3ca05ba9b.sdkstatcache -fmessage-length\=0 -fdiagnostics-show-note-include-stack -fmacro-backtrace-limit\=0 -fno-color-diagnostics -fmodules-prune-interval\=86400 -fmodules-prune-after\=345600 -fbuild-session-file\=/Users/hectorgarcia/Library/Developer/Xcode/DerivedData/ModuleCache.noindex/Session.modulevalidation -fmodules-validate-once-per-build-session -Wnon-modular-include-in-framework-module -Werror\=non-modular-include-in-framework-module -Wno-trigraphs -Wno-missing-field-initializers -Wno-missing-prototypes -Wno-return-type -Wno-implicit-atomic-properties -Wno-objc-interface-ivars -Wno-arc-repeated-use-of-weak -Wno-missing-braces -Wparentheses -Wswitch -Wno-unused-function -Wno-unused-label -Wno-unused-parameter -Wno-unused-variable -Wunused-value -Wno-empty-body -Wno-uninitialized -Wno-unknown-pragmas -w -Wno-shadow -Wno-four-char-constants -Wno-conversion -Wno-constant-conversion -Wno-int-conversion -Wno-bool-conversion -Wno-enum-conversion -Wno-float-conversion -Wno-non-literal-null-conversion -Wno-objc-literal-conversion -Wshorten-64-to-32 -Wpointer-sign -Wno-newline-eof -Wno-selector -Wno-strict-selector-match -Wno-undeclared-selector -Wno-deprecated-implementations -Wno-implicit-fallthrough -fstrict-aliasing -Wprotocol -Wdeprecated-declarations -Wno-sign-conversion -Wno-infinite-recursion -Wno-comma -Wno-block-capture-autoreleasing -Wno-strict-prototypes -Wno-semicolon-before-method-body -index-store-path /Users/hectorgarcia/Library/Developer/Xcode/DerivedData/Lyo-eagkiegzrakogpczynhkaholsscs/Index.noindex/DataStore @/Users/hectorgarcia/Library/Developer/Xcode/DerivedData/Build/Intermediates.noindex/Firebase.build/Debug-iphonesimulator/FirebaseAuth.build/Objects-normal/x86_64/e6072d4f65d7061329687fe24e3d63a7-common-args.resp -include /Users/hectorgarcia/Library/Developer/Xcode/DerivedData/Build/Intermediates.noindex/Firebase.build/Debug-iphonesimulator/FirebaseAuth.build/DerivedSources/resource_bundle_accessor.h -MMD -MT dependencies -MF /Users/hectorgarcia/Library/Developer/Xcode/DerivedData/Build/Intermediates.noindex/Firebase.build/Debug-iphonesimulator/FirebaseAuth.build/Objects-normal/x86_64/FIRFacebookAuthCredential.d --serialize-diagnostics /Users/hectorgarcia/Library/Developer/Xcode/DerivedData/Build/Intermediates.noindex/Firebase.build/Debug-iphonesimulator/FirebaseAuth.build/Objects-normal/x86_64/FIRFacebookAuthCredential.dia -c /Users/hectorgarcia/Library/Developer/Xcode/DerivedData/Lyo-eagkiegzrakogpczynhkaholsscs/SourcePackages/checkouts/firebase-ios-sdk/FirebaseAuth/Sources/AuthProvider/Facebook/FIRFacebookAuthCredential.m -o /Users/hectorgarcia/Library/Developer/Xcode/DerivedData/Build/Intermediates.noindex/Firebase.build/Debug-iphonesimulator/FirebaseAuth.build/Objects-normal/x86_64/FIRFacebookAuthCredential.o -index-unit-output-path /Firebase.build/Debug-iphonesimulator/FirebaseAuth.build/Objects-normal/x86_64/FIRFacebookAuthCredential.o

PrecompileModule /Users/hectorgarcia/Library/Developer/Xcode/DerivedData/Build/Intermediates.noindex/ExplicitPrecompiledModules/AVFAudio-3J2JFLI016PKJO58YZDS993XG.scan
    cd /
    builtin-precompileModule /Users/hectorgarcia/Library/Developer/Xcode/DerivedData/Build/Intermediates.noindex/ExplicitPrecompiledModules/AVFAudio-3J2JFLI016PKJO58YZDS993XG.scan

ScanDependencies /Users/hectorgarcia/Library/Developer/Xcode/DerivedData/Build/Intermediates.noindex/Firebase.build/Debug-iphonesimulator/FirebaseAuth.build/Objects-normal/x86_64/FIREmailPasswordAuthCredential.o /Users/hectorgarcia/Library/Developer/Xcode/DerivedData/Lyo-eagkiegzrakogpczynhkaholsscs/SourcePackages/checkouts/firebase-ios-sdk/FirebaseAuth/Sources/AuthProvider/Email/FIREmailPasswordAuthCredential.m normal x86_64 objective-c com.apple.compilers.llvm.clang.1_0.compiler (in target 'FirebaseAuth' from project 'Firebase')
    cd /Users/hectorgarcia/LYO_Da_ONE/Lyo.xcodeproj
    
    Using response file: /Users/hectorgarcia/Library/Developer/Xcode/DerivedData/Build/Intermediates.noindex/Firebase.build/Debug-iphonesimulator/FirebaseAuth.build/Objects-normal/x86_64/e6072d4f65d7061329687fe24e3d63a7-common-args.resp
    
    builtin-ScanDependencies -o /Users/hectorgarcia/Library/Developer/Xcode/DerivedData/Build/Intermediates.noindex/Firebase.build/Debug-iphonesimulator/FirebaseAuth.build/Objects-normal/x86_64/FIREmailPasswordAuthCredential.o.scan -- /Users/hectorgarcia/Downloads/Xcode.app/Contents/Developer/Toolchains/XcodeDefault.xctoolchain/usr/bin/clang -x objective-c -ivfsstatcache /Users/hectorgarcia/Library/Developer/Xcode/DerivedData/SDKStatCaches.noindex/iphonesimulator26.2-23C53-823d3e8b6e60bc2018c189d3ca05ba9b.sdkstatcache -fmessage-length\=0 -fdiagnostics-show-note-include-stack -fmacro-backtrace-limit\=0 -fno-color-diagnostics -fmodules-prune-interval\=86400 -fmodules-prune-after\=345600 -fbuild-session-file\=/Users/hectorgarcia/Library/Developer/Xcode/DerivedData/ModuleCache.noindex/Session.modulevalidation -fmodules-validate-once-per-build-session -Wnon-modular-include-in-framework-module -Werror\=non-modular-include-in-framework-module -Wno-trigraphs -Wno-missing-field-initializers -Wno-missing-prototypes -Wno-return-type -Wno-implicit-atomic-properties -Wno-objc-interface-ivars -Wno-arc-repeated-use-of-weak -Wno-missing-braces -Wparentheses -Wswitch -Wno-unused-function -Wno-unused-label -Wno-unused-parameter -Wno-unused-variable -Wunused-value -Wno-empty-body -Wno-uninitialized -Wno-unknown-pragmas -w -Wno-shadow -Wno-four-char-constants -Wno-conversion -Wno-constant-conversion -Wno-int-conversion -Wno-bool-conversion -Wno-enum-conversion -Wno-float-conversion -Wno-non-literal-null-conversion -Wno-objc-literal-conversion -Wshorten-64-to-32 -Wpointer-sign -Wno-newline-eof -Wno-selector -Wno-strict-selector-match -Wno-undeclared-selector -Wno-deprecated-implementations -Wno-implicit-fallthrough -fstrict-aliasing -Wprotocol -Wdeprecated-declarations -Wno-sign-conversion -Wno-infinite-recursion -Wno-comma -Wno-block-capture-autoreleasing -Wno-strict-prototypes -Wno-semicolon-before-method-body -index-store-path /Users/hectorgarcia/Library/Developer/Xcode/DerivedData/Lyo-eagkiegzrakogpczynhkaholsscs/Index.noindex/DataStore @/Users/hectorgarcia/Library/Developer/Xcode/DerivedData/Build/Intermediates.noindex/Firebase.build/Debug-iphonesimulator/FirebaseAuth.build/Objects-normal/x86_64/e6072d4f65d7061329687fe24e3d63a7-common-args.resp -include /Users/hectorgarcia/Library/Developer/Xcode/DerivedData/Build/Intermediates.noindex/Firebase.build/Debug-iphonesimulator/FirebaseAuth.build/DerivedSources/resource_bundle_accessor.h -MMD -MT dependencies -MF /Users/hectorgarcia/Library/Developer/Xcode/DerivedData/Build/Intermediates.noindex/Firebase.build/Debug-iphonesimulator/FirebaseAuth.build/Objects-normal/x86_64/FIREmailPasswordAuthCredential.d --serialize-diagnostics /Users/hectorgarcia/Library/Developer/Xcode/DerivedData/Build/Intermediates.noindex/Firebase.build/Debug-iphonesimulator/FirebaseAuth.build/Objects-normal/x86_64/FIREmailPasswordAuthCredential.dia -c /Users/hectorgarcia/Library/Developer/Xcode/DerivedData/Lyo-eagkiegzrakogpczynhkaholsscs/SourcePackages/checkouts/firebase-ios-sdk/FirebaseAuth/Sources/AuthProvider/Email/FIREmailPasswordAuthCredential.m -o /Users/hectorgarcia/Library/Developer/Xcode/DerivedData/Build/Intermediates.noindex/Firebase.build/Debug-iphonesimulator/FirebaseAuth.build/Objects-normal/x86_64/FIREmailPasswordAuthCredential.o -index-unit-output-path /Firebase.build/Debug-iphonesimulator/FirebaseAuth.build/Objects-normal/x86_64/FIREmailPasswordAuthCredential.o

ScanDependencies /Users/hectorgarcia/Library/Developer/Xcode/DerivedData/Build/Intermediates.noindex/Firebase.build/Debug-iphonesimulator/FirebaseAuth.build/Objects-normal/x86_64/FIREmailLinkSignInResponse.o /Users/hectorgarcia/Library/Developer/Xcode/DerivedData/Lyo-eagkiegzrakogpczynhkaholsscs/SourcePackages/checkouts/firebase-ios-sdk/FirebaseAuth/Sources/Backend/RPC/FIREmailLinkSignInResponse.m normal x86_64 objective-c com.apple.compilers.llvm.clang.1_0.compiler (in target 'FirebaseAuth' from project 'Firebase')
    cd /Users/hectorgarcia/LYO_Da_ONE/Lyo.xcodeproj
    
    Using response file: /Users/hectorgarcia/Library/Developer/Xcode/DerivedData/Build/Intermediates.noindex/Firebase.build/Debug-iphonesimulator/FirebaseAuth.build/Objects-normal/x86_64/e6072d4f65d7061329687fe24e3d63a7-common-args.resp
    
    builtin-ScanDependencies -o /Users/hectorgarcia/Library/Developer/Xcode/DerivedData/Build/Intermediates.noindex/Firebase.build/Debug-iphonesimulator/FirebaseAuth.build/Objects-normal/x86_64/FIREmailLinkSignInResponse.o.scan -- /Users/hectorgarcia/Downloads/Xcode.app/Contents/Developer/Toolchains/XcodeDefault.xctoolchain/usr/bin/clang -x objective-c -ivfsstatcache /Users/hectorgarcia/Library/Developer/Xcode/DerivedData/SDKStatCaches.noindex/iphonesimulator26.2-23C53-823d3e8b6e60bc2018c189d3ca05ba9b.sdkstatcache -fmessage-length\=0 -fdiagnostics-show-note-include-stack -fmacro-backtrace-limit\=0 -fno-color-diagnostics -fmodules-prune-interval\=86400 -fmodules-prune-after\=345600 -fbuild-session-file\=/Users/hectorgarcia/Library/Developer/Xcode/DerivedData/ModuleCache.noindex/Session.modulevalidation -fmodules-validate-once-per-build-session -Wnon-modular-include-in-framework-module -Werror\=non-modular-include-in-framework-module -Wno-trigraphs -Wno-missing-field-initializers -Wno-missing-prototypes -Wno-return-type -Wno-implicit-atomic-properties -Wno-objc-interface-ivars -Wno-arc-repeated-use-of-weak -Wno-missing-braces -Wparentheses -Wswitch -Wno-unused-function -Wno-unused-label -Wno-unused-parameter -Wno-unused-variable -Wunused-value -Wno-empty-body -Wno-uninitialized -Wno-unknown-pragmas -w -Wno-shadow -Wno-four-char-constants -Wno-conversion -Wno-constant-conversion -Wno-int-conversion -Wno-bool-conversion -Wno-enum-conversion -Wno-float-conversion -Wno-non-literal-null-conversion -Wno-objc-literal-conversion -Wshorten-64-to-32 -Wpointer-sign -Wno-newline-eof -Wno-selector -Wno-strict-selector-match -Wno-undeclared-selector -Wno-deprecated-implementations -Wno-implicit-fallthrough -fstrict-aliasing -Wprotocol -Wdeprecated-declarations -Wno-sign-conversion -Wno-infinite-recursion -Wno-comma -Wno-block-capture-autoreleasing -Wno-strict-prototypes -Wno-semicolon-before-method-body -index-store-path /Users/hectorgarcia/Library/Developer/Xcode/DerivedData/Lyo-eagkiegzrakogpczynhkaholsscs/Index.noindex/DataStore @/Users/hectorgarcia/Library/Developer/Xcode/DerivedData/Build/Intermediates.noindex/Firebase.build/Debug-iphonesimulator/FirebaseAuth.build/Objects-normal/x86_64/e6072d4f65d7061329687fe24e3d63a7-common-args.resp -include /Users/hectorgarcia/Library/Developer/Xcode/DerivedData/Build/Intermediates.noindex/Firebase.build/Debug-iphonesimulator/FirebaseAuth.build/DerivedSources/resource_bundle_accessor.h -MMD -MT dependencies -MF /Users/hectorgarcia/Library/Developer/Xcode/DerivedData/Build/Intermediates.noindex/Firebase.build/Debug-iphonesimulator/FirebaseAuth.build/Objects-normal/x86_64/FIREmailLinkSignInResponse.d --serialize-diagnostics /Users/hectorgarcia/Library/Developer/Xcode/DerivedData/Build/Intermediates.noindex/Firebase.build/Debug-iphonesimulator/FirebaseAuth.build/Objects-normal/x86_64/FIREmailLinkSignInResponse.dia -c /Users/hectorgarcia/Library/Developer/Xcode/DerivedData/Lyo-eagkiegzrakogpczynhkaholsscs/SourcePackages/checkouts/firebase-ios-sdk/FirebaseAuth/Sources/Backend/RPC/FIREmailLinkSignInResponse.m -o /Users/hectorgarcia/Library/Developer/Xcode/DerivedData/Build/Intermediates.noindex/Firebase.build/Debug-iphonesimulator/FirebaseAuth.build/Objects-normal/x86_64/FIREmailLinkSignInResponse.o -index-unit-output-path /Firebase.build/Debug-iphonesimulator/FirebaseAuth.build/Objects-normal/x86_64/FIREmailLinkSignInResponse.o

SwiftExplicitDependencyGeneratePcm x86_64 /Users/hectorgarcia/Library/Developer/Xcode/DerivedData/Build/Intermediates.noindex/SwiftExplicitPrecompiledModules/FirebaseCore-E9X7XHHCA16BAELEGFGITUCTJ.pcm

SwiftExplicitDependencyGeneratePcm x86_64 /Users/hectorgarcia/Library/Developer/Xcode/DerivedData/Build/Intermediates.noindex/SwiftExplicitPrecompiledModules/FirebaseAuth-96XLVDRL47GEGQ8NHRMX8WS77.pcm

SwiftExplicitDependencyGeneratePcm x86_64 /Users/hectorgarcia/Library/Developer/Xcode/DerivedData/Build/Intermediates.noindex/SwiftExplicitPrecompiledModules/FirebaseCrashlytics-B30MDVJ0OCOH0C976H24NFC5V.pcm

SwiftExplicitDependencyGeneratePcm x86_64 /Users/hectorgarcia/Library/Developer/Xcode/DerivedData/Build/Intermediates.noindex/SwiftExplicitPrecompiledModules/GTMSessionFetcherCore-4GR91JQUE3QQHW8LYAA421XEC.pcm

CompileC /Users/hectorgarcia/Library/Developer/Xcode/DerivedData/Build/Intermediates.noindex/Firebase.build/Debug-iphonesimulator/FirebaseAuth.build/Objects-normal/x86_64/FIREmailPasswordAuthCredential.o /Users/hectorgarcia/Library/Developer/Xcode/DerivedData/Lyo-eagkiegzrakogpczynhkaholsscs/SourcePackages/checkouts/firebase-ios-sdk/FirebaseAuth/Sources/AuthProvider/Email/FIREmailPasswordAuthCredential.m normal x86_64 objective-c com.apple.compilers.llvm.clang.1_0.compiler (in target 'FirebaseAuth' from project 'Firebase')
    cd /Users/hectorgarcia/LYO_Da_ONE/Lyo.xcodeproj
    
    Using response file: /Users/hectorgarcia/Library/Developer/Xcode/DerivedData/Build/Intermediates.noindex/Firebase.build/Debug-iphonesimulator/FirebaseAuth.build/Objects-normal/x86_64/e6072d4f65d7061329687fe24e3d63a7-common-args.resp
    
    /Users/hectorgarcia/Downloads/Xcode.app/Contents/Developer/Toolchains/XcodeDefault.xctoolchain/usr/bin/clang -x objective-c -ivfsstatcache /Users/hectorgarcia/Library/Developer/Xcode/DerivedData/SDKStatCaches.noindex/iphonesimulator26.2-23C53-823d3e8b6e60bc2018c189d3ca05ba9b.sdkstatcache -fmessage-length\=0 -fdiagnostics-show-note-include-stack -fmacro-backtrace-limit\=0 -fno-color-diagnostics -fmodules-prune-interval\=86400 -fmodules-prune-after\=345600 -fbuild-session-file\=/Users/hectorgarcia/Library/Developer/Xcode/DerivedData/ModuleCache.noindex/Session.modulevalidation -fmodules-validate-once-per-build-session -Wnon-modular-include-in-framework-module -Werror\=non-modular-include-in-framework-module -Wno-trigraphs -Wno-missing-field-initializers -Wno-missing-prototypes -Wno-return-type -Wno-implicit-atomic-properties -Wno-objc-interface-ivars -Wno-arc-repeated-use-of-weak -Wno-missing-braces -Wparentheses -Wswitch -Wno-unused-function -Wno-unused-label -Wno-unused-parameter -Wno-unused-variable -Wunused-value -Wno-empty-body -Wno-uninitialized -Wno-unknown-pragmas -w -Wno-shadow -Wno-four-char-constants -Wno-conversion -Wno-constant-conversion -Wno-int-conversion -Wno-bool-conversion -Wno-enum-conversion -Wno-float-conversion -Wno-non-literal-null-conversion -Wno-objc-literal-conversion -Wshorten-64-to-32 -Wpointer-sign -Wno-newline-eof -Wno-selector -Wno-strict-selector-match -Wno-undeclared-selector -Wno-deprecated-implementations -Wno-implicit-fallthrough -fstrict-aliasing -Wprotocol -Wdeprecated-declarations -Wno-sign-conversion -Wno-infinite-recursion -Wno-comma -Wno-block-capture-autoreleasing -Wno-strict-prototypes -Wno-semicolon-before-method-body -index-store-path /Users/hectorgarcia/Library/Developer/Xcode/DerivedData/Lyo-eagkiegzrakogpczynhkaholsscs/Index.noindex/DataStore @/Users/hectorgarcia/Library/Developer/Xcode/DerivedData/Build/Intermediates.noindex/Firebase.build/Debug-iphonesimulator/FirebaseAuth.build/Objects-normal/x86_64/e6072d4f65d7061329687fe24e3d63a7-common-args.resp -include /Users/hectorgarcia/Library/Developer/Xcode/DerivedData/Build/Intermediates.noindex/Firebase.build/Debug-iphonesimulator/FirebaseAuth.build/DerivedSources/resource_bundle_accessor.h -MMD -MT dependencies -MF /Users/hectorgarcia/Library/Developer/Xcode/DerivedData/Build/Intermediates.noindex/Firebase.build/Debug-iphonesimulator/FirebaseAuth.build/Objects-normal/x86_64/FIREmailPasswordAuthCredential.d --serialize-diagnostics /Users/hectorgarcia/Library/Developer/Xcode/DerivedData/Build/Intermediates.noindex/Firebase.build/Debug-iphonesimulator/FirebaseAuth.build/Objects-normal/x86_64/FIREmailPasswordAuthCredential.dia -c /Users/hectorgarcia/Library/Developer/Xcode/DerivedData/Lyo-eagkiegzrakogpczynhkaholsscs/SourcePackages/checkouts/firebase-ios-sdk/FirebaseAuth/Sources/AuthProvider/Email/FIREmailPasswordAuthCredential.m -o /Users/hectorgarcia/Library/Developer/Xcode/DerivedData/Build/Intermediates.noindex/Firebase.build/Debug-iphonesimulator/FirebaseAuth.build/Objects-normal/x86_64/FIREmailPasswordAuthCredential.o -index-unit-output-path /Firebase.build/Debug-iphonesimulator/FirebaseAuth.build/Objects-normal/x86_64/FIREmailPasswordAuthCredential.o

CompileC /Users/hectorgarcia/Library/Developer/Xcode/DerivedData/Build/Intermediates.noindex/Firebase.build/Debug-iphonesimulator/FirebaseAuth.build/Objects-normal/x86_64/FIREmailLinkSignInResponse.o /Users/hectorgarcia/Library/Developer/Xcode/DerivedData/Lyo-eagkiegzrakogpczynhkaholsscs/SourcePackages/checkouts/firebase-ios-sdk/FirebaseAuth/Sources/Backend/RPC/FIREmailLinkSignInResponse.m normal x86_64 objective-c com.apple.compilers.llvm.clang.1_0.compiler (in target 'FirebaseAuth' from project 'Firebase')
    cd /Users/hectorgarcia/LYO_Da_ONE/Lyo.xcodeproj
    
    Using response file: /Users/hectorgarcia/Library/Developer/Xcode/DerivedData/Build/Intermediates.noindex/Firebase.build/Debug-iphonesimulator/FirebaseAuth.build/Objects-normal/x86_64/e6072d4f65d7061329687fe24e3d63a7-common-args.resp
    
    /Users/hectorgarcia/Downloads/Xcode.app/Contents/Developer/Toolchains/XcodeDefault.xctoolchain/usr/bin/clang -x objective-c -ivfsstatcache /Users/hectorgarcia/Library/Developer/Xcode/DerivedData/SDKStatCaches.noindex/iphonesimulator26.2-23C53-823d3e8b6e60bc2018c189d3ca05ba9b.sdkstatcache -fmessage-length\=0 -fdiagnostics-show-note-include-stack -fmacro-backtrace-limit\=0 -fno-color-diagnostics -fmodules-prune-interval\=86400 -fmodules-prune-after\=345600 -fbuild-session-file\=/Users/hectorgarcia/Library/Developer/Xcode/DerivedData/ModuleCache.noindex/Session.modulevalidation -fmodules-validate-once-per-build-session -Wnon-modular-include-in-framework-module -Werror\=non-modular-include-in-framework-module -Wno-trigraphs -Wno-missing-field-initializers -Wno-missing-prototypes -Wno-return-type -Wno-implicit-atomic-properties -Wno-objc-interface-ivars -Wno-arc-repeated-use-of-weak -Wno-missing-braces -Wparentheses -Wswitch -Wno-unused-function -Wno-unused-label -Wno-unused-parameter -Wno-unused-variable -Wunused-value -Wno-empty-body -Wno-uninitialized -Wno-unknown-pragmas -w -Wno-shadow -Wno-four-char-constants -Wno-conversion -Wno-constant-conversion -Wno-int-conversion -Wno-bool-conversion -Wno-enum-conversion -Wno-float-conversion -Wno-non-literal-null-conversion -Wno-objc-literal-conversion -Wshorten-64-to-32 -Wpointer-sign -Wno-newline-eof -Wno-selector -Wno-strict-selector-match -Wno-undeclared-selector -Wno-deprecated-implementations -Wno-implicit-fallthrough -fstrict-aliasing -Wprotocol -Wdeprecated-declarations -Wno-sign-conversion -Wno-infinite-recursion -Wno-comma -Wno-block-capture-autoreleasing -Wno-strict-prototypes -Wno-semicolon-before-method-body -index-store-path /Users/hectorgarcia/Library/Developer/Xcode/DerivedData/Lyo-eagkiegzrakogpczynhkaholsscs/Index.noindex/DataStore @/Users/hectorgarcia/Library/Developer/Xcode/DerivedData/Build/Intermediates.noindex/Firebase.build/Debug-iphonesimulator/FirebaseAuth.build/Objects-normal/x86_64/e6072d4f65d7061329687fe24e3d63a7-common-args.resp -include /Users/hectorgarcia/Library/Developer/Xcode/DerivedData/Build/Intermediates.noindex/Firebase.build/Debug-iphonesimulator/FirebaseAuth.build/DerivedSources/resource_bundle_accessor.h -MMD -MT dependencies -MF /Users/hectorgarcia/Library/Developer/Xcode/DerivedData/Build/Intermediates.noindex/Firebase.build/Debug-iphonesimulator/FirebaseAuth.build/Objects-normal/x86_64/FIREmailLinkSignInResponse.d --serialize-diagnostics /Users/hectorgarcia/Library/Developer/Xcode/DerivedData/Build/Intermediates.noindex/Firebase.build/Debug-iphonesimulator/FirebaseAuth.build/Objects-normal/x86_64/FIREmailLinkSignInResponse.dia -c /Users/hectorgarcia/Library/Developer/Xcode/DerivedData/Lyo-eagkiegzrakogpczynhkaholsscs/SourcePackages/checkouts/firebase-ios-sdk/FirebaseAuth/Sources/Backend/RPC/FIREmailLinkSignInResponse.m -o /Users/hectorgarcia/Library/Developer/Xcode/DerivedData/Build/Intermediates.noindex/Firebase.build/Debug-iphonesimulator/FirebaseAuth.build/Objects-normal/x86_64/FIREmailLinkSignInResponse.o -index-unit-output-path /Firebase.build/Debug-iphonesimulator/FirebaseAuth.build/Objects-normal/x86_64/FIREmailLinkSignInResponse.o

PrecompileModule /Users/hectorgarcia/Library/Developer/Xcode/DerivedData/Build/Intermediates.noindex/ExplicitPrecompiledModules/CoreVideo-ATSIVRY9HRX3Q9RDGW6FKN1QA.scan
    cd /
    builtin-precompileModule /Users/hectorgarcia/Library/Developer/Xcode/DerivedData/Build/Intermediates.noindex/ExplicitPrecompiledModules/CoreVideo-ATSIVRY9HRX3Q9RDGW6FKN1QA.scan

ScanDependencies /Users/hectorgarcia/Library/Developer/Xcode/DerivedData/Build/Intermediates.noindex/Firebase.build/Debug-iphonesimulator/FirebaseAuth.build/Objects-normal/x86_64/FIREmailLinkSignInRequest.o /Users/hectorgarcia/Library/Developer/Xcode/DerivedData/Lyo-eagkiegzrakogpczynhkaholsscs/SourcePackages/checkouts/firebase-ios-sdk/FirebaseAuth/Sources/Backend/RPC/FIREmailLinkSignInRequest.m normal x86_64 objective-c com.apple.compilers.llvm.clang.1_0.compiler (in target 'FirebaseAuth' from project 'Firebase')
    cd /Users/hectorgarcia/LYO_Da_ONE/Lyo.xcodeproj
    
    Using response file: /Users/hectorgarcia/Library/Developer/Xcode/DerivedData/Build/Intermediates.noindex/Firebase.build/Debug-iphonesimulator/FirebaseAuth.build/Objects-normal/x86_64/e6072d4f65d7061329687fe24e3d63a7-common-args.resp
    
    builtin-ScanDependencies -o /Users/hectorgarcia/Library/Developer/Xcode/DerivedData/Build/Intermediates.noindex/Firebase.build/Debug-iphonesimulator/FirebaseAuth.build/Objects-normal/x86_64/FIREmailLinkSignInRequest.o.scan -- /Users/hectorgarcia/Downloads/Xcode.app/Contents/Developer/Toolchains/XcodeDefault.xctoolchain/usr/bin/clang -x objective-c -ivfsstatcache /Users/hectorgarcia/Library/Developer/Xcode/DerivedData/SDKStatCaches.noindex/iphonesimulator26.2-23C53-823d3e8b6e60bc2018c189d3ca05ba9b.sdkstatcache -fmessage-length\=0 -fdiagnostics-show-note-include-stack -fmacro-backtrace-limit\=0 -fno-color-diagnostics -fmodules-prune-interval\=86400 -fmodules-prune-after\=345600 -fbuild-session-file\=/Users/hectorgarcia/Library/Developer/Xcode/DerivedData/ModuleCache.noindex/Session.modulevalidation -fmodules-validate-once-per-build-session -Wnon-modular-include-in-framework-module -Werror\=non-modular-include-in-framework-module -Wno-trigraphs -Wno-missing-field-initializers -Wno-missing-prototypes -Wno-return-type -Wno-implicit-atomic-properties -Wno-objc-interface-ivars -Wno-arc-repeated-use-of-weak -Wno-missing-braces -Wparentheses -Wswitch -Wno-unused-function -Wno-unused-label -Wno-unused-parameter -Wno-unused-variable -Wunused-value -Wno-empty-body -Wno-uninitialized -Wno-unknown-pragmas -w -Wno-shadow -Wno-four-char-constants -Wno-conversion -Wno-constant-conversion -Wno-int-conversion -Wno-bool-conversion -Wno-enum-conversion -Wno-float-conversion -Wno-non-literal-null-conversion -Wno-objc-literal-conversion -Wshorten-64-to-32 -Wpointer-sign -Wno-newline-eof -Wno-selector -Wno-strict-selector-match -Wno-undeclared-selector -Wno-deprecated-implementations -Wno-implicit-fallthrough -fstrict-aliasing -Wprotocol -Wdeprecated-declarations -Wno-sign-conversion -Wno-infinite-recursion -Wno-comma -Wno-block-capture-autoreleasing -Wno-strict-prototypes -Wno-semicolon-before-method-body -index-store-path /Users/hectorgarcia/Library/Developer/Xcode/DerivedData/Lyo-eagkiegzrakogpczynhkaholsscs/Index.noindex/DataStore @/Users/hectorgarcia/Library/Developer/Xcode/DerivedData/Build/Intermediates.noindex/Firebase.build/Debug-iphonesimulator/FirebaseAuth.build/Objects-normal/x86_64/e6072d4f65d7061329687fe24e3d63a7-common-args.resp -include /Users/hectorgarcia/Library/Developer/Xcode/DerivedData/Build/Intermediates.noindex/Firebase.build/Debug-iphonesimulator/FirebaseAuth.build/DerivedSources/resource_bundle_accessor.h -MMD -MT dependencies -MF /Users/hectorgarcia/Library/Developer/Xcode/DerivedData/Build/Intermediates.noindex/Firebase.build/Debug-iphonesimulator/FirebaseAuth.build/Objects-normal/x86_64/FIREmailLinkSignInRequest.d --serialize-diagnostics /Users/hectorgarcia/Library/Developer/Xcode/DerivedData/Build/Intermediates.noindex/Firebase.build/Debug-iphonesimulator/FirebaseAuth.build/Objects-normal/x86_64/FIREmailLinkSignInRequest.dia -c /Users/hectorgarcia/Library/Developer/Xcode/DerivedData/Lyo-eagkiegzrakogpczynhkaholsscs/SourcePackages/checkouts/firebase-ios-sdk/FirebaseAuth/Sources/Backend/RPC/FIREmailLinkSignInRequest.m -o /Users/hectorgarcia/Library/Developer/Xcode/DerivedData/Build/Intermediates.noindex/Firebase.build/Debug-iphonesimulator/FirebaseAuth.build/Objects-normal/x86_64/FIREmailLinkSignInRequest.o -index-unit-output-path /Firebase.build/Debug-iphonesimulator/FirebaseAuth.build/Objects-normal/x86_64/FIREmailLinkSignInRequest.o

ScanDependencies /Users/hectorgarcia/Library/Developer/Xcode/DerivedData/Build/Intermediates.noindex/Firebase.build/Debug-iphonesimulator/FirebaseAuth.build/Objects-normal/x86_64/FIREmailAuthProvider.o /Users/hectorgarcia/Library/Developer/Xcode/DerivedData/Lyo-eagkiegzrakogpczynhkaholsscs/SourcePackages/checkouts/firebase-ios-sdk/FirebaseAuth/Sources/AuthProvider/Email/FIREmailAuthProvider.m normal x86_64 objective-c com.apple.compilers.llvm.clang.1_0.compiler (in target 'FirebaseAuth' from project 'Firebase')
    cd /Users/hectorgarcia/LYO_Da_ONE/Lyo.xcodeproj
    
    Using response file: /Users/hectorgarcia/Library/Developer/Xcode/DerivedData/Build/Intermediates.noindex/Firebase.build/Debug-iphonesimulator/FirebaseAuth.build/Objects-normal/x86_64/e6072d4f65d7061329687fe24e3d63a7-common-args.resp
    
    builtin-ScanDependencies -o /Users/hectorgarcia/Library/Developer/Xcode/DerivedData/Build/Intermediates.noindex/Firebase.build/Debug-iphonesimulator/FirebaseAuth.build/Objects-normal/x86_64/FIREmailAuthProvider.o.scan -- /Users/hectorgarcia/Downloads/Xcode.app/Contents/Developer/Toolchains/XcodeDefault.xctoolchain/usr/bin/clang -x objective-c -ivfsstatcache /Users/hectorgarcia/Library/Developer/Xcode/DerivedData/SDKStatCaches.noindex/iphonesimulator26.2-23C53-823d3e8b6e60bc2018c189d3ca05ba9b.sdkstatcache -fmessage-length\=0 -fdiagnostics-show-note-include-stack -fmacro-backtrace-limit\=0 -fno-color-diagnostics -fmodules-prune-interval\=86400 -fmodules-prune-after\=345600 -fbuild-session-file\=/Users/hectorgarcia/Library/Developer/Xcode/DerivedData/ModuleCache.noindex/Session.modulevalidation -fmodules-validate-once-per-build-session -Wnon-modular-include-in-framework-module -Werror\=non-modular-include-in-framework-module -Wno-trigraphs -Wno-missing-field-initializers -Wno-missing-prototypes -Wno-return-type -Wno-implicit-atomic-properties -Wno-objc-interface-ivars -Wno-arc-repeated-use-of-weak -Wno-missing-braces -Wparentheses -Wswitch -Wno-unused-function -Wno-unused-label -Wno-unused-parameter -Wno-unused-variable -Wunused-value -Wno-empty-body -Wno-uninitialized -Wno-unknown-pragmas -w -Wno-shadow -Wno-four-char-constants -Wno-conversion -Wno-constant-conversion -Wno-int-conversion -Wno-bool-conversion -Wno-enum-conversion -Wno-float-conversion -Wno-non-literal-null-conversion -Wno-objc-literal-conversion -Wshorten-64-to-32 -Wpointer-sign -Wno-newline-eof -Wno-selector -Wno-strict-selector-match -Wno-undeclared-selector -Wno-deprecated-implementations -Wno-implicit-fallthrough -fstrict-aliasing -Wprotocol -Wdeprecated-declarations -Wno-sign-conversion -Wno-infinite-recursion -Wno-comma -Wno-block-capture-autoreleasing -Wno-strict-prototypes -Wno-semicolon-before-method-body -index-store-path /Users/hectorgarcia/Library/Developer/Xcode/DerivedData/Lyo-eagkiegzrakogpczynhkaholsscs/Index.noindex/DataStore @/Users/hectorgarcia/Library/Developer/Xcode/DerivedData/Build/Intermediates.noindex/Firebase.build/Debug-iphonesimulator/FirebaseAuth.build/Objects-normal/x86_64/e6072d4f65d7061329687fe24e3d63a7-common-args.resp -include /Users/hectorgarcia/Library/Developer/Xcode/DerivedData/Build/Intermediates.noindex/Firebase.build/Debug-iphonesimulator/FirebaseAuth.build/DerivedSources/resource_bundle_accessor.h -MMD -MT dependencies -MF /Users/hectorgarcia/Library/Developer/Xcode/DerivedData/Build/Intermediates.noindex/Firebase.build/Debug-iphonesimulator/FirebaseAuth.build/Objects-normal/x86_64/FIREmailAuthProvider.d --serialize-diagnostics /Users/hectorgarcia/Library/Developer/Xcode/DerivedData/Build/Intermediates.noindex/Firebase.build/Debug-iphonesimulator/FirebaseAuth.build/Objects-normal/x86_64/FIREmailAuthProvider.dia -c /Users/hectorgarcia/Library/Developer/Xcode/DerivedData/Lyo-eagkiegzrakogpczynhkaholsscs/SourcePackages/checkouts/firebase-ios-sdk/FirebaseAuth/Sources/AuthProvider/Email/FIREmailAuthProvider.m -o /Users/hectorgarcia/Library/Developer/Xcode/DerivedData/Build/Intermediates.noindex/Firebase.build/Debug-iphonesimulator/FirebaseAuth.build/Objects-normal/x86_64/FIREmailAuthProvider.o -index-unit-output-path /Firebase.build/Debug-iphonesimulator/FirebaseAuth.build/Objects-normal/x86_64/FIREmailAuthProvider.o

CompileC /Users/hectorgarcia/Library/Developer/Xcode/DerivedData/Build/Intermediates.noindex/Firebase.build/Debug-iphonesimulator/FirebaseAuth.build/Objects-normal/x86_64/FIREmailLinkSignInRequest.o /Users/hectorgarcia/Library/Developer/Xcode/DerivedData/Lyo-eagkiegzrakogpczynhkaholsscs/SourcePackages/checkouts/firebase-ios-sdk/FirebaseAuth/Sources/Backend/RPC/FIREmailLinkSignInRequest.m normal x86_64 objective-c com.apple.compilers.llvm.clang.1_0.compiler (in target 'FirebaseAuth' from project 'Firebase')
    cd /Users/hectorgarcia/LYO_Da_ONE/Lyo.xcodeproj
    
    Using response file: /Users/hectorgarcia/Library/Developer/Xcode/DerivedData/Build/Intermediates.noindex/Firebase.build/Debug-iphonesimulator/FirebaseAuth.build/Objects-normal/x86_64/e6072d4f65d7061329687fe24e3d63a7-common-args.resp
    
    /Users/hectorgarcia/Downloads/Xcode.app/Contents/Developer/Toolchains/XcodeDefault.xctoolchain/usr/bin/clang -x objective-c -ivfsstatcache /Users/hectorgarcia/Library/Developer/Xcode/DerivedData/SDKStatCaches.noindex/iphonesimulator26.2-23C53-823d3e8b6e60bc2018c189d3ca05ba9b.sdkstatcache -fmessage-length\=0 -fdiagnostics-show-note-include-stack -fmacro-backtrace-limit\=0 -fno-color-diagnostics -fmodules-prune-interval\=86400 -fmodules-prune-after\=345600 -fbuild-session-file\=/Users/hectorgarcia/Library/Developer/Xcode/DerivedData/ModuleCache.noindex/Session.modulevalidation -fmodules-validate-once-per-build-session -Wnon-modular-include-in-framework-module -Werror\=non-modular-include-in-framework-module -Wno-trigraphs -Wno-missing-field-initializers -Wno-missing-prototypes -Wno-return-type -Wno-implicit-atomic-properties -Wno-objc-interface-ivars -Wno-arc-repeated-use-of-weak -Wno-missing-braces -Wparentheses -Wswitch -Wno-unused-function -Wno-unused-label -Wno-unused-parameter -Wno-unused-variable -Wunused-value -Wno-empty-body -Wno-uninitialized -Wno-unknown-pragmas -w -Wno-shadow -Wno-four-char-constants -Wno-conversion -Wno-constant-conversion -Wno-int-conversion -Wno-bool-conversion -Wno-enum-conversion -Wno-float-conversion -Wno-non-literal-null-conversion -Wno-objc-literal-conversion -Wshorten-64-to-32 -Wpointer-sign -Wno-newline-eof -Wno-selector -Wno-strict-selector-match -Wno-undeclared-selector -Wno-deprecated-implementations -Wno-implicit-fallthrough -fstrict-aliasing -Wprotocol -Wdeprecated-declarations -Wno-sign-conversion -Wno-infinite-recursion -Wno-comma -Wno-block-capture-autoreleasing -Wno-strict-prototypes -Wno-semicolon-before-method-body -index-store-path /Users/hectorgarcia/Library/Developer/Xcode/DerivedData/Lyo-eagkiegzrakogpczynhkaholsscs/Index.noindex/DataStore @/Users/hectorgarcia/Library/Developer/Xcode/DerivedData/Build/Intermediates.noindex/Firebase.build/Debug-iphonesimulator/FirebaseAuth.build/Objects-normal/x86_64/e6072d4f65d7061329687fe24e3d63a7-common-args.resp -include /Users/hectorgarcia/Library/Developer/Xcode/DerivedData/Build/Intermediates.noindex/Firebase.build/Debug-iphonesimulator/FirebaseAuth.build/DerivedSources/resource_bundle_accessor.h -MMD -MT dependencies -MF /Users/hectorgarcia/Library/Developer/Xcode/DerivedData/Build/Intermediates.noindex/Firebase.build/Debug-iphonesimulator/FirebaseAuth.build/Objects-normal/x86_64/FIREmailLinkSignInRequest.d --serialize-diagnostics /Users/hectorgarcia/Library/Developer/Xcode/DerivedData/Build/Intermediates.noindex/Firebase.build/Debug-iphonesimulator/FirebaseAuth.build/Objects-normal/x86_64/FIREmailLinkSignInRequest.dia -c /Users/hectorgarcia/Library/Developer/Xcode/DerivedData/Lyo-eagkiegzrakogpczynhkaholsscs/SourcePackages/checkouts/firebase-ios-sdk/FirebaseAuth/Sources/Backend/RPC/FIREmailLinkSignInRequest.m -o /Users/hectorgarcia/Library/Developer/Xcode/DerivedData/Build/Intermediates.noindex/Firebase.build/Debug-iphonesimulator/FirebaseAuth.build/Objects-normal/x86_64/FIREmailLinkSignInRequest.o -index-unit-output-path /Firebase.build/Debug-iphonesimulator/FirebaseAuth.build/Objects-normal/x86_64/FIREmailLinkSignInRequest.o

CompileC /Users/hectorgarcia/Library/Developer/Xcode/DerivedData/Build/Intermediates.noindex/Firebase.build/Debug-iphonesimulator/FirebaseAuth.build/Objects-normal/x86_64/FIREmailAuthProvider.o /Users/hectorgarcia/Library/Developer/Xcode/DerivedData/Lyo-eagkiegzrakogpczynhkaholsscs/SourcePackages/checkouts/firebase-ios-sdk/FirebaseAuth/Sources/AuthProvider/Email/FIREmailAuthProvider.m normal x86_64 objective-c com.apple.compilers.llvm.clang.1_0.compiler (in target 'FirebaseAuth' from project 'Firebase')
    cd /Users/hectorgarcia/LYO_Da_ONE/Lyo.xcodeproj
    
    Using response file: /Users/hectorgarcia/Library/Developer/Xcode/DerivedData/Build/Intermediates.noindex/Firebase.build/Debug-iphonesimulator/FirebaseAuth.build/Objects-normal/x86_64/e6072d4f65d7061329687fe24e3d63a7-common-args.resp
    
    /Users/hectorgarcia/Downloads/Xcode.app/Contents/Developer/Toolchains/XcodeDefault.xctoolchain/usr/bin/clang -x objective-c -ivfsstatcache /Users/hectorgarcia/Library/Developer/Xcode/DerivedData/SDKStatCaches.noindex/iphonesimulator26.2-23C53-823d3e8b6e60bc2018c189d3ca05ba9b.sdkstatcache -fmessage-length\=0 -fdiagnostics-show-note-include-stack -fmacro-backtrace-limit\=0 -fno-color-diagnostics -fmodules-prune-interval\=86400 -fmodules-prune-after\=345600 -fbuild-session-file\=/Users/hectorgarcia/Library/Developer/Xcode/DerivedData/ModuleCache.noindex/Session.modulevalidation -fmodules-validate-once-per-build-session -Wnon-modular-include-in-framework-module -Werror\=non-modular-include-in-framework-module -Wno-trigraphs -Wno-missing-field-initializers -Wno-missing-prototypes -Wno-return-type -Wno-implicit-atomic-properties -Wno-objc-interface-ivars -Wno-arc-repeated-use-of-weak -Wno-missing-braces -Wparentheses -Wswitch -Wno-unused-function -Wno-unused-label -Wno-unused-parameter -Wno-unused-variable -Wunused-value -Wno-empty-body -Wno-uninitialized -Wno-unknown-pragmas -w -Wno-shadow -Wno-four-char-constants -Wno-conversion -Wno-constant-conversion -Wno-int-conversion -Wno-bool-conversion -Wno-enum-conversion -Wno-float-conversion -Wno-non-literal-null-conversion -Wno-objc-literal-conversion -Wshorten-64-to-32 -Wpointer-sign -Wno-newline-eof -Wno-selector -Wno-strict-selector-match -Wno-undeclared-selector -Wno-deprecated-implementations -Wno-implicit-fallthrough -fstrict-aliasing -Wprotocol -Wdeprecated-declarations -Wno-sign-conversion -Wno-infinite-recursion -Wno-comma -Wno-block-capture-autoreleasing -Wno-strict-prototypes -Wno-semicolon-before-method-body -index-store-path /Users/hectorgarcia/Library/Developer/Xcode/DerivedData/Lyo-eagkiegzrakogpczynhkaholsscs/Index.noindex/DataStore @/Users/hectorgarcia/Library/Developer/Xcode/DerivedData/Build/Intermediates.noindex/Firebase.build/Debug-iphonesimulator/FirebaseAuth.build/Objects-normal/x86_64/e6072d4f65d7061329687fe24e3d63a7-common-args.resp -include /Users/hectorgarcia/Library/Developer/Xcode/DerivedData/Build/Intermediates.noindex/Firebase.build/Debug-iphonesimulator/FirebaseAuth.build/DerivedSources/resource_bundle_accessor.h -MMD -MT dependencies -MF /Users/hectorgarcia/Library/Developer/Xcode/DerivedData/Build/Intermediates.noindex/Firebase.build/Debug-iphonesimulator/FirebaseAuth.build/Objects-normal/x86_64/FIREmailAuthProvider.d --serialize-diagnostics /Users/hectorgarcia/Library/Developer/Xcode/DerivedData/Build/Intermediates.noindex/Firebase.build/Debug-iphonesimulator/FirebaseAuth.build/Objects-normal/x86_64/FIREmailAuthProvider.dia -c /Users/hectorgarcia/Library/Developer/Xcode/DerivedData/Lyo-eagkiegzrakogpczynhkaholsscs/SourcePackages/checkouts/firebase-ios-sdk/FirebaseAuth/Sources/AuthProvider/Email/FIREmailAuthProvider.m -o /Users/hectorgarcia/Library/Developer/Xcode/DerivedData/Build/Intermediates.noindex/Firebase.build/Debug-iphonesimulator/FirebaseAuth.build/Objects-normal/x86_64/FIREmailAuthProvider.o -index-unit-output-path /Firebase.build/Debug-iphonesimulator/FirebaseAuth.build/Objects-normal/x86_64/FIREmailAuthProvider.o

ScanDependencies /Users/hectorgarcia/Library/Developer/Xcode/DerivedData/Build/Intermediates.noindex/Firebase.build/Debug-iphonesimulator/FirebaseAuth.build/Objects-normal/x86_64/FIRDeleteAccountResponse.o /Users/hectorgarcia/Library/Developer/Xcode/DerivedData/Lyo-eagkiegzrakogpczynhkaholsscs/SourcePackages/checkouts/firebase-ios-sdk/FirebaseAuth/Sources/Backend/RPC/FIRDeleteAccountResponse.m normal x86_64 objective-c com.apple.compilers.llvm.clang.1_0.compiler (in target 'FirebaseAuth' from project 'Firebase')
    cd /Users/hectorgarcia/LYO_Da_ONE/Lyo.xcodeproj
    
    Using response file: /Users/hectorgarcia/Library/Developer/Xcode/DerivedData/Build/Intermediates.noindex/Firebase.build/Debug-iphonesimulator/FirebaseAuth.build/Objects-normal/x86_64/e6072d4f65d7061329687fe24e3d63a7-common-args.resp
    
    builtin-ScanDependencies -o /Users/hectorgarcia/Library/Developer/Xcode/DerivedData/Build/Intermediates.noindex/Firebase.build/Debug-iphonesimulator/FirebaseAuth.build/Objects-normal/x86_64/FIRDeleteAccountResponse.o.scan -- /Users/hectorgarcia/Downloads/Xcode.app/Contents/Developer/Toolchains/XcodeDefault.xctoolchain/usr/bin/clang -x objective-c -ivfsstatcache /Users/hectorgarcia/Library/Developer/Xcode/DerivedData/SDKStatCaches.noindex/iphonesimulator26.2-23C53-823d3e8b6e60bc2018c189d3ca05ba9b.sdkstatcache -fmessage-length\=0 -fdiagnostics-show-note-include-stack -fmacro-backtrace-limit\=0 -fno-color-diagnostics -fmodules-prune-interval\=86400 -fmodules-prune-after\=345600 -fbuild-session-file\=/Users/hectorgarcia/Library/Developer/Xcode/DerivedData/ModuleCache.noindex/Session.modulevalidation -fmodules-validate-once-per-build-session -Wnon-modular-include-in-framework-module -Werror\=non-modular-include-in-framework-module -Wno-trigraphs -Wno-missing-field-initializers -Wno-missing-prototypes -Wno-return-type -Wno-implicit-atomic-properties -Wno-objc-interface-ivars -Wno-arc-repeated-use-of-weak -Wno-missing-braces -Wparentheses -Wswitch -Wno-unused-function -Wno-unused-label -Wno-unused-parameter -Wno-unused-variable -Wunused-value -Wno-empty-body -Wno-uninitialized -Wno-unknown-pragmas -w -Wno-shadow -Wno-four-char-constants -Wno-conversion -Wno-constant-conversion -Wno-int-conversion -Wno-bool-conversion -Wno-enum-conversion -Wno-float-conversion -Wno-non-literal-null-conversion -Wno-objc-literal-conversion -Wshorten-64-to-32 -Wpointer-sign -Wno-newline-eof -Wno-selector -Wno-strict-selector-match -Wno-undeclared-selector -Wno-deprecated-implementations -Wno-implicit-fallthrough -fstrict-aliasing -Wprotocol -Wdeprecated-declarations -Wno-sign-conversion -Wno-infinite-recursion -Wno-comma -Wno-block-capture-autoreleasing -Wno-strict-prototypes -Wno-semicolon-before-method-body -index-store-path /Users/hectorgarcia/Library/Developer/Xcode/DerivedData/Lyo-eagkiegzrakogpczynhkaholsscs/Index.noindex/DataStore @/Users/hectorgarcia/Library/Developer/Xcode/DerivedData/Build/Intermediates.noindex/Firebase.build/Debug-iphonesimulator/FirebaseAuth.build/Objects-normal/x86_64/e6072d4f65d7061329687fe24e3d63a7-common-args.resp -include /Users/hectorgarcia/Library/Developer/Xcode/DerivedData/Build/Intermediates.noindex/Firebase.build/Debug-iphonesimulator/FirebaseAuth.build/DerivedSources/resource_bundle_accessor.h -MMD -MT dependencies -MF /Users/hectorgarcia/Library/Developer/Xcode/DerivedData/Build/Intermediates.noindex/Firebase.build/Debug-iphonesimulator/FirebaseAuth.build/Objects-normal/x86_64/FIRDeleteAccountResponse.d --serialize-diagnostics /Users/hectorgarcia/Library/Developer/Xcode/DerivedData/Build/Intermediates.noindex/Firebase.build/Debug-iphonesimulator/FirebaseAuth.build/Objects-normal/x86_64/FIRDeleteAccountResponse.dia -c /Users/hectorgarcia/Library/Developer/Xcode/DerivedData/Lyo-eagkiegzrakogpczynhkaholsscs/SourcePackages/checkouts/firebase-ios-sdk/FirebaseAuth/Sources/Backend/RPC/FIRDeleteAccountResponse.m -o /Users/hectorgarcia/Library/Developer/Xcode/DerivedData/Build/Intermediates.noindex/Firebase.build/Debug-iphonesimulator/FirebaseAuth.build/Objects-normal/x86_64/FIRDeleteAccountResponse.o -index-unit-output-path /Firebase.build/Debug-iphonesimulator/FirebaseAuth.build/Objects-normal/x86_64/FIRDeleteAccountResponse.o

ScanDependencies /Users/hectorgarcia/Library/Developer/Xcode/DerivedData/Build/Intermediates.noindex/Firebase.build/Debug-iphonesimulator/FirebaseAuth.build/Objects-normal/x86_64/FIRDeleteAccountRequest.o /Users/hectorgarcia/Library/Developer/Xcode/DerivedData/Lyo-eagkiegzrakogpczynhkaholsscs/SourcePackages/checkouts/firebase-ios-sdk/FirebaseAuth/Sources/Backend/RPC/FIRDeleteAccountRequest.m normal x86_64 objective-c com.apple.compilers.llvm.clang.1_0.compiler (in target 'FirebaseAuth' from project 'Firebase')
    cd /Users/hectorgarcia/LYO_Da_ONE/Lyo.xcodeproj
    
    Using response file: /Users/hectorgarcia/Library/Developer/Xcode/DerivedData/Build/Intermediates.noindex/Firebase.build/Debug-iphonesimulator/FirebaseAuth.build/Objects-normal/x86_64/e6072d4f65d7061329687fe24e3d63a7-common-args.resp
    
    builtin-ScanDependencies -o /Users/hectorgarcia/Library/Developer/Xcode/DerivedData/Build/Intermediates.noindex/Firebase.build/Debug-iphonesimulator/FirebaseAuth.build/Objects-normal/x86_64/FIRDeleteAccountRequest.o.scan -- /Users/hectorgarcia/Downloads/Xcode.app/Contents/Developer/Toolchains/XcodeDefault.xctoolchain/usr/bin/clang -x objective-c -ivfsstatcache /Users/hectorgarcia/Library/Developer/Xcode/DerivedData/SDKStatCaches.noindex/iphonesimulator26.2-23C53-823d3e8b6e60bc2018c189d3ca05ba9b.sdkstatcache -fmessage-length\=0 -fdiagnostics-show-note-include-stack -fmacro-backtrace-limit\=0 -fno-color-diagnostics -fmodules-prune-interval\=86400 -fmodules-prune-after\=345600 -fbuild-session-file\=/Users/hectorgarcia/Library/Developer/Xcode/DerivedData/ModuleCache.noindex/Session.modulevalidation -fmodules-validate-once-per-build-session -Wnon-modular-include-in-framework-module -Werror\=non-modular-include-in-framework-module -Wno-trigraphs -Wno-missing-field-initializers -Wno-missing-prototypes -Wno-return-type -Wno-implicit-atomic-properties -Wno-objc-interface-ivars -Wno-arc-repeated-use-of-weak -Wno-missing-braces -Wparentheses -Wswitch -Wno-unused-function -Wno-unused-label -Wno-unused-parameter -Wno-unused-variable -Wunused-value -Wno-empty-body -Wno-uninitialized -Wno-unknown-pragmas -w -Wno-shadow -Wno-four-char-constants -Wno-conversion -Wno-constant-conversion -Wno-int-conversion -Wno-bool-conversion -Wno-enum-conversion -Wno-float-conversion -Wno-non-literal-null-conversion -Wno-objc-literal-conversion -Wshorten-64-to-32 -Wpointer-sign -Wno-newline-eof -Wno-selector -Wno-strict-selector-match -Wno-undeclared-selector -Wno-deprecated-implementations -Wno-implicit-fallthrough -fstrict-aliasing -Wprotocol -Wdeprecated-declarations -Wno-sign-conversion -Wno-infinite-recursion -Wno-comma -Wno-block-capture-autoreleasing -Wno-strict-prototypes -Wno-semicolon-before-method-body -index-store-path /Users/hectorgarcia/Library/Developer/Xcode/DerivedData/Lyo-eagkiegzrakogpczynhkaholsscs/Index.noindex/DataStore @/Users/hectorgarcia/Library/Developer/Xcode/DerivedData/Build/Intermediates.noindex/Firebase.build/Debug-iphonesimulator/FirebaseAuth.build/Objects-normal/x86_64/e6072d4f65d7061329687fe24e3d63a7-common-args.resp -include /Users/hectorgarcia/Library/Developer/Xcode/DerivedData/Build/Intermediates.noindex/Firebase.build/Debug-iphonesimulator/FirebaseAuth.build/DerivedSources/resource_bundle_accessor.h -MMD -MT dependencies -MF /Users/hectorgarcia/Library/Developer/Xcode/DerivedData/Build/Intermediates.noindex/Firebase.build/Debug-iphonesimulator/FirebaseAuth.build/Objects-normal/x86_64/FIRDeleteAccountRequest.d --serialize-diagnostics /Users/hectorgarcia/Library/Developer/Xcode/DerivedData/Build/Intermediates.noindex/Firebase.build/Debug-iphonesimulator/FirebaseAuth.build/Objects-normal/x86_64/FIRDeleteAccountRequest.dia -c /Users/hectorgarcia/Library/Developer/Xcode/DerivedData/Lyo-eagkiegzrakogpczynhkaholsscs/SourcePackages/checkouts/firebase-ios-sdk/FirebaseAuth/Sources/Backend/RPC/FIRDeleteAccountRequest.m -o /Users/hectorgarcia/Library/Developer/Xcode/DerivedData/Build/Intermediates.noindex/Firebase.build/Debug-iphonesimulator/FirebaseAuth.build/Objects-normal/x86_64/FIRDeleteAccountRequest.o -index-unit-output-path /Firebase.build/Debug-iphonesimulator/FirebaseAuth.build/Objects-normal/x86_64/FIRDeleteAccountRequest.o

ScanDependencies /Users/hectorgarcia/Library/Developer/Xcode/DerivedData/Build/Intermediates.noindex/Firebase.build/Debug-iphonesimulator/FirebaseAuth.build/Objects-normal/x86_64/FIRCreateAuthURIResponse.o /Users/hectorgarcia/Library/Developer/Xcode/DerivedData/Lyo-eagkiegzrakogpczynhkaholsscs/SourcePackages/checkouts/firebase-ios-sdk/FirebaseAuth/Sources/Backend/RPC/FIRCreateAuthURIResponse.m normal x86_64 objective-c com.apple.compilers.llvm.clang.1_0.compiler (in target 'FirebaseAuth' from project 'Firebase')
    cd /Users/hectorgarcia/LYO_Da_ONE/Lyo.xcodeproj
    
    Using response file: /Users/hectorgarcia/Library/Developer/Xcode/DerivedData/Build/Intermediates.noindex/Firebase.build/Debug-iphonesimulator/FirebaseAuth.build/Objects-normal/x86_64/e6072d4f65d7061329687fe24e3d63a7-common-args.resp
    
    builtin-ScanDependencies -o /Users/hectorgarcia/Library/Developer/Xcode/DerivedData/Build/Intermediates.noindex/Firebase.build/Debug-iphonesimulator/FirebaseAuth.build/Objects-normal/x86_64/FIRCreateAuthURIResponse.o.scan -- /Users/hectorgarcia/Downloads/Xcode.app/Contents/Developer/Toolchains/XcodeDefault.xctoolchain/usr/bin/clang -x objective-c -ivfsstatcache /Users/hectorgarcia/Library/Developer/Xcode/DerivedData/SDKStatCaches.noindex/iphonesimulator26.2-23C53-823d3e8b6e60bc2018c189d3ca05ba9b.sdkstatcache -fmessage-length\=0 -fdiagnostics-show-note-include-stack -fmacro-backtrace-limit\=0 -fno-color-diagnostics -fmodules-prune-interval\=86400 -fmodules-prune-after\=345600 -fbuild-session-file\=/Users/hectorgarcia/Library/Developer/Xcode/DerivedData/ModuleCache.noindex/Session.modulevalidation -fmodules-validate-once-per-build-session -Wnon-modular-include-in-framework-module -Werror\=non-modular-include-in-framework-module -Wno-trigraphs -Wno-missing-field-initializers -Wno-missing-prototypes -Wno-return-type -Wno-implicit-atomic-properties -Wno-objc-interface-ivars -Wno-arc-repeated-use-of-weak -Wno-missing-braces -Wparentheses -Wswitch -Wno-unused-function -Wno-unused-label -Wno-unused-parameter -Wno-unused-variable -Wunused-value -Wno-empty-body -Wno-uninitialized -Wno-unknown-pragmas -w -Wno-shadow -Wno-four-char-constants -Wno-conversion -Wno-constant-conversion -Wno-int-conversion -Wno-bool-conversion -Wno-enum-conversion -Wno-float-conversion -Wno-non-literal-null-conversion -Wno-objc-literal-conversion -Wshorten-64-to-32 -Wpointer-sign -Wno-newline-eof -Wno-selector -Wno-strict-selector-match -Wno-undeclared-selector -Wno-deprecated-implementations -Wno-implicit-fallthrough -fstrict-aliasing -Wprotocol -Wdeprecated-declarations -Wno-sign-conversion -Wno-infinite-recursion -Wno-comma -Wno-block-capture-autoreleasing -Wno-strict-prototypes -Wno-semicolon-before-method-body -index-store-path /Users/hectorgarcia/Library/Developer/Xcode/DerivedData/Lyo-eagkiegzrakogpczynhkaholsscs/Index.noindex/DataStore @/Users/hectorgarcia/Library/Developer/Xcode/DerivedData/Build/Intermediates.noindex/Firebase.build/Debug-iphonesimulator/FirebaseAuth.build/Objects-normal/x86_64/e6072d4f65d7061329687fe24e3d63a7-common-args.resp -include /Users/hectorgarcia/Library/Developer/Xcode/DerivedData/Build/Intermediates.noindex/Firebase.build/Debug-iphonesimulator/FirebaseAuth.build/DerivedSources/resource_bundle_accessor.h -MMD -MT dependencies -MF /Users/hectorgarcia/Library/Developer/Xcode/DerivedData/Build/Intermediates.noindex/Firebase.build/Debug-iphonesimulator/FirebaseAuth.build/Objects-normal/x86_64/FIRCreateAuthURIResponse.d --serialize-diagnostics /Users/hectorgarcia/Library/Developer/Xcode/DerivedData/Build/Intermediates.noindex/Firebase.build/Debug-iphonesimulator/FirebaseAuth.build/Objects-normal/x86_64/FIRCreateAuthURIResponse.dia -c /Users/hectorgarcia/Library/Developer/Xcode/DerivedData/Lyo-eagkiegzrakogpczynhkaholsscs/SourcePackages/checkouts/firebase-ios-sdk/FirebaseAuth/Sources/Backend/RPC/FIRCreateAuthURIResponse.m -o /Users/hectorgarcia/Library/Developer/Xcode/DerivedData/Build/Intermediates.noindex/Firebase.build/Debug-iphonesimulator/FirebaseAuth.build/Objects-normal/x86_64/FIRCreateAuthURIResponse.o -index-unit-output-path /Firebase.build/Debug-iphonesimulator/FirebaseAuth.build/Objects-normal/x86_64/FIRCreateAuthURIResponse.o

ScanDependencies /Users/hectorgarcia/Library/Developer/Xcode/DerivedData/Build/Intermediates.noindex/Firebase.build/Debug-iphonesimulator/FirebaseAuth.build/Objects-normal/x86_64/FIRCreateAuthURIRequest.o /Users/hectorgarcia/Library/Developer/Xcode/DerivedData/Lyo-eagkiegzrakogpczynhkaholsscs/SourcePackages/checkouts/firebase-ios-sdk/FirebaseAuth/Sources/Backend/RPC/FIRCreateAuthURIRequest.m normal x86_64 objective-c com.apple.compilers.llvm.clang.1_0.compiler (in target 'FirebaseAuth' from project 'Firebase')
    cd /Users/hectorgarcia/LYO_Da_ONE/Lyo.xcodeproj
    
    Using response file: /Users/hectorgarcia/Library/Developer/Xcode/DerivedData/Build/Intermediates.noindex/Firebase.build/Debug-iphonesimulator/FirebaseAuth.build/Objects-normal/x86_64/e6072d4f65d7061329687fe24e3d63a7-common-args.resp
    
    builtin-ScanDependencies -o /Users/hectorgarcia/Library/Developer/Xcode/DerivedData/Build/Intermediates.noindex/Firebase.build/Debug-iphonesimulator/FirebaseAuth.build/Objects-normal/x86_64/FIRCreateAuthURIRequest.o.scan -- /Users/hectorgarcia/Downloads/Xcode.app/Contents/Developer/Toolchains/XcodeDefault.xctoolchain/usr/bin/clang -x objective-c -ivfsstatcache /Users/hectorgarcia/Library/Developer/Xcode/DerivedData/SDKStatCaches.noindex/iphonesimulator26.2-23C53-823d3e8b6e60bc2018c189d3ca05ba9b.sdkstatcache -fmessage-length\=0 -fdiagnostics-show-note-include-stack -fmacro-backtrace-limit\=0 -fno-color-diagnostics -fmodules-prune-interval\=86400 -fmodules-prune-after\=345600 -fbuild-session-file\=/Users/hectorgarcia/Library/Developer/Xcode/DerivedData/ModuleCache.noindex/Session.modulevalidation -fmodules-validate-once-per-build-session -Wnon-modular-include-in-framework-module -Werror\=non-modular-include-in-framework-module -Wno-trigraphs -Wno-missing-field-initializers -Wno-missing-prototypes -Wno-return-type -Wno-implicit-atomic-properties -Wno-objc-interface-ivars -Wno-arc-repeated-use-of-weak -Wno-missing-braces -Wparentheses -Wswitch -Wno-unused-function -Wno-unused-label -Wno-unused-parameter -Wno-unused-variable -Wunused-value -Wno-empty-body -Wno-uninitialized -Wno-unknown-pragmas -w -Wno-shadow -Wno-four-char-constants -Wno-conversion -Wno-constant-conversion -Wno-int-conversion -Wno-bool-conversion -Wno-enum-conversion -Wno-float-conversion -Wno-non-literal-null-conversion -Wno-objc-literal-conversion -Wshorten-64-to-32 -Wpointer-sign -Wno-newline-eof -Wno-selector -Wno-strict-selector-match -Wno-undeclared-selector -Wno-deprecated-implementations -Wno-implicit-fallthrough -fstrict-aliasing -Wprotocol -Wdeprecated-declarations -Wno-sign-conversion -Wno-infinite-recursion -Wno-comma -Wno-block-capture-autoreleasing -Wno-strict-prototypes -Wno-semicolon-before-method-body -index-store-path /Users/hectorgarcia/Library/Developer/Xcode/DerivedData/Lyo-eagkiegzrakogpczynhkaholsscs/Index.noindex/DataStore @/Users/hectorgarcia/Library/Developer/Xcode/DerivedData/Build/Intermediates.noindex/Firebase.build/Debug-iphonesimulator/FirebaseAuth.build/Objects-normal/x86_64/e6072d4f65d7061329687fe24e3d63a7-common-args.resp -include /Users/hectorgarcia/Library/Developer/Xcode/DerivedData/Build/Intermediates.noindex/Firebase.build/Debug-iphonesimulator/FirebaseAuth.build/DerivedSources/resource_bundle_accessor.h -MMD -MT dependencies -MF /Users/hectorgarcia/Library/Developer/Xcode/DerivedData/Build/Intermediates.noindex/Firebase.build/Debug-iphonesimulator/FirebaseAuth.build/Objects-normal/x86_64/FIRCreateAuthURIRequest.d --serialize-diagnostics /Users/hectorgarcia/Library/Developer/Xcode/DerivedData/Build/Intermediates.noindex/Firebase.build/Debug-iphonesimulator/FirebaseAuth.build/Objects-normal/x86_64/FIRCreateAuthURIRequest.dia -c /Users/hectorgarcia/Library/Developer/Xcode/DerivedData/Lyo-eagkiegzrakogpczynhkaholsscs/SourcePackages/checkouts/firebase-ios-sdk/FirebaseAuth/Sources/Backend/RPC/FIRCreateAuthURIRequest.m -o /Users/hectorgarcia/Library/Developer/Xcode/DerivedData/Build/Intermediates.noindex/Firebase.build/Debug-iphonesimulator/FirebaseAuth.build/Objects-normal/x86_64/FIRCreateAuthURIRequest.o -index-unit-output-path /Firebase.build/Debug-iphonesimulator/FirebaseAuth.build/Objects-normal/x86_64/FIRCreateAuthURIRequest.o

CompileC /Users/hectorgarcia/Library/Developer/Xcode/DerivedData/Build/Intermediates.noindex/Firebase.build/Debug-iphonesimulator/FirebaseAuth.build/Objects-normal/x86_64/FIRDeleteAccountResponse.o /Users/hectorgarcia/Library/Developer/Xcode/DerivedData/Lyo-eagkiegzrakogpczynhkaholsscs/SourcePackages/checkouts/firebase-ios-sdk/FirebaseAuth/Sources/Backend/RPC/FIRDeleteAccountResponse.m normal x86_64 objective-c com.apple.compilers.llvm.clang.1_0.compiler (in target 'FirebaseAuth' from project 'Firebase')
    cd /Users/hectorgarcia/LYO_Da_ONE/Lyo.xcodeproj
    
    Using response file: /Users/hectorgarcia/Library/Developer/Xcode/DerivedData/Build/Intermediates.noindex/Firebase.build/Debug-iphonesimulator/FirebaseAuth.build/Objects-normal/x86_64/e6072d4f65d7061329687fe24e3d63a7-common-args.resp
    
    /Users/hectorgarcia/Downloads/Xcode.app/Contents/Developer/Toolchains/XcodeDefault.xctoolchain/usr/bin/clang -x objective-c -ivfsstatcache /Users/hectorgarcia/Library/Developer/Xcode/DerivedData/SDKStatCaches.noindex/iphonesimulator26.2-23C53-823d3e8b6e60bc2018c189d3ca05ba9b.sdkstatcache -fmessage-length\=0 -fdiagnostics-show-note-include-stack -fmacro-backtrace-limit\=0 -fno-color-diagnostics -fmodules-prune-interval\=86400 -fmodules-prune-after\=345600 -fbuild-session-file\=/Users/hectorgarcia/Library/Developer/Xcode/DerivedData/ModuleCache.noindex/Session.modulevalidation -fmodules-validate-once-per-build-session -Wnon-modular-include-in-framework-module -Werror\=non-modular-include-in-framework-module -Wno-trigraphs -Wno-missing-field-initializers -Wno-missing-prototypes -Wno-return-type -Wno-implicit-atomic-properties -Wno-objc-interface-ivars -Wno-arc-repeated-use-of-weak -Wno-missing-braces -Wparentheses -Wswitch -Wno-unused-function -Wno-unused-label -Wno-unused-parameter -Wno-unused-variable -Wunused-value -Wno-empty-body -Wno-uninitialized -Wno-unknown-pragmas -w -Wno-shadow -Wno-four-char-constants -Wno-conversion -Wno-constant-conversion -Wno-int-conversion -Wno-bool-conversion -Wno-enum-conversion -Wno-float-conversion -Wno-non-literal-null-conversion -Wno-objc-literal-conversion -Wshorten-64-to-32 -Wpointer-sign -Wno-newline-eof -Wno-selector -Wno-strict-selector-match -Wno-undeclared-selector -Wno-deprecated-implementations -Wno-implicit-fallthrough -fstrict-aliasing -Wprotocol -Wdeprecated-declarations -Wno-sign-conversion -Wno-infinite-recursion -Wno-comma -Wno-block-capture-autoreleasing -Wno-strict-prototypes -Wno-semicolon-before-method-body -index-store-path /Users/hectorgarcia/Library/Developer/Xcode/DerivedData/Lyo-eagkiegzrakogpczynhkaholsscs/Index.noindex/DataStore @/Users/hectorgarcia/Library/Developer/Xcode/DerivedData/Build/Intermediates.noindex/Firebase.build/Debug-iphonesimulator/FirebaseAuth.build/Objects-normal/x86_64/e6072d4f65d7061329687fe24e3d63a7-common-args.resp -include /Users/hectorgarcia/Library/Developer/Xcode/DerivedData/Build/Intermediates.noindex/Firebase.build/Debug-iphonesimulator/FirebaseAuth.build/DerivedSources/resource_bundle_accessor.h -MMD -MT dependencies -MF /Users/hectorgarcia/Library/Developer/Xcode/DerivedData/Build/Intermediates.noindex/Firebase.build/Debug-iphonesimulator/FirebaseAuth.build/Objects-normal/x86_64/FIRDeleteAccountResponse.d --serialize-diagnostics /Users/hectorgarcia/Library/Developer/Xcode/DerivedData/Build/Intermediates.noindex/Firebase.build/Debug-iphonesimulator/FirebaseAuth.build/Objects-normal/x86_64/FIRDeleteAccountResponse.dia -c /Users/hectorgarcia/Library/Developer/Xcode/DerivedData/Lyo-eagkiegzrakogpczynhkaholsscs/SourcePackages/checkouts/firebase-ios-sdk/FirebaseAuth/Sources/Backend/RPC/FIRDeleteAccountResponse.m -o /Users/hectorgarcia/Library/Developer/Xcode/DerivedData/Build/Intermediates.noindex/Firebase.build/Debug-iphonesimulator/FirebaseAuth.build/Objects-normal/x86_64/FIRDeleteAccountResponse.o -index-unit-output-path /Firebase.build/Debug-iphonesimulator/FirebaseAuth.build/Objects-normal/x86_64/FIRDeleteAccountResponse.o

ScanDependencies /Users/hectorgarcia/Library/Developer/Xcode/DerivedData/Build/Intermediates.noindex/Firebase.build/Debug-iphonesimulator/FirebaseAuth.build/Objects-normal/x86_64/FIRAuthWebViewController.o /Users/hectorgarcia/Library/Developer/Xcode/DerivedData/Lyo-eagkiegzrakogpczynhkaholsscs/SourcePackages/checkouts/firebase-ios-sdk/FirebaseAuth/Sources/Utilities/FIRAuthWebViewController.m normal x86_64 objective-c com.apple.compilers.llvm.clang.1_0.compiler (in target 'FirebaseAuth' from project 'Firebase')
    cd /Users/hectorgarcia/LYO_Da_ONE/Lyo.xcodeproj
    
    Using response file: /Users/hectorgarcia/Library/Developer/Xcode/DerivedData/Build/Intermediates.noindex/Firebase.build/Debug-iphonesimulator/FirebaseAuth.build/Objects-normal/x86_64/e6072d4f65d7061329687fe24e3d63a7-common-args.resp
    
    builtin-ScanDependencies -o /Users/hectorgarcia/Library/Developer/Xcode/DerivedData/Build/Intermediates.noindex/Firebase.build/Debug-iphonesimulator/FirebaseAuth.build/Objects-normal/x86_64/FIRAuthWebViewController.o.scan -- /Users/hectorgarcia/Downloads/Xcode.app/Contents/Developer/Toolchains/XcodeDefault.xctoolchain/usr/bin/clang -x objective-c -ivfsstatcache /Users/hectorgarcia/Library/Developer/Xcode/DerivedData/SDKStatCaches.noindex/iphonesimulator26.2-23C53-823d3e8b6e60bc2018c189d3ca05ba9b.sdkstatcache -fmessage-length\=0 -fdiagnostics-show-note-include-stack -fmacro-backtrace-limit\=0 -fno-color-diagnostics -fmodules-prune-interval\=86400 -fmodules-prune-after\=345600 -fbuild-session-file\=/Users/hectorgarcia/Library/Developer/Xcode/DerivedData/ModuleCache.noindex/Session.modulevalidation -fmodules-validate-once-per-build-session -Wnon-modular-include-in-framework-module -Werror\=non-modular-include-in-framework-module -Wno-trigraphs -Wno-missing-field-initializers -Wno-missing-prototypes -Wno-return-type -Wno-implicit-atomic-properties -Wno-objc-interface-ivars -Wno-arc-repeated-use-of-weak -Wno-missing-braces -Wparentheses -Wswitch -Wno-unused-function -Wno-unused-label -Wno-unused-parameter -Wno-unused-variable -Wunused-value -Wno-empty-body -Wno-uninitialized -Wno-unknown-pragmas -w -Wno-shadow -Wno-four-char-constants -Wno-conversion -Wno-constant-conversion -Wno-int-conversion -Wno-bool-conversion -Wno-enum-conversion -Wno-float-conversion -Wno-non-literal-null-conversion -Wno-objc-literal-conversion -Wshorten-64-to-32 -Wpointer-sign -Wno-newline-eof -Wno-selector -Wno-strict-selector-match -Wno-undeclared-selector -Wno-deprecated-implementations -Wno-implicit-fallthrough -fstrict-aliasing -Wprotocol -Wdeprecated-declarations -Wno-sign-conversion -Wno-infinite-recursion -Wno-comma -Wno-block-capture-autoreleasing -Wno-strict-prototypes -Wno-semicolon-before-method-body -index-store-path /Users/hectorgarcia/Library/Developer/Xcode/DerivedData/Lyo-eagkiegzrakogpczynhkaholsscs/Index.noindex/DataStore @/Users/hectorgarcia/Library/Developer/Xcode/DerivedData/Build/Intermediates.noindex/Firebase.build/Debug-iphonesimulator/FirebaseAuth.build/Objects-normal/x86_64/e6072d4f65d7061329687fe24e3d63a7-common-args.resp -include /Users/hectorgarcia/Library/Developer/Xcode/DerivedData/Build/Intermediates.noindex/Firebase.build/Debug-iphonesimulator/FirebaseAuth.build/DerivedSources/resource_bundle_accessor.h -MMD -MT dependencies -MF /Users/hectorgarcia/Library/Developer/Xcode/DerivedData/Build/Intermediates.noindex/Firebase.build/Debug-iphonesimulator/FirebaseAuth.build/Objects-normal/x86_64/FIRAuthWebViewController.d --serialize-diagnostics /Users/hectorgarcia/Library/Developer/Xcode/DerivedData/Build/Intermediates.noindex/Firebase.build/Debug-iphonesimulator/FirebaseAuth.build/Objects-normal/x86_64/FIRAuthWebViewController.dia -c /Users/hectorgarcia/Library/Developer/Xcode/DerivedData/Lyo-eagkiegzrakogpczynhkaholsscs/SourcePackages/checkouts/firebase-ios-sdk/FirebaseAuth/Sources/Utilities/FIRAuthWebViewController.m -o /Users/hectorgarcia/Library/Developer/Xcode/DerivedData/Build/Intermediates.noindex/Firebase.build/Debug-iphonesimulator/FirebaseAuth.build/Objects-normal/x86_64/FIRAuthWebViewController.o -index-unit-output-path /Firebase.build/Debug-iphonesimulator/FirebaseAuth.build/Objects-normal/x86_64/FIRAuthWebViewController.o

CompileC /Users/hectorgarcia/Library/Developer/Xcode/DerivedData/Build/Intermediates.noindex/Firebase.build/Debug-iphonesimulator/FirebaseAuth.build/Objects-normal/x86_64/FIRDeleteAccountRequest.o /Users/hectorgarcia/Library/Developer/Xcode/DerivedData/Lyo-eagkiegzrakogpczynhkaholsscs/SourcePackages/checkouts/firebase-ios-sdk/FirebaseAuth/Sources/Backend/RPC/FIRDeleteAccountRequest.m normal x86_64 objective-c com.apple.compilers.llvm.clang.1_0.compiler (in target 'FirebaseAuth' from project 'Firebase')
    cd /Users/hectorgarcia/LYO_Da_ONE/Lyo.xcodeproj
    
    Using response file: /Users/hectorgarcia/Library/Developer/Xcode/DerivedData/Build/Intermediates.noindex/Firebase.build/Debug-iphonesimulator/FirebaseAuth.build/Objects-normal/x86_64/e6072d4f65d7061329687fe24e3d63a7-common-args.resp
    
    /Users/hectorgarcia/Downloads/Xcode.app/Contents/Developer/Toolchains/XcodeDefault.xctoolchain/usr/bin/clang -x objective-c -ivfsstatcache /Users/hectorgarcia/Library/Developer/Xcode/DerivedData/SDKStatCaches.noindex/iphonesimulator26.2-23C53-823d3e8b6e60bc2018c189d3ca05ba9b.sdkstatcache -fmessage-length\=0 -fdiagnostics-show-note-include-stack -fmacro-backtrace-limit\=0 -fno-color-diagnostics -fmodules-prune-interval\=86400 -fmodules-prune-after\=345600 -fbuild-session-file\=/Users/hectorgarcia/Library/Developer/Xcode/DerivedData/ModuleCache.noindex/Session.modulevalidation -fmodules-validate-once-per-build-session -Wnon-modular-include-in-framework-module -Werror\=non-modular-include-in-framework-module -Wno-trigraphs -Wno-missing-field-initializers -Wno-missing-prototypes -Wno-return-type -Wno-implicit-atomic-properties -Wno-objc-interface-ivars -Wno-arc-repeated-use-of-weak -Wno-missing-braces -Wparentheses -Wswitch -Wno-unused-function -Wno-unused-label -Wno-unused-parameter -Wno-unused-variable -Wunused-value -Wno-empty-body -Wno-uninitialized -Wno-unknown-pragmas -w -Wno-shadow -Wno-four-char-constants -Wno-conversion -Wno-constant-conversion -Wno-int-conversion -Wno-bool-conversion -Wno-enum-conversion -Wno-float-conversion -Wno-non-literal-null-conversion -Wno-objc-literal-conversion -Wshorten-64-to-32 -Wpointer-sign -Wno-newline-eof -Wno-selector -Wno-strict-selector-match -Wno-undeclared-selector -Wno-deprecated-implementations -Wno-implicit-fallthrough -fstrict-aliasing -Wprotocol -Wdeprecated-declarations -Wno-sign-conversion -Wno-infinite-recursion -Wno-comma -Wno-block-capture-autoreleasing -Wno-strict-prototypes -Wno-semicolon-before-method-body -index-store-path /Users/hectorgarcia/Library/Developer/Xcode/DerivedData/Lyo-eagkiegzrakogpczynhkaholsscs/Index.noindex/DataStore @/Users/hectorgarcia/Library/Developer/Xcode/DerivedData/Build/Intermediates.noindex/Firebase.build/Debug-iphonesimulator/FirebaseAuth.build/Objects-normal/x86_64/e6072d4f65d7061329687fe24e3d63a7-common-args.resp -include /Users/hectorgarcia/Library/Developer/Xcode/DerivedData/Build/Intermediates.noindex/Firebase.build/Debug-iphonesimulator/FirebaseAuth.build/DerivedSources/resource_bundle_accessor.h -MMD -MT dependencies -MF /Users/hectorgarcia/Library/Developer/Xcode/DerivedData/Build/Intermediates.noindex/Firebase.build/Debug-iphonesimulator/FirebaseAuth.build/Objects-normal/x86_64/FIRDeleteAccountRequest.d --serialize-diagnostics /Users/hectorgarcia/Library/Developer/Xcode/DerivedData/Build/Intermediates.noindex/Firebase.build/Debug-iphonesimulator/FirebaseAuth.build/Objects-normal/x86_64/FIRDeleteAccountRequest.dia -c /Users/hectorgarcia/Library/Developer/Xcode/DerivedData/Lyo-eagkiegzrakogpczynhkaholsscs/SourcePackages/checkouts/firebase-ios-sdk/FirebaseAuth/Sources/Backend/RPC/FIRDeleteAccountRequest.m -o /Users/hectorgarcia/Library/Developer/Xcode/DerivedData/Build/Intermediates.noindex/Firebase.build/Debug-iphonesimulator/FirebaseAuth.build/Objects-normal/x86_64/FIRDeleteAccountRequest.o -index-unit-output-path /Firebase.build/Debug-iphonesimulator/FirebaseAuth.build/Objects-normal/x86_64/FIRDeleteAccountRequest.o

CompileC /Users/hectorgarcia/Library/Developer/Xcode/DerivedData/Build/Intermediates.noindex/Firebase.build/Debug-iphonesimulator/FirebaseAuth.build/Objects-normal/x86_64/FIRCreateAuthURIResponse.o /Users/hectorgarcia/Library/Developer/Xcode/DerivedData/Lyo-eagkiegzrakogpczynhkaholsscs/SourcePackages/checkouts/firebase-ios-sdk/FirebaseAuth/Sources/Backend/RPC/FIRCreateAuthURIResponse.m normal x86_64 objective-c com.apple.compilers.llvm.clang.1_0.compiler (in target 'FirebaseAuth' from project 'Firebase')
    cd /Users/hectorgarcia/LYO_Da_ONE/Lyo.xcodeproj
    
    Using response file: /Users/hectorgarcia/Library/Developer/Xcode/DerivedData/Build/Intermediates.noindex/Firebase.build/Debug-iphonesimulator/FirebaseAuth.build/Objects-normal/x86_64/e6072d4f65d7061329687fe24e3d63a7-common-args.resp
    
    /Users/hectorgarcia/Downloads/Xcode.app/Contents/Developer/Toolchains/XcodeDefault.xctoolchain/usr/bin/clang -x objective-c -ivfsstatcache /Users/hectorgarcia/Library/Developer/Xcode/DerivedData/SDKStatCaches.noindex/iphonesimulator26.2-23C53-823d3e8b6e60bc2018c189d3ca05ba9b.sdkstatcache -fmessage-length\=0 -fdiagnostics-show-note-include-stack -fmacro-backtrace-limit\=0 -fno-color-diagnostics -fmodules-prune-interval\=86400 -fmodules-prune-after\=345600 -fbuild-session-file\=/Users/hectorgarcia/Library/Developer/Xcode/DerivedData/ModuleCache.noindex/Session.modulevalidation -fmodules-validate-once-per-build-session -Wnon-modular-include-in-framework-module -Werror\=non-modular-include-in-framework-module -Wno-trigraphs -Wno-missing-field-initializers -Wno-missing-prototypes -Wno-return-type -Wno-implicit-atomic-properties -Wno-objc-interface-ivars -Wno-arc-repeated-use-of-weak -Wno-missing-braces -Wparentheses -Wswitch -Wno-unused-function -Wno-unused-label -Wno-unused-parameter -Wno-unused-variable -Wunused-value -Wno-empty-body -Wno-uninitialized -Wno-unknown-pragmas -w -Wno-shadow -Wno-four-char-constants -Wno-conversion -Wno-constant-conversion -Wno-int-conversion -Wno-bool-conversion -Wno-enum-conversion -Wno-float-conversion -Wno-non-literal-null-conversion -Wno-objc-literal-conversion -Wshorten-64-to-32 -Wpointer-sign -Wno-newline-eof -Wno-selector -Wno-strict-selector-match -Wno-undeclared-selector -Wno-deprecated-implementations -Wno-implicit-fallthrough -fstrict-aliasing -Wprotocol -Wdeprecated-declarations -Wno-sign-conversion -Wno-infinite-recursion -Wno-comma -Wno-block-capture-autoreleasing -Wno-strict-prototypes -Wno-semicolon-before-method-body -index-store-path /Users/hectorgarcia/Library/Developer/Xcode/DerivedData/Lyo-eagkiegzrakogpczynhkaholsscs/Index.noindex/DataStore @/Users/hectorgarcia/Library/Developer/Xcode/DerivedData/Build/Intermediates.noindex/Firebase.build/Debug-iphonesimulator/FirebaseAuth.build/Objects-normal/x86_64/e6072d4f65d7061329687fe24e3d63a7-common-args.resp -include /Users/hectorgarcia/Library/Developer/Xcode/DerivedData/Build/Intermediates.noindex/Firebase.build/Debug-iphonesimulator/FirebaseAuth.build/DerivedSources/resource_bundle_accessor.h -MMD -MT dependencies -MF /Users/hectorgarcia/Library/Developer/Xcode/DerivedData/Build/Intermediates.noindex/Firebase.build/Debug-iphonesimulator/FirebaseAuth.build/Objects-normal/x86_64/FIRCreateAuthURIResponse.d --serialize-diagnostics /Users/hectorgarcia/Library/Developer/Xcode/DerivedData/Build/Intermediates.noindex/Firebase.build/Debug-iphonesimulator/FirebaseAuth.build/Objects-normal/x86_64/FIRCreateAuthURIResponse.dia -c /Users/hectorgarcia/Library/Developer/Xcode/DerivedData/Lyo-eagkiegzrakogpczynhkaholsscs/SourcePackages/checkouts/firebase-ios-sdk/FirebaseAuth/Sources/Backend/RPC/FIRCreateAuthURIResponse.m -o /Users/hectorgarcia/Library/Developer/Xcode/DerivedData/Build/Intermediates.noindex/Firebase.build/Debug-iphonesimulator/FirebaseAuth.build/Objects-normal/x86_64/FIRCreateAuthURIResponse.o -index-unit-output-path /Firebase.build/Debug-iphonesimulator/FirebaseAuth.build/Objects-normal/x86_64/FIRCreateAuthURIResponse.o

PrecompileModule /Users/hectorgarcia/Library/Developer/Xcode/DerivedData/Build/Intermediates.noindex/ExplicitPrecompiledModules/CoreImage-3NQJKKMQAHPAI1M4IESWK4LV4.scan
    cd /
    builtin-precompileModule /Users/hectorgarcia/Library/Developer/Xcode/DerivedData/Build/Intermediates.noindex/ExplicitPrecompiledModules/CoreImage-3NQJKKMQAHPAI1M4IESWK4LV4.scan

PrecompileModule /Users/hectorgarcia/Library/Developer/Xcode/DerivedData/Build/Intermediates.noindex/ExplicitPrecompiledModules/QuartzCore-BH57RJR2R1D5FH9M56NVDYJBW.scan
    cd /
    builtin-precompileModule /Users/hectorgarcia/Library/Developer/Xcode/DerivedData/Build/Intermediates.noindex/ExplicitPrecompiledModules/QuartzCore-BH57RJR2R1D5FH9M56NVDYJBW.scan

CompileC /Users/hectorgarcia/Library/Developer/Xcode/DerivedData/Build/Intermediates.noindex/Firebase.build/Debug-iphonesimulator/FirebaseAuth.build/Objects-normal/x86_64/FIRCreateAuthURIRequest.o /Users/hectorgarcia/Library/Developer/Xcode/DerivedData/Lyo-eagkiegzrakogpczynhkaholsscs/SourcePackages/checkouts/firebase-ios-sdk/FirebaseAuth/Sources/Backend/RPC/FIRCreateAuthURIRequest.m normal x86_64 objective-c com.apple.compilers.llvm.clang.1_0.compiler (in target 'FirebaseAuth' from project 'Firebase')
    cd /Users/hectorgarcia/LYO_Da_ONE/Lyo.xcodeproj
    
    Using response file: /Users/hectorgarcia/Library/Developer/Xcode/DerivedData/Build/Intermediates.noindex/Firebase.build/Debug-iphonesimulator/FirebaseAuth.build/Objects-normal/x86_64/e6072d4f65d7061329687fe24e3d63a7-common-args.resp
    
    /Users/hectorgarcia/Downloads/Xcode.app/Contents/Developer/Toolchains/XcodeDefault.xctoolchain/usr/bin/clang -x objective-c -ivfsstatcache /Users/hectorgarcia/Library/Developer/Xcode/DerivedData/SDKStatCaches.noindex/iphonesimulator26.2-23C53-823d3e8b6e60bc2018c189d3ca05ba9b.sdkstatcache -fmessage-length\=0 -fdiagnostics-show-note-include-stack -fmacro-backtrace-limit\=0 -fno-color-diagnostics -fmodules-prune-interval\=86400 -fmodules-prune-after\=345600 -fbuild-session-file\=/Users/hectorgarcia/Library/Developer/Xcode/DerivedData/ModuleCache.noindex/Session.modulevalidation -fmodules-validate-once-per-build-session -Wnon-modular-include-in-framework-module -Werror\=non-modular-include-in-framework-module -Wno-trigraphs -Wno-missing-field-initializers -Wno-missing-prototypes -Wno-return-type -Wno-implicit-atomic-properties -Wno-objc-interface-ivars -Wno-arc-repeated-use-of-weak -Wno-missing-braces -Wparentheses -Wswitch -Wno-unused-function -Wno-unused-label -Wno-unused-parameter -Wno-unused-variable -Wunused-value -Wno-empty-body -Wno-uninitialized -Wno-unknown-pragmas -w -Wno-shadow -Wno-four-char-constants -Wno-conversion -Wno-constant-conversion -Wno-int-conversion -Wno-bool-conversion -Wno-enum-conversion -Wno-float-conversion -Wno-non-literal-null-conversion -Wno-objc-literal-conversion -Wshorten-64-to-32 -Wpointer-sign -Wno-newline-eof -Wno-selector -Wno-strict-selector-match -Wno-undeclared-selector -Wno-deprecated-implementations -Wno-implicit-fallthrough -fstrict-aliasing -Wprotocol -Wdeprecated-declarations -Wno-sign-conversion -Wno-infinite-recursion -Wno-comma -Wno-block-capture-autoreleasing -Wno-strict-prototypes -Wno-semicolon-before-method-body -index-store-path /Users/hectorgarcia/Library/Developer/Xcode/DerivedData/Lyo-eagkiegzrakogpczynhkaholsscs/Index.noindex/DataStore @/Users/hectorgarcia/Library/Developer/Xcode/DerivedData/Build/Intermediates.noindex/Firebase.build/Debug-iphonesimulator/FirebaseAuth.build/Objects-normal/x86_64/e6072d4f65d7061329687fe24e3d63a7-common-args.resp -include /Users/hectorgarcia/Library/Developer/Xcode/DerivedData/Build/Intermediates.noindex/Firebase.build/Debug-iphonesimulator/FirebaseAuth.build/DerivedSources/resource_bundle_accessor.h -MMD -MT dependencies -MF /Users/hectorgarcia/Library/Developer/Xcode/DerivedData/Build/Intermediates.noindex/Firebase.build/Debug-iphonesimulator/FirebaseAuth.build/Objects-normal/x86_64/FIRCreateAuthURIRequest.d --serialize-diagnostics /Users/hectorgarcia/Library/Developer/Xcode/DerivedData/Build/Intermediates.noindex/Firebase.build/Debug-iphonesimulator/FirebaseAuth.build/Objects-normal/x86_64/FIRCreateAuthURIRequest.dia -c /Users/hectorgarcia/Library/Developer/Xcode/DerivedData/Lyo-eagkiegzrakogpczynhkaholsscs/SourcePackages/checkouts/firebase-ios-sdk/FirebaseAuth/Sources/Backend/RPC/FIRCreateAuthURIRequest.m -o /Users/hectorgarcia/Library/Developer/Xcode/DerivedData/Build/Intermediates.noindex/Firebase.build/Debug-iphonesimulator/FirebaseAuth.build/Objects-normal/x86_64/FIRCreateAuthURIRequest.o -index-unit-output-path /Firebase.build/Debug-iphonesimulator/FirebaseAuth.build/Objects-normal/x86_64/FIRCreateAuthURIRequest.o

ScanDependencies /Users/hectorgarcia/Library/Developer/Xcode/DerivedData/Build/Intermediates.noindex/Firebase.build/Debug-iphonesimulator/FirebaseAuth.build/Objects-normal/x86_64/FIRAuthWebView.o /Users/hectorgarcia/Library/Developer/Xcode/DerivedData/Lyo-eagkiegzrakogpczynhkaholsscs/SourcePackages/checkouts/firebase-ios-sdk/FirebaseAuth/Sources/Utilities/FIRAuthWebView.m normal x86_64 objective-c com.apple.compilers.llvm.clang.1_0.compiler (in target 'FirebaseAuth' from project 'Firebase')
    cd /Users/hectorgarcia/LYO_Da_ONE/Lyo.xcodeproj
    
    Using response file: /Users/hectorgarcia/Library/Developer/Xcode/DerivedData/Build/Intermediates.noindex/Firebase.build/Debug-iphonesimulator/FirebaseAuth.build/Objects-normal/x86_64/e6072d4f65d7061329687fe24e3d63a7-common-args.resp
    
    builtin-ScanDependencies -o /Users/hectorgarcia/Library/Developer/Xcode/DerivedData/Build/Intermediates.noindex/Firebase.build/Debug-iphonesimulator/FirebaseAuth.build/Objects-normal/x86_64/FIRAuthWebView.o.scan -- /Users/hectorgarcia/Downloads/Xcode.app/Contents/Developer/Toolchains/XcodeDefault.xctoolchain/usr/bin/clang -x objective-c -ivfsstatcache /Users/hectorgarcia/Library/Developer/Xcode/DerivedData/SDKStatCaches.noindex/iphonesimulator26.2-23C53-823d3e8b6e60bc2018c189d3ca05ba9b.sdkstatcache -fmessage-length\=0 -fdiagnostics-show-note-include-stack -fmacro-backtrace-limit\=0 -fno-color-diagnostics -fmodules-prune-interval\=86400 -fmodules-prune-after\=345600 -fbuild-session-file\=/Users/hectorgarcia/Library/Developer/Xcode/DerivedData/ModuleCache.noindex/Session.modulevalidation -fmodules-validate-once-per-build-session -Wnon-modular-include-in-framework-module -Werror\=non-modular-include-in-framework-module -Wno-trigraphs -Wno-missing-field-initializers -Wno-missing-prototypes -Wno-return-type -Wno-implicit-atomic-properties -Wno-objc-interface-ivars -Wno-arc-repeated-use-of-weak -Wno-missing-braces -Wparentheses -Wswitch -Wno-unused-function -Wno-unused-label -Wno-unused-parameter -Wno-unused-variable -Wunused-value -Wno-empty-body -Wno-uninitialized -Wno-unknown-pragmas -w -Wno-shadow -Wno-four-char-constants -Wno-conversion -Wno-constant-conversion -Wno-int-conversion -Wno-bool-conversion -Wno-enum-conversion -Wno-float-conversion -Wno-non-literal-null-conversion -Wno-objc-literal-conversion -Wshorten-64-to-32 -Wpointer-sign -Wno-newline-eof -Wno-selector -Wno-strict-selector-match -Wno-undeclared-selector -Wno-deprecated-implementations -Wno-implicit-fallthrough -fstrict-aliasing -Wprotocol -Wdeprecated-declarations -Wno-sign-conversion -Wno-infinite-recursion -Wno-comma -Wno-block-capture-autoreleasing -Wno-strict-prototypes -Wno-semicolon-before-method-body -index-store-path /Users/hectorgarcia/Library/Developer/Xcode/DerivedData/Lyo-eagkiegzrakogpczynhkaholsscs/Index.noindex/DataStore @/Users/hectorgarcia/Library/Developer/Xcode/DerivedData/Build/Intermediates.noindex/Firebase.build/Debug-iphonesimulator/FirebaseAuth.build/Objects-normal/x86_64/e6072d4f65d7061329687fe24e3d63a7-common-args.resp -include /Users/hectorgarcia/Library/Developer/Xcode/DerivedData/Build/Intermediates.noindex/Firebase.build/Debug-iphonesimulator/FirebaseAuth.build/DerivedSources/resource_bundle_accessor.h -MMD -MT dependencies -MF /Users/hectorgarcia/Library/Developer/Xcode/DerivedData/Build/Intermediates.noindex/Firebase.build/Debug-iphonesimulator/FirebaseAuth.build/Objects-normal/x86_64/FIRAuthWebView.d --serialize-diagnostics /Users/hectorgarcia/Library/Developer/Xcode/DerivedData/Build/Intermediates.noindex/Firebase.build/Debug-iphonesimulator/FirebaseAuth.build/Objects-normal/x86_64/FIRAuthWebView.dia -c /Users/hectorgarcia/Library/Developer/Xcode/DerivedData/Lyo-eagkiegzrakogpczynhkaholsscs/SourcePackages/checkouts/firebase-ios-sdk/FirebaseAuth/Sources/Utilities/FIRAuthWebView.m -o /Users/hectorgarcia/Library/Developer/Xcode/DerivedData/Build/Intermediates.noindex/Firebase.build/Debug-iphonesimulator/FirebaseAuth.build/Objects-normal/x86_64/FIRAuthWebView.o -index-unit-output-path /Firebase.build/Debug-iphonesimulator/FirebaseAuth.build/Objects-normal/x86_64/FIRAuthWebView.o

PrecompileModule /Users/hectorgarcia/Library/Developer/Xcode/DerivedData/Build/Intermediates.noindex/ExplicitPrecompiledModules/WebKit-21OX2N2Z3NJABGIA8MBW811IL.scan
    cd /
    builtin-precompileModule /Users/hectorgarcia/Library/Developer/Xcode/DerivedData/Build/Intermediates.noindex/ExplicitPrecompiledModules/WebKit-21OX2N2Z3NJABGIA8MBW811IL.scan

ScanDependencies /Users/hectorgarcia/Library/Developer/Xcode/DerivedData/Build/Intermediates.noindex/Firebase.build/Debug-iphonesimulator/FirebaseAuth.build/Objects-normal/x86_64/FIRAuthWebUtils.o /Users/hectorgarcia/Library/Developer/Xcode/DerivedData/Lyo-eagkiegzrakogpczynhkaholsscs/SourcePackages/checkouts/firebase-ios-sdk/FirebaseAuth/Sources/Utilities/FIRAuthWebUtils.m normal x86_64 objective-c com.apple.compilers.llvm.clang.1_0.compiler (in target 'FirebaseAuth' from project 'Firebase')
    cd /Users/hectorgarcia/LYO_Da_ONE/Lyo.xcodeproj
    
    Using response file: /Users/hectorgarcia/Library/Developer/Xcode/DerivedData/Build/Intermediates.noindex/Firebase.build/Debug-iphonesimulator/FirebaseAuth.build/Objects-normal/x86_64/e6072d4f65d7061329687fe24e3d63a7-common-args.resp
    
    builtin-ScanDependencies -o /Users/hectorgarcia/Library/Developer/Xcode/DerivedData/Build/Intermediates.noindex/Firebase.build/Debug-iphonesimulator/FirebaseAuth.build/Objects-normal/x86_64/FIRAuthWebUtils.o.scan -- /Users/hectorgarcia/Downloads/Xcode.app/Contents/Developer/Toolchains/XcodeDefault.xctoolchain/usr/bin/clang -x objective-c -ivfsstatcache /Users/hectorgarcia/Library/Developer/Xcode/DerivedData/SDKStatCaches.noindex/iphonesimulator26.2-23C53-823d3e8b6e60bc2018c189d3ca05ba9b.sdkstatcache -fmessage-length\=0 -fdiagnostics-show-note-include-stack -fmacro-backtrace-limit\=0 -fno-color-diagnostics -fmodules-prune-interval\=86400 -fmodules-prune-after\=345600 -fbuild-session-file\=/Users/hectorgarcia/Library/Developer/Xcode/DerivedData/ModuleCache.noindex/Session.modulevalidation -fmodules-validate-once-per-build-session -Wnon-modular-include-in-framework-module -Werror\=non-modular-include-in-framework-module -Wno-trigraphs -Wno-missing-field-initializers -Wno-missing-prototypes -Wno-return-type -Wno-implicit-atomic-properties -Wno-objc-interface-ivars -Wno-arc-repeated-use-of-weak -Wno-missing-braces -Wparentheses -Wswitch -Wno-unused-function -Wno-unused-label -Wno-unused-parameter -Wno-unused-variable -Wunused-value -Wno-empty-body -Wno-uninitialized -Wno-unknown-pragmas -w -Wno-shadow -Wno-four-char-constants -Wno-conversion -Wno-constant-conversion -Wno-int-conversion -Wno-bool-conversion -Wno-enum-conversion -Wno-float-conversion -Wno-non-literal-null-conversion -Wno-objc-literal-conversion -Wshorten-64-to-32 -Wpointer-sign -Wno-newline-eof -Wno-selector -Wno-strict-selector-match -Wno-undeclared-selector -Wno-deprecated-implementations -Wno-implicit-fallthrough -fstrict-aliasing -Wprotocol -Wdeprecated-declarations -Wno-sign-conversion -Wno-infinite-recursion -Wno-comma -Wno-block-capture-autoreleasing -Wno-strict-prototypes -Wno-semicolon-before-method-body -index-store-path /Users/hectorgarcia/Library/Developer/Xcode/DerivedData/Lyo-eagkiegzrakogpczynhkaholsscs/Index.noindex/DataStore @/Users/hectorgarcia/Library/Developer/Xcode/DerivedData/Build/Intermediates.noindex/Firebase.build/Debug-iphonesimulator/FirebaseAuth.build/Objects-normal/x86_64/e6072d4f65d7061329687fe24e3d63a7-common-args.resp -include /Users/hectorgarcia/Library/Developer/Xcode/DerivedData/Build/Intermediates.noindex/Firebase.build/Debug-iphonesimulator/FirebaseAuth.build/DerivedSources/resource_bundle_accessor.h -MMD -MT dependencies -MF /Users/hectorgarcia/Library/Developer/Xcode/DerivedData/Build/Intermediates.noindex/Firebase.build/Debug-iphonesimulator/FirebaseAuth.build/Objects-normal/x86_64/FIRAuthWebUtils.d --serialize-diagnostics /Users/hectorgarcia/Library/Developer/Xcode/DerivedData/Build/Intermediates.noindex/Firebase.build/Debug-iphonesimulator/FirebaseAuth.build/Objects-normal/x86_64/FIRAuthWebUtils.dia -c /Users/hectorgarcia/Library/Developer/Xcode/DerivedData/Lyo-eagkiegzrakogpczynhkaholsscs/SourcePackages/checkouts/firebase-ios-sdk/FirebaseAuth/Sources/Utilities/FIRAuthWebUtils.m -o /Users/hectorgarcia/Library/Developer/Xcode/DerivedData/Build/Intermediates.noindex/Firebase.build/Debug-iphonesimulator/FirebaseAuth.build/Objects-normal/x86_64/FIRAuthWebUtils.o -index-unit-output-path /Firebase.build/Debug-iphonesimulator/FirebaseAuth.build/Objects-normal/x86_64/FIRAuthWebUtils.o

SwiftExplicitDependencyGeneratePcm x86_64 /Users/hectorgarcia/Library/Developer/Xcode/DerivedData/Build/Intermediates.noindex/SwiftExplicitPrecompiledModules/GoogleSignIn-ARNRDX6XHRS6UGH4O2VLYMNJY.pcm

ScanDependencies /Users/hectorgarcia/Library/Developer/Xcode/DerivedData/Build/Intermediates.noindex/Firebase.build/Debug-iphonesimulator/FirebaseAuth.build/Objects-normal/x86_64/FIRAuthUserDefaults.o /Users/hectorgarcia/Library/Developer/Xcode/DerivedData/Lyo-eagkiegzrakogpczynhkaholsscs/SourcePackages/checkouts/firebase-ios-sdk/FirebaseAuth/Sources/Storage/FIRAuthUserDefaults.m normal x86_64 objective-c com.apple.compilers.llvm.clang.1_0.compiler (in target 'FirebaseAuth' from project 'Firebase')
    cd /Users/hectorgarcia/LYO_Da_ONE/Lyo.xcodeproj
    
    Using response file: /Users/hectorgarcia/Library/Developer/Xcode/DerivedData/Build/Intermediates.noindex/Firebase.build/Debug-iphonesimulator/FirebaseAuth.build/Objects-normal/x86_64/e6072d4f65d7061329687fe24e3d63a7-common-args.resp
    
    builtin-ScanDependencies -o /Users/hectorgarcia/Library/Developer/Xcode/DerivedData/Build/Intermediates.noindex/Firebase.build/Debug-iphonesimulator/FirebaseAuth.build/Objects-normal/x86_64/FIRAuthUserDefaults.o.scan -- /Users/hectorgarcia/Downloads/Xcode.app/Contents/Developer/Toolchains/XcodeDefault.xctoolchain/usr/bin/clang -x objective-c -ivfsstatcache /Users/hectorgarcia/Library/Developer/Xcode/DerivedData/SDKStatCaches.noindex/iphonesimulator26.2-23C53-823d3e8b6e60bc2018c189d3ca05ba9b.sdkstatcache -fmessage-length\=0 -fdiagnostics-show-note-include-stack -fmacro-backtrace-limit\=0 -fno-color-diagnostics -fmodules-prune-interval\=86400 -fmodules-prune-after\=345600 -fbuild-session-file\=/Users/hectorgarcia/Library/Developer/Xcode/DerivedData/ModuleCache.noindex/Session.modulevalidation -fmodules-validate-once-per-build-session -Wnon-modular-include-in-framework-module -Werror\=non-modular-include-in-framework-module -Wno-trigraphs -Wno-missing-field-initializers -Wno-missing-prototypes -Wno-return-type -Wno-implicit-atomic-properties -Wno-objc-interface-ivars -Wno-arc-repeated-use-of-weak -Wno-missing-braces -Wparentheses -Wswitch -Wno-unused-function -Wno-unused-label -Wno-unused-parameter -Wno-unused-variable -Wunused-value -Wno-empty-body -Wno-uninitialized -Wno-unknown-pragmas -w -Wno-shadow -Wno-four-char-constants -Wno-conversion -Wno-constant-conversion -Wno-int-conversion -Wno-bool-conversion -Wno-enum-conversion -Wno-float-conversion -Wno-non-literal-null-conversion -Wno-objc-literal-conversion -Wshorten-64-to-32 -Wpointer-sign -Wno-newline-eof -Wno-selector -Wno-strict-selector-match -Wno-undeclared-selector -Wno-deprecated-implementations -Wno-implicit-fallthrough -fstrict-aliasing -Wprotocol -Wdeprecated-declarations -Wno-sign-conversion -Wno-infinite-recursion -Wno-comma -Wno-block-capture-autoreleasing -Wno-strict-prototypes -Wno-semicolon-before-method-body -index-store-path /Users/hectorgarcia/Library/Developer/Xcode/DerivedData/Lyo-eagkiegzrakogpczynhkaholsscs/Index.noindex/DataStore @/Users/hectorgarcia/Library/Developer/Xcode/DerivedData/Build/Intermediates.noindex/Firebase.build/Debug-iphonesimulator/FirebaseAuth.build/Objects-normal/x86_64/e6072d4f65d7061329687fe24e3d63a7-common-args.resp -include /Users/hectorgarcia/Library/Developer/Xcode/DerivedData/Build/Intermediates.noindex/Firebase.build/Debug-iphonesimulator/FirebaseAuth.build/DerivedSources/resource_bundle_accessor.h -MMD -MT dependencies -MF /Users/hectorgarcia/Library/Developer/Xcode/DerivedData/Build/Intermediates.noindex/Firebase.build/Debug-iphonesimulator/FirebaseAuth.build/Objects-normal/x86_64/FIRAuthUserDefaults.d --serialize-diagnostics /Users/hectorgarcia/Library/Developer/Xcode/DerivedData/Build/Intermediates.noindex/Firebase.build/Debug-iphonesimulator/FirebaseAuth.build/Objects-normal/x86_64/FIRAuthUserDefaults.dia -c /Users/hectorgarcia/Library/Developer/Xcode/DerivedData/Lyo-eagkiegzrakogpczynhkaholsscs/SourcePackages/checkouts/firebase-ios-sdk/FirebaseAuth/Sources/Storage/FIRAuthUserDefaults.m -o /Users/hectorgarcia/Library/Developer/Xcode/DerivedData/Build/Intermediates.noindex/Firebase.build/Debug-iphonesimulator/FirebaseAuth.build/Objects-normal/x86_64/FIRAuthUserDefaults.o -index-unit-output-path /Firebase.build/Debug-iphonesimulator/FirebaseAuth.build/Objects-normal/x86_64/FIRAuthUserDefaults.o

CompileC /Users/hectorgarcia/Library/Developer/Xcode/DerivedData/Build/Intermediates.noindex/Firebase.build/Debug-iphonesimulator/FirebaseAuth.build/Objects-normal/x86_64/FIRAuthWebUtils.o /Users/hectorgarcia/Library/Developer/Xcode/DerivedData/Lyo-eagkiegzrakogpczynhkaholsscs/SourcePackages/checkouts/firebase-ios-sdk/FirebaseAuth/Sources/Utilities/FIRAuthWebUtils.m normal x86_64 objective-c com.apple.compilers.llvm.clang.1_0.compiler (in target 'FirebaseAuth' from project 'Firebase')
    cd /Users/hectorgarcia/LYO_Da_ONE/Lyo.xcodeproj
    
    Using response file: /Users/hectorgarcia/Library/Developer/Xcode/DerivedData/Build/Intermediates.noindex/Firebase.build/Debug-iphonesimulator/FirebaseAuth.build/Objects-normal/x86_64/e6072d4f65d7061329687fe24e3d63a7-common-args.resp
    
    /Users/hectorgarcia/Downloads/Xcode.app/Contents/Developer/Toolchains/XcodeDefault.xctoolchain/usr/bin/clang -x objective-c -ivfsstatcache /Users/hectorgarcia/Library/Developer/Xcode/DerivedData/SDKStatCaches.noindex/iphonesimulator26.2-23C53-823d3e8b6e60bc2018c189d3ca05ba9b.sdkstatcache -fmessage-length\=0 -fdiagnostics-show-note-include-stack -fmacro-backtrace-limit\=0 -fno-color-diagnostics -fmodules-prune-interval\=86400 -fmodules-prune-after\=345600 -fbuild-session-file\=/Users/hectorgarcia/Library/Developer/Xcode/DerivedData/ModuleCache.noindex/Session.modulevalidation -fmodules-validate-once-per-build-session -Wnon-modular-include-in-framework-module -Werror\=non-modular-include-in-framework-module -Wno-trigraphs -Wno-missing-field-initializers -Wno-missing-prototypes -Wno-return-type -Wno-implicit-atomic-properties -Wno-objc-interface-ivars -Wno-arc-repeated-use-of-weak -Wno-missing-braces -Wparentheses -Wswitch -Wno-unused-function -Wno-unused-label -Wno-unused-parameter -Wno-unused-variable -Wunused-value -Wno-empty-body -Wno-uninitialized -Wno-unknown-pragmas -w -Wno-shadow -Wno-four-char-constants -Wno-conversion -Wno-constant-conversion -Wno-int-conversion -Wno-bool-conversion -Wno-enum-conversion -Wno-float-conversion -Wno-non-literal-null-conversion -Wno-objc-literal-conversion -Wshorten-64-to-32 -Wpointer-sign -Wno-newline-eof -Wno-selector -Wno-strict-selector-match -Wno-undeclared-selector -Wno-deprecated-implementations -Wno-implicit-fallthrough -fstrict-aliasing -Wprotocol -Wdeprecated-declarations -Wno-sign-conversion -Wno-infinite-recursion -Wno-comma -Wno-block-capture-autoreleasing -Wno-strict-prototypes -Wno-semicolon-before-method-body -index-store-path /Users/hectorgarcia/Library/Developer/Xcode/DerivedData/Lyo-eagkiegzrakogpczynhkaholsscs/Index.noindex/DataStore @/Users/hectorgarcia/Library/Developer/Xcode/DerivedData/Build/Intermediates.noindex/Firebase.build/Debug-iphonesimulator/FirebaseAuth.build/Objects-normal/x86_64/e6072d4f65d7061329687fe24e3d63a7-common-args.resp -include /Users/hectorgarcia/Library/Developer/Xcode/DerivedData/Build/Intermediates.noindex/Firebase.build/Debug-iphonesimulator/FirebaseAuth.build/DerivedSources/resource_bundle_accessor.h -MMD -MT dependencies -MF /Users/hectorgarcia/Library/Developer/Xcode/DerivedData/Build/Intermediates.noindex/Firebase.build/Debug-iphonesimulator/FirebaseAuth.build/Objects-normal/x86_64/FIRAuthWebUtils.d --serialize-diagnostics /Users/hectorgarcia/Library/Developer/Xcode/DerivedData/Build/Intermediates.noindex/Firebase.build/Debug-iphonesimulator/FirebaseAuth.build/Objects-normal/x86_64/FIRAuthWebUtils.dia -c /Users/hectorgarcia/Library/Developer/Xcode/DerivedData/Lyo-eagkiegzrakogpczynhkaholsscs/SourcePackages/checkouts/firebase-ios-sdk/FirebaseAuth/Sources/Utilities/FIRAuthWebUtils.m -o /Users/hectorgarcia/Library/Developer/Xcode/DerivedData/Build/Intermediates.noindex/Firebase.build/Debug-iphonesimulator/FirebaseAuth.build/Objects-normal/x86_64/FIRAuthWebUtils.o -index-unit-output-path /Firebase.build/Debug-iphonesimulator/FirebaseAuth.build/Objects-normal/x86_64/FIRAuthWebUtils.o

ScanDependencies /Users/hectorgarcia/Library/Developer/Xcode/DerivedData/Build/Intermediates.noindex/Firebase.build/Debug-iphonesimulator/FirebaseAuth.build/Objects-normal/x86_64/FIRAuthURLPresenter.o /Users/hectorgarcia/Library/Developer/Xcode/DerivedData/Lyo-eagkiegzrakogpczynhkaholsscs/SourcePackages/checkouts/firebase-ios-sdk/FirebaseAuth/Sources/Utilities/FIRAuthURLPresenter.m normal x86_64 objective-c com.apple.compilers.llvm.clang.1_0.compiler (in target 'FirebaseAuth' from project 'Firebase')
    cd /Users/hectorgarcia/LYO_Da_ONE/Lyo.xcodeproj
    
    Using response file: /Users/hectorgarcia/Library/Developer/Xcode/DerivedData/Build/Intermediates.noindex/Firebase.build/Debug-iphonesimulator/FirebaseAuth.build/Objects-normal/x86_64/e6072d4f65d7061329687fe24e3d63a7-common-args.resp
    
    builtin-ScanDependencies -o /Users/hectorgarcia/Library/Developer/Xcode/DerivedData/Build/Intermediates.noindex/Firebase.build/Debug-iphonesimulator/FirebaseAuth.build/Objects-normal/x86_64/FIRAuthURLPresenter.o.scan -- /Users/hectorgarcia/Downloads/Xcode.app/Contents/Developer/Toolchains/XcodeDefault.xctoolchain/usr/bin/clang -x objective-c -ivfsstatcache /Users/hectorgarcia/Library/Developer/Xcode/DerivedData/SDKStatCaches.noindex/iphonesimulator26.2-23C53-823d3e8b6e60bc2018c189d3ca05ba9b.sdkstatcache -fmessage-length\=0 -fdiagnostics-show-note-include-stack -fmacro-backtrace-limit\=0 -fno-color-diagnostics -fmodules-prune-interval\=86400 -fmodules-prune-after\=345600 -fbuild-session-file\=/Users/hectorgarcia/Library/Developer/Xcode/DerivedData/ModuleCache.noindex/Session.modulevalidation -fmodules-validate-once-per-build-session -Wnon-modular-include-in-framework-module -Werror\=non-modular-include-in-framework-module -Wno-trigraphs -Wno-missing-field-initializers -Wno-missing-prototypes -Wno-return-type -Wno-implicit-atomic-properties -Wno-objc-interface-ivars -Wno-arc-repeated-use-of-weak -Wno-missing-braces -Wparentheses -Wswitch -Wno-unused-function -Wno-unused-label -Wno-unused-parameter -Wno-unused-variable -Wunused-value -Wno-empty-body -Wno-uninitialized -Wno-unknown-pragmas -w -Wno-shadow -Wno-four-char-constants -Wno-conversion -Wno-constant-conversion -Wno-int-conversion -Wno-bool-conversion -Wno-enum-conversion -Wno-float-conversion -Wno-non-literal-null-conversion -Wno-objc-literal-conversion -Wshorten-64-to-32 -Wpointer-sign -Wno-newline-eof -Wno-selector -Wno-strict-selector-match -Wno-undeclared-selector -Wno-deprecated-implementations -Wno-implicit-fallthrough -fstrict-aliasing -Wprotocol -Wdeprecated-declarations -Wno-sign-conversion -Wno-infinite-recursion -Wno-comma -Wno-block-capture-autoreleasing -Wno-strict-prototypes -Wno-semicolon-before-method-body -index-store-path /Users/hectorgarcia/Library/Developer/Xcode/DerivedData/Lyo-eagkiegzrakogpczynhkaholsscs/Index.noindex/DataStore @/Users/hectorgarcia/Library/Developer/Xcode/DerivedData/Build/Intermediates.noindex/Firebase.build/Debug-iphonesimulator/FirebaseAuth.build/Objects-normal/x86_64/e6072d4f65d7061329687fe24e3d63a7-common-args.resp -include /Users/hectorgarcia/Library/Developer/Xcode/DerivedData/Build/Intermediates.noindex/Firebase.build/Debug-iphonesimulator/FirebaseAuth.build/DerivedSources/resource_bundle_accessor.h -MMD -MT dependencies -MF /Users/hectorgarcia/Library/Developer/Xcode/DerivedData/Build/Intermediates.noindex/Firebase.build/Debug-iphonesimulator/FirebaseAuth.build/Objects-normal/x86_64/FIRAuthURLPresenter.d --serialize-diagnostics /Users/hectorgarcia/Library/Developer/Xcode/DerivedData/Build/Intermediates.noindex/Firebase.build/Debug-iphonesimulator/FirebaseAuth.build/Objects-normal/x86_64/FIRAuthURLPresenter.dia -c /Users/hectorgarcia/Library/Developer/Xcode/DerivedData/Lyo-eagkiegzrakogpczynhkaholsscs/SourcePackages/checkouts/firebase-ios-sdk/FirebaseAuth/Sources/Utilities/FIRAuthURLPresenter.m -o /Users/hectorgarcia/Library/Developer/Xcode/DerivedData/Build/Intermediates.noindex/Firebase.build/Debug-iphonesimulator/FirebaseAuth.build/Objects-normal/x86_64/FIRAuthURLPresenter.o -index-unit-output-path /Firebase.build/Debug-iphonesimulator/FirebaseAuth.build/Objects-normal/x86_64/FIRAuthURLPresenter.o

CompileC /Users/hectorgarcia/Library/Developer/Xcode/DerivedData/Build/Intermediates.noindex/Firebase.build/Debug-iphonesimulator/FirebaseAuth.build/Objects-normal/x86_64/FIRAuthUserDefaults.o /Users/hectorgarcia/Library/Developer/Xcode/DerivedData/Lyo-eagkiegzrakogpczynhkaholsscs/SourcePackages/checkouts/firebase-ios-sdk/FirebaseAuth/Sources/Storage/FIRAuthUserDefaults.m normal x86_64 objective-c com.apple.compilers.llvm.clang.1_0.compiler (in target 'FirebaseAuth' from project 'Firebase')
    cd /Users/hectorgarcia/LYO_Da_ONE/Lyo.xcodeproj
    
    Using response file: /Users/hectorgarcia/Library/Developer/Xcode/DerivedData/Build/Intermediates.noindex/Firebase.build/Debug-iphonesimulator/FirebaseAuth.build/Objects-normal/x86_64/e6072d4f65d7061329687fe24e3d63a7-common-args.resp
    
    /Users/hectorgarcia/Downloads/Xcode.app/Contents/Developer/Toolchains/XcodeDefault.xctoolchain/usr/bin/clang -x objective-c -ivfsstatcache /Users/hectorgarcia/Library/Developer/Xcode/DerivedData/SDKStatCaches.noindex/iphonesimulator26.2-23C53-823d3e8b6e60bc2018c189d3ca05ba9b.sdkstatcache -fmessage-length\=0 -fdiagnostics-show-note-include-stack -fmacro-backtrace-limit\=0 -fno-color-diagnostics -fmodules-prune-interval\=86400 -fmodules-prune-after\=345600 -fbuild-session-file\=/Users/hectorgarcia/Library/Developer/Xcode/DerivedData/ModuleCache.noindex/Session.modulevalidation -fmodules-validate-once-per-build-session -Wnon-modular-include-in-framework-module -Werror\=non-modular-include-in-framework-module -Wno-trigraphs -Wno-missing-field-initializers -Wno-missing-prototypes -Wno-return-type -Wno-implicit-atomic-properties -Wno-objc-interface-ivars -Wno-arc-repeated-use-of-weak -Wno-missing-braces -Wparentheses -Wswitch -Wno-unused-function -Wno-unused-label -Wno-unused-parameter -Wno-unused-variable -Wunused-value -Wno-empty-body -Wno-uninitialized -Wno-unknown-pragmas -w -Wno-shadow -Wno-four-char-constants -Wno-conversion -Wno-constant-conversion -Wno-int-conversion -Wno-bool-conversion -Wno-enum-conversion -Wno-float-conversion -Wno-non-literal-null-conversion -Wno-objc-literal-conversion -Wshorten-64-to-32 -Wpointer-sign -Wno-newline-eof -Wno-selector -Wno-strict-selector-match -Wno-undeclared-selector -Wno-deprecated-implementations -Wno-implicit-fallthrough -fstrict-aliasing -Wprotocol -Wdeprecated-declarations -Wno-sign-conversion -Wno-infinite-recursion -Wno-comma -Wno-block-capture-autoreleasing -Wno-strict-prototypes -Wno-semicolon-before-method-body -index-store-path /Users/hectorgarcia/Library/Developer/Xcode/DerivedData/Lyo-eagkiegzrakogpczynhkaholsscs/Index.noindex/DataStore @/Users/hectorgarcia/Library/Developer/Xcode/DerivedData/Build/Intermediates.noindex/Firebase.build/Debug-iphonesimulator/FirebaseAuth.build/Objects-normal/x86_64/e6072d4f65d7061329687fe24e3d63a7-common-args.resp -include /Users/hectorgarcia/Library/Developer/Xcode/DerivedData/Build/Intermediates.noindex/Firebase.build/Debug-iphonesimulator/FirebaseAuth.build/DerivedSources/resource_bundle_accessor.h -MMD -MT dependencies -MF /Users/hectorgarcia/Library/Developer/Xcode/DerivedData/Build/Intermediates.noindex/Firebase.build/Debug-iphonesimulator/FirebaseAuth.build/Objects-normal/x86_64/FIRAuthUserDefaults.d --serialize-diagnostics /Users/hectorgarcia/Library/Developer/Xcode/DerivedData/Build/Intermediates.noindex/Firebase.build/Debug-iphonesimulator/FirebaseAuth.build/Objects-normal/x86_64/FIRAuthUserDefaults.dia -c /Users/hectorgarcia/Library/Developer/Xcode/DerivedData/Lyo-eagkiegzrakogpczynhkaholsscs/SourcePackages/checkouts/firebase-ios-sdk/FirebaseAuth/Sources/Storage/FIRAuthUserDefaults.m -o /Users/hectorgarcia/Library/Developer/Xcode/DerivedData/Build/Intermediates.noindex/Firebase.build/Debug-iphonesimulator/FirebaseAuth.build/Objects-normal/x86_64/FIRAuthUserDefaults.o -index-unit-output-path /Firebase.build/Debug-iphonesimulator/FirebaseAuth.build/Objects-normal/x86_64/FIRAuthUserDefaults.o

ScanDependencies /Users/hectorgarcia/Library/Developer/Xcode/DerivedData/Build/Intermediates.noindex/Firebase.build/Debug-iphonesimulator/FirebaseAuth.build/Objects-normal/x86_64/FIRAuthTokenResult.o /Users/hectorgarcia/Library/Developer/Xcode/DerivedData/Lyo-eagkiegzrakogpczynhkaholsscs/SourcePackages/checkouts/firebase-ios-sdk/FirebaseAuth/Sources/Auth/FIRAuthTokenResult.m normal x86_64 objective-c com.apple.compilers.llvm.clang.1_0.compiler (in target 'FirebaseAuth' from project 'Firebase')
    cd /Users/hectorgarcia/LYO_Da_ONE/Lyo.xcodeproj
    
    Using response file: /Users/hectorgarcia/Library/Developer/Xcode/DerivedData/Build/Intermediates.noindex/Firebase.build/Debug-iphonesimulator/FirebaseAuth.build/Objects-normal/x86_64/e6072d4f65d7061329687fe24e3d63a7-common-args.resp
    
    builtin-ScanDependencies -o /Users/hectorgarcia/Library/Developer/Xcode/DerivedData/Build/Intermediates.noindex/Firebase.build/Debug-iphonesimulator/FirebaseAuth.build/Objects-normal/x86_64/FIRAuthTokenResult.o.scan -- /Users/hectorgarcia/Downloads/Xcode.app/Contents/Developer/Toolchains/XcodeDefault.xctoolchain/usr/bin/clang -x objective-c -ivfsstatcache /Users/hectorgarcia/Library/Developer/Xcode/DerivedData/SDKStatCaches.noindex/iphonesimulator26.2-23C53-823d3e8b6e60bc2018c189d3ca05ba9b.sdkstatcache -fmessage-length\=0 -fdiagnostics-show-note-include-stack -fmacro-backtrace-limit\=0 -fno-color-diagnostics -fmodules-prune-interval\=86400 -fmodules-prune-after\=345600 -fbuild-session-file\=/Users/hectorgarcia/Library/Developer/Xcode/DerivedData/ModuleCache.noindex/Session.modulevalidation -fmodules-validate-once-per-build-session -Wnon-modular-include-in-framework-module -Werror\=non-modular-include-in-framework-module -Wno-trigraphs -Wno-missing-field-initializers -Wno-missing-prototypes -Wno-return-type -Wno-implicit-atomic-properties -Wno-objc-interface-ivars -Wno-arc-repeated-use-of-weak -Wno-missing-braces -Wparentheses -Wswitch -Wno-unused-function -Wno-unused-label -Wno-unused-parameter -Wno-unused-variable -Wunused-value -Wno-empty-body -Wno-uninitialized -Wno-unknown-pragmas -w -Wno-shadow -Wno-four-char-constants -Wno-conversion -Wno-constant-conversion -Wno-int-conversion -Wno-bool-conversion -Wno-enum-conversion -Wno-float-conversion -Wno-non-literal-null-conversion -Wno-objc-literal-conversion -Wshorten-64-to-32 -Wpointer-sign -Wno-newline-eof -Wno-selector -Wno-strict-selector-match -Wno-undeclared-selector -Wno-deprecated-implementations -Wno-implicit-fallthrough -fstrict-aliasing -Wprotocol -Wdeprecated-declarations -Wno-sign-conversion -Wno-infinite-recursion -Wno-comma -Wno-block-capture-autoreleasing -Wno-strict-prototypes -Wno-semicolon-before-method-body -index-store-path /Users/hectorgarcia/Library/Developer/Xcode/DerivedData/Lyo-eagkiegzrakogpczynhkaholsscs/Index.noindex/DataStore @/Users/hectorgarcia/Library/Developer/Xcode/DerivedData/Build/Intermediates.noindex/Firebase.build/Debug-iphonesimulator/FirebaseAuth.build/Objects-normal/x86_64/e6072d4f65d7061329687fe24e3d63a7-common-args.resp -include /Users/hectorgarcia/Library/Developer/Xcode/DerivedData/Build/Intermediates.noindex/Firebase.build/Debug-iphonesimulator/FirebaseAuth.build/DerivedSources/resource_bundle_accessor.h -MMD -MT dependencies -MF /Users/hectorgarcia/Library/Developer/Xcode/DerivedData/Build/Intermediates.noindex/Firebase.build/Debug-iphonesimulator/FirebaseAuth.build/Objects-normal/x86_64/FIRAuthTokenResult.d --serialize-diagnostics /Users/hectorgarcia/Library/Developer/Xcode/DerivedData/Build/Intermediates.noindex/Firebase.build/Debug-iphonesimulator/FirebaseAuth.build/Objects-normal/x86_64/FIRAuthTokenResult.dia -c /Users/hectorgarcia/Library/Developer/Xcode/DerivedData/Lyo-eagkiegzrakogpczynhkaholsscs/SourcePackages/checkouts/firebase-ios-sdk/FirebaseAuth/Sources/Auth/FIRAuthTokenResult.m -o /Users/hectorgarcia/Library/Developer/Xcode/DerivedData/Build/Intermediates.noindex/Firebase.build/Debug-iphonesimulator/FirebaseAuth.build/Objects-normal/x86_64/FIRAuthTokenResult.o -index-unit-output-path /Firebase.build/Debug-iphonesimulator/FirebaseAuth.build/Objects-normal/x86_64/FIRAuthTokenResult.o

PrecompileModule /Users/hectorgarcia/Library/Developer/Xcode/DerivedData/Build/Intermediates.noindex/ExplicitPrecompiledModules/UIKit-9WKY343P9920DX5ZUXC8EG6I7.scan
    cd /
    builtin-precompileModule /Users/hectorgarcia/Library/Developer/Xcode/DerivedData/Build/Intermediates.noindex/ExplicitPrecompiledModules/UIKit-9WKY343P9920DX5ZUXC8EG6I7.scan

CompileC /Users/hectorgarcia/Library/Developer/Xcode/DerivedData/Build/Intermediates.noindex/Firebase.build/Debug-iphonesimulator/FirebaseAuth.build/Objects-normal/x86_64/FIRAuthTokenResult.o /Users/hectorgarcia/Library/Developer/Xcode/DerivedData/Lyo-eagkiegzrakogpczynhkaholsscs/SourcePackages/checkouts/firebase-ios-sdk/FirebaseAuth/Sources/Auth/FIRAuthTokenResult.m normal x86_64 objective-c com.apple.compilers.llvm.clang.1_0.compiler (in target 'FirebaseAuth' from project 'Firebase')
    cd /Users/hectorgarcia/LYO_Da_ONE/Lyo.xcodeproj
    
    Using response file: /Users/hectorgarcia/Library/Developer/Xcode/DerivedData/Build/Intermediates.noindex/Firebase.build/Debug-iphonesimulator/FirebaseAuth.build/Objects-normal/x86_64/e6072d4f65d7061329687fe24e3d63a7-common-args.resp
    
    /Users/hectorgarcia/Downloads/Xcode.app/Contents/Developer/Toolchains/XcodeDefault.xctoolchain/usr/bin/clang -x objective-c -ivfsstatcache /Users/hectorgarcia/Library/Developer/Xcode/DerivedData/SDKStatCaches.noindex/iphonesimulator26.2-23C53-823d3e8b6e60bc2018c189d3ca05ba9b.sdkstatcache -fmessage-length\=0 -fdiagnostics-show-note-include-stack -fmacro-backtrace-limit\=0 -fno-color-diagnostics -fmodules-prune-interval\=86400 -fmodules-prune-after\=345600 -fbuild-session-file\=/Users/hectorgarcia/Library/Developer/Xcode/DerivedData/ModuleCache.noindex/Session.modulevalidation -fmodules-validate-once-per-build-session -Wnon-modular-include-in-framework-module -Werror\=non-modular-include-in-framework-module -Wno-trigraphs -Wno-missing-field-initializers -Wno-missing-prototypes -Wno-return-type -Wno-implicit-atomic-properties -Wno-objc-interface-ivars -Wno-arc-repeated-use-of-weak -Wno-missing-braces -Wparentheses -Wswitch -Wno-unused-function -Wno-unused-label -Wno-unused-parameter -Wno-unused-variable -Wunused-value -Wno-empty-body -Wno-uninitialized -Wno-unknown-pragmas -w -Wno-shadow -Wno-four-char-constants -Wno-conversion -Wno-constant-conversion -Wno-int-conversion -Wno-bool-conversion -Wno-enum-conversion -Wno-float-conversion -Wno-non-literal-null-conversion -Wno-objc-literal-conversion -Wshorten-64-to-32 -Wpointer-sign -Wno-newline-eof -Wno-selector -Wno-strict-selector-match -Wno-undeclared-selector -Wno-deprecated-implementations -Wno-implicit-fallthrough -fstrict-aliasing -Wprotocol -Wdeprecated-declarations -Wno-sign-conversion -Wno-infinite-recursion -Wno-comma -Wno-block-capture-autoreleasing -Wno-strict-prototypes -Wno-semicolon-before-method-body -index-store-path /Users/hectorgarcia/Library/Developer/Xcode/DerivedData/Lyo-eagkiegzrakogpczynhkaholsscs/Index.noindex/DataStore @/Users/hectorgarcia/Library/Developer/Xcode/DerivedData/Build/Intermediates.noindex/Firebase.build/Debug-iphonesimulator/FirebaseAuth.build/Objects-normal/x86_64/e6072d4f65d7061329687fe24e3d63a7-common-args.resp -include /Users/hectorgarcia/Library/Developer/Xcode/DerivedData/Build/Intermediates.noindex/Firebase.build/Debug-iphonesimulator/FirebaseAuth.build/DerivedSources/resource_bundle_accessor.h -MMD -MT dependencies -MF /Users/hectorgarcia/Library/Developer/Xcode/DerivedData/Build/Intermediates.noindex/Firebase.build/Debug-iphonesimulator/FirebaseAuth.build/Objects-normal/x86_64/FIRAuthTokenResult.d --serialize-diagnostics /Users/hectorgarcia/Library/Developer/Xcode/DerivedData/Build/Intermediates.noindex/Firebase.build/Debug-iphonesimulator/FirebaseAuth.build/Objects-normal/x86_64/FIRAuthTokenResult.dia -c /Users/hectorgarcia/Library/Developer/Xcode/DerivedData/Lyo-eagkiegzrakogpczynhkaholsscs/SourcePackages/checkouts/firebase-ios-sdk/FirebaseAuth/Sources/Auth/FIRAuthTokenResult.m -o /Users/hectorgarcia/Library/Developer/Xcode/DerivedData/Build/Intermediates.noindex/Firebase.build/Debug-iphonesimulator/FirebaseAuth.build/Objects-normal/x86_64/FIRAuthTokenResult.o -index-unit-output-path /Firebase.build/Debug-iphonesimulator/FirebaseAuth.build/Objects-normal/x86_64/FIRAuthTokenResult.o

ScanDependencies /Users/hectorgarcia/Library/Developer/Xcode/DerivedData/Build/Intermediates.noindex/Firebase.build/Debug-iphonesimulator/FirebaseAuth.build/Objects-normal/x86_64/FIRAuthStoredUserManager.o /Users/hectorgarcia/Library/Developer/Xcode/DerivedData/Lyo-eagkiegzrakogpczynhkaholsscs/SourcePackages/checkouts/firebase-ios-sdk/FirebaseAuth/Sources/SystemService/FIRAuthStoredUserManager.m normal x86_64 objective-c com.apple.compilers.llvm.clang.1_0.compiler (in target 'FirebaseAuth' from project 'Firebase')
    cd /Users/hectorgarcia/LYO_Da_ONE/Lyo.xcodeproj
    
    Using response file: /Users/hectorgarcia/Library/Developer/Xcode/DerivedData/Build/Intermediates.noindex/Firebase.build/Debug-iphonesimulator/FirebaseAuth.build/Objects-normal/x86_64/e6072d4f65d7061329687fe24e3d63a7-common-args.resp
    
    builtin-ScanDependencies -o /Users/hectorgarcia/Library/Developer/Xcode/DerivedData/Build/Intermediates.noindex/Firebase.build/Debug-iphonesimulator/FirebaseAuth.build/Objects-normal/x86_64/FIRAuthStoredUserManager.o.scan -- /Users/hectorgarcia/Downloads/Xcode.app/Contents/Developer/Toolchains/XcodeDefault.xctoolchain/usr/bin/clang -x objective-c -ivfsstatcache /Users/hectorgarcia/Library/Developer/Xcode/DerivedData/SDKStatCaches.noindex/iphonesimulator26.2-23C53-823d3e8b6e60bc2018c189d3ca05ba9b.sdkstatcache -fmessage-length\=0 -fdiagnostics-show-note-include-stack -fmacro-backtrace-limit\=0 -fno-color-diagnostics -fmodules-prune-interval\=86400 -fmodules-prune-after\=345600 -fbuild-session-file\=/Users/hectorgarcia/Library/Developer/Xcode/DerivedData/ModuleCache.noindex/Session.modulevalidation -fmodules-validate-once-per-build-session -Wnon-modular-include-in-framework-module -Werror\=non-modular-include-in-framework-module -Wno-trigraphs -Wno-missing-field-initializers -Wno-missing-prototypes -Wno-return-type -Wno-implicit-atomic-properties -Wno-objc-interface-ivars -Wno-arc-repeated-use-of-weak -Wno-missing-braces -Wparentheses -Wswitch -Wno-unused-function -Wno-unused-label -Wno-unused-parameter -Wno-unused-variable -Wunused-value -Wno-empty-body -Wno-uninitialized -Wno-unknown-pragmas -w -Wno-shadow -Wno-four-char-constants -Wno-conversion -Wno-constant-conversion -Wno-int-conversion -Wno-bool-conversion -Wno-enum-conversion -Wno-float-conversion -Wno-non-literal-null-conversion -Wno-objc-literal-conversion -Wshorten-64-to-32 -Wpointer-sign -Wno-newline-eof -Wno-selector -Wno-strict-selector-match -Wno-undeclared-selector -Wno-deprecated-implementations -Wno-implicit-fallthrough -fstrict-aliasing -Wprotocol -Wdeprecated-declarations -Wno-sign-conversion -Wno-infinite-recursion -Wno-comma -Wno-block-capture-autoreleasing -Wno-strict-prototypes -Wno-semicolon-before-method-body -index-store-path /Users/hectorgarcia/Library/Developer/Xcode/DerivedData/Lyo-eagkiegzrakogpczynhkaholsscs/Index.noindex/DataStore @/Users/hectorgarcia/Library/Developer/Xcode/DerivedData/Build/Intermediates.noindex/Firebase.build/Debug-iphonesimulator/FirebaseAuth.build/Objects-normal/x86_64/e6072d4f65d7061329687fe24e3d63a7-common-args.resp -include /Users/hectorgarcia/Library/Developer/Xcode/DerivedData/Build/Intermediates.noindex/Firebase.build/Debug-iphonesimulator/FirebaseAuth.build/DerivedSources/resource_bundle_accessor.h -MMD -MT dependencies -MF /Users/hectorgarcia/Library/Developer/Xcode/DerivedData/Build/Intermediates.noindex/Firebase.build/Debug-iphonesimulator/FirebaseAuth.build/Objects-normal/x86_64/FIRAuthStoredUserManager.d --serialize-diagnostics /Users/hectorgarcia/Library/Developer/Xcode/DerivedData/Build/Intermediates.noindex/Firebase.build/Debug-iphonesimulator/FirebaseAuth.build/Objects-normal/x86_64/FIRAuthStoredUserManager.dia -c /Users/hectorgarcia/Library/Developer/Xcode/DerivedData/Lyo-eagkiegzrakogpczynhkaholsscs/SourcePackages/checkouts/firebase-ios-sdk/FirebaseAuth/Sources/SystemService/FIRAuthStoredUserManager.m -o /Users/hectorgarcia/Library/Developer/Xcode/DerivedData/Build/Intermediates.noindex/Firebase.build/Debug-iphonesimulator/FirebaseAuth.build/Objects-normal/x86_64/FIRAuthStoredUserManager.o -index-unit-output-path /Firebase.build/Debug-iphonesimulator/FirebaseAuth.build/Objects-normal/x86_64/FIRAuthStoredUserManager.o

PrecompileModule /Users/hectorgarcia/Library/Developer/Xcode/DerivedData/Build/Intermediates.noindex/ExplicitPrecompiledModules/SafariServices-BJXEVKVJ5SB4F2ZVVK74VY4EZ.scan
    cd /
    builtin-precompileModule /Users/hectorgarcia/Library/Developer/Xcode/DerivedData/Build/Intermediates.noindex/ExplicitPrecompiledModules/SafariServices-BJXEVKVJ5SB4F2ZVVK74VY4EZ.scan

ScanDependencies /Users/hectorgarcia/Library/Developer/Xcode/DerivedData/Build/Intermediates.noindex/Firebase.build/Debug-iphonesimulator/FirebaseAuth.build/Objects-normal/x86_64/FIRAuthSettings.o /Users/hectorgarcia/Library/Developer/Xcode/DerivedData/Lyo-eagkiegzrakogpczynhkaholsscs/SourcePackages/checkouts/firebase-ios-sdk/FirebaseAuth/Sources/Auth/FIRAuthSettings.m normal x86_64 objective-c com.apple.compilers.llvm.clang.1_0.compiler (in target 'FirebaseAuth' from project 'Firebase')
    cd /Users/hectorgarcia/LYO_Da_ONE/Lyo.xcodeproj
    
    Using response file: /Users/hectorgarcia/Library/Developer/Xcode/DerivedData/Build/Intermediates.noindex/Firebase.build/Debug-iphonesimulator/FirebaseAuth.build/Objects-normal/x86_64/e6072d4f65d7061329687fe24e3d63a7-common-args.resp
    
    builtin-ScanDependencies -o /Users/hectorgarcia/Library/Developer/Xcode/DerivedData/Build/Intermediates.noindex/Firebase.build/Debug-iphonesimulator/FirebaseAuth.build/Objects-normal/x86_64/FIRAuthSettings.o.scan -- /Users/hectorgarcia/Downloads/Xcode.app/Contents/Developer/Toolchains/XcodeDefault.xctoolchain/usr/bin/clang -x objective-c -ivfsstatcache /Users/hectorgarcia/Library/Developer/Xcode/DerivedData/SDKStatCaches.noindex/iphonesimulator26.2-23C53-823d3e8b6e60bc2018c189d3ca05ba9b.sdkstatcache -fmessage-length\=0 -fdiagnostics-show-note-include-stack -fmacro-backtrace-limit\=0 -fno-color-diagnostics -fmodules-prune-interval\=86400 -fmodules-prune-after\=345600 -fbuild-session-file\=/Users/hectorgarcia/Library/Developer/Xcode/DerivedData/ModuleCache.noindex/Session.modulevalidation -fmodules-validate-once-per-build-session -Wnon-modular-include-in-framework-module -Werror\=non-modular-include-in-framework-module -Wno-trigraphs -Wno-missing-field-initializers -Wno-missing-prototypes -Wno-return-type -Wno-implicit-atomic-properties -Wno-objc-interface-ivars -Wno-arc-repeated-use-of-weak -Wno-missing-braces -Wparentheses -Wswitch -Wno-unused-function -Wno-unused-label -Wno-unused-parameter -Wno-unused-variable -Wunused-value -Wno-empty-body -Wno-uninitialized -Wno-unknown-pragmas -w -Wno-shadow -Wno-four-char-constants -Wno-conversion -Wno-constant-conversion -Wno-int-conversion -Wno-bool-conversion -Wno-enum-conversion -Wno-float-conversion -Wno-non-literal-null-conversion -Wno-objc-literal-conversion -Wshorten-64-to-32 -Wpointer-sign -Wno-newline-eof -Wno-selector -Wno-strict-selector-match -Wno-undeclared-selector -Wno-deprecated-implementations -Wno-implicit-fallthrough -fstrict-aliasing -Wprotocol -Wdeprecated-declarations -Wno-sign-conversion -Wno-infinite-recursion -Wno-comma -Wno-block-capture-autoreleasing -Wno-strict-prototypes -Wno-semicolon-before-method-body -index-store-path /Users/hectorgarcia/Library/Developer/Xcode/DerivedData/Lyo-eagkiegzrakogpczynhkaholsscs/Index.noindex/DataStore @/Users/hectorgarcia/Library/Developer/Xcode/DerivedData/Build/Intermediates.noindex/Firebase.build/Debug-iphonesimulator/FirebaseAuth.build/Objects-normal/x86_64/e6072d4f65d7061329687fe24e3d63a7-common-args.resp -include /Users/hectorgarcia/Library/Developer/Xcode/DerivedData/Build/Intermediates.noindex/Firebase.build/Debug-iphonesimulator/FirebaseAuth.build/DerivedSources/resource_bundle_accessor.h -MMD -MT dependencies -MF /Users/hectorgarcia/Library/Developer/Xcode/DerivedData/Build/Intermediates.noindex/Firebase.build/Debug-iphonesimulator/FirebaseAuth.build/Objects-normal/x86_64/FIRAuthSettings.d --serialize-diagnostics /Users/hectorgarcia/Library/Developer/Xcode/DerivedData/Build/Intermediates.noindex/Firebase.build/Debug-iphonesimulator/FirebaseAuth.build/Objects-normal/x86_64/FIRAuthSettings.dia -c /Users/hectorgarcia/Library/Developer/Xcode/DerivedData/Lyo-eagkiegzrakogpczynhkaholsscs/SourcePackages/checkouts/firebase-ios-sdk/FirebaseAuth/Sources/Auth/FIRAuthSettings.m -o /Users/hectorgarcia/Library/Developer/Xcode/DerivedData/Build/Intermediates.noindex/Firebase.build/Debug-iphonesimulator/FirebaseAuth.build/Objects-normal/x86_64/FIRAuthSettings.o -index-unit-output-path /Firebase.build/Debug-iphonesimulator/FirebaseAuth.build/Objects-normal/x86_64/FIRAuthSettings.o

CompileC /Users/hectorgarcia/Library/Developer/Xcode/DerivedData/Build/Intermediates.noindex/Firebase.build/Debug-iphonesimulator/FirebaseAuth.build/Objects-normal/x86_64/FIRAuthStoredUserManager.o /Users/hectorgarcia/Library/Developer/Xcode/DerivedData/Lyo-eagkiegzrakogpczynhkaholsscs/SourcePackages/checkouts/firebase-ios-sdk/FirebaseAuth/Sources/SystemService/FIRAuthStoredUserManager.m normal x86_64 objective-c com.apple.compilers.llvm.clang.1_0.compiler (in target 'FirebaseAuth' from project 'Firebase')
    cd /Users/hectorgarcia/LYO_Da_ONE/Lyo.xcodeproj
    
    Using response file: /Users/hectorgarcia/Library/Developer/Xcode/DerivedData/Build/Intermediates.noindex/Firebase.build/Debug-iphonesimulator/FirebaseAuth.build/Objects-normal/x86_64/e6072d4f65d7061329687fe24e3d63a7-common-args.resp
    
    /Users/hectorgarcia/Downloads/Xcode.app/Contents/Developer/Toolchains/XcodeDefault.xctoolchain/usr/bin/clang -x objective-c -ivfsstatcache /Users/hectorgarcia/Library/Developer/Xcode/DerivedData/SDKStatCaches.noindex/iphonesimulator26.2-23C53-823d3e8b6e60bc2018c189d3ca05ba9b.sdkstatcache -fmessage-length\=0 -fdiagnostics-show-note-include-stack -fmacro-backtrace-limit\=0 -fno-color-diagnostics -fmodules-prune-interval\=86400 -fmodules-prune-after\=345600 -fbuild-session-file\=/Users/hectorgarcia/Library/Developer/Xcode/DerivedData/ModuleCache.noindex/Session.modulevalidation -fmodules-validate-once-per-build-session -Wnon-modular-include-in-framework-module -Werror\=non-modular-include-in-framework-module -Wno-trigraphs -Wno-missing-field-initializers -Wno-missing-prototypes -Wno-return-type -Wno-implicit-atomic-properties -Wno-objc-interface-ivars -Wno-arc-repeated-use-of-weak -Wno-missing-braces -Wparentheses -Wswitch -Wno-unused-function -Wno-unused-label -Wno-unused-parameter -Wno-unused-variable -Wunused-value -Wno-empty-body -Wno-uninitialized -Wno-unknown-pragmas -w -Wno-shadow -Wno-four-char-constants -Wno-conversion -Wno-constant-conversion -Wno-int-conversion -Wno-bool-conversion -Wno-enum-conversion -Wno-float-conversion -Wno-non-literal-null-conversion -Wno-objc-literal-conversion -Wshorten-64-to-32 -Wpointer-sign -Wno-newline-eof -Wno-selector -Wno-strict-selector-match -Wno-undeclared-selector -Wno-deprecated-implementations -Wno-implicit-fallthrough -fstrict-aliasing -Wprotocol -Wdeprecated-declarations -Wno-sign-conversion -Wno-infinite-recursion -Wno-comma -Wno-block-capture-autoreleasing -Wno-strict-prototypes -Wno-semicolon-before-method-body -index-store-path /Users/hectorgarcia/Library/Developer/Xcode/DerivedData/Lyo-eagkiegzrakogpczynhkaholsscs/Index.noindex/DataStore @/Users/hectorgarcia/Library/Developer/Xcode/DerivedData/Build/Intermediates.noindex/Firebase.build/Debug-iphonesimulator/FirebaseAuth.build/Objects-normal/x86_64/e6072d4f65d7061329687fe24e3d63a7-common-args.resp -include /Users/hectorgarcia/Library/Developer/Xcode/DerivedData/Build/Intermediates.noindex/Firebase.build/Debug-iphonesimulator/FirebaseAuth.build/DerivedSources/resource_bundle_accessor.h -MMD -MT dependencies -MF /Users/hectorgarcia/Library/Developer/Xcode/DerivedData/Build/Intermediates.noindex/Firebase.build/Debug-iphonesimulator/FirebaseAuth.build/Objects-normal/x86_64/FIRAuthStoredUserManager.d --serialize-diagnostics /Users/hectorgarcia/Library/Developer/Xcode/DerivedData/Build/Intermediates.noindex/Firebase.build/Debug-iphonesimulator/FirebaseAuth.build/Objects-normal/x86_64/FIRAuthStoredUserManager.dia -c /Users/hectorgarcia/Library/Developer/Xcode/DerivedData/Lyo-eagkiegzrakogpczynhkaholsscs/SourcePackages/checkouts/firebase-ios-sdk/FirebaseAuth/Sources/SystemService/FIRAuthStoredUserManager.m -o /Users/hectorgarcia/Library/Developer/Xcode/DerivedData/Build/Intermediates.noindex/Firebase.build/Debug-iphonesimulator/FirebaseAuth.build/Objects-normal/x86_64/FIRAuthStoredUserManager.o -index-unit-output-path /Firebase.build/Debug-iphonesimulator/FirebaseAuth.build/Objects-normal/x86_64/FIRAuthStoredUserManager.o

SwiftEmitModule normal x86_64 Emitting\ module\ for\ Lyo (in target 'Lyo' from project 'Lyo')
Failed frontend command:
/Users/hectorgarcia/Downloads/Xcode.app/Contents/Developer/Toolchains/XcodeDefault.xctoolchain/usr/bin/swift-frontend -frontend -emit-module -experimental-skip-non-inlinable-function-bodies-without-types /Users/hectorgarcia/LYO_Da_ONE/Sources/Services/LyoAdapter.swift /Users/hectorgarcia/LYO_Da_ONE/Sources/Views/Chat/CinematicView.swift /Users/hectorgarcia/LYO_Da_ONE/Sources/Models/LyoModels.swift /Users/hectorgarcia/LYO_Da_ONE/Sources/Services/A2A/A2ACourseAgent.swift /Users/hectorgarcia/LYO_Da_ONE/Sources/Services/A2ACourseService.swift /Users/hectorgarcia/LYO_Da_ONE/Sources/Views/AI/A2AGenerationProgressView.swift /Users/hectorgarcia/LYO_Da_ONE/Sources/Models/AI/A2AModels.swift /Users/hectorgarcia/LYO_Da_ONE/Sources/Services/A2A/A2ATaskManager.swift /Users/hectorgarcia/LYO_Da_ONE/Sources/Core/A2UI/A2UICapabilityNegotiator.swift /Users/hectorgarcia/LYO_Da_ONE/Sources/Core/A2UI/A2UIComponent.swift /Users/hectorgarcia/LYO_Da_ONE/Sources/Views/Chat/A2UIContentViews.swift /Users/hectorgarcia/LYO_Da_ONE/Sources/Core/A2UI/A2UIElementType.swift /Users/hectorgarcia/LYO_Da_ONE/Sources/Core/A2UI/Views/A2UIHomeworkViews.swift /Users/hectorgarcia/LYO_Da_ONE/Sources/Core/A2UI/Views/A2UILayoutRenderers.swift /Users/hectorgarcia/LYO_Da_ONE/Sources/Core/A2UI/Views/A2UILayoutViews.swift /Users/hectorgarcia/LYO_Da_ONE/Sources/Core/A2UI/Views/A2UIMiscViews.swift /Users/hectorgarcia/LYO_Da_ONE/Sources/Core/A2UI/Views/A2UIMistakeViews.swift /Users/hectorgarcia/LYO_Da_ONE/Sources/Utils/A2UIParser.swift /Users/hectorgarcia/LYO_Da_ONE/Sources/Core/A2UI/A2UIProps.swift /Users/hectorgarcia/LYO_Da_ONE/Sources/Core/A2UI/Views/A2UIQuizRenderers.swift /Users/hectorgarcia/LYO_Da_ONE/Sources/Core/A2UI/Views/A2UIQuizViews.swift /Users/hectorgarcia/LYO_Da_ONE/Sources/Models/A2UIRecursive.swift /Users/hectorgarcia/LYO_Da_ONE/Sources/Views/Chat/A2UIRecursiveRenderer.swift /Users/hectorgarcia/LYO_Da_ONE/Sources/Core/A2UI/A2UIRenderer.swift /Users/hectorgarcia/LYO_Da_ONE/Sources/Core/A2UI/Views/A2UIRendererViews.swift /Users/hectorgarcia/LYO_Da_ONE/Sources/Core/A2UI/A2UIStateObserver.swift /Users/hectorgarcia/LYO_Da_ONE/Sources/Core/A2UI/A2UIStreamService.swift /Users/hectorgarcia/LYO_Da_ONE/Sources/Core/A2UI/Views/A2UIStudyPlanViews.swift /Users/hectorgarcia/LYO_Da_ONE/Sources/Views/Test/A2UITestView.swift /Users/hectorgarcia/LYO_Da_ONE/Sources/Core/A2UI/A2UIVoiceController.swift /Users/hectorgarcia/LYO_Da_ONE/Sources/Services/AICommandHandler.swift /Users/hectorgarcia/LYO_Da_ONE/Sources/Models/AICommandResponse.swift /Users/hectorgarcia/LYO_Da_ONE/Sources/Services/A2UI/AIResponseParser.swift /Users/hectorgarcia/LYO_Da_ONE/Sources/Models/APIClientTypes.swift /Users/hectorgarcia/LYO_Da_ONE/Sources/Models/APIModels.swift /Users/hectorgarcia/LYO_Da_ONE/Sources/Components/Accessibility/AccessibilityEnhancedComponents.swift /Users/hectorgarcia/LYO_Da_ONE/Sources/Components/AITutor/AccessibleLyoAvatar.swift /Users/hectorgarcia/LYO_Da_ONE/Sources/Components/Challenges/AchievementBadgeView.swift /Users/hectorgarcia/LYO_Da_ONE/Sources/Views/Main/AdaptiveHomeView.swift /Users/hectorgarcia/LYO_Da_ONE/Sources/Views/Chat/AdvancedA2UIRenderer.swift /Users/hectorgarcia/LYO_Da_ONE/Sources/Services/A2A/AgentCardService.swift /Users/hectorgarcia/LYO_Da_ONE/Sources/Views/Gamification/AllAchievementsView.swift /Users/hectorgarcia/LYO_Da_ONE/Sources/Components/Premium/AnimatedGradient.swift /Users/hectorgarcia/LYO_Da_ONE/Sources/Components/Premium/AnimatedLioOrb.swift /Users/hectorgarcia/LYO_Da_ONE/Sources/Models/AnyCodable.swift /Users/hectorgarcia/LYO_Da_ONE/Sources/Core/Configuration/AppConfig.swift /Users/hectorgarcia/LYO_Da_ONE/Sources/Models/AppNotification.swift /Users/hectorgarcia/LYO_Da_ONE/Sources/Core/AppUIState.swift /Users/hectorgarcia/LYO_Da_ONE/Sources/Services/AudioPlaybackService.swift /Users/hectorgarcia/LYO_Da_ONE/Sources/Services/AuthService.swift /Users/hectorgarcia/LYO_Da_ONE/Sources/ViewModels/AuthViewModel.swift /Users/hectorgarcia/LYO_Da_ONE/Sources/Services/BackendAIService+CourseGeneration.swift /Users/hectorgarcia/LYO_Da_ONE/Sources/Services/BackendAIService.swift /Users/hectorgarcia/LYO_Da_ONE/Sources/Components/Challenges/BattleCardView.swift /Users/hectorgarcia/LYO_Da_ONE/Sources/Views/Community/BookingCalendarView.swift /Users/hectorgarcia/LYO_Da_ONE/Sources/Services/CameraManager.swift /Users/hectorgarcia/LYO_Da_ONE/Sources/Views/Main/Creation/CameraPreview.swift /Users/hectorgarcia/LYO_Da_ONE/Sources/Views/Main/Campus/CampusItemDetailSheet.swift /Users/hectorgarcia/LYO_Da_ONE/Sources/Models/CampusModels.swift /Users/hectorgarcia/LYO_Da_ONE/Sources/Views/Main/CampusView.swift /Users/hectorgarcia/LYO_Da_ONE/Sources/ViewModels/CampusViewModel.swift /Users/hectorgarcia/LYO_Da_ONE/Sources/Services/CapabilityManager.swift /Users/hectorgarcia/LYO_Da_ONE/Sources/Models/Challenge.swift /Users/hectorgarcia/LYO_Da_ONE/Sources/Components/Challenges/ChallengeCardView.swift /Users/hectorgarcia/LYO_Da_ONE/Sources/Views/Main/Challenges/ChallengesHomeView.swift /Users/hectorgarcia/LYO_Da_ONE/Sources/ViewModels/ChallengesViewModel.swift /Users/hectorgarcia/LYO_Da_ONE/Sources/Models/Chat.swift /Users/hectorgarcia/LYO_Da_ONE/Sources/Views/Main/Hybrid/ChatBubbleView.swift /Users/hectorgarcia/LYO_Da_ONE/Sources/Models/ChatCourseRead.swift /Users/hectorgarcia/LYO_Da_ONE/Sources/Models/ChatHistoryModels.swift /Users/hectorgarcia/LYO_Da_ONE/Sources/Views/Chat/ChatHistoryView.swift /Users/hectorgarcia/LYO_Da_ONE/Sources/Services/ChatIntentClassifier.swift /Users/hectorgarcia/LYO_Da_ONE/Sources/Views/Main/Hybrid/ChatOverlayView.swift /Users/hectorgarcia/LYO_Da_ONE/Sources/Services/ChatPersistenceService.swift /Users/hectorgarcia/LYO_Da_ONE/Sources/Views/Social/ChatView.swift /Users/hectorgarcia/LYO_Da_ONE/Sources/ViewModels/ChatViewModel.swift /Users/hectorgarcia/LYO_Da_ONE/Sources/Models/Classroom.swift /Users/hectorgarcia/LYO_Da_ONE/Sources/Views/Main/Classroom/ClassroomView.swift /Users/hectorgarcia/LYO_Da_ONE/Sources/ViewModels/ClassroomViewModel.swift /Users/hectorgarcia/LYO_Da_ONE/Sources/Views/Main/Creation/ClipMetadataSheet.swift /Users/hectorgarcia/LYO_Da_ONE/Sources/Models/ClipModels.swift /Users/hectorgarcia/LYO_Da_ONE/Sources/Services/ClipService.swift /Users/hectorgarcia/LYO_Da_ONE/Sources/Services/CloudStorageService.swift /Users/hectorgarcia/LYO_Da_ONE/Sources/Models/Community.swift /Users/hectorgarcia/LYO_Da_ONE/Sources/Views/Community/Components/CommunityCardView.swift /Users/hectorgarcia/LYO_Da_ONE/Sources/Models/CommunityDTOs.swift /Users/hectorgarcia/LYO_Da_ONE/Sources/Views/Community/Components/CommunityDockView.swift /Users/hectorgarcia/LYO_Da_ONE/Sources/Views/Community/CommunityMapView.swift /Users/hectorgarcia/LYO_Da_ONE/Sources/Views/Community/CommunityView.swift /Users/hectorgarcia/LYO_Da_ONE/Sources/ViewModels/CommunityViewModel.swift /Users/hectorgarcia/LYO_Da_ONE/Sources/Components/AITutor/ComposerBar.swift /Users/hectorgarcia/LYO_Da_ONE/Sources/Components/Gestures/ContextualGestureSystem.swift /Users/hectorgarcia/LYO_Da_ONE/Sources/Components/Classroom/ControlsOverlay.swift /Users/hectorgarcia/LYO_Da_ONE/Sources/Services/ConversationManager.swift /Users/hectorgarcia/LYO_Da_ONE/Sources/Components/AITutor/CourseCardView.swift /Users/hectorgarcia/LYO_Da_ONE/Sources/Views/AI/CourseCreationCoordinator.swift /Users/hectorgarcia/LYO_Da_ONE/Sources/Views/Main/AITutor/CourseDrawerView.swift /Users/hectorgarcia/LYO_Da_ONE/Sources/Components/AITutor/CourseGenerationCard.swift /Users/hectorgarcia/LYO_Da_ONE/Sources/Models/AI/CourseGenerationEvent.swift /Users/hectorgarcia/LYO_Da_ONE/Sources/Views/Main/AITutor/CourseGenerationIntermediateView.swift /Users/hectorgarcia/LYO_Da_ONE/Sources/Models/AI/CourseGenerationModels.swift /Users/hectorgarcia/LYO_Da_ONE/Sources/Services/CourseGenerationService.swift /Users/hectorgarcia/LYO_Da_ONE/Sources/Views/AI/CourseGenerationSettingsView.swift /Users/hectorgarcia/LYO_Da_ONE/Sources/Services/CourseGenerationStreamingClient.swift /Users/hectorgarcia/LYO_Da_ONE/Sources/Core/Services/CourseLibraryService.swift /Users/hectorgarcia/LYO_Da_ONE/Sources/Models/CourseModels.swift /Users/hectorgarcia/LYO_Da_ONE/Sources/Services/A2UI/CourseOrchestrator.swift /Users/hectorgarcia/LYO_Da_ONE/Sources/Components/AITutor/CourseProposalView.swift /Users/hectorgarcia/LYO_Da_ONE/Sources/Views/Chat/CourseRoadmapBubbleView.swift /Users/hectorgarcia/LYO_Da_ONE/Sources/Core/Services/CourseShareService.swift /Users/hectorgarcia/LYO_Da_ONE/Sources/Core/Services/CourseSocialService.swift /Users/hectorgarcia/LYO_Da_ONE/Sources/Services/CourseWizardHandler.swift /Users/hectorgarcia/LYO_Da_ONE/Sources/Services/CrashlyticsService.swift /Users/hectorgarcia/LYO_Da_ONE/Sources/Views/Community/CreateCommunityItemSheet.swift /Users/hectorgarcia/LYO_Da_ONE/Sources/Views/Main/CreateEventView.swift /Users/hectorgarcia/LYO_Da_ONE/Sources/Views/Main/Creation/CreateHubView.swift /Users/hectorgarcia/LYO_Da_ONE/Sources/Views/Main/Creation/CreateModePicker.swift /Users/hectorgarcia/LYO_Da_ONE/Sources/Views/Components/Stories/CreateStoryView.swift /Users/hectorgarcia/LYO_Da_ONE/Sources/ViewModels/CreateViewModel.swift /Users/hectorgarcia/LYO_Da_ONE/Sources/Views/Main/Creation/CreationSheet.swift /Users/hectorgarcia/LYO_Da_ONE/Sources/Services/DataService.swift /Users/hectorgarcia/LYO_Da_ONE/Sources/Services/Repositories/DefaultAIRepository.swift /Users/hectorgarcia/LYO_Da_ONE/Sources/Services/Repositories/DefaultAuthRepository.swift /Users/hectorgarcia/LYO_Da_ONE/Sources/Services/Repositories/DefaultCommunityRepository.swift /Users/hectorgarcia/LYO_Da_ONE/Sources/Services/Repositories/DefaultGamificationRepository.swift /Users/hectorgarcia/LYO_Da_ONE/Sources/Services/Repositories/DefaultLearningRepository.swift /Users/hectorgarcia/LYO_Da_ONE/Sources/Services/Repositories/DefaultSocialRepository.swift /Users/hectorgarcia/LYO_Da_ONE/Sources/Services/Repositories/DefaultTTSRepository.swift /Users/hectorgarcia/LYO_Da_ONE/Sources/Core/DesignSystem.swift /Users/hectorgarcia/LYO_Da_ONE/Sources/Core/DesignTokens.swift /Users/hectorgarcia/LYO_Da_ONE/Sources/Views/Profile/DeveloperDashboardView.swift /Users/hectorgarcia/LYO_Da_ONE/Sources/Components/Common/DiscoverCardView.swift /Users/hectorgarcia/LYO_Da_ONE/Sources/Models/DiscoverModels.swift /Users/hectorgarcia/LYO_Da_ONE/Sources/Views/Main/DiscoverReelView.swift /Users/hectorgarcia/LYO_Da_ONE/Sources/Views/Main/DiscoverView.swift /Users/hectorgarcia/LYO_Da_ONE/Sources/ViewModels/DiscoverViewModel.swift /Users/hectorgarcia/LYO_Da_ONE/Sources/Services/DiscoveryService.swift /Users/hectorgarcia/LYO_Da_ONE/Sources/Components/Common/DocumentPickerView.swift /Users/hectorgarcia/LYO_Da_ONE/Sources/Views/Main/Drawer/DrawerChatHistoryView.swift /Users/hectorgarcia/LYO_Da_ONE/Sources/Views/Auth/EditProfileView.swift /Users/hectorgarcia/LYO_Da_ONE/Sources/Views/Community/EducationalCenterDetailView.swift /Users/hectorgarcia/LYO_Da_ONE/Sources/Views/Community/EducationalEventDetailView.swift /Users/hectorgarcia/LYO_Da_ONE/Sources/Core/Networking/Endpoint.swift /Users/hectorgarcia/LYO_Da_ONE/Sources/Views/Chat/EnhancedAIChatView.swift /Users/hectorgarcia/LYO_Da_ONE/Sources/Views/Chat/EnhancedChatInputBar.swift /Users/hectorgarcia/LYO_Da_ONE/Sources/Views/Main/AITutor/EnhancedLyoHomeView.swift /Users/hectorgarcia/LYO_Da_ONE/Sources/Components/Navigation/EnhancedMainTabView.swift /Users/hectorgarcia/LYO_Da_ONE/Sources/Components/Navigation/EnhancedMainTabView_STUB.swift /Users/hectorgarcia/LYO_Da_ONE/Sources/Views/Chat/EnhancedMessageBubble.swift /Users/hectorgarcia/LYO_Da_ONE/Sources/Components/Errors/ErrorView.swift /Users/hectorgarcia/LYO_Da_ONE/Sources/Services/ExerciseValidationService.swift /Users/hectorgarcia/LYO_Da_ONE/Sources/Models/FeedModels.swift /Users/hectorgarcia/LYO_Da_ONE/Sources/Views/Social/FeedView.swift /Users/hectorgarcia/LYO_Da_ONE/Sources/ViewModels/FeedViewModel.swift /Users/hectorgarcia/LYO_Da_ONE/Sources/Core/Security/FirebaseAuthManager.swift /Users/hectorgarcia/LYO_Da_ONE/Sources/Views/Chat/FlashcardCarouselBubbleView.swift /Users/hectorgarcia/LYO_Da_ONE/Sources/Views/Main/Campus/FloatingModeButton.swift /Users/hectorgarcia/LYO_Da_ONE/Sources/Views/Main/Hybrid/FloatingOrbView.swift /Users/hectorgarcia/LYO_Da_ONE/Sources/Components/Common/FlowLayout.swift /Users/hectorgarcia/LYO_Da_ONE/Sources/Views/Main/FocusView.swift /Users/hectorgarcia/LYO_Da_ONE/Sources/Views/AI/GenerationProgressView.swift /Users/hectorgarcia/LYO_Da_ONE/Sources/Components/Premium/GlassCard.swift /Users/hectorgarcia/LYO_Da_ONE/Sources/Components/Common/GlassmorphicCard.swift /Users/hectorgarcia/LYO_Da_ONE/Sources/Views/Community/GlobalLeaderboardView.swift /Users/hectorgarcia/LYO_Da_ONE/Sources/Views/Main/GlobalSearchView.swift /Users/hectorgarcia/LYO_Da_ONE/Sources/Core/Utilities/HapticManager.swift /Users/hectorgarcia/LYO_Da_ONE/Sources/Views/Main/Hybrid/HeroSectionView.swift /Users/hectorgarcia/LYO_Da_ONE/Sources/Views/Profile/HolisticProfileView.swift /Users/hectorgarcia/LYO_Da_ONE/Sources/Views/HomeView.swift /Users/hectorgarcia/LYO_Da_ONE/Sources/Views/Main/Hybrid/HybridLyoHomeView.swift /Users/hectorgarcia/LYO_Da_ONE/Sources/Views/Community/Components/ImagePicker.swift /Users/hectorgarcia/LYO_Da_ONE/Sources/Components/Vision/ImagePickerView.swift /Users/hectorgarcia/LYO_Da_ONE/Sources/Services/InteractiveCinemaService.swift /Users/hectorgarcia/LYO_Da_ONE/Sources/Views/Chat/InteractiveQuizBubbleView.swift /Users/hectorgarcia/LYO_Da_ONE/Sources/Utils/KeychainHelper.swift /Users/hectorgarcia/LYO_Da_ONE/Sources/Components/Challenges/LeaderboardRowView.swift /Users/hectorgarcia/LYO_Da_ONE/Sources/Models/LearningModels.swift /Users/hectorgarcia/LYO_Da_ONE/Sources/Services/LioChatService.swift /Users/hectorgarcia/LYO_Da_ONE/Sources/Views/Main/AITutor/LioChatSheet.swift /Users/hectorgarcia/LYO_Da_ONE/Sources/Components/AITutor/LioOrbView.swift /Users/hectorgarcia/LYO_Da_ONE/Sources/Views/Main/Classroom/LiveClassroomView.swift /Users/hectorgarcia/LYO_Da_ONE/Sources/ViewModels/LiveClassroomViewModel.swift /Users/hectorgarcia/LYO_Da_ONE/Sources/Models/LiveLessonModels.swift /Users/hectorgarcia/LYO_Da_ONE/Sources/Views/Auth/LoginView.swift /Users/hectorgarcia/LYO_Da_ONE/Sources/ViewModels/LyoAIViewModel.swift /Users/hectorgarcia/LYO_Da_ONE/Sources/Services/LyoAPIClient.swift /Users/hectorgarcia/LYO_Da_ONE/Sources/Components/Challenges/LyoAnimatedAvatarView.swift /Users/hectorgarcia/LYO_Da_ONE/Sources/LyoApp.swift /Users/hectorgarcia/LYO_Da_ONE/Sources/Components/Challenges/LyoAvatarState.swift /Users/hectorgarcia/LYO_Da_ONE/Sources/Views/Main/Hybrid/LyoAvatarView.swift /Users/hectorgarcia/LYO_Da_ONE/Sources/Models/LyoChat.swift /Users/hectorgarcia/LYO_Da_ONE/Sources/Core/Errors/LyoError.swift /Users/hectorgarcia/LYO_Da_ONE/Sources/Components/Errors/LyoErrorViews.swift /Users/hectorgarcia/LYO_Da_ONE/Sources/Views/Main/AITutor/LyoHomeView.swift /Users/hectorgarcia/LYO_Da_ONE/Sources/Components/Onboarding/LyoOnboardingSystem.swift /Users/hectorgarcia/LYO_Da_ONE/Sources/Services/LyoOrchestrator.swift /Users/hectorgarcia/LYO_Da_ONE/Sources/Views/Main/Hybrid/LyoOverlayView.swift /Users/hectorgarcia/LYO_Da_ONE/Sources/Services/LyoRepository.swift /Users/hectorgarcia/LYO_Da_ONE/Sources/Views/MainTabView.swift /Users/hectorgarcia/LYO_Da_ONE/Sources/Views/Community/MarketplaceListingDetailView.swift /Users/hectorgarcia/LYO_Da_ONE/Sources/Components/Common/MascotParticles.swift /Users/hectorgarcia/LYO_Da_ONE/Sources/Views/Main/Profile/MasteryProfileView.swift /Users/hectorgarcia/LYO_Da_ONE/Sources/Services/MediaPickerService.swift /Users/hectorgarcia/LYO_Da_ONE/Sources/Models/MentorModels.swift /Users/hectorgarcia/LYO_Da_ONE/Sources/Components/AITutor/MessageAudioButton.swift /Users/hectorgarcia/LYO_Da_ONE/Sources/Components/AITutor/MessageBubbleView.swift /Users/hectorgarcia/LYO_Da_ONE/Sources/Components/Classroom/ModuleCardView.swift /Users/hectorgarcia/LYO_Da_ONE/Sources/Components/Classroom/ModuleGridView.swift /Users/hectorgarcia/LYO_Da_ONE/Sources/Services/MonetizationService.swift /Users/hectorgarcia/LYO_Da_ONE/Sources/Models/AI/MultiAgentCourseModels.swift /Users/hectorgarcia/LYO_Da_ONE/Sources/Views/Main/Creation/MultiModeCreationView.swift /Users/hectorgarcia/LYO_Da_ONE/Sources/Views/Chat/MultimodalChatInputView.swift /Users/hectorgarcia/LYO_Da_ONE/Sources/Views/Chat/MultimodalHelperViews.swift /Users/hectorgarcia/LYO_Da_ONE/Sources/Models/MultimodalMessage.swift /Users/hectorgarcia/LYO_Da_ONE/Sources/Views/Chat/MultimodalMessageBubble.swift /Users/hectorgarcia/LYO_Da_ONE/Sources/Views/Community/MyActivitiesView.swift /Users/hectorgarcia/LYO_Da_ONE/Sources/ViewModels/MyActivitiesViewModel.swift /Users/hectorgarcia/LYO_Da_ONE/Sources/Views/Courses/MyCoursesView.swift /Users/hectorgarcia/LYO_Da_ONE/Sources/Core/Networking/NetworkCache.swift /Users/hectorgarcia/LYO_Da_ONE/Sources/Core/Networking/NetworkClient.swift /Users/hectorgarcia/LYO_Da_ONE/Sources/Core/Networking/NetworkLogger.swift /Users/hectorgarcia/LYO_Da_ONE/Sources/Core/Networking/NetworkRequestable.swift /Users/hectorgarcia/LYO_Da_ONE/Sources/Services/NewFeatureServices.swift /Users/hectorgarcia/LYO_Da_ONE/Sources/Views/Notifications/NotificationCenterView.swift /Users/hectorgarcia/LYO_Da_ONE/Sources/Utils/NotificationExtensions.swift /Users/hectorgarcia/LYO_Da_ONE/Sources/Models/NotificationModels.swift /Users/hectorgarcia/LYO_Da_ONE/Sources/Services/Repositories/NotificationRepository.swift /Users/hectorgarcia/LYO_Da_ONE/Sources/Services/NotificationService.swift /Users/hectorgarcia/LYO_Da_ONE/Sources/Views/Main/NotificationsView.swift /Users/hectorgarcia/LYO_Da_ONE/Sources/Components/Errors/OfflineIndicator.swift /Users/hectorgarcia/LYO_Da_ONE/Sources/Core/Networking/OfflineQueueManager.swift /Users/hectorgarcia/LYO_Da_ONE/Sources/Components/Onboarding/OnboardingOverlay.swift /Users/hectorgarcia/LYO_Da_ONE/Sources/Views/Auth/OnboardingView.swift /Users/hectorgarcia/LYO_Da_ONE/Sources/Services/OpenAIService.swift /Users/hectorgarcia/LYO_Da_ONE/Sources/Components/Classroom/OrientationHintOverlay.swift /Users/hectorgarcia/LYO_Da_ONE/Sources/Models/PersonalizationModels.swift /Users/hectorgarcia/LYO_Da_ONE/Sources/Services/PersonalizationService.swift /Users/hectorgarcia/LYO_Da_ONE/Sources/Views/Main/Creation/PostEditorView.swift /Users/hectorgarcia/LYO_Da_ONE/Sources/Services/PostService.swift /Users/hectorgarcia/LYO_Da_ONE/Sources/Components/Premium/PremiumButton.swift /Users/hectorgarcia/LYO_Da_ONE/Sources/Views/Main/Home/PremiumHomeView.swift /Users/hectorgarcia/LYO_Da_ONE/Sources/Views/Community/PrivateLessonDetailView.swift /Users/hectorgarcia/LYO_Da_ONE/Sources/Views/Components/ProactiveHintBanner.swift /Users/hectorgarcia/LYO_Da_ONE/Sources/Views/Chat/ProcessingBubbleView.swift /Users/hectorgarcia/LYO_Da_ONE/Sources/Views/Main/Profile/ProfileHomeView.swift /Users/hectorgarcia/LYO_Da_ONE/Sources/Views/ProfileView.swift /Users/hectorgarcia/LYO_Da_ONE/Sources/Services/PushNotificationService.swift /Users/hectorgarcia/LYO_Da_ONE/Sources/Components/Classroom/QuickCheckOverlay.swift /Users/hectorgarcia/LYO_Da_ONE/Sources/Components/AITutor/QuickExplainerView.swift /Users/hectorgarcia/LYO_Da_ONE/Sources/Views/Main/ReelComponents/QuizOverlayView.swift /Users/hectorgarcia/LYO_Da_ONE/Sources/Views/Learning/QuizView.swift /Users/hectorgarcia/LYO_Da_ONE/Sources/ViewModels/QuizViewModel.swift /Users/hectorgarcia/LYO_Da_ONE/Sources/Views/Main/ReelComponents/ReelActionStrip.swift /Users/hectorgarcia/LYO_Da_ONE/Sources/Views/Main/ReelComponents/ReelHeaderView.swift /Users/hectorgarcia/LYO_Da_ONE/Sources/Views/Main/ReelComponents/ReelInfoOverlay.swift /Users/hectorgarcia/LYO_Da_ONE/Sources/Views/Auth/RegisterView.swift /Users/hectorgarcia/LYO_Da_ONE/Sources/Services/Repositories/RepositoryProtocols.swift /Users/hectorgarcia/LYO_Da_ONE/Sources/Components/Classroom/ReteachOverlay.swift /Users/hectorgarcia/LYO_Da_ONE/Sources/Views/Community/ReviewInputView.swift /Users/hectorgarcia/LYO_Da_ONE/Sources/Views/Community/ReviewListView.swift /Users/hectorgarcia/LYO_Da_ONE/Sources/Services/ReviewService.swift /Users/hectorgarcia/LYO_Da_ONE/Sources/ViewModels/RootViewModel.swift /Users/hectorgarcia/LYO_Da_ONE/Sources/Core/Networking/SaaSHeaders.swift /Users/hectorgarcia/LYO_Da_ONE/Sources/Services/SaaSService.swift /Users/hectorgarcia/LYO_Da_ONE/Sources/Core/Configuration/Secrets.swift /Users/hectorgarcia/LYO_Da_ONE/Sources/Views/SettingsView.swift /Users/hectorgarcia/LYO_Da_ONE/Sources/Utils/ShapeExtensions.swift /Users/hectorgarcia/LYO_Da_ONE/Sources/Views/Community/Components/SharedCourseCard.swift /Users/hectorgarcia/LYO_Da_ONE/Sources/Components/Premium/ShimmerEffect.swift /Users/hectorgarcia/LYO_Da_ONE/Sources/Utils/ShimmerModifier.swift /Users/hectorgarcia/LYO_Da_ONE/Sources/Views/Main/SimpleVideoContextSheet.swift /Users/hectorgarcia/LYO_Da_ONE/Sources/Services/SmartMemoryService.swift /Users/hectorgarcia/LYO_Da_ONE/Sources/Views/Main/Hybrid/SocialFeedSection.swift /Users/hectorgarcia/LYO_Da_ONE/Sources/Models/SocialModels.swift /Users/hectorgarcia/LYO_Da_ONE/Sources/Services/SoftSkillsService.swift /Users/hectorgarcia/LYO_Da_ONE/Sources/Components/Common/StackCardView.swift /Users/hectorgarcia/LYO_Da_ONE/Sources/Views/Main/StackDrawerView.swift /Users/hectorgarcia/LYO_Da_ONE/Sources/Models/StackModels.swift /Users/hectorgarcia/LYO_Da_ONE/Sources/Views/Main/Stack/StackPanelView.swift /Users/hectorgarcia/LYO_Da_ONE/Sources/Services/StackService.swift /Users/hectorgarcia/LYO_Da_ONE/Sources/Views/Components/Stories/StoriesRailView.swift /Users/hectorgarcia/LYO_Da_ONE/Sources/Views/Components/Stories/StoryCircleView.swift /Users/hectorgarcia/LYO_Da_ONE/Sources/Services/StoryService.swift /Users/hectorgarcia/LYO_Da_ONE/Sources/Views/Components/Stories/StoryViewer.swift /Users/hectorgarcia/LYO_Da_ONE/Sources/Components/Challenges/StreakCalendarView.swift /Users/hectorgarcia/LYO_Da_ONE/Sources/Core/Networking/StreamingResponseManager.swift /Users/hectorgarcia/LYO_Da_ONE/Sources/Views/Community/StudyGroupDetailView.swift /Users/hectorgarcia/LYO_Da_ONE/Sources/Views/SubscriptionView.swift /Users/hectorgarcia/LYO_Da_ONE/Sources/Components/AITutor/SuggestionChipsBar.swift /Users/hectorgarcia/LYO_Da_ONE/Sources/Views/Chat/SuggestionChipsView.swift /Users/hectorgarcia/LYO_Da_ONE/Sources/Views/Learning/TTSView.swift /Users/hectorgarcia/LYO_Da_ONE/Sources/ViewModels/TTSViewModel.swift /Users/hectorgarcia/LYO_Da_ONE/Sources/Components/Classroom/TTSVoiceBubbleView.swift /Users/hectorgarcia/LYO_Da_ONE/Sources/Services/TextToSpeechService.swift /Users/hectorgarcia/LYO_Da_ONE/Sources/Core/Security/TokenManager.swift /Users/hectorgarcia/LYO_Da_ONE/Sources/Views/Main/TopHeaderView.swift /Users/hectorgarcia/LYO_Da_ONE/Sources/Views/Chat/TopicSelectionBubbleView.swift /Users/hectorgarcia/LYO_Da_ONE/Sources/Views/Main/Classroom/TranscriptSheet.swift /Users/hectorgarcia/LYO_Da_ONE/Sources/Views/Main/Classroom/TutorModeView.swift /Users/hectorgarcia/LYO_Da_ONE/Sources/Models/TutorModels.swift /Users/hectorgarcia/LYO_Da_ONE/Sources/Services/TutorService.swift /Users/hectorgarcia/LYO_Da_ONE/Sources/ViewModels/TutorViewModel.swift /Users/hectorgarcia/LYO_Da_ONE/Sources/Models/UIStackModels.swift /Users/hectorgarcia/LYO_Da_ONE/Sources/Services/UIStackStore.swift /Users/hectorgarcia/LYO_Da_ONE/Sources/Services/UnifiedChatPersistence.swift /Users/hectorgarcia/LYO_Da_ONE/Sources/Services/UnifiedChatService.swift /Users/hectorgarcia/LYO_Da_ONE/Sources/Views/AI/UsageAnalyticsView.swift /Users/hectorgarcia/LYO_Da_ONE/Sources/Models/User.swift /Users/hectorgarcia/LYO_Da_ONE/Sources/Services/UserContextService.swift /Users/hectorgarcia/LYO_Da_ONE/Sources/Core/Services/UserSessionManager.swift /Users/hectorgarcia/LYO_Da_ONE/Sources/Views/Main/ReelComponents/VideoContextSheet.swift /Users/hectorgarcia/LYO_Da_ONE/Sources/Services/VideoPickerService.swift /Users/hectorgarcia/LYO_Da_ONE/Sources/Views/Main/Creation/VideoRecorderView.swift /Users/hectorgarcia/LYO_Da_ONE/Sources/Services/VisionService.swift /Users/hectorgarcia/LYO_Da_ONE/Sources/Services/VoiceInputService.swift /Users/hectorgarcia/LYO_Da_ONE/Sources/Core/Networking/WebSocketManager.swift /Users/hectorgarcia/LYO_Da_ONE/Sources/Views/Components/MagicalBackgroundView.swift /Users/hectorgarcia/LYO_Da_ONE/Sources/Views/Components/MagicEffectView.swift /Users/hectorgarcia/LYO_Da_ONE/Sources/Views/Classroom/BlockRendererView.swift /Users/hectorgarcia/Library/Developer/Xcode/DerivedData/Build/Intermediates.noindex/Lyo.build/Debug-iphonesimulator/Lyo.build/DerivedSources/GeneratedAssetSymbols.swift -target x86_64-apple-ios17.0-simulator -module-can-import-version DeveloperToolsSupport 23.0.4 23.0.4 -module-can-import FirebaseAuth -module-can-import FirebaseCore -module-can-import FirebaseCrashlytics -module-can-import GoogleSignIn -module-can-import-version SwiftUI 7.2.5.1 7.2.5 -module-can-import-version UIKit 9126.2.4.1 9126.2.4 -disable-cross-import-overlay-search -swift-module-cross-import AVKit /Users/hectorgarcia/Downloads/Xcode.app/Contents/Developer/Platforms/iPhoneSimulator.platform/Developer/SDKs/iPhoneSimulator.sdk/System/Library/Frameworks/AVKit.framework/Modules/AVKit.swiftcrossimport/SwiftUI.swiftoverlay -swift-module-cross-import AVKit /Users/hectorgarcia/Downloads/Xcode.app/Contents/Developer/Platforms/iPhoneSimulator.platform/Developer/SDKs/iPhoneSimulator26.2.sdk/System/Library/Frameworks/AVKit.framework/Modules/AVKit.swiftcrossimport/SwiftUI.swiftoverlay -swift-module-cross-import AuthenticationServices /Users/hectorgarcia/Downloads/Xcode.app/Contents/Developer/Platforms/iPhoneSimulator.platform/Developer/SDKs/iPhoneSimulator.sdk/System/Cryptexes/OS/System/Library/Frameworks/AuthenticationServices.framework/Modules/AuthenticationServices.swiftcrossimport/SwiftUI.swiftoverlay -swift-module-cross-import AuthenticationServices /Users/hectorgarcia/Downloads/Xcode.app/Contents/Developer/Platforms/iPhoneSimulator.platform/Developer/SDKs/iPhoneSimulator26.2.sdk/System/Library/Frameworks/AuthenticationServices.framework/Modules/AuthenticationServices.swiftcrossimport/SwiftUI.swiftoverlay -swift-module-cross-import MapKit /Users/hectorgarcia/Downloads/Xcode.app/Contents/Developer/Platforms/iPhoneSimulator.platform/Developer/SDKs/iPhoneSimulator.sdk/System/Library/Frameworks/MapKit.framework/Modules/MapKit.swiftcrossimport/SwiftUI.swiftoverlay -swift-module-cross-import PhotosUI /Users/hectorgarcia/Downloads/Xcode.app/Contents/Developer/Platforms/iPhoneSimulator.platform/Developer/SDKs/iPhoneSimulator.sdk/System/Library/Frameworks/PhotosUI.framework/Modules/PhotosUI.swiftcrossimport/SwiftUI.swiftoverlay -swift-module-cross-import PhotosUI /Users/hectorgarcia/Downloads/Xcode.app/Contents/Developer/Platforms/iPhoneSimulator.platform/Developer/SDKs/iPhoneSimulator.sdk/System/Library/Frameworks/PhotosUI.framework/Modules/PhotosUI.swiftcrossimport/WidgetKit.swiftoverlay -swift-module-cross-import PhotosUI /Users/hectorgarcia/Downloads/Xcode.app/Contents/Developer/Platforms/iPhoneSimulator.platform/Developer/SDKs/iPhoneSimulator26.2.sdk/System/Library/Frameworks/PhotosUI.framework/Modules/PhotosUI.swiftcrossimport/SwiftUI.swiftoverlay -swift-module-cross-import PhotosUI /Users/hectorgarcia/Downloads/Xcode.app/Contents/Developer/Platforms/iPhoneSimulator.platform/Developer/SDKs/iPhoneSimulator26.2.sdk/System/Library/Frameworks/PhotosUI.framework/Modules/PhotosUI.swiftcrossimport/WidgetKit.swiftoverlay -swift-module-cross-import StoreKit /Users/hectorgarcia/Downloads/Xcode.app/Contents/Developer/Platforms/iPhoneSimulator.platform/Developer/SDKs/iPhoneSimulator.sdk/System/Library/Frameworks/StoreKit.framework/Modules/StoreKit.swiftcrossimport/SwiftUI.swiftoverlay -swift-module-cross-import StoreKit /Users/hectorgarcia/Downloads/Xcode.app/Contents/Developer/Platforms/iPhoneSimulator.platform/Developer/SDKs/iPhoneSimulator26.2.sdk/System/Library/Frameworks/StoreKit.framework/Modules/StoreKit.swiftcrossimport/SwiftUI.swiftoverlay -swift-module-cross-import SwiftData /Users/hectorgarcia/Downloads/Xcode.app/Contents/Developer/Platforms/iPhoneSimulator.platform/Developer/SDKs/iPhoneSimulator26.2.sdk/System/Library/Frameworks/SwiftData.framework/Modules/SwiftData.swiftcrossimport/CoreData.swiftoverlay -swift-module-cross-import SwiftData /Users/hectorgarcia/Downloads/Xcode.app/Contents/Developer/Platforms/iPhoneSimulator.platform/Developer/SDKs/iPhoneSimulator26.2.sdk/System/Library/Frameworks/SwiftData.framework/Modules/SwiftData.swiftcrossimport/SwiftUI.swiftoverlay -swift-module-cross-import WebKit /Users/hectorgarcia/Downloads/Xcode.app/Contents/Developer/Platforms/iPhoneSimulator.platform/Developer/SDKs/iPhoneSimulator.sdk/System/Cryptexes/OS/System/Library/Frameworks/WebKit.framework/Modules/WebKit.swiftcrossimport/SwiftUI.swiftoverlay -swift-module-cross-import WebKit /Users/hectorgarcia/Downloads/Xcode.app/Contents/Developer/Platforms/iPhoneSimulator.platform/Developer/SDKs/iPhoneSimulator26.2.sdk/System/Library/Frameworks/WebKit.framework/Modules/WebKit.swiftcrossimport/SwiftUI.swiftoverlay -load-resolved-plugin /Users/hectorgarcia/Downloads/Xcode.app/Contents/Developer/Platforms/iPhoneOS.platform/Developer/usr/lib/swift/host/plugins/libFoundationMacros.dylib\#/Users/hectorgarcia/Downloads/Xcode.app/Contents/Developer/Platforms/iPhoneOS.platform/Developer/usr/bin/swift-plugin-server\#FoundationMacros -load-resolved-plugin /Users/hectorgarcia/Downloads/Xcode.app/Contents/Developer/Platforms/iPhoneOS.platform/Developer/usr/lib/swift/host/plugins/libObservationMacros.dylib\#/Users/hectorgarcia/Downloads/Xcode.app/Contents/Developer/Platforms/iPhoneOS.platform/Developer/usr/bin/swift-plugin-server\#ObservationMacros -load-resolved-plugin /Users/hectorgarcia/Downloads/Xcode.app/Contents/Developer/Platforms/iPhoneOS.platform/Developer/usr/lib/swift/host/plugins/libPreviewsMacros.dylib\#/Users/hectorgarcia/Downloads/Xcode.app/Contents/Developer/Platforms/iPhoneOS.platform/Developer/usr/bin/swift-plugin-server\#PreviewsMacros -load-resolved-plugin /Users/hectorgarcia/Downloads/Xcode.app/Contents/Developer/Platforms/iPhoneOS.platform/Developer/usr/lib/swift/host/plugins/libSwiftDataMacros.dylib\#/Users/hectorgarcia/Downloads/Xcode.app/Contents/Developer/Platforms/iPhoneOS.platform/Developer/usr/bin/swift-plugin-server\#SwiftDataMacros -load-resolved-plugin /Users/hectorgarcia/Downloads/Xcode.app/Contents/Developer/Platforms/iPhoneOS.platform/Developer/usr/lib/swift/host/plugins/libSwiftMacros.dylib\#/Users/hectorgarcia/Downloads/Xcode.app/Contents/Developer/Platforms/iPhoneOS.platform/Developer/usr/bin/swift-plugin-server\#SwiftMacros -load-resolved-plugin /Users/hectorgarcia/Downloads/Xcode.app/Contents/Developer/Platforms/iPhoneOS.platform/Developer/usr/lib/swift/host/plugins/libSwiftUIMacros.dylib\#/Users/hectorgarcia/Downloads/Xcode.app/Contents/Developer/Platforms/iPhoneOS.platform/Developer/usr/bin/swift-plugin-server\#SwiftUIMacros -load-resolved-plugin /Users/hectorgarcia/Downloads/Xcode.app/Contents/Developer/Platforms/iPhoneOS.platform/Developer/usr/lib/swift/host/plugins/libTipKitMacros.dylib\#/Users/hectorgarcia/Downloads/Xcode.app/Contents/Developer/Platforms/iPhoneOS.platform/Developer/usr/bin/swift-plugin-server\#TipKitMacros -disable-implicit-swift-modules -Xcc -fno-implicit-modules -Xcc -fno-implicit-module-maps -explicit-swift-module-map-file /Users/hectorgarcia/Library/Developer/Xcode/DerivedData/Build/Intermediates.noindex/Lyo.build/Debug-iphonesimulator/Lyo.build/Objects-normal/x86_64/Lyo-dependencies-1.json -enable-objc-interop -sdk /Users/hectorgarcia/Downloads/Xcode.app/Contents/Developer/Platforms/iPhoneSimulator.platform/Developer/SDKs/iPhoneSimulator26.2.sdk -I /Users/hectorgarcia/Library/Developer/Xcode/DerivedData/Build/Products/Debug-iphonesimulator -F /Users/hectorgarcia/Library/Developer/Xcode/DerivedData/Build/Products/Debug-iphonesimulator/PackageFrameworks -F /Users/hectorgarcia/Library/Developer/Xcode/DerivedData/Build/Products/Debug-iphonesimulator/PackageFrameworks -F /Users/hectorgarcia/Library/Developer/Xcode/DerivedData/Build/Products/Debug-iphonesimulator/PackageFrameworks -F /Users/hectorgarcia/Library/Developer/Xcode/DerivedData/Build/Products/Debug-iphonesimulator/PackageFrameworks -F /Users/hectorgarcia/Library/Developer/Xcode/DerivedData/Build/Products/Debug-iphonesimulator/PackageFrameworks -F /Users/hectorgarcia/Library/Developer/Xcode/DerivedData/Build/Products/Debug-iphonesimulator/PackageFrameworks -F /Users/hectorgarcia/Library/Developer/Xcode/DerivedData/Build/Products/Debug-iphonesimulator/PackageFrameworks -F /Users/hectorgarcia/Library/Developer/Xcode/DerivedData/Build/Products/Debug-iphonesimulator/PackageFrameworks -F /Users/hectorgarcia/Library/Developer/Xcode/DerivedData/Build/Products/Debug-iphonesimulator/PackageFrameworks -F /Users/hectorgarcia/Library/Developer/Xcode/DerivedData/Build/Products/Debug-iphonesimulator/PackageFrameworks -F /Users/hectorgarcia/Library/Developer/Xcode/DerivedData/Build/Products/Debug-iphonesimulator/PackageFrameworks -F /Users/hectorgarcia/Library/Developer/Xcode/DerivedData/Build/Products/Debug-iphonesimulator/PackageFrameworks -F /Users/hectorgarcia/Library/Developer/Xcode/DerivedData/Build/Products/Debug-iphonesimulator/PackageFrameworks -F /Users/hectorgarcia/Library/Developer/Xcode/DerivedData/Build/Products/Debug-iphonesimulator/PackageFrameworks -F /Users/hectorgarcia/Library/Developer/Xcode/DerivedData/Build/Products/Debug-iphonesimulator/PackageFrameworks -F /Users/hectorgarcia/Library/Developer/Xcode/DerivedData/Build/Products/Debug-iphonesimulator/PackageFrameworks -F /Users/hectorgarcia/Library/Developer/Xcode/DerivedData/Build/Products/Debug-iphonesimulator/PackageFrameworks -F /Users/hectorgarcia/Library/Developer/Xcode/DerivedData/Build/Products/Debug-iphonesimulator/PackageFrameworks -F /Users/hectorgarcia/Library/Developer/Xcode/DerivedData/Build/Products/Debug-iphonesimulator/PackageFrameworks -F /Users/hectorgarcia/Library/Developer/Xcode/DerivedData/Build/Products/Debug-iphonesimulator/PackageFrameworks -F /Users/hectorgarcia/Library/Developer/Xcode/DerivedData/Build/Products/Debug-iphonesimulator/PackageFrameworks -F /Users/hectorgarcia/Library/Developer/Xcode/DerivedData/Build/Products/Debug-iphonesimulator/PackageFrameworks -F /Users/hectorgarcia/Library/Developer/Xcode/DerivedData/Build/Products/Debug-iphonesimulator/PackageFrameworks -F /Users/hectorgarcia/Library/Developer/Xcode/DerivedData/Build/Products/Debug-iphonesimulator/PackageFrameworks -F /Users/hectorgarcia/Library/Developer/Xcode/DerivedData/Build/Products/Debug-iphonesimulator/PackageFrameworks -F /Users/hectorgarcia/Library/Developer/Xcode/DerivedData/Build/Products/Debug-iphonesimulator/PackageFrameworks -F /Users/hectorgarcia/Library/Developer/Xcode/DerivedData/Build/Products/Debug-iphonesimulator/PackageFrameworks -F /Users/hectorgarcia/Library/Developer/Xcode/DerivedData/Build/Products/Debug-iphonesimulator/PackageFrameworks -F /Users/hectorgarcia/Library/Developer/Xcode/DerivedData/Build/Products/Debug-iphonesimulator/PackageFrameworks -F /Users/hectorgarcia/Library/Developer/Xcode/DerivedData/Build/Products/Debug-iphonesimulator/PackageFrameworks -F /Users/hectorgarcia/Library/Developer/Xcode/DerivedData/Build/Products/Debug-iphonesimulator -no-color-diagnostics -Xcc -fno-color-diagnostics -enable-testing -g -debug-info-format\=dwarf -dwarf-version\=4 -module-cache-path /Users/hectorgarcia/Library/Developer/Xcode/DerivedData/Build/Intermediates.noindex/SwiftExplicitPrecompiledModules -swift-version 5 -enforce-exclusivity\=checked -Onone -D DEBUG -serialize-debugging-options -const-gather-protocols-file /Users/hectorgarcia/Library/Developer/Xcode/DerivedData/Build/Intermediates.noindex/Lyo.build/Debug-iphonesimulator/Lyo.build/Objects-normal/x86_64/Lyo_const_extract_protocols.json -enable-experimental-feature DebugDescriptionMacro -enable-bare-slash-regex -empty-abi-descriptor -validate-clang-modules-once -clang-build-session-file /Users/hectorgarcia/Library/Developer/Xcode/DerivedData/ModuleCache.noindex/Session.modulevalidation -Xcc -working-directory -Xcc /Users/hectorgarcia/LYO_Da_ONE -enable-anonymous-context-mangled-names -file-compilation-dir /Users/hectorgarcia/LYO_Da_ONE -Xcc -fmodule-map-file\=/Users/hectorgarcia/Library/Developer/Xcode/DerivedData/Build/Intermediates.noindex/GeneratedModuleMaps-iphonesimulator/AppAuth.modulemap -Xcc -fmodule-map-file\=/Users/hectorgarcia/Library/Developer/Xcode/DerivedData/Build/Intermediates.noindex/GeneratedModuleMaps-iphonesimulator/AppAuthCore.modulemap -Xcc -fmodule-map-file\=/Users/hectorgarcia/Library/Developer/Xcode/DerivedData/Build/Intermediates.noindex/GeneratedModuleMaps-iphonesimulator/GoogleSignIn.modulemap -Xcc -fmodule-map-file\=/Users/hectorgarcia/Library/Developer/Xcode/DerivedData/Build/Intermediates.noindex/GeneratedModuleMaps-iphonesimulator/GoogleUtilities-Network.modulemap -Xcc -fmodule-map-file\=/Users/hectorgarcia/Library/Developer/Xcode/DerivedData/Build/Intermediates.noindex/GeneratedModuleMaps-iphonesimulator/GoogleUtilities-Reachability.modulemap -Xcc -fmodule-map-file\=/Users/hectorgarcia/Library/Developer/Xcode/DerivedData/Build/Intermediates.noindex/GeneratedModuleMaps-iphonesimulator/GoogleUtilities-AppDelegateSwizzler.modulemap -Xcc -fmodule-map-file\=/Users/hectorgarcia/Library/Developer/Xcode/DerivedData/Build/Intermediates.noindex/GeneratedModuleMaps-iphonesimulator/GTMSessionFetcherCore.modulemap -Xcc -fmodule-map-file\=/Users/hectorgarcia/Library/Developer/Xcode/DerivedData/Build/Intermediates.noindex/GeneratedModuleMaps-iphonesimulator/RecaptchaInterop.modulemap -Xcc -fmodule-map-file\=/Users/hectorgarcia/Library/Developer/Xcode/DerivedData/Build/Intermediates.noindex/GeneratedModuleMaps-iphonesimulator/FirebaseAppCheckInterop.modulemap -Xcc -fmodule-map-file\=/Users/hectorgarcia/Library/Developer/Xcode/DerivedData/Build/Intermediates.noindex/GeneratedModuleMaps-iphonesimulator/FirebaseAuth.modulemap -Xcc -fmodule-map-file\=/Users/hectorgarcia/Library/Developer/Xcode/DerivedData/Build/Intermediates.noindex/GeneratedModuleMaps-iphonesimulator/GoogleUtilities-NSData.modulemap -Xcc -fmodule-map-file\=/Users/hectorgarcia/Library/Developer/Xcode/DerivedData/Build/Intermediates.noindex/GeneratedModuleMaps-iphonesimulator/GoogleUtilities-Logger.modulemap -Xcc -fmodule-map-file\=/Users/hectorgarcia/Library/Developer/Xcode/DerivedData/Build/Intermediates.noindex/GeneratedModuleMaps-iphonesimulator/GoogleUtilities-Environment.modulemap -Xcc -fmodule-map-file\=/Users/hectorgarcia/Library/Developer/Xcode/DerivedData/Build/Intermediates.noindex/GeneratedModuleMaps-iphonesimulator/third-party-IsAppEncrypted.modulemap -Xcc -fmodule-map-file\=/Users/hectorgarcia/Library/Developer/Xcode/DerivedData/Build/Intermediates.noindex/GeneratedModuleMaps-iphonesimulator/GoogleUtilities-UserDefaults.modulemap -Xcc -fmodule-map-file\=/Users/hectorgarcia/Library/Developer/Xcode/DerivedData/Build/Intermediates.noindex/GeneratedModuleMaps-iphonesimulator/nanopb.modulemap -Xcc -fmodule-map-file\=/Users/hectorgarcia/Library/Developer/Xcode/DerivedData/Build/Intermediates.noindex/GeneratedModuleMaps-iphonesimulator/GoogleDataTransport.modulemap -Xcc -fmodule-map-file\=/Users/hectorgarcia/Library/Developer/Xcode/DerivedData/Build/Intermediates.noindex/GeneratedModuleMaps-iphonesimulator/FirebaseSessionsObjC.modulemap -Xcc -fmodule-map-file\=/Users/hectorgarcia/Library/Developer/Xcode/DerivedData/Build/Intermediates.noindex/GeneratedModuleMaps-iphonesimulator/FirebaseCoreExtension.modulemap -Xcc -fmodule-map-file\=/Users/hectorgarcia/Library/Developer/Xcode/DerivedData/Build/Intermediates.noindex/GeneratedModuleMaps-iphonesimulator/FirebaseInstallations.modulemap -Xcc -fmodule-map-file\=/Users/hectorgarcia/Library/Developer/Xcode/DerivedData/Build/Intermediates.noindex/GeneratedModuleMaps-iphonesimulator/FirebaseCore.modulemap -Xcc -fmodule-map-file\=/Users/hectorgarcia/Library/Developer/Xcode/DerivedData/Build/Intermediates.noindex/GeneratedModuleMaps-iphonesimulator/FirebaseCrashlytics.modulemap -Xcc -D_LIBCPP_HARDENING_MODE\=_LIBCPP_HARDENING_MODE_DEBUG -Xcc -ivfsstatcache -Xcc /Users/hectorgarcia/Library/Developer/Xcode/DerivedData/SDKStatCaches.noindex/iphonesimulator26.2-23C53-823d3e8b6e60bc2018c189d3ca05ba9b.sdkstatcache -Xcc -I/Users/hectorgarcia/Library/Developer/Xcode/DerivedData/Build/Intermediates.noindex/Lyo.build/Debug-iphonesimulator/Lyo.build/swift-overrides.hmap -Xcc -iquote -Xcc /Users/hectorgarcia/Library/Developer/Xcode/DerivedData/Build/Intermediates.noindex/Lyo.build/Debug-iphonesimulator/Lyo.build/Lyo-generated-files.hmap -Xcc -I/Users/hectorgarcia/Library/Developer/Xcode/DerivedData/Build/Intermediates.noindex/Lyo.build/Debug-iphonesimulator/Lyo.build/Lyo-own-target-headers.hmap -Xcc -I/Users/hectorgarcia/Library/Developer/Xcode/DerivedData/Build/Intermediates.noindex/Lyo.build/Debug-iphonesimulator/Lyo.build/Lyo-all-non-framework-target-headers.hmap -Xcc -ivfsoverlay -Xcc /Users/hectorgarcia/Library/Developer/Xcode/DerivedData/Build/Intermediates.noindex/Lyo.build/Debug-iphonesimulator/Lyo-bbd64440b6994385d1fe7db0e422d1b1-VFS-iphonesimulator/all-product-headers.yaml -Xcc -iquote -Xcc /Users/hectorgarcia/Library/Developer/Xcode/DerivedData/Build/Intermediates.noindex/Lyo.build/Debug-iphonesimulator/Lyo.build/Lyo-project-headers.hmap -Xcc -I/Users/hectorgarcia/Library/Developer/Xcode/DerivedData/Lyo-eagkiegzrakogpczynhkaholsscs/SourcePackages/checkouts/AppAuth-iOS/Sources/AppAuth -Xcc -I/Users/hectorgarcia/Library/Developer/Xcode/DerivedData/Lyo-eagkiegzrakogpczynhkaholsscs/SourcePackages/checkouts/AppAuth-iOS/Sources/AppAuthCore -Xcc -I/Users/hectorgarcia/Library/Developer/Xcode/DerivedData/Lyo-eagkiegzrakogpczynhkaholsscs/SourcePackages/checkouts/GoogleSignIn-iOS/GoogleSignIn/Sources/Public -Xcc -I/Users/hectorgarcia/Library/Developer/Xcode/DerivedData/Lyo-eagkiegzrakogpczynhkaholsscs/SourcePackages/checkouts/GoogleUtilities/GoogleUtilities/Network/Public -Xcc -I/Users/hectorgarcia/Library/Developer/Xcode/DerivedData/Lyo-eagkiegzrakogpczynhkaholsscs/SourcePackages/checkouts/GoogleUtilities/GoogleUtilities/Reachability/Public -Xcc -I/Users/hectorgarcia/Library/Developer/Xcode/DerivedData/Lyo-eagkiegzrakogpczynhkaholsscs/SourcePackages/checkouts/GoogleUtilities/GoogleUtilities/AppDelegateSwizzler/Public -Xcc -I/Users/hectorgarcia/Library/Developer/Xcode/DerivedData/Lyo-eagkiegzrakogpczynhkaholsscs/SourcePackages/checkouts/gtm-session-fetcher/Sources/Core/Public -Xcc -I/Users/hectorgarcia/Library/Developer/Xcode/DerivedData/Lyo-eagkiegzrakogpczynhkaholsscs/SourcePackages/checkouts/interop-ios-for-google-sdks/RecaptchaEnterprise/RecaptchaInterop/Public -Xcc -I/Users/hectorgarcia/Library/Developer/Xcode/DerivedData/Lyo-eagkiegzrakogpczynhkaholsscs/SourcePackages/checkouts/firebase-ios-sdk/FirebaseAppCheck/Interop/Public -Xcc -I/Users/hectorgarcia/Library/Developer/Xcode/DerivedData/Lyo-eagkiegzrakogpczynhkaholsscs/SourcePackages/checkouts/firebase-ios-sdk/FirebaseAuth/Sources/Public -Xcc -I/Users/hectorgarcia/Library/Developer/Xcode/DerivedData/Lyo-eagkiegzrakogpczynhkaholsscs/SourcePackages/checkouts/GoogleUtilities/GoogleUtilities/NSData+zlib/Public -Xcc -I/Users/hectorgarcia/Library/Developer/Xcode/DerivedData/Lyo-eagkiegzrakogpczynhkaholsscs/SourcePackages/checkouts/GoogleUtilities/GoogleUtilities/Logger/Public -Xcc -I/Users/hectorgarcia/Library/Developer/Xcode/DerivedData/Lyo-eagkiegzrakogpczynhkaholsscs/SourcePackages/checkouts/GoogleUtilities/GoogleUtilities/Environment/Public -Xcc -I/Users/hectorgarcia/Library/Developer/Xcode/DerivedData/Lyo-eagkiegzrakogpczynhkaholsscs/SourcePackages/checkouts/GoogleUtilities/third_party/IsAppEncrypted/Public -Xcc -I/Users/hectorgarcia/Library/Developer/Xcode/DerivedData/Lyo-eagkiegzrakogpczynhkaholsscs/SourcePackages/checkouts/GoogleUtilities/GoogleUtilities/UserDefaults/Public -Xcc -I/Users/hectorgarcia/Library/Developer/Xcode/DerivedData/Lyo-eagkiegzrakogpczynhkaholsscs/SourcePackages/checkouts/nanopb/spm_headers -Xcc -I/Users/hectorgarcia/Library/Developer/Xcode/DerivedData/Lyo-eagkiegzrakogpczynhkaholsscs/SourcePackages/checkouts/promises/Sources/FBLPromises/include -Xcc -I/Users/hectorgarcia/Library/Developer/Xcode/DerivedData/Lyo-eagkiegzrakogpczynhkaholsscs/SourcePackages/checkouts/GoogleDataTransport/GoogleDataTransport/GDTCORLibrary/Public -Xcc -I/Users/hectorgarcia/Library/Developer/Xcode/DerivedData/Lyo-eagkiegzrakogpczynhkaholsscs/SourcePackages/checkouts/firebase-ios-sdk/FirebaseSessions/SourcesObjC -Xcc -I/Users/hectorgarcia/Library/Developer/Xcode/DerivedData/Lyo-eagkiegzrakogpczynhkaholsscs/SourcePackages/checkouts/firebase-ios-sdk/FirebaseCore/Extension -Xcc -I/Users/hectorgarcia/Library/Developer/Xcode/DerivedData/Lyo-eagkiegzrakogpczynhkaholsscs/SourcePackages/checkouts/firebase-ios-sdk/FirebaseInstallations/Source/Library/Public -Xcc -I/Users/hectorgarcia/Library/Developer/Xcode/DerivedData/Lyo-eagkiegzrakogpczynhkaholsscs/SourcePackages/checkouts/firebase-ios-sdk/FirebaseCore/Sources/Public -Xcc -I/Users/hectorgarcia/Library/Developer/Xcode/DerivedData/Lyo-eagkiegzrakogpczynhkaholsscs/SourcePackages/checkouts/firebase-ios-sdk/CoreOnly/Sources -Xcc -I/Users/hectorgarcia/Library/Developer/Xcode/DerivedData/Lyo-eagkiegzrakogpczynhkaholsscs/SourcePackages/checkouts/firebase-ios-sdk/Crashlytics/Crashlytics/Public -Xcc -I/Users/hectorgarcia/Library/Developer/Xcode/DerivedData/Build/Products/Debug-iphonesimulator/include -Xcc -I/Users/hectorgarcia/Library/Developer/Xcode/DerivedData/Build/Intermediates.noindex/Lyo.build/Debug-iphonesimulator/Lyo.build/DerivedSources-normal/x86_64 -Xcc -I/Users/hectorgarcia/Library/Developer/Xcode/DerivedData/Build/Intermediates.noindex/Lyo.build/Debug-iphonesimulator/Lyo.build/DerivedSources/x86_64 -Xcc -I/Users/hectorgarcia/Library/Developer/Xcode/DerivedData/Build/Intermediates.noindex/Lyo.build/Debug-iphonesimulator/Lyo.build/DerivedSources -Xcc -DDEBUG\=1 -no-auto-bridging-header-chaining -module-name Lyo -frontend-parseable-output -disable-clang-spi -target-sdk-version 26.2 -target-sdk-name iphonesimulator26.2 -clang-target x86_64-apple-ios26.2-simulator -in-process-plugin-server-path /Users/hectorgarcia/Downloads/Xcode.app/Contents/Developer/Toolchains/XcodeDefault.xctoolchain/usr/lib/swift/host/libSwiftInProcPluginServer.dylib -emit-module-doc-path /Users/hectorgarcia/Library/Developer/Xcode/DerivedData/Build/Intermediates.noindex/Lyo.build/Debug-iphonesimulator/Lyo.build/Objects-normal/x86_64/Lyo.swiftdoc -emit-module-source-info-path /Users/hectorgarcia/Library/Developer/Xcode/DerivedData/Build/Intermediates.noindex/Lyo.build/Debug-iphonesimulator/Lyo.build/Objects-normal/x86_64/Lyo.swiftsourceinfo -emit-objc-header-path /Users/hectorgarcia/Library/Developer/Xcode/DerivedData/Build/Intermediates.noindex/Lyo.build/Debug-iphonesimulator/Lyo.build/Objects-normal/x86_64/Lyo-Swift.h -serialize-diagnostics-path /Users/hectorgarcia/Library/Developer/Xcode/DerivedData/Build/Intermediates.noindex/Lyo.build/Debug-iphonesimulator/Lyo.build/Objects-normal/x86_64/Lyo-primary-emit-module.dia -emit-dependencies-path /Users/hectorgarcia/Library/Developer/Xcode/DerivedData/Build/Intermediates.noindex/Lyo.build/Debug-iphonesimulator/Lyo.build/Objects-normal/x86_64/Lyo-primary-emit-module.d -o /Users/hectorgarcia/Library/Developer/Xcode/DerivedData/Build/Intermediates.noindex/Lyo.build/Debug-iphonesimulator/Lyo.build/Objects-normal/x86_64/Lyo.swiftmodule -emit-abi-descriptor-path /Users/hectorgarcia/Library/Developer/Xcode/DerivedData/Build/Intermediates.noindex/Lyo.build/Debug-iphonesimulator/Lyo.build/Objects-normal/x86_64/Lyo.abi.json

EmitSwiftModule normal x86_64 (in target 'Lyo' from project 'Lyo')
    cd /Users/hectorgarcia/LYO_Da_ONE
    
/Users/hectorgarcia/LYO_Da_ONE/Sources/Services/LyoAdapter.swift:8:15: error: 'LyoBlockType' is ambiguous for type lookup in this context
    let type: LyoBlockType
              ^~~~~~~~~~~~
/Users/hectorgarcia/LYO_Da_ONE/Sources/Services/LyoAdapter.swift:15:6: note: found this candidate
enum LyoBlockType: String, Codable {
     ^
/Users/hectorgarcia/LYO_Da_ONE/Sources/Models/LyoModels.swift:6:13: note: found this candidate
public enum LyoBlockType: String, Codable {
            ^
/Users/hectorgarcia/LYO_Da_ONE/Sources/Services/LyoAdapter.swift:9:15: error: 'SemanticRole' is ambiguous for type lookup in this context
    let role: SemanticRole
              ^~~~~~~~~~~~
/Users/hectorgarcia/LYO_Da_ONE/Sources/Services/LyoAdapter.swift:19:6: note: found this candidate
enum SemanticRole: String, Codable {
     ^
/Users/hectorgarcia/LYO_Da_ONE/Sources/Models/LyoModels.swift:10:13: note: found this candidate
public enum SemanticRole: String, Codable {
            ^
/Users/hectorgarcia/LYO_Da_ONE/Sources/Services/LyoAdapter.swift:10:27: error: 'PresentationHint' is ambiguous for type lookup in this context
    let presentationHint: PresentationHint?
                          ^~~~~~~~~~~~~~~~
/Users/hectorgarcia/LYO_Da_ONE/Sources/Services/LyoAdapter.swift:23:6: note: found this candidate
enum PresentationHint: String, Codable {
     ^
/Users/hectorgarcia/LYO_Da_ONE/Sources/Models/LyoModels.swift:14:13: note: found this candidate
public enum PresentationHint: String, Codable {
            ^
/Users/hectorgarcia/LYO_Da_ONE/Sources/Services/LyoAdapter.swift:11:18: error: 'AnyCodable' is ambiguous for type lookup in this context
    let content: AnyCodable
                 ^~~~~~~~~~
/Users/hectorgarcia/LYO_Da_ONE/Sources/Services/LyoAdapter.swift:383:8: note: found this candidate
struct AnyCodable: Codable {
       ^
/Users/hectorgarcia/LYO_Da_ONE/Sources/Models/AnyCodable.swift:4:15: note: found this candidate
public struct AnyCodable: Codable {
              ^
/Users/hectorgarcia/LYO_Da_ONE/Sources/Services/LyoAdapter.swift:6:8: error: type 'LyoBlock' does not conform to protocol 'Decodable'
struct LyoBlock: Codable, Identifiable {
       ^
Swift.Decodable.init:2:1: note: protocol requires initializer 'init(from:)' with type 'Decodable'
init(from decoder: any Decoder) throws}
^
/Users/hectorgarcia/LYO_Da_ONE/Sources/Services/LyoAdapter.swift:8:9: note: cannot automatically synthesize 'Decodable' because 'LyoBlockType' does not conform to 'Decodable'
    let type: LyoBlockType
        ^
/Users/hectorgarcia/LYO_Da_ONE/Sources/Services/LyoAdapter.swift:9:9: note: cannot automatically synthesize 'Decodable' because 'SemanticRole' does not conform to 'Decodable'
    let role: SemanticRole
        ^
/Users/hectorgarcia/LYO_Da_ONE/Sources/Services/LyoAdapter.swift:10:9: note: cannot automatically synthesize 'Decodable' because 'PresentationHint?' does not conform to 'Decodable'
    let presentationHint: PresentationHint?
        ^
/Users/hectorgarcia/LYO_Da_ONE/Sources/Services/LyoAdapter.swift:11:9: note: cannot automatically synthesize 'Decodable' because 'AnyCodable' does not conform to 'Decodable'
    let content: AnyCodable
        ^
/Users/hectorgarcia/LYO_Da_ONE/Sources/Services/LyoAdapter.swift:6:8: error: method 'encode(to:)' must be as accessible as its enclosing type because it matches a requirement in protocol 'Encodable'
struct LyoBlock: Codable, Identifiable {
       ^
/Users/hectorgarcia/LYO_Da_ONE/Sources/Services/LyoAdapter.swift:420:22: note: mark the instance method as 'internal' to satisfy the requirement
    fileprivate func encode(to encoder: Encoder) throws {
    ~~~~~~~~~~~      ^
    internal
/Users/hectorgarcia/LYO_Da_ONE/Sources/Services/LyoAdapter.swift:6:8: error: invalid redeclaration of 'LyoBlock'
struct LyoBlock: Codable, Identifiable {
       ^
/Users/hectorgarcia/LYO_Da_ONE/Sources/Models/LyoModels.swift:18:15: note: 'LyoBlock' previously declared here
public struct LyoBlock: Codable, Identifiable {
              ^
/Users/hectorgarcia/LYO_Da_ONE/Sources/Models/LyoModels.swift:18:15: note: 'LyoBlock' previously declared here
public struct LyoBlock: Codable, Identifiable {
              ^
/Users/hectorgarcia/LYO_Da_ONE/Sources/Services/LyoAdapter.swift:15:6: error: invalid redeclaration of 'LyoBlockType'
enum LyoBlockType: String, Codable {
     ^
/Users/hectorgarcia/LYO_Da_ONE/Sources/Models/LyoModels.swift:6:13: note: 'LyoBlockType' previously declared here
public enum LyoBlockType: String, Codable {
            ^
/Users/hectorgarcia/LYO_Da_ONE/Sources/Models/LyoModels.swift:6:13: note: 'LyoBlockType' previously declared here
public enum LyoBlockType: String, Codable {
            ^
/Users/hectorgarcia/LYO_Da_ONE/Sources/Services/LyoAdapter.swift:19:6: error: invalid redeclaration of 'SemanticRole'
enum SemanticRole: String, Codable {
     ^
/Users/hectorgarcia/LYO_Da_ONE/Sources/Models/LyoModels.swift:10:13: note: 'SemanticRole' previously declared here
public enum SemanticRole: String, Codable {
            ^
/Users/hectorgarcia/LYO_Da_ONE/Sources/Models/LyoModels.swift:10:13: note: 'SemanticRole' previously declared here
public enum SemanticRole: String, Codable {
            ^
/Users/hectorgarcia/LYO_Da_ONE/Sources/Services/LyoAdapter.swift:23:6: error: invalid redeclaration of 'PresentationHint'
enum PresentationHint: String, Codable {
     ^
/Users/hectorgarcia/LYO_Da_ONE/Sources/Models/LyoModels.swift:14:13: note: 'PresentationHint' previously declared here
public enum PresentationHint: String, Codable {
            ^
/Users/hectorgarcia/LYO_Da_ONE/Sources/Models/LyoModels.swift:14:13: note: 'PresentationHint' previously declared here
public enum PresentationHint: String, Codable {
            ^
/Users/hectorgarcia/LYO_Da_ONE/Sources/Services/LyoAdapter.swift:29:8: error: invalid redeclaration of 'ConceptPayload'
struct ConceptPayload: Codable {
       ^
/Users/hectorgarcia/LYO_Da_ONE/Sources/Models/LyoModels.swift:42:15: note: 'ConceptPayload' previously declared here
public struct ConceptPayload: Codable {
              ^
/Users/hectorgarcia/LYO_Da_ONE/Sources/Models/LyoModels.swift:42:15: note: 'ConceptPayload' previously declared here
public struct ConceptPayload: Codable {
              ^
/Users/hectorgarcia/LYO_Da_ONE/Sources/Services/LyoAdapter.swift:36:19: error: 'QuizOption' is ambiguous for type lookup in this context
    let options: [QuizOption]
                  ^~~~~~~~~~
/Users/hectorgarcia/LYO_Da_ONE/Sources/Services/LyoAdapter.swift:41:8: note: found this candidate
struct QuizOption: Codable, Identifiable {
       ^
/Users/hectorgarcia/LYO_Da_ONE/Sources/Models/LyoModels.swift:66:15: note: found this candidate
public struct QuizOption: Codable, Identifiable {
              ^
/Users/hectorgarcia/LYO_Da_ONE/Sources/Services/LyoAdapter.swift:34:8: error: type 'QuizPayload' does not conform to protocol 'Decodable'
struct QuizPayload: Codable {
       ^
Swift.Decodable.init:2:1: note: protocol requires initializer 'init(from:)' with type 'Decodable'
init(from decoder: any Decoder) throws}
^
/Users/hectorgarcia/LYO_Da_ONE/Sources/Services/LyoAdapter.swift:36:9: note: cannot automatically synthesize 'Decodable' because '[QuizOption]' does not conform to 'Decodable'
    let options: [QuizOption]
        ^
/Users/hectorgarcia/LYO_Da_ONE/Sources/Services/LyoAdapter.swift:34:8: error: invalid redeclaration of 'QuizPayload'
struct QuizPayload: Codable {
       ^
/Users/hectorgarcia/LYO_Da_ONE/Sources/Models/LyoModels.swift:53:15: note: 'QuizPayload' previously declared here
public struct QuizPayload: Codable {
              ^
/Users/hectorgarcia/LYO_Da_ONE/Sources/Models/LyoModels.swift:53:15: note: 'QuizPayload' previously declared here
public struct QuizPayload: Codable {
              ^
/Users/hectorgarcia/LYO_Da_ONE/Sources/Services/LyoAdapter.swift:41:8: error: invalid redeclaration of 'QuizOption'
struct QuizOption: Codable, Identifiable {
       ^
/Users/hectorgarcia/LYO_Da_ONE/Sources/Models/LyoModels.swift:66:15: note: 'QuizOption' previously declared here
public struct QuizOption: Codable, Identifiable {
              ^
/Users/hectorgarcia/LYO_Da_ONE/Sources/Models/LyoModels.swift:66:15: note: 'QuizOption' previously declared here
public struct QuizOption: Codable, Identifiable {
              ^
/Users/hectorgarcia/LYO_Da_ONE/Sources/Services/LyoAdapter.swift:53:33: error: 'LyoBlock' is ambiguous for type lookup in this context
    static func render(_ block: LyoBlock) -> A2UIContent {
                                ^~~~~~~~
/Users/hectorgarcia/LYO_Da_ONE/Sources/Services/LyoAdapter.swift:6:8: note: found this candidate
struct LyoBlock: Codable, Identifiable {
       ^
/Users/hectorgarcia/LYO_Da_ONE/Sources/Models/LyoModels.swift:18:15: note: found this candidate
public struct LyoBlock: Codable, Identifiable {
              ^
/Users/hectorgarcia/LYO_Da_ONE/Sources/Services/LyoAdapter.swift:77:47: error: 'LyoBlock' is ambiguous for type lookup in this context
    private static func unsafeRender(_ block: LyoBlock) throws -> A2UIContent {
                                              ^~~~~~~~
/Users/hectorgarcia/LYO_Da_ONE/Sources/Services/LyoAdapter.swift:6:8: note: found this candidate
struct LyoBlock: Codable, Identifiable {
       ^
/Users/hectorgarcia/LYO_Da_ONE/Sources/Models/LyoModels.swift:18:15: note: found this candidate
public struct LyoBlock: Codable, Identifiable {
              ^
/Users/hectorgarcia/LYO_Da_ONE/Sources/Services/LyoAdapter.swift:182:50: error: 'LyoBlock' is ambiguous for type lookup in this context
    private static func renderCinematic(_ block: LyoBlock) -> A2UIContent {
                                                 ^~~~~~~~
/Users/hectorgarcia/LYO_Da_ONE/Sources/Services/LyoAdapter.swift:6:8: note: found this candidate
struct LyoBlock: Codable, Identifiable {
       ^
/Users/hectorgarcia/LYO_Da_ONE/Sources/Models/LyoModels.swift:18:15: note: found this candidate
public struct LyoBlock: Codable, Identifiable {
              ^
/Users/hectorgarcia/LYO_Da_ONE/Sources/Services/LyoAdapter.swift:309:51: error: 'LyoBlock' is ambiguous for type lookup in this context
    private func tryParseBlock(_ json: String) -> LyoBlock? {
                                                  ^~~~~~~~
/Users/hectorgarcia/LYO_Da_ONE/Sources/Services/LyoAdapter.swift:6:8: note: found this candidate
struct LyoBlock: Codable, Identifiable {
       ^
/Users/hectorgarcia/LYO_Da_ONE/Sources/Models/LyoModels.swift:18:15: note: found this candidate
public struct LyoBlock: Codable, Identifiable {
              ^
/Users/hectorgarcia/LYO_Da_ONE/Sources/Services/LyoAdapter.swift:383:8: error: invalid redeclaration of 'AnyCodable'
struct AnyCodable: Codable {
       ^
/Users/hectorgarcia/LYO_Da_ONE/Sources/Models/AnyCodable.swift:4:15: note: 'AnyCodable' previously declared here
public struct AnyCodable: Codable {
              ^
/Users/hectorgarcia/LYO_Da_ONE/Sources/Models/AnyCodable.swift:4:15: note: 'AnyCodable' previously declared here
public struct AnyCodable: Codable {
              ^
/Users/hectorgarcia/LYO_Da_ONE/Sources/Models/LyoModels.swift:20:22: error: 'LyoBlockType' is ambiguous for type lookup in this context
    public let type: LyoBlockType
                     ^~~~~~~~~~~~
/Users/hectorgarcia/LYO_Da_ONE/Sources/Services/LyoAdapter.swift:15:6: note: found this candidate
enum LyoBlockType: String, Codable {
     ^
/Users/hectorgarcia/LYO_Da_ONE/Sources/Models/LyoModels.swift:6:13: note: found this candidate
public enum LyoBlockType: String, Codable {
            ^
/Users/hectorgarcia/LYO_Da_ONE/Sources/Models/LyoModels.swift:21:22: error: 'SemanticRole' is ambiguous for type lookup in this context
    public let role: SemanticRole
                     ^~~~~~~~~~~~
/Users/hectorgarcia/LYO_Da_ONE/Sources/Services/LyoAdapter.swift:19:6: note: found this candidate
enum SemanticRole: String, Codable {
     ^
/Users/hectorgarcia/LYO_Da_ONE/Sources/Models/LyoModels.swift:10:13: note: found this candidate
public enum SemanticRole: String, Codable {
            ^
/Users/hectorgarcia/LYO_Da_ONE/Sources/Models/LyoModels.swift:24:25: error: 'AnyCodable' is ambiguous for type lookup in this context
    public let content: AnyCodable
                        ^~~~~~~~~~
/Users/hectorgarcia/LYO_Da_ONE/Sources/Services/LyoAdapter.swift:383:8: note: found this candidate
struct AnyCodable: Codable {
       ^
/Users/hectorgarcia/LYO_Da_ONE/Sources/Models/AnyCodable.swift:4:15: note: found this candidate
public struct AnyCodable: Codable {
              ^
/Users/hectorgarcia/LYO_Da_ONE/Sources/Models/LyoModels.swift:26:34: error: 'PresentationHint' is ambiguous for type lookup in this context
    public let presentationHint: PresentationHint?
                                 ^~~~~~~~~~~~~~~~
/Users/hectorgarcia/LYO_Da_ONE/Sources/Services/LyoAdapter.swift:23:6: note: found this candidate
enum PresentationHint: String, Codable {
     ^
/Users/hectorgarcia/LYO_Da_ONE/Sources/Models/LyoModels.swift:14:13: note: found this candidate
public enum PresentationHint: String, Codable {
            ^
/Users/hectorgarcia/LYO_Da_ONE/Sources/Models/LyoModels.swift:18:15: error: type 'LyoBlock' does not conform to protocol 'Decodable'
public struct LyoBlock: Codable, Identifiable {
              ^
Swift.Decodable.init:2:1: note: protocol requires initializer 'init(from:)' with type 'Decodable'
init(from decoder: any Decoder) throws}
^
/Users/hectorgarcia/LYO_Da_ONE/Sources/Models/LyoModels.swift:20:16: note: cannot automatically synthesize 'Decodable' because 'LyoBlockType' does not conform to 'Decodable'
    public let type: LyoBlockType
               ^
/Users/hectorgarcia/LYO_Da_ONE/Sources/Models/LyoModels.swift:21:16: note: cannot automatically synthesize 'Decodable' because 'SemanticRole' does not conform to 'Decodable'
    public let role: SemanticRole
               ^
/Users/hectorgarcia/LYO_Da_ONE/Sources/Models/LyoModels.swift:24:16: note: cannot automatically synthesize 'Decodable' because 'AnyCodable' does not conform to 'Decodable'
    public let content: AnyCodable
               ^
/Users/hectorgarcia/LYO_Da_ONE/Sources/Models/LyoModels.swift:26:16: note: cannot automatically synthesize 'Decodable' because 'PresentationHint?' does not conform to 'Decodable'
    public let presentationHint: PresentationHint?
               ^
/Users/hectorgarcia/LYO_Da_ONE/Sources/Models/LyoModels.swift:18:15: error: method 'encode(to:)' must be declared public because it matches a requirement in public protocol 'Encodable'
public struct LyoBlock: Codable, Identifiable {
              ^
/Users/hectorgarcia/LYO_Da_ONE/Sources/Services/LyoAdapter.swift:420:22: note: mark the instance method as 'public' to satisfy the requirement
    fileprivate func encode(to encoder: Encoder) throws {
                     ^
                public 
/Users/hectorgarcia/LYO_Da_ONE/Sources/Models/LyoModels.swift:56:26: error: 'QuizOption' is ambiguous for type lookup in this context
    public let options: [QuizOption]
                         ^~~~~~~~~~
/Users/hectorgarcia/LYO_Da_ONE/Sources/Services/LyoAdapter.swift:41:8: note: found this candidate
struct QuizOption: Codable, Identifiable {
       ^
/Users/hectorgarcia/LYO_Da_ONE/Sources/Models/LyoModels.swift:66:15: note: found this candidate
public struct QuizOption: Codable, Identifiable {
              ^
/Users/hectorgarcia/LYO_Da_ONE/Sources/Models/LyoModels.swift:53:15: error: type 'QuizPayload' does not conform to protocol 'Decodable'
public struct QuizPayload: Codable {
              ^
Swift.Decodable.init:2:1: note: protocol requires initializer 'init(from:)' with type 'Decodable'
init(from decoder: any Decoder) throws}
^
/Users/hectorgarcia/LYO_Da_ONE/Sources/Models/LyoModels.swift:56:16: note: cannot automatically synthesize 'Decodable' because '[QuizOption]' does not conform to 'Decodable'
    public let options: [QuizOption]
               ^
/Users/hectorgarcia/LYO_Da_ONE/Sources/Models/A2UIRecursive.swift:147:25: error: 'AnyCodable' is ambiguous for type lookup in this context
    let props: [String: AnyCodable]?
                        ^~~~~~~~~~
/Users/hectorgarcia/LYO_Da_ONE/Sources/Services/LyoAdapter.swift:383:8: note: found this candidate
struct AnyCodable: Codable {
       ^
/Users/hectorgarcia/LYO_Da_ONE/Sources/Models/AnyCodable.swift:4:15: note: found this candidate
public struct AnyCodable: Codable {
              ^
/Users/hectorgarcia/LYO_Da_ONE/Sources/Models/A2UIRecursive.swift:146:8: error: type 'PlaceholderPayload' does not conform to protocol 'Decodable'
struct PlaceholderPayload: Codable {
       ^
Swift.Decodable.init:2:1: note: protocol requires initializer 'init(from:)' with type 'Decodable'
init(from decoder: any Decoder) throws}
^
/Users/hectorgarcia/LYO_Da_ONE/Sources/Models/A2UIRecursive.swift:147:9: note: cannot automatically synthesize 'Decodable' because '[String : AnyCodable]?' does not conform to 'Decodable'
    let props: [String: AnyCodable]?
        ^
/Users/hectorgarcia/LYO_Da_ONE/Sources/Models/A2UIRecursive.swift:598:34: error: 'AnyCodable' is ambiguous for type lookup in this context
    let quickExplainer: [String: AnyCodable]?
                                 ^~~~~~~~~~
/Users/hectorgarcia/LYO_Da_ONE/Sources/Services/LyoAdapter.swift:383:8: note: found this candidate
struct AnyCodable: Codable {
       ^
/Users/hectorgarcia/LYO_Da_ONE/Sources/Models/AnyCodable.swift:4:15: note: found this candidate
public struct AnyCodable: Codable {
              ^
/Users/hectorgarcia/LYO_Da_ONE/Sources/Models/A2UIRecursive.swift:599:34: error: 'AnyCodable' is ambiguous for type lookup in this context
    let courseProposal: [String: AnyCodable]?
                                 ^~~~~~~~~~
/Users/hectorgarcia/LYO_Da_ONE/Sources/Services/LyoAdapter.swift:383:8: note: found this candidate
struct AnyCodable: Codable {
       ^
/Users/hectorgarcia/LYO_Da_ONE/Sources/Models/AnyCodable.swift:4:15: note: found this candidate
public struct AnyCodable: Codable {
              ^
/Users/hectorgarcia/LYO_Da_ONE/Sources/Models/A2UIRecursive.swift:600:28: error: 'AnyCodable' is ambiguous for type lookup in this context
    let actions: [[String: AnyCodable]]?
                           ^~~~~~~~~~
/Users/hectorgarcia/LYO_Da_ONE/Sources/Services/LyoAdapter.swift:383:8: note: found this candidate
struct AnyCodable: Codable {
       ^
/Users/hectorgarcia/LYO_Da_ONE/Sources/Models/AnyCodable.swift:4:15: note: found this candidate
public struct AnyCodable: Codable {
              ^
/Users/hectorgarcia/LYO_Da_ONE/Sources/Models/A2UIRecursive.swift:589:8: error: type 'RecursiveChatResponse' does not conform to protocol 'Decodable'
struct RecursiveChatResponse: Codable {
       ^
Swift.Decodable.init:2:1: note: protocol requires initializer 'init(from:)' with type 'Decodable'
init(from decoder: any Decoder) throws}
^
/Users/hectorgarcia/LYO_Da_ONE/Sources/Models/A2UIRecursive.swift:598:9: note: cannot automatically synthesize 'Decodable' because '[String : AnyCodable]?' does not conform to 'Decodable'
    let quickExplainer: [String: AnyCodable]?
        ^
/Users/hectorgarcia/LYO_Da_ONE/Sources/Models/A2UIRecursive.swift:599:9: note: cannot automatically synthesize 'Decodable' because '[String : AnyCodable]?' does not conform to 'Decodable'
    let courseProposal: [String: AnyCodable]?
        ^
/Users/hectorgarcia/LYO_Da_ONE/Sources/Models/A2UIRecursive.swift:600:9: note: cannot automatically synthesize 'Decodable' because '[[String : AnyCodable]]?' does not conform to 'Decodable'
    let actions: [[String: AnyCodable]]?
        ^
/Users/hectorgarcia/LYO_Da_ONE/Sources/Services/BackendAIService.swift:231:21: error: 'LyoBlock' is ambiguous for type lookup in this context
    let lyoBlocks: [LyoBlock]?
                    ^~~~~~~~
/Users/hectorgarcia/LYO_Da_ONE/Sources/Services/LyoAdapter.swift:6:8: note: found this candidate
struct LyoBlock: Codable, Identifiable {
       ^
/Users/hectorgarcia/LYO_Da_ONE/Sources/Models/LyoModels.swift:18:15: note: found this candidate
public struct LyoBlock: Codable, Identifiable {
              ^
/Users/hectorgarcia/LYO_Da_ONE/Sources/Services/BackendAIService.swift:199:8: error: type 'BackendAIChatResponse' does not conform to protocol 'Decodable'
struct BackendAIChatResponse: Codable {
       ^
Swift.Decodable.init:2:1: note: protocol requires initializer 'init(from:)' with type 'Decodable'
init(from decoder: any Decoder) throws}
^
/Users/hectorgarcia/LYO_Da_ONE/Sources/Services/BackendAIService.swift:231:9: note: cannot automatically synthesize 'Decodable' because '[LyoBlock]?' does not conform to 'Decodable'
    let lyoBlocks: [LyoBlock]?
        ^
/Users/hectorgarcia/LYO_Da_ONE/Sources/Services/InteractiveCinemaService.swift:56:57: error: 'AnyCodable' is ambiguous for type lookup in this context
    private func extractCourseId(from payload: [String: AnyCodable]) -> String? {
                                                        ^~~~~~~~~~
/Users/hectorgarcia/LYO_Da_ONE/Sources/Services/LyoAdapter.swift:383:8: note: found this candidate
struct AnyCodable: Codable {
       ^
/Users/hectorgarcia/LYO_Da_ONE/Sources/Models/AnyCodable.swift:4:15: note: found this candidate
public struct AnyCodable: Codable {
              ^
/Users/hectorgarcia/LYO_Da_ONE/Sources/Services/InteractiveCinemaService.swift:587:34: error: 'AnyCodable' is ambiguous for type lookup in this context
    public let content: [String: AnyCodable]
                                 ^~~~~~~~~~
/Users/hectorgarcia/LYO_Da_ONE/Sources/Services/LyoAdapter.swift:383:8: note: found this candidate
struct AnyCodable: Codable {
       ^
/Users/hectorgarcia/LYO_Da_ONE/Sources/Models/AnyCodable.swift:4:15: note: found this candidate
public struct AnyCodable: Codable {
              ^
/Users/hectorgarcia/LYO_Da_ONE/Sources/Services/InteractiveCinemaService.swift:558:34: error: 'AnyCodable' is ambiguous for type lookup in this context
    public let content: [String: AnyCodable]
                                 ^~~~~~~~~~
/Users/hectorgarcia/LYO_Da_ONE/Sources/Services/LyoAdapter.swift:383:8: note: found this candidate
struct AnyCodable: Codable {
       ^
/Users/hectorgarcia/LYO_Da_ONE/Sources/Models/AnyCodable.swift:4:15: note: found this candidate
public struct AnyCodable: Codable {
              ^
/Users/hectorgarcia/LYO_Da_ONE/Sources/Services/InteractiveCinemaService.swift:554:15: error: type 'LearningNode' does not conform to protocol 'Decodable'
public struct LearningNode: Codable, Identifiable {
              ^
Swift.Decodable.init:2:1: note: protocol requires initializer 'init(from:)' with type 'Decodable'
init(from decoder: any Decoder) throws}
^
/Users/hectorgarcia/LYO_Da_ONE/Sources/Services/InteractiveCinemaService.swift:558:16: note: cannot automatically synthesize 'Decodable' because '[String : AnyCodable]' does not conform to 'Decodable'
    public let content: [String: AnyCodable]
               ^
/Users/hectorgarcia/LYO_Da_ONE/Sources/Services/InteractiveCinemaService.swift:563:80: error: 'AnyCodable' is ambiguous for type lookup in this context
    public init(id: String, nodeType: String, title: String, content: [String: AnyCodable], orderIndex: Int, conceptId: String? = nil, skillType: String? = nil) {
                                                                               ^~~~~~~~~~
/Users/hectorgarcia/LYO_Da_ONE/Sources/Services/LyoAdapter.swift:383:8: note: found this candidate
struct AnyCodable: Codable {
       ^
/Users/hectorgarcia/LYO_Da_ONE/Sources/Models/AnyCodable.swift:4:15: note: found this candidate
public struct AnyCodable: Codable {
              ^
/Users/hectorgarcia/LYO_Da_ONE/Sources/Services/InteractiveCinemaService.swift:583:15: error: type 'LearningNodeWithAssets' does not conform to protocol 'Decodable'
public struct LearningNodeWithAssets: Codable {
              ^
Swift.Decodable.init:2:1: note: protocol requires initializer 'init(from:)' with type 'Decodable'
init(from decoder: any Decoder) throws}
^
/Users/hectorgarcia/LYO_Da_ONE/Sources/Services/InteractiveCinemaService.swift:587:16: note: cannot automatically synthesize 'Decodable' because '[String : AnyCodable]' does not conform to 'Decodable'
    public let content: [String: AnyCodable]
               ^
/Users/hectorgarcia/LYO_Da_ONE/Sources/Services/InteractiveCinemaService.swift:593:80: error: 'AnyCodable' is ambiguous for type lookup in this context
    public init(id: String, nodeType: String, title: String, content: [String: AnyCodable], orderIndex: Int, conceptId: String? = nil, skillType: String? = nil, assets: NodeAssets?) {
                                                                               ^~~~~~~~~~
/Users/hectorgarcia/LYO_Da_ONE/Sources/Services/LyoAdapter.swift:383:8: note: found this candidate
struct AnyCodable: Codable {
       ^
/Users/hectorgarcia/LYO_Da_ONE/Sources/Models/AnyCodable.swift:4:15: note: found this candidate
public struct AnyCodable: Codable {
              ^
/Users/hectorgarcia/LYO_Da_ONE/Sources/Models/PersonalizationModels.swift:18:34: error: 'AnyCodable' is ambiguous for type lookup in this context
    public let content: [String: AnyCodable]?
                                 ^~~~~~~~~~
/Users/hectorgarcia/LYO_Da_ONE/Sources/Services/LyoAdapter.swift:383:8: note: found this candidate
struct AnyCodable: Codable {
       ^
/Users/hectorgarcia/LYO_Da_ONE/Sources/Models/AnyCodable.swift:4:15: note: found this candidate
public struct AnyCodable: Codable {
              ^
/Users/hectorgarcia/LYO_Da_ONE/Sources/Models/PersonalizationModels.swift:19:35: error: 'AnyCodable' is ambiguous for type lookup in this context
    public let metadata: [String: AnyCodable]?
                                  ^~~~~~~~~~
/Users/hectorgarcia/LYO_Da_ONE/Sources/Services/LyoAdapter.swift:383:8: note: found this candidate
struct AnyCodable: Codable {
       ^
/Users/hectorgarcia/LYO_Da_ONE/Sources/Models/AnyCodable.swift:4:15: note: found this candidate
public struct AnyCodable: Codable {
              ^
/Users/hectorgarcia/LYO_Da_ONE/Sources/Models/PersonalizationModels.swift:13:15: error: type 'NextActionResponse' does not conform to protocol 'Decodable'
public struct NextActionResponse: Codable {
              ^
Swift.Decodable.init:2:1: note: protocol requires initializer 'init(from:)' with type 'Decodable'
init(from decoder: any Decoder) throws}
^
/Users/hectorgarcia/LYO_Da_ONE/Sources/Models/PersonalizationModels.swift:18:16: note: cannot automatically synthesize 'Decodable' because '[String : AnyCodable]?' does not conform to 'Decodable'
    public let content: [String: AnyCodable]?
               ^
/Users/hectorgarcia/LYO_Da_ONE/Sources/Models/PersonalizationModels.swift:19:16: note: cannot automatically synthesize 'Decodable' because '[String : AnyCodable]?' does not conform to 'Decodable'
    public let metadata: [String: AnyCodable]?
               ^

CompileC /Users/hectorgarcia/Library/Developer/Xcode/DerivedData/Build/Intermediates.noindex/Firebase.build/Debug-iphonesimulator/FirebaseAuth.build/Objects-normal/x86_64/FIRAuthWebViewController.o /Users/hectorgarcia/Library/Developer/Xcode/DerivedData/Lyo-eagkiegzrakogpczynhkaholsscs/SourcePackages/checkouts/firebase-ios-sdk/FirebaseAuth/Sources/Utilities/FIRAuthWebViewController.m normal x86_64 objective-c com.apple.compilers.llvm.clang.1_0.compiler (in target 'FirebaseAuth' from project 'Firebase')
    cd /Users/hectorgarcia/LYO_Da_ONE/Lyo.xcodeproj
    
    Using response file: /Users/hectorgarcia/Library/Developer/Xcode/DerivedData/Build/Intermediates.noindex/Firebase.build/Debug-iphonesimulator/FirebaseAuth.build/Objects-normal/x86_64/e6072d4f65d7061329687fe24e3d63a7-common-args.resp
    
    /Users/hectorgarcia/Downloads/Xcode.app/Contents/Developer/Toolchains/XcodeDefault.xctoolchain/usr/bin/clang -x objective-c -ivfsstatcache /Users/hectorgarcia/Library/Developer/Xcode/DerivedData/SDKStatCaches.noindex/iphonesimulator26.2-23C53-823d3e8b6e60bc2018c189d3ca05ba9b.sdkstatcache -fmessage-length\=0 -fdiagnostics-show-note-include-stack -fmacro-backtrace-limit\=0 -fno-color-diagnostics -fmodules-prune-interval\=86400 -fmodules-prune-after\=345600 -fbuild-session-file\=/Users/hectorgarcia/Library/Developer/Xcode/DerivedData/ModuleCache.noindex/Session.modulevalidation -fmodules-validate-once-per-build-session -Wnon-modular-include-in-framework-module -Werror\=non-modular-include-in-framework-module -Wno-trigraphs -Wno-missing-field-initializers -Wno-missing-prototypes -Wno-return-type -Wno-implicit-atomic-properties -Wno-objc-interface-ivars -Wno-arc-repeated-use-of-weak -Wno-missing-braces -Wparentheses -Wswitch -Wno-unused-function -Wno-unused-label -Wno-unused-parameter -Wno-unused-variable -Wunused-value -Wno-empty-body -Wno-uninitialized -Wno-unknown-pragmas -w -Wno-shadow -Wno-four-char-constants -Wno-conversion -Wno-constant-conversion -Wno-int-conversion -Wno-bool-conversion -Wno-enum-conversion -Wno-float-conversion -Wno-non-literal-null-conversion -Wno-objc-literal-conversion -Wshorten-64-to-32 -Wpointer-sign -Wno-newline-eof -Wno-selector -Wno-strict-selector-match -Wno-undeclared-selector -Wno-deprecated-implementations -Wno-implicit-fallthrough -fstrict-aliasing -Wprotocol -Wdeprecated-declarations -Wno-sign-conversion -Wno-infinite-recursion -Wno-comma -Wno-block-capture-autoreleasing -Wno-strict-prototypes -Wno-semicolon-before-method-body -index-store-path /Users/hectorgarcia/Library/Developer/Xcode/DerivedData/Lyo-eagkiegzrakogpczynhkaholsscs/Index.noindex/DataStore @/Users/hectorgarcia/Library/Developer/Xcode/DerivedData/Build/Intermediates.noindex/Firebase.build/Debug-iphonesimulator/FirebaseAuth.build/Objects-normal/x86_64/e6072d4f65d7061329687fe24e3d63a7-common-args.resp -include /Users/hectorgarcia/Library/Developer/Xcode/DerivedData/Build/Intermediates.noindex/Firebase.build/Debug-iphonesimulator/FirebaseAuth.build/DerivedSources/resource_bundle_accessor.h -MMD -MT dependencies -MF /Users/hectorgarcia/Library/Developer/Xcode/DerivedData/Build/Intermediates.noindex/Firebase.build/Debug-iphonesimulator/FirebaseAuth.build/Objects-normal/x86_64/FIRAuthWebViewController.d --serialize-diagnostics /Users/hectorgarcia/Library/Developer/Xcode/DerivedData/Build/Intermediates.noindex/Firebase.build/Debug-iphonesimulator/FirebaseAuth.build/Objects-normal/x86_64/FIRAuthWebViewController.dia -c /Users/hectorgarcia/Library/Developer/Xcode/DerivedData/Lyo-eagkiegzrakogpczynhkaholsscs/SourcePackages/checkouts/firebase-ios-sdk/FirebaseAuth/Sources/Utilities/FIRAuthWebViewController.m -o /Users/hectorgarcia/Library/Developer/Xcode/DerivedData/Build/Intermediates.noindex/Firebase.build/Debug-iphonesimulator/FirebaseAuth.build/Objects-normal/x86_64/FIRAuthWebViewController.o -index-unit-output-path /Firebase.build/Debug-iphonesimulator/FirebaseAuth.build/Objects-normal/x86_64/FIRAuthWebViewController.o

CompileC /Users/hectorgarcia/Library/Developer/Xcode/DerivedData/Build/Intermediates.noindex/Firebase.build/Debug-iphonesimulator/FirebaseAuth.build/Objects-normal/x86_64/FIRAuthWebView.o /Users/hectorgarcia/Library/Developer/Xcode/DerivedData/Lyo-eagkiegzrakogpczynhkaholsscs/SourcePackages/checkouts/firebase-ios-sdk/FirebaseAuth/Sources/Utilities/FIRAuthWebView.m normal x86_64 objective-c com.apple.compilers.llvm.clang.1_0.compiler (in target 'FirebaseAuth' from project 'Firebase')
    cd /Users/hectorgarcia/LYO_Da_ONE/Lyo.xcodeproj
    
    Using response file: /Users/hectorgarcia/Library/Developer/Xcode/DerivedData/Build/Intermediates.noindex/Firebase.build/Debug-iphonesimulator/FirebaseAuth.build/Objects-normal/x86_64/e6072d4f65d7061329687fe24e3d63a7-common-args.resp
    
    /Users/hectorgarcia/Downloads/Xcode.app/Contents/Developer/Toolchains/XcodeDefault.xctoolchain/usr/bin/clang -x objective-c -ivfsstatcache /Users/hectorgarcia/Library/Developer/Xcode/DerivedData/SDKStatCaches.noindex/iphonesimulator26.2-23C53-823d3e8b6e60bc2018c189d3ca05ba9b.sdkstatcache -fmessage-length\=0 -fdiagnostics-show-note-include-stack -fmacro-backtrace-limit\=0 -fno-color-diagnostics -fmodules-prune-interval\=86400 -fmodules-prune-after\=345600 -fbuild-session-file\=/Users/hectorgarcia/Library/Developer/Xcode/DerivedData/ModuleCache.noindex/Session.modulevalidation -fmodules-validate-once-per-build-session -Wnon-modular-include-in-framework-module -Werror\=non-modular-include-in-framework-module -Wno-trigraphs -Wno-missing-field-initializers -Wno-missing-prototypes -Wno-return-type -Wno-implicit-atomic-properties -Wno-objc-interface-ivars -Wno-arc-repeated-use-of-weak -Wno-missing-braces -Wparentheses -Wswitch -Wno-unused-function -Wno-unused-label -Wno-unused-parameter -Wno-unused-variable -Wunused-value -Wno-empty-body -Wno-uninitialized -Wno-unknown-pragmas -w -Wno-shadow -Wno-four-char-constants -Wno-conversion -Wno-constant-conversion -Wno-int-conversion -Wno-bool-conversion -Wno-enum-conversion -Wno-float-conversion -Wno-non-literal-null-conversion -Wno-objc-literal-conversion -Wshorten-64-to-32 -Wpointer-sign -Wno-newline-eof -Wno-selector -Wno-strict-selector-match -Wno-undeclared-selector -Wno-deprecated-implementations -Wno-implicit-fallthrough -fstrict-aliasing -Wprotocol -Wdeprecated-declarations -Wno-sign-conversion -Wno-infinite-recursion -Wno-comma -Wno-block-capture-autoreleasing -Wno-strict-prototypes -Wno-semicolon-before-method-body -index-store-path /Users/hectorgarcia/Library/Developer/Xcode/DerivedData/Lyo-eagkiegzrakogpczynhkaholsscs/Index.noindex/DataStore @/Users/hectorgarcia/Library/Developer/Xcode/DerivedData/Build/Intermediates.noindex/Firebase.build/Debug-iphonesimulator/FirebaseAuth.build/Objects-normal/x86_64/e6072d4f65d7061329687fe24e3d63a7-common-args.resp -include /Users/hectorgarcia/Library/Developer/Xcode/DerivedData/Build/Intermediates.noindex/Firebase.build/Debug-iphonesimulator/FirebaseAuth.build/DerivedSources/resource_bundle_accessor.h -MMD -MT dependencies -MF /Users/hectorgarcia/Library/Developer/Xcode/DerivedData/Build/Intermediates.noindex/Firebase.build/Debug-iphonesimulator/FirebaseAuth.build/Objects-normal/x86_64/FIRAuthWebView.d --serialize-diagnostics /Users/hectorgarcia/Library/Developer/Xcode/DerivedData/Build/Intermediates.noindex/Firebase.build/Debug-iphonesimulator/FirebaseAuth.build/Objects-normal/x86_64/FIRAuthWebView.dia -c /Users/hectorgarcia/Library/Developer/Xcode/DerivedData/Lyo-eagkiegzrakogpczynhkaholsscs/SourcePackages/checkouts/firebase-ios-sdk/FirebaseAuth/Sources/Utilities/FIRAuthWebView.m -o /Users/hectorgarcia/Library/Developer/Xcode/DerivedData/Build/Intermediates.noindex/Firebase.build/Debug-iphonesimulator/FirebaseAuth.build/Objects-normal/x86_64/FIRAuthWebView.o -index-unit-output-path /Firebase.build/Debug-iphonesimulator/FirebaseAuth.build/Objects-normal/x86_64/FIRAuthWebView.o

CompileC /Users/hectorgarcia/Library/Developer/Xcode/DerivedData/Build/Intermediates.noindex/Firebase.build/Debug-iphonesimulator/FirebaseAuth.build/Objects-normal/x86_64/FIRAuthSettings.o /Users/hectorgarcia/Library/Developer/Xcode/DerivedData/Lyo-eagkiegzrakogpczynhkaholsscs/SourcePackages/checkouts/firebase-ios-sdk/FirebaseAuth/Sources/Auth/FIRAuthSettings.m normal x86_64 objective-c com.apple.compilers.llvm.clang.1_0.compiler (in target 'FirebaseAuth' from project 'Firebase')
    cd /Users/hectorgarcia/LYO_Da_ONE/Lyo.xcodeproj
    
    Using response file: /Users/hectorgarcia/Library/Developer/Xcode/DerivedData/Build/Intermediates.noindex/Firebase.build/Debug-iphonesimulator/FirebaseAuth.build/Objects-normal/x86_64/e6072d4f65d7061329687fe24e3d63a7-common-args.resp
    
    /Users/hectorgarcia/Downloads/Xcode.app/Contents/Developer/Toolchains/XcodeDefault.xctoolchain/usr/bin/clang -x objective-c -ivfsstatcache /Users/hectorgarcia/Library/Developer/Xcode/DerivedData/SDKStatCaches.noindex/iphonesimulator26.2-23C53-823d3e8b6e60bc2018c189d3ca05ba9b.sdkstatcache -fmessage-length\=0 -fdiagnostics-show-note-include-stack -fmacro-backtrace-limit\=0 -fno-color-diagnostics -fmodules-prune-interval\=86400 -fmodules-prune-after\=345600 -fbuild-session-file\=/Users/hectorgarcia/Library/Developer/Xcode/DerivedData/ModuleCache.noindex/Session.modulevalidation -fmodules-validate-once-per-build-session -Wnon-modular-include-in-framework-module -Werror\=non-modular-include-in-framework-module -Wno-trigraphs -Wno-missing-field-initializers -Wno-missing-prototypes -Wno-return-type -Wno-implicit-atomic-properties -Wno-objc-interface-ivars -Wno-arc-repeated-use-of-weak -Wno-missing-braces -Wparentheses -Wswitch -Wno-unused-function -Wno-unused-label -Wno-unused-parameter -Wno-unused-variable -Wunused-value -Wno-empty-body -Wno-uninitialized -Wno-unknown-pragmas -w -Wno-shadow -Wno-four-char-constants -Wno-conversion -Wno-constant-conversion -Wno-int-conversion -Wno-bool-conversion -Wno-enum-conversion -Wno-float-conversion -Wno-non-literal-null-conversion -Wno-objc-literal-conversion -Wshorten-64-to-32 -Wpointer-sign -Wno-newline-eof -Wno-selector -Wno-strict-selector-match -Wno-undeclared-selector -Wno-deprecated-implementations -Wno-implicit-fallthrough -fstrict-aliasing -Wprotocol -Wdeprecated-declarations -Wno-sign-conversion -Wno-infinite-recursion -Wno-comma -Wno-block-capture-autoreleasing -Wno-strict-prototypes -Wno-semicolon-before-method-body -index-store-path /Users/hectorgarcia/Library/Developer/Xcode/DerivedData/Lyo-eagkiegzrakogpczynhkaholsscs/Index.noindex/DataStore @/Users/hectorgarcia/Library/Developer/Xcode/DerivedData/Build/Intermediates.noindex/Firebase.build/Debug-iphonesimulator/FirebaseAuth.build/Objects-normal/x86_64/e6072d4f65d7061329687fe24e3d63a7-common-args.resp -include /Users/hectorgarcia/Library/Developer/Xcode/DerivedData/Build/Intermediates.noindex/Firebase.build/Debug-iphonesimulator/FirebaseAuth.build/DerivedSources/resource_bundle_accessor.h -MMD -MT dependencies -MF /Users/hectorgarcia/Library/Developer/Xcode/DerivedData/Build/Intermediates.noindex/Firebase.build/Debug-iphonesimulator/FirebaseAuth.build/Objects-normal/x86_64/FIRAuthSettings.d --serialize-diagnostics /Users/hectorgarcia/Library/Developer/Xcode/DerivedData/Build/Intermediates.noindex/Firebase.build/Debug-iphonesimulator/FirebaseAuth.build/Objects-normal/x86_64/FIRAuthSettings.dia -c /Users/hectorgarcia/Library/Developer/Xcode/DerivedData/Lyo-eagkiegzrakogpczynhkaholsscs/SourcePackages/checkouts/firebase-ios-sdk/FirebaseAuth/Sources/Auth/FIRAuthSettings.m -o /Users/hectorgarcia/Library/Developer/Xcode/DerivedData/Build/Intermediates.noindex/Firebase.build/Debug-iphonesimulator/FirebaseAuth.build/Objects-normal/x86_64/FIRAuthSettings.o -index-unit-output-path /Firebase.build/Debug-iphonesimulator/FirebaseAuth.build/Objects-normal/x86_64/FIRAuthSettings.o

CompileC /Users/hectorgarcia/Library/Developer/Xcode/DerivedData/Build/Intermediates.noindex/Firebase.build/Debug-iphonesimulator/FirebaseAuth.build/Objects-normal/x86_64/FIRAuthURLPresenter.o /Users/hectorgarcia/Library/Developer/Xcode/DerivedData/Lyo-eagkiegzrakogpczynhkaholsscs/SourcePackages/checkouts/firebase-ios-sdk/FirebaseAuth/Sources/Utilities/FIRAuthURLPresenter.m normal x86_64 objective-c com.apple.compilers.llvm.clang.1_0.compiler (in target 'FirebaseAuth' from project 'Firebase')
    cd /Users/hectorgarcia/LYO_Da_ONE/Lyo.xcodeproj
    
    Using response file: /Users/hectorgarcia/Library/Developer/Xcode/DerivedData/Build/Intermediates.noindex/Firebase.build/Debug-iphonesimulator/FirebaseAuth.build/Objects-normal/x86_64/e6072d4f65d7061329687fe24e3d63a7-common-args.resp
    
    /Users/hectorgarcia/Downloads/Xcode.app/Contents/Developer/Toolchains/XcodeDefault.xctoolchain/usr/bin/clang -x objective-c -ivfsstatcache /Users/hectorgarcia/Library/Developer/Xcode/DerivedData/SDKStatCaches.noindex/iphonesimulator26.2-23C53-823d3e8b6e60bc2018c189d3ca05ba9b.sdkstatcache -fmessage-length\=0 -fdiagnostics-show-note-include-stack -fmacro-backtrace-limit\=0 -fno-color-diagnostics -fmodules-prune-interval\=86400 -fmodules-prune-after\=345600 -fbuild-session-file\=/Users/hectorgarcia/Library/Developer/Xcode/DerivedData/ModuleCache.noindex/Session.modulevalidation -fmodules-validate-once-per-build-session -Wnon-modular-include-in-framework-module -Werror\=non-modular-include-in-framework-module -Wno-trigraphs -Wno-missing-field-initializers -Wno-missing-prototypes -Wno-return-type -Wno-implicit-atomic-properties -Wno-objc-interface-ivars -Wno-arc-repeated-use-of-weak -Wno-missing-braces -Wparentheses -Wswitch -Wno-unused-function -Wno-unused-label -Wno-unused-parameter -Wno-unused-variable -Wunused-value -Wno-empty-body -Wno-uninitialized -Wno-unknown-pragmas -w -Wno-shadow -Wno-four-char-constants -Wno-conversion -Wno-constant-conversion -Wno-int-conversion -Wno-bool-conversion -Wno-enum-conversion -Wno-float-conversion -Wno-non-literal-null-conversion -Wno-objc-literal-conversion -Wshorten-64-to-32 -Wpointer-sign -Wno-newline-eof -Wno-selector -Wno-strict-selector-match -Wno-undeclared-selector -Wno-deprecated-implementations -Wno-implicit-fallthrough -fstrict-aliasing -Wprotocol -Wdeprecated-declarations -Wno-sign-conversion -Wno-infinite-recursion -Wno-comma -Wno-block-capture-autoreleasing -Wno-strict-prototypes -Wno-semicolon-before-method-body -index-store-path /Users/hectorgarcia/Library/Developer/Xcode/DerivedData/Lyo-eagkiegzrakogpczynhkaholsscs/Index.noindex/DataStore @/Users/hectorgarcia/Library/Developer/Xcode/DerivedData/Build/Intermediates.noindex/Firebase.build/Debug-iphonesimulator/FirebaseAuth.build/Objects-normal/x86_64/e6072d4f65d7061329687fe24e3d63a7-common-args.resp -include /Users/hectorgarcia/Library/Developer/Xcode/DerivedData/Build/Intermediates.noindex/Firebase.build/Debug-iphonesimulator/FirebaseAuth.build/DerivedSources/resource_bundle_accessor.h -MMD -MT dependencies -MF /Users/hectorgarcia/Library/Developer/Xcode/DerivedData/Build/Intermediates.noindex/Firebase.build/Debug-iphonesimulator/FirebaseAuth.build/Objects-normal/x86_64/FIRAuthURLPresenter.d --serialize-diagnostics /Users/hectorgarcia/Library/Developer/Xcode/DerivedData/Build/Intermediates.noindex/Firebase.build/Debug-iphonesimulator/FirebaseAuth.build/Objects-normal/x86_64/FIRAuthURLPresenter.dia -c /Users/hectorgarcia/Library/Developer/Xcode/DerivedData/Lyo-eagkiegzrakogpczynhkaholsscs/SourcePackages/checkouts/firebase-ios-sdk/FirebaseAuth/Sources/Utilities/FIRAuthURLPresenter.m -o /Users/hectorgarcia/Library/Developer/Xcode/DerivedData/Build/Intermediates.noindex/Firebase.build/Debug-iphonesimulator/FirebaseAuth.build/Objects-normal/x86_64/FIRAuthURLPresenter.o -index-unit-output-path /Firebase.build/Debug-iphonesimulator/FirebaseAuth.build/Objects-normal/x86_64/FIRAuthURLPresenter.o

SwiftCompile normal x86_64 Compiling\ SocialFeedSection.swift,\ SocialModels.swift,\ SoftSkillsService.swift,\ StackCardView.swift,\ StackDrawerView.swift,\ StackModels.swift,\ StackPanelView.swift,\ StackService.swift,\ StoriesRailView.swift,\ StoryCircleView.swift,\ StoryService.swift,\ StoryViewer.swift,\ StreakCalendarView.swift,\ StreamingResponseManager.swift,\ StudyGroupDetailView.swift,\ SubscriptionView.swift,\ SuggestionChipsBar.swift,\ SuggestionChipsView.swift,\ TTSView.swift,\ TTSViewModel.swift,\ TTSVoiceBubbleView.swift,\ TextToSpeechService.swift,\ TokenManager.swift,\ TopHeaderView.swift /Users/hectorgarcia/LYO_Da_ONE/Sources/Views/Main/Hybrid/SocialFeedSection.swift /Users/hectorgarcia/LYO_Da_ONE/Sources/Models/SocialModels.swift /Users/hectorgarcia/LYO_Da_ONE/Sources/Services/SoftSkillsService.swift /Users/hectorgarcia/LYO_Da_ONE/Sources/Components/Common/StackCardView.swift /Users/hectorgarcia/LYO_Da_ONE/Sources/Views/Main/StackDrawerView.swift /Users/hectorgarcia/LYO_Da_ONE/Sources/Models/StackModels.swift /Users/hectorgarcia/LYO_Da_ONE/Sources/Views/Main/Stack/StackPanelView.swift /Users/hectorgarcia/LYO_Da_ONE/Sources/Services/StackService.swift /Users/hectorgarcia/LYO_Da_ONE/Sources/Views/Components/Stories/StoriesRailView.swift /Users/hectorgarcia/LYO_Da_ONE/Sources/Views/Components/Stories/StoryCircleView.swift /Users/hectorgarcia/LYO_Da_ONE/Sources/Services/StoryService.swift /Users/hectorgarcia/LYO_Da_ONE/Sources/Views/Components/Stories/StoryViewer.swift /Users/hectorgarcia/LYO_Da_ONE/Sources/Components/Challenges/StreakCalendarView.swift /Users/hectorgarcia/LYO_Da_ONE/Sources/Core/Networking/StreamingResponseManager.swift /Users/hectorgarcia/LYO_Da_ONE/Sources/Views/Community/StudyGroupDetailView.swift /Users/hectorgarcia/LYO_Da_ONE/Sources/Views/SubscriptionView.swift /Users/hectorgarcia/LYO_Da_ONE/Sources/Components/AITutor/SuggestionChipsBar.swift /Users/hectorgarcia/LYO_Da_ONE/Sources/Views/Chat/SuggestionChipsView.swift /Users/hectorgarcia/LYO_Da_ONE/Sources/Views/Learning/TTSView.swift /Users/hectorgarcia/LYO_Da_ONE/Sources/ViewModels/TTSViewModel.swift /Users/hectorgarcia/LYO_Da_ONE/Sources/Components/Classroom/TTSVoiceBubbleView.swift /Users/hectorgarcia/LYO_Da_ONE/Sources/Services/TextToSpeechService.swift /Users/hectorgarcia/LYO_Da_ONE/Sources/Core/Security/TokenManager.swift /Users/hectorgarcia/LYO_Da_ONE/Sources/Views/Main/TopHeaderView.swift (in target 'Lyo' from project 'Lyo')
SwiftCompile normal x86_64 /Users/hectorgarcia/LYO_Da_ONE/Sources/Views/Main/Hybrid/SocialFeedSection.swift (in target 'Lyo' from project 'Lyo')
    cd /Users/hectorgarcia/LYO_Da_ONE
    

SwiftCompile normal x86_64 /Users/hectorgarcia/LYO_Da_ONE/Sources/Models/SocialModels.swift (in target 'Lyo' from project 'Lyo')
    cd /Users/hectorgarcia/LYO_Da_ONE
    

SwiftCompile normal x86_64 /Users/hectorgarcia/LYO_Da_ONE/Sources/Services/SoftSkillsService.swift (in target 'Lyo' from project 'Lyo')
    cd /Users/hectorgarcia/LYO_Da_ONE
    

SwiftCompile normal x86_64 /Users/hectorgarcia/LYO_Da_ONE/Sources/Components/Common/StackCardView.swift (in target 'Lyo' from project 'Lyo')
    cd /Users/hectorgarcia/LYO_Da_ONE
    

SwiftCompile normal x86_64 /Users/hectorgarcia/LYO_Da_ONE/Sources/Views/Main/StackDrawerView.swift (in target 'Lyo' from project 'Lyo')
    cd /Users/hectorgarcia/LYO_Da_ONE
    

SwiftCompile normal x86_64 /Users/hectorgarcia/LYO_Da_ONE/Sources/Models/StackModels.swift (in target 'Lyo' from project 'Lyo')
    cd /Users/hectorgarcia/LYO_Da_ONE
    

SwiftCompile normal x86_64 /Users/hectorgarcia/LYO_Da_ONE/Sources/Views/Main/Stack/StackPanelView.swift (in target 'Lyo' from project 'Lyo')
    cd /Users/hectorgarcia/LYO_Da_ONE
    

SwiftCompile normal x86_64 /Users/hectorgarcia/LYO_Da_ONE/Sources/Services/StackService.swift (in target 'Lyo' from project 'Lyo')
    cd /Users/hectorgarcia/LYO_Da_ONE
    

SwiftCompile normal x86_64 /Users/hectorgarcia/LYO_Da_ONE/Sources/Views/Components/Stories/StoriesRailView.swift (in target 'Lyo' from project 'Lyo')
    cd /Users/hectorgarcia/LYO_Da_ONE
    

SwiftCompile normal x86_64 /Users/hectorgarcia/LYO_Da_ONE/Sources/Views/Components/Stories/StoryCircleView.swift (in target 'Lyo' from project 'Lyo')
    cd /Users/hectorgarcia/LYO_Da_ONE
    

SwiftCompile normal x86_64 /Users/hectorgarcia/LYO_Da_ONE/Sources/Services/StoryService.swift (in target 'Lyo' from project 'Lyo')
    cd /Users/hectorgarcia/LYO_Da_ONE
    

SwiftCompile normal x86_64 /Users/hectorgarcia/LYO_Da_ONE/Sources/Views/Components/Stories/StoryViewer.swift (in target 'Lyo' from project 'Lyo')
    cd /Users/hectorgarcia/LYO_Da_ONE
    

SwiftCompile normal x86_64 /Users/hectorgarcia/LYO_Da_ONE/Sources/Components/Challenges/StreakCalendarView.swift (in target 'Lyo' from project 'Lyo')
    cd /Users/hectorgarcia/LYO_Da_ONE
    

SwiftCompile normal x86_64 /Users/hectorgarcia/LYO_Da_ONE/Sources/Core/Networking/StreamingResponseManager.swift (in target 'Lyo' from project 'Lyo')
    cd /Users/hectorgarcia/LYO_Da_ONE
    

SwiftCompile normal x86_64 /Users/hectorgarcia/LYO_Da_ONE/Sources/Views/Community/StudyGroupDetailView.swift (in target 'Lyo' from project 'Lyo')
    cd /Users/hectorgarcia/LYO_Da_ONE
    

SwiftCompile normal x86_64 /Users/hectorgarcia/LYO_Da_ONE/Sources/Views/SubscriptionView.swift (in target 'Lyo' from project 'Lyo')
    cd /Users/hectorgarcia/LYO_Da_ONE
    

SwiftCompile normal x86_64 /Users/hectorgarcia/LYO_Da_ONE/Sources/Components/AITutor/SuggestionChipsBar.swift (in target 'Lyo' from project 'Lyo')
    cd /Users/hectorgarcia/LYO_Da_ONE
    

SwiftCompile normal x86_64 /Users/hectorgarcia/LYO_Da_ONE/Sources/Views/Chat/SuggestionChipsView.swift (in target 'Lyo' from project 'Lyo')
    cd /Users/hectorgarcia/LYO_Da_ONE
    

SwiftCompile normal x86_64 /Users/hectorgarcia/LYO_Da_ONE/Sources/Views/Learning/TTSView.swift (in target 'Lyo' from project 'Lyo')
    cd /Users/hectorgarcia/LYO_Da_ONE
    

SwiftCompile normal x86_64 /Users/hectorgarcia/LYO_Da_ONE/Sources/ViewModels/TTSViewModel.swift (in target 'Lyo' from project 'Lyo')
    cd /Users/hectorgarcia/LYO_Da_ONE
    

SwiftCompile normal x86_64 /Users/hectorgarcia/LYO_Da_ONE/Sources/Components/Classroom/TTSVoiceBubbleView.swift (in target 'Lyo' from project 'Lyo')
    cd /Users/hectorgarcia/LYO_Da_ONE
    

SwiftCompile normal x86_64 /Users/hectorgarcia/LYO_Da_ONE/Sources/Services/TextToSpeechService.swift (in target 'Lyo' from project 'Lyo')
    cd /Users/hectorgarcia/LYO_Da_ONE
    

SwiftCompile normal x86_64 /Users/hectorgarcia/LYO_Da_ONE/Sources/Core/Security/TokenManager.swift (in target 'Lyo' from project 'Lyo')
    cd /Users/hectorgarcia/LYO_Da_ONE
    

SwiftCompile normal x86_64 /Users/hectorgarcia/LYO_Da_ONE/Sources/Views/Main/TopHeaderView.swift (in target 'Lyo' from project 'Lyo')
    cd /Users/hectorgarcia/LYO_Da_ONE
    

SwiftCompile normal x86_64 Compiling\ TopicSelectionBubbleView.swift,\ TranscriptSheet.swift,\ TutorModeView.swift,\ TutorModels.swift,\ TutorService.swift,\ TutorViewModel.swift,\ UIStackModels.swift,\ UIStackStore.swift,\ UnifiedChatPersistence.swift,\ UnifiedChatService.swift,\ UsageAnalyticsView.swift,\ User.swift,\ UserContextService.swift,\ UserSessionManager.swift,\ VideoContextSheet.swift,\ VideoPickerService.swift,\ VideoRecorderView.swift,\ VisionService.swift,\ VoiceInputService.swift,\ WebSocketManager.swift,\ MagicalBackgroundView.swift,\ MagicEffectView.swift,\ BlockRendererView.swift,\ GeneratedAssetSymbols.swift /Users/hectorgarcia/LYO_Da_ONE/Sources/Views/Chat/TopicSelectionBubbleView.swift /Users/hectorgarcia/LYO_Da_ONE/Sources/Views/Main/Classroom/TranscriptSheet.swift /Users/hectorgarcia/LYO_Da_ONE/Sources/Views/Main/Classroom/TutorModeView.swift /Users/hectorgarcia/LYO_Da_ONE/Sources/Models/TutorModels.swift /Users/hectorgarcia/LYO_Da_ONE/Sources/Services/TutorService.swift /Users/hectorgarcia/LYO_Da_ONE/Sources/ViewModels/TutorViewModel.swift /Users/hectorgarcia/LYO_Da_ONE/Sources/Models/UIStackModels.swift /Users/hectorgarcia/LYO_Da_ONE/Sources/Services/UIStackStore.swift /Users/hectorgarcia/LYO_Da_ONE/Sources/Services/UnifiedChatPersistence.swift /Users/hectorgarcia/LYO_Da_ONE/Sources/Services/UnifiedChatService.swift /Users/hectorgarcia/LYO_Da_ONE/Sources/Views/AI/UsageAnalyticsView.swift /Users/hectorgarcia/LYO_Da_ONE/Sources/Models/User.swift /Users/hectorgarcia/LYO_Da_ONE/Sources/Services/UserContextService.swift /Users/hectorgarcia/LYO_Da_ONE/Sources/Core/Services/UserSessionManager.swift /Users/hectorgarcia/LYO_Da_ONE/Sources/Views/Main/ReelComponents/VideoContextSheet.swift /Users/hectorgarcia/LYO_Da_ONE/Sources/Services/VideoPickerService.swift /Users/hectorgarcia/LYO_Da_ONE/Sources/Views/Main/Creation/VideoRecorderView.swift /Users/hectorgarcia/LYO_Da_ONE/Sources/Services/VisionService.swift /Users/hectorgarcia/LYO_Da_ONE/Sources/Services/VoiceInputService.swift /Users/hectorgarcia/LYO_Da_ONE/Sources/Core/Networking/WebSocketManager.swift /Users/hectorgarcia/LYO_Da_ONE/Sources/Views/Components/MagicalBackgroundView.swift /Users/hectorgarcia/LYO_Da_ONE/Sources/Views/Components/MagicEffectView.swift /Users/hectorgarcia/LYO_Da_ONE/Sources/Views/Classroom/BlockRendererView.swift /Users/hectorgarcia/Library/Developer/Xcode/DerivedData/Build/Intermediates.noindex/Lyo.build/Debug-iphonesimulator/Lyo.build/DerivedSources/GeneratedAssetSymbols.swift (in target 'Lyo' from project 'Lyo')

SwiftCompile normal x86_64 /Users/hectorgarcia/LYO_Da_ONE/Sources/Views/Chat/TopicSelectionBubbleView.swift (in target 'Lyo' from project 'Lyo')
    cd /Users/hectorgarcia/LYO_Da_ONE
    

SwiftCompile normal x86_64 /Users/hectorgarcia/LYO_Da_ONE/Sources/Views/Main/Classroom/TranscriptSheet.swift (in target 'Lyo' from project 'Lyo')
    cd /Users/hectorgarcia/LYO_Da_ONE
    

SwiftCompile normal x86_64 /Users/hectorgarcia/LYO_Da_ONE/Sources/Views/Main/Classroom/TutorModeView.swift (in target 'Lyo' from project 'Lyo')
    cd /Users/hectorgarcia/LYO_Da_ONE
    

SwiftCompile normal x86_64 /Users/hectorgarcia/LYO_Da_ONE/Sources/Models/TutorModels.swift (in target 'Lyo' from project 'Lyo')
    cd /Users/hectorgarcia/LYO_Da_ONE
    

SwiftCompile normal x86_64 /Users/hectorgarcia/LYO_Da_ONE/Sources/Services/TutorService.swift (in target 'Lyo' from project 'Lyo')
    cd /Users/hectorgarcia/LYO_Da_ONE
    

SwiftCompile normal x86_64 /Users/hectorgarcia/LYO_Da_ONE/Sources/ViewModels/TutorViewModel.swift (in target 'Lyo' from project 'Lyo')
    cd /Users/hectorgarcia/LYO_Da_ONE
    

SwiftCompile normal x86_64 /Users/hectorgarcia/LYO_Da_ONE/Sources/Models/UIStackModels.swift (in target 'Lyo' from project 'Lyo')
    cd /Users/hectorgarcia/LYO_Da_ONE
    

SwiftCompile normal x86_64 /Users/hectorgarcia/LYO_Da_ONE/Sources/Services/UIStackStore.swift (in target 'Lyo' from project 'Lyo')
    cd /Users/hectorgarcia/LYO_Da_ONE
    

SwiftCompile normal x86_64 /Users/hectorgarcia/LYO_Da_ONE/Sources/Services/UnifiedChatPersistence.swift (in target 'Lyo' from project 'Lyo')
    cd /Users/hectorgarcia/LYO_Da_ONE
    

SwiftCompile normal x86_64 /Users/hectorgarcia/LYO_Da_ONE/Sources/Services/UnifiedChatService.swift (in target 'Lyo' from project 'Lyo')
    cd /Users/hectorgarcia/LYO_Da_ONE
    

SwiftCompile normal x86_64 /Users/hectorgarcia/LYO_Da_ONE/Sources/Views/AI/UsageAnalyticsView.swift (in target 'Lyo' from project 'Lyo')
    cd /Users/hectorgarcia/LYO_Da_ONE
    

SwiftCompile normal x86_64 /Users/hectorgarcia/LYO_Da_ONE/Sources/Models/User.swift (in target 'Lyo' from project 'Lyo')
    cd /Users/hectorgarcia/LYO_Da_ONE
    

SwiftCompile normal x86_64 /Users/hectorgarcia/LYO_Da_ONE/Sources/Services/UserContextService.swift (in target 'Lyo' from project 'Lyo')
    cd /Users/hectorgarcia/LYO_Da_ONE
    

SwiftCompile normal x86_64 /Users/hectorgarcia/LYO_Da_ONE/Sources/Core/Services/UserSessionManager.swift (in target 'Lyo' from project 'Lyo')
    cd /Users/hectorgarcia/LYO_Da_ONE
    

SwiftCompile normal x86_64 /Users/hectorgarcia/LYO_Da_ONE/Sources/Views/Main/ReelComponents/VideoContextSheet.swift (in target 'Lyo' from project 'Lyo')
    cd /Users/hectorgarcia/LYO_Da_ONE
    

SwiftCompile normal x86_64 /Users/hectorgarcia/LYO_Da_ONE/Sources/Services/VideoPickerService.swift (in target 'Lyo' from project 'Lyo')
    cd /Users/hectorgarcia/LYO_Da_ONE
    

SwiftCompile normal x86_64 /Users/hectorgarcia/LYO_Da_ONE/Sources/Views/Main/Creation/VideoRecorderView.swift (in target 'Lyo' from project 'Lyo')
    cd /Users/hectorgarcia/LYO_Da_ONE
    

SwiftCompile normal x86_64 /Users/hectorgarcia/LYO_Da_ONE/Sources/Services/VisionService.swift (in target 'Lyo' from project 'Lyo')
    cd /Users/hectorgarcia/LYO_Da_ONE
    

SwiftCompile normal x86_64 /Users/hectorgarcia/LYO_Da_ONE/Sources/Services/VoiceInputService.swift (in target 'Lyo' from project 'Lyo')
    cd /Users/hectorgarcia/LYO_Da_ONE
    

SwiftCompile normal x86_64 /Users/hectorgarcia/LYO_Da_ONE/Sources/Core/Networking/WebSocketManager.swift (in target 'Lyo' from project 'Lyo')
    cd /Users/hectorgarcia/LYO_Da_ONE
    

SwiftCompile normal x86_64 /Users/hectorgarcia/LYO_Da_ONE/Sources/Views/Components/MagicalBackgroundView.swift (in target 'Lyo' from project 'Lyo')
    cd /Users/hectorgarcia/LYO_Da_ONE
    

SwiftCompile normal x86_64 /Users/hectorgarcia/LYO_Da_ONE/Sources/Views/Components/MagicEffectView.swift (in target 'Lyo' from project 'Lyo')
    cd /Users/hectorgarcia/LYO_Da_ONE
    

SwiftCompile normal x86_64 /Users/hectorgarcia/LYO_Da_ONE/Sources/Views/Classroom/BlockRendererView.swift (in target 'Lyo' from project 'Lyo')
    cd /Users/hectorgarcia/LYO_Da_ONE
    

SwiftCompile normal x86_64 /Users/hectorgarcia/Library/Developer/Xcode/DerivedData/Build/Intermediates.noindex/Lyo.build/Debug-iphonesimulator/Lyo.build/DerivedSources/GeneratedAssetSymbols.swift (in target 'Lyo' from project 'Lyo')
    cd /Users/hectorgarcia/LYO_Da_ONE
    

SwiftCompile normal x86_64 Compiling\ LeaderboardRowView.swift,\ LearningModels.swift,\ LioChatService.swift,\ LioChatSheet.swift,\ LioOrbView.swift,\ LiveClassroomView.swift,\ LiveClassroomViewModel.swift,\ LiveLessonModels.swift,\ LoginView.swift,\ LyoAIViewModel.swift,\ LyoAPIClient.swift,\ LyoAnimatedAvatarView.swift,\ LyoApp.swift,\ LyoAvatarState.swift,\ LyoAvatarView.swift,\ LyoChat.swift,\ LyoError.swift,\ LyoErrorViews.swift,\ LyoHomeView.swift,\ LyoOnboardingSystem.swift,\ LyoOrchestrator.swift,\ LyoOverlayView.swift,\ LyoRepository.swift,\ MainTabView.swift,\ MarketplaceListingDetailView.swift /Users/hectorgarcia/LYO_Da_ONE/Sources/Components/Challenges/LeaderboardRowView.swift /Users/hectorgarcia/LYO_Da_ONE/Sources/Models/LearningModels.swift /Users/hectorgarcia/LYO_Da_ONE/Sources/Services/LioChatService.swift /Users/hectorgarcia/LYO_Da_ONE/Sources/Views/Main/AITutor/LioChatSheet.swift /Users/hectorgarcia/LYO_Da_ONE/Sources/Components/AITutor/LioOrbView.swift /Users/hectorgarcia/LYO_Da_ONE/Sources/Views/Main/Classroom/LiveClassroomView.swift /Users/hectorgarcia/LYO_Da_ONE/Sources/ViewModels/LiveClassroomViewModel.swift /Users/hectorgarcia/LYO_Da_ONE/Sources/Models/LiveLessonModels.swift /Users/hectorgarcia/LYO_Da_ONE/Sources/Views/Auth/LoginView.swift /Users/hectorgarcia/LYO_Da_ONE/Sources/ViewModels/LyoAIViewModel.swift /Users/hectorgarcia/LYO_Da_ONE/Sources/Services/LyoAPIClient.swift /Users/hectorgarcia/LYO_Da_ONE/Sources/Components/Challenges/LyoAnimatedAvatarView.swift /Users/hectorgarcia/LYO_Da_ONE/Sources/LyoApp.swift /Users/hectorgarcia/LYO_Da_ONE/Sources/Components/Challenges/LyoAvatarState.swift /Users/hectorgarcia/LYO_Da_ONE/Sources/Views/Main/Hybrid/LyoAvatarView.swift /Users/hectorgarcia/LYO_Da_ONE/Sources/Models/LyoChat.swift /Users/hectorgarcia/LYO_Da_ONE/Sources/Core/Errors/LyoError.swift /Users/hectorgarcia/LYO_Da_ONE/Sources/Components/Errors/LyoErrorViews.swift /Users/hectorgarcia/LYO_Da_ONE/Sources/Views/Main/AITutor/LyoHomeView.swift /Users/hectorgarcia/LYO_Da_ONE/Sources/Components/Onboarding/LyoOnboardingSystem.swift /Users/hectorgarcia/LYO_Da_ONE/Sources/Services/LyoOrchestrator.swift /Users/hectorgarcia/LYO_Da_ONE/Sources/Views/Main/Hybrid/LyoOverlayView.swift /Users/hectorgarcia/LYO_Da_ONE/Sources/Services/LyoRepository.swift /Users/hectorgarcia/LYO_Da_ONE/Sources/Views/MainTabView.swift /Users/hectorgarcia/LYO_Da_ONE/Sources/Views/Community/MarketplaceListingDetailView.swift (in target 'Lyo' from project 'Lyo')

SwiftCompile normal x86_64 /Users/hectorgarcia/LYO_Da_ONE/Sources/Components/Challenges/LeaderboardRowView.swift (in target 'Lyo' from project 'Lyo')
    cd /Users/hectorgarcia/LYO_Da_ONE
    

SwiftCompile normal x86_64 /Users/hectorgarcia/LYO_Da_ONE/Sources/Models/LearningModels.swift (in target 'Lyo' from project 'Lyo')
    cd /Users/hectorgarcia/LYO_Da_ONE
    

SwiftCompile normal x86_64 /Users/hectorgarcia/LYO_Da_ONE/Sources/Services/LioChatService.swift (in target 'Lyo' from project 'Lyo')
    cd /Users/hectorgarcia/LYO_Da_ONE
    

SwiftCompile normal x86_64 /Users/hectorgarcia/LYO_Da_ONE/Sources/Views/Main/AITutor/LioChatSheet.swift (in target 'Lyo' from project 'Lyo')
    cd /Users/hectorgarcia/LYO_Da_ONE
    

SwiftCompile normal x86_64 /Users/hectorgarcia/LYO_Da_ONE/Sources/Components/AITutor/LioOrbView.swift (in target 'Lyo' from project 'Lyo')
    cd /Users/hectorgarcia/LYO_Da_ONE
    

SwiftCompile normal x86_64 /Users/hectorgarcia/LYO_Da_ONE/Sources/Views/Main/Classroom/LiveClassroomView.swift (in target 'Lyo' from project 'Lyo')
    cd /Users/hectorgarcia/LYO_Da_ONE
    

SwiftCompile normal x86_64 /Users/hectorgarcia/LYO_Da_ONE/Sources/ViewModels/LiveClassroomViewModel.swift (in target 'Lyo' from project 'Lyo')
    cd /Users/hectorgarcia/LYO_Da_ONE
    

SwiftCompile normal x86_64 /Users/hectorgarcia/LYO_Da_ONE/Sources/Models/LiveLessonModels.swift (in target 'Lyo' from project 'Lyo')
    cd /Users/hectorgarcia/LYO_Da_ONE
    

SwiftCompile normal x86_64 /Users/hectorgarcia/LYO_Da_ONE/Sources/Views/Auth/LoginView.swift (in target 'Lyo' from project 'Lyo')
    cd /Users/hectorgarcia/LYO_Da_ONE
    

SwiftCompile normal x86_64 /Users/hectorgarcia/LYO_Da_ONE/Sources/ViewModels/LyoAIViewModel.swift (in target 'Lyo' from project 'Lyo')
    cd /Users/hectorgarcia/LYO_Da_ONE
    

SwiftCompile normal x86_64 /Users/hectorgarcia/LYO_Da_ONE/Sources/Services/LyoAPIClient.swift (in target 'Lyo' from project 'Lyo')
    cd /Users/hectorgarcia/LYO_Da_ONE
    

SwiftCompile normal x86_64 /Users/hectorgarcia/LYO_Da_ONE/Sources/Components/Challenges/LyoAnimatedAvatarView.swift (in target 'Lyo' from project 'Lyo')
    cd /Users/hectorgarcia/LYO_Da_ONE
    

SwiftCompile normal x86_64 /Users/hectorgarcia/LYO_Da_ONE/Sources/LyoApp.swift (in target 'Lyo' from project 'Lyo')
    cd /Users/hectorgarcia/LYO_Da_ONE
    

SwiftCompile normal x86_64 /Users/hectorgarcia/LYO_Da_ONE/Sources/Components/Challenges/LyoAvatarState.swift (in target 'Lyo' from project 'Lyo')
    cd /Users/hectorgarcia/LYO_Da_ONE
    

SwiftCompile normal x86_64 /Users/hectorgarcia/LYO_Da_ONE/Sources/Views/Main/Hybrid/LyoAvatarView.swift (in target 'Lyo' from project 'Lyo')
    cd /Users/hectorgarcia/LYO_Da_ONE
    

SwiftCompile normal x86_64 /Users/hectorgarcia/LYO_Da_ONE/Sources/Models/LyoChat.swift (in target 'Lyo' from project 'Lyo')
    cd /Users/hectorgarcia/LYO_Da_ONE
    

SwiftCompile normal x86_64 /Users/hectorgarcia/LYO_Da_ONE/Sources/Core/Errors/LyoError.swift (in target 'Lyo' from project 'Lyo')
    cd /Users/hectorgarcia/LYO_Da_ONE
    

SwiftCompile normal x86_64 /Users/hectorgarcia/LYO_Da_ONE/Sources/Components/Errors/LyoErrorViews.swift (in target 'Lyo' from project 'Lyo')
    cd /Users/hectorgarcia/LYO_Da_ONE
    

SwiftCompile normal x86_64 /Users/hectorgarcia/LYO_Da_ONE/Sources/Views/Main/AITutor/LyoHomeView.swift (in target 'Lyo' from project 'Lyo')
    cd /Users/hectorgarcia/LYO_Da_ONE
    

SwiftCompile normal x86_64 /Users/hectorgarcia/LYO_Da_ONE/Sources/Components/Onboarding/LyoOnboardingSystem.swift (in target 'Lyo' from project 'Lyo')
    cd /Users/hectorgarcia/LYO_Da_ONE
    

SwiftCompile normal x86_64 /Users/hectorgarcia/LYO_Da_ONE/Sources/Services/LyoOrchestrator.swift (in target 'Lyo' from project 'Lyo')
    cd /Users/hectorgarcia/LYO_Da_ONE
    

SwiftCompile normal x86_64 /Users/hectorgarcia/LYO_Da_ONE/Sources/Views/Main/Hybrid/LyoOverlayView.swift (in target 'Lyo' from project 'Lyo')
    cd /Users/hectorgarcia/LYO_Da_ONE
    

SwiftCompile normal x86_64 /Users/hectorgarcia/LYO_Da_ONE/Sources/Services/LyoRepository.swift (in target 'Lyo' from project 'Lyo')
    cd /Users/hectorgarcia/LYO_Da_ONE
    

SwiftCompile normal x86_64 /Users/hectorgarcia/LYO_Da_ONE/Sources/Views/MainTabView.swift (in target 'Lyo' from project 'Lyo')
    cd /Users/hectorgarcia/LYO_Da_ONE
    

SwiftCompile normal x86_64 /Users/hectorgarcia/LYO_Da_ONE/Sources/Views/Community/MarketplaceListingDetailView.swift (in target 'Lyo' from project 'Lyo')
    cd /Users/hectorgarcia/LYO_Da_ONE
    

SwiftCompile normal x86_64 Compiling\ CourseGenerationModels.swift,\ CourseGenerationService.swift,\ CourseGenerationSettingsView.swift,\ CourseGenerationStreamingClient.swift,\ CourseLibraryService.swift,\ CourseModels.swift,\ CourseOrchestrator.swift,\ CourseProposalView.swift,\ CourseRoadmapBubbleView.swift,\ CourseShareService.swift,\ CourseSocialService.swift,\ CourseWizardHandler.swift,\ CrashlyticsService.swift,\ CreateCommunityItemSheet.swift,\ CreateEventView.swift,\ CreateHubView.swift,\ CreateModePicker.swift,\ CreateStoryView.swift,\ CreateViewModel.swift,\ CreationSheet.swift,\ DataService.swift,\ DefaultAIRepository.swift,\ DefaultAuthRepository.swift,\ DefaultCommunityRepository.swift,\ DefaultGamificationRepository.swift /Users/hectorgarcia/LYO_Da_ONE/Sources/Models/AI/CourseGenerationModels.swift /Users/hectorgarcia/LYO_Da_ONE/Sources/Services/CourseGenerationService.swift /Users/hectorgarcia/LYO_Da_ONE/Sources/Views/AI/CourseGenerationSettingsView.swift /Users/hectorgarcia/LYO_Da_ONE/Sources/Services/CourseGenerationStreamingClient.swift /Users/hectorgarcia/LYO_Da_ONE/Sources/Core/Services/CourseLibraryService.swift /Users/hectorgarcia/LYO_Da_ONE/Sources/Models/CourseModels.swift /Users/hectorgarcia/LYO_Da_ONE/Sources/Services/A2UI/CourseOrchestrator.swift /Users/hectorgarcia/LYO_Da_ONE/Sources/Components/AITutor/CourseProposalView.swift /Users/hectorgarcia/LYO_Da_ONE/Sources/Views/Chat/CourseRoadmapBubbleView.swift /Users/hectorgarcia/LYO_Da_ONE/Sources/Core/Services/CourseShareService.swift /Users/hectorgarcia/LYO_Da_ONE/Sources/Core/Services/CourseSocialService.swift /Users/hectorgarcia/LYO_Da_ONE/Sources/Services/CourseWizardHandler.swift /Users/hectorgarcia/LYO_Da_ONE/Sources/Services/CrashlyticsService.swift /Users/hectorgarcia/LYO_Da_ONE/Sources/Views/Community/CreateCommunityItemSheet.swift /Users/hectorgarcia/LYO_Da_ONE/Sources/Views/Main/CreateEventView.swift /Users/hectorgarcia/LYO_Da_ONE/Sources/Views/Main/Creation/CreateHubView.swift /Users/hectorgarcia/LYO_Da_ONE/Sources/Views/Main/Creation/CreateModePicker.swift /Users/hectorgarcia/LYO_Da_ONE/Sources/Views/Components/Stories/CreateStoryView.swift /Users/hectorgarcia/LYO_Da_ONE/Sources/ViewModels/CreateViewModel.swift /Users/hectorgarcia/LYO_Da_ONE/Sources/Views/Main/Creation/CreationSheet.swift /Users/hectorgarcia/LYO_Da_ONE/Sources/Services/DataService.swift /Users/hectorgarcia/LYO_Da_ONE/Sources/Services/Repositories/DefaultAIRepository.swift /Users/hectorgarcia/LYO_Da_ONE/Sources/Services/Repositories/DefaultAuthRepository.swift /Users/hectorgarcia/LYO_Da_ONE/Sources/Services/Repositories/DefaultCommunityRepository.swift /Users/hectorgarcia/LYO_Da_ONE/Sources/Services/Repositories/DefaultGamificationRepository.swift (in target 'Lyo' from project 'Lyo')

SwiftCompile normal x86_64 /Users/hectorgarcia/LYO_Da_ONE/Sources/Models/AI/CourseGenerationModels.swift (in target 'Lyo' from project 'Lyo')
    cd /Users/hectorgarcia/LYO_Da_ONE
    

SwiftCompile normal x86_64 /Users/hectorgarcia/LYO_Da_ONE/Sources/Services/CourseGenerationService.swift (in target 'Lyo' from project 'Lyo')
    cd /Users/hectorgarcia/LYO_Da_ONE
    

SwiftCompile normal x86_64 /Users/hectorgarcia/LYO_Da_ONE/Sources/Views/AI/CourseGenerationSettingsView.swift (in target 'Lyo' from project 'Lyo')
    cd /Users/hectorgarcia/LYO_Da_ONE
    

SwiftCompile normal x86_64 /Users/hectorgarcia/LYO_Da_ONE/Sources/Services/CourseGenerationStreamingClient.swift (in target 'Lyo' from project 'Lyo')
    cd /Users/hectorgarcia/LYO_Da_ONE
    

SwiftCompile normal x86_64 /Users/hectorgarcia/LYO_Da_ONE/Sources/Core/Services/CourseLibraryService.swift (in target 'Lyo' from project 'Lyo')
    cd /Users/hectorgarcia/LYO_Da_ONE
    

SwiftCompile normal x86_64 /Users/hectorgarcia/LYO_Da_ONE/Sources/Models/CourseModels.swift (in target 'Lyo' from project 'Lyo')
    cd /Users/hectorgarcia/LYO_Da_ONE
    

SwiftCompile normal x86_64 /Users/hectorgarcia/LYO_Da_ONE/Sources/Services/A2UI/CourseOrchestrator.swift (in target 'Lyo' from project 'Lyo')
    cd /Users/hectorgarcia/LYO_Da_ONE
    

SwiftCompile normal x86_64 /Users/hectorgarcia/LYO_Da_ONE/Sources/Components/AITutor/CourseProposalView.swift (in target 'Lyo' from project 'Lyo')
    cd /Users/hectorgarcia/LYO_Da_ONE
    

SwiftCompile normal x86_64 /Users/hectorgarcia/LYO_Da_ONE/Sources/Views/Chat/CourseRoadmapBubbleView.swift (in target 'Lyo' from project 'Lyo')
    cd /Users/hectorgarcia/LYO_Da_ONE
    

SwiftCompile normal x86_64 /Users/hectorgarcia/LYO_Da_ONE/Sources/Core/Services/CourseShareService.swift (in target 'Lyo' from project 'Lyo')
    cd /Users/hectorgarcia/LYO_Da_ONE
    

SwiftCompile normal x86_64 /Users/hectorgarcia/LYO_Da_ONE/Sources/Core/Services/CourseSocialService.swift (in target 'Lyo' from project 'Lyo')
    cd /Users/hectorgarcia/LYO_Da_ONE
    

SwiftCompile normal x86_64 /Users/hectorgarcia/LYO_Da_ONE/Sources/Services/CourseWizardHandler.swift (in target 'Lyo' from project 'Lyo')
    cd /Users/hectorgarcia/LYO_Da_ONE
    

SwiftCompile normal x86_64 /Users/hectorgarcia/LYO_Da_ONE/Sources/Services/CrashlyticsService.swift (in target 'Lyo' from project 'Lyo')
    cd /Users/hectorgarcia/LYO_Da_ONE
    

SwiftCompile normal x86_64 /Users/hectorgarcia/LYO_Da_ONE/Sources/Views/Community/CreateCommunityItemSheet.swift (in target 'Lyo' from project 'Lyo')
    cd /Users/hectorgarcia/LYO_Da_ONE
    

SwiftCompile normal x86_64 /Users/hectorgarcia/LYO_Da_ONE/Sources/Views/Main/CreateEventView.swift (in target 'Lyo' from project 'Lyo')
    cd /Users/hectorgarcia/LYO_Da_ONE
    

SwiftCompile normal x86_64 /Users/hectorgarcia/LYO_Da_ONE/Sources/Views/Main/Creation/CreateHubView.swift (in target 'Lyo' from project 'Lyo')
    cd /Users/hectorgarcia/LYO_Da_ONE
    

SwiftCompile normal x86_64 /Users/hectorgarcia/LYO_Da_ONE/Sources/Views/Main/Creation/CreateModePicker.swift (in target 'Lyo' from project 'Lyo')
    cd /Users/hectorgarcia/LYO_Da_ONE
    

SwiftCompile normal x86_64 /Users/hectorgarcia/LYO_Da_ONE/Sources/Views/Components/Stories/CreateStoryView.swift (in target 'Lyo' from project 'Lyo')
    cd /Users/hectorgarcia/LYO_Da_ONE
    

SwiftCompile normal x86_64 /Users/hectorgarcia/LYO_Da_ONE/Sources/ViewModels/CreateViewModel.swift (in target 'Lyo' from project 'Lyo')
    cd /Users/hectorgarcia/LYO_Da_ONE
    

SwiftCompile normal x86_64 /Users/hectorgarcia/LYO_Da_ONE/Sources/Views/Main/Creation/CreationSheet.swift (in target 'Lyo' from project 'Lyo')
    cd /Users/hectorgarcia/LYO_Da_ONE
    

SwiftCompile normal x86_64 /Users/hectorgarcia/LYO_Da_ONE/Sources/Services/DataService.swift (in target 'Lyo' from project 'Lyo')
    cd /Users/hectorgarcia/LYO_Da_ONE
    

SwiftCompile normal x86_64 /Users/hectorgarcia/LYO_Da_ONE/Sources/Services/Repositories/DefaultAIRepository.swift (in target 'Lyo' from project 'Lyo')
    cd /Users/hectorgarcia/LYO_Da_ONE
    

SwiftCompile normal x86_64 /Users/hectorgarcia/LYO_Da_ONE/Sources/Services/Repositories/DefaultAuthRepository.swift (in target 'Lyo' from project 'Lyo')
    cd /Users/hectorgarcia/LYO_Da_ONE
    

SwiftCompile normal x86_64 /Users/hectorgarcia/LYO_Da_ONE/Sources/Services/Repositories/DefaultCommunityRepository.swift (in target 'Lyo' from project 'Lyo')
    cd /Users/hectorgarcia/LYO_Da_ONE
    

SwiftCompile normal x86_64 /Users/hectorgarcia/LYO_Da_ONE/Sources/Services/Repositories/DefaultGamificationRepository.swift (in target 'Lyo' from project 'Lyo')
    cd /Users/hectorgarcia/LYO_Da_ONE
    

PrecompileModule /Users/hectorgarcia/Library/Developer/Xcode/DerivedData/Build/Intermediates.noindex/ExplicitPrecompiledModules/simd-9DQ6SSV9NFN39ZQUY33WAT883.scan
    cd /
    builtin-precompileModule /Users/hectorgarcia/Library/Developer/Xcode/DerivedData/Build/Intermediates.noindex/ExplicitPrecompiledModules/simd-9DQ6SSV9NFN39ZQUY33WAT883.scan

SwiftCompile normal x86_64 Compiling\ QuickExplainerView.swift,\ QuizOverlayView.swift,\ QuizView.swift,\ QuizViewModel.swift,\ ReelActionStrip.swift,\ ReelHeaderView.swift,\ ReelInfoOverlay.swift,\ RegisterView.swift,\ RepositoryProtocols.swift,\ ReteachOverlay.swift,\ ReviewInputView.swift,\ ReviewListView.swift,\ ReviewService.swift,\ RootViewModel.swift,\ SaaSHeaders.swift,\ SaaSService.swift,\ Secrets.swift,\ SettingsView.swift,\ ShapeExtensions.swift,\ SharedCourseCard.swift,\ ShimmerEffect.swift,\ ShimmerModifier.swift,\ SimpleVideoContextSheet.swift,\ SmartMemoryService.swift /Users/hectorgarcia/LYO_Da_ONE/Sources/Components/AITutor/QuickExplainerView.swift /Users/hectorgarcia/LYO_Da_ONE/Sources/Views/Main/ReelComponents/QuizOverlayView.swift /Users/hectorgarcia/LYO_Da_ONE/Sources/Views/Learning/QuizView.swift /Users/hectorgarcia/LYO_Da_ONE/Sources/ViewModels/QuizViewModel.swift /Users/hectorgarcia/LYO_Da_ONE/Sources/Views/Main/ReelComponents/ReelActionStrip.swift /Users/hectorgarcia/LYO_Da_ONE/Sources/Views/Main/ReelComponents/ReelHeaderView.swift /Users/hectorgarcia/LYO_Da_ONE/Sources/Views/Main/ReelComponents/ReelInfoOverlay.swift /Users/hectorgarcia/LYO_Da_ONE/Sources/Views/Auth/RegisterView.swift /Users/hectorgarcia/LYO_Da_ONE/Sources/Services/Repositories/RepositoryProtocols.swift /Users/hectorgarcia/LYO_Da_ONE/Sources/Components/Classroom/ReteachOverlay.swift /Users/hectorgarcia/LYO_Da_ONE/Sources/Views/Community/ReviewInputView.swift /Users/hectorgarcia/LYO_Da_ONE/Sources/Views/Community/ReviewListView.swift /Users/hectorgarcia/LYO_Da_ONE/Sources/Services/ReviewService.swift /Users/hectorgarcia/LYO_Da_ONE/Sources/ViewModels/RootViewModel.swift /Users/hectorgarcia/LYO_Da_ONE/Sources/Core/Networking/SaaSHeaders.swift /Users/hectorgarcia/LYO_Da_ONE/Sources/Services/SaaSService.swift /Users/hectorgarcia/LYO_Da_ONE/Sources/Core/Configuration/Secrets.swift /Users/hectorgarcia/LYO_Da_ONE/Sources/Views/SettingsView.swift /Users/hectorgarcia/LYO_Da_ONE/Sources/Utils/ShapeExtensions.swift /Users/hectorgarcia/LYO_Da_ONE/Sources/Views/Community/Components/SharedCourseCard.swift /Users/hectorgarcia/LYO_Da_ONE/Sources/Components/Premium/ShimmerEffect.swift /Users/hectorgarcia/LYO_Da_ONE/Sources/Utils/ShimmerModifier.swift /Users/hectorgarcia/LYO_Da_ONE/Sources/Views/Main/SimpleVideoContextSheet.swift /Users/hectorgarcia/LYO_Da_ONE/Sources/Services/SmartMemoryService.swift (in target 'Lyo' from project 'Lyo')

SwiftCompile normal x86_64 /Users/hectorgarcia/LYO_Da_ONE/Sources/Components/AITutor/QuickExplainerView.swift (in target 'Lyo' from project 'Lyo')
    cd /Users/hectorgarcia/LYO_Da_ONE
    

SwiftCompile normal x86_64 /Users/hectorgarcia/LYO_Da_ONE/Sources/Views/Main/ReelComponents/QuizOverlayView.swift (in target 'Lyo' from project 'Lyo')
    cd /Users/hectorgarcia/LYO_Da_ONE
    

SwiftCompile normal x86_64 /Users/hectorgarcia/LYO_Da_ONE/Sources/Views/Learning/QuizView.swift (in target 'Lyo' from project 'Lyo')
    cd /Users/hectorgarcia/LYO_Da_ONE
    

SwiftCompile normal x86_64 /Users/hectorgarcia/LYO_Da_ONE/Sources/ViewModels/QuizViewModel.swift (in target 'Lyo' from project 'Lyo')
    cd /Users/hectorgarcia/LYO_Da_ONE
    

SwiftCompile normal x86_64 /Users/hectorgarcia/LYO_Da_ONE/Sources/Views/Main/ReelComponents/ReelActionStrip.swift (in target 'Lyo' from project 'Lyo')
    cd /Users/hectorgarcia/LYO_Da_ONE
    

SwiftCompile normal x86_64 /Users/hectorgarcia/LYO_Da_ONE/Sources/Views/Main/ReelComponents/ReelHeaderView.swift (in target 'Lyo' from project 'Lyo')
    cd /Users/hectorgarcia/LYO_Da_ONE
    

SwiftCompile normal x86_64 /Users/hectorgarcia/LYO_Da_ONE/Sources/Views/Main/ReelComponents/ReelInfoOverlay.swift (in target 'Lyo' from project 'Lyo')
    cd /Users/hectorgarcia/LYO_Da_ONE
    

SwiftCompile normal x86_64 /Users/hectorgarcia/LYO_Da_ONE/Sources/Views/Auth/RegisterView.swift (in target 'Lyo' from project 'Lyo')
    cd /Users/hectorgarcia/LYO_Da_ONE
    

SwiftCompile normal x86_64 /Users/hectorgarcia/LYO_Da_ONE/Sources/Services/Repositories/RepositoryProtocols.swift (in target 'Lyo' from project 'Lyo')
    cd /Users/hectorgarcia/LYO_Da_ONE
    

SwiftCompile normal x86_64 /Users/hectorgarcia/LYO_Da_ONE/Sources/Components/Classroom/ReteachOverlay.swift (in target 'Lyo' from project 'Lyo')
    cd /Users/hectorgarcia/LYO_Da_ONE
    

SwiftCompile normal x86_64 /Users/hectorgarcia/LYO_Da_ONE/Sources/Views/Community/ReviewInputView.swift (in target 'Lyo' from project 'Lyo')
    cd /Users/hectorgarcia/LYO_Da_ONE
    

SwiftCompile normal x86_64 /Users/hectorgarcia/LYO_Da_ONE/Sources/Views/Community/ReviewListView.swift (in target 'Lyo' from project 'Lyo')
    cd /Users/hectorgarcia/LYO_Da_ONE
    

SwiftCompile normal x86_64 /Users/hectorgarcia/LYO_Da_ONE/Sources/Services/ReviewService.swift (in target 'Lyo' from project 'Lyo')
    cd /Users/hectorgarcia/LYO_Da_ONE
    

SwiftCompile normal x86_64 /Users/hectorgarcia/LYO_Da_ONE/Sources/ViewModels/RootViewModel.swift (in target 'Lyo' from project 'Lyo')
    cd /Users/hectorgarcia/LYO_Da_ONE
    

SwiftCompile normal x86_64 /Users/hectorgarcia/LYO_Da_ONE/Sources/Core/Networking/SaaSHeaders.swift (in target 'Lyo' from project 'Lyo')
    cd /Users/hectorgarcia/LYO_Da_ONE
    

SwiftCompile normal x86_64 /Users/hectorgarcia/LYO_Da_ONE/Sources/Services/SaaSService.swift (in target 'Lyo' from project 'Lyo')
    cd /Users/hectorgarcia/LYO_Da_ONE
    

SwiftCompile normal x86_64 /Users/hectorgarcia/LYO_Da_ONE/Sources/Core/Configuration/Secrets.swift (in target 'Lyo' from project 'Lyo')
    cd /Users/hectorgarcia/LYO_Da_ONE
    

SwiftCompile normal x86_64 /Users/hectorgarcia/LYO_Da_ONE/Sources/Views/SettingsView.swift (in target 'Lyo' from project 'Lyo')
    cd /Users/hectorgarcia/LYO_Da_ONE
    

SwiftCompile normal x86_64 /Users/hectorgarcia/LYO_Da_ONE/Sources/Utils/ShapeExtensions.swift (in target 'Lyo' from project 'Lyo')
    cd /Users/hectorgarcia/LYO_Da_ONE
    

SwiftCompile normal x86_64 /Users/hectorgarcia/LYO_Da_ONE/Sources/Views/Community/Components/SharedCourseCard.swift (in target 'Lyo' from project 'Lyo')
    cd /Users/hectorgarcia/LYO_Da_ONE
    

SwiftCompile normal x86_64 /Users/hectorgarcia/LYO_Da_ONE/Sources/Components/Premium/ShimmerEffect.swift (in target 'Lyo' from project 'Lyo')
    cd /Users/hectorgarcia/LYO_Da_ONE
    

SwiftCompile normal x86_64 /Users/hectorgarcia/LYO_Da_ONE/Sources/Utils/ShimmerModifier.swift (in target 'Lyo' from project 'Lyo')
    cd /Users/hectorgarcia/LYO_Da_ONE
    

SwiftCompile normal x86_64 /Users/hectorgarcia/LYO_Da_ONE/Sources/Views/Main/SimpleVideoContextSheet.swift (in target 'Lyo' from project 'Lyo')
    cd /Users/hectorgarcia/LYO_Da_ONE
    

SwiftCompile normal x86_64 /Users/hectorgarcia/LYO_Da_ONE/Sources/Services/SmartMemoryService.swift (in target 'Lyo' from project 'Lyo')
    cd /Users/hectorgarcia/LYO_Da_ONE
    

CompileC /Users/hectorgarcia/Library/Developer/Xcode/DerivedData/Build/Intermediates.noindex/Firebase.build/Debug-iphonesimulator/FirebaseCore.build/Objects-normal/x86_64/FIRApp.o /Users/hectorgarcia/Library/Developer/Xcode/DerivedData/Lyo-eagkiegzrakogpczynhkaholsscs/SourcePackages/checkouts/firebase-ios-sdk/FirebaseCore/Sources/FIRApp.m normal x86_64 objective-c com.apple.compilers.llvm.clang.1_0.compiler (in target 'FirebaseCore' from project 'Firebase')
    cd /Users/hectorgarcia/LYO_Da_ONE/Lyo.xcodeproj
    
    Using response file: /Users/hectorgarcia/Library/Developer/Xcode/DerivedData/Build/Intermediates.noindex/Firebase.build/Debug-iphonesimulator/FirebaseCore.build/Objects-normal/x86_64/e6072d4f65d7061329687fe24e3d63a7-common-args.resp
    
    /Users/hectorgarcia/Downloads/Xcode.app/Contents/Developer/Toolchains/XcodeDefault.xctoolchain/usr/bin/clang -x objective-c -ivfsstatcache /Users/hectorgarcia/Library/Developer/Xcode/DerivedData/SDKStatCaches.noindex/iphonesimulator26.2-23C53-823d3e8b6e60bc2018c189d3ca05ba9b.sdkstatcache -fmessage-length\=0 -fdiagnostics-show-note-include-stack -fmacro-backtrace-limit\=0 -fno-color-diagnostics -fmodules-prune-interval\=86400 -fmodules-prune-after\=345600 -fbuild-session-file\=/Users/hectorgarcia/Library/Developer/Xcode/DerivedData/ModuleCache.noindex/Session.modulevalidation -fmodules-validate-once-per-build-session -Wnon-modular-include-in-framework-module -Werror\=non-modular-include-in-framework-module -Wno-trigraphs -Wno-missing-field-initializers -Wno-missing-prototypes -Wno-return-type -Wno-implicit-atomic-properties -Wno-objc-interface-ivars -Wno-arc-repeated-use-of-weak -Wno-missing-braces -Wparentheses -Wswitch -Wno-unused-function -Wno-unused-label -Wno-unused-parameter -Wno-unused-variable -Wunused-value -Wno-empty-body -Wno-uninitialized -Wno-unknown-pragmas -w -Wno-shadow -Wno-four-char-constants -Wno-conversion -Wno-constant-conversion -Wno-int-conversion -Wno-bool-conversion -Wno-enum-conversion -Wno-float-conversion -Wno-non-literal-null-conversion -Wno-objc-literal-conversion -Wshorten-64-to-32 -Wpointer-sign -Wno-newline-eof -Wno-selector -Wno-strict-selector-match -Wno-undeclared-selector -Wno-deprecated-implementations -Wno-implicit-fallthrough -fstrict-aliasing -Wprotocol -Wdeprecated-declarations -Wno-sign-conversion -Wno-infinite-recursion -Wno-comma -Wno-block-capture-autoreleasing -Wno-strict-prototypes -Wno-semicolon-before-method-body -index-store-path /Users/hectorgarcia/Library/Developer/Xcode/DerivedData/Lyo-eagkiegzrakogpczynhkaholsscs/Index.noindex/DataStore @/Users/hectorgarcia/Library/Developer/Xcode/DerivedData/Build/Intermediates.noindex/Firebase.build/Debug-iphonesimulator/FirebaseCore.build/Objects-normal/x86_64/e6072d4f65d7061329687fe24e3d63a7-common-args.resp -include /Users/hectorgarcia/Library/Developer/Xcode/DerivedData/Build/Intermediates.noindex/Firebase.build/Debug-iphonesimulator/FirebaseCore.build/DerivedSources/resource_bundle_accessor.h -MMD -MT dependencies -MF /Users/hectorgarcia/Library/Developer/Xcode/DerivedData/Build/Intermediates.noindex/Firebase.build/Debug-iphonesimulator/FirebaseCore.build/Objects-normal/x86_64/FIRApp.d --serialize-diagnostics /Users/hectorgarcia/Library/Developer/Xcode/DerivedData/Build/Intermediates.noindex/Firebase.build/Debug-iphonesimulator/FirebaseCore.build/Objects-normal/x86_64/FIRApp.dia -c /Users/hectorgarcia/Library/Developer/Xcode/DerivedData/Lyo-eagkiegzrakogpczynhkaholsscs/SourcePackages/checkouts/firebase-ios-sdk/FirebaseCore/Sources/FIRApp.m -o /Users/hectorgarcia/Library/Developer/Xcode/DerivedData/Build/Intermediates.noindex/Firebase.build/Debug-iphonesimulator/FirebaseCore.build/Objects-normal/x86_64/FIRApp.o -index-unit-output-path /Firebase.build/Debug-iphonesimulator/FirebaseCore.build/Objects-normal/x86_64/FIRApp.o

PrecompileModule /Users/hectorgarcia/Library/Developer/Xcode/DerivedData/Build/Intermediates.noindex/ExplicitPrecompiledModules/ModelIO-7NPA7GSMLWGSKRVS2SIQ3VM4C.scan
    cd /
    builtin-precompileModule /Users/hectorgarcia/Library/Developer/Xcode/DerivedData/Build/Intermediates.noindex/ExplicitPrecompiledModules/ModelIO-7NPA7GSMLWGSKRVS2SIQ3VM4C.scan

PrecompileModule /Users/hectorgarcia/Library/Developer/Xcode/DerivedData/Build/Intermediates.noindex/ExplicitPrecompiledModules/AVFoundation-75JLHC3WO2E218FO5BY16VUZC.scan
    cd /
    builtin-precompileModule /Users/hectorgarcia/Library/Developer/Xcode/DerivedData/Build/Intermediates.noindex/ExplicitPrecompiledModules/AVFoundation-75JLHC3WO2E218FO5BY16VUZC.scan

PrecompileModule /Users/hectorgarcia/Library/Developer/Xcode/DerivedData/Build/Intermediates.noindex/ExplicitPrecompiledModules/GLKit-4TFG42N1YM6BD6KLKOYD91AGP.scan
    cd /
    builtin-precompileModule /Users/hectorgarcia/Library/Developer/Xcode/DerivedData/Build/Intermediates.noindex/ExplicitPrecompiledModules/GLKit-4TFG42N1YM6BD6KLKOYD91AGP.scan

PrecompileModule /Users/hectorgarcia/Library/Developer/Xcode/DerivedData/Build/Intermediates.noindex/ExplicitPrecompiledModules/ReplayKit-322QEDHL9FRTP0RHYE7G9SVAZ.scan
    cd /
    builtin-precompileModule /Users/hectorgarcia/Library/Developer/Xcode/DerivedData/Build/Intermediates.noindex/ExplicitPrecompiledModules/ReplayKit-322QEDHL9FRTP0RHYE7G9SVAZ.scan

PrecompileModule /Users/hectorgarcia/Library/Developer/Xcode/DerivedData/Build/Intermediates.noindex/ExplicitPrecompiledModules/SpriteKit-AHIMMMFM9FLBYQIRJEN3ZZPJY.scan
    cd /
    builtin-precompileModule /Users/hectorgarcia/Library/Developer/Xcode/DerivedData/Build/Intermediates.noindex/ExplicitPrecompiledModules/SpriteKit-AHIMMMFM9FLBYQIRJEN3ZZPJY.scan

PrecompileModule /Users/hectorgarcia/Library/Developer/Xcode/DerivedData/Build/Intermediates.noindex/ExplicitPrecompiledModules/SceneKit-9GETDU0YKR1SLW42ZXKR8KOWF.scan
    cd /
    builtin-precompileModule /Users/hectorgarcia/Library/Developer/Xcode/DerivedData/Build/Intermediates.noindex/ExplicitPrecompiledModules/SceneKit-9GETDU0YKR1SLW42ZXKR8KOWF.scan

SwiftCompile normal x86_64 Compiling\ A2UIStateObserver.swift,\ A2UIStreamService.swift,\ A2UIStudyPlanViews.swift,\ A2UITestView.swift,\ A2UIVoiceController.swift,\ AICommandHandler.swift,\ AICommandResponse.swift,\ AIResponseParser.swift,\ APIClientTypes.swift,\ APIModels.swift,\ AccessibilityEnhancedComponents.swift,\ AccessibleLyoAvatar.swift,\ AchievementBadgeView.swift,\ AdaptiveHomeView.swift,\ AdvancedA2UIRenderer.swift,\ AgentCardService.swift,\ AllAchievementsView.swift,\ AnimatedGradient.swift,\ AnimatedLioOrb.swift,\ AnyCodable.swift,\ AppConfig.swift,\ AppNotification.swift,\ AppUIState.swift,\ AudioPlaybackService.swift,\ AuthService.swift /Users/hectorgarcia/LYO_Da_ONE/Sources/Core/A2UI/A2UIStateObserver.swift /Users/hectorgarcia/LYO_Da_ONE/Sources/Core/A2UI/A2UIStreamService.swift /Users/hectorgarcia/LYO_Da_ONE/Sources/Core/A2UI/Views/A2UIStudyPlanViews.swift /Users/hectorgarcia/LYO_Da_ONE/Sources/Views/Test/A2UITestView.swift /Users/hectorgarcia/LYO_Da_ONE/Sources/Core/A2UI/A2UIVoiceController.swift /Users/hectorgarcia/LYO_Da_ONE/Sources/Services/AICommandHandler.swift /Users/hectorgarcia/LYO_Da_ONE/Sources/Models/AICommandResponse.swift /Users/hectorgarcia/LYO_Da_ONE/Sources/Services/A2UI/AIResponseParser.swift /Users/hectorgarcia/LYO_Da_ONE/Sources/Models/APIClientTypes.swift /Users/hectorgarcia/LYO_Da_ONE/Sources/Models/APIModels.swift /Users/hectorgarcia/LYO_Da_ONE/Sources/Components/Accessibility/AccessibilityEnhancedComponents.swift /Users/hectorgarcia/LYO_Da_ONE/Sources/Components/AITutor/AccessibleLyoAvatar.swift /Users/hectorgarcia/LYO_Da_ONE/Sources/Components/Challenges/AchievementBadgeView.swift /Users/hectorgarcia/LYO_Da_ONE/Sources/Views/Main/AdaptiveHomeView.swift /Users/hectorgarcia/LYO_Da_ONE/Sources/Views/Chat/AdvancedA2UIRenderer.swift /Users/hectorgarcia/LYO_Da_ONE/Sources/Services/A2A/AgentCardService.swift /Users/hectorgarcia/LYO_Da_ONE/Sources/Views/Gamification/AllAchievementsView.swift /Users/hectorgarcia/LYO_Da_ONE/Sources/Components/Premium/AnimatedGradient.swift /Users/hectorgarcia/LYO_Da_ONE/Sources/Components/Premium/AnimatedLioOrb.swift /Users/hectorgarcia/LYO_Da_ONE/Sources/Models/AnyCodable.swift /Users/hectorgarcia/LYO_Da_ONE/Sources/Core/Configuration/AppConfig.swift /Users/hectorgarcia/LYO_Da_ONE/Sources/Models/AppNotification.swift /Users/hectorgarcia/LYO_Da_ONE/Sources/Core/AppUIState.swift /Users/hectorgarcia/LYO_Da_ONE/Sources/Services/AudioPlaybackService.swift /Users/hectorgarcia/LYO_Da_ONE/Sources/Services/AuthService.swift (in target 'Lyo' from project 'Lyo')

SwiftCompile normal x86_64 /Users/hectorgarcia/LYO_Da_ONE/Sources/Core/A2UI/A2UIStateObserver.swift (in target 'Lyo' from project 'Lyo')
    cd /Users/hectorgarcia/LYO_Da_ONE
    

SwiftCompile normal x86_64 /Users/hectorgarcia/LYO_Da_ONE/Sources/Core/A2UI/A2UIStreamService.swift (in target 'Lyo' from project 'Lyo')
    cd /Users/hectorgarcia/LYO_Da_ONE
    

SwiftCompile normal x86_64 /Users/hectorgarcia/LYO_Da_ONE/Sources/Core/A2UI/Views/A2UIStudyPlanViews.swift (in target 'Lyo' from project 'Lyo')
    cd /Users/hectorgarcia/LYO_Da_ONE
    

SwiftCompile normal x86_64 /Users/hectorgarcia/LYO_Da_ONE/Sources/Views/Test/A2UITestView.swift (in target 'Lyo' from project 'Lyo')
    cd /Users/hectorgarcia/LYO_Da_ONE
    

SwiftCompile normal x86_64 /Users/hectorgarcia/LYO_Da_ONE/Sources/Core/A2UI/A2UIVoiceController.swift (in target 'Lyo' from project 'Lyo')
    cd /Users/hectorgarcia/LYO_Da_ONE
    

SwiftCompile normal x86_64 /Users/hectorgarcia/LYO_Da_ONE/Sources/Services/AICommandHandler.swift (in target 'Lyo' from project 'Lyo')
    cd /Users/hectorgarcia/LYO_Da_ONE
    

SwiftCompile normal x86_64 /Users/hectorgarcia/LYO_Da_ONE/Sources/Models/AICommandResponse.swift (in target 'Lyo' from project 'Lyo')
    cd /Users/hectorgarcia/LYO_Da_ONE
    

SwiftCompile normal x86_64 /Users/hectorgarcia/LYO_Da_ONE/Sources/Services/A2UI/AIResponseParser.swift (in target 'Lyo' from project 'Lyo')
    cd /Users/hectorgarcia/LYO_Da_ONE
    

SwiftCompile normal x86_64 /Users/hectorgarcia/LYO_Da_ONE/Sources/Models/APIClientTypes.swift (in target 'Lyo' from project 'Lyo')
    cd /Users/hectorgarcia/LYO_Da_ONE
    

SwiftCompile normal x86_64 /Users/hectorgarcia/LYO_Da_ONE/Sources/Models/APIModels.swift (in target 'Lyo' from project 'Lyo')
    cd /Users/hectorgarcia/LYO_Da_ONE
    

SwiftCompile normal x86_64 /Users/hectorgarcia/LYO_Da_ONE/Sources/Components/Accessibility/AccessibilityEnhancedComponents.swift (in target 'Lyo' from project 'Lyo')
    cd /Users/hectorgarcia/LYO_Da_ONE
    

SwiftCompile normal x86_64 /Users/hectorgarcia/LYO_Da_ONE/Sources/Components/AITutor/AccessibleLyoAvatar.swift (in target 'Lyo' from project 'Lyo')
    cd /Users/hectorgarcia/LYO_Da_ONE
    

SwiftCompile normal x86_64 /Users/hectorgarcia/LYO_Da_ONE/Sources/Components/Challenges/AchievementBadgeView.swift (in target 'Lyo' from project 'Lyo')
    cd /Users/hectorgarcia/LYO_Da_ONE
    

SwiftCompile normal x86_64 /Users/hectorgarcia/LYO_Da_ONE/Sources/Views/Main/AdaptiveHomeView.swift (in target 'Lyo' from project 'Lyo')
    cd /Users/hectorgarcia/LYO_Da_ONE
    

SwiftCompile normal x86_64 /Users/hectorgarcia/LYO_Da_ONE/Sources/Views/Chat/AdvancedA2UIRenderer.swift (in target 'Lyo' from project 'Lyo')
    cd /Users/hectorgarcia/LYO_Da_ONE
    

SwiftCompile normal x86_64 /Users/hectorgarcia/LYO_Da_ONE/Sources/Services/A2A/AgentCardService.swift (in target 'Lyo' from project 'Lyo')
    cd /Users/hectorgarcia/LYO_Da_ONE
    

SwiftCompile normal x86_64 /Users/hectorgarcia/LYO_Da_ONE/Sources/Views/Gamification/AllAchievementsView.swift (in target 'Lyo' from project 'Lyo')
    cd /Users/hectorgarcia/LYO_Da_ONE
    

SwiftCompile normal x86_64 /Users/hectorgarcia/LYO_Da_ONE/Sources/Components/Premium/AnimatedGradient.swift (in target 'Lyo' from project 'Lyo')
    cd /Users/hectorgarcia/LYO_Da_ONE
    

SwiftCompile normal x86_64 /Users/hectorgarcia/LYO_Da_ONE/Sources/Components/Premium/AnimatedLioOrb.swift (in target 'Lyo' from project 'Lyo')
    cd /Users/hectorgarcia/LYO_Da_ONE
    

SwiftCompile normal x86_64 /Users/hectorgarcia/LYO_Da_ONE/Sources/Models/AnyCodable.swift (in target 'Lyo' from project 'Lyo')
    cd /Users/hectorgarcia/LYO_Da_ONE
    

SwiftCompile normal x86_64 /Users/hectorgarcia/LYO_Da_ONE/Sources/Core/Configuration/AppConfig.swift (in target 'Lyo' from project 'Lyo')
    cd /Users/hectorgarcia/LYO_Da_ONE
    

SwiftCompile normal x86_64 /Users/hectorgarcia/LYO_Da_ONE/Sources/Models/AppNotification.swift (in target 'Lyo' from project 'Lyo')
    cd /Users/hectorgarcia/LYO_Da_ONE
    

SwiftCompile normal x86_64 /Users/hectorgarcia/LYO_Da_ONE/Sources/Core/AppUIState.swift (in target 'Lyo' from project 'Lyo')
    cd /Users/hectorgarcia/LYO_Da_ONE
    

SwiftCompile normal x86_64 /Users/hectorgarcia/LYO_Da_ONE/Sources/Services/AudioPlaybackService.swift (in target 'Lyo' from project 'Lyo')
    cd /Users/hectorgarcia/LYO_Da_ONE
    

SwiftCompile normal x86_64 /Users/hectorgarcia/LYO_Da_ONE/Sources/Services/AuthService.swift (in target 'Lyo' from project 'Lyo')
    cd /Users/hectorgarcia/LYO_Da_ONE
    

PrecompileModule /Users/hectorgarcia/Library/Developer/Xcode/DerivedData/Build/Intermediates.noindex/ExplicitPrecompiledModules/GameplayKit-AD5VCO9F4P2AVDRJZSPZPSPVR.scan
    cd /
    builtin-precompileModule /Users/hectorgarcia/Library/Developer/Xcode/DerivedData/Build/Intermediates.noindex/ExplicitPrecompiledModules/GameplayKit-AD5VCO9F4P2AVDRJZSPZPSPVR.scan

** BUILD FAILED **


The following build commands failed:
	SwiftEmitModule normal x86_64 Emitting\ module\ for\ Lyo (in target 'Lyo' from project 'Lyo')
	EmitSwiftModule normal x86_64 (in target 'Lyo' from project 'Lyo')
	Building project Lyo with scheme Lyo
(3 failures)
